[2026-06-02 19:28:28,150][jax._src.xla_bridge][INFO] - Unable to initialize backend 'rocm': module 'jaxlib.xla_extension' has no attribute 'GpuAllocatorConfig'
[2026-06-02 19:28:28,156][jax._src.xla_bridge][INFO] - Unable to initialize backend 'tpu': INTERNAL: Failed to open libtpu.so: libtpu.so: cannot open shared object file: No such file or directory
[2026-06-02 19:28:36,514][src.modRNN.training.alignment][INFO] - Starting alignment experiment: training with diffusion, measuring alignment of ['BPTT', 'eprop', 'diffusion_aligned', 'diffusion_per_step', 'diffusion_fixed'] every 50 epochs.
[2026-06-02 19:28:41,891][src.modRNN.training.alignment][INFO] - epoch 1  train loss=0.6937  (rule: diffusion)
[2026-06-02 19:28:44,393][src.modRNN.training.alignment][INFO] -   align BPTT @ epoch 1: cos {'ALIFCell_0.input_weights': '0.000', 'ALIFCell_0.recurrent_weights': '0.000', 'ReadOut_0.readout_weights': '0.000'}
[2026-06-02 19:28:46,104][src.modRNN.training.alignment][INFO] -   align eprop @ epoch 1: cos {'ALIFCell_0.input_weights': '0.194', 'ALIFCell_0.recurrent_weights': '0.380', 'ReadOut_0.readout_weights': '0.000'}
[2026-06-02 19:28:48,359][src.modRNN.training.alignment][INFO] -   align diffusion_aligned @ epoch 1: cos {'ALIFCell_0.input_weights': '0.326', 'ALIFCell_0.recurrent_weights': '0.800', 'ReadOut_0.readout_weights': '0.000'}
[2026-06-02 19:28:52,782][src.modRNN.training.alignment][INFO] -   align diffusion_per_step @ epoch 1: cos {'ALIFCell_0.input_weights': '0.197', 'ALIFCell_0.recurrent_weights': '0.391', 'ReadOut_0.readout_weights': '0.000'}
[2026-06-02 19:28:55,028][src.modRNN.training.alignment][INFO] -   align diffusion_fixed @ epoch 1: cos {'ALIFCell_0.input_weights': '0.290', 'ALIFCell_0.recurrent_weights': '0.442', 'ReadOut_0.readout_weights': '0.000'}
[2026-06-02 19:29:26,306][src.modRNN.training.alignment][INFO] - epoch 25  train loss=0.6939  (rule: diffusion)
[2026-06-02 19:29:58,908][src.modRNN.training.alignment][INFO] - epoch 50  train loss=0.6927  (rule: diffusion)
[2026-06-02 19:30:01,610][src.modRNN.training.alignment][INFO] -   align BPTT @ epoch 51: cos {'ALIFCell_0.input_weights': '0.000', 'ALIFCell_0.recurrent_weights': '0.000', 'ReadOut_0.readout_weights': '0.000'}
[2026-06-02 19:30:02,602][src.modRNN.training.alignment][INFO] -   align eprop @ epoch 51: cos {'ALIFCell_0.input_weights': '0.326', 'ALIFCell_0.recurrent_weights': '0.089', 'ReadOut_0.readout_weights': '0.000'}
[2026-06-02 19:30:03,864][src.modRNN.training.alignment][INFO] -   align diffusion_aligned @ epoch 51: cos {'ALIFCell_0.input_weights': '0.786', 'ALIFCell_0.recurrent_weights': '0.420', 'ReadOut_0.readout_weights': '0.000'}
[2026-06-02 19:30:05,992][src.modRNN.training.alignment][INFO] -   align diffusion_per_step @ epoch 51: cos {'ALIFCell_0.input_weights': '0.344', 'ALIFCell_0.recurrent_weights': '0.129', 'ReadOut_0.readout_weights': '0.000'}
[2026-06-02 19:30:07,236][src.modRNN.training.alignment][INFO] -   align diffusion_fixed @ epoch 51: cos {'ALIFCell_0.input_weights': '0.553', 'ALIFCell_0.recurrent_weights': '0.232', 'ReadOut_0.readout_weights': '0.000'}
[2026-06-02 19:30:38,659][src.modRNN.training.alignment][INFO] - epoch 75  train loss=0.6935  (rule: diffusion)
[2026-06-02 19:31:11,435][src.modRNN.training.alignment][INFO] - epoch 100  train loss=0.6930  (rule: diffusion)
[2026-06-02 19:31:14,154][src.modRNN.training.alignment][INFO] -   align BPTT @ epoch 101: cos {'ALIFCell_0.input_weights': '0.000', 'ALIFCell_0.recurrent_weights': '0.000', 'ReadOut_0.readout_weights': '0.000'}
[2026-06-02 19:31:15,149][src.modRNN.training.alignment][INFO] -   align eprop @ epoch 101: cos {'ALIFCell_0.input_weights': '0.613', 'ALIFCell_0.recurrent_weights': '0.431', 'ReadOut_0.readout_weights': '0.000'}
[2026-06-02 19:31:16,417][src.modRNN.training.alignment][INFO] -   align diffusion_aligned @ epoch 101: cos {'ALIFCell_0.input_weights': '0.774', 'ALIFCell_0.recurrent_weights': '0.645', 'ReadOut_0.readout_weights': '0.000'}
[2026-06-02 19:31:18,557][src.modRNN.training.alignment][INFO] -   align diffusion_per_step @ epoch 101: cos {'ALIFCell_0.input_weights': '0.637', 'ALIFCell_0.recurrent_weights': '0.452', 'ReadOut_0.readout_weights': '0.000'}
[2026-06-02 19:31:19,806][src.modRNN.training.alignment][INFO] -   align diffusion_fixed @ epoch 101: cos {'ALIFCell_0.input_weights': '0.627', 'ALIFCell_0.recurrent_weights': '0.408', 'ReadOut_0.readout_weights': '0.000'}
[2026-06-02 19:31:51,355][src.modRNN.training.alignment][INFO] - epoch 125  train loss=0.6884  (rule: diffusion)
[2026-06-02 19:32:24,258][src.modRNN.training.alignment][INFO] - epoch 150  train loss=0.6942  (rule: diffusion)
[2026-06-02 19:32:26,979][src.modRNN.training.alignment][INFO] -   align BPTT @ epoch 151: cos {'ALIFCell_0.input_weights': '0.000', 'ALIFCell_0.recurrent_weights': '0.000', 'ReadOut_0.readout_weights': '0.000'}
[2026-06-02 19:32:27,974][src.modRNN.training.alignment][INFO] -   align eprop @ epoch 151: cos {'ALIFCell_0.input_weights': '1.033', 'ALIFCell_0.recurrent_weights': '0.318', 'ReadOut_0.readout_weights': '0.000'}
[2026-06-02 19:32:29,245][src.modRNN.training.alignment][INFO] -   align diffusion_aligned @ epoch 151: cos {'ALIFCell_0.input_weights': '0.870', 'ALIFCell_0.recurrent_weights': '0.346', 'ReadOut_0.readout_weights': '0.000'}
[2026-06-02 19:32:31,402][src.modRNN.training.alignment][INFO] -   align diffusion_per_step @ epoch 151: cos {'ALIFCell_0.input_weights': '0.996', 'ALIFCell_0.recurrent_weights': '0.315', 'ReadOut_0.readout_weights': '0.000'}
[2026-06-02 19:32:32,668][src.modRNN.training.alignment][INFO] -   align diffusion_fixed @ epoch 151: cos {'ALIFCell_0.input_weights': '0.923', 'ALIFCell_0.recurrent_weights': '0.333', 'ReadOut_0.readout_weights': '0.000'}
[2026-06-02 19:33:04,395][src.modRNN.training.alignment][INFO] - epoch 175  train loss=0.6944  (rule: diffusion)
[2026-06-02 19:33:37,530][src.modRNN.training.alignment][INFO] - epoch 200  train loss=0.6692  (rule: diffusion)
[2026-06-02 19:33:40,257][src.modRNN.training.alignment][INFO] -   align BPTT @ epoch 201: cos {'ALIFCell_0.input_weights': '0.000', 'ALIFCell_0.recurrent_weights': '0.000', 'ReadOut_0.readout_weights': '0.000'}
[2026-06-02 19:33:41,255][src.modRNN.training.alignment][INFO] -   align eprop @ epoch 201: cos {'ALIFCell_0.input_weights': '1.326', 'ALIFCell_0.recurrent_weights': '0.797', 'ReadOut_0.readout_weights': '0.000'}
[2026-06-02 19:33:42,528][src.modRNN.training.alignment][INFO] -   align diffusion_aligned @ epoch 201: cos {'ALIFCell_0.input_weights': '1.391', 'ALIFCell_0.recurrent_weights': '0.804', 'ReadOut_0.readout_weights': '0.000'}
[2026-06-02 19:33:44,677][src.modRNN.training.alignment][INFO] -   align diffusion_per_step @ epoch 201: cos {'ALIFCell_0.input_weights': '1.270', 'ALIFCell_0.recurrent_weights': '0.793', 'ReadOut_0.readout_weights': '0.000'}
[2026-06-02 19:33:45,930][src.modRNN.training.alignment][INFO] -   align diffusion_fixed @ epoch 201: cos {'ALIFCell_0.input_weights': '1.272', 'ALIFCell_0.recurrent_weights': '0.812', 'ReadOut_0.readout_weights': '0.000'}
[2026-06-02 19:34:17,686][src.modRNN.training.alignment][INFO] - epoch 225  train loss=0.6468  (rule: diffusion)
[2026-06-02 19:34:50,739][src.modRNN.training.alignment][INFO] - epoch 250  train loss=0.6199  (rule: diffusion)
[2026-06-02 19:34:53,470][src.modRNN.training.alignment][INFO] -   align BPTT @ epoch 251: cos {'ALIFCell_0.input_weights': '0.000', 'ALIFCell_0.recurrent_weights': '0.000', 'ReadOut_0.readout_weights': '0.000'}
[2026-06-02 19:34:54,467][src.modRNN.training.alignment][INFO] -   align eprop @ epoch 251: cos {'ALIFCell_0.input_weights': '1.144', 'ALIFCell_0.recurrent_weights': '0.838', 'ReadOut_0.readout_weights': '0.000'}
[2026-06-02 19:34:55,740][src.modRNN.training.alignment][INFO] -   align diffusion_aligned @ epoch 251: cos {'ALIFCell_0.input_weights': '1.178', 'ALIFCell_0.recurrent_weights': '0.865', 'ReadOut_0.readout_weights': '0.000'}
[2026-06-02 19:34:57,890][src.modRNN.training.alignment][INFO] -   align diffusion_per_step @ epoch 251: cos {'ALIFCell_0.input_weights': '1.150', 'ALIFCell_0.recurrent_weights': '0.853', 'ReadOut_0.readout_weights': '0.000'}
[2026-06-02 19:34:59,144][src.modRNN.training.alignment][INFO] -   align diffusion_fixed @ epoch 251: cos {'ALIFCell_0.input_weights': '1.136', 'ALIFCell_0.recurrent_weights': '1.031', 'ReadOut_0.readout_weights': '0.000'}
[2026-06-02 19:35:30,975][src.modRNN.training.alignment][INFO] - epoch 275  train loss=0.6062  (rule: diffusion)
[2026-06-02 19:36:04,240][src.modRNN.training.alignment][INFO] - epoch 300  train loss=0.6553  (rule: diffusion)
[2026-06-02 19:36:07,000][src.modRNN.training.alignment][INFO] -   align BPTT @ epoch 301: cos {'ALIFCell_0.input_weights': '0.000', 'ALIFCell_0.recurrent_weights': '0.000', 'ReadOut_0.readout_weights': '0.000'}
[2026-06-02 19:36:08,008][src.modRNN.training.alignment][INFO] -   align eprop @ epoch 301: cos {'ALIFCell_0.input_weights': '1.045', 'ALIFCell_0.recurrent_weights': '0.979', 'ReadOut_0.readout_weights': '0.000'}
[2026-06-02 19:36:09,294][src.modRNN.training.alignment][INFO] -   align diffusion_aligned @ epoch 301: cos {'ALIFCell_0.input_weights': '0.971', 'ALIFCell_0.recurrent_weights': '0.917', 'ReadOut_0.readout_weights': '0.000'}
[2026-06-02 19:36:11,463][src.modRNN.training.alignment][INFO] -   align diffusion_per_step @ epoch 301: cos {'ALIFCell_0.input_weights': '1.028', 'ALIFCell_0.recurrent_weights': '0.959', 'ReadOut_0.readout_weights': '0.000'}
[2026-06-02 19:36:12,734][src.modRNN.training.alignment][INFO] -   align diffusion_fixed @ epoch 301: cos {'ALIFCell_0.input_weights': '1.105', 'ALIFCell_0.recurrent_weights': '0.999', 'ReadOut_0.readout_weights': '0.000'}
[2026-06-02 19:36:44,749][src.modRNN.training.alignment][INFO] - epoch 325  train loss=0.5340  (rule: diffusion)
[2026-06-02 19:37:18,110][src.modRNN.training.alignment][INFO] - epoch 350  train loss=0.4446  (rule: diffusion)
[2026-06-02 19:37:20,869][src.modRNN.training.alignment][INFO] -   align BPTT @ epoch 351: cos {'ALIFCell_0.input_weights': '0.000', 'ALIFCell_0.recurrent_weights': '0.000', 'ReadOut_0.readout_weights': '0.000'}
[2026-06-02 19:37:21,879][src.modRNN.training.alignment][INFO] -   align eprop @ epoch 351: cos {'ALIFCell_0.input_weights': '0.985', 'ALIFCell_0.recurrent_weights': '0.692', 'ReadOut_0.readout_weights': '0.000'}
[2026-06-02 19:37:23,168][src.modRNN.training.alignment][INFO] -   align diffusion_aligned @ epoch 351: cos {'ALIFCell_0.input_weights': '1.043', 'ALIFCell_0.recurrent_weights': '0.727', 'ReadOut_0.readout_weights': '0.000'}
[2026-06-02 19:37:25,337][src.modRNN.training.alignment][INFO] -   align diffusion_per_step @ epoch 351: cos {'ALIFCell_0.input_weights': '0.998', 'ALIFCell_0.recurrent_weights': '0.711', 'ReadOut_0.readout_weights': '0.000'}
[2026-06-02 19:37:26,604][src.modRNN.training.alignment][INFO] -   align diffusion_fixed @ epoch 351: cos {'ALIFCell_0.input_weights': '1.000', 'ALIFCell_0.recurrent_weights': '0.712', 'ReadOut_0.readout_weights': '0.000'}
[2026-06-02 19:37:58,586][src.modRNN.training.alignment][INFO] - epoch 375  train loss=0.4822  (rule: diffusion)
[2026-06-02 19:38:32,003][src.modRNN.training.alignment][INFO] - epoch 400  train loss=0.4749  (rule: diffusion)
[2026-06-02 19:38:34,760][src.modRNN.training.alignment][INFO] -   align BPTT @ epoch 401: cos {'ALIFCell_0.input_weights': '0.000', 'ALIFCell_0.recurrent_weights': '0.000', 'ReadOut_0.readout_weights': '0.000'}
[2026-06-02 19:38:35,765][src.modRNN.training.alignment][INFO] -   align eprop @ epoch 401: cos {'ALIFCell_0.input_weights': '1.329', 'ALIFCell_0.recurrent_weights': '0.810', 'ReadOut_0.readout_weights': '0.000'}
[2026-06-02 19:38:37,046][src.modRNN.training.alignment][INFO] -   align diffusion_aligned @ epoch 401: cos {'ALIFCell_0.input_weights': '1.146', 'ALIFCell_0.recurrent_weights': '0.770', 'ReadOut_0.readout_weights': '0.000'}
[2026-06-02 19:38:39,213][src.modRNN.training.alignment][INFO] -   align diffusion_per_step @ epoch 401: cos {'ALIFCell_0.input_weights': '1.320', 'ALIFCell_0.recurrent_weights': '0.797', 'ReadOut_0.readout_weights': '0.000'}
[2026-06-02 19:38:40,476][src.modRNN.training.alignment][INFO] -   align diffusion_fixed @ epoch 401: cos {'ALIFCell_0.input_weights': '1.337', 'ALIFCell_0.recurrent_weights': '0.858', 'ReadOut_0.readout_weights': '0.000'}
[2026-06-02 19:39:12,490][src.modRNN.training.alignment][INFO] - epoch 425  train loss=0.5438  (rule: diffusion)
[2026-06-02 19:39:45,823][src.modRNN.training.alignment][INFO] - epoch 450  train loss=0.4899  (rule: diffusion)
[2026-06-02 19:39:48,572][src.modRNN.training.alignment][INFO] -   align BPTT @ epoch 451: cos {'ALIFCell_0.input_weights': '0.000', 'ALIFCell_0.recurrent_weights': '0.000', 'ReadOut_0.readout_weights': '0.000'}
[2026-06-02 19:39:49,581][src.modRNN.training.alignment][INFO] -   align eprop @ epoch 451: cos {'ALIFCell_0.input_weights': '1.196', 'ALIFCell_0.recurrent_weights': '0.835', 'ReadOut_0.readout_weights': '0.000'}
[2026-06-02 19:39:50,865][src.modRNN.training.alignment][INFO] -   align diffusion_aligned @ epoch 451: cos {'ALIFCell_0.input_weights': '1.146', 'ALIFCell_0.recurrent_weights': '1.169', 'ReadOut_0.readout_weights': '0.000'}
[2026-06-02 19:39:53,033][src.modRNN.training.alignment][INFO] -   align diffusion_per_step @ epoch 451: cos {'ALIFCell_0.input_weights': '1.178', 'ALIFCell_0.recurrent_weights': '0.855', 'ReadOut_0.readout_weights': '0.000'}
[2026-06-02 19:39:54,297][src.modRNN.training.alignment][INFO] -   align diffusion_fixed @ epoch 451: cos {'ALIFCell_0.input_weights': '1.155', 'ALIFCell_0.recurrent_weights': '0.980', 'ReadOut_0.readout_weights': '0.000'}
[2026-06-02 19:40:26,347][src.modRNN.training.alignment][INFO] - epoch 475  train loss=0.5125  (rule: diffusion)
[2026-06-02 19:40:59,611][src.modRNN.training.alignment][INFO] - epoch 500  train loss=0.5840  (rule: diffusion)
[2026-06-02 19:41:02,363][src.modRNN.training.alignment][INFO] -   align BPTT @ epoch 501: cos {'ALIFCell_0.input_weights': '0.000', 'ALIFCell_0.recurrent_weights': '0.000', 'ReadOut_0.readout_weights': '0.000'}
[2026-06-02 19:41:03,375][src.modRNN.training.alignment][INFO] -   align eprop @ epoch 501: cos {'ALIFCell_0.input_weights': '1.269', 'ALIFCell_0.recurrent_weights': '0.833', 'ReadOut_0.readout_weights': '0.000'}
[2026-06-02 19:41:04,661][src.modRNN.training.alignment][INFO] -   align diffusion_aligned @ epoch 501: cos {'ALIFCell_0.input_weights': '1.152', 'ALIFCell_0.recurrent_weights': '0.807', 'ReadOut_0.readout_weights': '0.000'}
[2026-06-02 19:41:06,831][src.modRNN.training.alignment][INFO] -   align diffusion_per_step @ epoch 501: cos {'ALIFCell_0.input_weights': '1.246', 'ALIFCell_0.recurrent_weights': '0.837', 'ReadOut_0.readout_weights': '0.000'}
[2026-06-02 19:41:08,097][src.modRNN.training.alignment][INFO] -   align diffusion_fixed @ epoch 501: cos {'ALIFCell_0.input_weights': '1.222', 'ALIFCell_0.recurrent_weights': '0.866', 'ReadOut_0.readout_weights': '0.000'}
[2026-06-02 19:41:40,140][src.modRNN.training.alignment][INFO] - epoch 525  train loss=0.5053  (rule: diffusion)
[2026-06-02 19:42:13,455][src.modRNN.training.alignment][INFO] - epoch 550  train loss=0.4583  (rule: diffusion)
[2026-06-02 19:42:16,216][src.modRNN.training.alignment][INFO] -   align BPTT @ epoch 551: cos {'ALIFCell_0.input_weights': '0.000', 'ALIFCell_0.recurrent_weights': '0.000', 'ReadOut_0.readout_weights': '0.000'}
[2026-06-02 19:42:17,224][src.modRNN.training.alignment][INFO] -   align eprop @ epoch 551: cos {'ALIFCell_0.input_weights': '1.154', 'ALIFCell_0.recurrent_weights': '0.876', 'ReadOut_0.readout_weights': '0.000'}
[2026-06-02 19:42:18,514][src.modRNN.training.alignment][INFO] -   align diffusion_aligned @ epoch 551: cos {'ALIFCell_0.input_weights': '0.966', 'ALIFCell_0.recurrent_weights': '0.816', 'ReadOut_0.readout_weights': '0.000'}
[2026-06-02 19:42:20,687][src.modRNN.training.alignment][INFO] -   align diffusion_per_step @ epoch 551: cos {'ALIFCell_0.input_weights': '1.129', 'ALIFCell_0.recurrent_weights': '0.880', 'ReadOut_0.readout_weights': '0.000'}
[2026-06-02 19:42:21,955][src.modRNN.training.alignment][INFO] -   align diffusion_fixed @ epoch 551: cos {'ALIFCell_0.input_weights': '1.078', 'ALIFCell_0.recurrent_weights': '0.935', 'ReadOut_0.readout_weights': '0.000'}
[2026-06-02 19:42:53,924][src.modRNN.training.alignment][INFO] - epoch 575  train loss=0.5079  (rule: diffusion)
[2026-06-02 19:43:27,328][src.modRNN.training.alignment][INFO] - epoch 600  train loss=0.3519  (rule: diffusion)
[2026-06-02 19:43:30,093][src.modRNN.training.alignment][INFO] -   align BPTT @ epoch 601: cos {'ALIFCell_0.input_weights': '0.000', 'ALIFCell_0.recurrent_weights': '0.000', 'ReadOut_0.readout_weights': '0.000'}
[2026-06-02 19:43:31,104][src.modRNN.training.alignment][INFO] -   align eprop @ epoch 601: cos {'ALIFCell_0.input_weights': '1.173', 'ALIFCell_0.recurrent_weights': '0.825', 'ReadOut_0.readout_weights': '0.000'}
[2026-06-02 19:43:32,389][src.modRNN.training.alignment][INFO] -   align diffusion_aligned @ epoch 601: cos {'ALIFCell_0.input_weights': '1.011', 'ALIFCell_0.recurrent_weights': '0.800', 'ReadOut_0.readout_weights': '0.000'}
[2026-06-02 19:43:34,564][src.modRNN.training.alignment][INFO] -   align diffusion_per_step @ epoch 601: cos {'ALIFCell_0.input_weights': '1.094', 'ALIFCell_0.recurrent_weights': '0.806', 'ReadOut_0.readout_weights': '0.000'}
[2026-06-02 19:43:35,827][src.modRNN.training.alignment][INFO] -   align diffusion_fixed @ epoch 601: cos {'ALIFCell_0.input_weights': '1.083', 'ALIFCell_0.recurrent_weights': '0.805', 'ReadOut_0.readout_weights': '0.000'}
[2026-06-02 19:44:07,791][src.modRNN.training.alignment][INFO] - epoch 625  train loss=0.3853  (rule: diffusion)
[2026-06-02 19:44:41,142][src.modRNN.training.alignment][INFO] - epoch 650  train loss=0.4436  (rule: diffusion)
[2026-06-02 19:44:43,899][src.modRNN.training.alignment][INFO] -   align BPTT @ epoch 651: cos {'ALIFCell_0.input_weights': '0.000', 'ALIFCell_0.recurrent_weights': '0.000', 'ReadOut_0.readout_weights': '0.000'}
[2026-06-02 19:44:44,903][src.modRNN.training.alignment][INFO] -   align eprop @ epoch 651: cos {'ALIFCell_0.input_weights': '1.266', 'ALIFCell_0.recurrent_weights': '0.675', 'ReadOut_0.readout_weights': '0.000'}
[2026-06-02 19:44:46,186][src.modRNN.training.alignment][INFO] -   align diffusion_aligned @ epoch 651: cos {'ALIFCell_0.input_weights': '1.216', 'ALIFCell_0.recurrent_weights': '0.635', 'ReadOut_0.readout_weights': '0.000'}
[2026-06-02 19:44:48,354][src.modRNN.training.alignment][INFO] -   align diffusion_per_step @ epoch 651: cos {'ALIFCell_0.input_weights': '1.270', 'ALIFCell_0.recurrent_weights': '0.672', 'ReadOut_0.readout_weights': '0.000'}
[2026-06-02 19:44:49,618][src.modRNN.training.alignment][INFO] -   align diffusion_fixed @ epoch 651: cos {'ALIFCell_0.input_weights': '1.189', 'ALIFCell_0.recurrent_weights': '0.661', 'ReadOut_0.readout_weights': '0.000'}
[2026-06-02 19:45:21,649][src.modRNN.training.alignment][INFO] - epoch 675  train loss=0.5965  (rule: diffusion)
[2026-06-02 19:45:54,962][src.modRNN.training.alignment][INFO] - epoch 700  train loss=0.4151  (rule: diffusion)
[2026-06-02 19:45:57,708][src.modRNN.training.alignment][INFO] -   align BPTT @ epoch 701: cos {'ALIFCell_0.input_weights': '0.000', 'ALIFCell_0.recurrent_weights': '0.000', 'ReadOut_0.readout_weights': '0.000'}
[2026-06-02 19:45:58,713][src.modRNN.training.alignment][INFO] -   align eprop @ epoch 701: cos {'ALIFCell_0.input_weights': '1.144', 'ALIFCell_0.recurrent_weights': '0.736', 'ReadOut_0.readout_weights': '0.000'}
[2026-06-02 19:45:59,995][src.modRNN.training.alignment][INFO] -   align diffusion_aligned @ epoch 701: cos {'ALIFCell_0.input_weights': '1.114', 'ALIFCell_0.recurrent_weights': '0.738', 'ReadOut_0.readout_weights': '0.000'}
[2026-06-02 19:46:02,164][src.modRNN.training.alignment][INFO] -   align diffusion_per_step @ epoch 701: cos {'ALIFCell_0.input_weights': '1.153', 'ALIFCell_0.recurrent_weights': '0.750', 'ReadOut_0.readout_weights': '0.000'}
[2026-06-02 19:46:03,429][src.modRNN.training.alignment][INFO] -   align diffusion_fixed @ epoch 701: cos {'ALIFCell_0.input_weights': '1.111', 'ALIFCell_0.recurrent_weights': '0.753', 'ReadOut_0.readout_weights': '0.000'}
[2026-06-02 19:46:35,509][src.modRNN.training.alignment][INFO] - epoch 725  train loss=0.6284  (rule: diffusion)
[2026-06-02 19:47:08,788][src.modRNN.training.alignment][INFO] - epoch 750  train loss=0.5362  (rule: diffusion)
[2026-06-02 19:47:11,548][src.modRNN.training.alignment][INFO] -   align BPTT @ epoch 751: cos {'ALIFCell_0.input_weights': '0.000', 'ALIFCell_0.recurrent_weights': '0.000', 'ReadOut_0.readout_weights': '0.000'}
[2026-06-02 19:47:12,556][src.modRNN.training.alignment][INFO] -   align eprop @ epoch 751: cos {'ALIFCell_0.input_weights': '1.245', 'ALIFCell_0.recurrent_weights': '0.939', 'ReadOut_0.readout_weights': '0.000'}
[2026-06-02 19:47:13,842][src.modRNN.training.alignment][INFO] -   align diffusion_aligned @ epoch 751: cos {'ALIFCell_0.input_weights': '1.215', 'ALIFCell_0.recurrent_weights': '0.994', 'ReadOut_0.readout_weights': '0.000'}
[2026-06-02 19:47:16,016][src.modRNN.training.alignment][INFO] -   align diffusion_per_step @ epoch 751: cos {'ALIFCell_0.input_weights': '1.238', 'ALIFCell_0.recurrent_weights': '0.936', 'ReadOut_0.readout_weights': '0.000'}
[2026-06-02 19:47:17,281][src.modRNN.training.alignment][INFO] -   align diffusion_fixed @ epoch 751: cos {'ALIFCell_0.input_weights': '1.289', 'ALIFCell_0.recurrent_weights': '0.941', 'ReadOut_0.readout_weights': '0.000'}
[2026-06-02 19:47:49,262][src.modRNN.training.alignment][INFO] - epoch 775  train loss=0.5244  (rule: diffusion)
[2026-06-02 19:48:22,579][src.modRNN.training.alignment][INFO] - epoch 800  train loss=0.4291  (rule: diffusion)
[2026-06-02 19:48:25,336][src.modRNN.training.alignment][INFO] -   align BPTT @ epoch 801: cos {'ALIFCell_0.input_weights': '0.000', 'ALIFCell_0.recurrent_weights': '0.000', 'ReadOut_0.readout_weights': '0.000'}
[2026-06-02 19:48:26,344][src.modRNN.training.alignment][INFO] -   align eprop @ epoch 801: cos {'ALIFCell_0.input_weights': '1.240', 'ALIFCell_0.recurrent_weights': '0.952', 'ReadOut_0.readout_weights': '0.000'}
[2026-06-02 19:48:27,630][src.modRNN.training.alignment][INFO] -   align diffusion_aligned @ epoch 801: cos {'ALIFCell_0.input_weights': '0.946', 'ALIFCell_0.recurrent_weights': '0.934', 'ReadOut_0.readout_weights': '0.000'}
[2026-06-02 19:48:29,800][src.modRNN.training.alignment][INFO] -   align diffusion_per_step @ epoch 801: cos {'ALIFCell_0.input_weights': '1.238', 'ALIFCell_0.recurrent_weights': '0.952', 'ReadOut_0.readout_weights': '0.000'}
[2026-06-02 19:48:31,066][src.modRNN.training.alignment][INFO] -   align diffusion_fixed @ epoch 801: cos {'ALIFCell_0.input_weights': '1.225', 'ALIFCell_0.recurrent_weights': '0.977', 'ReadOut_0.readout_weights': '0.000'}
[2026-06-02 19:49:02,911][src.modRNN.training.alignment][INFO] - epoch 825  train loss=0.4932  (rule: diffusion)
[2026-06-02 19:49:36,238][src.modRNN.training.alignment][INFO] - epoch 850  train loss=0.5304  (rule: diffusion)
[2026-06-02 19:49:38,988][src.modRNN.training.alignment][INFO] -   align BPTT @ epoch 851: cos {'ALIFCell_0.input_weights': '0.000', 'ALIFCell_0.recurrent_weights': '0.000', 'ReadOut_0.readout_weights': '0.000'}
[2026-06-02 19:49:39,992][src.modRNN.training.alignment][INFO] -   align eprop @ epoch 851: cos {'ALIFCell_0.input_weights': '1.272', 'ALIFCell_0.recurrent_weights': '1.211', 'ReadOut_0.readout_weights': '0.000'}
[2026-06-02 19:49:41,275][src.modRNN.training.alignment][INFO] -   align diffusion_aligned @ epoch 851: cos {'ALIFCell_0.input_weights': '1.098', 'ALIFCell_0.recurrent_weights': '1.227', 'ReadOut_0.readout_weights': '0.000'}
[2026-06-02 19:49:43,442][src.modRNN.training.alignment][INFO] -   align diffusion_per_step @ epoch 851: cos {'ALIFCell_0.input_weights': '1.267', 'ALIFCell_0.recurrent_weights': '1.221', 'ReadOut_0.readout_weights': '0.000'}
[2026-06-02 19:49:44,706][src.modRNN.training.alignment][INFO] -   align diffusion_fixed @ epoch 851: cos {'ALIFCell_0.input_weights': '1.202', 'ALIFCell_0.recurrent_weights': '1.240', 'ReadOut_0.readout_weights': '0.000'}
[2026-06-02 19:50:16,662][src.modRNN.training.alignment][INFO] - epoch 875  train loss=0.4701  (rule: diffusion)
[2026-06-02 19:50:49,892][src.modRNN.training.alignment][INFO] - epoch 900  train loss=0.4530  (rule: diffusion)
[2026-06-02 19:50:52,644][src.modRNN.training.alignment][INFO] -   align BPTT @ epoch 901: cos {'ALIFCell_0.input_weights': '0.000', 'ALIFCell_0.recurrent_weights': '0.000', 'ReadOut_0.readout_weights': '0.000'}
[2026-06-02 19:50:53,649][src.modRNN.training.alignment][INFO] -   align eprop @ epoch 901: cos {'ALIFCell_0.input_weights': '1.109', 'ALIFCell_0.recurrent_weights': '0.802', 'ReadOut_0.readout_weights': '0.000'}
[2026-06-02 19:50:54,932][src.modRNN.training.alignment][INFO] -   align diffusion_aligned @ epoch 901: cos {'ALIFCell_0.input_weights': '1.030', 'ALIFCell_0.recurrent_weights': '0.821', 'ReadOut_0.readout_weights': '0.000'}
[2026-06-02 19:50:57,100][src.modRNN.training.alignment][INFO] -   align diffusion_per_step @ epoch 901: cos {'ALIFCell_0.input_weights': '1.124', 'ALIFCell_0.recurrent_weights': '0.806', 'ReadOut_0.readout_weights': '0.000'}
[2026-06-02 19:50:58,363][src.modRNN.training.alignment][INFO] -   align diffusion_fixed @ epoch 901: cos {'ALIFCell_0.input_weights': '1.116', 'ALIFCell_0.recurrent_weights': '0.859', 'ReadOut_0.readout_weights': '0.000'}
[2026-06-02 19:51:30,376][src.modRNN.training.alignment][INFO] - epoch 925  train loss=0.3371  (rule: diffusion)
[2026-06-02 19:52:03,546][src.modRNN.training.alignment][INFO] - epoch 950  train loss=0.3260  (rule: diffusion)
[2026-06-02 19:52:06,302][src.modRNN.training.alignment][INFO] -   align BPTT @ epoch 951: cos {'ALIFCell_0.input_weights': '0.000', 'ALIFCell_0.recurrent_weights': '0.000', 'ReadOut_0.readout_weights': '0.000'}
[2026-06-02 19:52:07,312][src.modRNN.training.alignment][INFO] -   align eprop @ epoch 951: cos {'ALIFCell_0.input_weights': '1.164', 'ALIFCell_0.recurrent_weights': '0.804', 'ReadOut_0.readout_weights': '0.000'}
[2026-06-02 19:52:08,599][src.modRNN.training.alignment][INFO] -   align diffusion_aligned @ epoch 951: cos {'ALIFCell_0.input_weights': '1.035', 'ALIFCell_0.recurrent_weights': '0.787', 'ReadOut_0.readout_weights': '0.000'}
[2026-06-02 19:52:10,771][src.modRNN.training.alignment][INFO] -   align diffusion_per_step @ epoch 951: cos {'ALIFCell_0.input_weights': '1.161', 'ALIFCell_0.recurrent_weights': '0.819', 'ReadOut_0.readout_weights': '0.000'}
[2026-06-02 19:52:12,036][src.modRNN.training.alignment][INFO] -   align diffusion_fixed @ epoch 951: cos {'ALIFCell_0.input_weights': '1.120', 'ALIFCell_0.recurrent_weights': '0.824', 'ReadOut_0.readout_weights': '0.000'}
[2026-06-02 19:52:43,984][src.modRNN.training.alignment][INFO] - epoch 975  train loss=0.4069  (rule: diffusion)
[2026-06-02 19:53:17,260][src.modRNN.training.alignment][INFO] - epoch 1000  train loss=0.3724  (rule: diffusion)
[2026-06-02 19:53:20,017][src.modRNN.training.alignment][INFO] -   align BPTT @ epoch 1001: cos {'ALIFCell_0.input_weights': '0.000', 'ALIFCell_0.recurrent_weights': '0.000', 'ReadOut_0.readout_weights': '0.000'}
[2026-06-02 19:53:21,024][src.modRNN.training.alignment][INFO] -   align eprop @ epoch 1001: cos {'ALIFCell_0.input_weights': '1.150', 'ALIFCell_0.recurrent_weights': '0.845', 'ReadOut_0.readout_weights': '0.000'}
[2026-06-02 19:53:22,315][src.modRNN.training.alignment][INFO] -   align diffusion_aligned @ epoch 1001: cos {'ALIFCell_0.input_weights': '1.085', 'ALIFCell_0.recurrent_weights': '0.782', 'ReadOut_0.readout_weights': '0.000'}
[2026-06-02 19:53:24,486][src.modRNN.training.alignment][INFO] -   align diffusion_per_step @ epoch 1001: cos {'ALIFCell_0.input_weights': '1.176', 'ALIFCell_0.recurrent_weights': '0.831', 'ReadOut_0.readout_weights': '0.000'}
[2026-06-02 19:53:25,753][src.modRNN.training.alignment][INFO] -   align diffusion_fixed @ epoch 1001: cos {'ALIFCell_0.input_weights': '1.116', 'ALIFCell_0.recurrent_weights': '0.793', 'ReadOut_0.readout_weights': '0.000'}
[2026-06-02 19:53:57,629][src.modRNN.training.alignment][INFO] - epoch 1025  train loss=0.3601  (rule: diffusion)
[2026-06-02 19:54:30,971][src.modRNN.training.alignment][INFO] - epoch 1050  train loss=0.4557  (rule: diffusion)
[2026-06-02 19:54:33,724][src.modRNN.training.alignment][INFO] -   align BPTT @ epoch 1051: cos {'ALIFCell_0.input_weights': '0.000', 'ALIFCell_0.recurrent_weights': '0.000', 'ReadOut_0.readout_weights': '0.000'}
[2026-06-02 19:54:34,729][src.modRNN.training.alignment][INFO] -   align eprop @ epoch 1051: cos {'ALIFCell_0.input_weights': '0.971', 'ALIFCell_0.recurrent_weights': '0.769', 'ReadOut_0.readout_weights': '0.000'}
[2026-06-02 19:54:36,010][src.modRNN.training.alignment][INFO] -   align diffusion_aligned @ epoch 1051: cos {'ALIFCell_0.input_weights': '0.978', 'ALIFCell_0.recurrent_weights': '0.807', 'ReadOut_0.readout_weights': '0.000'}
[2026-06-02 19:54:38,180][src.modRNN.training.alignment][INFO] -   align diffusion_per_step @ epoch 1051: cos {'ALIFCell_0.input_weights': '0.970', 'ALIFCell_0.recurrent_weights': '0.775', 'ReadOut_0.readout_weights': '0.000'}
[2026-06-02 19:54:39,440][src.modRNN.training.alignment][INFO] -   align diffusion_fixed @ epoch 1051: cos {'ALIFCell_0.input_weights': '0.932', 'ALIFCell_0.recurrent_weights': '0.759', 'ReadOut_0.readout_weights': '0.000'}
[2026-06-02 19:55:11,353][src.modRNN.training.alignment][INFO] - epoch 1075  train loss=0.4109  (rule: diffusion)
[2026-06-02 19:55:44,641][src.modRNN.training.alignment][INFO] - epoch 1100  train loss=0.4407  (rule: diffusion)
[2026-06-02 19:55:47,394][src.modRNN.training.alignment][INFO] -   align BPTT @ epoch 1101: cos {'ALIFCell_0.input_weights': '0.000', 'ALIFCell_0.recurrent_weights': '0.000', 'ReadOut_0.readout_weights': '0.000'}
[2026-06-02 19:55:48,400][src.modRNN.training.alignment][INFO] -   align eprop @ epoch 1101: cos {'ALIFCell_0.input_weights': '1.549', 'ALIFCell_0.recurrent_weights': '1.567', 'ReadOut_0.readout_weights': '0.000'}
[2026-06-02 19:55:49,686][src.modRNN.training.alignment][INFO] -   align diffusion_aligned @ epoch 1101: cos {'ALIFCell_0.input_weights': '1.564', 'ALIFCell_0.recurrent_weights': '1.579', 'ReadOut_0.readout_weights': '0.000'}
[2026-06-02 19:55:51,856][src.modRNN.training.alignment][INFO] -   align diffusion_per_step @ epoch 1101: cos {'ALIFCell_0.input_weights': '1.545', 'ALIFCell_0.recurrent_weights': '1.561', 'ReadOut_0.readout_weights': '0.000'}
[2026-06-02 19:55:53,121][src.modRNN.training.alignment][INFO] -   align diffusion_fixed @ epoch 1101: cos {'ALIFCell_0.input_weights': '1.537', 'ALIFCell_0.recurrent_weights': '1.576', 'ReadOut_0.readout_weights': '0.000'}
[2026-06-02 19:56:25,114][src.modRNN.training.alignment][INFO] - epoch 1125  train loss=0.3971  (rule: diffusion)
[2026-06-02 19:56:58,314][src.modRNN.training.alignment][INFO] - epoch 1150  train loss=0.3499  (rule: diffusion)
[2026-06-02 19:57:01,065][src.modRNN.training.alignment][INFO] -   align BPTT @ epoch 1151: cos {'ALIFCell_0.input_weights': '0.000', 'ALIFCell_0.recurrent_weights': '0.000', 'ReadOut_0.readout_weights': '0.000'}
[2026-06-02 19:57:02,073][src.modRNN.training.alignment][INFO] -   align eprop @ epoch 1151: cos {'ALIFCell_0.input_weights': '1.571', 'ALIFCell_0.recurrent_weights': '1.571', 'ReadOut_0.readout_weights': '0.000'}
[2026-06-02 19:57:03,360][src.modRNN.training.alignment][INFO] -   align diffusion_aligned @ epoch 1151: cos {'ALIFCell_0.input_weights': '1.571', 'ALIFCell_0.recurrent_weights': '1.570', 'ReadOut_0.readout_weights': '0.000'}
[2026-06-02 19:57:05,529][src.modRNN.training.alignment][INFO] -   align diffusion_per_step @ epoch 1151: cos {'ALIFCell_0.input_weights': '1.571', 'ALIFCell_0.recurrent_weights': '1.573', 'ReadOut_0.readout_weights': '0.000'}
[2026-06-02 19:57:06,793][src.modRNN.training.alignment][INFO] -   align diffusion_fixed @ epoch 1151: cos {'ALIFCell_0.input_weights': '1.572', 'ALIFCell_0.recurrent_weights': '1.574', 'ReadOut_0.readout_weights': '0.000'}
[2026-06-02 19:57:38,799][src.modRNN.training.alignment][INFO] - epoch 1175  train loss=0.4336  (rule: diffusion)
[2026-06-02 19:58:12,036][src.modRNN.training.alignment][INFO] - epoch 1200  train loss=0.4298  (rule: diffusion)
[2026-06-02 19:58:14,791][src.modRNN.training.alignment][INFO] -   align BPTT @ epoch 1201: cos {'ALIFCell_0.input_weights': '0.000', 'ALIFCell_0.recurrent_weights': '0.000', 'ReadOut_0.readout_weights': '0.000'}
[2026-06-02 19:58:15,798][src.modRNN.training.alignment][INFO] -   align eprop @ epoch 1201: cos {'ALIFCell_0.input_weights': '1.296', 'ALIFCell_0.recurrent_weights': '0.866', 'ReadOut_0.readout_weights': '0.000'}
[2026-06-02 19:58:17,084][src.modRNN.training.alignment][INFO] -   align diffusion_aligned @ epoch 1201: cos {'ALIFCell_0.input_weights': '1.221', 'ALIFCell_0.recurrent_weights': '0.795', 'ReadOut_0.readout_weights': '0.000'}
[2026-06-02 19:58:19,256][src.modRNN.training.alignment][INFO] -   align diffusion_per_step @ epoch 1201: cos {'ALIFCell_0.input_weights': '1.289', 'ALIFCell_0.recurrent_weights': '0.869', 'ReadOut_0.readout_weights': '0.000'}
[2026-06-02 19:58:20,523][src.modRNN.training.alignment][INFO] -   align diffusion_fixed @ epoch 1201: cos {'ALIFCell_0.input_weights': '1.300', 'ALIFCell_0.recurrent_weights': '0.767', 'ReadOut_0.readout_weights': '0.000'}
[2026-06-02 19:58:52,436][src.modRNN.training.alignment][INFO] - epoch 1225  train loss=0.2199  (rule: diffusion)
[2026-06-02 19:59:25,772][src.modRNN.training.alignment][INFO] - epoch 1250  train loss=0.3674  (rule: diffusion)
[2026-06-02 19:59:28,535][src.modRNN.training.alignment][INFO] -   align BPTT @ epoch 1251: cos {'ALIFCell_0.input_weights': '0.000', 'ALIFCell_0.recurrent_weights': '0.000', 'ReadOut_0.readout_weights': '0.000'}
[2026-06-02 19:59:29,543][src.modRNN.training.alignment][INFO] -   align eprop @ epoch 1251: cos {'ALIFCell_0.input_weights': '1.188', 'ALIFCell_0.recurrent_weights': '1.007', 'ReadOut_0.readout_weights': '0.000'}
[2026-06-02 19:59:30,831][src.modRNN.training.alignment][INFO] -   align diffusion_aligned @ epoch 1251: cos {'ALIFCell_0.input_weights': '1.107', 'ALIFCell_0.recurrent_weights': '0.925', 'ReadOut_0.readout_weights': '0.000'}
[2026-06-02 19:59:33,003][src.modRNN.training.alignment][INFO] -   align diffusion_per_step @ epoch 1251: cos {'ALIFCell_0.input_weights': '1.178', 'ALIFCell_0.recurrent_weights': '1.007', 'ReadOut_0.readout_weights': '0.000'}
[2026-06-02 19:59:34,269][src.modRNN.training.alignment][INFO] -   align diffusion_fixed @ epoch 1251: cos {'ALIFCell_0.input_weights': '1.137', 'ALIFCell_0.recurrent_weights': '0.995', 'ReadOut_0.readout_weights': '0.000'}
[2026-06-02 20:00:06,197][src.modRNN.training.alignment][INFO] - epoch 1275  train loss=0.4195  (rule: diffusion)
[2026-06-02 20:00:39,504][src.modRNN.training.alignment][INFO] - epoch 1300  train loss=0.2500  (rule: diffusion)
[2026-06-02 20:00:42,255][src.modRNN.training.alignment][INFO] -   align BPTT @ epoch 1301: cos {'ALIFCell_0.input_weights': '0.000', 'ALIFCell_0.recurrent_weights': '0.000', 'ReadOut_0.readout_weights': '0.000'}
[2026-06-02 20:00:43,260][src.modRNN.training.alignment][INFO] -   align eprop @ epoch 1301: cos {'ALIFCell_0.input_weights': '1.275', 'ALIFCell_0.recurrent_weights': '1.167', 'ReadOut_0.readout_weights': '0.000'}
[2026-06-02 20:00:44,543][src.modRNN.training.alignment][INFO] -   align diffusion_aligned @ epoch 1301: cos {'ALIFCell_0.input_weights': '1.011', 'ALIFCell_0.recurrent_weights': '1.067', 'ReadOut_0.readout_weights': '0.000'}
[2026-06-02 20:00:46,709][src.modRNN.training.alignment][INFO] -   align diffusion_per_step @ epoch 1301: cos {'ALIFCell_0.input_weights': '1.251', 'ALIFCell_0.recurrent_weights': '1.150', 'ReadOut_0.readout_weights': '0.000'}
[2026-06-02 20:00:47,970][src.modRNN.training.alignment][INFO] -   align diffusion_fixed @ epoch 1301: cos {'ALIFCell_0.input_weights': '1.385', 'ALIFCell_0.recurrent_weights': '1.199', 'ReadOut_0.readout_weights': '0.000'}
[2026-06-02 20:01:19,929][src.modRNN.training.alignment][INFO] - epoch 1325  train loss=0.3279  (rule: diffusion)
[2026-06-02 20:01:53,160][src.modRNN.training.alignment][INFO] - epoch 1350  train loss=0.3360  (rule: diffusion)
[2026-06-02 20:01:55,916][src.modRNN.training.alignment][INFO] -   align BPTT @ epoch 1351: cos {'ALIFCell_0.input_weights': '0.000', 'ALIFCell_0.recurrent_weights': '0.000', 'ReadOut_0.readout_weights': '0.000'}
[2026-06-02 20:01:56,919][src.modRNN.training.alignment][INFO] -   align eprop @ epoch 1351: cos {'ALIFCell_0.input_weights': '1.171', 'ALIFCell_0.recurrent_weights': '1.055', 'ReadOut_0.readout_weights': '0.000'}
[2026-06-02 20:01:58,206][src.modRNN.training.alignment][INFO] -   align diffusion_aligned @ epoch 1351: cos {'ALIFCell_0.input_weights': '1.087', 'ALIFCell_0.recurrent_weights': '0.953', 'ReadOut_0.readout_weights': '0.000'}
[2026-06-02 20:02:00,372][src.modRNN.training.alignment][INFO] -   align diffusion_per_step @ epoch 1351: cos {'ALIFCell_0.input_weights': '1.170', 'ALIFCell_0.recurrent_weights': '1.046', 'ReadOut_0.readout_weights': '0.000'}
[2026-06-02 20:02:01,643][src.modRNN.training.alignment][INFO] -   align diffusion_fixed @ epoch 1351: cos {'ALIFCell_0.input_weights': '1.183', 'ALIFCell_0.recurrent_weights': '1.001', 'ReadOut_0.readout_weights': '0.000'}
[2026-06-02 20:02:33,727][src.modRNN.training.alignment][INFO] - epoch 1375  train loss=0.3587  (rule: diffusion)
[2026-06-02 20:03:07,052][src.modRNN.training.alignment][INFO] - epoch 1400  train loss=0.3963  (rule: diffusion)
[2026-06-02 20:03:09,813][src.modRNN.training.alignment][INFO] -   align BPTT @ epoch 1401: cos {'ALIFCell_0.input_weights': '0.000', 'ALIFCell_0.recurrent_weights': '0.000', 'ReadOut_0.readout_weights': '0.000'}
[2026-06-02 20:03:10,821][src.modRNN.training.alignment][INFO] -   align eprop @ epoch 1401: cos {'ALIFCell_0.input_weights': '1.553', 'ALIFCell_0.recurrent_weights': '1.620', 'ReadOut_0.readout_weights': '0.000'}
[2026-06-02 20:03:12,106][src.modRNN.training.alignment][INFO] -   align diffusion_aligned @ epoch 1401: cos {'ALIFCell_0.input_weights': '1.625', 'ALIFCell_0.recurrent_weights': '1.642', 'ReadOut_0.readout_weights': '0.000'}
[2026-06-02 20:03:14,278][src.modRNN.training.alignment][INFO] -   align diffusion_per_step @ epoch 1401: cos {'ALIFCell_0.input_weights': '1.550', 'ALIFCell_0.recurrent_weights': '1.638', 'ReadOut_0.readout_weights': '0.000'}
[2026-06-02 20:03:15,543][src.modRNN.training.alignment][INFO] -   align diffusion_fixed @ epoch 1401: cos {'ALIFCell_0.input_weights': '1.559', 'ALIFCell_0.recurrent_weights': '1.580', 'ReadOut_0.readout_weights': '0.000'}
[2026-06-02 20:03:47,459][src.modRNN.training.alignment][INFO] - epoch 1425  train loss=0.3105  (rule: diffusion)
[2026-06-02 20:04:20,722][src.modRNN.training.alignment][INFO] - epoch 1450  train loss=0.3247  (rule: diffusion)
[2026-06-02 20:04:23,483][src.modRNN.training.alignment][INFO] -   align BPTT @ epoch 1451: cos {'ALIFCell_0.input_weights': '0.000', 'ALIFCell_0.recurrent_weights': '0.000', 'ReadOut_0.readout_weights': '0.000'}
[2026-06-02 20:04:24,492][src.modRNN.training.alignment][INFO] -   align eprop @ epoch 1451: cos {'ALIFCell_0.input_weights': '1.390', 'ALIFCell_0.recurrent_weights': '1.352', 'ReadOut_0.readout_weights': '0.000'}
[2026-06-02 20:04:25,780][src.modRNN.training.alignment][INFO] -   align diffusion_aligned @ epoch 1451: cos {'ALIFCell_0.input_weights': '1.364', 'ALIFCell_0.recurrent_weights': '1.357', 'ReadOut_0.readout_weights': '0.000'}
[2026-06-02 20:04:27,953][src.modRNN.training.alignment][INFO] -   align diffusion_per_step @ epoch 1451: cos {'ALIFCell_0.input_weights': '1.388', 'ALIFCell_0.recurrent_weights': '1.337', 'ReadOut_0.readout_weights': '0.000'}
[2026-06-02 20:04:29,224][src.modRNN.training.alignment][INFO] -   align diffusion_fixed @ epoch 1451: cos {'ALIFCell_0.input_weights': '1.311', 'ALIFCell_0.recurrent_weights': '1.325', 'ReadOut_0.readout_weights': '0.000'}
[2026-06-02 20:05:01,052][src.modRNN.training.alignment][INFO] - epoch 1475  train loss=0.4134  (rule: diffusion)
[2026-06-02 20:05:34,416][src.modRNN.training.alignment][INFO] - epoch 1500  train loss=0.4179  (rule: diffusion)
[2026-06-02 20:05:37,169][src.modRNN.training.alignment][INFO] -   align BPTT @ epoch 1501: cos {'ALIFCell_0.input_weights': '0.000', 'ALIFCell_0.recurrent_weights': '0.000', 'ReadOut_0.readout_weights': '0.000'}
[2026-06-02 20:05:38,173][src.modRNN.training.alignment][INFO] -   align eprop @ epoch 1501: cos {'ALIFCell_0.input_weights': '1.025', 'ALIFCell_0.recurrent_weights': '1.178', 'ReadOut_0.readout_weights': '0.000'}
[2026-06-02 20:05:39,456][src.modRNN.training.alignment][INFO] -   align diffusion_aligned @ epoch 1501: cos {'ALIFCell_0.input_weights': '0.984', 'ALIFCell_0.recurrent_weights': '1.054', 'ReadOut_0.readout_weights': '0.000'}
[2026-06-02 20:05:41,622][src.modRNN.training.alignment][INFO] -   align diffusion_per_step @ epoch 1501: cos {'ALIFCell_0.input_weights': '1.044', 'ALIFCell_0.recurrent_weights': '1.164', 'ReadOut_0.readout_weights': '0.000'}
[2026-06-02 20:05:42,886][src.modRNN.training.alignment][INFO] -   align diffusion_fixed @ epoch 1501: cos {'ALIFCell_0.input_weights': '1.175', 'ALIFCell_0.recurrent_weights': '1.240', 'ReadOut_0.readout_weights': '0.000'}
[2026-06-02 20:06:14,857][src.modRNN.training.alignment][INFO] - epoch 1525  train loss=0.3771  (rule: diffusion)
[2026-06-02 20:06:48,159][src.modRNN.training.alignment][INFO] - epoch 1550  train loss=0.2774  (rule: diffusion)
[2026-06-02 20:06:50,910][src.modRNN.training.alignment][INFO] -   align BPTT @ epoch 1551: cos {'ALIFCell_0.input_weights': '0.000', 'ALIFCell_0.recurrent_weights': '0.000', 'ReadOut_0.readout_weights': '0.000'}
[2026-06-02 20:06:51,914][src.modRNN.training.alignment][INFO] -   align eprop @ epoch 1551: cos {'ALIFCell_0.input_weights': '1.092', 'ALIFCell_0.recurrent_weights': '1.285', 'ReadOut_0.readout_weights': '0.000'}
[2026-06-02 20:06:53,198][src.modRNN.training.alignment][INFO] -   align diffusion_aligned @ epoch 1551: cos {'ALIFCell_0.input_weights': '0.958', 'ALIFCell_0.recurrent_weights': '1.176', 'ReadOut_0.readout_weights': '0.000'}
[2026-06-02 20:06:55,369][src.modRNN.training.alignment][INFO] -   align diffusion_per_step @ epoch 1551: cos {'ALIFCell_0.input_weights': '1.118', 'ALIFCell_0.recurrent_weights': '1.295', 'ReadOut_0.readout_weights': '0.000'}
[2026-06-02 20:06:56,630][src.modRNN.training.alignment][INFO] -   align diffusion_fixed @ epoch 1551: cos {'ALIFCell_0.input_weights': '1.174', 'ALIFCell_0.recurrent_weights': '1.273', 'ReadOut_0.readout_weights': '0.000'}
[2026-06-02 20:07:28,627][src.modRNN.training.alignment][INFO] - epoch 1575  train loss=0.4246  (rule: diffusion)
[2026-06-02 20:08:01,819][src.modRNN.training.alignment][INFO] - epoch 1600  train loss=0.3079  (rule: diffusion)
[2026-06-02 20:08:04,580][src.modRNN.training.alignment][INFO] -   align BPTT @ epoch 1601: cos {'ALIFCell_0.input_weights': '0.000', 'ALIFCell_0.recurrent_weights': '0.000', 'ReadOut_0.readout_weights': '0.000'}
[2026-06-02 20:08:05,587][src.modRNN.training.alignment][INFO] -   align eprop @ epoch 1601: cos {'ALIFCell_0.input_weights': '1.437', 'ALIFCell_0.recurrent_weights': '1.415', 'ReadOut_0.readout_weights': '0.000'}
[2026-06-02 20:08:06,872][src.modRNN.training.alignment][INFO] -   align diffusion_aligned @ epoch 1601: cos {'ALIFCell_0.input_weights': '1.425', 'ALIFCell_0.recurrent_weights': '1.344', 'ReadOut_0.readout_weights': '0.000'}
[2026-06-02 20:08:09,043][src.modRNN.training.alignment][INFO] -   align diffusion_per_step @ epoch 1601: cos {'ALIFCell_0.input_weights': '1.454', 'ALIFCell_0.recurrent_weights': '1.424', 'ReadOut_0.readout_weights': '0.000'}
[2026-06-02 20:08:10,309][src.modRNN.training.alignment][INFO] -   align diffusion_fixed @ epoch 1601: cos {'ALIFCell_0.input_weights': '1.404', 'ALIFCell_0.recurrent_weights': '1.427', 'ReadOut_0.readout_weights': '0.000'}
[2026-06-02 20:08:42,319][src.modRNN.training.alignment][INFO] - epoch 1625  train loss=0.2103  (rule: diffusion)
[2026-06-02 20:09:15,604][src.modRNN.training.alignment][INFO] - epoch 1650  train loss=0.3066  (rule: diffusion)
[2026-06-02 20:09:18,366][src.modRNN.training.alignment][INFO] -   align BPTT @ epoch 1651: cos {'ALIFCell_0.input_weights': '0.000', 'ALIFCell_0.recurrent_weights': '0.000', 'ReadOut_0.readout_weights': '0.000'}
[2026-06-02 20:09:19,375][src.modRNN.training.alignment][INFO] -   align eprop @ epoch 1651: cos {'ALIFCell_0.input_weights': '0.870', 'ALIFCell_0.recurrent_weights': '0.788', 'ReadOut_0.readout_weights': '0.000'}
[2026-06-02 20:09:20,663][src.modRNN.training.alignment][INFO] -   align diffusion_aligned @ epoch 1651: cos {'ALIFCell_0.input_weights': '0.857', 'ALIFCell_0.recurrent_weights': '0.771', 'ReadOut_0.readout_weights': '0.000'}
[2026-06-02 20:09:22,836][src.modRNN.training.alignment][INFO] -   align diffusion_per_step @ epoch 1651: cos {'ALIFCell_0.input_weights': '0.850', 'ALIFCell_0.recurrent_weights': '0.784', 'ReadOut_0.readout_weights': '0.000'}
[2026-06-02 20:09:24,102][src.modRNN.training.alignment][INFO] -   align diffusion_fixed @ epoch 1651: cos {'ALIFCell_0.input_weights': '1.001', 'ALIFCell_0.recurrent_weights': '0.791', 'ReadOut_0.readout_weights': '0.000'}
[2026-06-02 20:09:56,003][src.modRNN.training.alignment][INFO] - epoch 1675  train loss=0.2297  (rule: diffusion)
[2026-06-02 20:10:29,358][src.modRNN.training.alignment][INFO] - epoch 1700  train loss=0.3057  (rule: diffusion)
[2026-06-02 20:10:32,114][src.modRNN.training.alignment][INFO] -   align BPTT @ epoch 1701: cos {'ALIFCell_0.input_weights': '0.000', 'ALIFCell_0.recurrent_weights': '0.000', 'ReadOut_0.readout_weights': '0.000'}
[2026-06-02 20:10:33,118][src.modRNN.training.alignment][INFO] -   align eprop @ epoch 1701: cos {'ALIFCell_0.input_weights': '1.272', 'ALIFCell_0.recurrent_weights': '0.945', 'ReadOut_0.readout_weights': '0.000'}
[2026-06-02 20:10:34,399][src.modRNN.training.alignment][INFO] -   align diffusion_aligned @ epoch 1701: cos {'ALIFCell_0.input_weights': '1.120', 'ALIFCell_0.recurrent_weights': '0.900', 'ReadOut_0.readout_weights': '0.000'}
[2026-06-02 20:10:36,567][src.modRNN.training.alignment][INFO] -   align diffusion_per_step @ epoch 1701: cos {'ALIFCell_0.input_weights': '1.259', 'ALIFCell_0.recurrent_weights': '0.959', 'ReadOut_0.readout_weights': '0.000'}
[2026-06-02 20:10:37,830][src.modRNN.training.alignment][INFO] -   align diffusion_fixed @ epoch 1701: cos {'ALIFCell_0.input_weights': '1.249', 'ALIFCell_0.recurrent_weights': '0.958', 'ReadOut_0.readout_weights': '0.000'}
[2026-06-02 20:11:09,724][src.modRNN.training.alignment][INFO] - epoch 1725  train loss=0.2464  (rule: diffusion)
[2026-06-02 20:11:43,011][src.modRNN.training.alignment][INFO] - epoch 1750  train loss=0.2018  (rule: diffusion)
[2026-06-02 20:11:45,759][src.modRNN.training.alignment][INFO] -   align BPTT @ epoch 1751: cos {'ALIFCell_0.input_weights': '0.000', 'ALIFCell_0.recurrent_weights': '0.000', 'ReadOut_0.readout_weights': '0.000'}
[2026-06-02 20:11:46,761][src.modRNN.training.alignment][INFO] -   align eprop @ epoch 1751: cos {'ALIFCell_0.input_weights': '1.398', 'ALIFCell_0.recurrent_weights': '1.542', 'ReadOut_0.readout_weights': '0.000'}
[2026-06-02 20:11:48,042][src.modRNN.training.alignment][INFO] -   align diffusion_aligned @ epoch 1751: cos {'ALIFCell_0.input_weights': '1.276', 'ALIFCell_0.recurrent_weights': '1.550', 'ReadOut_0.readout_weights': '0.000'}
[2026-06-02 20:11:50,210][src.modRNN.training.alignment][INFO] -   align diffusion_per_step @ epoch 1751: cos {'ALIFCell_0.input_weights': '1.364', 'ALIFCell_0.recurrent_weights': '1.544', 'ReadOut_0.readout_weights': '0.000'}
[2026-06-02 20:11:51,472][src.modRNN.training.alignment][INFO] -   align diffusion_fixed @ epoch 1751: cos {'ALIFCell_0.input_weights': '1.463', 'ALIFCell_0.recurrent_weights': '1.546', 'ReadOut_0.readout_weights': '0.000'}
[2026-06-02 20:12:23,449][src.modRNN.training.alignment][INFO] - epoch 1775  train loss=0.3595  (rule: diffusion)
[2026-06-02 20:12:56,679][src.modRNN.training.alignment][INFO] - epoch 1800  train loss=0.2695  (rule: diffusion)
[2026-06-02 20:12:59,433][src.modRNN.training.alignment][INFO] -   align BPTT @ epoch 1801: cos {'ALIFCell_0.input_weights': '0.000', 'ALIFCell_0.recurrent_weights': '0.000', 'ReadOut_0.readout_weights': '0.000'}
[2026-06-02 20:13:00,438][src.modRNN.training.alignment][INFO] -   align eprop @ epoch 1801: cos {'ALIFCell_0.input_weights': '1.236', 'ALIFCell_0.recurrent_weights': '1.222', 'ReadOut_0.readout_weights': '0.000'}
[2026-06-02 20:13:01,723][src.modRNN.training.alignment][INFO] -   align diffusion_aligned @ epoch 1801: cos {'ALIFCell_0.input_weights': '1.185', 'ALIFCell_0.recurrent_weights': '1.107', 'ReadOut_0.readout_weights': '0.000'}
[2026-06-02 20:13:03,899][src.modRNN.training.alignment][INFO] -   align diffusion_per_step @ epoch 1801: cos {'ALIFCell_0.input_weights': '1.196', 'ALIFCell_0.recurrent_weights': '1.220', 'ReadOut_0.readout_weights': '0.000'}
[2026-06-02 20:13:05,167][src.modRNN.training.alignment][INFO] -   align diffusion_fixed @ epoch 1801: cos {'ALIFCell_0.input_weights': '1.097', 'ALIFCell_0.recurrent_weights': '1.213', 'ReadOut_0.readout_weights': '0.000'}
[2026-06-02 20:13:37,176][src.modRNN.training.alignment][INFO] - epoch 1825  train loss=0.3851  (rule: diffusion)
[2026-06-02 20:14:10,427][src.modRNN.training.alignment][INFO] - epoch 1850  train loss=0.3203  (rule: diffusion)
[2026-06-02 20:14:13,187][src.modRNN.training.alignment][INFO] -   align BPTT @ epoch 1851: cos {'ALIFCell_0.input_weights': '0.000', 'ALIFCell_0.recurrent_weights': '0.000', 'ReadOut_0.readout_weights': '0.000'}
[2026-06-02 20:14:14,195][src.modRNN.training.alignment][INFO] -   align eprop @ epoch 1851: cos {'ALIFCell_0.input_weights': '1.044', 'ALIFCell_0.recurrent_weights': '0.776', 'ReadOut_0.readout_weights': '0.000'}
[2026-06-02 20:14:15,483][src.modRNN.training.alignment][INFO] -   align diffusion_aligned @ epoch 1851: cos {'ALIFCell_0.input_weights': '0.931', 'ALIFCell_0.recurrent_weights': '0.827', 'ReadOut_0.readout_weights': '0.000'}
[2026-06-02 20:14:17,654][src.modRNN.training.alignment][INFO] -   align diffusion_per_step @ epoch 1851: cos {'ALIFCell_0.input_weights': '1.011', 'ALIFCell_0.recurrent_weights': '0.783', 'ReadOut_0.readout_weights': '0.000'}
[2026-06-02 20:14:18,925][src.modRNN.training.alignment][INFO] -   align diffusion_fixed @ epoch 1851: cos {'ALIFCell_0.input_weights': '1.119', 'ALIFCell_0.recurrent_weights': '0.822', 'ReadOut_0.readout_weights': '0.000'}
[2026-06-02 20:14:50,834][src.modRNN.training.alignment][INFO] - epoch 1875  train loss=0.2705  (rule: diffusion)
[2026-06-02 20:15:24,136][src.modRNN.training.alignment][INFO] - epoch 1900  train loss=0.3677  (rule: diffusion)
[2026-06-02 20:15:26,894][src.modRNN.training.alignment][INFO] -   align BPTT @ epoch 1901: cos {'ALIFCell_0.input_weights': '0.000', 'ALIFCell_0.recurrent_weights': '0.000', 'ReadOut_0.readout_weights': '0.000'}
[2026-06-02 20:15:27,904][src.modRNN.training.alignment][INFO] -   align eprop @ epoch 1901: cos {'ALIFCell_0.input_weights': '0.993', 'ALIFCell_0.recurrent_weights': '1.044', 'ReadOut_0.readout_weights': '0.000'}
[2026-06-02 20:15:29,189][src.modRNN.training.alignment][INFO] -   align diffusion_aligned @ epoch 1901: cos {'ALIFCell_0.input_weights': '0.948', 'ALIFCell_0.recurrent_weights': '1.069', 'ReadOut_0.readout_weights': '0.000'}
[2026-06-02 20:15:31,359][src.modRNN.training.alignment][INFO] -   align diffusion_per_step @ epoch 1901: cos {'ALIFCell_0.input_weights': '0.951', 'ALIFCell_0.recurrent_weights': '1.029', 'ReadOut_0.readout_weights': '0.000'}
[2026-06-02 20:15:32,619][src.modRNN.training.alignment][INFO] -   align diffusion_fixed @ epoch 1901: cos {'ALIFCell_0.input_weights': '1.231', 'ALIFCell_0.recurrent_weights': '1.036', 'ReadOut_0.readout_weights': '0.000'}
[2026-06-02 20:16:04,474][src.modRNN.training.alignment][INFO] - epoch 1925  train loss=0.3386  (rule: diffusion)
[2026-06-02 20:16:37,801][src.modRNN.training.alignment][INFO] - epoch 1950  train loss=0.1801  (rule: diffusion)
[2026-06-02 20:16:40,543][src.modRNN.training.alignment][INFO] -   align BPTT @ epoch 1951: cos {'ALIFCell_0.input_weights': '0.000', 'ALIFCell_0.recurrent_weights': '0.000', 'ReadOut_0.readout_weights': '0.000'}
[2026-06-02 20:16:41,544][src.modRNN.training.alignment][INFO] -   align eprop @ epoch 1951: cos {'ALIFCell_0.input_weights': '1.076', 'ALIFCell_0.recurrent_weights': '0.989', 'ReadOut_0.readout_weights': '0.000'}
[2026-06-02 20:16:42,827][src.modRNN.training.alignment][INFO] -   align diffusion_aligned @ epoch 1951: cos {'ALIFCell_0.input_weights': '0.941', 'ALIFCell_0.recurrent_weights': '0.939', 'ReadOut_0.readout_weights': '0.000'}
[2026-06-02 20:16:44,993][src.modRNN.training.alignment][INFO] -   align diffusion_per_step @ epoch 1951: cos {'ALIFCell_0.input_weights': '1.105', 'ALIFCell_0.recurrent_weights': '0.981', 'ReadOut_0.readout_weights': '0.000'}
[2026-06-02 20:16:46,257][src.modRNN.training.alignment][INFO] -   align diffusion_fixed @ epoch 1951: cos {'ALIFCell_0.input_weights': '1.165', 'ALIFCell_0.recurrent_weights': '0.977', 'ReadOut_0.readout_weights': '0.000'}
[2026-06-02 20:17:18,234][src.modRNN.training.alignment][INFO] - epoch 1975  train loss=0.2618  (rule: diffusion)
[2026-06-02 20:17:51,467][src.modRNN.training.alignment][INFO] - epoch 2000  train loss=0.2887  (rule: diffusion)
[2026-06-02 20:17:54,216][src.modRNN.training.alignment][INFO] -   align BPTT @ epoch 2001: cos {'ALIFCell_0.input_weights': '0.000', 'ALIFCell_0.recurrent_weights': '0.000', 'ReadOut_0.readout_weights': '0.000'}
[2026-06-02 20:17:55,217][src.modRNN.training.alignment][INFO] -   align eprop @ epoch 2001: cos {'ALIFCell_0.input_weights': '1.289', 'ALIFCell_0.recurrent_weights': '1.018', 'ReadOut_0.readout_weights': '0.000'}
[2026-06-02 20:17:56,500][src.modRNN.training.alignment][INFO] -   align diffusion_aligned @ epoch 2001: cos {'ALIFCell_0.input_weights': '1.047', 'ALIFCell_0.recurrent_weights': '0.943', 'ReadOut_0.readout_weights': '0.000'}
[2026-06-02 20:17:58,667][src.modRNN.training.alignment][INFO] -   align diffusion_per_step @ epoch 2001: cos {'ALIFCell_0.input_weights': '1.275', 'ALIFCell_0.recurrent_weights': '1.016', 'ReadOut_0.readout_weights': '0.000'}
[2026-06-02 20:17:59,928][src.modRNN.training.alignment][INFO] -   align diffusion_fixed @ epoch 2001: cos {'ALIFCell_0.input_weights': '1.322', 'ALIFCell_0.recurrent_weights': '1.006', 'ReadOut_0.readout_weights': '0.000'}
[2026-06-02 20:17:59,978][src.modRNN.training.alignment][INFO] - Alignment experiment finished. Output dir: /mnt/lustre/work/martius/mot736/neuromodRNN/outputs/cue_accumulation/align_nn_connectivity_diffusion_aligned/seed_34652795
