[2026-06-02 19:28:49,528][jax._src.xla_bridge][INFO] - Unable to initialize backend 'rocm': module 'jaxlib.xla_extension' has no attribute 'GpuAllocatorConfig'
[2026-06-02 19:28:49,535][jax._src.xla_bridge][INFO] - Unable to initialize backend 'tpu': INTERNAL: Failed to open libtpu.so: libtpu.so: cannot open shared object file: No such file or directory
[2026-06-02 19:28:58,617][src.modRNN.training.alignment][INFO] - Starting alignment experiment: training with diffusion, measuring alignment of ['BPTT', 'eprop', 'diffusion_aligned', 'diffusion_per_step', 'diffusion_fixed'] every 50 epochs.
[2026-06-02 19:29:04,124][src.modRNN.training.alignment][INFO] - epoch 1  train loss=0.6925  (rule: diffusion)
[2026-06-02 19:29:06,704][src.modRNN.training.alignment][INFO] -   align BPTT @ epoch 1: cos {'ALIFCell_0.input_weights': '0.000', 'ALIFCell_0.recurrent_weights': '0.000', 'ReadOut_0.readout_weights': '0.000'}
[2026-06-02 19:29:08,472][src.modRNN.training.alignment][INFO] -   align eprop @ epoch 1: cos {'ALIFCell_0.input_weights': '0.179', 'ALIFCell_0.recurrent_weights': '0.349', 'ReadOut_0.readout_weights': '0.000'}
[2026-06-02 19:29:10,804][src.modRNN.training.alignment][INFO] -   align diffusion_aligned @ epoch 1: cos {'ALIFCell_0.input_weights': '0.336', 'ALIFCell_0.recurrent_weights': '0.497', 'ReadOut_0.readout_weights': '0.000'}
[2026-06-02 19:29:15,430][src.modRNN.training.alignment][INFO] -   align diffusion_per_step @ epoch 1: cos {'ALIFCell_0.input_weights': '0.234', 'ALIFCell_0.recurrent_weights': '0.389', 'ReadOut_0.readout_weights': '0.000'}
[2026-06-02 19:29:17,743][src.modRNN.training.alignment][INFO] -   align diffusion_fixed @ epoch 1: cos {'ALIFCell_0.input_weights': '0.460', 'ALIFCell_0.recurrent_weights': '0.605', 'ReadOut_0.readout_weights': '0.000'}
[2026-06-02 19:29:49,319][src.modRNN.training.alignment][INFO] - epoch 25  train loss=0.6929  (rule: diffusion)
[2026-06-02 19:30:22,533][src.modRNN.training.alignment][INFO] - epoch 50  train loss=0.6932  (rule: diffusion)
[2026-06-02 19:30:25,270][src.modRNN.training.alignment][INFO] -   align BPTT @ epoch 51: cos {'ALIFCell_0.input_weights': '0.000', 'ALIFCell_0.recurrent_weights': '0.000', 'ReadOut_0.readout_weights': '0.000'}
[2026-06-02 19:30:26,272][src.modRNN.training.alignment][INFO] -   align eprop @ epoch 51: cos {'ALIFCell_0.input_weights': '0.306', 'ALIFCell_0.recurrent_weights': '0.758', 'ReadOut_0.readout_weights': '0.000'}
[2026-06-02 19:30:27,562][src.modRNN.training.alignment][INFO] -   align diffusion_aligned @ epoch 51: cos {'ALIFCell_0.input_weights': '0.334', 'ALIFCell_0.recurrent_weights': '0.902', 'ReadOut_0.readout_weights': '0.000'}
[2026-06-02 19:30:29,729][src.modRNN.training.alignment][INFO] -   align diffusion_per_step @ epoch 51: cos {'ALIFCell_0.input_weights': '0.291', 'ALIFCell_0.recurrent_weights': '0.775', 'ReadOut_0.readout_weights': '0.000'}
[2026-06-02 19:30:30,983][src.modRNN.training.alignment][INFO] -   align diffusion_fixed @ epoch 51: cos {'ALIFCell_0.input_weights': '0.418', 'ALIFCell_0.recurrent_weights': '1.018', 'ReadOut_0.readout_weights': '0.000'}
[2026-06-02 19:31:03,049][src.modRNN.training.alignment][INFO] - epoch 75  train loss=0.6923  (rule: diffusion)
[2026-06-02 19:31:36,508][src.modRNN.training.alignment][INFO] - epoch 100  train loss=0.6897  (rule: diffusion)
[2026-06-02 19:31:39,251][src.modRNN.training.alignment][INFO] -   align BPTT @ epoch 101: cos {'ALIFCell_0.input_weights': '0.000', 'ALIFCell_0.recurrent_weights': '0.000', 'ReadOut_0.readout_weights': '0.000'}
[2026-06-02 19:31:40,252][src.modRNN.training.alignment][INFO] -   align eprop @ epoch 101: cos {'ALIFCell_0.input_weights': '0.899', 'ALIFCell_0.recurrent_weights': '0.567', 'ReadOut_0.readout_weights': '0.000'}
[2026-06-02 19:31:41,538][src.modRNN.training.alignment][INFO] -   align diffusion_aligned @ epoch 101: cos {'ALIFCell_0.input_weights': '0.568', 'ALIFCell_0.recurrent_weights': '0.540', 'ReadOut_0.readout_weights': '0.000'}
[2026-06-02 19:31:43,706][src.modRNN.training.alignment][INFO] -   align diffusion_per_step @ epoch 101: cos {'ALIFCell_0.input_weights': '0.858', 'ALIFCell_0.recurrent_weights': '0.555', 'ReadOut_0.readout_weights': '0.000'}
[2026-06-02 19:31:44,956][src.modRNN.training.alignment][INFO] -   align diffusion_fixed @ epoch 101: cos {'ALIFCell_0.input_weights': '0.985', 'ALIFCell_0.recurrent_weights': '0.590', 'ReadOut_0.readout_weights': '0.000'}
[2026-06-02 19:32:17,120][src.modRNN.training.alignment][INFO] - epoch 125  train loss=0.6795  (rule: diffusion)
[2026-06-02 19:32:50,819][src.modRNN.training.alignment][INFO] - epoch 150  train loss=0.6568  (rule: diffusion)
[2026-06-02 19:32:53,579][src.modRNN.training.alignment][INFO] -   align BPTT @ epoch 151: cos {'ALIFCell_0.input_weights': '0.000', 'ALIFCell_0.recurrent_weights': '0.000', 'ReadOut_0.readout_weights': '0.000'}
[2026-06-02 19:32:54,590][src.modRNN.training.alignment][INFO] -   align eprop @ epoch 151: cos {'ALIFCell_0.input_weights': '0.928', 'ALIFCell_0.recurrent_weights': '0.824', 'ReadOut_0.readout_weights': '0.000'}
[2026-06-02 19:32:55,887][src.modRNN.training.alignment][INFO] -   align diffusion_aligned @ epoch 151: cos {'ALIFCell_0.input_weights': '0.812', 'ALIFCell_0.recurrent_weights': '0.797', 'ReadOut_0.readout_weights': '0.000'}
[2026-06-02 19:32:58,076][src.modRNN.training.alignment][INFO] -   align diffusion_per_step @ epoch 151: cos {'ALIFCell_0.input_weights': '0.917', 'ALIFCell_0.recurrent_weights': '0.837', 'ReadOut_0.readout_weights': '0.000'}
[2026-06-02 19:32:59,336][src.modRNN.training.alignment][INFO] -   align diffusion_fixed @ epoch 151: cos {'ALIFCell_0.input_weights': '0.988', 'ALIFCell_0.recurrent_weights': '0.892', 'ReadOut_0.readout_weights': '0.000'}
[2026-06-02 19:33:31,613][src.modRNN.training.alignment][INFO] - epoch 175  train loss=0.6478  (rule: diffusion)
[2026-06-02 19:34:05,239][src.modRNN.training.alignment][INFO] - epoch 200  train loss=0.6000  (rule: diffusion)
[2026-06-02 19:34:07,992][src.modRNN.training.alignment][INFO] -   align BPTT @ epoch 201: cos {'ALIFCell_0.input_weights': '0.000', 'ALIFCell_0.recurrent_weights': '0.000', 'ReadOut_0.readout_weights': '0.000'}
[2026-06-02 19:34:09,004][src.modRNN.training.alignment][INFO] -   align eprop @ epoch 201: cos {'ALIFCell_0.input_weights': '1.055', 'ALIFCell_0.recurrent_weights': '0.729', 'ReadOut_0.readout_weights': '0.000'}
[2026-06-02 19:34:10,301][src.modRNN.training.alignment][INFO] -   align diffusion_aligned @ epoch 201: cos {'ALIFCell_0.input_weights': '0.996', 'ALIFCell_0.recurrent_weights': '0.635', 'ReadOut_0.readout_weights': '0.000'}
[2026-06-02 19:34:12,487][src.modRNN.training.alignment][INFO] -   align diffusion_per_step @ epoch 201: cos {'ALIFCell_0.input_weights': '1.039', 'ALIFCell_0.recurrent_weights': '0.735', 'ReadOut_0.readout_weights': '0.000'}
[2026-06-02 19:34:13,748][src.modRNN.training.alignment][INFO] -   align diffusion_fixed @ epoch 201: cos {'ALIFCell_0.input_weights': '1.036', 'ALIFCell_0.recurrent_weights': '0.840', 'ReadOut_0.readout_weights': '0.000'}
[2026-06-02 19:34:46,114][src.modRNN.training.alignment][INFO] - epoch 225  train loss=0.5730  (rule: diffusion)
[2026-06-02 19:35:19,844][src.modRNN.training.alignment][INFO] - epoch 250  train loss=0.5340  (rule: diffusion)
[2026-06-02 19:35:22,605][src.modRNN.training.alignment][INFO] -   align BPTT @ epoch 251: cos {'ALIFCell_0.input_weights': '0.000', 'ALIFCell_0.recurrent_weights': '0.000', 'ReadOut_0.readout_weights': '0.000'}
[2026-06-02 19:35:23,617][src.modRNN.training.alignment][INFO] -   align eprop @ epoch 251: cos {'ALIFCell_0.input_weights': '0.891', 'ALIFCell_0.recurrent_weights': '0.896', 'ReadOut_0.readout_weights': '0.000'}
[2026-06-02 19:35:24,917][src.modRNN.training.alignment][INFO] -   align diffusion_aligned @ epoch 251: cos {'ALIFCell_0.input_weights': '0.789', 'ALIFCell_0.recurrent_weights': '0.799', 'ReadOut_0.readout_weights': '0.000'}
[2026-06-02 19:35:27,105][src.modRNN.training.alignment][INFO] -   align diffusion_per_step @ epoch 251: cos {'ALIFCell_0.input_weights': '0.862', 'ALIFCell_0.recurrent_weights': '0.922', 'ReadOut_0.readout_weights': '0.000'}
[2026-06-02 19:35:28,366][src.modRNN.training.alignment][INFO] -   align diffusion_fixed @ epoch 251: cos {'ALIFCell_0.input_weights': '0.859', 'ALIFCell_0.recurrent_weights': '0.948', 'ReadOut_0.readout_weights': '0.000'}
[2026-06-02 19:36:00,637][src.modRNN.training.alignment][INFO] - epoch 275  train loss=0.5749  (rule: diffusion)
[2026-06-02 19:36:34,312][src.modRNN.training.alignment][INFO] - epoch 300  train loss=0.5495  (rule: diffusion)
[2026-06-02 19:36:37,073][src.modRNN.training.alignment][INFO] -   align BPTT @ epoch 301: cos {'ALIFCell_0.input_weights': '0.000', 'ALIFCell_0.recurrent_weights': '0.000', 'ReadOut_0.readout_weights': '0.000'}
[2026-06-02 19:36:38,083][src.modRNN.training.alignment][INFO] -   align eprop @ epoch 301: cos {'ALIFCell_0.input_weights': '0.897', 'ALIFCell_0.recurrent_weights': '0.932', 'ReadOut_0.readout_weights': '0.000'}
[2026-06-02 19:36:39,379][src.modRNN.training.alignment][INFO] -   align diffusion_aligned @ epoch 301: cos {'ALIFCell_0.input_weights': '0.825', 'ALIFCell_0.recurrent_weights': '0.793', 'ReadOut_0.readout_weights': '0.000'}
[2026-06-02 19:36:41,565][src.modRNN.training.alignment][INFO] -   align diffusion_per_step @ epoch 301: cos {'ALIFCell_0.input_weights': '0.867', 'ALIFCell_0.recurrent_weights': '0.925', 'ReadOut_0.readout_weights': '0.000'}
[2026-06-02 19:36:42,823][src.modRNN.training.alignment][INFO] -   align diffusion_fixed @ epoch 301: cos {'ALIFCell_0.input_weights': '0.855', 'ALIFCell_0.recurrent_weights': '1.047', 'ReadOut_0.readout_weights': '0.000'}
[2026-06-02 19:37:15,129][src.modRNN.training.alignment][INFO] - epoch 325  train loss=0.5285  (rule: diffusion)
[2026-06-02 19:37:48,784][src.modRNN.training.alignment][INFO] - epoch 350  train loss=0.4982  (rule: diffusion)
[2026-06-02 19:37:51,541][src.modRNN.training.alignment][INFO] -   align BPTT @ epoch 351: cos {'ALIFCell_0.input_weights': '0.000', 'ALIFCell_0.recurrent_weights': '0.000', 'ReadOut_0.readout_weights': '0.000'}
[2026-06-02 19:37:52,550][src.modRNN.training.alignment][INFO] -   align eprop @ epoch 351: cos {'ALIFCell_0.input_weights': '0.843', 'ALIFCell_0.recurrent_weights': '0.711', 'ReadOut_0.readout_weights': '0.000'}
[2026-06-02 19:37:53,848][src.modRNN.training.alignment][INFO] -   align diffusion_aligned @ epoch 351: cos {'ALIFCell_0.input_weights': '0.736', 'ALIFCell_0.recurrent_weights': '0.634', 'ReadOut_0.readout_weights': '0.000'}
[2026-06-02 19:37:56,035][src.modRNN.training.alignment][INFO] -   align diffusion_per_step @ epoch 351: cos {'ALIFCell_0.input_weights': '0.816', 'ALIFCell_0.recurrent_weights': '0.705', 'ReadOut_0.readout_weights': '0.000'}
[2026-06-02 19:37:57,295][src.modRNN.training.alignment][INFO] -   align diffusion_fixed @ epoch 351: cos {'ALIFCell_0.input_weights': '0.883', 'ALIFCell_0.recurrent_weights': '0.826', 'ReadOut_0.readout_weights': '0.000'}
[2026-06-02 19:38:29,611][src.modRNN.training.alignment][INFO] - epoch 375  train loss=0.5174  (rule: diffusion)
[2026-06-02 19:39:03,255][src.modRNN.training.alignment][INFO] - epoch 400  train loss=0.4585  (rule: diffusion)
[2026-06-02 19:39:06,012][src.modRNN.training.alignment][INFO] -   align BPTT @ epoch 401: cos {'ALIFCell_0.input_weights': '0.000', 'ALIFCell_0.recurrent_weights': '0.000', 'ReadOut_0.readout_weights': '0.000'}
[2026-06-02 19:39:07,024][src.modRNN.training.alignment][INFO] -   align eprop @ epoch 401: cos {'ALIFCell_0.input_weights': '0.802', 'ALIFCell_0.recurrent_weights': '1.144', 'ReadOut_0.readout_weights': '0.000'}
[2026-06-02 19:39:08,325][src.modRNN.training.alignment][INFO] -   align diffusion_aligned @ epoch 401: cos {'ALIFCell_0.input_weights': '0.816', 'ALIFCell_0.recurrent_weights': '0.944', 'ReadOut_0.readout_weights': '0.000'}
[2026-06-02 19:39:10,512][src.modRNN.training.alignment][INFO] -   align diffusion_per_step @ epoch 401: cos {'ALIFCell_0.input_weights': '0.791', 'ALIFCell_0.recurrent_weights': '1.089', 'ReadOut_0.readout_weights': '0.000'}
[2026-06-02 19:39:11,778][src.modRNN.training.alignment][INFO] -   align diffusion_fixed @ epoch 401: cos {'ALIFCell_0.input_weights': '0.851', 'ALIFCell_0.recurrent_weights': '1.216', 'ReadOut_0.readout_weights': '0.000'}
[2026-06-02 19:39:44,075][src.modRNN.training.alignment][INFO] - epoch 425  train loss=0.5355  (rule: diffusion)
[2026-06-02 19:40:17,819][src.modRNN.training.alignment][INFO] - epoch 450  train loss=0.4965  (rule: diffusion)
[2026-06-02 19:40:20,579][src.modRNN.training.alignment][INFO] -   align BPTT @ epoch 451: cos {'ALIFCell_0.input_weights': '0.000', 'ALIFCell_0.recurrent_weights': '0.000', 'ReadOut_0.readout_weights': '0.000'}
[2026-06-02 19:40:21,597][src.modRNN.training.alignment][INFO] -   align eprop @ epoch 451: cos {'ALIFCell_0.input_weights': '0.932', 'ALIFCell_0.recurrent_weights': '0.882', 'ReadOut_0.readout_weights': '0.000'}
[2026-06-02 19:40:22,901][src.modRNN.training.alignment][INFO] -   align diffusion_aligned @ epoch 451: cos {'ALIFCell_0.input_weights': '0.908', 'ALIFCell_0.recurrent_weights': '0.819', 'ReadOut_0.readout_weights': '0.000'}
[2026-06-02 19:40:25,091][src.modRNN.training.alignment][INFO] -   align diffusion_per_step @ epoch 451: cos {'ALIFCell_0.input_weights': '0.909', 'ALIFCell_0.recurrent_weights': '0.872', 'ReadOut_0.readout_weights': '0.000'}
[2026-06-02 19:40:26,366][src.modRNN.training.alignment][INFO] -   align diffusion_fixed @ epoch 451: cos {'ALIFCell_0.input_weights': '0.937', 'ALIFCell_0.recurrent_weights': '0.955', 'ReadOut_0.readout_weights': '0.000'}
[2026-06-02 19:40:58,782][src.modRNN.training.alignment][INFO] - epoch 475  train loss=0.5688  (rule: diffusion)
[2026-06-02 19:41:32,429][src.modRNN.training.alignment][INFO] - epoch 500  train loss=0.3502  (rule: diffusion)
[2026-06-02 19:41:35,188][src.modRNN.training.alignment][INFO] -   align BPTT @ epoch 501: cos {'ALIFCell_0.input_weights': '0.000', 'ALIFCell_0.recurrent_weights': '0.000', 'ReadOut_0.readout_weights': '0.000'}
[2026-06-02 19:41:36,196][src.modRNN.training.alignment][INFO] -   align eprop @ epoch 501: cos {'ALIFCell_0.input_weights': '1.111', 'ALIFCell_0.recurrent_weights': '0.960', 'ReadOut_0.readout_weights': '0.000'}
[2026-06-02 19:41:37,492][src.modRNN.training.alignment][INFO] -   align diffusion_aligned @ epoch 501: cos {'ALIFCell_0.input_weights': '1.062', 'ALIFCell_0.recurrent_weights': '0.826', 'ReadOut_0.readout_weights': '0.000'}
[2026-06-02 19:41:39,676][src.modRNN.training.alignment][INFO] -   align diffusion_per_step @ epoch 501: cos {'ALIFCell_0.input_weights': '1.051', 'ALIFCell_0.recurrent_weights': '0.940', 'ReadOut_0.readout_weights': '0.000'}
[2026-06-02 19:41:40,938][src.modRNN.training.alignment][INFO] -   align diffusion_fixed @ epoch 501: cos {'ALIFCell_0.input_weights': '0.993', 'ALIFCell_0.recurrent_weights': '0.968', 'ReadOut_0.readout_weights': '0.000'}
[2026-06-02 19:42:13,238][src.modRNN.training.alignment][INFO] - epoch 525  train loss=0.5392  (rule: diffusion)
[2026-06-02 19:42:46,871][src.modRNN.training.alignment][INFO] - epoch 550  train loss=0.3600  (rule: diffusion)
[2026-06-02 19:42:49,629][src.modRNN.training.alignment][INFO] -   align BPTT @ epoch 551: cos {'ALIFCell_0.input_weights': '0.000', 'ALIFCell_0.recurrent_weights': '0.000', 'ReadOut_0.readout_weights': '0.000'}
[2026-06-02 19:42:50,638][src.modRNN.training.alignment][INFO] -   align eprop @ epoch 551: cos {'ALIFCell_0.input_weights': '0.880', 'ALIFCell_0.recurrent_weights': '1.027', 'ReadOut_0.readout_weights': '0.000'}
[2026-06-02 19:42:51,935][src.modRNN.training.alignment][INFO] -   align diffusion_aligned @ epoch 551: cos {'ALIFCell_0.input_weights': '0.746', 'ALIFCell_0.recurrent_weights': '0.951', 'ReadOut_0.readout_weights': '0.000'}
[2026-06-02 19:42:54,120][src.modRNN.training.alignment][INFO] -   align diffusion_per_step @ epoch 551: cos {'ALIFCell_0.input_weights': '0.869', 'ALIFCell_0.recurrent_weights': '1.035', 'ReadOut_0.readout_weights': '0.000'}
[2026-06-02 19:42:55,380][src.modRNN.training.alignment][INFO] -   align diffusion_fixed @ epoch 551: cos {'ALIFCell_0.input_weights': '0.858', 'ALIFCell_0.recurrent_weights': '1.038', 'ReadOut_0.readout_weights': '0.000'}
[2026-06-02 19:43:27,676][src.modRNN.training.alignment][INFO] - epoch 575  train loss=0.5227  (rule: diffusion)
[2026-06-02 19:44:01,344][src.modRNN.training.alignment][INFO] - epoch 600  train loss=0.3780  (rule: diffusion)
[2026-06-02 19:44:04,102][src.modRNN.training.alignment][INFO] -   align BPTT @ epoch 601: cos {'ALIFCell_0.input_weights': '0.000', 'ALIFCell_0.recurrent_weights': '0.000', 'ReadOut_0.readout_weights': '0.000'}
[2026-06-02 19:44:05,111][src.modRNN.training.alignment][INFO] -   align eprop @ epoch 601: cos {'ALIFCell_0.input_weights': '0.803', 'ALIFCell_0.recurrent_weights': '0.999', 'ReadOut_0.readout_weights': '0.000'}
[2026-06-02 19:44:06,408][src.modRNN.training.alignment][INFO] -   align diffusion_aligned @ epoch 601: cos {'ALIFCell_0.input_weights': '0.665', 'ALIFCell_0.recurrent_weights': '0.901', 'ReadOut_0.readout_weights': '0.000'}
[2026-06-02 19:44:08,595][src.modRNN.training.alignment][INFO] -   align diffusion_per_step @ epoch 601: cos {'ALIFCell_0.input_weights': '0.773', 'ALIFCell_0.recurrent_weights': '0.994', 'ReadOut_0.readout_weights': '0.000'}
[2026-06-02 19:44:09,857][src.modRNN.training.alignment][INFO] -   align diffusion_fixed @ epoch 601: cos {'ALIFCell_0.input_weights': '0.721', 'ALIFCell_0.recurrent_weights': '1.026', 'ReadOut_0.readout_weights': '0.000'}
[2026-06-02 19:44:42,136][src.modRNN.training.alignment][INFO] - epoch 625  train loss=0.3986  (rule: diffusion)
[2026-06-02 19:45:15,783][src.modRNN.training.alignment][INFO] - epoch 650  train loss=0.4583  (rule: diffusion)
[2026-06-02 19:45:18,546][src.modRNN.training.alignment][INFO] -   align BPTT @ epoch 651: cos {'ALIFCell_0.input_weights': '0.000', 'ALIFCell_0.recurrent_weights': '0.000', 'ReadOut_0.readout_weights': '0.000'}
[2026-06-02 19:45:19,555][src.modRNN.training.alignment][INFO] -   align eprop @ epoch 651: cos {'ALIFCell_0.input_weights': '0.872', 'ALIFCell_0.recurrent_weights': '0.809', 'ReadOut_0.readout_weights': '0.000'}
[2026-06-02 19:45:20,851][src.modRNN.training.alignment][INFO] -   align diffusion_aligned @ epoch 651: cos {'ALIFCell_0.input_weights': '0.701', 'ALIFCell_0.recurrent_weights': '0.648', 'ReadOut_0.readout_weights': '0.000'}
[2026-06-02 19:45:23,037][src.modRNN.training.alignment][INFO] -   align diffusion_per_step @ epoch 651: cos {'ALIFCell_0.input_weights': '0.839', 'ALIFCell_0.recurrent_weights': '0.782', 'ReadOut_0.readout_weights': '0.000'}
[2026-06-02 19:45:24,295][src.modRNN.training.alignment][INFO] -   align diffusion_fixed @ epoch 651: cos {'ALIFCell_0.input_weights': '0.861', 'ALIFCell_0.recurrent_weights': '0.821', 'ReadOut_0.readout_weights': '0.000'}
[2026-06-02 19:45:56,632][src.modRNN.training.alignment][INFO] - epoch 675  train loss=0.3567  (rule: diffusion)
[2026-06-02 19:46:30,374][src.modRNN.training.alignment][INFO] - epoch 700  train loss=0.5245  (rule: diffusion)
[2026-06-02 19:46:33,132][src.modRNN.training.alignment][INFO] -   align BPTT @ epoch 701: cos {'ALIFCell_0.input_weights': '0.000', 'ALIFCell_0.recurrent_weights': '0.000', 'ReadOut_0.readout_weights': '0.000'}
[2026-06-02 19:46:34,144][src.modRNN.training.alignment][INFO] -   align eprop @ epoch 701: cos {'ALIFCell_0.input_weights': '0.670', 'ALIFCell_0.recurrent_weights': '1.026', 'ReadOut_0.readout_weights': '0.000'}
[2026-06-02 19:46:35,441][src.modRNN.training.alignment][INFO] -   align diffusion_aligned @ epoch 701: cos {'ALIFCell_0.input_weights': '0.522', 'ALIFCell_0.recurrent_weights': '0.830', 'ReadOut_0.readout_weights': '0.000'}
[2026-06-02 19:46:37,630][src.modRNN.training.alignment][INFO] -   align diffusion_per_step @ epoch 701: cos {'ALIFCell_0.input_weights': '0.651', 'ALIFCell_0.recurrent_weights': '1.002', 'ReadOut_0.readout_weights': '0.000'}
[2026-06-02 19:46:38,891][src.modRNN.training.alignment][INFO] -   align diffusion_fixed @ epoch 701: cos {'ALIFCell_0.input_weights': '0.662', 'ALIFCell_0.recurrent_weights': '1.060', 'ReadOut_0.readout_weights': '0.000'}
[2026-06-02 19:47:11,255][src.modRNN.training.alignment][INFO] - epoch 725  train loss=0.4599  (rule: diffusion)
[2026-06-02 19:47:44,926][src.modRNN.training.alignment][INFO] - epoch 750  train loss=0.4832  (rule: diffusion)
[2026-06-02 19:47:47,683][src.modRNN.training.alignment][INFO] -   align BPTT @ epoch 751: cos {'ALIFCell_0.input_weights': '0.000', 'ALIFCell_0.recurrent_weights': '0.000', 'ReadOut_0.readout_weights': '0.000'}
[2026-06-02 19:47:48,701][src.modRNN.training.alignment][INFO] -   align eprop @ epoch 751: cos {'ALIFCell_0.input_weights': '0.763', 'ALIFCell_0.recurrent_weights': '0.878', 'ReadOut_0.readout_weights': '0.000'}
[2026-06-02 19:47:49,998][src.modRNN.training.alignment][INFO] -   align diffusion_aligned @ epoch 751: cos {'ALIFCell_0.input_weights': '0.668', 'ALIFCell_0.recurrent_weights': '0.730', 'ReadOut_0.readout_weights': '0.000'}
[2026-06-02 19:47:52,186][src.modRNN.training.alignment][INFO] -   align diffusion_per_step @ epoch 751: cos {'ALIFCell_0.input_weights': '0.780', 'ALIFCell_0.recurrent_weights': '0.849', 'ReadOut_0.readout_weights': '0.000'}
[2026-06-02 19:47:53,446][src.modRNN.training.alignment][INFO] -   align diffusion_fixed @ epoch 751: cos {'ALIFCell_0.input_weights': '0.829', 'ALIFCell_0.recurrent_weights': '0.798', 'ReadOut_0.readout_weights': '0.000'}
[2026-06-02 19:48:25,767][src.modRNN.training.alignment][INFO] - epoch 775  train loss=0.4729  (rule: diffusion)
[2026-06-02 19:48:59,451][src.modRNN.training.alignment][INFO] - epoch 800  train loss=0.4583  (rule: diffusion)
[2026-06-02 19:49:02,207][src.modRNN.training.alignment][INFO] -   align BPTT @ epoch 801: cos {'ALIFCell_0.input_weights': '0.000', 'ALIFCell_0.recurrent_weights': '0.000', 'ReadOut_0.readout_weights': '0.000'}
[2026-06-02 19:49:03,217][src.modRNN.training.alignment][INFO] -   align eprop @ epoch 801: cos {'ALIFCell_0.input_weights': '0.855', 'ALIFCell_0.recurrent_weights': '0.774', 'ReadOut_0.readout_weights': '0.000'}
[2026-06-02 19:49:04,512][src.modRNN.training.alignment][INFO] -   align diffusion_aligned @ epoch 801: cos {'ALIFCell_0.input_weights': '0.687', 'ALIFCell_0.recurrent_weights': '0.595', 'ReadOut_0.readout_weights': '0.000'}
[2026-06-02 19:49:06,695][src.modRNN.training.alignment][INFO] -   align diffusion_per_step @ epoch 801: cos {'ALIFCell_0.input_weights': '0.829', 'ALIFCell_0.recurrent_weights': '0.745', 'ReadOut_0.readout_weights': '0.000'}
[2026-06-02 19:49:07,957][src.modRNN.training.alignment][INFO] -   align diffusion_fixed @ epoch 801: cos {'ALIFCell_0.input_weights': '0.874', 'ALIFCell_0.recurrent_weights': '0.748', 'ReadOut_0.readout_weights': '0.000'}
[2026-06-02 19:49:40,228][src.modRNN.training.alignment][INFO] - epoch 825  train loss=0.3893  (rule: diffusion)
[2026-06-02 19:50:13,862][src.modRNN.training.alignment][INFO] - epoch 850  train loss=0.3797  (rule: diffusion)
[2026-06-02 19:50:16,624][src.modRNN.training.alignment][INFO] -   align BPTT @ epoch 851: cos {'ALIFCell_0.input_weights': '0.000', 'ALIFCell_0.recurrent_weights': '0.000', 'ReadOut_0.readout_weights': '0.000'}
[2026-06-02 19:50:17,634][src.modRNN.training.alignment][INFO] -   align eprop @ epoch 851: cos {'ALIFCell_0.input_weights': '0.799', 'ALIFCell_0.recurrent_weights': '0.924', 'ReadOut_0.readout_weights': '0.000'}
[2026-06-02 19:50:18,932][src.modRNN.training.alignment][INFO] -   align diffusion_aligned @ epoch 851: cos {'ALIFCell_0.input_weights': '0.646', 'ALIFCell_0.recurrent_weights': '0.814', 'ReadOut_0.readout_weights': '0.000'}
[2026-06-02 19:50:21,118][src.modRNN.training.alignment][INFO] -   align diffusion_per_step @ epoch 851: cos {'ALIFCell_0.input_weights': '0.756', 'ALIFCell_0.recurrent_weights': '0.920', 'ReadOut_0.readout_weights': '0.000'}
[2026-06-02 19:50:22,378][src.modRNN.training.alignment][INFO] -   align diffusion_fixed @ epoch 851: cos {'ALIFCell_0.input_weights': '0.775', 'ALIFCell_0.recurrent_weights': '1.000', 'ReadOut_0.readout_weights': '0.000'}
[2026-06-02 19:50:54,680][src.modRNN.training.alignment][INFO] - epoch 875  train loss=0.3712  (rule: diffusion)
[2026-06-02 19:51:28,313][src.modRNN.training.alignment][INFO] - epoch 900  train loss=0.3368  (rule: diffusion)
[2026-06-02 19:51:31,073][src.modRNN.training.alignment][INFO] -   align BPTT @ epoch 901: cos {'ALIFCell_0.input_weights': '0.000', 'ALIFCell_0.recurrent_weights': '0.000', 'ReadOut_0.readout_weights': '0.000'}
[2026-06-02 19:51:32,084][src.modRNN.training.alignment][INFO] -   align eprop @ epoch 901: cos {'ALIFCell_0.input_weights': '0.795', 'ALIFCell_0.recurrent_weights': '1.125', 'ReadOut_0.readout_weights': '0.000'}
[2026-06-02 19:51:33,383][src.modRNN.training.alignment][INFO] -   align diffusion_aligned @ epoch 901: cos {'ALIFCell_0.input_weights': '0.650', 'ALIFCell_0.recurrent_weights': '0.961', 'ReadOut_0.readout_weights': '0.000'}
[2026-06-02 19:51:35,574][src.modRNN.training.alignment][INFO] -   align diffusion_per_step @ epoch 901: cos {'ALIFCell_0.input_weights': '0.762', 'ALIFCell_0.recurrent_weights': '1.085', 'ReadOut_0.readout_weights': '0.000'}
[2026-06-02 19:51:36,839][src.modRNN.training.alignment][INFO] -   align diffusion_fixed @ epoch 901: cos {'ALIFCell_0.input_weights': '0.764', 'ALIFCell_0.recurrent_weights': '1.135', 'ReadOut_0.readout_weights': '0.000'}
[2026-06-02 19:52:09,117][src.modRNN.training.alignment][INFO] - epoch 925  train loss=0.3782  (rule: diffusion)
[2026-06-02 19:52:42,753][src.modRNN.training.alignment][INFO] - epoch 950  train loss=0.3442  (rule: diffusion)
[2026-06-02 19:52:45,508][src.modRNN.training.alignment][INFO] -   align BPTT @ epoch 951: cos {'ALIFCell_0.input_weights': '0.000', 'ALIFCell_0.recurrent_weights': '0.000', 'ReadOut_0.readout_weights': '0.000'}
[2026-06-02 19:52:46,529][src.modRNN.training.alignment][INFO] -   align eprop @ epoch 951: cos {'ALIFCell_0.input_weights': '0.990', 'ALIFCell_0.recurrent_weights': '0.895', 'ReadOut_0.readout_weights': '0.000'}
[2026-06-02 19:52:47,826][src.modRNN.training.alignment][INFO] -   align diffusion_aligned @ epoch 951: cos {'ALIFCell_0.input_weights': '0.867', 'ALIFCell_0.recurrent_weights': '0.819', 'ReadOut_0.readout_weights': '0.000'}
[2026-06-02 19:52:50,013][src.modRNN.training.alignment][INFO] -   align diffusion_per_step @ epoch 951: cos {'ALIFCell_0.input_weights': '0.959', 'ALIFCell_0.recurrent_weights': '0.870', 'ReadOut_0.readout_weights': '0.000'}
[2026-06-02 19:52:51,275][src.modRNN.training.alignment][INFO] -   align diffusion_fixed @ epoch 951: cos {'ALIFCell_0.input_weights': '0.900', 'ALIFCell_0.recurrent_weights': '0.967', 'ReadOut_0.readout_weights': '0.000'}
[2026-06-02 19:53:23,573][src.modRNN.training.alignment][INFO] - epoch 975  train loss=0.3511  (rule: diffusion)
[2026-06-02 19:53:57,198][src.modRNN.training.alignment][INFO] - epoch 1000  train loss=0.3088  (rule: diffusion)
[2026-06-02 19:53:59,958][src.modRNN.training.alignment][INFO] -   align BPTT @ epoch 1001: cos {'ALIFCell_0.input_weights': '0.000', 'ALIFCell_0.recurrent_weights': '0.000', 'ReadOut_0.readout_weights': '0.000'}
[2026-06-02 19:54:00,967][src.modRNN.training.alignment][INFO] -   align eprop @ epoch 1001: cos {'ALIFCell_0.input_weights': '1.078', 'ALIFCell_0.recurrent_weights': '1.211', 'ReadOut_0.readout_weights': '0.000'}
[2026-06-02 19:54:02,279][src.modRNN.training.alignment][INFO] -   align diffusion_aligned @ epoch 1001: cos {'ALIFCell_0.input_weights': '0.880', 'ALIFCell_0.recurrent_weights': '0.910', 'ReadOut_0.readout_weights': '0.000'}
[2026-06-02 19:54:04,468][src.modRNN.training.alignment][INFO] -   align diffusion_per_step @ epoch 1001: cos {'ALIFCell_0.input_weights': '1.071', 'ALIFCell_0.recurrent_weights': '1.182', 'ReadOut_0.readout_weights': '0.000'}
[2026-06-02 19:54:05,730][src.modRNN.training.alignment][INFO] -   align diffusion_fixed @ epoch 1001: cos {'ALIFCell_0.input_weights': '1.168', 'ALIFCell_0.recurrent_weights': '1.161', 'ReadOut_0.readout_weights': '0.000'}
[2026-06-02 19:54:38,036][src.modRNN.training.alignment][INFO] - epoch 1025  train loss=0.3023  (rule: diffusion)
[2026-06-02 19:55:11,684][src.modRNN.training.alignment][INFO] - epoch 1050  train loss=0.3183  (rule: diffusion)
[2026-06-02 19:55:14,445][src.modRNN.training.alignment][INFO] -   align BPTT @ epoch 1051: cos {'ALIFCell_0.input_weights': '0.000', 'ALIFCell_0.recurrent_weights': '0.000', 'ReadOut_0.readout_weights': '0.000'}
[2026-06-02 19:55:15,457][src.modRNN.training.alignment][INFO] -   align eprop @ epoch 1051: cos {'ALIFCell_0.input_weights': '0.703', 'ALIFCell_0.recurrent_weights': '0.643', 'ReadOut_0.readout_weights': '0.000'}
[2026-06-02 19:55:16,754][src.modRNN.training.alignment][INFO] -   align diffusion_aligned @ epoch 1051: cos {'ALIFCell_0.input_weights': '0.621', 'ALIFCell_0.recurrent_weights': '0.500', 'ReadOut_0.readout_weights': '0.000'}
[2026-06-02 19:55:18,946][src.modRNN.training.alignment][INFO] -   align diffusion_per_step @ epoch 1051: cos {'ALIFCell_0.input_weights': '0.683', 'ALIFCell_0.recurrent_weights': '0.616', 'ReadOut_0.readout_weights': '0.000'}
[2026-06-02 19:55:20,210][src.modRNN.training.alignment][INFO] -   align diffusion_fixed @ epoch 1051: cos {'ALIFCell_0.input_weights': '0.680', 'ALIFCell_0.recurrent_weights': '0.615', 'ReadOut_0.readout_weights': '0.000'}
[2026-06-02 19:55:52,593][src.modRNN.training.alignment][INFO] - epoch 1075  train loss=0.4635  (rule: diffusion)
[2026-06-02 19:56:26,334][src.modRNN.training.alignment][INFO] - epoch 1100  train loss=0.3843  (rule: diffusion)
[2026-06-02 19:56:29,104][src.modRNN.training.alignment][INFO] -   align BPTT @ epoch 1101: cos {'ALIFCell_0.input_weights': '0.000', 'ALIFCell_0.recurrent_weights': '0.000', 'ReadOut_0.readout_weights': '0.000'}
[2026-06-02 19:56:30,120][src.modRNN.training.alignment][INFO] -   align eprop @ epoch 1101: cos {'ALIFCell_0.input_weights': '0.695', 'ALIFCell_0.recurrent_weights': '1.006', 'ReadOut_0.readout_weights': '0.000'}
[2026-06-02 19:56:31,419][src.modRNN.training.alignment][INFO] -   align diffusion_aligned @ epoch 1101: cos {'ALIFCell_0.input_weights': '0.556', 'ALIFCell_0.recurrent_weights': '0.858', 'ReadOut_0.readout_weights': '0.000'}
[2026-06-02 19:56:33,606][src.modRNN.training.alignment][INFO] -   align diffusion_per_step @ epoch 1101: cos {'ALIFCell_0.input_weights': '0.664', 'ALIFCell_0.recurrent_weights': '0.990', 'ReadOut_0.readout_weights': '0.000'}
[2026-06-02 19:56:34,879][src.modRNN.training.alignment][INFO] -   align diffusion_fixed @ epoch 1101: cos {'ALIFCell_0.input_weights': '0.673', 'ALIFCell_0.recurrent_weights': '1.015', 'ReadOut_0.readout_weights': '0.000'}
[2026-06-02 19:57:07,381][src.modRNN.training.alignment][INFO] - epoch 1125  train loss=0.2880  (rule: diffusion)
[2026-06-02 19:57:41,034][src.modRNN.training.alignment][INFO] - epoch 1150  train loss=0.4692  (rule: diffusion)
[2026-06-02 19:57:43,791][src.modRNN.training.alignment][INFO] -   align BPTT @ epoch 1151: cos {'ALIFCell_0.input_weights': '0.000', 'ALIFCell_0.recurrent_weights': '0.000', 'ReadOut_0.readout_weights': '0.000'}
[2026-06-02 19:57:44,800][src.modRNN.training.alignment][INFO] -   align eprop @ epoch 1151: cos {'ALIFCell_0.input_weights': '0.805', 'ALIFCell_0.recurrent_weights': '0.954', 'ReadOut_0.readout_weights': '0.000'}
[2026-06-02 19:57:46,096][src.modRNN.training.alignment][INFO] -   align diffusion_aligned @ epoch 1151: cos {'ALIFCell_0.input_weights': '0.681', 'ALIFCell_0.recurrent_weights': '0.809', 'ReadOut_0.readout_weights': '0.000'}
[2026-06-02 19:57:48,283][src.modRNN.training.alignment][INFO] -   align diffusion_per_step @ epoch 1151: cos {'ALIFCell_0.input_weights': '0.801', 'ALIFCell_0.recurrent_weights': '0.956', 'ReadOut_0.readout_weights': '0.000'}
[2026-06-02 19:57:49,542][src.modRNN.training.alignment][INFO] -   align diffusion_fixed @ epoch 1151: cos {'ALIFCell_0.input_weights': '0.854', 'ALIFCell_0.recurrent_weights': '1.044', 'ReadOut_0.readout_weights': '0.000'}
[2026-06-02 19:58:21,849][src.modRNN.training.alignment][INFO] - epoch 1175  train loss=0.3387  (rule: diffusion)
[2026-06-02 19:58:55,466][src.modRNN.training.alignment][INFO] - epoch 1200  train loss=0.3884  (rule: diffusion)
[2026-06-02 19:58:58,218][src.modRNN.training.alignment][INFO] -   align BPTT @ epoch 1201: cos {'ALIFCell_0.input_weights': '0.000', 'ALIFCell_0.recurrent_weights': '0.000', 'ReadOut_0.readout_weights': '0.000'}
[2026-06-02 19:58:59,227][src.modRNN.training.alignment][INFO] -   align eprop @ epoch 1201: cos {'ALIFCell_0.input_weights': '0.887', 'ALIFCell_0.recurrent_weights': '1.052', 'ReadOut_0.readout_weights': '0.000'}
[2026-06-02 19:59:00,526][src.modRNN.training.alignment][INFO] -   align diffusion_aligned @ epoch 1201: cos {'ALIFCell_0.input_weights': '0.803', 'ALIFCell_0.recurrent_weights': '0.944', 'ReadOut_0.readout_weights': '0.000'}
[2026-06-02 19:59:02,711][src.modRNN.training.alignment][INFO] -   align diffusion_per_step @ epoch 1201: cos {'ALIFCell_0.input_weights': '0.868', 'ALIFCell_0.recurrent_weights': '1.041', 'ReadOut_0.readout_weights': '0.000'}
[2026-06-02 19:59:03,974][src.modRNN.training.alignment][INFO] -   align diffusion_fixed @ epoch 1201: cos {'ALIFCell_0.input_weights': '0.839', 'ALIFCell_0.recurrent_weights': '1.079', 'ReadOut_0.readout_weights': '0.000'}
[2026-06-02 19:59:36,252][src.modRNN.training.alignment][INFO] - epoch 1225  train loss=0.2878  (rule: diffusion)
[2026-06-02 20:00:09,900][src.modRNN.training.alignment][INFO] - epoch 1250  train loss=0.3547  (rule: diffusion)
[2026-06-02 20:00:12,657][src.modRNN.training.alignment][INFO] -   align BPTT @ epoch 1251: cos {'ALIFCell_0.input_weights': '0.000', 'ALIFCell_0.recurrent_weights': '0.000', 'ReadOut_0.readout_weights': '0.000'}
[2026-06-02 20:00:13,666][src.modRNN.training.alignment][INFO] -   align eprop @ epoch 1251: cos {'ALIFCell_0.input_weights': '0.734', 'ALIFCell_0.recurrent_weights': '0.889', 'ReadOut_0.readout_weights': '0.000'}
[2026-06-02 20:00:14,962][src.modRNN.training.alignment][INFO] -   align diffusion_aligned @ epoch 1251: cos {'ALIFCell_0.input_weights': '0.599', 'ALIFCell_0.recurrent_weights': '0.685', 'ReadOut_0.readout_weights': '0.000'}
[2026-06-02 20:00:17,154][src.modRNN.training.alignment][INFO] -   align diffusion_per_step @ epoch 1251: cos {'ALIFCell_0.input_weights': '0.710', 'ALIFCell_0.recurrent_weights': '0.839', 'ReadOut_0.readout_weights': '0.000'}
[2026-06-02 20:00:18,415][src.modRNN.training.alignment][INFO] -   align diffusion_fixed @ epoch 1251: cos {'ALIFCell_0.input_weights': '0.734', 'ALIFCell_0.recurrent_weights': '0.897', 'ReadOut_0.readout_weights': '0.000'}
[2026-06-02 20:00:50,732][src.modRNN.training.alignment][INFO] - epoch 1275  train loss=0.3381  (rule: diffusion)
[2026-06-02 20:01:24,422][src.modRNN.training.alignment][INFO] - epoch 1300  train loss=0.3355  (rule: diffusion)
[2026-06-02 20:01:27,181][src.modRNN.training.alignment][INFO] -   align BPTT @ epoch 1301: cos {'ALIFCell_0.input_weights': '0.000', 'ALIFCell_0.recurrent_weights': '0.000', 'ReadOut_0.readout_weights': '0.000'}
[2026-06-02 20:01:28,196][src.modRNN.training.alignment][INFO] -   align eprop @ epoch 1301: cos {'ALIFCell_0.input_weights': '0.829', 'ALIFCell_0.recurrent_weights': '0.964', 'ReadOut_0.readout_weights': '0.000'}
[2026-06-02 20:01:29,497][src.modRNN.training.alignment][INFO] -   align diffusion_aligned @ epoch 1301: cos {'ALIFCell_0.input_weights': '0.636', 'ALIFCell_0.recurrent_weights': '0.661', 'ReadOut_0.readout_weights': '0.000'}
[2026-06-02 20:01:31,685][src.modRNN.training.alignment][INFO] -   align diffusion_per_step @ epoch 1301: cos {'ALIFCell_0.input_weights': '0.775', 'ALIFCell_0.recurrent_weights': '0.905', 'ReadOut_0.readout_weights': '0.000'}
[2026-06-02 20:01:32,947][src.modRNN.training.alignment][INFO] -   align diffusion_fixed @ epoch 1301: cos {'ALIFCell_0.input_weights': '0.743', 'ALIFCell_0.recurrent_weights': '0.917', 'ReadOut_0.readout_weights': '0.000'}
[2026-06-02 20:02:05,246][src.modRNN.training.alignment][INFO] - epoch 1325  train loss=0.3761  (rule: diffusion)
[2026-06-02 20:02:38,919][src.modRNN.training.alignment][INFO] - epoch 1350  train loss=0.3412  (rule: diffusion)
[2026-06-02 20:02:41,677][src.modRNN.training.alignment][INFO] -   align BPTT @ epoch 1351: cos {'ALIFCell_0.input_weights': '0.000', 'ALIFCell_0.recurrent_weights': '0.000', 'ReadOut_0.readout_weights': '0.000'}
[2026-06-02 20:02:42,688][src.modRNN.training.alignment][INFO] -   align eprop @ epoch 1351: cos {'ALIFCell_0.input_weights': '0.905', 'ALIFCell_0.recurrent_weights': '0.973', 'ReadOut_0.readout_weights': '0.000'}
[2026-06-02 20:02:43,987][src.modRNN.training.alignment][INFO] -   align diffusion_aligned @ epoch 1351: cos {'ALIFCell_0.input_weights': '0.778', 'ALIFCell_0.recurrent_weights': '0.801', 'ReadOut_0.readout_weights': '0.000'}
[2026-06-02 20:02:46,174][src.modRNN.training.alignment][INFO] -   align diffusion_per_step @ epoch 1351: cos {'ALIFCell_0.input_weights': '0.874', 'ALIFCell_0.recurrent_weights': '0.942', 'ReadOut_0.readout_weights': '0.000'}
[2026-06-02 20:02:47,437][src.modRNN.training.alignment][INFO] -   align diffusion_fixed @ epoch 1351: cos {'ALIFCell_0.input_weights': '0.904', 'ALIFCell_0.recurrent_weights': '0.936', 'ReadOut_0.readout_weights': '0.000'}
[2026-06-02 20:03:19,773][src.modRNN.training.alignment][INFO] - epoch 1375  train loss=0.3826  (rule: diffusion)
[2026-06-02 20:03:53,390][src.modRNN.training.alignment][INFO] - epoch 1400  train loss=0.3540  (rule: diffusion)
[2026-06-02 20:03:56,151][src.modRNN.training.alignment][INFO] -   align BPTT @ epoch 1401: cos {'ALIFCell_0.input_weights': '0.000', 'ALIFCell_0.recurrent_weights': '0.000', 'ReadOut_0.readout_weights': '0.000'}
[2026-06-02 20:03:57,161][src.modRNN.training.alignment][INFO] -   align eprop @ epoch 1401: cos {'ALIFCell_0.input_weights': '0.882', 'ALIFCell_0.recurrent_weights': '0.805', 'ReadOut_0.readout_weights': '0.000'}
[2026-06-02 20:03:58,462][src.modRNN.training.alignment][INFO] -   align diffusion_aligned @ epoch 1401: cos {'ALIFCell_0.input_weights': '0.821', 'ALIFCell_0.recurrent_weights': '0.742', 'ReadOut_0.readout_weights': '0.000'}
[2026-06-02 20:04:00,654][src.modRNN.training.alignment][INFO] -   align diffusion_per_step @ epoch 1401: cos {'ALIFCell_0.input_weights': '0.861', 'ALIFCell_0.recurrent_weights': '0.784', 'ReadOut_0.readout_weights': '0.000'}
[2026-06-02 20:04:01,915][src.modRNN.training.alignment][INFO] -   align diffusion_fixed @ epoch 1401: cos {'ALIFCell_0.input_weights': '0.875', 'ALIFCell_0.recurrent_weights': '0.832', 'ReadOut_0.readout_weights': '0.000'}
[2026-06-02 20:04:34,218][src.modRNN.training.alignment][INFO] - epoch 1425  train loss=0.2368  (rule: diffusion)
[2026-06-02 20:05:07,857][src.modRNN.training.alignment][INFO] - epoch 1450  train loss=0.3740  (rule: diffusion)
[2026-06-02 20:05:10,612][src.modRNN.training.alignment][INFO] -   align BPTT @ epoch 1451: cos {'ALIFCell_0.input_weights': '0.000', 'ALIFCell_0.recurrent_weights': '0.000', 'ReadOut_0.readout_weights': '0.000'}
[2026-06-02 20:05:11,622][src.modRNN.training.alignment][INFO] -   align eprop @ epoch 1451: cos {'ALIFCell_0.input_weights': '0.778', 'ALIFCell_0.recurrent_weights': '0.936', 'ReadOut_0.readout_weights': '0.000'}
[2026-06-02 20:05:12,921][src.modRNN.training.alignment][INFO] -   align diffusion_aligned @ epoch 1451: cos {'ALIFCell_0.input_weights': '0.609', 'ALIFCell_0.recurrent_weights': '0.779', 'ReadOut_0.readout_weights': '0.000'}
[2026-06-02 20:05:15,112][src.modRNN.training.alignment][INFO] -   align diffusion_per_step @ epoch 1451: cos {'ALIFCell_0.input_weights': '0.767', 'ALIFCell_0.recurrent_weights': '0.945', 'ReadOut_0.readout_weights': '0.000'}
[2026-06-02 20:05:16,375][src.modRNN.training.alignment][INFO] -   align diffusion_fixed @ epoch 1451: cos {'ALIFCell_0.input_weights': '0.809', 'ALIFCell_0.recurrent_weights': '1.018', 'ReadOut_0.readout_weights': '0.000'}
[2026-06-02 20:05:48,676][src.modRNN.training.alignment][INFO] - epoch 1475  train loss=0.3328  (rule: diffusion)
[2026-06-02 20:06:22,344][src.modRNN.training.alignment][INFO] - epoch 1500  train loss=0.3363  (rule: diffusion)
[2026-06-02 20:06:25,101][src.modRNN.training.alignment][INFO] -   align BPTT @ epoch 1501: cos {'ALIFCell_0.input_weights': '0.000', 'ALIFCell_0.recurrent_weights': '0.000', 'ReadOut_0.readout_weights': '0.000'}
[2026-06-02 20:06:26,113][src.modRNN.training.alignment][INFO] -   align eprop @ epoch 1501: cos {'ALIFCell_0.input_weights': '0.746', 'ALIFCell_0.recurrent_weights': '0.885', 'ReadOut_0.readout_weights': '0.000'}
[2026-06-02 20:06:27,413][src.modRNN.training.alignment][INFO] -   align diffusion_aligned @ epoch 1501: cos {'ALIFCell_0.input_weights': '0.607', 'ALIFCell_0.recurrent_weights': '0.683', 'ReadOut_0.readout_weights': '0.000'}
[2026-06-02 20:06:29,601][src.modRNN.training.alignment][INFO] -   align diffusion_per_step @ epoch 1501: cos {'ALIFCell_0.input_weights': '0.711', 'ALIFCell_0.recurrent_weights': '0.869', 'ReadOut_0.readout_weights': '0.000'}
[2026-06-02 20:06:30,864][src.modRNN.training.alignment][INFO] -   align diffusion_fixed @ epoch 1501: cos {'ALIFCell_0.input_weights': '0.696', 'ALIFCell_0.recurrent_weights': '0.837', 'ReadOut_0.readout_weights': '0.000'}
[2026-06-02 20:07:03,204][src.modRNN.training.alignment][INFO] - epoch 1525  train loss=0.4416  (rule: diffusion)
[2026-06-02 20:07:36,913][src.modRNN.training.alignment][INFO] - epoch 1550  train loss=0.4175  (rule: diffusion)
[2026-06-02 20:07:39,672][src.modRNN.training.alignment][INFO] -   align BPTT @ epoch 1551: cos {'ALIFCell_0.input_weights': '0.000', 'ALIFCell_0.recurrent_weights': '0.000', 'ReadOut_0.readout_weights': '0.000'}
[2026-06-02 20:07:40,684][src.modRNN.training.alignment][INFO] -   align eprop @ epoch 1551: cos {'ALIFCell_0.input_weights': '0.835', 'ALIFCell_0.recurrent_weights': '0.844', 'ReadOut_0.readout_weights': '0.000'}
[2026-06-02 20:07:41,979][src.modRNN.training.alignment][INFO] -   align diffusion_aligned @ epoch 1551: cos {'ALIFCell_0.input_weights': '0.747', 'ALIFCell_0.recurrent_weights': '0.775', 'ReadOut_0.readout_weights': '0.000'}
[2026-06-02 20:07:44,170][src.modRNN.training.alignment][INFO] -   align diffusion_per_step @ epoch 1551: cos {'ALIFCell_0.input_weights': '0.822', 'ALIFCell_0.recurrent_weights': '0.847', 'ReadOut_0.readout_weights': '0.000'}
[2026-06-02 20:07:45,431][src.modRNN.training.alignment][INFO] -   align diffusion_fixed @ epoch 1551: cos {'ALIFCell_0.input_weights': '0.823', 'ALIFCell_0.recurrent_weights': '0.888', 'ReadOut_0.readout_weights': '0.000'}
[2026-06-02 20:08:17,706][src.modRNN.training.alignment][INFO] - epoch 1575  train loss=0.2938  (rule: diffusion)
[2026-06-02 20:08:51,348][src.modRNN.training.alignment][INFO] - epoch 1600  train loss=0.4809  (rule: diffusion)
[2026-06-02 20:08:54,108][src.modRNN.training.alignment][INFO] -   align BPTT @ epoch 1601: cos {'ALIFCell_0.input_weights': '0.000', 'ALIFCell_0.recurrent_weights': '0.000', 'ReadOut_0.readout_weights': '0.000'}
[2026-06-02 20:08:55,116][src.modRNN.training.alignment][INFO] -   align eprop @ epoch 1601: cos {'ALIFCell_0.input_weights': '0.753', 'ALIFCell_0.recurrent_weights': '0.793', 'ReadOut_0.readout_weights': '0.000'}
[2026-06-02 20:08:56,411][src.modRNN.training.alignment][INFO] -   align diffusion_aligned @ epoch 1601: cos {'ALIFCell_0.input_weights': '0.617', 'ALIFCell_0.recurrent_weights': '0.655', 'ReadOut_0.readout_weights': '0.000'}
[2026-06-02 20:08:58,597][src.modRNN.training.alignment][INFO] -   align diffusion_per_step @ epoch 1601: cos {'ALIFCell_0.input_weights': '0.713', 'ALIFCell_0.recurrent_weights': '0.756', 'ReadOut_0.readout_weights': '0.000'}
[2026-06-02 20:08:59,855][src.modRNN.training.alignment][INFO] -   align diffusion_fixed @ epoch 1601: cos {'ALIFCell_0.input_weights': '0.687', 'ALIFCell_0.recurrent_weights': '0.778', 'ReadOut_0.readout_weights': '0.000'}
[2026-06-02 20:09:32,239][src.modRNN.training.alignment][INFO] - epoch 1625  train loss=0.3358  (rule: diffusion)
[2026-06-02 20:10:05,999][src.modRNN.training.alignment][INFO] - epoch 1650  train loss=0.3949  (rule: diffusion)
[2026-06-02 20:10:08,756][src.modRNN.training.alignment][INFO] -   align BPTT @ epoch 1651: cos {'ALIFCell_0.input_weights': '0.000', 'ALIFCell_0.recurrent_weights': '0.000', 'ReadOut_0.readout_weights': '0.000'}
[2026-06-02 20:10:09,767][src.modRNN.training.alignment][INFO] -   align eprop @ epoch 1651: cos {'ALIFCell_0.input_weights': '0.966', 'ALIFCell_0.recurrent_weights': '0.842', 'ReadOut_0.readout_weights': '0.000'}
[2026-06-02 20:10:11,067][src.modRNN.training.alignment][INFO] -   align diffusion_aligned @ epoch 1651: cos {'ALIFCell_0.input_weights': '0.873', 'ALIFCell_0.recurrent_weights': '0.649', 'ReadOut_0.readout_weights': '0.000'}
[2026-06-02 20:10:13,255][src.modRNN.training.alignment][INFO] -   align diffusion_per_step @ epoch 1651: cos {'ALIFCell_0.input_weights': '0.973', 'ALIFCell_0.recurrent_weights': '0.829', 'ReadOut_0.readout_weights': '0.000'}
[2026-06-02 20:10:14,517][src.modRNN.training.alignment][INFO] -   align diffusion_fixed @ epoch 1651: cos {'ALIFCell_0.input_weights': '1.042', 'ALIFCell_0.recurrent_weights': '0.805', 'ReadOut_0.readout_weights': '0.000'}
[2026-06-02 20:10:46,783][src.modRNN.training.alignment][INFO] - epoch 1675  train loss=0.4049  (rule: diffusion)
[2026-06-02 20:11:20,403][src.modRNN.training.alignment][INFO] - epoch 1700  train loss=0.3011  (rule: diffusion)
[2026-06-02 20:11:23,158][src.modRNN.training.alignment][INFO] -   align BPTT @ epoch 1701: cos {'ALIFCell_0.input_weights': '0.000', 'ALIFCell_0.recurrent_weights': '0.000', 'ReadOut_0.readout_weights': '0.000'}
[2026-06-02 20:11:24,168][src.modRNN.training.alignment][INFO] -   align eprop @ epoch 1701: cos {'ALIFCell_0.input_weights': '0.848', 'ALIFCell_0.recurrent_weights': '1.192', 'ReadOut_0.readout_weights': '0.000'}
[2026-06-02 20:11:25,466][src.modRNN.training.alignment][INFO] -   align diffusion_aligned @ epoch 1701: cos {'ALIFCell_0.input_weights': '0.633', 'ALIFCell_0.recurrent_weights': '0.937', 'ReadOut_0.readout_weights': '0.000'}
[2026-06-02 20:11:27,661][src.modRNN.training.alignment][INFO] -   align diffusion_per_step @ epoch 1701: cos {'ALIFCell_0.input_weights': '0.827', 'ALIFCell_0.recurrent_weights': '1.145', 'ReadOut_0.readout_weights': '0.000'}
[2026-06-02 20:11:28,922][src.modRNN.training.alignment][INFO] -   align diffusion_fixed @ epoch 1701: cos {'ALIFCell_0.input_weights': '0.899', 'ALIFCell_0.recurrent_weights': '1.189', 'ReadOut_0.readout_weights': '0.000'}
[2026-06-02 20:12:01,238][src.modRNN.training.alignment][INFO] - epoch 1725  train loss=0.2996  (rule: diffusion)
[2026-06-02 20:12:34,959][src.modRNN.training.alignment][INFO] - epoch 1750  train loss=0.2350  (rule: diffusion)
[2026-06-02 20:12:37,719][src.modRNN.training.alignment][INFO] -   align BPTT @ epoch 1751: cos {'ALIFCell_0.input_weights': '0.000', 'ALIFCell_0.recurrent_weights': '0.000', 'ReadOut_0.readout_weights': '0.000'}
[2026-06-02 20:12:38,735][src.modRNN.training.alignment][INFO] -   align eprop @ epoch 1751: cos {'ALIFCell_0.input_weights': '1.073', 'ALIFCell_0.recurrent_weights': '1.256', 'ReadOut_0.readout_weights': '0.000'}
[2026-06-02 20:12:40,045][src.modRNN.training.alignment][INFO] -   align diffusion_aligned @ epoch 1751: cos {'ALIFCell_0.input_weights': '0.969', 'ALIFCell_0.recurrent_weights': '1.121', 'ReadOut_0.readout_weights': '0.000'}
[2026-06-02 20:12:42,235][src.modRNN.training.alignment][INFO] -   align diffusion_per_step @ epoch 1751: cos {'ALIFCell_0.input_weights': '1.049', 'ALIFCell_0.recurrent_weights': '1.245', 'ReadOut_0.readout_weights': '0.000'}
[2026-06-02 20:12:43,502][src.modRNN.training.alignment][INFO] -   align diffusion_fixed @ epoch 1751: cos {'ALIFCell_0.input_weights': '1.137', 'ALIFCell_0.recurrent_weights': '1.174', 'ReadOut_0.readout_weights': '0.000'}
[2026-06-02 20:13:15,894][src.modRNN.training.alignment][INFO] - epoch 1775  train loss=0.2968  (rule: diffusion)
[2026-06-02 20:13:49,604][src.modRNN.training.alignment][INFO] - epoch 1800  train loss=0.3607  (rule: diffusion)
[2026-06-02 20:13:52,362][src.modRNN.training.alignment][INFO] -   align BPTT @ epoch 1801: cos {'ALIFCell_0.input_weights': '0.000', 'ALIFCell_0.recurrent_weights': '0.000', 'ReadOut_0.readout_weights': '0.000'}
[2026-06-02 20:13:53,374][src.modRNN.training.alignment][INFO] -   align eprop @ epoch 1801: cos {'ALIFCell_0.input_weights': '0.726', 'ALIFCell_0.recurrent_weights': '0.808', 'ReadOut_0.readout_weights': '0.000'}
[2026-06-02 20:13:54,672][src.modRNN.training.alignment][INFO] -   align diffusion_aligned @ epoch 1801: cos {'ALIFCell_0.input_weights': '0.592', 'ALIFCell_0.recurrent_weights': '0.662', 'ReadOut_0.readout_weights': '0.000'}
[2026-06-02 20:13:56,860][src.modRNN.training.alignment][INFO] -   align diffusion_per_step @ epoch 1801: cos {'ALIFCell_0.input_weights': '0.726', 'ALIFCell_0.recurrent_weights': '0.829', 'ReadOut_0.readout_weights': '0.000'}
[2026-06-02 20:13:58,121][src.modRNN.training.alignment][INFO] -   align diffusion_fixed @ epoch 1801: cos {'ALIFCell_0.input_weights': '0.899', 'ALIFCell_0.recurrent_weights': '0.969', 'ReadOut_0.readout_weights': '0.000'}
[2026-06-02 20:14:30,412][src.modRNN.training.alignment][INFO] - epoch 1825  train loss=0.2383  (rule: diffusion)
[2026-06-02 20:15:04,079][src.modRNN.training.alignment][INFO] - epoch 1850  train loss=0.2684  (rule: diffusion)
[2026-06-02 20:15:06,834][src.modRNN.training.alignment][INFO] -   align BPTT @ epoch 1851: cos {'ALIFCell_0.input_weights': '0.000', 'ALIFCell_0.recurrent_weights': '0.000', 'ReadOut_0.readout_weights': '0.000'}
[2026-06-02 20:15:07,842][src.modRNN.training.alignment][INFO] -   align eprop @ epoch 1851: cos {'ALIFCell_0.input_weights': '0.840', 'ALIFCell_0.recurrent_weights': '0.970', 'ReadOut_0.readout_weights': '0.000'}
[2026-06-02 20:15:09,140][src.modRNN.training.alignment][INFO] -   align diffusion_aligned @ epoch 1851: cos {'ALIFCell_0.input_weights': '0.727', 'ALIFCell_0.recurrent_weights': '0.874', 'ReadOut_0.readout_weights': '0.000'}
[2026-06-02 20:15:11,327][src.modRNN.training.alignment][INFO] -   align diffusion_per_step @ epoch 1851: cos {'ALIFCell_0.input_weights': '0.836', 'ALIFCell_0.recurrent_weights': '0.983', 'ReadOut_0.readout_weights': '0.000'}
[2026-06-02 20:15:12,588][src.modRNN.training.alignment][INFO] -   align diffusion_fixed @ epoch 1851: cos {'ALIFCell_0.input_weights': '0.890', 'ALIFCell_0.recurrent_weights': '0.954', 'ReadOut_0.readout_weights': '0.000'}
[2026-06-02 20:15:44,861][src.modRNN.training.alignment][INFO] - epoch 1875  train loss=0.3844  (rule: diffusion)
[2026-06-02 20:16:18,491][src.modRNN.training.alignment][INFO] - epoch 1900  train loss=0.3292  (rule: diffusion)
[2026-06-02 20:16:21,251][src.modRNN.training.alignment][INFO] -   align BPTT @ epoch 1901: cos {'ALIFCell_0.input_weights': '0.000', 'ALIFCell_0.recurrent_weights': '0.000', 'ReadOut_0.readout_weights': '0.000'}
[2026-06-02 20:16:22,260][src.modRNN.training.alignment][INFO] -   align eprop @ epoch 1901: cos {'ALIFCell_0.input_weights': '0.811', 'ALIFCell_0.recurrent_weights': '0.604', 'ReadOut_0.readout_weights': '0.000'}
[2026-06-02 20:16:23,559][src.modRNN.training.alignment][INFO] -   align diffusion_aligned @ epoch 1901: cos {'ALIFCell_0.input_weights': '0.655', 'ALIFCell_0.recurrent_weights': '0.498', 'ReadOut_0.readout_weights': '0.000'}
[2026-06-02 20:16:25,745][src.modRNN.training.alignment][INFO] -   align diffusion_per_step @ epoch 1901: cos {'ALIFCell_0.input_weights': '0.767', 'ALIFCell_0.recurrent_weights': '0.574', 'ReadOut_0.readout_weights': '0.000'}
[2026-06-02 20:16:27,006][src.modRNN.training.alignment][INFO] -   align diffusion_fixed @ epoch 1901: cos {'ALIFCell_0.input_weights': '0.826', 'ALIFCell_0.recurrent_weights': '0.627', 'ReadOut_0.readout_weights': '0.000'}
[2026-06-02 20:16:59,349][src.modRNN.training.alignment][INFO] - epoch 1925  train loss=0.3051  (rule: diffusion)
[2026-06-02 20:17:33,053][src.modRNN.training.alignment][INFO] - epoch 1950  train loss=0.3383  (rule: diffusion)
[2026-06-02 20:17:35,808][src.modRNN.training.alignment][INFO] -   align BPTT @ epoch 1951: cos {'ALIFCell_0.input_weights': '0.000', 'ALIFCell_0.recurrent_weights': '0.000', 'ReadOut_0.readout_weights': '0.000'}
[2026-06-02 20:17:36,819][src.modRNN.training.alignment][INFO] -   align eprop @ epoch 1951: cos {'ALIFCell_0.input_weights': '0.682', 'ALIFCell_0.recurrent_weights': '0.876', 'ReadOut_0.readout_weights': '0.000'}
[2026-06-02 20:17:38,115][src.modRNN.training.alignment][INFO] -   align diffusion_aligned @ epoch 1951: cos {'ALIFCell_0.input_weights': '0.589', 'ALIFCell_0.recurrent_weights': '0.748', 'ReadOut_0.readout_weights': '0.000'}
[2026-06-02 20:17:40,307][src.modRNN.training.alignment][INFO] -   align diffusion_per_step @ epoch 1951: cos {'ALIFCell_0.input_weights': '0.663', 'ALIFCell_0.recurrent_weights': '0.861', 'ReadOut_0.readout_weights': '0.000'}
[2026-06-02 20:17:41,567][src.modRNN.training.alignment][INFO] -   align diffusion_fixed @ epoch 1951: cos {'ALIFCell_0.input_weights': '0.690', 'ALIFCell_0.recurrent_weights': '0.940', 'ReadOut_0.readout_weights': '0.000'}
[2026-06-02 20:18:13,884][src.modRNN.training.alignment][INFO] - epoch 1975  train loss=0.2753  (rule: diffusion)
[2026-06-02 20:18:47,569][src.modRNN.training.alignment][INFO] - epoch 2000  train loss=0.2822  (rule: diffusion)
[2026-06-02 20:18:50,331][src.modRNN.training.alignment][INFO] -   align BPTT @ epoch 2001: cos {'ALIFCell_0.input_weights': '0.000', 'ALIFCell_0.recurrent_weights': '0.000', 'ReadOut_0.readout_weights': '0.000'}
[2026-06-02 20:18:51,340][src.modRNN.training.alignment][INFO] -   align eprop @ epoch 2001: cos {'ALIFCell_0.input_weights': '0.836', 'ALIFCell_0.recurrent_weights': '0.927', 'ReadOut_0.readout_weights': '0.000'}
[2026-06-02 20:18:52,634][src.modRNN.training.alignment][INFO] -   align diffusion_aligned @ epoch 2001: cos {'ALIFCell_0.input_weights': '0.701', 'ALIFCell_0.recurrent_weights': '0.786', 'ReadOut_0.readout_weights': '0.000'}
[2026-06-02 20:18:54,821][src.modRNN.training.alignment][INFO] -   align diffusion_per_step @ epoch 2001: cos {'ALIFCell_0.input_weights': '0.830', 'ALIFCell_0.recurrent_weights': '0.934', 'ReadOut_0.readout_weights': '0.000'}
[2026-06-02 20:18:56,080][src.modRNN.training.alignment][INFO] -   align diffusion_fixed @ epoch 2001: cos {'ALIFCell_0.input_weights': '0.853', 'ALIFCell_0.recurrent_weights': '0.961', 'ReadOut_0.readout_weights': '0.000'}
[2026-06-02 20:18:56,138][src.modRNN.training.alignment][INFO] - Alignment experiment finished. Output dir: /mnt/lustre/work/martius/mot736/neuromodRNN/outputs/cue_accumulation/align_nn_connectivity_diffusion_aligned/seed_111
