[2026-05-19 15:32:28,529][jax._src.xla_bridge][INFO] - Unable to initialize backend 'rocm': module 'jaxlib.xla_extension' has no attribute 'GpuAllocatorConfig'
[2026-05-19 15:32:28,536][jax._src.xla_bridge][INFO] - Unable to initialize backend 'tpu': INTERNAL: Failed to open libtpu.so: libtpu.so: cannot open shared object file: No such file or directory
[2026-05-19 15:32:38,205][src.modRNN.training.alignment][INFO] - Starting alignment experiment: training with diffusion, measuring alignment of ['BPTT', 'eprop', 'diffusion_aligned', 'diffusion_per_step', 'diffusion_fixed'] every 50 epochs.
[2026-05-19 15:32:43,056][src.modRNN.training.alignment][INFO] - epoch 1  train loss=0.6931  (rule: diffusion)
[2026-05-19 15:32:44,981][src.modRNN.training.alignment][INFO] -   align BPTT @ epoch 1: cos {'ALIFCell_0.input_weights': '0.000', 'ALIFCell_0.recurrent_weights': '0.000', 'ReadOut_0.readout_weights': '0.000'}
[2026-05-19 15:32:46,266][src.modRNN.training.alignment][INFO] -   align eprop @ epoch 1: cos {'ALIFCell_0.input_weights': '0.314', 'ALIFCell_0.recurrent_weights': '0.429', 'ReadOut_0.readout_weights': '0.000'}
[2026-05-19 15:32:47,783][src.modRNN.training.alignment][INFO] -   align diffusion_aligned @ epoch 1: cos {'ALIFCell_0.input_weights': '0.637', 'ALIFCell_0.recurrent_weights': '0.864', 'ReadOut_0.readout_weights': '0.000'}
[2026-05-19 15:32:51,154][src.modRNN.training.alignment][INFO] -   align diffusion_per_step @ epoch 1: cos {'ALIFCell_0.input_weights': '0.578', 'ALIFCell_0.recurrent_weights': '0.741', 'ReadOut_0.readout_weights': '0.000'}
[2026-05-19 15:32:52,777][src.modRNN.training.alignment][INFO] -   align diffusion_fixed @ epoch 1: cos {'ALIFCell_0.input_weights': '0.698', 'ALIFCell_0.recurrent_weights': '0.890', 'ReadOut_0.readout_weights': '0.000'}
[2026-05-19 15:33:10,518][src.modRNN.training.alignment][INFO] - epoch 25  train loss=0.6931  (rule: diffusion)
[2026-05-19 15:33:29,065][src.modRNN.training.alignment][INFO] - epoch 50  train loss=0.6931  (rule: diffusion)
[2026-05-19 15:33:30,584][src.modRNN.training.alignment][INFO] -   align BPTT @ epoch 51: cos {'ALIFCell_0.input_weights': '0.000', 'ALIFCell_0.recurrent_weights': '0.000', 'ReadOut_0.readout_weights': '0.000'}
[2026-05-19 15:33:31,153][src.modRNN.training.alignment][INFO] -   align eprop @ epoch 51: cos {'ALIFCell_0.input_weights': '0.363', 'ALIFCell_0.recurrent_weights': '0.370', 'ReadOut_0.readout_weights': '0.000'}
[2026-05-19 15:33:31,858][src.modRNN.training.alignment][INFO] -   align diffusion_aligned @ epoch 51: cos {'ALIFCell_0.input_weights': '1.005', 'ALIFCell_0.recurrent_weights': '1.101', 'ReadOut_0.readout_weights': '0.000'}
[2026-05-19 15:33:33,050][src.modRNN.training.alignment][INFO] -   align diffusion_per_step @ epoch 51: cos {'ALIFCell_0.input_weights': '0.812', 'ALIFCell_0.recurrent_weights': '1.143', 'ReadOut_0.readout_weights': '0.000'}
[2026-05-19 15:33:33,739][src.modRNN.training.alignment][INFO] -   align diffusion_fixed @ epoch 51: cos {'ALIFCell_0.input_weights': '0.925', 'ALIFCell_0.recurrent_weights': '1.164', 'ReadOut_0.readout_weights': '0.000'}
[2026-05-19 15:33:51,632][src.modRNN.training.alignment][INFO] - epoch 75  train loss=0.6931  (rule: diffusion)
[2026-05-19 15:34:10,372][src.modRNN.training.alignment][INFO] - epoch 100  train loss=0.6931  (rule: diffusion)
[2026-05-19 15:34:11,906][src.modRNN.training.alignment][INFO] -   align BPTT @ epoch 101: cos {'ALIFCell_0.input_weights': '0.000', 'ALIFCell_0.recurrent_weights': '0.000', 'ReadOut_0.readout_weights': '0.000'}
[2026-05-19 15:34:12,477][src.modRNN.training.alignment][INFO] -   align eprop @ epoch 101: cos {'ALIFCell_0.input_weights': '0.604', 'ALIFCell_0.recurrent_weights': '0.752', 'ReadOut_0.readout_weights': '0.000'}
[2026-05-19 15:34:13,187][src.modRNN.training.alignment][INFO] -   align diffusion_aligned @ epoch 101: cos {'ALIFCell_0.input_weights': '0.720', 'ALIFCell_0.recurrent_weights': '1.038', 'ReadOut_0.readout_weights': '0.000'}
[2026-05-19 15:34:14,387][src.modRNN.training.alignment][INFO] -   align diffusion_per_step @ epoch 101: cos {'ALIFCell_0.input_weights': '0.704', 'ALIFCell_0.recurrent_weights': '0.966', 'ReadOut_0.readout_weights': '0.000'}
[2026-05-19 15:34:15,081][src.modRNN.training.alignment][INFO] -   align diffusion_fixed @ epoch 101: cos {'ALIFCell_0.input_weights': '0.719', 'ALIFCell_0.recurrent_weights': '1.017', 'ReadOut_0.readout_weights': '0.000'}
[2026-05-19 15:34:33,145][src.modRNN.training.alignment][INFO] - epoch 125  train loss=0.6931  (rule: diffusion)
[2026-05-19 15:34:51,955][src.modRNN.training.alignment][INFO] - epoch 150  train loss=0.6919  (rule: diffusion)
[2026-05-19 15:34:53,501][src.modRNN.training.alignment][INFO] -   align BPTT @ epoch 151: cos {'ALIFCell_0.input_weights': '0.000', 'ALIFCell_0.recurrent_weights': '0.000', 'ReadOut_0.readout_weights': '0.000'}
[2026-05-19 15:34:54,079][src.modRNN.training.alignment][INFO] -   align eprop @ epoch 151: cos {'ALIFCell_0.input_weights': '1.396', 'ALIFCell_0.recurrent_weights': '0.880', 'ReadOut_0.readout_weights': '0.000'}
[2026-05-19 15:34:54,795][src.modRNN.training.alignment][INFO] -   align diffusion_aligned @ epoch 151: cos {'ALIFCell_0.input_weights': '1.360', 'ALIFCell_0.recurrent_weights': '0.838', 'ReadOut_0.readout_weights': '0.000'}
[2026-05-19 15:34:56,010][src.modRNN.training.alignment][INFO] -   align diffusion_per_step @ epoch 151: cos {'ALIFCell_0.input_weights': '1.344', 'ALIFCell_0.recurrent_weights': '0.875', 'ReadOut_0.readout_weights': '0.000'}
[2026-05-19 15:34:56,706][src.modRNN.training.alignment][INFO] -   align diffusion_fixed @ epoch 151: cos {'ALIFCell_0.input_weights': '1.359', 'ALIFCell_0.recurrent_weights': '0.899', 'ReadOut_0.readout_weights': '0.000'}
[2026-05-19 15:35:14,919][src.modRNN.training.alignment][INFO] - epoch 175  train loss=0.6714  (rule: diffusion)
[2026-05-19 15:35:33,906][src.modRNN.training.alignment][INFO] - epoch 200  train loss=0.6645  (rule: diffusion)
[2026-05-19 15:35:35,448][src.modRNN.training.alignment][INFO] -   align BPTT @ epoch 201: cos {'ALIFCell_0.input_weights': '0.000', 'ALIFCell_0.recurrent_weights': '0.000', 'ReadOut_0.readout_weights': '0.000'}
[2026-05-19 15:35:36,026][src.modRNN.training.alignment][INFO] -   align eprop @ epoch 201: cos {'ALIFCell_0.input_weights': '1.394', 'ALIFCell_0.recurrent_weights': '1.014', 'ReadOut_0.readout_weights': '0.000'}
[2026-05-19 15:35:36,745][src.modRNN.training.alignment][INFO] -   align diffusion_aligned @ epoch 201: cos {'ALIFCell_0.input_weights': '1.331', 'ALIFCell_0.recurrent_weights': '0.929', 'ReadOut_0.readout_weights': '0.000'}
[2026-05-19 15:35:37,959][src.modRNN.training.alignment][INFO] -   align diffusion_per_step @ epoch 201: cos {'ALIFCell_0.input_weights': '1.360', 'ALIFCell_0.recurrent_weights': '0.984', 'ReadOut_0.readout_weights': '0.000'}
[2026-05-19 15:35:38,658][src.modRNN.training.alignment][INFO] -   align diffusion_fixed @ epoch 201: cos {'ALIFCell_0.input_weights': '1.389', 'ALIFCell_0.recurrent_weights': '1.065', 'ReadOut_0.readout_weights': '0.000'}
[2026-05-19 15:35:56,855][src.modRNN.training.alignment][INFO] - epoch 225  train loss=0.6235  (rule: diffusion)
[2026-05-19 15:36:15,808][src.modRNN.training.alignment][INFO] - epoch 250  train loss=0.5499  (rule: diffusion)
[2026-05-19 15:36:17,351][src.modRNN.training.alignment][INFO] -   align BPTT @ epoch 251: cos {'ALIFCell_0.input_weights': '0.000', 'ALIFCell_0.recurrent_weights': '0.000', 'ReadOut_0.readout_weights': '0.000'}
[2026-05-19 15:36:17,929][src.modRNN.training.alignment][INFO] -   align eprop @ epoch 251: cos {'ALIFCell_0.input_weights': '1.460', 'ALIFCell_0.recurrent_weights': '1.250', 'ReadOut_0.readout_weights': '0.000'}
[2026-05-19 15:36:18,644][src.modRNN.training.alignment][INFO] -   align diffusion_aligned @ epoch 251: cos {'ALIFCell_0.input_weights': '1.413', 'ALIFCell_0.recurrent_weights': '1.054', 'ReadOut_0.readout_weights': '0.000'}
[2026-05-19 15:36:19,855][src.modRNN.training.alignment][INFO] -   align diffusion_per_step @ epoch 251: cos {'ALIFCell_0.input_weights': '1.382', 'ALIFCell_0.recurrent_weights': '1.077', 'ReadOut_0.readout_weights': '0.000'}
[2026-05-19 15:36:20,551][src.modRNN.training.alignment][INFO] -   align diffusion_fixed @ epoch 251: cos {'ALIFCell_0.input_weights': '1.399', 'ALIFCell_0.recurrent_weights': '1.145', 'ReadOut_0.readout_weights': '0.000'}
[2026-05-19 15:36:38,771][src.modRNN.training.alignment][INFO] - epoch 275  train loss=0.5950  (rule: diffusion)
[2026-05-19 15:36:57,700][src.modRNN.training.alignment][INFO] - epoch 300  train loss=0.6326  (rule: diffusion)
[2026-05-19 15:36:59,246][src.modRNN.training.alignment][INFO] -   align BPTT @ epoch 301: cos {'ALIFCell_0.input_weights': '0.000', 'ALIFCell_0.recurrent_weights': '0.000', 'ReadOut_0.readout_weights': '0.000'}
[2026-05-19 15:36:59,822][src.modRNN.training.alignment][INFO] -   align eprop @ epoch 301: cos {'ALIFCell_0.input_weights': '1.283', 'ALIFCell_0.recurrent_weights': '1.375', 'ReadOut_0.readout_weights': '0.000'}
[2026-05-19 15:37:00,538][src.modRNN.training.alignment][INFO] -   align diffusion_aligned @ epoch 301: cos {'ALIFCell_0.input_weights': '1.152', 'ALIFCell_0.recurrent_weights': '1.254', 'ReadOut_0.readout_weights': '0.000'}
[2026-05-19 15:37:01,752][src.modRNN.training.alignment][INFO] -   align diffusion_per_step @ epoch 301: cos {'ALIFCell_0.input_weights': '1.310', 'ALIFCell_0.recurrent_weights': '1.268', 'ReadOut_0.readout_weights': '0.000'}
[2026-05-19 15:37:02,452][src.modRNN.training.alignment][INFO] -   align diffusion_fixed @ epoch 301: cos {'ALIFCell_0.input_weights': '1.447', 'ALIFCell_0.recurrent_weights': '1.311', 'ReadOut_0.readout_weights': '0.000'}
[2026-05-19 15:37:20,670][src.modRNN.training.alignment][INFO] - epoch 325  train loss=0.5828  (rule: diffusion)
[2026-05-19 15:37:39,640][src.modRNN.training.alignment][INFO] - epoch 350  train loss=0.6541  (rule: diffusion)
[2026-05-19 15:37:41,181][src.modRNN.training.alignment][INFO] -   align BPTT @ epoch 351: cos {'ALIFCell_0.input_weights': '0.000', 'ALIFCell_0.recurrent_weights': '0.000', 'ReadOut_0.readout_weights': '0.000'}
[2026-05-19 15:37:41,760][src.modRNN.training.alignment][INFO] -   align eprop @ epoch 351: cos {'ALIFCell_0.input_weights': '1.179', 'ALIFCell_0.recurrent_weights': '1.435', 'ReadOut_0.readout_weights': '0.000'}
[2026-05-19 15:37:42,477][src.modRNN.training.alignment][INFO] -   align diffusion_aligned @ epoch 351: cos {'ALIFCell_0.input_weights': '1.225', 'ALIFCell_0.recurrent_weights': '1.428', 'ReadOut_0.readout_weights': '0.000'}
[2026-05-19 15:37:43,690][src.modRNN.training.alignment][INFO] -   align diffusion_per_step @ epoch 351: cos {'ALIFCell_0.input_weights': '1.312', 'ALIFCell_0.recurrent_weights': '1.403', 'ReadOut_0.readout_weights': '0.000'}
[2026-05-19 15:37:44,388][src.modRNN.training.alignment][INFO] -   align diffusion_fixed @ epoch 351: cos {'ALIFCell_0.input_weights': '1.429', 'ALIFCell_0.recurrent_weights': '1.419', 'ReadOut_0.readout_weights': '0.000'}
[2026-05-19 15:38:02,603][src.modRNN.training.alignment][INFO] - epoch 375  train loss=0.6194  (rule: diffusion)
[2026-05-19 15:38:21,753][src.modRNN.training.alignment][INFO] - epoch 400  train loss=0.6391  (rule: diffusion)
[2026-05-19 15:38:23,313][src.modRNN.training.alignment][INFO] -   align BPTT @ epoch 401: cos {'ALIFCell_0.input_weights': '0.000', 'ALIFCell_0.recurrent_weights': '0.000', 'ReadOut_0.readout_weights': '0.000'}
[2026-05-19 15:38:23,896][src.modRNN.training.alignment][INFO] -   align eprop @ epoch 401: cos {'ALIFCell_0.input_weights': '1.052', 'ALIFCell_0.recurrent_weights': '1.488', 'ReadOut_0.readout_weights': '0.000'}
[2026-05-19 15:38:24,626][src.modRNN.training.alignment][INFO] -   align diffusion_aligned @ epoch 401: cos {'ALIFCell_0.input_weights': '1.050', 'ALIFCell_0.recurrent_weights': '1.486', 'ReadOut_0.readout_weights': '0.000'}
[2026-05-19 15:38:25,848][src.modRNN.training.alignment][INFO] -   align diffusion_per_step @ epoch 401: cos {'ALIFCell_0.input_weights': '1.088', 'ALIFCell_0.recurrent_weights': '1.472', 'ReadOut_0.readout_weights': '0.000'}
[2026-05-19 15:38:26,559][src.modRNN.training.alignment][INFO] -   align diffusion_fixed @ epoch 401: cos {'ALIFCell_0.input_weights': '1.154', 'ALIFCell_0.recurrent_weights': '1.491', 'ReadOut_0.readout_weights': '0.000'}
[2026-05-19 15:38:44,937][src.modRNN.training.alignment][INFO] - epoch 425  train loss=0.5396  (rule: diffusion)
[2026-05-19 15:39:04,105][src.modRNN.training.alignment][INFO] - epoch 450  train loss=0.5238  (rule: diffusion)
[2026-05-19 15:39:05,670][src.modRNN.training.alignment][INFO] -   align BPTT @ epoch 451: cos {'ALIFCell_0.input_weights': '0.000', 'ALIFCell_0.recurrent_weights': '0.000', 'ReadOut_0.readout_weights': '0.000'}
[2026-05-19 15:39:06,268][src.modRNN.training.alignment][INFO] -   align eprop @ epoch 451: cos {'ALIFCell_0.input_weights': '1.126', 'ALIFCell_0.recurrent_weights': '1.345', 'ReadOut_0.readout_weights': '0.000'}
[2026-05-19 15:39:07,006][src.modRNN.training.alignment][INFO] -   align diffusion_aligned @ epoch 451: cos {'ALIFCell_0.input_weights': '1.051', 'ALIFCell_0.recurrent_weights': '1.298', 'ReadOut_0.readout_weights': '0.000'}
[2026-05-19 15:39:08,233][src.modRNN.training.alignment][INFO] -   align diffusion_per_step @ epoch 451: cos {'ALIFCell_0.input_weights': '1.102', 'ALIFCell_0.recurrent_weights': '1.286', 'ReadOut_0.readout_weights': '0.000'}
[2026-05-19 15:39:08,943][src.modRNN.training.alignment][INFO] -   align diffusion_fixed @ epoch 451: cos {'ALIFCell_0.input_weights': '1.159', 'ALIFCell_0.recurrent_weights': '1.321', 'ReadOut_0.readout_weights': '0.000'}
[2026-05-19 15:39:27,432][src.modRNN.training.alignment][INFO] - epoch 475  train loss=0.5434  (rule: diffusion)
[2026-05-19 15:39:46,642][src.modRNN.training.alignment][INFO] - epoch 500  train loss=0.5876  (rule: diffusion)
[2026-05-19 15:39:48,207][src.modRNN.training.alignment][INFO] -   align BPTT @ epoch 501: cos {'ALIFCell_0.input_weights': '0.000', 'ALIFCell_0.recurrent_weights': '0.000', 'ReadOut_0.readout_weights': '0.000'}
[2026-05-19 15:39:48,797][src.modRNN.training.alignment][INFO] -   align eprop @ epoch 501: cos {'ALIFCell_0.input_weights': '1.160', 'ALIFCell_0.recurrent_weights': '1.247', 'ReadOut_0.readout_weights': '0.000'}
[2026-05-19 15:39:49,523][src.modRNN.training.alignment][INFO] -   align diffusion_aligned @ epoch 501: cos {'ALIFCell_0.input_weights': '1.090', 'ALIFCell_0.recurrent_weights': '1.165', 'ReadOut_0.readout_weights': '0.000'}
[2026-05-19 15:39:50,755][src.modRNN.training.alignment][INFO] -   align diffusion_per_step @ epoch 501: cos {'ALIFCell_0.input_weights': '1.119', 'ALIFCell_0.recurrent_weights': '1.189', 'ReadOut_0.readout_weights': '0.000'}
[2026-05-19 15:39:51,466][src.modRNN.training.alignment][INFO] -   align diffusion_fixed @ epoch 501: cos {'ALIFCell_0.input_weights': '1.135', 'ALIFCell_0.recurrent_weights': '1.194', 'ReadOut_0.readout_weights': '0.000'}
[2026-05-19 15:40:09,943][src.modRNN.training.alignment][INFO] - epoch 525  train loss=0.5974  (rule: diffusion)
[2026-05-19 15:40:29,292][src.modRNN.training.alignment][INFO] - epoch 550  train loss=0.5063  (rule: diffusion)
[2026-05-19 15:40:30,873][src.modRNN.training.alignment][INFO] -   align BPTT @ epoch 551: cos {'ALIFCell_0.input_weights': '0.000', 'ALIFCell_0.recurrent_weights': '0.000', 'ReadOut_0.readout_weights': '0.000'}
[2026-05-19 15:40:31,464][src.modRNN.training.alignment][INFO] -   align eprop @ epoch 551: cos {'ALIFCell_0.input_weights': '1.009', 'ALIFCell_0.recurrent_weights': '1.157', 'ReadOut_0.readout_weights': '0.000'}
[2026-05-19 15:40:32,206][src.modRNN.training.alignment][INFO] -   align diffusion_aligned @ epoch 551: cos {'ALIFCell_0.input_weights': '0.860', 'ALIFCell_0.recurrent_weights': '0.997', 'ReadOut_0.readout_weights': '0.000'}
[2026-05-19 15:40:33,434][src.modRNN.training.alignment][INFO] -   align diffusion_per_step @ epoch 551: cos {'ALIFCell_0.input_weights': '0.972', 'ALIFCell_0.recurrent_weights': '1.039', 'ReadOut_0.readout_weights': '0.000'}
[2026-05-19 15:40:34,148][src.modRNN.training.alignment][INFO] -   align diffusion_fixed @ epoch 551: cos {'ALIFCell_0.input_weights': '1.096', 'ALIFCell_0.recurrent_weights': '1.073', 'ReadOut_0.readout_weights': '0.000'}
[2026-05-19 15:40:52,624][src.modRNN.training.alignment][INFO] - epoch 575  train loss=0.5852  (rule: diffusion)
[2026-05-19 15:41:11,971][src.modRNN.training.alignment][INFO] - epoch 600  train loss=0.5565  (rule: diffusion)
[2026-05-19 15:41:13,541][src.modRNN.training.alignment][INFO] -   align BPTT @ epoch 601: cos {'ALIFCell_0.input_weights': '0.000', 'ALIFCell_0.recurrent_weights': '0.000', 'ReadOut_0.readout_weights': '0.000'}
[2026-05-19 15:41:14,130][src.modRNN.training.alignment][INFO] -   align eprop @ epoch 601: cos {'ALIFCell_0.input_weights': '0.973', 'ALIFCell_0.recurrent_weights': '1.328', 'ReadOut_0.readout_weights': '0.000'}
[2026-05-19 15:41:14,865][src.modRNN.training.alignment][INFO] -   align diffusion_aligned @ epoch 601: cos {'ALIFCell_0.input_weights': '1.054', 'ALIFCell_0.recurrent_weights': '1.340', 'ReadOut_0.readout_weights': '0.000'}
[2026-05-19 15:41:16,096][src.modRNN.training.alignment][INFO] -   align diffusion_per_step @ epoch 601: cos {'ALIFCell_0.input_weights': '1.067', 'ALIFCell_0.recurrent_weights': '1.335', 'ReadOut_0.readout_weights': '0.000'}
[2026-05-19 15:41:16,814][src.modRNN.training.alignment][INFO] -   align diffusion_fixed @ epoch 601: cos {'ALIFCell_0.input_weights': '1.114', 'ALIFCell_0.recurrent_weights': '1.354', 'ReadOut_0.readout_weights': '0.000'}
[2026-05-19 15:41:35,418][src.modRNN.training.alignment][INFO] - epoch 625  train loss=0.4671  (rule: diffusion)
[2026-05-19 15:41:54,728][src.modRNN.training.alignment][INFO] - epoch 650  train loss=0.5214  (rule: diffusion)
[2026-05-19 15:41:56,296][src.modRNN.training.alignment][INFO] -   align BPTT @ epoch 651: cos {'ALIFCell_0.input_weights': '0.000', 'ALIFCell_0.recurrent_weights': '0.000', 'ReadOut_0.readout_weights': '0.000'}
[2026-05-19 15:41:56,886][src.modRNN.training.alignment][INFO] -   align eprop @ epoch 651: cos {'ALIFCell_0.input_weights': '1.137', 'ALIFCell_0.recurrent_weights': '1.289', 'ReadOut_0.readout_weights': '0.000'}
[2026-05-19 15:41:57,625][src.modRNN.training.alignment][INFO] -   align diffusion_aligned @ epoch 651: cos {'ALIFCell_0.input_weights': '1.065', 'ALIFCell_0.recurrent_weights': '1.317', 'ReadOut_0.readout_weights': '0.000'}
[2026-05-19 15:41:58,856][src.modRNN.training.alignment][INFO] -   align diffusion_per_step @ epoch 651: cos {'ALIFCell_0.input_weights': '1.162', 'ALIFCell_0.recurrent_weights': '1.254', 'ReadOut_0.readout_weights': '0.000'}
[2026-05-19 15:41:59,566][src.modRNN.training.alignment][INFO] -   align diffusion_fixed @ epoch 651: cos {'ALIFCell_0.input_weights': '1.212', 'ALIFCell_0.recurrent_weights': '1.272', 'ReadOut_0.readout_weights': '0.000'}
[2026-05-19 15:42:18,119][src.modRNN.training.alignment][INFO] - epoch 675  train loss=0.6356  (rule: diffusion)
[2026-05-19 15:42:37,458][src.modRNN.training.alignment][INFO] - epoch 700  train loss=0.5167  (rule: diffusion)
[2026-05-19 15:42:39,029][src.modRNN.training.alignment][INFO] -   align BPTT @ epoch 701: cos {'ALIFCell_0.input_weights': '0.000', 'ALIFCell_0.recurrent_weights': '0.000', 'ReadOut_0.readout_weights': '0.000'}
[2026-05-19 15:42:39,627][src.modRNN.training.alignment][INFO] -   align eprop @ epoch 701: cos {'ALIFCell_0.input_weights': '1.246', 'ALIFCell_0.recurrent_weights': '1.431', 'ReadOut_0.readout_weights': '0.000'}
[2026-05-19 15:42:40,366][src.modRNN.training.alignment][INFO] -   align diffusion_aligned @ epoch 701: cos {'ALIFCell_0.input_weights': '1.137', 'ALIFCell_0.recurrent_weights': '1.436', 'ReadOut_0.readout_weights': '0.000'}
[2026-05-19 15:42:41,605][src.modRNN.training.alignment][INFO] -   align diffusion_per_step @ epoch 701: cos {'ALIFCell_0.input_weights': '1.204', 'ALIFCell_0.recurrent_weights': '1.429', 'ReadOut_0.readout_weights': '0.000'}
[2026-05-19 15:42:42,318][src.modRNN.training.alignment][INFO] -   align diffusion_fixed @ epoch 701: cos {'ALIFCell_0.input_weights': '1.259', 'ALIFCell_0.recurrent_weights': '1.449', 'ReadOut_0.readout_weights': '0.000'}
[2026-05-19 15:43:00,899][src.modRNN.training.alignment][INFO] - epoch 725  train loss=0.4753  (rule: diffusion)
[2026-05-19 15:43:20,364][src.modRNN.training.alignment][INFO] - epoch 750  train loss=0.5335  (rule: diffusion)
[2026-05-19 15:43:21,944][src.modRNN.training.alignment][INFO] -   align BPTT @ epoch 751: cos {'ALIFCell_0.input_weights': '0.000', 'ALIFCell_0.recurrent_weights': '0.000', 'ReadOut_0.readout_weights': '0.000'}
[2026-05-19 15:43:22,536][src.modRNN.training.alignment][INFO] -   align eprop @ epoch 751: cos {'ALIFCell_0.input_weights': '1.157', 'ALIFCell_0.recurrent_weights': '1.413', 'ReadOut_0.readout_weights': '0.000'}
[2026-05-19 15:43:23,277][src.modRNN.training.alignment][INFO] -   align diffusion_aligned @ epoch 751: cos {'ALIFCell_0.input_weights': '0.996', 'ALIFCell_0.recurrent_weights': '1.333', 'ReadOut_0.readout_weights': '0.000'}
[2026-05-19 15:43:24,517][src.modRNN.training.alignment][INFO] -   align diffusion_per_step @ epoch 751: cos {'ALIFCell_0.input_weights': '1.049', 'ALIFCell_0.recurrent_weights': '1.365', 'ReadOut_0.readout_weights': '0.000'}
[2026-05-19 15:43:25,228][src.modRNN.training.alignment][INFO] -   align diffusion_fixed @ epoch 751: cos {'ALIFCell_0.input_weights': '1.051', 'ALIFCell_0.recurrent_weights': '1.365', 'ReadOut_0.readout_weights': '0.000'}
[2026-05-19 15:43:43,959][src.modRNN.training.alignment][INFO] - epoch 775  train loss=0.5075  (rule: diffusion)
[2026-05-19 15:44:03,525][src.modRNN.training.alignment][INFO] - epoch 800  train loss=0.3043  (rule: diffusion)
[2026-05-19 15:44:05,101][src.modRNN.training.alignment][INFO] -   align BPTT @ epoch 801: cos {'ALIFCell_0.input_weights': '0.000', 'ALIFCell_0.recurrent_weights': '0.000', 'ReadOut_0.readout_weights': '0.000'}
[2026-05-19 15:44:05,688][src.modRNN.training.alignment][INFO] -   align eprop @ epoch 801: cos {'ALIFCell_0.input_weights': '1.323', 'ALIFCell_0.recurrent_weights': '1.239', 'ReadOut_0.readout_weights': '0.000'}
[2026-05-19 15:44:06,429][src.modRNN.training.alignment][INFO] -   align diffusion_aligned @ epoch 801: cos {'ALIFCell_0.input_weights': '1.318', 'ALIFCell_0.recurrent_weights': '1.224', 'ReadOut_0.readout_weights': '0.000'}
[2026-05-19 15:44:07,684][src.modRNN.training.alignment][INFO] -   align diffusion_per_step @ epoch 801: cos {'ALIFCell_0.input_weights': '1.312', 'ALIFCell_0.recurrent_weights': '1.226', 'ReadOut_0.readout_weights': '0.000'}
[2026-05-19 15:44:08,406][src.modRNN.training.alignment][INFO] -   align diffusion_fixed @ epoch 801: cos {'ALIFCell_0.input_weights': '1.338', 'ALIFCell_0.recurrent_weights': '1.252', 'ReadOut_0.readout_weights': '0.000'}
[2026-05-19 15:44:26,985][src.modRNN.training.alignment][INFO] - epoch 825  train loss=0.4871  (rule: diffusion)
[2026-05-19 15:44:46,332][src.modRNN.training.alignment][INFO] - epoch 850  train loss=0.4752  (rule: diffusion)
[2026-05-19 15:44:47,911][src.modRNN.training.alignment][INFO] -   align BPTT @ epoch 851: cos {'ALIFCell_0.input_weights': '0.000', 'ALIFCell_0.recurrent_weights': '0.000', 'ReadOut_0.readout_weights': '0.000'}
[2026-05-19 15:44:48,508][src.modRNN.training.alignment][INFO] -   align eprop @ epoch 851: cos {'ALIFCell_0.input_weights': '1.184', 'ALIFCell_0.recurrent_weights': '1.124', 'ReadOut_0.readout_weights': '0.000'}
[2026-05-19 15:44:49,246][src.modRNN.training.alignment][INFO] -   align diffusion_aligned @ epoch 851: cos {'ALIFCell_0.input_weights': '1.081', 'ALIFCell_0.recurrent_weights': '1.024', 'ReadOut_0.readout_weights': '0.000'}
[2026-05-19 15:44:50,489][src.modRNN.training.alignment][INFO] -   align diffusion_per_step @ epoch 851: cos {'ALIFCell_0.input_weights': '1.121', 'ALIFCell_0.recurrent_weights': '1.054', 'ReadOut_0.readout_weights': '0.000'}
[2026-05-19 15:44:51,209][src.modRNN.training.alignment][INFO] -   align diffusion_fixed @ epoch 851: cos {'ALIFCell_0.input_weights': '1.142', 'ALIFCell_0.recurrent_weights': '1.113', 'ReadOut_0.readout_weights': '0.000'}
[2026-05-19 15:45:09,898][src.modRNN.training.alignment][INFO] - epoch 875  train loss=0.7700  (rule: diffusion)
[2026-05-19 15:45:29,411][src.modRNN.training.alignment][INFO] - epoch 900  train loss=0.6609  (rule: diffusion)
[2026-05-19 15:45:30,997][src.modRNN.training.alignment][INFO] -   align BPTT @ epoch 901: cos {'ALIFCell_0.input_weights': '0.000', 'ALIFCell_0.recurrent_weights': '0.000', 'ReadOut_0.readout_weights': '0.000'}
[2026-05-19 15:45:31,588][src.modRNN.training.alignment][INFO] -   align eprop @ epoch 901: cos {'ALIFCell_0.input_weights': '1.079', 'ALIFCell_0.recurrent_weights': '1.113', 'ReadOut_0.readout_weights': '0.000'}
[2026-05-19 15:45:32,338][src.modRNN.training.alignment][INFO] -   align diffusion_aligned @ epoch 901: cos {'ALIFCell_0.input_weights': '1.027', 'ALIFCell_0.recurrent_weights': '1.150', 'ReadOut_0.readout_weights': '0.000'}
[2026-05-19 15:45:33,585][src.modRNN.training.alignment][INFO] -   align diffusion_per_step @ epoch 901: cos {'ALIFCell_0.input_weights': '1.132', 'ALIFCell_0.recurrent_weights': '1.273', 'ReadOut_0.readout_weights': '0.000'}
[2026-05-19 15:45:34,302][src.modRNN.training.alignment][INFO] -   align diffusion_fixed @ epoch 901: cos {'ALIFCell_0.input_weights': '1.154', 'ALIFCell_0.recurrent_weights': '1.306', 'ReadOut_0.readout_weights': '0.000'}
[2026-05-19 15:45:53,003][src.modRNN.training.alignment][INFO] - epoch 925  train loss=0.6810  (rule: diffusion)
[2026-05-19 15:46:12,524][src.modRNN.training.alignment][INFO] - epoch 950  train loss=0.6613  (rule: diffusion)
[2026-05-19 15:46:14,104][src.modRNN.training.alignment][INFO] -   align BPTT @ epoch 951: cos {'ALIFCell_0.input_weights': '0.000', 'ALIFCell_0.recurrent_weights': '0.000', 'ReadOut_0.readout_weights': '0.000'}
[2026-05-19 15:46:14,709][src.modRNN.training.alignment][INFO] -   align eprop @ epoch 951: cos {'ALIFCell_0.input_weights': '1.198', 'ALIFCell_0.recurrent_weights': '1.133', 'ReadOut_0.readout_weights': '0.000'}
[2026-05-19 15:46:15,446][src.modRNN.training.alignment][INFO] -   align diffusion_aligned @ epoch 951: cos {'ALIFCell_0.input_weights': '0.896', 'ALIFCell_0.recurrent_weights': '1.043', 'ReadOut_0.readout_weights': '0.000'}
[2026-05-19 15:46:16,689][src.modRNN.training.alignment][INFO] -   align diffusion_per_step @ epoch 951: cos {'ALIFCell_0.input_weights': '1.033', 'ALIFCell_0.recurrent_weights': '1.041', 'ReadOut_0.readout_weights': '0.000'}
[2026-05-19 15:46:17,408][src.modRNN.training.alignment][INFO] -   align diffusion_fixed @ epoch 951: cos {'ALIFCell_0.input_weights': '1.045', 'ALIFCell_0.recurrent_weights': '1.071', 'ReadOut_0.readout_weights': '0.000'}
[2026-05-19 15:46:36,066][src.modRNN.training.alignment][INFO] - epoch 975  train loss=0.6425  (rule: diffusion)
[2026-05-19 15:46:55,455][src.modRNN.training.alignment][INFO] - epoch 1000  train loss=0.6663  (rule: diffusion)
[2026-05-19 15:46:57,041][src.modRNN.training.alignment][INFO] -   align BPTT @ epoch 1001: cos {'ALIFCell_0.input_weights': '0.000', 'ALIFCell_0.recurrent_weights': '0.000', 'ReadOut_0.readout_weights': '0.000'}
[2026-05-19 15:46:57,634][src.modRNN.training.alignment][INFO] -   align eprop @ epoch 1001: cos {'ALIFCell_0.input_weights': '1.014', 'ALIFCell_0.recurrent_weights': '1.234', 'ReadOut_0.readout_weights': '0.000'}
[2026-05-19 15:46:58,375][src.modRNN.training.alignment][INFO] -   align diffusion_aligned @ epoch 1001: cos {'ALIFCell_0.input_weights': '0.943', 'ALIFCell_0.recurrent_weights': '0.893', 'ReadOut_0.readout_weights': '0.000'}
[2026-05-19 15:46:59,617][src.modRNN.training.alignment][INFO] -   align diffusion_per_step @ epoch 1001: cos {'ALIFCell_0.input_weights': '0.983', 'ALIFCell_0.recurrent_weights': '0.989', 'ReadOut_0.readout_weights': '0.000'}
[2026-05-19 15:47:00,336][src.modRNN.training.alignment][INFO] -   align diffusion_fixed @ epoch 1001: cos {'ALIFCell_0.input_weights': '1.006', 'ALIFCell_0.recurrent_weights': '0.993', 'ReadOut_0.readout_weights': '0.000'}
[2026-05-19 15:47:19,152][src.modRNN.training.alignment][INFO] - epoch 1025  train loss=0.7264  (rule: diffusion)
[2026-05-19 15:47:38,639][src.modRNN.training.alignment][INFO] - epoch 1050  train loss=0.6409  (rule: diffusion)
[2026-05-19 15:47:40,224][src.modRNN.training.alignment][INFO] -   align BPTT @ epoch 1051: cos {'ALIFCell_0.input_weights': '0.000', 'ALIFCell_0.recurrent_weights': '0.000', 'ReadOut_0.readout_weights': '0.000'}
[2026-05-19 15:47:40,811][src.modRNN.training.alignment][INFO] -   align eprop @ epoch 1051: cos {'ALIFCell_0.input_weights': '1.078', 'ALIFCell_0.recurrent_weights': '1.114', 'ReadOut_0.readout_weights': '0.000'}
[2026-05-19 15:47:41,554][src.modRNN.training.alignment][INFO] -   align diffusion_aligned @ epoch 1051: cos {'ALIFCell_0.input_weights': '0.911', 'ALIFCell_0.recurrent_weights': '0.833', 'ReadOut_0.readout_weights': '0.000'}
[2026-05-19 15:47:42,800][src.modRNN.training.alignment][INFO] -   align diffusion_per_step @ epoch 1051: cos {'ALIFCell_0.input_weights': '1.035', 'ALIFCell_0.recurrent_weights': '0.926', 'ReadOut_0.readout_weights': '0.000'}
[2026-05-19 15:47:43,517][src.modRNN.training.alignment][INFO] -   align diffusion_fixed @ epoch 1051: cos {'ALIFCell_0.input_weights': '1.037', 'ALIFCell_0.recurrent_weights': '0.941', 'ReadOut_0.readout_weights': '0.000'}
[2026-05-19 15:48:02,215][src.modRNN.training.alignment][INFO] - epoch 1075  train loss=0.6113  (rule: diffusion)
[2026-05-19 15:48:21,705][src.modRNN.training.alignment][INFO] - epoch 1100  train loss=0.6755  (rule: diffusion)
[2026-05-19 15:48:23,296][src.modRNN.training.alignment][INFO] -   align BPTT @ epoch 1101: cos {'ALIFCell_0.input_weights': '0.000', 'ALIFCell_0.recurrent_weights': '0.000', 'ReadOut_0.readout_weights': '0.000'}
[2026-05-19 15:48:23,891][src.modRNN.training.alignment][INFO] -   align eprop @ epoch 1101: cos {'ALIFCell_0.input_weights': '1.174', 'ALIFCell_0.recurrent_weights': '1.264', 'ReadOut_0.readout_weights': '0.000'}
[2026-05-19 15:48:24,631][src.modRNN.training.alignment][INFO] -   align diffusion_aligned @ epoch 1101: cos {'ALIFCell_0.input_weights': '0.968', 'ALIFCell_0.recurrent_weights': '0.979', 'ReadOut_0.readout_weights': '0.000'}
[2026-05-19 15:48:25,881][src.modRNN.training.alignment][INFO] -   align diffusion_per_step @ epoch 1101: cos {'ALIFCell_0.input_weights': '1.100', 'ALIFCell_0.recurrent_weights': '1.055', 'ReadOut_0.readout_weights': '0.000'}
[2026-05-19 15:48:26,603][src.modRNN.training.alignment][INFO] -   align diffusion_fixed @ epoch 1101: cos {'ALIFCell_0.input_weights': '1.135', 'ALIFCell_0.recurrent_weights': '1.032', 'ReadOut_0.readout_weights': '0.000'}
[2026-05-19 15:48:45,266][src.modRNN.training.alignment][INFO] - epoch 1125  train loss=0.6344  (rule: diffusion)
[2026-05-19 15:49:04,702][src.modRNN.training.alignment][INFO] - epoch 1150  train loss=0.6984  (rule: diffusion)
[2026-05-19 15:49:06,281][src.modRNN.training.alignment][INFO] -   align BPTT @ epoch 1151: cos {'ALIFCell_0.input_weights': '0.000', 'ALIFCell_0.recurrent_weights': '0.000', 'ReadOut_0.readout_weights': '0.000'}
[2026-05-19 15:49:06,873][src.modRNN.training.alignment][INFO] -   align eprop @ epoch 1151: cos {'ALIFCell_0.input_weights': '1.148', 'ALIFCell_0.recurrent_weights': '1.317', 'ReadOut_0.readout_weights': '0.000'}
[2026-05-19 15:49:07,610][src.modRNN.training.alignment][INFO] -   align diffusion_aligned @ epoch 1151: cos {'ALIFCell_0.input_weights': '1.172', 'ALIFCell_0.recurrent_weights': '1.184', 'ReadOut_0.readout_weights': '0.000'}
[2026-05-19 15:49:08,852][src.modRNN.training.alignment][INFO] -   align diffusion_per_step @ epoch 1151: cos {'ALIFCell_0.input_weights': '1.126', 'ALIFCell_0.recurrent_weights': '1.233', 'ReadOut_0.readout_weights': '0.000'}
[2026-05-19 15:49:09,577][src.modRNN.training.alignment][INFO] -   align diffusion_fixed @ epoch 1151: cos {'ALIFCell_0.input_weights': '1.141', 'ALIFCell_0.recurrent_weights': '1.312', 'ReadOut_0.readout_weights': '0.000'}
[2026-05-19 15:49:28,263][src.modRNN.training.alignment][INFO] - epoch 1175  train loss=0.6427  (rule: diffusion)
[2026-05-19 15:49:47,669][src.modRNN.training.alignment][INFO] - epoch 1200  train loss=0.6177  (rule: diffusion)
[2026-05-19 15:49:49,257][src.modRNN.training.alignment][INFO] -   align BPTT @ epoch 1201: cos {'ALIFCell_0.input_weights': '0.000', 'ALIFCell_0.recurrent_weights': '0.000', 'ReadOut_0.readout_weights': '0.000'}
[2026-05-19 15:49:49,850][src.modRNN.training.alignment][INFO] -   align eprop @ epoch 1201: cos {'ALIFCell_0.input_weights': '1.021', 'ALIFCell_0.recurrent_weights': '1.044', 'ReadOut_0.readout_weights': '0.000'}
[2026-05-19 15:49:50,582][src.modRNN.training.alignment][INFO] -   align diffusion_aligned @ epoch 1201: cos {'ALIFCell_0.input_weights': '0.990', 'ALIFCell_0.recurrent_weights': '0.971', 'ReadOut_0.readout_weights': '0.000'}
[2026-05-19 15:49:51,832][src.modRNN.training.alignment][INFO] -   align diffusion_per_step @ epoch 1201: cos {'ALIFCell_0.input_weights': '0.981', 'ALIFCell_0.recurrent_weights': '0.905', 'ReadOut_0.readout_weights': '0.000'}
[2026-05-19 15:49:52,546][src.modRNN.training.alignment][INFO] -   align diffusion_fixed @ epoch 1201: cos {'ALIFCell_0.input_weights': '1.057', 'ALIFCell_0.recurrent_weights': '0.990', 'ReadOut_0.readout_weights': '0.000'}
[2026-05-19 15:50:11,261][src.modRNN.training.alignment][INFO] - epoch 1225  train loss=0.6910  (rule: diffusion)
[2026-05-19 15:50:30,736][src.modRNN.training.alignment][INFO] - epoch 1250  train loss=0.6671  (rule: diffusion)
[2026-05-19 15:50:32,332][src.modRNN.training.alignment][INFO] -   align BPTT @ epoch 1251: cos {'ALIFCell_0.input_weights': '0.000', 'ALIFCell_0.recurrent_weights': '0.000', 'ReadOut_0.readout_weights': '0.000'}
[2026-05-19 15:50:32,924][src.modRNN.training.alignment][INFO] -   align eprop @ epoch 1251: cos {'ALIFCell_0.input_weights': '0.870', 'ALIFCell_0.recurrent_weights': '1.113', 'ReadOut_0.readout_weights': '0.000'}
[2026-05-19 15:50:33,656][src.modRNN.training.alignment][INFO] -   align diffusion_aligned @ epoch 1251: cos {'ALIFCell_0.input_weights': '0.792', 'ALIFCell_0.recurrent_weights': '0.938', 'ReadOut_0.readout_weights': '0.000'}
[2026-05-19 15:50:34,900][src.modRNN.training.alignment][INFO] -   align diffusion_per_step @ epoch 1251: cos {'ALIFCell_0.input_weights': '0.861', 'ALIFCell_0.recurrent_weights': '0.991', 'ReadOut_0.readout_weights': '0.000'}
[2026-05-19 15:50:35,612][src.modRNN.training.alignment][INFO] -   align diffusion_fixed @ epoch 1251: cos {'ALIFCell_0.input_weights': '1.063', 'ALIFCell_0.recurrent_weights': '1.129', 'ReadOut_0.readout_weights': '0.000'}
[2026-05-19 15:50:54,270][src.modRNN.training.alignment][INFO] - epoch 1275  train loss=0.6711  (rule: diffusion)
[2026-05-19 15:51:13,824][src.modRNN.training.alignment][INFO] - epoch 1300  train loss=0.6620  (rule: diffusion)
[2026-05-19 15:51:15,408][src.modRNN.training.alignment][INFO] -   align BPTT @ epoch 1301: cos {'ALIFCell_0.input_weights': '0.000', 'ALIFCell_0.recurrent_weights': '0.000', 'ReadOut_0.readout_weights': '0.000'}
[2026-05-19 15:51:15,997][src.modRNN.training.alignment][INFO] -   align eprop @ epoch 1301: cos {'ALIFCell_0.input_weights': '0.994', 'ALIFCell_0.recurrent_weights': '1.164', 'ReadOut_0.readout_weights': '0.000'}
[2026-05-19 15:51:16,748][src.modRNN.training.alignment][INFO] -   align diffusion_aligned @ epoch 1301: cos {'ALIFCell_0.input_weights': '0.888', 'ALIFCell_0.recurrent_weights': '1.157', 'ReadOut_0.readout_weights': '0.000'}
[2026-05-19 15:51:18,000][src.modRNN.training.alignment][INFO] -   align diffusion_per_step @ epoch 1301: cos {'ALIFCell_0.input_weights': '0.944', 'ALIFCell_0.recurrent_weights': '1.132', 'ReadOut_0.readout_weights': '0.000'}
[2026-05-19 15:51:18,715][src.modRNN.training.alignment][INFO] -   align diffusion_fixed @ epoch 1301: cos {'ALIFCell_0.input_weights': '1.004', 'ALIFCell_0.recurrent_weights': '1.198', 'ReadOut_0.readout_weights': '0.000'}
[2026-05-19 15:51:37,438][src.modRNN.training.alignment][INFO] - epoch 1325  train loss=0.6900  (rule: diffusion)
[2026-05-19 15:51:56,919][src.modRNN.training.alignment][INFO] - epoch 1350  train loss=0.6922  (rule: diffusion)
[2026-05-19 15:51:58,505][src.modRNN.training.alignment][INFO] -   align BPTT @ epoch 1351: cos {'ALIFCell_0.input_weights': '0.000', 'ALIFCell_0.recurrent_weights': '0.000', 'ReadOut_0.readout_weights': '0.000'}
[2026-05-19 15:51:59,101][src.modRNN.training.alignment][INFO] -   align eprop @ epoch 1351: cos {'ALIFCell_0.input_weights': '0.977', 'ALIFCell_0.recurrent_weights': '0.870', 'ReadOut_0.readout_weights': '0.000'}
[2026-05-19 15:51:59,834][src.modRNN.training.alignment][INFO] -   align diffusion_aligned @ epoch 1351: cos {'ALIFCell_0.input_weights': '0.800', 'ALIFCell_0.recurrent_weights': '0.967', 'ReadOut_0.readout_weights': '0.000'}
[2026-05-19 15:52:01,078][src.modRNN.training.alignment][INFO] -   align diffusion_per_step @ epoch 1351: cos {'ALIFCell_0.input_weights': '0.878', 'ALIFCell_0.recurrent_weights': '0.745', 'ReadOut_0.readout_weights': '0.000'}
[2026-05-19 15:52:01,797][src.modRNN.training.alignment][INFO] -   align diffusion_fixed @ epoch 1351: cos {'ALIFCell_0.input_weights': '0.972', 'ALIFCell_0.recurrent_weights': '0.860', 'ReadOut_0.readout_weights': '0.000'}
[2026-05-19 15:52:20,505][src.modRNN.training.alignment][INFO] - epoch 1375  train loss=0.6724  (rule: diffusion)
[2026-05-19 15:52:39,984][src.modRNN.training.alignment][INFO] - epoch 1400  train loss=0.6457  (rule: diffusion)
[2026-05-19 15:52:41,556][src.modRNN.training.alignment][INFO] -   align BPTT @ epoch 1401: cos {'ALIFCell_0.input_weights': '0.000', 'ALIFCell_0.recurrent_weights': '0.000', 'ReadOut_0.readout_weights': '0.000'}
[2026-05-19 15:52:42,149][src.modRNN.training.alignment][INFO] -   align eprop @ epoch 1401: cos {'ALIFCell_0.input_weights': '0.886', 'ALIFCell_0.recurrent_weights': '0.747', 'ReadOut_0.readout_weights': '0.000'}
[2026-05-19 15:52:42,889][src.modRNN.training.alignment][INFO] -   align diffusion_aligned @ epoch 1401: cos {'ALIFCell_0.input_weights': '0.896', 'ALIFCell_0.recurrent_weights': '1.159', 'ReadOut_0.readout_weights': '0.000'}
[2026-05-19 15:52:44,134][src.modRNN.training.alignment][INFO] -   align diffusion_per_step @ epoch 1401: cos {'ALIFCell_0.input_weights': '0.967', 'ALIFCell_0.recurrent_weights': '0.984', 'ReadOut_0.readout_weights': '0.000'}
[2026-05-19 15:52:44,851][src.modRNN.training.alignment][INFO] -   align diffusion_fixed @ epoch 1401: cos {'ALIFCell_0.input_weights': '1.033', 'ALIFCell_0.recurrent_weights': '1.084', 'ReadOut_0.readout_weights': '0.000'}
[2026-05-19 15:53:03,590][src.modRNN.training.alignment][INFO] - epoch 1425  train loss=0.6253  (rule: diffusion)
[2026-05-19 15:53:23,112][src.modRNN.training.alignment][INFO] - epoch 1450  train loss=0.6518  (rule: diffusion)
[2026-05-19 15:53:24,700][src.modRNN.training.alignment][INFO] -   align BPTT @ epoch 1451: cos {'ALIFCell_0.input_weights': '0.000', 'ALIFCell_0.recurrent_weights': '0.000', 'ReadOut_0.readout_weights': '0.000'}
[2026-05-19 15:53:25,293][src.modRNN.training.alignment][INFO] -   align eprop @ epoch 1451: cos {'ALIFCell_0.input_weights': '1.176', 'ALIFCell_0.recurrent_weights': '1.455', 'ReadOut_0.readout_weights': '0.000'}
[2026-05-19 15:53:26,031][src.modRNN.training.alignment][INFO] -   align diffusion_aligned @ epoch 1451: cos {'ALIFCell_0.input_weights': '1.073', 'ALIFCell_0.recurrent_weights': '1.228', 'ReadOut_0.readout_weights': '0.000'}
[2026-05-19 15:53:27,272][src.modRNN.training.alignment][INFO] -   align diffusion_per_step @ epoch 1451: cos {'ALIFCell_0.input_weights': '1.170', 'ALIFCell_0.recurrent_weights': '1.259', 'ReadOut_0.readout_weights': '0.000'}
[2026-05-19 15:53:27,989][src.modRNN.training.alignment][INFO] -   align diffusion_fixed @ epoch 1451: cos {'ALIFCell_0.input_weights': '1.247', 'ALIFCell_0.recurrent_weights': '1.308', 'ReadOut_0.readout_weights': '0.000'}
[2026-05-19 15:53:46,760][src.modRNN.training.alignment][INFO] - epoch 1475  train loss=0.6544  (rule: diffusion)
[2026-05-19 15:54:06,304][src.modRNN.training.alignment][INFO] - epoch 1500  train loss=0.6656  (rule: diffusion)
[2026-05-19 15:54:07,884][src.modRNN.training.alignment][INFO] -   align BPTT @ epoch 1501: cos {'ALIFCell_0.input_weights': '0.000', 'ALIFCell_0.recurrent_weights': '0.000', 'ReadOut_0.readout_weights': '0.000'}
[2026-05-19 15:54:08,484][src.modRNN.training.alignment][INFO] -   align eprop @ epoch 1501: cos {'ALIFCell_0.input_weights': '0.822', 'ALIFCell_0.recurrent_weights': '0.963', 'ReadOut_0.readout_weights': '0.000'}
[2026-05-19 15:54:09,214][src.modRNN.training.alignment][INFO] -   align diffusion_aligned @ epoch 1501: cos {'ALIFCell_0.input_weights': '0.933', 'ALIFCell_0.recurrent_weights': '0.895', 'ReadOut_0.readout_weights': '0.000'}
[2026-05-19 15:54:10,456][src.modRNN.training.alignment][INFO] -   align diffusion_per_step @ epoch 1501: cos {'ALIFCell_0.input_weights': '0.957', 'ALIFCell_0.recurrent_weights': '0.803', 'ReadOut_0.readout_weights': '0.000'}
[2026-05-19 15:54:11,169][src.modRNN.training.alignment][INFO] -   align diffusion_fixed @ epoch 1501: cos {'ALIFCell_0.input_weights': '1.053', 'ALIFCell_0.recurrent_weights': '0.901', 'ReadOut_0.readout_weights': '0.000'}
[2026-05-19 15:54:29,812][src.modRNN.training.alignment][INFO] - epoch 1525  train loss=0.6968  (rule: diffusion)
[2026-05-19 15:54:49,213][src.modRNN.training.alignment][INFO] - epoch 1550  train loss=0.6686  (rule: diffusion)
[2026-05-19 15:54:50,801][src.modRNN.training.alignment][INFO] -   align BPTT @ epoch 1551: cos {'ALIFCell_0.input_weights': '0.000', 'ALIFCell_0.recurrent_weights': '0.000', 'ReadOut_0.readout_weights': '0.000'}
[2026-05-19 15:54:51,386][src.modRNN.training.alignment][INFO] -   align eprop @ epoch 1551: cos {'ALIFCell_0.input_weights': '0.974', 'ALIFCell_0.recurrent_weights': '0.629', 'ReadOut_0.readout_weights': '0.000'}
[2026-05-19 15:54:52,130][src.modRNN.training.alignment][INFO] -   align diffusion_aligned @ epoch 1551: cos {'ALIFCell_0.input_weights': '1.119', 'ALIFCell_0.recurrent_weights': '0.966', 'ReadOut_0.readout_weights': '0.000'}
[2026-05-19 15:54:53,369][src.modRNN.training.alignment][INFO] -   align diffusion_per_step @ epoch 1551: cos {'ALIFCell_0.input_weights': '1.069', 'ALIFCell_0.recurrent_weights': '0.847', 'ReadOut_0.readout_weights': '0.000'}
[2026-05-19 15:54:54,091][src.modRNN.training.alignment][INFO] -   align diffusion_fixed @ epoch 1551: cos {'ALIFCell_0.input_weights': '1.180', 'ALIFCell_0.recurrent_weights': '1.063', 'ReadOut_0.readout_weights': '0.000'}
[2026-05-19 15:55:12,709][src.modRNN.training.alignment][INFO] - epoch 1575  train loss=0.7155  (rule: diffusion)
[2026-05-19 15:55:32,159][src.modRNN.training.alignment][INFO] - epoch 1600  train loss=0.6522  (rule: diffusion)
[2026-05-19 15:55:33,736][src.modRNN.training.alignment][INFO] -   align BPTT @ epoch 1601: cos {'ALIFCell_0.input_weights': '0.000', 'ALIFCell_0.recurrent_weights': '0.000', 'ReadOut_0.readout_weights': '0.000'}
[2026-05-19 15:55:34,322][src.modRNN.training.alignment][INFO] -   align eprop @ epoch 1601: cos {'ALIFCell_0.input_weights': '0.875', 'ALIFCell_0.recurrent_weights': '1.121', 'ReadOut_0.readout_weights': '0.000'}
[2026-05-19 15:55:35,064][src.modRNN.training.alignment][INFO] -   align diffusion_aligned @ epoch 1601: cos {'ALIFCell_0.input_weights': '0.818', 'ALIFCell_0.recurrent_weights': '1.140', 'ReadOut_0.readout_weights': '0.000'}
[2026-05-19 15:55:36,305][src.modRNN.training.alignment][INFO] -   align diffusion_per_step @ epoch 1601: cos {'ALIFCell_0.input_weights': '0.862', 'ALIFCell_0.recurrent_weights': '1.095', 'ReadOut_0.readout_weights': '0.000'}
[2026-05-19 15:55:37,027][src.modRNN.training.alignment][INFO] -   align diffusion_fixed @ epoch 1601: cos {'ALIFCell_0.input_weights': '0.966', 'ALIFCell_0.recurrent_weights': '1.145', 'ReadOut_0.readout_weights': '0.000'}
[2026-05-19 15:55:55,620][src.modRNN.training.alignment][INFO] - epoch 1625  train loss=0.6569  (rule: diffusion)
[2026-05-19 15:56:15,061][src.modRNN.training.alignment][INFO] - epoch 1650  train loss=0.5982  (rule: diffusion)
[2026-05-19 15:56:16,645][src.modRNN.training.alignment][INFO] -   align BPTT @ epoch 1651: cos {'ALIFCell_0.input_weights': '0.000', 'ALIFCell_0.recurrent_weights': '0.000', 'ReadOut_0.readout_weights': '0.000'}
[2026-05-19 15:56:17,242][src.modRNN.training.alignment][INFO] -   align eprop @ epoch 1651: cos {'ALIFCell_0.input_weights': '0.786', 'ALIFCell_0.recurrent_weights': '1.105', 'ReadOut_0.readout_weights': '0.000'}
[2026-05-19 15:56:17,978][src.modRNN.training.alignment][INFO] -   align diffusion_aligned @ epoch 1651: cos {'ALIFCell_0.input_weights': '0.652', 'ALIFCell_0.recurrent_weights': '1.090', 'ReadOut_0.readout_weights': '0.000'}
[2026-05-19 15:56:19,220][src.modRNN.training.alignment][INFO] -   align diffusion_per_step @ epoch 1651: cos {'ALIFCell_0.input_weights': '0.767', 'ALIFCell_0.recurrent_weights': '1.076', 'ReadOut_0.readout_weights': '0.000'}
[2026-05-19 15:56:19,944][src.modRNN.training.alignment][INFO] -   align diffusion_fixed @ epoch 1651: cos {'ALIFCell_0.input_weights': '0.891', 'ALIFCell_0.recurrent_weights': '1.151', 'ReadOut_0.readout_weights': '0.000'}
[2026-05-19 15:56:38,557][src.modRNN.training.alignment][INFO] - epoch 1675  train loss=0.6621  (rule: diffusion)
[2026-05-19 15:56:57,929][src.modRNN.training.alignment][INFO] - epoch 1700  train loss=0.6846  (rule: diffusion)
[2026-05-19 15:56:59,506][src.modRNN.training.alignment][INFO] -   align BPTT @ epoch 1701: cos {'ALIFCell_0.input_weights': '0.000', 'ALIFCell_0.recurrent_weights': '0.000', 'ReadOut_0.readout_weights': '0.000'}
[2026-05-19 15:57:00,102][src.modRNN.training.alignment][INFO] -   align eprop @ epoch 1701: cos {'ALIFCell_0.input_weights': '0.895', 'ALIFCell_0.recurrent_weights': '1.099', 'ReadOut_0.readout_weights': '0.000'}
[2026-05-19 15:57:00,839][src.modRNN.training.alignment][INFO] -   align diffusion_aligned @ epoch 1701: cos {'ALIFCell_0.input_weights': '0.979', 'ALIFCell_0.recurrent_weights': '1.056', 'ReadOut_0.readout_weights': '0.000'}
[2026-05-19 15:57:02,079][src.modRNN.training.alignment][INFO] -   align diffusion_per_step @ epoch 1701: cos {'ALIFCell_0.input_weights': '0.966', 'ALIFCell_0.recurrent_weights': '1.157', 'ReadOut_0.readout_weights': '0.000'}
[2026-05-19 15:57:02,799][src.modRNN.training.alignment][INFO] -   align diffusion_fixed @ epoch 1701: cos {'ALIFCell_0.input_weights': '1.030', 'ALIFCell_0.recurrent_weights': '1.308', 'ReadOut_0.readout_weights': '0.000'}
[2026-05-19 15:57:21,513][src.modRNN.training.alignment][INFO] - epoch 1725  train loss=0.6549  (rule: diffusion)
[2026-05-19 15:57:41,003][src.modRNN.training.alignment][INFO] - epoch 1750  train loss=0.6561  (rule: diffusion)
[2026-05-19 15:57:42,593][src.modRNN.training.alignment][INFO] -   align BPTT @ epoch 1751: cos {'ALIFCell_0.input_weights': '0.000', 'ALIFCell_0.recurrent_weights': '0.000', 'ReadOut_0.readout_weights': '0.000'}
[2026-05-19 15:57:43,187][src.modRNN.training.alignment][INFO] -   align eprop @ epoch 1751: cos {'ALIFCell_0.input_weights': '1.061', 'ALIFCell_0.recurrent_weights': '0.813', 'ReadOut_0.readout_weights': '0.000'}
[2026-05-19 15:57:43,932][src.modRNN.training.alignment][INFO] -   align diffusion_aligned @ epoch 1751: cos {'ALIFCell_0.input_weights': '1.045', 'ALIFCell_0.recurrent_weights': '0.834', 'ReadOut_0.readout_weights': '0.000'}
[2026-05-19 15:57:45,170][src.modRNN.training.alignment][INFO] -   align diffusion_per_step @ epoch 1751: cos {'ALIFCell_0.input_weights': '1.112', 'ALIFCell_0.recurrent_weights': '0.807', 'ReadOut_0.readout_weights': '0.000'}
[2026-05-19 15:57:45,885][src.modRNN.training.alignment][INFO] -   align diffusion_fixed @ epoch 1751: cos {'ALIFCell_0.input_weights': '1.173', 'ALIFCell_0.recurrent_weights': '0.868', 'ReadOut_0.readout_weights': '0.000'}
[2026-05-19 15:58:04,521][src.modRNN.training.alignment][INFO] - epoch 1775  train loss=0.6489  (rule: diffusion)
[2026-05-19 15:58:24,079][src.modRNN.training.alignment][INFO] - epoch 1800  train loss=0.6498  (rule: diffusion)
[2026-05-19 15:58:25,667][src.modRNN.training.alignment][INFO] -   align BPTT @ epoch 1801: cos {'ALIFCell_0.input_weights': '0.000', 'ALIFCell_0.recurrent_weights': '0.000', 'ReadOut_0.readout_weights': '0.000'}
[2026-05-19 15:58:26,259][src.modRNN.training.alignment][INFO] -   align eprop @ epoch 1801: cos {'ALIFCell_0.input_weights': '1.008', 'ALIFCell_0.recurrent_weights': '1.090', 'ReadOut_0.readout_weights': '0.000'}
[2026-05-19 15:58:27,005][src.modRNN.training.alignment][INFO] -   align diffusion_aligned @ epoch 1801: cos {'ALIFCell_0.input_weights': '1.123', 'ALIFCell_0.recurrent_weights': '1.070', 'ReadOut_0.readout_weights': '0.000'}
[2026-05-19 15:58:28,247][src.modRNN.training.alignment][INFO] -   align diffusion_per_step @ epoch 1801: cos {'ALIFCell_0.input_weights': '1.108', 'ALIFCell_0.recurrent_weights': '1.098', 'ReadOut_0.readout_weights': '0.000'}
[2026-05-19 15:58:28,967][src.modRNN.training.alignment][INFO] -   align diffusion_fixed @ epoch 1801: cos {'ALIFCell_0.input_weights': '1.268', 'ALIFCell_0.recurrent_weights': '1.205', 'ReadOut_0.readout_weights': '0.000'}
[2026-05-19 15:58:47,682][src.modRNN.training.alignment][INFO] - epoch 1825  train loss=0.6711  (rule: diffusion)
[2026-05-19 15:59:07,233][src.modRNN.training.alignment][INFO] - epoch 1850  train loss=0.6432  (rule: diffusion)
[2026-05-19 15:59:08,828][src.modRNN.training.alignment][INFO] -   align BPTT @ epoch 1851: cos {'ALIFCell_0.input_weights': '0.000', 'ALIFCell_0.recurrent_weights': '0.000', 'ReadOut_0.readout_weights': '0.000'}
[2026-05-19 15:59:09,420][src.modRNN.training.alignment][INFO] -   align eprop @ epoch 1851: cos {'ALIFCell_0.input_weights': '1.058', 'ALIFCell_0.recurrent_weights': '1.349', 'ReadOut_0.readout_weights': '0.000'}
[2026-05-19 15:59:10,172][src.modRNN.training.alignment][INFO] -   align diffusion_aligned @ epoch 1851: cos {'ALIFCell_0.input_weights': '0.983', 'ALIFCell_0.recurrent_weights': '1.300', 'ReadOut_0.readout_weights': '0.000'}
[2026-05-19 15:59:11,421][src.modRNN.training.alignment][INFO] -   align diffusion_per_step @ epoch 1851: cos {'ALIFCell_0.input_weights': '1.026', 'ALIFCell_0.recurrent_weights': '1.322', 'ReadOut_0.readout_weights': '0.000'}
[2026-05-19 15:59:12,146][src.modRNN.training.alignment][INFO] -   align diffusion_fixed @ epoch 1851: cos {'ALIFCell_0.input_weights': '1.079', 'ALIFCell_0.recurrent_weights': '1.384', 'ReadOut_0.readout_weights': '0.000'}
[2026-05-19 15:59:30,989][src.modRNN.training.alignment][INFO] - epoch 1875  train loss=0.6673  (rule: diffusion)
[2026-05-19 15:59:50,376][src.modRNN.training.alignment][INFO] - epoch 1900  train loss=0.6547  (rule: diffusion)
[2026-05-19 15:59:51,953][src.modRNN.training.alignment][INFO] -   align BPTT @ epoch 1901: cos {'ALIFCell_0.input_weights': '0.000', 'ALIFCell_0.recurrent_weights': '0.000', 'ReadOut_0.readout_weights': '0.000'}
[2026-05-19 15:59:52,544][src.modRNN.training.alignment][INFO] -   align eprop @ epoch 1901: cos {'ALIFCell_0.input_weights': '1.028', 'ALIFCell_0.recurrent_weights': '1.188', 'ReadOut_0.readout_weights': '0.000'}
[2026-05-19 15:59:53,279][src.modRNN.training.alignment][INFO] -   align diffusion_aligned @ epoch 1901: cos {'ALIFCell_0.input_weights': '1.002', 'ALIFCell_0.recurrent_weights': '1.108', 'ReadOut_0.readout_weights': '0.000'}
[2026-05-19 15:59:54,516][src.modRNN.training.alignment][INFO] -   align diffusion_per_step @ epoch 1901: cos {'ALIFCell_0.input_weights': '1.056', 'ALIFCell_0.recurrent_weights': '1.156', 'ReadOut_0.readout_weights': '0.000'}
[2026-05-19 15:59:55,242][src.modRNN.training.alignment][INFO] -   align diffusion_fixed @ epoch 1901: cos {'ALIFCell_0.input_weights': '1.128', 'ALIFCell_0.recurrent_weights': '1.229', 'ReadOut_0.readout_weights': '0.000'}
[2026-05-19 16:00:13,893][src.modRNN.training.alignment][INFO] - epoch 1925  train loss=0.6241  (rule: diffusion)
[2026-05-19 16:00:33,197][src.modRNN.training.alignment][INFO] - epoch 1950  train loss=0.6750  (rule: diffusion)
[2026-05-19 16:00:34,760][src.modRNN.training.alignment][INFO] -   align BPTT @ epoch 1951: cos {'ALIFCell_0.input_weights': '0.000', 'ALIFCell_0.recurrent_weights': '0.000', 'ReadOut_0.readout_weights': '0.000'}
[2026-05-19 16:00:35,356][src.modRNN.training.alignment][INFO] -   align eprop @ epoch 1951: cos {'ALIFCell_0.input_weights': '0.946', 'ALIFCell_0.recurrent_weights': '0.664', 'ReadOut_0.readout_weights': '0.000'}
[2026-05-19 16:00:36,086][src.modRNN.training.alignment][INFO] -   align diffusion_aligned @ epoch 1951: cos {'ALIFCell_0.input_weights': '1.131', 'ALIFCell_0.recurrent_weights': '0.828', 'ReadOut_0.readout_weights': '0.000'}
[2026-05-19 16:00:37,313][src.modRNN.training.alignment][INFO] -   align diffusion_per_step @ epoch 1951: cos {'ALIFCell_0.input_weights': '1.143', 'ALIFCell_0.recurrent_weights': '0.832', 'ReadOut_0.readout_weights': '0.000'}
[2026-05-19 16:00:38,026][src.modRNN.training.alignment][INFO] -   align diffusion_fixed @ epoch 1951: cos {'ALIFCell_0.input_weights': '1.312', 'ALIFCell_0.recurrent_weights': '0.938', 'ReadOut_0.readout_weights': '0.000'}
[2026-05-19 16:00:56,484][src.modRNN.training.alignment][INFO] - epoch 1975  train loss=0.7188  (rule: diffusion)
[2026-05-19 16:01:15,703][src.modRNN.training.alignment][INFO] - epoch 2000  train loss=0.6996  (rule: diffusion)
[2026-05-19 16:01:17,267][src.modRNN.training.alignment][INFO] -   align BPTT @ epoch 2001: cos {'ALIFCell_0.input_weights': '0.000', 'ALIFCell_0.recurrent_weights': '0.000', 'ReadOut_0.readout_weights': '0.000'}
[2026-05-19 16:01:17,853][src.modRNN.training.alignment][INFO] -   align eprop @ epoch 2001: cos {'ALIFCell_0.input_weights': '0.814', 'ALIFCell_0.recurrent_weights': '0.667', 'ReadOut_0.readout_weights': '0.001'}
[2026-05-19 16:01:18,581][src.modRNN.training.alignment][INFO] -   align diffusion_aligned @ epoch 2001: cos {'ALIFCell_0.input_weights': '0.870', 'ALIFCell_0.recurrent_weights': '0.886', 'ReadOut_0.readout_weights': '0.001'}
[2026-05-19 16:01:19,811][src.modRNN.training.alignment][INFO] -   align diffusion_per_step @ epoch 2001: cos {'ALIFCell_0.input_weights': '0.877', 'ALIFCell_0.recurrent_weights': '0.905', 'ReadOut_0.readout_weights': '0.001'}
[2026-05-19 16:01:20,526][src.modRNN.training.alignment][INFO] -   align diffusion_fixed @ epoch 2001: cos {'ALIFCell_0.input_weights': '0.991', 'ALIFCell_0.recurrent_weights': '0.979', 'ReadOut_0.readout_weights': '0.001'}
[2026-05-19 16:01:20,564][src.modRNN.training.alignment][INFO] - Alignment experiment finished. Output dir: /mnt/lustre/work/martius/mot736/neuromodRNN/outputs/delayed_match/align_local_connectivity_diffusion/seed_424242
