[2026-06-02 18:05:12,383][jax._src.xla_bridge][INFO] - Unable to initialize backend 'rocm': module 'jaxlib.xla_extension' has no attribute 'GpuAllocatorConfig'
[2026-06-02 18:05:12,384][jax._src.xla_bridge][INFO] - Unable to initialize backend 'tpu': INTERNAL: Failed to open libtpu.so: libtpu.so: cannot open shared object file: No such file or directory
[2026-06-02 18:05:19,894][src.modRNN.training.alignment][INFO] - Starting alignment experiment: training with diffusion, measuring alignment of ['BPTT', 'eprop', 'diffusion_aligned', 'diffusion_per_step', 'diffusion_fixed'] every 50 epochs.
[2026-06-02 18:05:23,359][src.modRNN.training.alignment][INFO] - epoch 1  train loss=0.6931  (rule: diffusion)
[2026-06-02 18:05:25,269][src.modRNN.training.alignment][INFO] -   align BPTT @ epoch 1: cos {'ALIFCell_0.input_weights': '0.000', 'ALIFCell_0.recurrent_weights': '0.000', 'ReadOut_0.readout_weights': '0.000'}
[2026-06-02 18:05:26,607][src.modRNN.training.alignment][INFO] -   align eprop @ epoch 1: cos {'ALIFCell_0.input_weights': '0.428', 'ALIFCell_0.recurrent_weights': '0.629', 'ReadOut_0.readout_weights': '0.000'}
[2026-06-02 18:05:28,316][src.modRNN.training.alignment][INFO] -   align diffusion_aligned @ epoch 1: cos {'ALIFCell_0.input_weights': '0.556', 'ALIFCell_0.recurrent_weights': '0.874', 'ReadOut_0.readout_weights': '0.000'}
[2026-06-02 18:05:31,888][src.modRNN.training.alignment][INFO] -   align diffusion_per_step @ epoch 1: cos {'ALIFCell_0.input_weights': '0.439', 'ALIFCell_0.recurrent_weights': '0.659', 'ReadOut_0.readout_weights': '0.000'}
[2026-06-02 18:05:33,483][src.modRNN.training.alignment][INFO] -   align diffusion_fixed @ epoch 1: cos {'ALIFCell_0.input_weights': '0.479', 'ALIFCell_0.recurrent_weights': '0.697', 'ReadOut_0.readout_weights': '0.000'}
[2026-06-02 18:05:50,745][src.modRNN.training.alignment][INFO] - epoch 25  train loss=0.6931  (rule: diffusion)
[2026-06-02 18:06:08,783][src.modRNN.training.alignment][INFO] - epoch 50  train loss=0.6932  (rule: diffusion)
[2026-06-02 18:06:10,274][src.modRNN.training.alignment][INFO] -   align BPTT @ epoch 51: cos {'ALIFCell_0.input_weights': '0.000', 'ALIFCell_0.recurrent_weights': '0.000', 'ReadOut_0.readout_weights': '0.000'}
[2026-06-02 18:06:10,832][src.modRNN.training.alignment][INFO] -   align eprop @ epoch 51: cos {'ALIFCell_0.input_weights': '0.497', 'ALIFCell_0.recurrent_weights': '0.247', 'ReadOut_0.readout_weights': '0.000'}
[2026-06-02 18:06:11,515][src.modRNN.training.alignment][INFO] -   align diffusion_aligned @ epoch 51: cos {'ALIFCell_0.input_weights': '0.705', 'ALIFCell_0.recurrent_weights': '0.425', 'ReadOut_0.readout_weights': '0.000'}
[2026-06-02 18:06:12,668][src.modRNN.training.alignment][INFO] -   align diffusion_per_step @ epoch 51: cos {'ALIFCell_0.input_weights': '0.503', 'ALIFCell_0.recurrent_weights': '0.252', 'ReadOut_0.readout_weights': '0.000'}
[2026-06-02 18:06:13,338][src.modRNN.training.alignment][INFO] -   align diffusion_fixed @ epoch 51: cos {'ALIFCell_0.input_weights': '0.484', 'ALIFCell_0.recurrent_weights': '0.276', 'ReadOut_0.readout_weights': '0.000'}
[2026-06-02 18:06:30,812][src.modRNN.training.alignment][INFO] - epoch 75  train loss=0.6932  (rule: diffusion)
[2026-06-02 18:06:48,941][src.modRNN.training.alignment][INFO] - epoch 100  train loss=0.6929  (rule: diffusion)
[2026-06-02 18:06:50,427][src.modRNN.training.alignment][INFO] -   align BPTT @ epoch 101: cos {'ALIFCell_0.input_weights': '0.000', 'ALIFCell_0.recurrent_weights': '0.000', 'ReadOut_0.readout_weights': '0.000'}
[2026-06-02 18:06:50,981][src.modRNN.training.alignment][INFO] -   align eprop @ epoch 101: cos {'ALIFCell_0.input_weights': '0.897', 'ALIFCell_0.recurrent_weights': '0.971', 'ReadOut_0.readout_weights': '0.000'}
[2026-06-02 18:06:51,661][src.modRNN.training.alignment][INFO] -   align diffusion_aligned @ epoch 101: cos {'ALIFCell_0.input_weights': '0.809', 'ALIFCell_0.recurrent_weights': '0.735', 'ReadOut_0.readout_weights': '0.000'}
[2026-06-02 18:06:52,812][src.modRNN.training.alignment][INFO] -   align diffusion_per_step @ epoch 101: cos {'ALIFCell_0.input_weights': '0.907', 'ALIFCell_0.recurrent_weights': '0.990', 'ReadOut_0.readout_weights': '0.000'}
[2026-06-02 18:06:53,481][src.modRNN.training.alignment][INFO] -   align diffusion_fixed @ epoch 101: cos {'ALIFCell_0.input_weights': '0.889', 'ALIFCell_0.recurrent_weights': '0.973', 'ReadOut_0.readout_weights': '0.000'}
[2026-06-02 18:07:10,992][src.modRNN.training.alignment][INFO] - epoch 125  train loss=0.6623  (rule: diffusion)
[2026-06-02 18:07:29,262][src.modRNN.training.alignment][INFO] - epoch 150  train loss=0.6316  (rule: diffusion)
[2026-06-02 18:07:30,758][src.modRNN.training.alignment][INFO] -   align BPTT @ epoch 151: cos {'ALIFCell_0.input_weights': '0.000', 'ALIFCell_0.recurrent_weights': '0.000', 'ReadOut_0.readout_weights': '0.000'}
[2026-06-02 18:07:31,315][src.modRNN.training.alignment][INFO] -   align eprop @ epoch 151: cos {'ALIFCell_0.input_weights': '1.213', 'ALIFCell_0.recurrent_weights': '0.973', 'ReadOut_0.readout_weights': '0.000'}
[2026-06-02 18:07:31,997][src.modRNN.training.alignment][INFO] -   align diffusion_aligned @ epoch 151: cos {'ALIFCell_0.input_weights': '1.213', 'ALIFCell_0.recurrent_weights': '0.956', 'ReadOut_0.readout_weights': '0.000'}
[2026-06-02 18:07:33,155][src.modRNN.training.alignment][INFO] -   align diffusion_per_step @ epoch 151: cos {'ALIFCell_0.input_weights': '1.213', 'ALIFCell_0.recurrent_weights': '0.966', 'ReadOut_0.readout_weights': '0.000'}
[2026-06-02 18:07:33,824][src.modRNN.training.alignment][INFO] -   align diffusion_fixed @ epoch 151: cos {'ALIFCell_0.input_weights': '1.211', 'ALIFCell_0.recurrent_weights': '0.970', 'ReadOut_0.readout_weights': '0.000'}
[2026-06-02 18:07:51,296][src.modRNN.training.alignment][INFO] - epoch 175  train loss=0.5023  (rule: diffusion)
[2026-06-02 18:08:09,504][src.modRNN.training.alignment][INFO] - epoch 200  train loss=0.3959  (rule: diffusion)
[2026-06-02 18:08:10,998][src.modRNN.training.alignment][INFO] -   align BPTT @ epoch 201: cos {'ALIFCell_0.input_weights': '0.000', 'ALIFCell_0.recurrent_weights': '0.000', 'ReadOut_0.readout_weights': '0.000'}
[2026-06-02 18:08:11,556][src.modRNN.training.alignment][INFO] -   align eprop @ epoch 201: cos {'ALIFCell_0.input_weights': '1.026', 'ALIFCell_0.recurrent_weights': '1.154', 'ReadOut_0.readout_weights': '0.000'}
[2026-06-02 18:08:12,239][src.modRNN.training.alignment][INFO] -   align diffusion_aligned @ epoch 201: cos {'ALIFCell_0.input_weights': '0.984', 'ALIFCell_0.recurrent_weights': '1.156', 'ReadOut_0.readout_weights': '0.000'}
[2026-06-02 18:08:13,398][src.modRNN.training.alignment][INFO] -   align diffusion_per_step @ epoch 201: cos {'ALIFCell_0.input_weights': '1.038', 'ALIFCell_0.recurrent_weights': '1.157', 'ReadOut_0.readout_weights': '0.000'}
[2026-06-02 18:08:14,068][src.modRNN.training.alignment][INFO] -   align diffusion_fixed @ epoch 201: cos {'ALIFCell_0.input_weights': '1.048', 'ALIFCell_0.recurrent_weights': '1.156', 'ReadOut_0.readout_weights': '0.000'}
[2026-06-02 18:08:31,559][src.modRNN.training.alignment][INFO] - epoch 225  train loss=0.2681  (rule: diffusion)
[2026-06-02 18:08:49,745][src.modRNN.training.alignment][INFO] - epoch 250  train loss=0.2508  (rule: diffusion)
[2026-06-02 18:08:51,239][src.modRNN.training.alignment][INFO] -   align BPTT @ epoch 251: cos {'ALIFCell_0.input_weights': '0.000', 'ALIFCell_0.recurrent_weights': '0.000', 'ReadOut_0.readout_weights': '0.000'}
[2026-06-02 18:08:51,796][src.modRNN.training.alignment][INFO] -   align eprop @ epoch 251: cos {'ALIFCell_0.input_weights': '1.088', 'ALIFCell_0.recurrent_weights': '1.019', 'ReadOut_0.readout_weights': '0.000'}
[2026-06-02 18:08:52,480][src.modRNN.training.alignment][INFO] -   align diffusion_aligned @ epoch 251: cos {'ALIFCell_0.input_weights': '1.122', 'ALIFCell_0.recurrent_weights': '1.050', 'ReadOut_0.readout_weights': '0.000'}
[2026-06-02 18:08:53,637][src.modRNN.training.alignment][INFO] -   align diffusion_per_step @ epoch 251: cos {'ALIFCell_0.input_weights': '1.081', 'ALIFCell_0.recurrent_weights': '1.018', 'ReadOut_0.readout_weights': '0.000'}
[2026-06-02 18:08:54,306][src.modRNN.training.alignment][INFO] -   align diffusion_fixed @ epoch 251: cos {'ALIFCell_0.input_weights': '1.075', 'ALIFCell_0.recurrent_weights': '1.013', 'ReadOut_0.readout_weights': '0.000'}
[2026-06-02 18:09:11,780][src.modRNN.training.alignment][INFO] - epoch 275  train loss=0.2625  (rule: diffusion)
[2026-06-02 18:09:30,011][src.modRNN.training.alignment][INFO] - epoch 300  train loss=0.2388  (rule: diffusion)
[2026-06-02 18:09:31,506][src.modRNN.training.alignment][INFO] -   align BPTT @ epoch 301: cos {'ALIFCell_0.input_weights': '0.000', 'ALIFCell_0.recurrent_weights': '0.000', 'ReadOut_0.readout_weights': '0.000'}
[2026-06-02 18:09:32,066][src.modRNN.training.alignment][INFO] -   align eprop @ epoch 301: cos {'ALIFCell_0.input_weights': '0.900', 'ALIFCell_0.recurrent_weights': '0.763', 'ReadOut_0.readout_weights': '0.000'}
[2026-06-02 18:09:32,749][src.modRNN.training.alignment][INFO] -   align diffusion_aligned @ epoch 301: cos {'ALIFCell_0.input_weights': '1.048', 'ALIFCell_0.recurrent_weights': '1.084', 'ReadOut_0.readout_weights': '0.000'}
[2026-06-02 18:09:33,906][src.modRNN.training.alignment][INFO] -   align diffusion_per_step @ epoch 301: cos {'ALIFCell_0.input_weights': '0.926', 'ALIFCell_0.recurrent_weights': '0.781', 'ReadOut_0.readout_weights': '0.000'}
[2026-06-02 18:09:34,576][src.modRNN.training.alignment][INFO] -   align diffusion_fixed @ epoch 301: cos {'ALIFCell_0.input_weights': '1.020', 'ALIFCell_0.recurrent_weights': '0.902', 'ReadOut_0.readout_weights': '0.000'}
[2026-06-02 18:09:51,987][src.modRNN.training.alignment][INFO] - epoch 325  train loss=0.6544  (rule: diffusion)
[2026-06-02 18:10:10,191][src.modRNN.training.alignment][INFO] - epoch 350  train loss=0.4055  (rule: diffusion)
[2026-06-02 18:10:11,684][src.modRNN.training.alignment][INFO] -   align BPTT @ epoch 351: cos {'ALIFCell_0.input_weights': '0.000', 'ALIFCell_0.recurrent_weights': '0.000', 'ReadOut_0.readout_weights': '0.000'}
[2026-06-02 18:10:12,242][src.modRNN.training.alignment][INFO] -   align eprop @ epoch 351: cos {'ALIFCell_0.input_weights': '1.099', 'ALIFCell_0.recurrent_weights': '1.059', 'ReadOut_0.readout_weights': '0.000'}
[2026-06-02 18:10:12,927][src.modRNN.training.alignment][INFO] -   align diffusion_aligned @ epoch 351: cos {'ALIFCell_0.input_weights': '0.941', 'ALIFCell_0.recurrent_weights': '0.918', 'ReadOut_0.readout_weights': '0.000'}
[2026-06-02 18:10:14,083][src.modRNN.training.alignment][INFO] -   align diffusion_per_step @ epoch 351: cos {'ALIFCell_0.input_weights': '1.118', 'ALIFCell_0.recurrent_weights': '1.107', 'ReadOut_0.readout_weights': '0.000'}
[2026-06-02 18:10:14,753][src.modRNN.training.alignment][INFO] -   align diffusion_fixed @ epoch 351: cos {'ALIFCell_0.input_weights': '1.159', 'ALIFCell_0.recurrent_weights': '1.182', 'ReadOut_0.readout_weights': '0.000'}
[2026-06-02 18:10:32,251][src.modRNN.training.alignment][INFO] - epoch 375  train loss=0.3936  (rule: diffusion)
[2026-06-02 18:10:50,446][src.modRNN.training.alignment][INFO] - epoch 400  train loss=0.2988  (rule: diffusion)
[2026-06-02 18:10:51,939][src.modRNN.training.alignment][INFO] -   align BPTT @ epoch 401: cos {'ALIFCell_0.input_weights': '0.000', 'ALIFCell_0.recurrent_weights': '0.000', 'ReadOut_0.readout_weights': '0.000'}
[2026-06-02 18:10:52,498][src.modRNN.training.alignment][INFO] -   align eprop @ epoch 401: cos {'ALIFCell_0.input_weights': '1.557', 'ALIFCell_0.recurrent_weights': '1.556', 'ReadOut_0.readout_weights': '0.000'}
[2026-06-02 18:10:53,183][src.modRNN.training.alignment][INFO] -   align diffusion_aligned @ epoch 401: cos {'ALIFCell_0.input_weights': '1.554', 'ALIFCell_0.recurrent_weights': '1.538', 'ReadOut_0.readout_weights': '0.000'}
[2026-06-02 18:10:54,341][src.modRNN.training.alignment][INFO] -   align diffusion_per_step @ epoch 401: cos {'ALIFCell_0.input_weights': '1.557', 'ALIFCell_0.recurrent_weights': '1.559', 'ReadOut_0.readout_weights': '0.000'}
[2026-06-02 18:10:55,013][src.modRNN.training.alignment][INFO] -   align diffusion_fixed @ epoch 401: cos {'ALIFCell_0.input_weights': '1.557', 'ALIFCell_0.recurrent_weights': '1.552', 'ReadOut_0.readout_weights': '0.000'}
[2026-06-02 18:11:12,488][src.modRNN.training.alignment][INFO] - epoch 425  train loss=0.2300  (rule: diffusion)
[2026-06-02 18:11:30,702][src.modRNN.training.alignment][INFO] - epoch 450  train loss=0.1720  (rule: diffusion)
[2026-06-02 18:11:32,196][src.modRNN.training.alignment][INFO] -   align BPTT @ epoch 451: cos {'ALIFCell_0.input_weights': '0.000', 'ALIFCell_0.recurrent_weights': '0.000', 'ReadOut_0.readout_weights': '0.000'}
[2026-06-02 18:11:32,753][src.modRNN.training.alignment][INFO] -   align eprop @ epoch 451: cos {'ALIFCell_0.input_weights': '0.675', 'ALIFCell_0.recurrent_weights': '0.791', 'ReadOut_0.readout_weights': '0.000'}
[2026-06-02 18:11:33,438][src.modRNN.training.alignment][INFO] -   align diffusion_aligned @ epoch 451: cos {'ALIFCell_0.input_weights': '0.616', 'ALIFCell_0.recurrent_weights': '0.581', 'ReadOut_0.readout_weights': '0.000'}
[2026-06-02 18:11:34,593][src.modRNN.training.alignment][INFO] -   align diffusion_per_step @ epoch 451: cos {'ALIFCell_0.input_weights': '0.685', 'ALIFCell_0.recurrent_weights': '0.839', 'ReadOut_0.readout_weights': '0.000'}
[2026-06-02 18:11:35,265][src.modRNN.training.alignment][INFO] -   align diffusion_fixed @ epoch 451: cos {'ALIFCell_0.input_weights': '0.747', 'ALIFCell_0.recurrent_weights': '0.856', 'ReadOut_0.readout_weights': '0.000'}
[2026-06-02 18:11:52,730][src.modRNN.training.alignment][INFO] - epoch 475  train loss=0.1282  (rule: diffusion)
[2026-06-02 18:12:10,940][src.modRNN.training.alignment][INFO] - epoch 500  train loss=0.0982  (rule: diffusion)
[2026-06-02 18:12:12,436][src.modRNN.training.alignment][INFO] -   align BPTT @ epoch 501: cos {'ALIFCell_0.input_weights': '0.000', 'ALIFCell_0.recurrent_weights': '0.000', 'ReadOut_0.readout_weights': '0.000'}
[2026-06-02 18:12:12,994][src.modRNN.training.alignment][INFO] -   align eprop @ epoch 501: cos {'ALIFCell_0.input_weights': '0.941', 'ALIFCell_0.recurrent_weights': '0.710', 'ReadOut_0.readout_weights': '0.000'}
[2026-06-02 18:12:13,677][src.modRNN.training.alignment][INFO] -   align diffusion_aligned @ epoch 501: cos {'ALIFCell_0.input_weights': '0.875', 'ALIFCell_0.recurrent_weights': '0.795', 'ReadOut_0.readout_weights': '0.000'}
[2026-06-02 18:12:14,834][src.modRNN.training.alignment][INFO] -   align diffusion_per_step @ epoch 501: cos {'ALIFCell_0.input_weights': '0.922', 'ALIFCell_0.recurrent_weights': '0.699', 'ReadOut_0.readout_weights': '0.000'}
[2026-06-02 18:12:15,505][src.modRNN.training.alignment][INFO] -   align diffusion_fixed @ epoch 501: cos {'ALIFCell_0.input_weights': '0.883', 'ALIFCell_0.recurrent_weights': '0.857', 'ReadOut_0.readout_weights': '0.000'}
[2026-06-02 18:12:33,030][src.modRNN.training.alignment][INFO] - epoch 525  train loss=0.0744  (rule: diffusion)
[2026-06-02 18:12:51,207][src.modRNN.training.alignment][INFO] - epoch 550  train loss=0.0694  (rule: diffusion)
[2026-06-02 18:12:52,698][src.modRNN.training.alignment][INFO] -   align BPTT @ epoch 551: cos {'ALIFCell_0.input_weights': '0.000', 'ALIFCell_0.recurrent_weights': '0.000', 'ReadOut_0.readout_weights': '0.000'}
[2026-06-02 18:12:53,255][src.modRNN.training.alignment][INFO] -   align eprop @ epoch 551: cos {'ALIFCell_0.input_weights': '1.107', 'ALIFCell_0.recurrent_weights': '0.632', 'ReadOut_0.readout_weights': '0.000'}
[2026-06-02 18:12:53,938][src.modRNN.training.alignment][INFO] -   align diffusion_aligned @ epoch 551: cos {'ALIFCell_0.input_weights': '1.090', 'ALIFCell_0.recurrent_weights': '0.679', 'ReadOut_0.readout_weights': '0.000'}
[2026-06-02 18:12:55,095][src.modRNN.training.alignment][INFO] -   align diffusion_per_step @ epoch 551: cos {'ALIFCell_0.input_weights': '1.083', 'ALIFCell_0.recurrent_weights': '0.639', 'ReadOut_0.readout_weights': '0.000'}
[2026-06-02 18:12:55,764][src.modRNN.training.alignment][INFO] -   align diffusion_fixed @ epoch 551: cos {'ALIFCell_0.input_weights': '1.139', 'ALIFCell_0.recurrent_weights': '0.813', 'ReadOut_0.readout_weights': '0.000'}
[2026-06-02 18:13:13,333][src.modRNN.training.alignment][INFO] - epoch 575  train loss=0.0627  (rule: diffusion)
[2026-06-02 18:13:31,636][src.modRNN.training.alignment][INFO] - epoch 600  train loss=0.0579  (rule: diffusion)
[2026-06-02 18:13:33,133][src.modRNN.training.alignment][INFO] -   align BPTT @ epoch 601: cos {'ALIFCell_0.input_weights': '0.000', 'ALIFCell_0.recurrent_weights': '0.000', 'ReadOut_0.readout_weights': '0.000'}
[2026-06-02 18:13:33,693][src.modRNN.training.alignment][INFO] -   align eprop @ epoch 601: cos {'ALIFCell_0.input_weights': '1.156', 'ALIFCell_0.recurrent_weights': '0.742', 'ReadOut_0.readout_weights': '0.000'}
[2026-06-02 18:13:34,376][src.modRNN.training.alignment][INFO] -   align diffusion_aligned @ epoch 601: cos {'ALIFCell_0.input_weights': '1.177', 'ALIFCell_0.recurrent_weights': '0.792', 'ReadOut_0.readout_weights': '0.000'}
[2026-06-02 18:13:35,532][src.modRNN.training.alignment][INFO] -   align diffusion_per_step @ epoch 601: cos {'ALIFCell_0.input_weights': '1.150', 'ALIFCell_0.recurrent_weights': '0.762', 'ReadOut_0.readout_weights': '0.000'}
[2026-06-02 18:13:36,202][src.modRNN.training.alignment][INFO] -   align diffusion_fixed @ epoch 601: cos {'ALIFCell_0.input_weights': '1.163', 'ALIFCell_0.recurrent_weights': '0.951', 'ReadOut_0.readout_weights': '0.000'}
[2026-06-02 18:13:53,635][src.modRNN.training.alignment][INFO] - epoch 625  train loss=0.0500  (rule: diffusion)
[2026-06-02 18:14:11,834][src.modRNN.training.alignment][INFO] - epoch 650  train loss=0.0486  (rule: diffusion)
[2026-06-02 18:14:13,330][src.modRNN.training.alignment][INFO] -   align BPTT @ epoch 651: cos {'ALIFCell_0.input_weights': '0.000', 'ALIFCell_0.recurrent_weights': '0.000', 'ReadOut_0.readout_weights': '0.000'}
[2026-06-02 18:14:13,890][src.modRNN.training.alignment][INFO] -   align eprop @ epoch 651: cos {'ALIFCell_0.input_weights': '1.223', 'ALIFCell_0.recurrent_weights': '0.878', 'ReadOut_0.readout_weights': '0.000'}
[2026-06-02 18:14:14,577][src.modRNN.training.alignment][INFO] -   align diffusion_aligned @ epoch 651: cos {'ALIFCell_0.input_weights': '1.233', 'ALIFCell_0.recurrent_weights': '0.925', 'ReadOut_0.readout_weights': '0.000'}
[2026-06-02 18:14:15,735][src.modRNN.training.alignment][INFO] -   align diffusion_per_step @ epoch 651: cos {'ALIFCell_0.input_weights': '1.213', 'ALIFCell_0.recurrent_weights': '0.903', 'ReadOut_0.readout_weights': '0.000'}
[2026-06-02 18:14:16,408][src.modRNN.training.alignment][INFO] -   align diffusion_fixed @ epoch 651: cos {'ALIFCell_0.input_weights': '1.225', 'ALIFCell_0.recurrent_weights': '1.010', 'ReadOut_0.readout_weights': '0.000'}
[2026-06-02 18:14:33,900][src.modRNN.training.alignment][INFO] - epoch 675  train loss=0.0677  (rule: diffusion)
[2026-06-02 18:14:52,062][src.modRNN.training.alignment][INFO] - epoch 700  train loss=0.0420  (rule: diffusion)
[2026-06-02 18:14:53,555][src.modRNN.training.alignment][INFO] -   align BPTT @ epoch 701: cos {'ALIFCell_0.input_weights': '0.000', 'ALIFCell_0.recurrent_weights': '0.000', 'ReadOut_0.readout_weights': '0.000'}
[2026-06-02 18:14:54,115][src.modRNN.training.alignment][INFO] -   align eprop @ epoch 701: cos {'ALIFCell_0.input_weights': '0.761', 'ALIFCell_0.recurrent_weights': '0.470', 'ReadOut_0.readout_weights': '0.000'}
[2026-06-02 18:14:54,800][src.modRNN.training.alignment][INFO] -   align diffusion_aligned @ epoch 701: cos {'ALIFCell_0.input_weights': '0.738', 'ALIFCell_0.recurrent_weights': '0.531', 'ReadOut_0.readout_weights': '0.000'}
[2026-06-02 18:14:55,959][src.modRNN.training.alignment][INFO] -   align diffusion_per_step @ epoch 701: cos {'ALIFCell_0.input_weights': '0.749', 'ALIFCell_0.recurrent_weights': '0.480', 'ReadOut_0.readout_weights': '0.000'}
[2026-06-02 18:14:56,628][src.modRNN.training.alignment][INFO] -   align diffusion_fixed @ epoch 701: cos {'ALIFCell_0.input_weights': '0.767', 'ALIFCell_0.recurrent_weights': '0.620', 'ReadOut_0.readout_weights': '0.000'}
[2026-06-02 18:15:14,108][src.modRNN.training.alignment][INFO] - epoch 725  train loss=0.0416  (rule: diffusion)
[2026-06-02 18:15:32,327][src.modRNN.training.alignment][INFO] - epoch 750  train loss=0.0302  (rule: diffusion)
[2026-06-02 18:15:33,819][src.modRNN.training.alignment][INFO] -   align BPTT @ epoch 751: cos {'ALIFCell_0.input_weights': '0.000', 'ALIFCell_0.recurrent_weights': '0.000', 'ReadOut_0.readout_weights': '0.000'}
[2026-06-02 18:15:34,375][src.modRNN.training.alignment][INFO] -   align eprop @ epoch 751: cos {'ALIFCell_0.input_weights': '0.649', 'ALIFCell_0.recurrent_weights': '0.421', 'ReadOut_0.readout_weights': '0.000'}
[2026-06-02 18:15:35,061][src.modRNN.training.alignment][INFO] -   align diffusion_aligned @ epoch 751: cos {'ALIFCell_0.input_weights': '0.761', 'ALIFCell_0.recurrent_weights': '0.466', 'ReadOut_0.readout_weights': '0.000'}
[2026-06-02 18:15:36,222][src.modRNN.training.alignment][INFO] -   align diffusion_per_step @ epoch 751: cos {'ALIFCell_0.input_weights': '0.644', 'ALIFCell_0.recurrent_weights': '0.435', 'ReadOut_0.readout_weights': '0.000'}
[2026-06-02 18:15:36,893][src.modRNN.training.alignment][INFO] -   align diffusion_fixed @ epoch 751: cos {'ALIFCell_0.input_weights': '0.733', 'ALIFCell_0.recurrent_weights': '0.630', 'ReadOut_0.readout_weights': '0.000'}
[2026-06-02 18:15:54,336][src.modRNN.training.alignment][INFO] - epoch 775  train loss=0.0503  (rule: diffusion)
[2026-06-02 18:16:12,512][src.modRNN.training.alignment][INFO] - epoch 800  train loss=0.0327  (rule: diffusion)
[2026-06-02 18:16:14,006][src.modRNN.training.alignment][INFO] -   align BPTT @ epoch 801: cos {'ALIFCell_0.input_weights': '0.000', 'ALIFCell_0.recurrent_weights': '0.000', 'ReadOut_0.readout_weights': '0.000'}
[2026-06-02 18:16:14,563][src.modRNN.training.alignment][INFO] -   align eprop @ epoch 801: cos {'ALIFCell_0.input_weights': '0.714', 'ALIFCell_0.recurrent_weights': '0.424', 'ReadOut_0.readout_weights': '0.000'}
[2026-06-02 18:16:15,247][src.modRNN.training.alignment][INFO] -   align diffusion_aligned @ epoch 801: cos {'ALIFCell_0.input_weights': '0.702', 'ALIFCell_0.recurrent_weights': '0.456', 'ReadOut_0.readout_weights': '0.000'}
[2026-06-02 18:16:16,404][src.modRNN.training.alignment][INFO] -   align diffusion_per_step @ epoch 801: cos {'ALIFCell_0.input_weights': '0.705', 'ALIFCell_0.recurrent_weights': '0.441', 'ReadOut_0.readout_weights': '0.000'}
[2026-06-02 18:16:17,075][src.modRNN.training.alignment][INFO] -   align diffusion_fixed @ epoch 801: cos {'ALIFCell_0.input_weights': '0.782', 'ALIFCell_0.recurrent_weights': '0.621', 'ReadOut_0.readout_weights': '0.000'}
[2026-06-02 18:16:34,575][src.modRNN.training.alignment][INFO] - epoch 825  train loss=0.0292  (rule: diffusion)
[2026-06-02 18:16:52,791][src.modRNN.training.alignment][INFO] - epoch 850  train loss=0.0281  (rule: diffusion)
[2026-06-02 18:16:54,284][src.modRNN.training.alignment][INFO] -   align BPTT @ epoch 851: cos {'ALIFCell_0.input_weights': '0.000', 'ALIFCell_0.recurrent_weights': '0.000', 'ReadOut_0.readout_weights': '0.000'}
[2026-06-02 18:16:54,844][src.modRNN.training.alignment][INFO] -   align eprop @ epoch 851: cos {'ALIFCell_0.input_weights': '1.278', 'ALIFCell_0.recurrent_weights': '1.296', 'ReadOut_0.readout_weights': '0.000'}
[2026-06-02 18:16:55,538][src.modRNN.training.alignment][INFO] -   align diffusion_aligned @ epoch 851: cos {'ALIFCell_0.input_weights': '1.297', 'ALIFCell_0.recurrent_weights': '1.347', 'ReadOut_0.readout_weights': '0.000'}
[2026-06-02 18:16:56,694][src.modRNN.training.alignment][INFO] -   align diffusion_per_step @ epoch 851: cos {'ALIFCell_0.input_weights': '1.281', 'ALIFCell_0.recurrent_weights': '1.302', 'ReadOut_0.readout_weights': '0.000'}
[2026-06-02 18:16:57,364][src.modRNN.training.alignment][INFO] -   align diffusion_fixed @ epoch 851: cos {'ALIFCell_0.input_weights': '1.316', 'ALIFCell_0.recurrent_weights': '1.374', 'ReadOut_0.readout_weights': '0.000'}
[2026-06-02 18:17:14,885][src.modRNN.training.alignment][INFO] - epoch 875  train loss=0.0239  (rule: diffusion)
[2026-06-02 18:17:33,110][src.modRNN.training.alignment][INFO] - epoch 900  train loss=0.0261  (rule: diffusion)
[2026-06-02 18:17:34,602][src.modRNN.training.alignment][INFO] -   align BPTT @ epoch 901: cos {'ALIFCell_0.input_weights': '0.000', 'ALIFCell_0.recurrent_weights': '0.000', 'ReadOut_0.readout_weights': '0.000'}
[2026-06-02 18:17:35,160][src.modRNN.training.alignment][INFO] -   align eprop @ epoch 901: cos {'ALIFCell_0.input_weights': '1.478', 'ALIFCell_0.recurrent_weights': '1.001', 'ReadOut_0.readout_weights': '0.000'}
[2026-06-02 18:17:35,845][src.modRNN.training.alignment][INFO] -   align diffusion_aligned @ epoch 901: cos {'ALIFCell_0.input_weights': '1.469', 'ALIFCell_0.recurrent_weights': '0.834', 'ReadOut_0.readout_weights': '0.000'}
[2026-06-02 18:17:37,002][src.modRNN.training.alignment][INFO] -   align diffusion_per_step @ epoch 901: cos {'ALIFCell_0.input_weights': '1.475', 'ALIFCell_0.recurrent_weights': '0.967', 'ReadOut_0.readout_weights': '0.000'}
[2026-06-02 18:17:37,673][src.modRNN.training.alignment][INFO] -   align diffusion_fixed @ epoch 901: cos {'ALIFCell_0.input_weights': '1.483', 'ALIFCell_0.recurrent_weights': '1.008', 'ReadOut_0.readout_weights': '0.000'}
[2026-06-02 18:17:55,107][src.modRNN.training.alignment][INFO] - epoch 925  train loss=0.0221  (rule: diffusion)
[2026-06-02 18:18:13,303][src.modRNN.training.alignment][INFO] - epoch 950  train loss=0.0241  (rule: diffusion)
[2026-06-02 18:18:14,797][src.modRNN.training.alignment][INFO] -   align BPTT @ epoch 951: cos {'ALIFCell_0.input_weights': '0.000', 'ALIFCell_0.recurrent_weights': '0.000', 'ReadOut_0.readout_weights': '0.000'}
[2026-06-02 18:18:15,357][src.modRNN.training.alignment][INFO] -   align eprop @ epoch 951: cos {'ALIFCell_0.input_weights': '1.433', 'ALIFCell_0.recurrent_weights': '1.235', 'ReadOut_0.readout_weights': '0.000'}
[2026-06-02 18:18:16,043][src.modRNN.training.alignment][INFO] -   align diffusion_aligned @ epoch 951: cos {'ALIFCell_0.input_weights': '1.396', 'ALIFCell_0.recurrent_weights': '1.156', 'ReadOut_0.readout_weights': '0.000'}
[2026-06-02 18:18:17,200][src.modRNN.training.alignment][INFO] -   align diffusion_per_step @ epoch 951: cos {'ALIFCell_0.input_weights': '1.427', 'ALIFCell_0.recurrent_weights': '1.218', 'ReadOut_0.readout_weights': '0.000'}
[2026-06-02 18:18:17,871][src.modRNN.training.alignment][INFO] -   align diffusion_fixed @ epoch 951: cos {'ALIFCell_0.input_weights': '1.426', 'ALIFCell_0.recurrent_weights': '1.254', 'ReadOut_0.readout_weights': '0.000'}
[2026-06-02 18:18:35,397][src.modRNN.training.alignment][INFO] - epoch 975  train loss=0.0224  (rule: diffusion)
[2026-06-02 18:18:53,561][src.modRNN.training.alignment][INFO] - epoch 1000  train loss=0.0220  (rule: diffusion)
[2026-06-02 18:18:55,056][src.modRNN.training.alignment][INFO] -   align BPTT @ epoch 1001: cos {'ALIFCell_0.input_weights': '0.000', 'ALIFCell_0.recurrent_weights': '0.000', 'ReadOut_0.readout_weights': '0.000'}
[2026-06-02 18:18:55,612][src.modRNN.training.alignment][INFO] -   align eprop @ epoch 1001: cos {'ALIFCell_0.input_weights': '1.407', 'ALIFCell_0.recurrent_weights': '1.456', 'ReadOut_0.readout_weights': '0.000'}
[2026-06-02 18:18:56,296][src.modRNN.training.alignment][INFO] -   align diffusion_aligned @ epoch 1001: cos {'ALIFCell_0.input_weights': '1.409', 'ALIFCell_0.recurrent_weights': '1.462', 'ReadOut_0.readout_weights': '0.000'}
[2026-06-02 18:18:57,452][src.modRNN.training.alignment][INFO] -   align diffusion_per_step @ epoch 1001: cos {'ALIFCell_0.input_weights': '1.410', 'ALIFCell_0.recurrent_weights': '1.458', 'ReadOut_0.readout_weights': '0.000'}
[2026-06-02 18:18:58,122][src.modRNN.training.alignment][INFO] -   align diffusion_fixed @ epoch 1001: cos {'ALIFCell_0.input_weights': '1.424', 'ALIFCell_0.recurrent_weights': '1.466', 'ReadOut_0.readout_weights': '0.000'}
[2026-06-02 18:19:15,606][src.modRNN.training.alignment][INFO] - epoch 1025  train loss=0.0203  (rule: diffusion)
[2026-06-02 18:19:33,813][src.modRNN.training.alignment][INFO] - epoch 1050  train loss=0.0174  (rule: diffusion)
[2026-06-02 18:19:35,307][src.modRNN.training.alignment][INFO] -   align BPTT @ epoch 1051: cos {'ALIFCell_0.input_weights': '0.000', 'ALIFCell_0.recurrent_weights': '0.000', 'ReadOut_0.readout_weights': '0.000'}
[2026-06-02 18:19:35,865][src.modRNN.training.alignment][INFO] -   align eprop @ epoch 1051: cos {'ALIFCell_0.input_weights': '0.909', 'ALIFCell_0.recurrent_weights': '0.781', 'ReadOut_0.readout_weights': '0.000'}
[2026-06-02 18:19:36,549][src.modRNN.training.alignment][INFO] -   align diffusion_aligned @ epoch 1051: cos {'ALIFCell_0.input_weights': '1.003', 'ALIFCell_0.recurrent_weights': '0.847', 'ReadOut_0.readout_weights': '0.000'}
[2026-06-02 18:19:37,707][src.modRNN.training.alignment][INFO] -   align diffusion_per_step @ epoch 1051: cos {'ALIFCell_0.input_weights': '0.904', 'ALIFCell_0.recurrent_weights': '0.786', 'ReadOut_0.readout_weights': '0.000'}
[2026-06-02 18:19:38,377][src.modRNN.training.alignment][INFO] -   align diffusion_fixed @ epoch 1051: cos {'ALIFCell_0.input_weights': '0.923', 'ALIFCell_0.recurrent_weights': '0.839', 'ReadOut_0.readout_weights': '0.000'}
[2026-06-02 18:19:55,820][src.modRNN.training.alignment][INFO] - epoch 1075  train loss=0.0203  (rule: diffusion)
[2026-06-02 18:20:14,031][src.modRNN.training.alignment][INFO] - epoch 1100  train loss=0.0166  (rule: diffusion)
[2026-06-02 18:20:15,528][src.modRNN.training.alignment][INFO] -   align BPTT @ epoch 1101: cos {'ALIFCell_0.input_weights': '0.000', 'ALIFCell_0.recurrent_weights': '0.000', 'ReadOut_0.readout_weights': '0.000'}
[2026-06-02 18:20:16,087][src.modRNN.training.alignment][INFO] -   align eprop @ epoch 1101: cos {'ALIFCell_0.input_weights': '0.907', 'ALIFCell_0.recurrent_weights': '0.907', 'ReadOut_0.readout_weights': '0.000'}
[2026-06-02 18:20:16,772][src.modRNN.training.alignment][INFO] -   align diffusion_aligned @ epoch 1101: cos {'ALIFCell_0.input_weights': '0.865', 'ALIFCell_0.recurrent_weights': '0.902', 'ReadOut_0.readout_weights': '0.000'}
[2026-06-02 18:20:17,929][src.modRNN.training.alignment][INFO] -   align diffusion_per_step @ epoch 1101: cos {'ALIFCell_0.input_weights': '0.900', 'ALIFCell_0.recurrent_weights': '0.904', 'ReadOut_0.readout_weights': '0.000'}
[2026-06-02 18:20:18,601][src.modRNN.training.alignment][INFO] -   align diffusion_fixed @ epoch 1101: cos {'ALIFCell_0.input_weights': '0.886', 'ALIFCell_0.recurrent_weights': '0.927', 'ReadOut_0.readout_weights': '0.000'}
[2026-06-02 18:20:36,138][src.modRNN.training.alignment][INFO] - epoch 1125  train loss=0.0169  (rule: diffusion)
[2026-06-02 18:20:54,369][src.modRNN.training.alignment][INFO] - epoch 1150  train loss=0.0175  (rule: diffusion)
[2026-06-02 18:20:55,862][src.modRNN.training.alignment][INFO] -   align BPTT @ epoch 1151: cos {'ALIFCell_0.input_weights': '0.000', 'ALIFCell_0.recurrent_weights': '0.000', 'ReadOut_0.readout_weights': '0.000'}
[2026-06-02 18:20:56,419][src.modRNN.training.alignment][INFO] -   align eprop @ epoch 1151: cos {'ALIFCell_0.input_weights': '1.382', 'ALIFCell_0.recurrent_weights': '1.260', 'ReadOut_0.readout_weights': '0.000'}
[2026-06-02 18:20:57,104][src.modRNN.training.alignment][INFO] -   align diffusion_aligned @ epoch 1151: cos {'ALIFCell_0.input_weights': '1.378', 'ALIFCell_0.recurrent_weights': '1.270', 'ReadOut_0.readout_weights': '0.000'}
[2026-06-02 18:20:58,263][src.modRNN.training.alignment][INFO] -   align diffusion_per_step @ epoch 1151: cos {'ALIFCell_0.input_weights': '1.384', 'ALIFCell_0.recurrent_weights': '1.279', 'ReadOut_0.readout_weights': '0.000'}
[2026-06-02 18:20:58,935][src.modRNN.training.alignment][INFO] -   align diffusion_fixed @ epoch 1151: cos {'ALIFCell_0.input_weights': '1.387', 'ALIFCell_0.recurrent_weights': '1.354', 'ReadOut_0.readout_weights': '0.000'}
[2026-06-02 18:21:16,413][src.modRNN.training.alignment][INFO] - epoch 1175  train loss=0.0170  (rule: diffusion)
[2026-06-02 18:21:34,600][src.modRNN.training.alignment][INFO] - epoch 1200  train loss=0.0165  (rule: diffusion)
[2026-06-02 18:21:36,092][src.modRNN.training.alignment][INFO] -   align BPTT @ epoch 1201: cos {'ALIFCell_0.input_weights': '0.000', 'ALIFCell_0.recurrent_weights': '0.000', 'ReadOut_0.readout_weights': '0.000'}
[2026-06-02 18:21:36,651][src.modRNN.training.alignment][INFO] -   align eprop @ epoch 1201: cos {'ALIFCell_0.input_weights': '0.462', 'ALIFCell_0.recurrent_weights': '0.620', 'ReadOut_0.readout_weights': '0.000'}
[2026-06-02 18:21:37,333][src.modRNN.training.alignment][INFO] -   align diffusion_aligned @ epoch 1201: cos {'ALIFCell_0.input_weights': '0.503', 'ALIFCell_0.recurrent_weights': '0.521', 'ReadOut_0.readout_weights': '0.000'}
[2026-06-02 18:21:38,490][src.modRNN.training.alignment][INFO] -   align diffusion_per_step @ epoch 1201: cos {'ALIFCell_0.input_weights': '0.480', 'ALIFCell_0.recurrent_weights': '0.697', 'ReadOut_0.readout_weights': '0.000'}
[2026-06-02 18:21:39,160][src.modRNN.training.alignment][INFO] -   align diffusion_fixed @ epoch 1201: cos {'ALIFCell_0.input_weights': '0.535', 'ALIFCell_0.recurrent_weights': '0.924', 'ReadOut_0.readout_weights': '0.000'}
[2026-06-02 18:21:56,602][src.modRNN.training.alignment][INFO] - epoch 1225  train loss=0.0144  (rule: diffusion)
[2026-06-02 18:22:14,845][src.modRNN.training.alignment][INFO] - epoch 1250  train loss=0.0141  (rule: diffusion)
[2026-06-02 18:22:16,340][src.modRNN.training.alignment][INFO] -   align BPTT @ epoch 1251: cos {'ALIFCell_0.input_weights': '0.000', 'ALIFCell_0.recurrent_weights': '0.000', 'ReadOut_0.readout_weights': '0.000'}
[2026-06-02 18:22:16,897][src.modRNN.training.alignment][INFO] -   align eprop @ epoch 1251: cos {'ALIFCell_0.input_weights': '1.001', 'ALIFCell_0.recurrent_weights': '0.853', 'ReadOut_0.readout_weights': '0.000'}
[2026-06-02 18:22:17,580][src.modRNN.training.alignment][INFO] -   align diffusion_aligned @ epoch 1251: cos {'ALIFCell_0.input_weights': '0.995', 'ALIFCell_0.recurrent_weights': '0.872', 'ReadOut_0.readout_weights': '0.000'}
[2026-06-02 18:22:18,739][src.modRNN.training.alignment][INFO] -   align diffusion_per_step @ epoch 1251: cos {'ALIFCell_0.input_weights': '0.993', 'ALIFCell_0.recurrent_weights': '0.898', 'ReadOut_0.readout_weights': '0.000'}
[2026-06-02 18:22:19,407][src.modRNN.training.alignment][INFO] -   align diffusion_fixed @ epoch 1251: cos {'ALIFCell_0.input_weights': '1.008', 'ALIFCell_0.recurrent_weights': '1.075', 'ReadOut_0.readout_weights': '0.000'}
[2026-06-02 18:22:36,863][src.modRNN.training.alignment][INFO] - epoch 1275  train loss=0.0123  (rule: diffusion)
[2026-06-02 18:22:55,016][src.modRNN.training.alignment][INFO] - epoch 1300  train loss=0.0151  (rule: diffusion)
[2026-06-02 18:22:56,508][src.modRNN.training.alignment][INFO] -   align BPTT @ epoch 1301: cos {'ALIFCell_0.input_weights': '0.000', 'ALIFCell_0.recurrent_weights': '0.000', 'ReadOut_0.readout_weights': '0.000'}
[2026-06-02 18:22:57,063][src.modRNN.training.alignment][INFO] -   align eprop @ epoch 1301: cos {'ALIFCell_0.input_weights': '0.541', 'ALIFCell_0.recurrent_weights': '0.645', 'ReadOut_0.readout_weights': '0.000'}
[2026-06-02 18:22:57,746][src.modRNN.training.alignment][INFO] -   align diffusion_aligned @ epoch 1301: cos {'ALIFCell_0.input_weights': '0.582', 'ALIFCell_0.recurrent_weights': '0.719', 'ReadOut_0.readout_weights': '0.000'}
[2026-06-02 18:22:58,902][src.modRNN.training.alignment][INFO] -   align diffusion_per_step @ epoch 1301: cos {'ALIFCell_0.input_weights': '0.544', 'ALIFCell_0.recurrent_weights': '0.685', 'ReadOut_0.readout_weights': '0.000'}
[2026-06-02 18:22:59,571][src.modRNN.training.alignment][INFO] -   align diffusion_fixed @ epoch 1301: cos {'ALIFCell_0.input_weights': '0.662', 'ALIFCell_0.recurrent_weights': '1.109', 'ReadOut_0.readout_weights': '0.000'}
[2026-06-02 18:23:17,103][src.modRNN.training.alignment][INFO] - epoch 1325  train loss=0.0129  (rule: diffusion)
[2026-06-02 18:23:35,349][src.modRNN.training.alignment][INFO] - epoch 1350  train loss=0.0107  (rule: diffusion)
[2026-06-02 18:23:36,844][src.modRNN.training.alignment][INFO] -   align BPTT @ epoch 1351: cos {'ALIFCell_0.input_weights': '0.000', 'ALIFCell_0.recurrent_weights': '0.000', 'ReadOut_0.readout_weights': '0.000'}
[2026-06-02 18:23:37,402][src.modRNN.training.alignment][INFO] -   align eprop @ epoch 1351: cos {'ALIFCell_0.input_weights': '0.600', 'ALIFCell_0.recurrent_weights': '0.811', 'ReadOut_0.readout_weights': '0.000'}
[2026-06-02 18:23:38,091][src.modRNN.training.alignment][INFO] -   align diffusion_aligned @ epoch 1351: cos {'ALIFCell_0.input_weights': '0.606', 'ALIFCell_0.recurrent_weights': '0.834', 'ReadOut_0.readout_weights': '0.000'}
[2026-06-02 18:23:39,247][src.modRNN.training.alignment][INFO] -   align diffusion_per_step @ epoch 1351: cos {'ALIFCell_0.input_weights': '0.602', 'ALIFCell_0.recurrent_weights': '0.832', 'ReadOut_0.readout_weights': '0.000'}
[2026-06-02 18:23:39,919][src.modRNN.training.alignment][INFO] -   align diffusion_fixed @ epoch 1351: cos {'ALIFCell_0.input_weights': '0.623', 'ALIFCell_0.recurrent_weights': '0.924', 'ReadOut_0.readout_weights': '0.000'}
[2026-06-02 18:23:57,354][src.modRNN.training.alignment][INFO] - epoch 1375  train loss=0.0131  (rule: diffusion)
[2026-06-02 18:24:15,548][src.modRNN.training.alignment][INFO] - epoch 1400  train loss=0.0130  (rule: diffusion)
[2026-06-02 18:24:17,043][src.modRNN.training.alignment][INFO] -   align BPTT @ epoch 1401: cos {'ALIFCell_0.input_weights': '0.000', 'ALIFCell_0.recurrent_weights': '0.000', 'ReadOut_0.readout_weights': '0.000'}
[2026-06-02 18:24:17,599][src.modRNN.training.alignment][INFO] -   align eprop @ epoch 1401: cos {'ALIFCell_0.input_weights': '0.789', 'ALIFCell_0.recurrent_weights': '0.750', 'ReadOut_0.readout_weights': '0.000'}
[2026-06-02 18:24:18,286][src.modRNN.training.alignment][INFO] -   align diffusion_aligned @ epoch 1401: cos {'ALIFCell_0.input_weights': '0.930', 'ALIFCell_0.recurrent_weights': '0.942', 'ReadOut_0.readout_weights': '0.000'}
[2026-06-02 18:24:19,443][src.modRNN.training.alignment][INFO] -   align diffusion_per_step @ epoch 1401: cos {'ALIFCell_0.input_weights': '0.775', 'ALIFCell_0.recurrent_weights': '0.822', 'ReadOut_0.readout_weights': '0.000'}
[2026-06-02 18:24:20,115][src.modRNN.training.alignment][INFO] -   align diffusion_fixed @ epoch 1401: cos {'ALIFCell_0.input_weights': '0.861', 'ALIFCell_0.recurrent_weights': '1.179', 'ReadOut_0.readout_weights': '0.000'}
[2026-06-02 18:24:37,610][src.modRNN.training.alignment][INFO] - epoch 1425  train loss=0.0111  (rule: diffusion)
[2026-06-02 18:24:55,806][src.modRNN.training.alignment][INFO] - epoch 1450  train loss=0.0135  (rule: diffusion)
[2026-06-02 18:24:57,299][src.modRNN.training.alignment][INFO] -   align BPTT @ epoch 1451: cos {'ALIFCell_0.input_weights': '0.000', 'ALIFCell_0.recurrent_weights': '0.000', 'ReadOut_0.readout_weights': '0.000'}
[2026-06-02 18:24:57,857][src.modRNN.training.alignment][INFO] -   align eprop @ epoch 1451: cos {'ALIFCell_0.input_weights': '1.399', 'ALIFCell_0.recurrent_weights': '1.362', 'ReadOut_0.readout_weights': '0.000'}
[2026-06-02 18:24:58,541][src.modRNN.training.alignment][INFO] -   align diffusion_aligned @ epoch 1451: cos {'ALIFCell_0.input_weights': '1.398', 'ALIFCell_0.recurrent_weights': '1.347', 'ReadOut_0.readout_weights': '0.000'}
[2026-06-02 18:24:59,699][src.modRNN.training.alignment][INFO] -   align diffusion_per_step @ epoch 1451: cos {'ALIFCell_0.input_weights': '1.404', 'ALIFCell_0.recurrent_weights': '1.377', 'ReadOut_0.readout_weights': '0.000'}
[2026-06-02 18:25:00,369][src.modRNN.training.alignment][INFO] -   align diffusion_fixed @ epoch 1451: cos {'ALIFCell_0.input_weights': '1.427', 'ALIFCell_0.recurrent_weights': '1.421', 'ReadOut_0.readout_weights': '0.000'}
[2026-06-02 18:25:17,927][src.modRNN.training.alignment][INFO] - epoch 1475  train loss=0.0105  (rule: diffusion)
[2026-06-02 18:25:36,160][src.modRNN.training.alignment][INFO] - epoch 1500  train loss=0.0115  (rule: diffusion)
[2026-06-02 18:25:37,653][src.modRNN.training.alignment][INFO] -   align BPTT @ epoch 1501: cos {'ALIFCell_0.input_weights': '0.000', 'ALIFCell_0.recurrent_weights': '0.000', 'ReadOut_0.readout_weights': '0.000'}
[2026-06-02 18:25:38,211][src.modRNN.training.alignment][INFO] -   align eprop @ epoch 1501: cos {'ALIFCell_0.input_weights': '1.324', 'ALIFCell_0.recurrent_weights': '0.905', 'ReadOut_0.readout_weights': '0.000'}
[2026-06-02 18:25:38,895][src.modRNN.training.alignment][INFO] -   align diffusion_aligned @ epoch 1501: cos {'ALIFCell_0.input_weights': '1.180', 'ALIFCell_0.recurrent_weights': '0.901', 'ReadOut_0.readout_weights': '0.000'}
[2026-06-02 18:25:40,052][src.modRNN.training.alignment][INFO] -   align diffusion_per_step @ epoch 1501: cos {'ALIFCell_0.input_weights': '1.288', 'ALIFCell_0.recurrent_weights': '0.899', 'ReadOut_0.readout_weights': '0.000'}
[2026-06-02 18:25:40,723][src.modRNN.training.alignment][INFO] -   align diffusion_fixed @ epoch 1501: cos {'ALIFCell_0.input_weights': '1.246', 'ALIFCell_0.recurrent_weights': '0.995', 'ReadOut_0.readout_weights': '0.000'}
[2026-06-02 18:25:58,191][src.modRNN.training.alignment][INFO] - epoch 1525  train loss=0.0102  (rule: diffusion)
[2026-06-02 18:26:16,429][src.modRNN.training.alignment][INFO] - epoch 1550  train loss=0.0111  (rule: diffusion)
[2026-06-02 18:26:17,924][src.modRNN.training.alignment][INFO] -   align BPTT @ epoch 1551: cos {'ALIFCell_0.input_weights': '0.000', 'ALIFCell_0.recurrent_weights': '0.000', 'ReadOut_0.readout_weights': '0.000'}
[2026-06-02 18:26:18,481][src.modRNN.training.alignment][INFO] -   align eprop @ epoch 1551: cos {'ALIFCell_0.input_weights': '0.878', 'ALIFCell_0.recurrent_weights': '1.040', 'ReadOut_0.readout_weights': '0.000'}
[2026-06-02 18:26:19,164][src.modRNN.training.alignment][INFO] -   align diffusion_aligned @ epoch 1551: cos {'ALIFCell_0.input_weights': '0.930', 'ALIFCell_0.recurrent_weights': '0.931', 'ReadOut_0.readout_weights': '0.000'}
[2026-06-02 18:26:20,321][src.modRNN.training.alignment][INFO] -   align diffusion_per_step @ epoch 1551: cos {'ALIFCell_0.input_weights': '0.880', 'ALIFCell_0.recurrent_weights': '1.071', 'ReadOut_0.readout_weights': '0.000'}
[2026-06-02 18:26:20,992][src.modRNN.training.alignment][INFO] -   align diffusion_fixed @ epoch 1551: cos {'ALIFCell_0.input_weights': '0.940', 'ALIFCell_0.recurrent_weights': '1.200', 'ReadOut_0.readout_weights': '0.000'}
[2026-06-02 18:26:38,510][src.modRNN.training.alignment][INFO] - epoch 1575  train loss=0.0086  (rule: diffusion)
[2026-06-02 18:26:56,765][src.modRNN.training.alignment][INFO] - epoch 1600  train loss=0.0094  (rule: diffusion)
[2026-06-02 18:26:58,257][src.modRNN.training.alignment][INFO] -   align BPTT @ epoch 1601: cos {'ALIFCell_0.input_weights': '0.000', 'ALIFCell_0.recurrent_weights': '0.000', 'ReadOut_0.readout_weights': '0.000'}
[2026-06-02 18:26:58,814][src.modRNN.training.alignment][INFO] -   align eprop @ epoch 1601: cos {'ALIFCell_0.input_weights': '1.019', 'ALIFCell_0.recurrent_weights': '0.172', 'ReadOut_0.readout_weights': '0.000'}
[2026-06-02 18:26:59,498][src.modRNN.training.alignment][INFO] -   align diffusion_aligned @ epoch 1601: cos {'ALIFCell_0.input_weights': '0.830', 'ALIFCell_0.recurrent_weights': '0.399', 'ReadOut_0.readout_weights': '0.000'}
[2026-06-02 18:27:00,658][src.modRNN.training.alignment][INFO] -   align diffusion_per_step @ epoch 1601: cos {'ALIFCell_0.input_weights': '1.010', 'ALIFCell_0.recurrent_weights': '0.207', 'ReadOut_0.readout_weights': '0.000'}
[2026-06-02 18:27:01,331][src.modRNN.training.alignment][INFO] -   align diffusion_fixed @ epoch 1601: cos {'ALIFCell_0.input_weights': '0.922', 'ALIFCell_0.recurrent_weights': '0.420', 'ReadOut_0.readout_weights': '0.000'}
[2026-06-02 18:27:18,839][src.modRNN.training.alignment][INFO] - epoch 1625  train loss=0.0089  (rule: diffusion)
[2026-06-02 18:27:37,047][src.modRNN.training.alignment][INFO] - epoch 1650  train loss=0.0078  (rule: diffusion)
[2026-06-02 18:27:38,539][src.modRNN.training.alignment][INFO] -   align BPTT @ epoch 1651: cos {'ALIFCell_0.input_weights': '0.000', 'ALIFCell_0.recurrent_weights': '0.000', 'ReadOut_0.readout_weights': '0.000'}
[2026-06-02 18:27:39,098][src.modRNN.training.alignment][INFO] -   align eprop @ epoch 1651: cos {'ALIFCell_0.input_weights': '0.617', 'ALIFCell_0.recurrent_weights': '0.759', 'ReadOut_0.readout_weights': '0.000'}
[2026-06-02 18:27:39,781][src.modRNN.training.alignment][INFO] -   align diffusion_aligned @ epoch 1651: cos {'ALIFCell_0.input_weights': '0.828', 'ALIFCell_0.recurrent_weights': '0.751', 'ReadOut_0.readout_weights': '0.000'}
[2026-06-02 18:27:40,938][src.modRNN.training.alignment][INFO] -   align diffusion_per_step @ epoch 1651: cos {'ALIFCell_0.input_weights': '0.636', 'ALIFCell_0.recurrent_weights': '0.825', 'ReadOut_0.readout_weights': '0.000'}
[2026-06-02 18:27:41,609][src.modRNN.training.alignment][INFO] -   align diffusion_fixed @ epoch 1651: cos {'ALIFCell_0.input_weights': '0.760', 'ALIFCell_0.recurrent_weights': '1.046', 'ReadOut_0.readout_weights': '0.000'}
[2026-06-02 18:27:59,054][src.modRNN.training.alignment][INFO] - epoch 1675  train loss=0.0077  (rule: diffusion)
[2026-06-02 18:28:17,297][src.modRNN.training.alignment][INFO] - epoch 1700  train loss=0.0092  (rule: diffusion)
[2026-06-02 18:28:18,793][src.modRNN.training.alignment][INFO] -   align BPTT @ epoch 1701: cos {'ALIFCell_0.input_weights': '0.000', 'ALIFCell_0.recurrent_weights': '0.000', 'ReadOut_0.readout_weights': '0.000'}
[2026-06-02 18:28:19,351][src.modRNN.training.alignment][INFO] -   align eprop @ epoch 1701: cos {'ALIFCell_0.input_weights': '0.957', 'ALIFCell_0.recurrent_weights': '0.915', 'ReadOut_0.readout_weights': '0.000'}
[2026-06-02 18:28:20,034][src.modRNN.training.alignment][INFO] -   align diffusion_aligned @ epoch 1701: cos {'ALIFCell_0.input_weights': '0.924', 'ALIFCell_0.recurrent_weights': '0.841', 'ReadOut_0.readout_weights': '0.000'}
[2026-06-02 18:28:21,189][src.modRNN.training.alignment][INFO] -   align diffusion_per_step @ epoch 1701: cos {'ALIFCell_0.input_weights': '0.951', 'ALIFCell_0.recurrent_weights': '0.907', 'ReadOut_0.readout_weights': '0.000'}
[2026-06-02 18:28:21,859][src.modRNN.training.alignment][INFO] -   align diffusion_fixed @ epoch 1701: cos {'ALIFCell_0.input_weights': '0.962', 'ALIFCell_0.recurrent_weights': '0.953', 'ReadOut_0.readout_weights': '0.000'}
[2026-06-02 18:28:39,326][src.modRNN.training.alignment][INFO] - epoch 1725  train loss=0.0082  (rule: diffusion)
[2026-06-02 18:28:57,494][src.modRNN.training.alignment][INFO] - epoch 1750  train loss=0.0075  (rule: diffusion)
[2026-06-02 18:28:58,987][src.modRNN.training.alignment][INFO] -   align BPTT @ epoch 1751: cos {'ALIFCell_0.input_weights': '0.000', 'ALIFCell_0.recurrent_weights': '0.000', 'ReadOut_0.readout_weights': '0.000'}
[2026-06-02 18:28:59,545][src.modRNN.training.alignment][INFO] -   align eprop @ epoch 1751: cos {'ALIFCell_0.input_weights': '0.869', 'ALIFCell_0.recurrent_weights': '0.780', 'ReadOut_0.readout_weights': '0.000'}
[2026-06-02 18:29:00,230][src.modRNN.training.alignment][INFO] -   align diffusion_aligned @ epoch 1751: cos {'ALIFCell_0.input_weights': '0.962', 'ALIFCell_0.recurrent_weights': '0.840', 'ReadOut_0.readout_weights': '0.000'}
[2026-06-02 18:29:01,388][src.modRNN.training.alignment][INFO] -   align diffusion_per_step @ epoch 1751: cos {'ALIFCell_0.input_weights': '0.871', 'ALIFCell_0.recurrent_weights': '0.792', 'ReadOut_0.readout_weights': '0.000'}
[2026-06-02 18:29:02,063][src.modRNN.training.alignment][INFO] -   align diffusion_fixed @ epoch 1751: cos {'ALIFCell_0.input_weights': '1.010', 'ALIFCell_0.recurrent_weights': '0.984', 'ReadOut_0.readout_weights': '0.000'}
[2026-06-02 18:29:19,576][src.modRNN.training.alignment][INFO] - epoch 1775  train loss=0.0069  (rule: diffusion)
[2026-06-02 18:29:37,802][src.modRNN.training.alignment][INFO] - epoch 1800  train loss=0.0079  (rule: diffusion)
[2026-06-02 18:29:39,297][src.modRNN.training.alignment][INFO] -   align BPTT @ epoch 1801: cos {'ALIFCell_0.input_weights': '0.000', 'ALIFCell_0.recurrent_weights': '0.000', 'ReadOut_0.readout_weights': '0.000'}
[2026-06-02 18:29:39,853][src.modRNN.training.alignment][INFO] -   align eprop @ epoch 1801: cos {'ALIFCell_0.input_weights': '0.644', 'ALIFCell_0.recurrent_weights': '0.421', 'ReadOut_0.readout_weights': '0.000'}
[2026-06-02 18:29:40,536][src.modRNN.training.alignment][INFO] -   align diffusion_aligned @ epoch 1801: cos {'ALIFCell_0.input_weights': '0.670', 'ALIFCell_0.recurrent_weights': '0.565', 'ReadOut_0.readout_weights': '0.000'}
[2026-06-02 18:29:41,693][src.modRNN.training.alignment][INFO] -   align diffusion_per_step @ epoch 1801: cos {'ALIFCell_0.input_weights': '0.646', 'ALIFCell_0.recurrent_weights': '0.466', 'ReadOut_0.readout_weights': '0.000'}
[2026-06-02 18:29:42,362][src.modRNN.training.alignment][INFO] -   align diffusion_fixed @ epoch 1801: cos {'ALIFCell_0.input_weights': '0.658', 'ALIFCell_0.recurrent_weights': '0.718', 'ReadOut_0.readout_weights': '0.000'}
[2026-06-02 18:29:59,827][src.modRNN.training.alignment][INFO] - epoch 1825  train loss=0.0070  (rule: diffusion)
[2026-06-02 18:30:18,056][src.modRNN.training.alignment][INFO] - epoch 1850  train loss=0.0069  (rule: diffusion)
[2026-06-02 18:30:19,549][src.modRNN.training.alignment][INFO] -   align BPTT @ epoch 1851: cos {'ALIFCell_0.input_weights': '0.000', 'ALIFCell_0.recurrent_weights': '0.000', 'ReadOut_0.readout_weights': '0.000'}
[2026-06-02 18:30:20,108][src.modRNN.training.alignment][INFO] -   align eprop @ epoch 1851: cos {'ALIFCell_0.input_weights': '0.539', 'ALIFCell_0.recurrent_weights': '0.643', 'ReadOut_0.readout_weights': '0.000'}
[2026-06-02 18:30:20,795][src.modRNN.training.alignment][INFO] -   align diffusion_aligned @ epoch 1851: cos {'ALIFCell_0.input_weights': '0.624', 'ALIFCell_0.recurrent_weights': '0.721', 'ReadOut_0.readout_weights': '0.000'}
[2026-06-02 18:30:21,953][src.modRNN.training.alignment][INFO] -   align diffusion_per_step @ epoch 1851: cos {'ALIFCell_0.input_weights': '0.535', 'ALIFCell_0.recurrent_weights': '0.752', 'ReadOut_0.readout_weights': '0.000'}
[2026-06-02 18:30:22,625][src.modRNN.training.alignment][INFO] -   align diffusion_fixed @ epoch 1851: cos {'ALIFCell_0.input_weights': '0.598', 'ALIFCell_0.recurrent_weights': '1.062', 'ReadOut_0.readout_weights': '0.000'}
[2026-06-02 18:30:40,085][src.modRNN.training.alignment][INFO] - epoch 1875  train loss=0.0069  (rule: diffusion)
[2026-06-02 18:30:58,237][src.modRNN.training.alignment][INFO] - epoch 1900  train loss=0.0696  (rule: diffusion)
[2026-06-02 18:30:59,728][src.modRNN.training.alignment][INFO] -   align BPTT @ epoch 1901: cos {'ALIFCell_0.input_weights': '0.000', 'ALIFCell_0.recurrent_weights': '0.000', 'ReadOut_0.readout_weights': '0.000'}
[2026-06-02 18:31:00,285][src.modRNN.training.alignment][INFO] -   align eprop @ epoch 1901: cos {'ALIFCell_0.input_weights': '0.558', 'ALIFCell_0.recurrent_weights': '0.535', 'ReadOut_0.readout_weights': '0.001'}
[2026-06-02 18:31:00,968][src.modRNN.training.alignment][INFO] -   align diffusion_aligned @ epoch 1901: cos {'ALIFCell_0.input_weights': '0.753', 'ALIFCell_0.recurrent_weights': '0.769', 'ReadOut_0.readout_weights': '0.001'}
[2026-06-02 18:31:02,126][src.modRNN.training.alignment][INFO] -   align diffusion_per_step @ epoch 1901: cos {'ALIFCell_0.input_weights': '0.573', 'ALIFCell_0.recurrent_weights': '0.628', 'ReadOut_0.readout_weights': '0.001'}
[2026-06-02 18:31:02,797][src.modRNN.training.alignment][INFO] -   align diffusion_fixed @ epoch 1901: cos {'ALIFCell_0.input_weights': '0.639', 'ALIFCell_0.recurrent_weights': '0.977', 'ReadOut_0.readout_weights': '0.001'}
[2026-06-02 18:31:20,307][src.modRNN.training.alignment][INFO] - epoch 1925  train loss=0.0064  (rule: diffusion)
[2026-06-02 18:31:38,513][src.modRNN.training.alignment][INFO] - epoch 1950  train loss=0.0059  (rule: diffusion)
[2026-06-02 18:31:40,005][src.modRNN.training.alignment][INFO] -   align BPTT @ epoch 1951: cos {'ALIFCell_0.input_weights': '0.000', 'ALIFCell_0.recurrent_weights': '0.000', 'ReadOut_0.readout_weights': '0.000'}
[2026-06-02 18:31:40,564][src.modRNN.training.alignment][INFO] -   align eprop @ epoch 1951: cos {'ALIFCell_0.input_weights': '0.694', 'ALIFCell_0.recurrent_weights': '0.535', 'ReadOut_0.readout_weights': '0.000'}
[2026-06-02 18:31:41,248][src.modRNN.training.alignment][INFO] -   align diffusion_aligned @ epoch 1951: cos {'ALIFCell_0.input_weights': '0.715', 'ALIFCell_0.recurrent_weights': '0.698', 'ReadOut_0.readout_weights': '0.000'}
[2026-06-02 18:31:42,405][src.modRNN.training.alignment][INFO] -   align diffusion_per_step @ epoch 1951: cos {'ALIFCell_0.input_weights': '0.671', 'ALIFCell_0.recurrent_weights': '0.623', 'ReadOut_0.readout_weights': '0.000'}
[2026-06-02 18:31:43,075][src.modRNN.training.alignment][INFO] -   align diffusion_fixed @ epoch 1951: cos {'ALIFCell_0.input_weights': '0.696', 'ALIFCell_0.recurrent_weights': '0.956', 'ReadOut_0.readout_weights': '0.000'}
[2026-06-02 18:32:00,522][src.modRNN.training.alignment][INFO] - epoch 1975  train loss=0.0060  (rule: diffusion)
[2026-06-02 18:32:18,744][src.modRNN.training.alignment][INFO] - epoch 2000  train loss=0.0067  (rule: diffusion)
[2026-06-02 18:32:20,239][src.modRNN.training.alignment][INFO] -   align BPTT @ epoch 2001: cos {'ALIFCell_0.input_weights': '0.000', 'ALIFCell_0.recurrent_weights': '0.000', 'ReadOut_0.readout_weights': '0.000'}
[2026-06-02 18:32:20,796][src.modRNN.training.alignment][INFO] -   align eprop @ epoch 2001: cos {'ALIFCell_0.input_weights': '1.189', 'ALIFCell_0.recurrent_weights': '1.168', 'ReadOut_0.readout_weights': '0.000'}
[2026-06-02 18:32:21,479][src.modRNN.training.alignment][INFO] -   align diffusion_aligned @ epoch 2001: cos {'ALIFCell_0.input_weights': '1.162', 'ALIFCell_0.recurrent_weights': '1.153', 'ReadOut_0.readout_weights': '0.000'}
[2026-06-02 18:32:22,635][src.modRNN.training.alignment][INFO] -   align diffusion_per_step @ epoch 2001: cos {'ALIFCell_0.input_weights': '1.190', 'ALIFCell_0.recurrent_weights': '1.173', 'ReadOut_0.readout_weights': '0.000'}
[2026-06-02 18:32:23,304][src.modRNN.training.alignment][INFO] -   align diffusion_fixed @ epoch 2001: cos {'ALIFCell_0.input_weights': '1.208', 'ALIFCell_0.recurrent_weights': '1.187', 'ReadOut_0.readout_weights': '0.000'}
[2026-06-02 18:32:23,334][src.modRNN.training.alignment][INFO] - Alignment experiment finished. Output dir: /mnt/lustre/work/martius/mot736/neuromodRNN/outputs/delayed_match/delayed_match_align_nn_connectivity_diffusion_aligned/seed_555
