[2026-06-02 19:28:30,917][jax._src.xla_bridge][INFO] - Unable to initialize backend 'rocm': module 'jaxlib.xla_extension' has no attribute 'GpuAllocatorConfig'
[2026-06-02 19:28:30,919][jax._src.xla_bridge][INFO] - Unable to initialize backend 'tpu': INTERNAL: Failed to open libtpu.so: libtpu.so: cannot open shared object file: No such file or directory
[2026-06-02 19:28:39,758][src.modRNN.training.alignment][INFO] - Starting alignment experiment: training with diffusion, measuring alignment of ['BPTT', 'eprop', 'diffusion_aligned', 'diffusion_per_step', 'diffusion_fixed'] every 50 epochs.
[2026-06-02 19:28:45,668][src.modRNN.training.alignment][INFO] - epoch 1  train loss=0.6933  (rule: diffusion)
[2026-06-02 19:28:48,119][src.modRNN.training.alignment][INFO] -   align BPTT @ epoch 1: cos {'ALIFCell_0.input_weights': '0.000', 'ALIFCell_0.recurrent_weights': '0.000', 'ReadOut_0.readout_weights': '0.000'}
[2026-06-02 19:28:49,798][src.modRNN.training.alignment][INFO] -   align eprop @ epoch 1: cos {'ALIFCell_0.input_weights': '0.210', 'ALIFCell_0.recurrent_weights': '0.480', 'ReadOut_0.readout_weights': '0.000'}
[2026-06-02 19:28:52,018][src.modRNN.training.alignment][INFO] -   align diffusion_aligned @ epoch 1: cos {'ALIFCell_0.input_weights': '0.443', 'ALIFCell_0.recurrent_weights': '0.702', 'ReadOut_0.readout_weights': '0.000'}
[2026-06-02 19:28:56,356][src.modRNN.training.alignment][INFO] -   align diffusion_per_step @ epoch 1: cos {'ALIFCell_0.input_weights': '0.469', 'ALIFCell_0.recurrent_weights': '0.690', 'ReadOut_0.readout_weights': '0.000'}
[2026-06-02 19:28:58,559][src.modRNN.training.alignment][INFO] -   align diffusion_fixed @ epoch 1: cos {'ALIFCell_0.input_weights': '0.422', 'ALIFCell_0.recurrent_weights': '0.685', 'ReadOut_0.readout_weights': '0.000'}
[2026-06-02 19:29:29,698][src.modRNN.training.alignment][INFO] - epoch 25  train loss=0.6932  (rule: diffusion)
[2026-06-02 19:30:02,105][src.modRNN.training.alignment][INFO] - epoch 50  train loss=0.6931  (rule: diffusion)
[2026-06-02 19:30:04,808][src.modRNN.training.alignment][INFO] -   align BPTT @ epoch 51: cos {'ALIFCell_0.input_weights': '0.000', 'ALIFCell_0.recurrent_weights': '0.000', 'ReadOut_0.readout_weights': '0.000'}
[2026-06-02 19:30:05,790][src.modRNN.training.alignment][INFO] -   align eprop @ epoch 51: cos {'ALIFCell_0.input_weights': '0.284', 'ALIFCell_0.recurrent_weights': '0.552', 'ReadOut_0.readout_weights': '0.000'}
[2026-06-02 19:30:07,046][src.modRNN.training.alignment][INFO] -   align diffusion_aligned @ epoch 51: cos {'ALIFCell_0.input_weights': '0.493', 'ALIFCell_0.recurrent_weights': '0.662', 'ReadOut_0.readout_weights': '0.000'}
[2026-06-02 19:30:09,165][src.modRNN.training.alignment][INFO] -   align diffusion_per_step @ epoch 51: cos {'ALIFCell_0.input_weights': '0.518', 'ALIFCell_0.recurrent_weights': '0.683', 'ReadOut_0.readout_weights': '0.000'}
[2026-06-02 19:30:10,388][src.modRNN.training.alignment][INFO] -   align diffusion_fixed @ epoch 51: cos {'ALIFCell_0.input_weights': '0.459', 'ALIFCell_0.recurrent_weights': '0.682', 'ReadOut_0.readout_weights': '0.000'}
[2026-06-02 19:30:41,629][src.modRNN.training.alignment][INFO] - epoch 75  train loss=0.6919  (rule: diffusion)
[2026-06-02 19:31:14,108][src.modRNN.training.alignment][INFO] - epoch 100  train loss=0.6861  (rule: diffusion)
[2026-06-02 19:31:16,783][src.modRNN.training.alignment][INFO] -   align BPTT @ epoch 101: cos {'ALIFCell_0.input_weights': '0.000', 'ALIFCell_0.recurrent_weights': '0.000', 'ReadOut_0.readout_weights': '0.000'}
[2026-06-02 19:31:17,760][src.modRNN.training.alignment][INFO] -   align eprop @ epoch 101: cos {'ALIFCell_0.input_weights': '0.887', 'ALIFCell_0.recurrent_weights': '0.913', 'ReadOut_0.readout_weights': '0.000'}
[2026-06-02 19:31:19,013][src.modRNN.training.alignment][INFO] -   align diffusion_aligned @ epoch 101: cos {'ALIFCell_0.input_weights': '0.978', 'ALIFCell_0.recurrent_weights': '0.997', 'ReadOut_0.readout_weights': '0.000'}
[2026-06-02 19:31:21,126][src.modRNN.training.alignment][INFO] -   align diffusion_per_step @ epoch 101: cos {'ALIFCell_0.input_weights': '1.026', 'ALIFCell_0.recurrent_weights': '1.111', 'ReadOut_0.readout_weights': '0.000'}
[2026-06-02 19:31:22,347][src.modRNN.training.alignment][INFO] -   align diffusion_fixed @ epoch 101: cos {'ALIFCell_0.input_weights': '0.974', 'ALIFCell_0.recurrent_weights': '0.968', 'ReadOut_0.readout_weights': '0.000'}
[2026-06-02 19:31:53,503][src.modRNN.training.alignment][INFO] - epoch 125  train loss=0.6788  (rule: diffusion)
[2026-06-02 19:32:26,182][src.modRNN.training.alignment][INFO] - epoch 150  train loss=0.6406  (rule: diffusion)
[2026-06-02 19:32:28,881][src.modRNN.training.alignment][INFO] -   align BPTT @ epoch 151: cos {'ALIFCell_0.input_weights': '0.000', 'ALIFCell_0.recurrent_weights': '0.000', 'ReadOut_0.readout_weights': '0.000'}
[2026-06-02 19:32:29,866][src.modRNN.training.alignment][INFO] -   align eprop @ epoch 151: cos {'ALIFCell_0.input_weights': '1.093', 'ALIFCell_0.recurrent_weights': '0.853', 'ReadOut_0.readout_weights': '0.000'}
[2026-06-02 19:32:31,130][src.modRNN.training.alignment][INFO] -   align diffusion_aligned @ epoch 151: cos {'ALIFCell_0.input_weights': '1.109', 'ALIFCell_0.recurrent_weights': '0.896', 'ReadOut_0.readout_weights': '0.000'}
[2026-06-02 19:32:33,258][src.modRNN.training.alignment][INFO] -   align diffusion_per_step @ epoch 151: cos {'ALIFCell_0.input_weights': '1.087', 'ALIFCell_0.recurrent_weights': '0.887', 'ReadOut_0.readout_weights': '0.000'}
[2026-06-02 19:32:34,483][src.modRNN.training.alignment][INFO] -   align diffusion_fixed @ epoch 151: cos {'ALIFCell_0.input_weights': '1.107', 'ALIFCell_0.recurrent_weights': '0.899', 'ReadOut_0.readout_weights': '0.000'}
[2026-06-02 19:33:05,826][src.modRNN.training.alignment][INFO] - epoch 175  train loss=0.6282  (rule: diffusion)
[2026-06-02 19:33:38,582][src.modRNN.training.alignment][INFO] - epoch 200  train loss=0.6072  (rule: diffusion)
[2026-06-02 19:33:41,265][src.modRNN.training.alignment][INFO] -   align BPTT @ epoch 201: cos {'ALIFCell_0.input_weights': '0.000', 'ALIFCell_0.recurrent_weights': '0.000', 'ReadOut_0.readout_weights': '0.000'}
[2026-06-02 19:33:42,247][src.modRNN.training.alignment][INFO] -   align eprop @ epoch 201: cos {'ALIFCell_0.input_weights': '0.821', 'ALIFCell_0.recurrent_weights': '0.723', 'ReadOut_0.readout_weights': '0.001'}
[2026-06-02 19:33:43,507][src.modRNN.training.alignment][INFO] -   align diffusion_aligned @ epoch 201: cos {'ALIFCell_0.input_weights': '1.037', 'ALIFCell_0.recurrent_weights': '0.917', 'ReadOut_0.readout_weights': '0.001'}
[2026-06-02 19:33:45,638][src.modRNN.training.alignment][INFO] -   align diffusion_per_step @ epoch 201: cos {'ALIFCell_0.input_weights': '1.004', 'ALIFCell_0.recurrent_weights': '0.819', 'ReadOut_0.readout_weights': '0.001'}
[2026-06-02 19:33:46,862][src.modRNN.training.alignment][INFO] -   align diffusion_fixed @ epoch 201: cos {'ALIFCell_0.input_weights': '0.931', 'ALIFCell_0.recurrent_weights': '0.759', 'ReadOut_0.readout_weights': '0.001'}
[2026-06-02 19:34:18,278][src.modRNN.training.alignment][INFO] - epoch 225  train loss=0.5746  (rule: diffusion)
[2026-06-02 19:34:50,976][src.modRNN.training.alignment][INFO] - epoch 250  train loss=0.5346  (rule: diffusion)
[2026-06-02 19:34:53,665][src.modRNN.training.alignment][INFO] -   align BPTT @ epoch 251: cos {'ALIFCell_0.input_weights': '0.000', 'ALIFCell_0.recurrent_weights': '0.000', 'ReadOut_0.readout_weights': '0.000'}
[2026-06-02 19:34:54,649][src.modRNN.training.alignment][INFO] -   align eprop @ epoch 251: cos {'ALIFCell_0.input_weights': '0.866', 'ALIFCell_0.recurrent_weights': '0.745', 'ReadOut_0.readout_weights': '0.000'}
[2026-06-02 19:34:55,911][src.modRNN.training.alignment][INFO] -   align diffusion_aligned @ epoch 251: cos {'ALIFCell_0.input_weights': '0.922', 'ALIFCell_0.recurrent_weights': '1.031', 'ReadOut_0.readout_weights': '0.000'}
[2026-06-02 19:34:58,038][src.modRNN.training.alignment][INFO] -   align diffusion_per_step @ epoch 251: cos {'ALIFCell_0.input_weights': '0.912', 'ALIFCell_0.recurrent_weights': '0.954', 'ReadOut_0.readout_weights': '0.000'}
[2026-06-02 19:34:59,264][src.modRNN.training.alignment][INFO] -   align diffusion_fixed @ epoch 251: cos {'ALIFCell_0.input_weights': '0.923', 'ALIFCell_0.recurrent_weights': '0.962', 'ReadOut_0.readout_weights': '0.000'}
[2026-06-02 19:35:30,807][src.modRNN.training.alignment][INFO] - epoch 275  train loss=0.5348  (rule: diffusion)
[2026-06-02 19:36:03,493][src.modRNN.training.alignment][INFO] - epoch 300  train loss=0.5154  (rule: diffusion)
[2026-06-02 19:36:06,192][src.modRNN.training.alignment][INFO] -   align BPTT @ epoch 301: cos {'ALIFCell_0.input_weights': '0.000', 'ALIFCell_0.recurrent_weights': '0.000', 'ReadOut_0.readout_weights': '0.000'}
[2026-06-02 19:36:07,179][src.modRNN.training.alignment][INFO] -   align eprop @ epoch 301: cos {'ALIFCell_0.input_weights': '1.036', 'ALIFCell_0.recurrent_weights': '0.849', 'ReadOut_0.readout_weights': '0.000'}
[2026-06-02 19:36:08,448][src.modRNN.training.alignment][INFO] -   align diffusion_aligned @ epoch 301: cos {'ALIFCell_0.input_weights': '1.184', 'ALIFCell_0.recurrent_weights': '0.901', 'ReadOut_0.readout_weights': '0.000'}
[2026-06-02 19:36:10,579][src.modRNN.training.alignment][INFO] -   align diffusion_per_step @ epoch 301: cos {'ALIFCell_0.input_weights': '1.250', 'ALIFCell_0.recurrent_weights': '0.907', 'ReadOut_0.readout_weights': '0.000'}
[2026-06-02 19:36:11,809][src.modRNN.training.alignment][INFO] -   align diffusion_fixed @ epoch 301: cos {'ALIFCell_0.input_weights': '1.158', 'ALIFCell_0.recurrent_weights': '0.930', 'ReadOut_0.readout_weights': '0.000'}
[2026-06-02 19:36:43,234][src.modRNN.training.alignment][INFO] - epoch 325  train loss=0.5589  (rule: diffusion)
[2026-06-02 19:37:15,933][src.modRNN.training.alignment][INFO] - epoch 350  train loss=0.5580  (rule: diffusion)
[2026-06-02 19:37:18,629][src.modRNN.training.alignment][INFO] -   align BPTT @ epoch 351: cos {'ALIFCell_0.input_weights': '0.000', 'ALIFCell_0.recurrent_weights': '0.000', 'ReadOut_0.readout_weights': '0.000'}
[2026-06-02 19:37:19,618][src.modRNN.training.alignment][INFO] -   align eprop @ epoch 351: cos {'ALIFCell_0.input_weights': '0.972', 'ALIFCell_0.recurrent_weights': '0.912', 'ReadOut_0.readout_weights': '0.000'}
[2026-06-02 19:37:20,885][src.modRNN.training.alignment][INFO] -   align diffusion_aligned @ epoch 351: cos {'ALIFCell_0.input_weights': '0.975', 'ALIFCell_0.recurrent_weights': '0.953', 'ReadOut_0.readout_weights': '0.000'}
[2026-06-02 19:37:23,021][src.modRNN.training.alignment][INFO] -   align diffusion_per_step @ epoch 351: cos {'ALIFCell_0.input_weights': '0.957', 'ALIFCell_0.recurrent_weights': '0.960', 'ReadOut_0.readout_weights': '0.000'}
[2026-06-02 19:37:24,257][src.modRNN.training.alignment][INFO] -   align diffusion_fixed @ epoch 351: cos {'ALIFCell_0.input_weights': '1.025', 'ALIFCell_0.recurrent_weights': '0.965', 'ReadOut_0.readout_weights': '0.000'}
[2026-06-02 19:37:55,651][src.modRNN.training.alignment][INFO] - epoch 375  train loss=0.4234  (rule: diffusion)
[2026-06-02 19:38:28,438][src.modRNN.training.alignment][INFO] - epoch 400  train loss=0.4447  (rule: diffusion)
[2026-06-02 19:38:31,135][src.modRNN.training.alignment][INFO] -   align BPTT @ epoch 401: cos {'ALIFCell_0.input_weights': '0.000', 'ALIFCell_0.recurrent_weights': '0.000', 'ReadOut_0.readout_weights': '0.000'}
[2026-06-02 19:38:32,115][src.modRNN.training.alignment][INFO] -   align eprop @ epoch 401: cos {'ALIFCell_0.input_weights': '0.953', 'ALIFCell_0.recurrent_weights': '0.723', 'ReadOut_0.readout_weights': '0.000'}
[2026-06-02 19:38:33,374][src.modRNN.training.alignment][INFO] -   align diffusion_aligned @ epoch 401: cos {'ALIFCell_0.input_weights': '1.007', 'ALIFCell_0.recurrent_weights': '0.646', 'ReadOut_0.readout_weights': '0.000'}
[2026-06-02 19:38:35,500][src.modRNN.training.alignment][INFO] -   align diffusion_per_step @ epoch 401: cos {'ALIFCell_0.input_weights': '0.992', 'ALIFCell_0.recurrent_weights': '0.671', 'ReadOut_0.readout_weights': '0.000'}
[2026-06-02 19:38:36,726][src.modRNN.training.alignment][INFO] -   align diffusion_fixed @ epoch 401: cos {'ALIFCell_0.input_weights': '0.997', 'ALIFCell_0.recurrent_weights': '0.701', 'ReadOut_0.readout_weights': '0.000'}
[2026-06-02 19:39:08,089][src.modRNN.training.alignment][INFO] - epoch 425  train loss=0.4895  (rule: diffusion)
[2026-06-02 19:39:40,816][src.modRNN.training.alignment][INFO] - epoch 450  train loss=0.4724  (rule: diffusion)
[2026-06-02 19:39:43,500][src.modRNN.training.alignment][INFO] -   align BPTT @ epoch 451: cos {'ALIFCell_0.input_weights': '0.000', 'ALIFCell_0.recurrent_weights': '0.000', 'ReadOut_0.readout_weights': '0.000'}
[2026-06-02 19:39:44,481][src.modRNN.training.alignment][INFO] -   align eprop @ epoch 451: cos {'ALIFCell_0.input_weights': '1.182', 'ALIFCell_0.recurrent_weights': '1.175', 'ReadOut_0.readout_weights': '0.000'}
[2026-06-02 19:39:45,740][src.modRNN.training.alignment][INFO] -   align diffusion_aligned @ epoch 451: cos {'ALIFCell_0.input_weights': '1.226', 'ALIFCell_0.recurrent_weights': '1.256', 'ReadOut_0.readout_weights': '0.000'}
[2026-06-02 19:39:47,864][src.modRNN.training.alignment][INFO] -   align diffusion_per_step @ epoch 451: cos {'ALIFCell_0.input_weights': '1.174', 'ALIFCell_0.recurrent_weights': '1.293', 'ReadOut_0.readout_weights': '0.000'}
[2026-06-02 19:39:49,090][src.modRNN.training.alignment][INFO] -   align diffusion_fixed @ epoch 451: cos {'ALIFCell_0.input_weights': '1.212', 'ALIFCell_0.recurrent_weights': '1.265', 'ReadOut_0.readout_weights': '0.000'}
[2026-06-02 19:40:20,546][src.modRNN.training.alignment][INFO] - epoch 475  train loss=0.4170  (rule: diffusion)
[2026-06-02 19:40:53,256][src.modRNN.training.alignment][INFO] - epoch 500  train loss=0.4679  (rule: diffusion)
[2026-06-02 19:40:55,944][src.modRNN.training.alignment][INFO] -   align BPTT @ epoch 501: cos {'ALIFCell_0.input_weights': '0.000', 'ALIFCell_0.recurrent_weights': '0.000', 'ReadOut_0.readout_weights': '0.000'}
[2026-06-02 19:40:56,925][src.modRNN.training.alignment][INFO] -   align eprop @ epoch 501: cos {'ALIFCell_0.input_weights': '1.094', 'ALIFCell_0.recurrent_weights': '0.880', 'ReadOut_0.readout_weights': '0.000'}
[2026-06-02 19:40:58,185][src.modRNN.training.alignment][INFO] -   align diffusion_aligned @ epoch 501: cos {'ALIFCell_0.input_weights': '1.068', 'ALIFCell_0.recurrent_weights': '1.080', 'ReadOut_0.readout_weights': '0.000'}
[2026-06-02 19:41:00,311][src.modRNN.training.alignment][INFO] -   align diffusion_per_step @ epoch 501: cos {'ALIFCell_0.input_weights': '1.068', 'ALIFCell_0.recurrent_weights': '1.035', 'ReadOut_0.readout_weights': '0.000'}
[2026-06-02 19:41:01,537][src.modRNN.training.alignment][INFO] -   align diffusion_fixed @ epoch 501: cos {'ALIFCell_0.input_weights': '1.185', 'ALIFCell_0.recurrent_weights': '1.052', 'ReadOut_0.readout_weights': '0.000'}
[2026-06-02 19:41:33,150][src.modRNN.training.alignment][INFO] - epoch 525  train loss=0.4136  (rule: diffusion)
[2026-06-02 19:42:05,800][src.modRNN.training.alignment][INFO] - epoch 550  train loss=0.6538  (rule: diffusion)
[2026-06-02 19:42:08,499][src.modRNN.training.alignment][INFO] -   align BPTT @ epoch 551: cos {'ALIFCell_0.input_weights': '0.000', 'ALIFCell_0.recurrent_weights': '0.000', 'ReadOut_0.readout_weights': '0.000'}
[2026-06-02 19:42:09,485][src.modRNN.training.alignment][INFO] -   align eprop @ epoch 551: cos {'ALIFCell_0.input_weights': '0.897', 'ALIFCell_0.recurrent_weights': '0.976', 'ReadOut_0.readout_weights': '0.000'}
[2026-06-02 19:42:10,750][src.modRNN.training.alignment][INFO] -   align diffusion_aligned @ epoch 551: cos {'ALIFCell_0.input_weights': '0.930', 'ALIFCell_0.recurrent_weights': '1.141', 'ReadOut_0.readout_weights': '0.000'}
[2026-06-02 19:42:12,882][src.modRNN.training.alignment][INFO] -   align diffusion_per_step @ epoch 551: cos {'ALIFCell_0.input_weights': '0.896', 'ALIFCell_0.recurrent_weights': '1.065', 'ReadOut_0.readout_weights': '0.000'}
[2026-06-02 19:42:14,113][src.modRNN.training.alignment][INFO] -   align diffusion_fixed @ epoch 551: cos {'ALIFCell_0.input_weights': '0.928', 'ALIFCell_0.recurrent_weights': '1.130', 'ReadOut_0.readout_weights': '0.000'}
[2026-06-02 19:42:45,511][src.modRNN.training.alignment][INFO] - epoch 575  train loss=0.6622  (rule: diffusion)
[2026-06-02 19:43:18,212][src.modRNN.training.alignment][INFO] - epoch 600  train loss=0.6649  (rule: diffusion)
[2026-06-02 19:43:20,908][src.modRNN.training.alignment][INFO] -   align BPTT @ epoch 601: cos {'ALIFCell_0.input_weights': '0.000', 'ALIFCell_0.recurrent_weights': '0.000', 'ReadOut_0.readout_weights': '0.000'}
[2026-06-02 19:43:21,894][src.modRNN.training.alignment][INFO] -   align eprop @ epoch 601: cos {'ALIFCell_0.input_weights': '0.515', 'ALIFCell_0.recurrent_weights': '0.825', 'ReadOut_0.readout_weights': '0.000'}
[2026-06-02 19:43:23,160][src.modRNN.training.alignment][INFO] -   align diffusion_aligned @ epoch 601: cos {'ALIFCell_0.input_weights': '0.651', 'ALIFCell_0.recurrent_weights': '0.886', 'ReadOut_0.readout_weights': '0.000'}
[2026-06-02 19:43:25,289][src.modRNN.training.alignment][INFO] -   align diffusion_per_step @ epoch 601: cos {'ALIFCell_0.input_weights': '0.664', 'ALIFCell_0.recurrent_weights': '1.028', 'ReadOut_0.readout_weights': '0.000'}
[2026-06-02 19:43:26,517][src.modRNN.training.alignment][INFO] -   align diffusion_fixed @ epoch 601: cos {'ALIFCell_0.input_weights': '0.690', 'ALIFCell_0.recurrent_weights': '1.106', 'ReadOut_0.readout_weights': '0.000'}
[2026-06-02 19:43:57,917][src.modRNN.training.alignment][INFO] - epoch 625  train loss=0.6072  (rule: diffusion)
[2026-06-02 19:44:30,797][src.modRNN.training.alignment][INFO] - epoch 650  train loss=0.6283  (rule: diffusion)
[2026-06-02 19:44:33,488][src.modRNN.training.alignment][INFO] -   align BPTT @ epoch 651: cos {'ALIFCell_0.input_weights': '0.000', 'ALIFCell_0.recurrent_weights': '0.000', 'ReadOut_0.readout_weights': '0.000'}
[2026-06-02 19:44:34,469][src.modRNN.training.alignment][INFO] -   align eprop @ epoch 651: cos {'ALIFCell_0.input_weights': '0.765', 'ALIFCell_0.recurrent_weights': '0.865', 'ReadOut_0.readout_weights': '0.000'}
[2026-06-02 19:44:35,728][src.modRNN.training.alignment][INFO] -   align diffusion_aligned @ epoch 651: cos {'ALIFCell_0.input_weights': '0.841', 'ALIFCell_0.recurrent_weights': '0.957', 'ReadOut_0.readout_weights': '0.000'}
[2026-06-02 19:44:37,856][src.modRNN.training.alignment][INFO] -   align diffusion_per_step @ epoch 651: cos {'ALIFCell_0.input_weights': '0.893', 'ALIFCell_0.recurrent_weights': '1.023', 'ReadOut_0.readout_weights': '0.000'}
[2026-06-02 19:44:39,079][src.modRNN.training.alignment][INFO] -   align diffusion_fixed @ epoch 651: cos {'ALIFCell_0.input_weights': '0.842', 'ALIFCell_0.recurrent_weights': '0.979', 'ReadOut_0.readout_weights': '0.000'}
[2026-06-02 19:45:10,484][src.modRNN.training.alignment][INFO] - epoch 675  train loss=0.6341  (rule: diffusion)
[2026-06-02 19:45:43,224][src.modRNN.training.alignment][INFO] - epoch 700  train loss=0.6419  (rule: diffusion)
[2026-06-02 19:45:45,911][src.modRNN.training.alignment][INFO] -   align BPTT @ epoch 701: cos {'ALIFCell_0.input_weights': '0.000', 'ALIFCell_0.recurrent_weights': '0.000', 'ReadOut_0.readout_weights': '0.000'}
[2026-06-02 19:45:46,893][src.modRNN.training.alignment][INFO] -   align eprop @ epoch 701: cos {'ALIFCell_0.input_weights': '0.472', 'ALIFCell_0.recurrent_weights': '0.750', 'ReadOut_0.readout_weights': '0.000'}
[2026-06-02 19:45:48,158][src.modRNN.training.alignment][INFO] -   align diffusion_aligned @ epoch 701: cos {'ALIFCell_0.input_weights': '0.637', 'ALIFCell_0.recurrent_weights': '0.929', 'ReadOut_0.readout_weights': '0.000'}
[2026-06-02 19:45:50,287][src.modRNN.training.alignment][INFO] -   align diffusion_per_step @ epoch 701: cos {'ALIFCell_0.input_weights': '0.649', 'ALIFCell_0.recurrent_weights': '0.974', 'ReadOut_0.readout_weights': '0.000'}
[2026-06-02 19:45:51,522][src.modRNN.training.alignment][INFO] -   align diffusion_fixed @ epoch 701: cos {'ALIFCell_0.input_weights': '0.595', 'ALIFCell_0.recurrent_weights': '0.941', 'ReadOut_0.readout_weights': '0.000'}
[2026-06-02 19:46:23,029][src.modRNN.training.alignment][INFO] - epoch 725  train loss=0.5092  (rule: diffusion)
[2026-06-02 19:46:55,710][src.modRNN.training.alignment][INFO] - epoch 750  train loss=0.5752  (rule: diffusion)
[2026-06-02 19:46:58,399][src.modRNN.training.alignment][INFO] -   align BPTT @ epoch 751: cos {'ALIFCell_0.input_weights': '0.000', 'ALIFCell_0.recurrent_weights': '0.000', 'ReadOut_0.readout_weights': '0.000'}
[2026-06-02 19:46:59,382][src.modRNN.training.alignment][INFO] -   align eprop @ epoch 751: cos {'ALIFCell_0.input_weights': '0.795', 'ALIFCell_0.recurrent_weights': '0.779', 'ReadOut_0.readout_weights': '0.000'}
[2026-06-02 19:47:00,644][src.modRNN.training.alignment][INFO] -   align diffusion_aligned @ epoch 751: cos {'ALIFCell_0.input_weights': '0.729', 'ALIFCell_0.recurrent_weights': '0.794', 'ReadOut_0.readout_weights': '0.000'}
[2026-06-02 19:47:02,774][src.modRNN.training.alignment][INFO] -   align diffusion_per_step @ epoch 751: cos {'ALIFCell_0.input_weights': '0.820', 'ALIFCell_0.recurrent_weights': '0.797', 'ReadOut_0.readout_weights': '0.000'}
[2026-06-02 19:47:04,004][src.modRNN.training.alignment][INFO] -   align diffusion_fixed @ epoch 751: cos {'ALIFCell_0.input_weights': '0.796', 'ALIFCell_0.recurrent_weights': '0.794', 'ReadOut_0.readout_weights': '0.000'}
[2026-06-02 19:47:35,484][src.modRNN.training.alignment][INFO] - epoch 775  train loss=0.4986  (rule: diffusion)
[2026-06-02 19:48:08,150][src.modRNN.training.alignment][INFO] - epoch 800  train loss=0.4212  (rule: diffusion)
[2026-06-02 19:48:10,845][src.modRNN.training.alignment][INFO] -   align BPTT @ epoch 801: cos {'ALIFCell_0.input_weights': '0.000', 'ALIFCell_0.recurrent_weights': '0.000', 'ReadOut_0.readout_weights': '0.000'}
[2026-06-02 19:48:11,831][src.modRNN.training.alignment][INFO] -   align eprop @ epoch 801: cos {'ALIFCell_0.input_weights': '1.220', 'ALIFCell_0.recurrent_weights': '0.895', 'ReadOut_0.readout_weights': '0.000'}
[2026-06-02 19:48:13,096][src.modRNN.training.alignment][INFO] -   align diffusion_aligned @ epoch 801: cos {'ALIFCell_0.input_weights': '1.157', 'ALIFCell_0.recurrent_weights': '0.909', 'ReadOut_0.readout_weights': '0.000'}
[2026-06-02 19:48:15,229][src.modRNN.training.alignment][INFO] -   align diffusion_per_step @ epoch 801: cos {'ALIFCell_0.input_weights': '1.250', 'ALIFCell_0.recurrent_weights': '0.990', 'ReadOut_0.readout_weights': '0.000'}
[2026-06-02 19:48:16,460][src.modRNN.training.alignment][INFO] -   align diffusion_fixed @ epoch 801: cos {'ALIFCell_0.input_weights': '1.233', 'ALIFCell_0.recurrent_weights': '0.941', 'ReadOut_0.readout_weights': '0.000'}
[2026-06-02 19:48:47,871][src.modRNN.training.alignment][INFO] - epoch 825  train loss=0.4562  (rule: diffusion)
[2026-06-02 19:49:20,593][src.modRNN.training.alignment][INFO] - epoch 850  train loss=0.3703  (rule: diffusion)
[2026-06-02 19:49:23,288][src.modRNN.training.alignment][INFO] -   align BPTT @ epoch 851: cos {'ALIFCell_0.input_weights': '0.000', 'ALIFCell_0.recurrent_weights': '0.000', 'ReadOut_0.readout_weights': '0.000'}
[2026-06-02 19:49:24,275][src.modRNN.training.alignment][INFO] -   align eprop @ epoch 851: cos {'ALIFCell_0.input_weights': '0.920', 'ALIFCell_0.recurrent_weights': '1.040', 'ReadOut_0.readout_weights': '0.000'}
[2026-06-02 19:49:25,549][src.modRNN.training.alignment][INFO] -   align diffusion_aligned @ epoch 851: cos {'ALIFCell_0.input_weights': '0.892', 'ALIFCell_0.recurrent_weights': '1.077', 'ReadOut_0.readout_weights': '0.000'}
[2026-06-02 19:49:27,685][src.modRNN.training.alignment][INFO] -   align diffusion_per_step @ epoch 851: cos {'ALIFCell_0.input_weights': '0.925', 'ALIFCell_0.recurrent_weights': '1.104', 'ReadOut_0.readout_weights': '0.000'}
[2026-06-02 19:49:28,917][src.modRNN.training.alignment][INFO] -   align diffusion_fixed @ epoch 851: cos {'ALIFCell_0.input_weights': '0.953', 'ALIFCell_0.recurrent_weights': '1.084', 'ReadOut_0.readout_weights': '0.000'}
[2026-06-02 19:50:00,275][src.modRNN.training.alignment][INFO] - epoch 875  train loss=0.4917  (rule: diffusion)
[2026-06-02 19:50:33,122][src.modRNN.training.alignment][INFO] - epoch 900  train loss=0.3827  (rule: diffusion)
[2026-06-02 19:50:35,810][src.modRNN.training.alignment][INFO] -   align BPTT @ epoch 901: cos {'ALIFCell_0.input_weights': '0.000', 'ALIFCell_0.recurrent_weights': '0.000', 'ReadOut_0.readout_weights': '0.000'}
[2026-06-02 19:50:36,792][src.modRNN.training.alignment][INFO] -   align eprop @ epoch 901: cos {'ALIFCell_0.input_weights': '0.788', 'ALIFCell_0.recurrent_weights': '0.964', 'ReadOut_0.readout_weights': '0.000'}
[2026-06-02 19:50:38,050][src.modRNN.training.alignment][INFO] -   align diffusion_aligned @ epoch 901: cos {'ALIFCell_0.input_weights': '0.974', 'ALIFCell_0.recurrent_weights': '0.991', 'ReadOut_0.readout_weights': '0.000'}
[2026-06-02 19:50:40,177][src.modRNN.training.alignment][INFO] -   align diffusion_per_step @ epoch 901: cos {'ALIFCell_0.input_weights': '0.850', 'ALIFCell_0.recurrent_weights': '0.927', 'ReadOut_0.readout_weights': '0.000'}
[2026-06-02 19:50:41,402][src.modRNN.training.alignment][INFO] -   align diffusion_fixed @ epoch 901: cos {'ALIFCell_0.input_weights': '0.841', 'ALIFCell_0.recurrent_weights': '0.953', 'ReadOut_0.readout_weights': '0.000'}
[2026-06-02 19:51:12,764][src.modRNN.training.alignment][INFO] - epoch 925  train loss=0.2752  (rule: diffusion)
[2026-06-02 19:51:45,476][src.modRNN.training.alignment][INFO] - epoch 950  train loss=0.4638  (rule: diffusion)
[2026-06-02 19:51:48,163][src.modRNN.training.alignment][INFO] -   align BPTT @ epoch 951: cos {'ALIFCell_0.input_weights': '0.000', 'ALIFCell_0.recurrent_weights': '0.000', 'ReadOut_0.readout_weights': '0.000'}
[2026-06-02 19:51:49,145][src.modRNN.training.alignment][INFO] -   align eprop @ epoch 951: cos {'ALIFCell_0.input_weights': '1.227', 'ALIFCell_0.recurrent_weights': '1.046', 'ReadOut_0.readout_weights': '0.000'}
[2026-06-02 19:51:50,409][src.modRNN.training.alignment][INFO] -   align diffusion_aligned @ epoch 951: cos {'ALIFCell_0.input_weights': '1.136', 'ALIFCell_0.recurrent_weights': '1.087', 'ReadOut_0.readout_weights': '0.000'}
[2026-06-02 19:51:52,536][src.modRNN.training.alignment][INFO] -   align diffusion_per_step @ epoch 951: cos {'ALIFCell_0.input_weights': '1.193', 'ALIFCell_0.recurrent_weights': '1.117', 'ReadOut_0.readout_weights': '0.000'}
[2026-06-02 19:51:53,765][src.modRNN.training.alignment][INFO] -   align diffusion_fixed @ epoch 951: cos {'ALIFCell_0.input_weights': '1.205', 'ALIFCell_0.recurrent_weights': '1.113', 'ReadOut_0.readout_weights': '0.000'}
[2026-06-02 19:52:25,250][src.modRNN.training.alignment][INFO] - epoch 975  train loss=0.2707  (rule: diffusion)
[2026-06-02 19:52:57,976][src.modRNN.training.alignment][INFO] - epoch 1000  train loss=0.3555  (rule: diffusion)
[2026-06-02 19:53:00,667][src.modRNN.training.alignment][INFO] -   align BPTT @ epoch 1001: cos {'ALIFCell_0.input_weights': '0.000', 'ALIFCell_0.recurrent_weights': '0.000', 'ReadOut_0.readout_weights': '0.000'}
[2026-06-02 19:53:01,650][src.modRNN.training.alignment][INFO] -   align eprop @ epoch 1001: cos {'ALIFCell_0.input_weights': '0.638', 'ALIFCell_0.recurrent_weights': '0.741', 'ReadOut_0.readout_weights': '0.000'}
[2026-06-02 19:53:02,937][src.modRNN.training.alignment][INFO] -   align diffusion_aligned @ epoch 1001: cos {'ALIFCell_0.input_weights': '0.683', 'ALIFCell_0.recurrent_weights': '0.951', 'ReadOut_0.readout_weights': '0.000'}
[2026-06-02 19:53:05,074][src.modRNN.training.alignment][INFO] -   align diffusion_per_step @ epoch 1001: cos {'ALIFCell_0.input_weights': '0.700', 'ALIFCell_0.recurrent_weights': '1.004', 'ReadOut_0.readout_weights': '0.000'}
[2026-06-02 19:53:06,307][src.modRNN.training.alignment][INFO] -   align diffusion_fixed @ epoch 1001: cos {'ALIFCell_0.input_weights': '0.695', 'ALIFCell_0.recurrent_weights': '0.915', 'ReadOut_0.readout_weights': '0.000'}
[2026-06-02 19:53:37,783][src.modRNN.training.alignment][INFO] - epoch 1025  train loss=0.4548  (rule: diffusion)
[2026-06-02 19:54:10,495][src.modRNN.training.alignment][INFO] - epoch 1050  train loss=0.4174  (rule: diffusion)
[2026-06-02 19:54:13,195][src.modRNN.training.alignment][INFO] -   align BPTT @ epoch 1051: cos {'ALIFCell_0.input_weights': '0.000', 'ALIFCell_0.recurrent_weights': '0.000', 'ReadOut_0.readout_weights': '0.000'}
[2026-06-02 19:54:14,181][src.modRNN.training.alignment][INFO] -   align eprop @ epoch 1051: cos {'ALIFCell_0.input_weights': '0.768', 'ALIFCell_0.recurrent_weights': '0.891', 'ReadOut_0.readout_weights': '0.000'}
[2026-06-02 19:54:15,447][src.modRNN.training.alignment][INFO] -   align diffusion_aligned @ epoch 1051: cos {'ALIFCell_0.input_weights': '0.758', 'ALIFCell_0.recurrent_weights': '0.894', 'ReadOut_0.readout_weights': '0.000'}
[2026-06-02 19:54:17,578][src.modRNN.training.alignment][INFO] -   align diffusion_per_step @ epoch 1051: cos {'ALIFCell_0.input_weights': '0.836', 'ALIFCell_0.recurrent_weights': '0.924', 'ReadOut_0.readout_weights': '0.000'}
[2026-06-02 19:54:18,810][src.modRNN.training.alignment][INFO] -   align diffusion_fixed @ epoch 1051: cos {'ALIFCell_0.input_weights': '0.851', 'ALIFCell_0.recurrent_weights': '0.955', 'ReadOut_0.readout_weights': '0.000'}
[2026-06-02 19:54:50,186][src.modRNN.training.alignment][INFO] - epoch 1075  train loss=0.3012  (rule: diffusion)
[2026-06-02 19:55:22,926][src.modRNN.training.alignment][INFO] - epoch 1100  train loss=0.4675  (rule: diffusion)
[2026-06-02 19:55:25,619][src.modRNN.training.alignment][INFO] -   align BPTT @ epoch 1101: cos {'ALIFCell_0.input_weights': '0.000', 'ALIFCell_0.recurrent_weights': '0.000', 'ReadOut_0.readout_weights': '0.000'}
[2026-06-02 19:55:26,603][src.modRNN.training.alignment][INFO] -   align eprop @ epoch 1101: cos {'ALIFCell_0.input_weights': '1.039', 'ALIFCell_0.recurrent_weights': '1.019', 'ReadOut_0.readout_weights': '0.000'}
[2026-06-02 19:55:27,877][src.modRNN.training.alignment][INFO] -   align diffusion_aligned @ epoch 1101: cos {'ALIFCell_0.input_weights': '1.145', 'ALIFCell_0.recurrent_weights': '1.050', 'ReadOut_0.readout_weights': '0.000'}
[2026-06-02 19:55:30,009][src.modRNN.training.alignment][INFO] -   align diffusion_per_step @ epoch 1101: cos {'ALIFCell_0.input_weights': '1.163', 'ALIFCell_0.recurrent_weights': '1.071', 'ReadOut_0.readout_weights': '0.000'}
[2026-06-02 19:55:31,242][src.modRNN.training.alignment][INFO] -   align diffusion_fixed @ epoch 1101: cos {'ALIFCell_0.input_weights': '1.156', 'ALIFCell_0.recurrent_weights': '1.052', 'ReadOut_0.readout_weights': '0.000'}
[2026-06-02 19:56:02,570][src.modRNN.training.alignment][INFO] - epoch 1125  train loss=0.3163  (rule: diffusion)
[2026-06-02 19:56:35,340][src.modRNN.training.alignment][INFO] - epoch 1150  train loss=0.2567  (rule: diffusion)
[2026-06-02 19:56:38,030][src.modRNN.training.alignment][INFO] -   align BPTT @ epoch 1151: cos {'ALIFCell_0.input_weights': '0.000', 'ALIFCell_0.recurrent_weights': '0.000', 'ReadOut_0.readout_weights': '0.000'}
[2026-06-02 19:56:39,014][src.modRNN.training.alignment][INFO] -   align eprop @ epoch 1151: cos {'ALIFCell_0.input_weights': '1.166', 'ALIFCell_0.recurrent_weights': '0.976', 'ReadOut_0.readout_weights': '0.000'}
[2026-06-02 19:56:40,274][src.modRNN.training.alignment][INFO] -   align diffusion_aligned @ epoch 1151: cos {'ALIFCell_0.input_weights': '1.112', 'ALIFCell_0.recurrent_weights': '1.007', 'ReadOut_0.readout_weights': '0.000'}
[2026-06-02 19:56:42,401][src.modRNN.training.alignment][INFO] -   align diffusion_per_step @ epoch 1151: cos {'ALIFCell_0.input_weights': '1.143', 'ALIFCell_0.recurrent_weights': '1.035', 'ReadOut_0.readout_weights': '0.000'}
[2026-06-02 19:56:43,628][src.modRNN.training.alignment][INFO] -   align diffusion_fixed @ epoch 1151: cos {'ALIFCell_0.input_weights': '1.184', 'ALIFCell_0.recurrent_weights': '1.010', 'ReadOut_0.readout_weights': '0.000'}
[2026-06-02 19:57:15,007][src.modRNN.training.alignment][INFO] - epoch 1175  train loss=0.5353  (rule: diffusion)
[2026-06-02 19:57:47,736][src.modRNN.training.alignment][INFO] - epoch 1200  train loss=0.5648  (rule: diffusion)
[2026-06-02 19:57:50,426][src.modRNN.training.alignment][INFO] -   align BPTT @ epoch 1201: cos {'ALIFCell_0.input_weights': '0.000', 'ALIFCell_0.recurrent_weights': '0.000', 'ReadOut_0.readout_weights': '0.000'}
[2026-06-02 19:57:51,406][src.modRNN.training.alignment][INFO] -   align eprop @ epoch 1201: cos {'ALIFCell_0.input_weights': '0.728', 'ALIFCell_0.recurrent_weights': '0.704', 'ReadOut_0.readout_weights': '0.000'}
[2026-06-02 19:57:52,667][src.modRNN.training.alignment][INFO] -   align diffusion_aligned @ epoch 1201: cos {'ALIFCell_0.input_weights': '0.792', 'ALIFCell_0.recurrent_weights': '0.926', 'ReadOut_0.readout_weights': '0.000'}
[2026-06-02 19:57:54,792][src.modRNN.training.alignment][INFO] -   align diffusion_per_step @ epoch 1201: cos {'ALIFCell_0.input_weights': '0.826', 'ALIFCell_0.recurrent_weights': '0.915', 'ReadOut_0.readout_weights': '0.000'}
[2026-06-02 19:57:56,017][src.modRNN.training.alignment][INFO] -   align diffusion_fixed @ epoch 1201: cos {'ALIFCell_0.input_weights': '0.812', 'ALIFCell_0.recurrent_weights': '0.808', 'ReadOut_0.readout_weights': '0.000'}
[2026-06-02 19:58:27,502][src.modRNN.training.alignment][INFO] - epoch 1225  train loss=0.4528  (rule: diffusion)
[2026-06-02 19:59:00,129][src.modRNN.training.alignment][INFO] - epoch 1250  train loss=0.3559  (rule: diffusion)
[2026-06-02 19:59:02,821][src.modRNN.training.alignment][INFO] -   align BPTT @ epoch 1251: cos {'ALIFCell_0.input_weights': '0.000', 'ALIFCell_0.recurrent_weights': '0.000', 'ReadOut_0.readout_weights': '0.000'}
[2026-06-02 19:59:03,807][src.modRNN.training.alignment][INFO] -   align eprop @ epoch 1251: cos {'ALIFCell_0.input_weights': '1.256', 'ALIFCell_0.recurrent_weights': '0.842', 'ReadOut_0.readout_weights': '0.000'}
[2026-06-02 19:59:05,072][src.modRNN.training.alignment][INFO] -   align diffusion_aligned @ epoch 1251: cos {'ALIFCell_0.input_weights': '1.077', 'ALIFCell_0.recurrent_weights': '0.830', 'ReadOut_0.readout_weights': '0.000'}
[2026-06-02 19:59:07,203][src.modRNN.training.alignment][INFO] -   align diffusion_per_step @ epoch 1251: cos {'ALIFCell_0.input_weights': '1.138', 'ALIFCell_0.recurrent_weights': '0.884', 'ReadOut_0.readout_weights': '0.000'}
[2026-06-02 19:59:08,433][src.modRNN.training.alignment][INFO] -   align diffusion_fixed @ epoch 1251: cos {'ALIFCell_0.input_weights': '1.215', 'ALIFCell_0.recurrent_weights': '0.890', 'ReadOut_0.readout_weights': '0.000'}
[2026-06-02 19:59:39,890][src.modRNN.training.alignment][INFO] - epoch 1275  train loss=0.3926  (rule: diffusion)
[2026-06-02 20:00:12,577][src.modRNN.training.alignment][INFO] - epoch 1300  train loss=0.4995  (rule: diffusion)
[2026-06-02 20:00:15,274][src.modRNN.training.alignment][INFO] -   align BPTT @ epoch 1301: cos {'ALIFCell_0.input_weights': '0.000', 'ALIFCell_0.recurrent_weights': '0.000', 'ReadOut_0.readout_weights': '0.000'}
[2026-06-02 20:00:16,264][src.modRNN.training.alignment][INFO] -   align eprop @ epoch 1301: cos {'ALIFCell_0.input_weights': '1.060', 'ALIFCell_0.recurrent_weights': '0.801', 'ReadOut_0.readout_weights': '0.000'}
[2026-06-02 20:00:17,529][src.modRNN.training.alignment][INFO] -   align diffusion_aligned @ epoch 1301: cos {'ALIFCell_0.input_weights': '0.918', 'ALIFCell_0.recurrent_weights': '1.013', 'ReadOut_0.readout_weights': '0.000'}
[2026-06-02 20:00:19,662][src.modRNN.training.alignment][INFO] -   align diffusion_per_step @ epoch 1301: cos {'ALIFCell_0.input_weights': '0.933', 'ALIFCell_0.recurrent_weights': '0.995', 'ReadOut_0.readout_weights': '0.000'}
[2026-06-02 20:00:20,892][src.modRNN.training.alignment][INFO] -   align diffusion_fixed @ epoch 1301: cos {'ALIFCell_0.input_weights': '1.052', 'ALIFCell_0.recurrent_weights': '1.073', 'ReadOut_0.readout_weights': '0.000'}
[2026-06-02 20:00:52,279][src.modRNN.training.alignment][INFO] - epoch 1325  train loss=0.3671  (rule: diffusion)
[2026-06-02 20:01:25,037][src.modRNN.training.alignment][INFO] - epoch 1350  train loss=0.4566  (rule: diffusion)
[2026-06-02 20:01:27,733][src.modRNN.training.alignment][INFO] -   align BPTT @ epoch 1351: cos {'ALIFCell_0.input_weights': '0.000', 'ALIFCell_0.recurrent_weights': '0.000', 'ReadOut_0.readout_weights': '0.000'}
[2026-06-02 20:01:28,722][src.modRNN.training.alignment][INFO] -   align eprop @ epoch 1351: cos {'ALIFCell_0.input_weights': '0.923', 'ALIFCell_0.recurrent_weights': '0.891', 'ReadOut_0.readout_weights': '0.000'}
[2026-06-02 20:01:29,988][src.modRNN.training.alignment][INFO] -   align diffusion_aligned @ epoch 1351: cos {'ALIFCell_0.input_weights': '0.884', 'ALIFCell_0.recurrent_weights': '0.995', 'ReadOut_0.readout_weights': '0.000'}
[2026-06-02 20:01:32,117][src.modRNN.training.alignment][INFO] -   align diffusion_per_step @ epoch 1351: cos {'ALIFCell_0.input_weights': '0.966', 'ALIFCell_0.recurrent_weights': '1.018', 'ReadOut_0.readout_weights': '0.000'}
[2026-06-02 20:01:33,343][src.modRNN.training.alignment][INFO] -   align diffusion_fixed @ epoch 1351: cos {'ALIFCell_0.input_weights': '1.011', 'ALIFCell_0.recurrent_weights': '1.206', 'ReadOut_0.readout_weights': '0.000'}
[2026-06-02 20:02:04,752][src.modRNN.training.alignment][INFO] - epoch 1375  train loss=0.3602  (rule: diffusion)
[2026-06-02 20:02:37,505][src.modRNN.training.alignment][INFO] - epoch 1400  train loss=0.5007  (rule: diffusion)
[2026-06-02 20:02:40,191][src.modRNN.training.alignment][INFO] -   align BPTT @ epoch 1401: cos {'ALIFCell_0.input_weights': '0.000', 'ALIFCell_0.recurrent_weights': '0.000', 'ReadOut_0.readout_weights': '0.000'}
[2026-06-02 20:02:41,174][src.modRNN.training.alignment][INFO] -   align eprop @ epoch 1401: cos {'ALIFCell_0.input_weights': '1.262', 'ALIFCell_0.recurrent_weights': '1.198', 'ReadOut_0.readout_weights': '0.000'}
[2026-06-02 20:02:42,433][src.modRNN.training.alignment][INFO] -   align diffusion_aligned @ epoch 1401: cos {'ALIFCell_0.input_weights': '0.915', 'ALIFCell_0.recurrent_weights': '1.172', 'ReadOut_0.readout_weights': '0.000'}
[2026-06-02 20:02:44,560][src.modRNN.training.alignment][INFO] -   align diffusion_per_step @ epoch 1401: cos {'ALIFCell_0.input_weights': '1.056', 'ALIFCell_0.recurrent_weights': '1.224', 'ReadOut_0.readout_weights': '0.000'}
[2026-06-02 20:02:45,785][src.modRNN.training.alignment][INFO] -   align diffusion_fixed @ epoch 1401: cos {'ALIFCell_0.input_weights': '1.188', 'ALIFCell_0.recurrent_weights': '1.262', 'ReadOut_0.readout_weights': '0.000'}
[2026-06-02 20:03:17,193][src.modRNN.training.alignment][INFO] - epoch 1425  train loss=0.3492  (rule: diffusion)
[2026-06-02 20:03:49,895][src.modRNN.training.alignment][INFO] - epoch 1450  train loss=0.4108  (rule: diffusion)
[2026-06-02 20:03:52,582][src.modRNN.training.alignment][INFO] -   align BPTT @ epoch 1451: cos {'ALIFCell_0.input_weights': '0.000', 'ALIFCell_0.recurrent_weights': '0.000', 'ReadOut_0.readout_weights': '0.000'}
[2026-06-02 20:03:53,564][src.modRNN.training.alignment][INFO] -   align eprop @ epoch 1451: cos {'ALIFCell_0.input_weights': '0.986', 'ALIFCell_0.recurrent_weights': '0.885', 'ReadOut_0.readout_weights': '0.000'}
[2026-06-02 20:03:54,825][src.modRNN.training.alignment][INFO] -   align diffusion_aligned @ epoch 1451: cos {'ALIFCell_0.input_weights': '0.978', 'ALIFCell_0.recurrent_weights': '0.925', 'ReadOut_0.readout_weights': '0.000'}
[2026-06-02 20:03:56,952][src.modRNN.training.alignment][INFO] -   align diffusion_per_step @ epoch 1451: cos {'ALIFCell_0.input_weights': '1.001', 'ALIFCell_0.recurrent_weights': '0.956', 'ReadOut_0.readout_weights': '0.000'}
[2026-06-02 20:03:58,177][src.modRNN.training.alignment][INFO] -   align diffusion_fixed @ epoch 1451: cos {'ALIFCell_0.input_weights': '1.005', 'ALIFCell_0.recurrent_weights': '0.958', 'ReadOut_0.readout_weights': '0.000'}
[2026-06-02 20:04:29,652][src.modRNN.training.alignment][INFO] - epoch 1475  train loss=0.2430  (rule: diffusion)
[2026-06-02 20:05:02,353][src.modRNN.training.alignment][INFO] - epoch 1500  train loss=0.4554  (rule: diffusion)
[2026-06-02 20:05:05,053][src.modRNN.training.alignment][INFO] -   align BPTT @ epoch 1501: cos {'ALIFCell_0.input_weights': '0.000', 'ALIFCell_0.recurrent_weights': '0.000', 'ReadOut_0.readout_weights': '0.000'}
[2026-06-02 20:05:06,040][src.modRNN.training.alignment][INFO] -   align eprop @ epoch 1501: cos {'ALIFCell_0.input_weights': '1.054', 'ALIFCell_0.recurrent_weights': '0.946', 'ReadOut_0.readout_weights': '0.000'}
[2026-06-02 20:05:07,304][src.modRNN.training.alignment][INFO] -   align diffusion_aligned @ epoch 1501: cos {'ALIFCell_0.input_weights': '1.011', 'ALIFCell_0.recurrent_weights': '0.997', 'ReadOut_0.readout_weights': '0.000'}
[2026-06-02 20:05:09,438][src.modRNN.training.alignment][INFO] -   align diffusion_per_step @ epoch 1501: cos {'ALIFCell_0.input_weights': '1.059', 'ALIFCell_0.recurrent_weights': '1.022', 'ReadOut_0.readout_weights': '0.000'}
[2026-06-02 20:05:10,668][src.modRNN.training.alignment][INFO] -   align diffusion_fixed @ epoch 1501: cos {'ALIFCell_0.input_weights': '1.047', 'ALIFCell_0.recurrent_weights': '1.004', 'ReadOut_0.readout_weights': '0.000'}
[2026-06-02 20:05:42,111][src.modRNN.training.alignment][INFO] - epoch 1525  train loss=0.3757  (rule: diffusion)
[2026-06-02 20:06:14,885][src.modRNN.training.alignment][INFO] - epoch 1550  train loss=0.3537  (rule: diffusion)
[2026-06-02 20:06:17,584][src.modRNN.training.alignment][INFO] -   align BPTT @ epoch 1551: cos {'ALIFCell_0.input_weights': '0.000', 'ALIFCell_0.recurrent_weights': '0.000', 'ReadOut_0.readout_weights': '0.000'}
[2026-06-02 20:06:18,570][src.modRNN.training.alignment][INFO] -   align eprop @ epoch 1551: cos {'ALIFCell_0.input_weights': '0.899', 'ALIFCell_0.recurrent_weights': '1.060', 'ReadOut_0.readout_weights': '0.000'}
[2026-06-02 20:06:19,835][src.modRNN.training.alignment][INFO] -   align diffusion_aligned @ epoch 1551: cos {'ALIFCell_0.input_weights': '0.709', 'ALIFCell_0.recurrent_weights': '1.062', 'ReadOut_0.readout_weights': '0.000'}
[2026-06-02 20:06:21,966][src.modRNN.training.alignment][INFO] -   align diffusion_per_step @ epoch 1551: cos {'ALIFCell_0.input_weights': '0.857', 'ALIFCell_0.recurrent_weights': '1.084', 'ReadOut_0.readout_weights': '0.000'}
[2026-06-02 20:06:23,197][src.modRNN.training.alignment][INFO] -   align diffusion_fixed @ epoch 1551: cos {'ALIFCell_0.input_weights': '0.972', 'ALIFCell_0.recurrent_weights': '1.083', 'ReadOut_0.readout_weights': '0.000'}
[2026-06-02 20:06:54,575][src.modRNN.training.alignment][INFO] - epoch 1575  train loss=0.3394  (rule: diffusion)
[2026-06-02 20:07:27,340][src.modRNN.training.alignment][INFO] - epoch 1600  train loss=0.4169  (rule: diffusion)
[2026-06-02 20:07:30,033][src.modRNN.training.alignment][INFO] -   align BPTT @ epoch 1601: cos {'ALIFCell_0.input_weights': '0.000', 'ALIFCell_0.recurrent_weights': '0.000', 'ReadOut_0.readout_weights': '0.000'}
[2026-06-02 20:07:31,022][src.modRNN.training.alignment][INFO] -   align eprop @ epoch 1601: cos {'ALIFCell_0.input_weights': '1.159', 'ALIFCell_0.recurrent_weights': '1.039', 'ReadOut_0.readout_weights': '0.000'}
[2026-06-02 20:07:32,282][src.modRNN.training.alignment][INFO] -   align diffusion_aligned @ epoch 1601: cos {'ALIFCell_0.input_weights': '1.075', 'ALIFCell_0.recurrent_weights': '1.039', 'ReadOut_0.readout_weights': '0.000'}
[2026-06-02 20:07:34,411][src.modRNN.training.alignment][INFO] -   align diffusion_per_step @ epoch 1601: cos {'ALIFCell_0.input_weights': '1.135', 'ALIFCell_0.recurrent_weights': '1.084', 'ReadOut_0.readout_weights': '0.000'}
[2026-06-02 20:07:35,638][src.modRNN.training.alignment][INFO] -   align diffusion_fixed @ epoch 1601: cos {'ALIFCell_0.input_weights': '1.149', 'ALIFCell_0.recurrent_weights': '1.098', 'ReadOut_0.readout_weights': '0.000'}
[2026-06-02 20:08:06,974][src.modRNN.training.alignment][INFO] - epoch 1625  train loss=0.3911  (rule: diffusion)
[2026-06-02 20:08:39,746][src.modRNN.training.alignment][INFO] - epoch 1650  train loss=0.3983  (rule: diffusion)
[2026-06-02 20:08:42,434][src.modRNN.training.alignment][INFO] -   align BPTT @ epoch 1651: cos {'ALIFCell_0.input_weights': '0.000', 'ALIFCell_0.recurrent_weights': '0.000', 'ReadOut_0.readout_weights': '0.000'}
[2026-06-02 20:08:43,417][src.modRNN.training.alignment][INFO] -   align eprop @ epoch 1651: cos {'ALIFCell_0.input_weights': '1.132', 'ALIFCell_0.recurrent_weights': '0.963', 'ReadOut_0.readout_weights': '0.000'}
[2026-06-02 20:08:44,676][src.modRNN.training.alignment][INFO] -   align diffusion_aligned @ epoch 1651: cos {'ALIFCell_0.input_weights': '0.958', 'ALIFCell_0.recurrent_weights': '0.890', 'ReadOut_0.readout_weights': '0.000'}
[2026-06-02 20:08:46,803][src.modRNN.training.alignment][INFO] -   align diffusion_per_step @ epoch 1651: cos {'ALIFCell_0.input_weights': '1.034', 'ALIFCell_0.recurrent_weights': '0.929', 'ReadOut_0.readout_weights': '0.000'}
[2026-06-02 20:08:48,030][src.modRNN.training.alignment][INFO] -   align diffusion_fixed @ epoch 1651: cos {'ALIFCell_0.input_weights': '1.088', 'ALIFCell_0.recurrent_weights': '0.946', 'ReadOut_0.readout_weights': '0.000'}
[2026-06-02 20:09:19,509][src.modRNN.training.alignment][INFO] - epoch 1675  train loss=0.4365  (rule: diffusion)
[2026-06-02 20:09:52,212][src.modRNN.training.alignment][INFO] - epoch 1700  train loss=0.3131  (rule: diffusion)
[2026-06-02 20:09:54,901][src.modRNN.training.alignment][INFO] -   align BPTT @ epoch 1701: cos {'ALIFCell_0.input_weights': '0.000', 'ALIFCell_0.recurrent_weights': '0.000', 'ReadOut_0.readout_weights': '0.000'}
[2026-06-02 20:09:55,886][src.modRNN.training.alignment][INFO] -   align eprop @ epoch 1701: cos {'ALIFCell_0.input_weights': '0.993', 'ALIFCell_0.recurrent_weights': '1.072', 'ReadOut_0.readout_weights': '0.000'}
[2026-06-02 20:09:57,149][src.modRNN.training.alignment][INFO] -   align diffusion_aligned @ epoch 1701: cos {'ALIFCell_0.input_weights': '0.954', 'ALIFCell_0.recurrent_weights': '1.081', 'ReadOut_0.readout_weights': '0.000'}
[2026-06-02 20:09:59,281][src.modRNN.training.alignment][INFO] -   align diffusion_per_step @ epoch 1701: cos {'ALIFCell_0.input_weights': '1.027', 'ALIFCell_0.recurrent_weights': '1.106', 'ReadOut_0.readout_weights': '0.000'}
[2026-06-02 20:10:00,508][src.modRNN.training.alignment][INFO] -   align diffusion_fixed @ epoch 1701: cos {'ALIFCell_0.input_weights': '1.100', 'ALIFCell_0.recurrent_weights': '1.079', 'ReadOut_0.readout_weights': '0.000'}
[2026-06-02 20:10:32,031][src.modRNN.training.alignment][INFO] - epoch 1725  train loss=0.3048  (rule: diffusion)
[2026-06-02 20:11:04,719][src.modRNN.training.alignment][INFO] - epoch 1750  train loss=0.2709  (rule: diffusion)
[2026-06-02 20:11:07,418][src.modRNN.training.alignment][INFO] -   align BPTT @ epoch 1751: cos {'ALIFCell_0.input_weights': '0.000', 'ALIFCell_0.recurrent_weights': '0.000', 'ReadOut_0.readout_weights': '0.000'}
[2026-06-02 20:11:08,407][src.modRNN.training.alignment][INFO] -   align eprop @ epoch 1751: cos {'ALIFCell_0.input_weights': '1.050', 'ALIFCell_0.recurrent_weights': '0.890', 'ReadOut_0.readout_weights': '0.000'}
[2026-06-02 20:11:09,676][src.modRNN.training.alignment][INFO] -   align diffusion_aligned @ epoch 1751: cos {'ALIFCell_0.input_weights': '0.818', 'ALIFCell_0.recurrent_weights': '1.048', 'ReadOut_0.readout_weights': '0.000'}
[2026-06-02 20:11:11,807][src.modRNN.training.alignment][INFO] -   align diffusion_per_step @ epoch 1751: cos {'ALIFCell_0.input_weights': '0.904', 'ALIFCell_0.recurrent_weights': '1.046', 'ReadOut_0.readout_weights': '0.000'}
[2026-06-02 20:11:13,038][src.modRNN.training.alignment][INFO] -   align diffusion_fixed @ epoch 1751: cos {'ALIFCell_0.input_weights': '1.028', 'ALIFCell_0.recurrent_weights': '1.071', 'ReadOut_0.readout_weights': '0.000'}
[2026-06-02 20:11:44,490][src.modRNN.training.alignment][INFO] - epoch 1775  train loss=0.2797  (rule: diffusion)
[2026-06-02 20:12:17,238][src.modRNN.training.alignment][INFO] - epoch 1800  train loss=0.3714  (rule: diffusion)
[2026-06-02 20:12:19,937][src.modRNN.training.alignment][INFO] -   align BPTT @ epoch 1801: cos {'ALIFCell_0.input_weights': '0.000', 'ALIFCell_0.recurrent_weights': '0.000', 'ReadOut_0.readout_weights': '0.000'}
[2026-06-02 20:12:20,925][src.modRNN.training.alignment][INFO] -   align eprop @ epoch 1801: cos {'ALIFCell_0.input_weights': '1.031', 'ALIFCell_0.recurrent_weights': '0.976', 'ReadOut_0.readout_weights': '0.000'}
[2026-06-02 20:12:22,189][src.modRNN.training.alignment][INFO] -   align diffusion_aligned @ epoch 1801: cos {'ALIFCell_0.input_weights': '0.974', 'ALIFCell_0.recurrent_weights': '1.057', 'ReadOut_0.readout_weights': '0.000'}
[2026-06-02 20:12:24,321][src.modRNN.training.alignment][INFO] -   align diffusion_per_step @ epoch 1801: cos {'ALIFCell_0.input_weights': '1.026', 'ALIFCell_0.recurrent_weights': '1.089', 'ReadOut_0.readout_weights': '0.000'}
[2026-06-02 20:12:25,552][src.modRNN.training.alignment][INFO] -   align diffusion_fixed @ epoch 1801: cos {'ALIFCell_0.input_weights': '1.046', 'ALIFCell_0.recurrent_weights': '1.040', 'ReadOut_0.readout_weights': '0.000'}
[2026-06-02 20:12:56,899][src.modRNN.training.alignment][INFO] - epoch 1825  train loss=0.3451  (rule: diffusion)
[2026-06-02 20:13:29,682][src.modRNN.training.alignment][INFO] - epoch 1850  train loss=0.2198  (rule: diffusion)
[2026-06-02 20:13:32,379][src.modRNN.training.alignment][INFO] -   align BPTT @ epoch 1851: cos {'ALIFCell_0.input_weights': '0.000', 'ALIFCell_0.recurrent_weights': '0.000', 'ReadOut_0.readout_weights': '0.000'}
[2026-06-02 20:13:33,358][src.modRNN.training.alignment][INFO] -   align eprop @ epoch 1851: cos {'ALIFCell_0.input_weights': '1.071', 'ALIFCell_0.recurrent_weights': '1.228', 'ReadOut_0.readout_weights': '0.000'}
[2026-06-02 20:13:34,619][src.modRNN.training.alignment][INFO] -   align diffusion_aligned @ epoch 1851: cos {'ALIFCell_0.input_weights': '1.018', 'ALIFCell_0.recurrent_weights': '1.222', 'ReadOut_0.readout_weights': '0.000'}
[2026-06-02 20:13:36,745][src.modRNN.training.alignment][INFO] -   align diffusion_per_step @ epoch 1851: cos {'ALIFCell_0.input_weights': '1.084', 'ALIFCell_0.recurrent_weights': '1.260', 'ReadOut_0.readout_weights': '0.000'}
[2026-06-02 20:13:37,973][src.modRNN.training.alignment][INFO] -   align diffusion_fixed @ epoch 1851: cos {'ALIFCell_0.input_weights': '1.127', 'ALIFCell_0.recurrent_weights': '1.254', 'ReadOut_0.readout_weights': '0.000'}
[2026-06-02 20:14:09,355][src.modRNN.training.alignment][INFO] - epoch 1875  train loss=0.2858  (rule: diffusion)
[2026-06-02 20:14:42,115][src.modRNN.training.alignment][INFO] - epoch 1900  train loss=0.2319  (rule: diffusion)
[2026-06-02 20:14:44,800][src.modRNN.training.alignment][INFO] -   align BPTT @ epoch 1901: cos {'ALIFCell_0.input_weights': '0.000', 'ALIFCell_0.recurrent_weights': '0.000', 'ReadOut_0.readout_weights': '0.000'}
[2026-06-02 20:14:45,783][src.modRNN.training.alignment][INFO] -   align eprop @ epoch 1901: cos {'ALIFCell_0.input_weights': '1.228', 'ALIFCell_0.recurrent_weights': '1.140', 'ReadOut_0.readout_weights': '0.000'}
[2026-06-02 20:14:47,043][src.modRNN.training.alignment][INFO] -   align diffusion_aligned @ epoch 1901: cos {'ALIFCell_0.input_weights': '0.992', 'ALIFCell_0.recurrent_weights': '1.101', 'ReadOut_0.readout_weights': '0.000'}
[2026-06-02 20:14:49,169][src.modRNN.training.alignment][INFO] -   align diffusion_per_step @ epoch 1901: cos {'ALIFCell_0.input_weights': '1.133', 'ALIFCell_0.recurrent_weights': '1.138', 'ReadOut_0.readout_weights': '0.000'}
[2026-06-02 20:14:50,395][src.modRNN.training.alignment][INFO] -   align diffusion_fixed @ epoch 1901: cos {'ALIFCell_0.input_weights': '1.251', 'ALIFCell_0.recurrent_weights': '1.143', 'ReadOut_0.readout_weights': '0.000'}
[2026-06-02 20:15:21,809][src.modRNN.training.alignment][INFO] - epoch 1925  train loss=0.2700  (rule: diffusion)
[2026-06-02 20:15:54,472][src.modRNN.training.alignment][INFO] - epoch 1950  train loss=0.3304  (rule: diffusion)
[2026-06-02 20:15:57,160][src.modRNN.training.alignment][INFO] -   align BPTT @ epoch 1951: cos {'ALIFCell_0.input_weights': '0.000', 'ALIFCell_0.recurrent_weights': '0.000', 'ReadOut_0.readout_weights': '0.000'}
[2026-06-02 20:15:58,143][src.modRNN.training.alignment][INFO] -   align eprop @ epoch 1951: cos {'ALIFCell_0.input_weights': '1.098', 'ALIFCell_0.recurrent_weights': '0.936', 'ReadOut_0.readout_weights': '0.000'}
[2026-06-02 20:15:59,406][src.modRNN.training.alignment][INFO] -   align diffusion_aligned @ epoch 1951: cos {'ALIFCell_0.input_weights': '0.879', 'ALIFCell_0.recurrent_weights': '0.932', 'ReadOut_0.readout_weights': '0.000'}
[2026-06-02 20:16:01,534][src.modRNN.training.alignment][INFO] -   align diffusion_per_step @ epoch 1951: cos {'ALIFCell_0.input_weights': '1.006', 'ALIFCell_0.recurrent_weights': '0.984', 'ReadOut_0.readout_weights': '0.000'}
[2026-06-02 20:16:02,766][src.modRNN.training.alignment][INFO] -   align diffusion_fixed @ epoch 1951: cos {'ALIFCell_0.input_weights': '1.115', 'ALIFCell_0.recurrent_weights': '0.947', 'ReadOut_0.readout_weights': '0.000'}
[2026-06-02 20:16:34,256][src.modRNN.training.alignment][INFO] - epoch 1975  train loss=0.2982  (rule: diffusion)
[2026-06-02 20:17:06,918][src.modRNN.training.alignment][INFO] - epoch 2000  train loss=0.2893  (rule: diffusion)
[2026-06-02 20:17:09,615][src.modRNN.training.alignment][INFO] -   align BPTT @ epoch 2001: cos {'ALIFCell_0.input_weights': '0.000', 'ALIFCell_0.recurrent_weights': '0.000', 'ReadOut_0.readout_weights': '0.000'}
[2026-06-02 20:17:10,604][src.modRNN.training.alignment][INFO] -   align eprop @ epoch 2001: cos {'ALIFCell_0.input_weights': '0.988', 'ALIFCell_0.recurrent_weights': '1.106', 'ReadOut_0.readout_weights': '0.000'}
[2026-06-02 20:17:11,872][src.modRNN.training.alignment][INFO] -   align diffusion_aligned @ epoch 2001: cos {'ALIFCell_0.input_weights': '0.909', 'ALIFCell_0.recurrent_weights': '1.004', 'ReadOut_0.readout_weights': '0.000'}
[2026-06-02 20:17:14,005][src.modRNN.training.alignment][INFO] -   align diffusion_per_step @ epoch 2001: cos {'ALIFCell_0.input_weights': '0.949', 'ALIFCell_0.recurrent_weights': '1.055', 'ReadOut_0.readout_weights': '0.000'}
[2026-06-02 20:17:15,237][src.modRNN.training.alignment][INFO] -   align diffusion_fixed @ epoch 2001: cos {'ALIFCell_0.input_weights': '0.986', 'ALIFCell_0.recurrent_weights': '1.069', 'ReadOut_0.readout_weights': '0.000'}
[2026-06-02 20:17:15,269][src.modRNN.training.alignment][INFO] - Alignment experiment finished. Output dir: /mnt/lustre/work/martius/mot736/neuromodRNN/outputs/cue_accumulation/align_nn_connectivity_diffusion_aligned/seed_159
