[2026-06-02 22:01:19,069][jax._src.xla_bridge][INFO] - Unable to initialize backend 'rocm': module 'jaxlib.xla_extension' has no attribute 'GpuAllocatorConfig'
[2026-06-02 22:01:19,078][jax._src.xla_bridge][INFO] - Unable to initialize backend 'tpu': INTERNAL: Failed to open libtpu.so: libtpu.so: cannot open shared object file: No such file or directory
[2026-06-02 22:01:27,536][src.modRNN.training.alignment][INFO] - Starting alignment experiment: training with diffusion, measuring alignment of ['BPTT', 'eprop', 'diffusion_aligned', 'diffusion_per_step', 'diffusion_fixed'] every 50 epochs.
[2026-06-02 22:01:31,182][src.modRNN.training.alignment][INFO] - epoch 1  train loss=0.1956  (rule: diffusion)
[2026-06-02 22:01:32,433][src.modRNN.training.alignment][INFO] -   align BPTT @ epoch 1: cos {'ALIFCell_0.input_weights': '0.000', 'ALIFCell_0.recurrent_weights': '0.000', 'ReadOut_0.readout_weights': '0.000'}
[2026-06-02 22:01:33,463][src.modRNN.training.alignment][INFO] -   align eprop @ epoch 1: cos {'ALIFCell_0.input_weights': '0.550', 'ALIFCell_0.recurrent_weights': '0.441', 'ReadOut_0.readout_weights': '0.000'}
[2026-06-02 22:01:34,725][src.modRNN.training.alignment][INFO] -   align diffusion_aligned @ epoch 1: cos {'ALIFCell_0.input_weights': '0.706', 'ALIFCell_0.recurrent_weights': '0.521', 'ReadOut_0.readout_weights': '0.000'}
[2026-06-02 22:01:37,640][src.modRNN.training.alignment][INFO] -   align diffusion_per_step @ epoch 1: cos {'ALIFCell_0.input_weights': '0.595', 'ALIFCell_0.recurrent_weights': '0.446', 'ReadOut_0.readout_weights': '0.000'}
[2026-06-02 22:01:38,930][src.modRNN.training.alignment][INFO] -   align diffusion_fixed @ epoch 1: cos {'ALIFCell_0.input_weights': '0.679', 'ALIFCell_0.recurrent_weights': '0.501', 'ReadOut_0.readout_weights': '0.000'}
[2026-06-02 22:01:46,475][src.modRNN.training.alignment][INFO] - epoch 25  train loss=0.1537  (rule: diffusion)
[2026-06-02 22:01:54,350][src.modRNN.training.alignment][INFO] - epoch 50  train loss=0.0914  (rule: diffusion)
[2026-06-02 22:01:54,870][src.modRNN.training.alignment][INFO] -   align BPTT @ epoch 51: cos {'ALIFCell_0.input_weights': '0.000', 'ALIFCell_0.recurrent_weights': '0.000', 'ReadOut_0.readout_weights': '0.000'}
[2026-06-02 22:01:55,138][src.modRNN.training.alignment][INFO] -   align eprop @ epoch 51: cos {'ALIFCell_0.input_weights': '0.916', 'ALIFCell_0.recurrent_weights': '0.992', 'ReadOut_0.readout_weights': '0.000'}
[2026-06-02 22:01:55,449][src.modRNN.training.alignment][INFO] -   align diffusion_aligned @ epoch 51: cos {'ALIFCell_0.input_weights': '0.832', 'ALIFCell_0.recurrent_weights': '0.915', 'ReadOut_0.readout_weights': '0.000'}
[2026-06-02 22:01:55,910][src.modRNN.training.alignment][INFO] -   align diffusion_per_step @ epoch 51: cos {'ALIFCell_0.input_weights': '0.839', 'ALIFCell_0.recurrent_weights': '0.924', 'ReadOut_0.readout_weights': '0.000'}
[2026-06-02 22:01:56,217][src.modRNN.training.alignment][INFO] -   align diffusion_fixed @ epoch 51: cos {'ALIFCell_0.input_weights': '0.950', 'ALIFCell_0.recurrent_weights': '1.030', 'ReadOut_0.readout_weights': '0.000'}
[2026-06-02 22:02:03,819][src.modRNN.training.alignment][INFO] - epoch 75  train loss=0.0706  (rule: diffusion)
[2026-06-02 22:02:11,783][src.modRNN.training.alignment][INFO] - epoch 100  train loss=0.0546  (rule: diffusion)
[2026-06-02 22:02:12,308][src.modRNN.training.alignment][INFO] -   align BPTT @ epoch 101: cos {'ALIFCell_0.input_weights': '0.000', 'ALIFCell_0.recurrent_weights': '0.000', 'ReadOut_0.readout_weights': '0.000'}
[2026-06-02 22:02:12,576][src.modRNN.training.alignment][INFO] -   align eprop @ epoch 101: cos {'ALIFCell_0.input_weights': '1.110', 'ALIFCell_0.recurrent_weights': '1.051', 'ReadOut_0.readout_weights': '0.000'}
[2026-06-02 22:02:12,888][src.modRNN.training.alignment][INFO] -   align diffusion_aligned @ epoch 101: cos {'ALIFCell_0.input_weights': '1.011', 'ALIFCell_0.recurrent_weights': '0.933', 'ReadOut_0.readout_weights': '0.000'}
[2026-06-02 22:02:13,349][src.modRNN.training.alignment][INFO] -   align diffusion_per_step @ epoch 101: cos {'ALIFCell_0.input_weights': '1.050', 'ALIFCell_0.recurrent_weights': '0.982', 'ReadOut_0.readout_weights': '0.000'}
[2026-06-02 22:02:13,655][src.modRNN.training.alignment][INFO] -   align diffusion_fixed @ epoch 101: cos {'ALIFCell_0.input_weights': '1.113', 'ALIFCell_0.recurrent_weights': '1.064', 'ReadOut_0.readout_weights': '0.000'}
[2026-06-02 22:02:21,297][src.modRNN.training.alignment][INFO] - epoch 125  train loss=0.0672  (rule: diffusion)
[2026-06-02 22:02:29,274][src.modRNN.training.alignment][INFO] - epoch 150  train loss=0.0427  (rule: diffusion)
[2026-06-02 22:02:29,801][src.modRNN.training.alignment][INFO] -   align BPTT @ epoch 151: cos {'ALIFCell_0.input_weights': '0.000', 'ALIFCell_0.recurrent_weights': '0.000', 'ReadOut_0.readout_weights': '0.000'}
[2026-06-02 22:02:30,070][src.modRNN.training.alignment][INFO] -   align eprop @ epoch 151: cos {'ALIFCell_0.input_weights': '0.976', 'ALIFCell_0.recurrent_weights': '1.067', 'ReadOut_0.readout_weights': '0.000'}
[2026-06-02 22:02:30,383][src.modRNN.training.alignment][INFO] -   align diffusion_aligned @ epoch 151: cos {'ALIFCell_0.input_weights': '0.896', 'ALIFCell_0.recurrent_weights': '0.992', 'ReadOut_0.readout_weights': '0.000'}
[2026-06-02 22:02:30,847][src.modRNN.training.alignment][INFO] -   align diffusion_per_step @ epoch 151: cos {'ALIFCell_0.input_weights': '0.899', 'ALIFCell_0.recurrent_weights': '1.010', 'ReadOut_0.readout_weights': '0.000'}
[2026-06-02 22:02:31,154][src.modRNN.training.alignment][INFO] -   align diffusion_fixed @ epoch 151: cos {'ALIFCell_0.input_weights': '0.977', 'ALIFCell_0.recurrent_weights': '1.082', 'ReadOut_0.readout_weights': '0.000'}
[2026-06-02 22:02:38,742][src.modRNN.training.alignment][INFO] - epoch 175  train loss=0.0354  (rule: diffusion)
[2026-06-02 22:02:46,649][src.modRNN.training.alignment][INFO] - epoch 200  train loss=0.0314  (rule: diffusion)
[2026-06-02 22:02:47,167][src.modRNN.training.alignment][INFO] -   align BPTT @ epoch 201: cos {'ALIFCell_0.input_weights': '0.000', 'ALIFCell_0.recurrent_weights': '0.000', 'ReadOut_0.readout_weights': '0.000'}
[2026-06-02 22:02:47,434][src.modRNN.training.alignment][INFO] -   align eprop @ epoch 201: cos {'ALIFCell_0.input_weights': '1.032', 'ALIFCell_0.recurrent_weights': '1.093', 'ReadOut_0.readout_weights': '0.000'}
[2026-06-02 22:02:47,745][src.modRNN.training.alignment][INFO] -   align diffusion_aligned @ epoch 201: cos {'ALIFCell_0.input_weights': '1.009', 'ALIFCell_0.recurrent_weights': '1.047', 'ReadOut_0.readout_weights': '0.000'}
[2026-06-02 22:02:48,206][src.modRNN.training.alignment][INFO] -   align diffusion_per_step @ epoch 201: cos {'ALIFCell_0.input_weights': '0.984', 'ALIFCell_0.recurrent_weights': '1.055', 'ReadOut_0.readout_weights': '0.000'}
[2026-06-02 22:02:48,512][src.modRNN.training.alignment][INFO] -   align diffusion_fixed @ epoch 201: cos {'ALIFCell_0.input_weights': '1.070', 'ALIFCell_0.recurrent_weights': '1.148', 'ReadOut_0.readout_weights': '0.000'}
[2026-06-02 22:02:56,123][src.modRNN.training.alignment][INFO] - epoch 225  train loss=0.0328  (rule: diffusion)
[2026-06-02 22:03:04,077][src.modRNN.training.alignment][INFO] - epoch 250  train loss=0.0382  (rule: diffusion)
[2026-06-02 22:03:04,605][src.modRNN.training.alignment][INFO] -   align BPTT @ epoch 251: cos {'ALIFCell_0.input_weights': '0.000', 'ALIFCell_0.recurrent_weights': '0.000', 'ReadOut_0.readout_weights': '0.000'}
[2026-06-02 22:03:04,876][src.modRNN.training.alignment][INFO] -   align eprop @ epoch 251: cos {'ALIFCell_0.input_weights': '0.962', 'ALIFCell_0.recurrent_weights': '0.986', 'ReadOut_0.readout_weights': '0.000'}
[2026-06-02 22:03:05,191][src.modRNN.training.alignment][INFO] -   align diffusion_aligned @ epoch 251: cos {'ALIFCell_0.input_weights': '0.879', 'ALIFCell_0.recurrent_weights': '0.920', 'ReadOut_0.readout_weights': '0.000'}
[2026-06-02 22:03:05,657][src.modRNN.training.alignment][INFO] -   align diffusion_per_step @ epoch 251: cos {'ALIFCell_0.input_weights': '0.890', 'ALIFCell_0.recurrent_weights': '0.935', 'ReadOut_0.readout_weights': '0.000'}
[2026-06-02 22:03:05,966][src.modRNN.training.alignment][INFO] -   align diffusion_fixed @ epoch 251: cos {'ALIFCell_0.input_weights': '0.972', 'ALIFCell_0.recurrent_weights': '1.010', 'ReadOut_0.readout_weights': '0.000'}
[2026-06-02 22:03:13,660][src.modRNN.training.alignment][INFO] - epoch 275  train loss=0.0270  (rule: diffusion)
[2026-06-02 22:03:21,663][src.modRNN.training.alignment][INFO] - epoch 300  train loss=0.0197  (rule: diffusion)
[2026-06-02 22:03:22,191][src.modRNN.training.alignment][INFO] -   align BPTT @ epoch 301: cos {'ALIFCell_0.input_weights': '0.000', 'ALIFCell_0.recurrent_weights': '0.000', 'ReadOut_0.readout_weights': '0.000'}
[2026-06-02 22:03:22,463][src.modRNN.training.alignment][INFO] -   align eprop @ epoch 301: cos {'ALIFCell_0.input_weights': '1.021', 'ALIFCell_0.recurrent_weights': '1.034', 'ReadOut_0.readout_weights': '0.000'}
[2026-06-02 22:03:22,778][src.modRNN.training.alignment][INFO] -   align diffusion_aligned @ epoch 301: cos {'ALIFCell_0.input_weights': '0.952', 'ALIFCell_0.recurrent_weights': '0.985', 'ReadOut_0.readout_weights': '0.000'}
[2026-06-02 22:03:23,244][src.modRNN.training.alignment][INFO] -   align diffusion_per_step @ epoch 301: cos {'ALIFCell_0.input_weights': '0.952', 'ALIFCell_0.recurrent_weights': '0.992', 'ReadOut_0.readout_weights': '0.000'}
[2026-06-02 22:03:23,553][src.modRNN.training.alignment][INFO] -   align diffusion_fixed @ epoch 301: cos {'ALIFCell_0.input_weights': '1.041', 'ALIFCell_0.recurrent_weights': '1.068', 'ReadOut_0.readout_weights': '0.000'}
[2026-06-02 22:03:31,242][src.modRNN.training.alignment][INFO] - epoch 325  train loss=0.0202  (rule: diffusion)
[2026-06-02 22:03:39,173][src.modRNN.training.alignment][INFO] - epoch 350  train loss=0.0185  (rule: diffusion)
[2026-06-02 22:03:39,697][src.modRNN.training.alignment][INFO] -   align BPTT @ epoch 351: cos {'ALIFCell_0.input_weights': '0.000', 'ALIFCell_0.recurrent_weights': '0.000', 'ReadOut_0.readout_weights': '0.000'}
[2026-06-02 22:03:39,966][src.modRNN.training.alignment][INFO] -   align eprop @ epoch 351: cos {'ALIFCell_0.input_weights': '1.026', 'ALIFCell_0.recurrent_weights': '1.038', 'ReadOut_0.readout_weights': '0.000'}
[2026-06-02 22:03:40,279][src.modRNN.training.alignment][INFO] -   align diffusion_aligned @ epoch 351: cos {'ALIFCell_0.input_weights': '0.940', 'ALIFCell_0.recurrent_weights': '0.966', 'ReadOut_0.readout_weights': '0.000'}
[2026-06-02 22:03:40,745][src.modRNN.training.alignment][INFO] -   align diffusion_per_step @ epoch 351: cos {'ALIFCell_0.input_weights': '0.950', 'ALIFCell_0.recurrent_weights': '0.982', 'ReadOut_0.readout_weights': '0.000'}
[2026-06-02 22:03:41,052][src.modRNN.training.alignment][INFO] -   align diffusion_fixed @ epoch 351: cos {'ALIFCell_0.input_weights': '1.031', 'ALIFCell_0.recurrent_weights': '1.061', 'ReadOut_0.readout_weights': '0.000'}
[2026-06-02 22:03:48,664][src.modRNN.training.alignment][INFO] - epoch 375  train loss=0.0163  (rule: diffusion)
[2026-06-02 22:03:56,596][src.modRNN.training.alignment][INFO] - epoch 400  train loss=0.0166  (rule: diffusion)
[2026-06-02 22:03:57,115][src.modRNN.training.alignment][INFO] -   align BPTT @ epoch 401: cos {'ALIFCell_0.input_weights': '0.000', 'ALIFCell_0.recurrent_weights': '0.000', 'ReadOut_0.readout_weights': '0.000'}
[2026-06-02 22:03:57,383][src.modRNN.training.alignment][INFO] -   align eprop @ epoch 401: cos {'ALIFCell_0.input_weights': '1.199', 'ALIFCell_0.recurrent_weights': '1.166', 'ReadOut_0.readout_weights': '0.001'}
[2026-06-02 22:03:57,695][src.modRNN.training.alignment][INFO] -   align diffusion_aligned @ epoch 401: cos {'ALIFCell_0.input_weights': '1.099', 'ALIFCell_0.recurrent_weights': '1.043', 'ReadOut_0.readout_weights': '0.001'}
[2026-06-02 22:03:58,158][src.modRNN.training.alignment][INFO] -   align diffusion_per_step @ epoch 401: cos {'ALIFCell_0.input_weights': '1.147', 'ALIFCell_0.recurrent_weights': '1.124', 'ReadOut_0.readout_weights': '0.001'}
[2026-06-02 22:03:58,464][src.modRNN.training.alignment][INFO] -   align diffusion_fixed @ epoch 401: cos {'ALIFCell_0.input_weights': '1.198', 'ALIFCell_0.recurrent_weights': '1.202', 'ReadOut_0.readout_weights': '0.001'}
[2026-06-02 22:04:06,176][src.modRNN.training.alignment][INFO] - epoch 425  train loss=0.0192  (rule: diffusion)
[2026-06-02 22:04:14,194][src.modRNN.training.alignment][INFO] - epoch 450  train loss=0.0166  (rule: diffusion)
[2026-06-02 22:04:14,723][src.modRNN.training.alignment][INFO] -   align BPTT @ epoch 451: cos {'ALIFCell_0.input_weights': '0.000', 'ALIFCell_0.recurrent_weights': '0.000', 'ReadOut_0.readout_weights': '0.000'}
[2026-06-02 22:04:14,993][src.modRNN.training.alignment][INFO] -   align eprop @ epoch 451: cos {'ALIFCell_0.input_weights': '0.992', 'ALIFCell_0.recurrent_weights': '0.974', 'ReadOut_0.readout_weights': '0.000'}
[2026-06-02 22:04:15,308][src.modRNN.training.alignment][INFO] -   align diffusion_aligned @ epoch 451: cos {'ALIFCell_0.input_weights': '0.903', 'ALIFCell_0.recurrent_weights': '0.896', 'ReadOut_0.readout_weights': '0.000'}
[2026-06-02 22:04:15,774][src.modRNN.training.alignment][INFO] -   align diffusion_per_step @ epoch 451: cos {'ALIFCell_0.input_weights': '0.915', 'ALIFCell_0.recurrent_weights': '0.911', 'ReadOut_0.readout_weights': '0.000'}
[2026-06-02 22:04:16,082][src.modRNN.training.alignment][INFO] -   align diffusion_fixed @ epoch 451: cos {'ALIFCell_0.input_weights': '0.999', 'ALIFCell_0.recurrent_weights': '0.998', 'ReadOut_0.readout_weights': '0.000'}
[2026-06-02 22:04:23,775][src.modRNN.training.alignment][INFO] - epoch 475  train loss=0.1148  (rule: diffusion)
[2026-06-02 22:04:31,777][src.modRNN.training.alignment][INFO] - epoch 500  train loss=0.0287  (rule: diffusion)
[2026-06-02 22:04:32,298][src.modRNN.training.alignment][INFO] -   align BPTT @ epoch 501: cos {'ALIFCell_0.input_weights': '0.000', 'ALIFCell_0.recurrent_weights': '0.000', 'ReadOut_0.readout_weights': '0.000'}
[2026-06-02 22:04:32,567][src.modRNN.training.alignment][INFO] -   align eprop @ epoch 501: cos {'ALIFCell_0.input_weights': '1.000', 'ALIFCell_0.recurrent_weights': '0.960', 'ReadOut_0.readout_weights': '0.000'}
[2026-06-02 22:04:32,880][src.modRNN.training.alignment][INFO] -   align diffusion_aligned @ epoch 501: cos {'ALIFCell_0.input_weights': '0.942', 'ALIFCell_0.recurrent_weights': '0.913', 'ReadOut_0.readout_weights': '0.000'}
[2026-06-02 22:04:33,345][src.modRNN.training.alignment][INFO] -   align diffusion_per_step @ epoch 501: cos {'ALIFCell_0.input_weights': '0.938', 'ALIFCell_0.recurrent_weights': '0.908', 'ReadOut_0.readout_weights': '0.000'}
[2026-06-02 22:04:33,652][src.modRNN.training.alignment][INFO] -   align diffusion_fixed @ epoch 501: cos {'ALIFCell_0.input_weights': '1.016', 'ALIFCell_0.recurrent_weights': '1.004', 'ReadOut_0.readout_weights': '0.000'}
[2026-06-02 22:04:41,266][src.modRNN.training.alignment][INFO] - epoch 525  train loss=0.0250  (rule: diffusion)
[2026-06-02 22:04:49,197][src.modRNN.training.alignment][INFO] - epoch 550  train loss=0.0167  (rule: diffusion)
[2026-06-02 22:04:49,718][src.modRNN.training.alignment][INFO] -   align BPTT @ epoch 551: cos {'ALIFCell_0.input_weights': '0.000', 'ALIFCell_0.recurrent_weights': '0.000', 'ReadOut_0.readout_weights': '0.000'}
[2026-06-02 22:04:49,987][src.modRNN.training.alignment][INFO] -   align eprop @ epoch 551: cos {'ALIFCell_0.input_weights': '0.970', 'ALIFCell_0.recurrent_weights': '0.978', 'ReadOut_0.readout_weights': '0.000'}
[2026-06-02 22:04:50,299][src.modRNN.training.alignment][INFO] -   align diffusion_aligned @ epoch 551: cos {'ALIFCell_0.input_weights': '0.902', 'ALIFCell_0.recurrent_weights': '0.917', 'ReadOut_0.readout_weights': '0.000'}
[2026-06-02 22:04:50,762][src.modRNN.training.alignment][INFO] -   align diffusion_per_step @ epoch 551: cos {'ALIFCell_0.input_weights': '0.908', 'ALIFCell_0.recurrent_weights': '0.929', 'ReadOut_0.readout_weights': '0.000'}
[2026-06-02 22:04:51,069][src.modRNN.training.alignment][INFO] -   align diffusion_fixed @ epoch 551: cos {'ALIFCell_0.input_weights': '0.986', 'ALIFCell_0.recurrent_weights': '1.013', 'ReadOut_0.readout_weights': '0.000'}
[2026-06-02 22:04:58,694][src.modRNN.training.alignment][INFO] - epoch 575  train loss=0.0128  (rule: diffusion)
[2026-06-02 22:05:06,690][src.modRNN.training.alignment][INFO] - epoch 600  train loss=0.0119  (rule: diffusion)
[2026-06-02 22:05:07,219][src.modRNN.training.alignment][INFO] -   align BPTT @ epoch 601: cos {'ALIFCell_0.input_weights': '0.000', 'ALIFCell_0.recurrent_weights': '0.000', 'ReadOut_0.readout_weights': '0.000'}
[2026-06-02 22:05:07,489][src.modRNN.training.alignment][INFO] -   align eprop @ epoch 601: cos {'ALIFCell_0.input_weights': '1.082', 'ALIFCell_0.recurrent_weights': '1.041', 'ReadOut_0.readout_weights': '0.000'}
[2026-06-02 22:05:07,804][src.modRNN.training.alignment][INFO] -   align diffusion_aligned @ epoch 601: cos {'ALIFCell_0.input_weights': '1.016', 'ALIFCell_0.recurrent_weights': '0.986', 'ReadOut_0.readout_weights': '0.000'}
[2026-06-02 22:05:08,269][src.modRNN.training.alignment][INFO] -   align diffusion_per_step @ epoch 601: cos {'ALIFCell_0.input_weights': '1.003', 'ALIFCell_0.recurrent_weights': '0.972', 'ReadOut_0.readout_weights': '0.000'}
[2026-06-02 22:05:08,578][src.modRNN.training.alignment][INFO] -   align diffusion_fixed @ epoch 601: cos {'ALIFCell_0.input_weights': '1.082', 'ALIFCell_0.recurrent_weights': '1.052', 'ReadOut_0.readout_weights': '0.000'}
[2026-06-02 22:05:16,279][src.modRNN.training.alignment][INFO] - epoch 625  train loss=0.0114  (rule: diffusion)
[2026-06-02 22:05:24,313][src.modRNN.training.alignment][INFO] - epoch 650  train loss=0.0113  (rule: diffusion)
[2026-06-02 22:05:24,842][src.modRNN.training.alignment][INFO] -   align BPTT @ epoch 651: cos {'ALIFCell_0.input_weights': '0.000', 'ALIFCell_0.recurrent_weights': '0.000', 'ReadOut_0.readout_weights': '0.000'}
[2026-06-02 22:05:25,113][src.modRNN.training.alignment][INFO] -   align eprop @ epoch 651: cos {'ALIFCell_0.input_weights': '1.008', 'ALIFCell_0.recurrent_weights': '0.992', 'ReadOut_0.readout_weights': '0.000'}
[2026-06-02 22:05:25,428][src.modRNN.training.alignment][INFO] -   align diffusion_aligned @ epoch 651: cos {'ALIFCell_0.input_weights': '0.926', 'ALIFCell_0.recurrent_weights': '0.923', 'ReadOut_0.readout_weights': '0.000'}
[2026-06-02 22:05:25,894][src.modRNN.training.alignment][INFO] -   align diffusion_per_step @ epoch 651: cos {'ALIFCell_0.input_weights': '0.944', 'ALIFCell_0.recurrent_weights': '0.936', 'ReadOut_0.readout_weights': '0.000'}
[2026-06-02 22:05:26,203][src.modRNN.training.alignment][INFO] -   align diffusion_fixed @ epoch 651: cos {'ALIFCell_0.input_weights': '1.017', 'ALIFCell_0.recurrent_weights': '1.026', 'ReadOut_0.readout_weights': '0.000'}
[2026-06-02 22:05:33,902][src.modRNN.training.alignment][INFO] - epoch 675  train loss=0.0099  (rule: diffusion)
[2026-06-02 22:05:41,880][src.modRNN.training.alignment][INFO] - epoch 700  train loss=0.0129  (rule: diffusion)
[2026-06-02 22:05:42,401][src.modRNN.training.alignment][INFO] -   align BPTT @ epoch 701: cos {'ALIFCell_0.input_weights': '0.000', 'ALIFCell_0.recurrent_weights': '0.000', 'ReadOut_0.readout_weights': '0.000'}
[2026-06-02 22:05:42,669][src.modRNN.training.alignment][INFO] -   align eprop @ epoch 701: cos {'ALIFCell_0.input_weights': '0.989', 'ALIFCell_0.recurrent_weights': '0.933', 'ReadOut_0.readout_weights': '0.000'}
[2026-06-02 22:05:42,982][src.modRNN.training.alignment][INFO] -   align diffusion_aligned @ epoch 701: cos {'ALIFCell_0.input_weights': '0.917', 'ALIFCell_0.recurrent_weights': '0.878', 'ReadOut_0.readout_weights': '0.000'}
[2026-06-02 22:05:43,446][src.modRNN.training.alignment][INFO] -   align diffusion_per_step @ epoch 701: cos {'ALIFCell_0.input_weights': '0.921', 'ALIFCell_0.recurrent_weights': '0.874', 'ReadOut_0.readout_weights': '0.000'}
[2026-06-02 22:05:43,752][src.modRNN.training.alignment][INFO] -   align diffusion_fixed @ epoch 701: cos {'ALIFCell_0.input_weights': '0.995', 'ALIFCell_0.recurrent_weights': '0.970', 'ReadOut_0.readout_weights': '0.000'}
[2026-06-02 22:05:51,411][src.modRNN.training.alignment][INFO] - epoch 725  train loss=0.0127  (rule: diffusion)
[2026-06-02 22:05:59,409][src.modRNN.training.alignment][INFO] - epoch 750  train loss=0.0087  (rule: diffusion)
[2026-06-02 22:05:59,937][src.modRNN.training.alignment][INFO] -   align BPTT @ epoch 751: cos {'ALIFCell_0.input_weights': '0.000', 'ALIFCell_0.recurrent_weights': '0.000', 'ReadOut_0.readout_weights': '0.000'}
[2026-06-02 22:06:00,205][src.modRNN.training.alignment][INFO] -   align eprop @ epoch 751: cos {'ALIFCell_0.input_weights': '1.010', 'ALIFCell_0.recurrent_weights': '0.960', 'ReadOut_0.readout_weights': '0.000'}
[2026-06-02 22:06:00,522][src.modRNN.training.alignment][INFO] -   align diffusion_aligned @ epoch 751: cos {'ALIFCell_0.input_weights': '0.922', 'ALIFCell_0.recurrent_weights': '0.897', 'ReadOut_0.readout_weights': '0.000'}
[2026-06-02 22:06:00,987][src.modRNN.training.alignment][INFO] -   align diffusion_per_step @ epoch 751: cos {'ALIFCell_0.input_weights': '0.931', 'ALIFCell_0.recurrent_weights': '0.893', 'ReadOut_0.readout_weights': '0.000'}
[2026-06-02 22:06:01,298][src.modRNN.training.alignment][INFO] -   align diffusion_fixed @ epoch 751: cos {'ALIFCell_0.input_weights': '0.999', 'ALIFCell_0.recurrent_weights': '0.980', 'ReadOut_0.readout_weights': '0.000'}
[2026-06-02 22:06:09,094][src.modRNN.training.alignment][INFO] - epoch 775  train loss=0.0081  (rule: diffusion)
[2026-06-02 22:06:17,204][src.modRNN.training.alignment][INFO] - epoch 800  train loss=0.0112  (rule: diffusion)
[2026-06-02 22:06:17,737][src.modRNN.training.alignment][INFO] -   align BPTT @ epoch 801: cos {'ALIFCell_0.input_weights': '0.000', 'ALIFCell_0.recurrent_weights': '0.000', 'ReadOut_0.readout_weights': '0.000'}
[2026-06-02 22:06:18,009][src.modRNN.training.alignment][INFO] -   align eprop @ epoch 801: cos {'ALIFCell_0.input_weights': '1.017', 'ALIFCell_0.recurrent_weights': '0.995', 'ReadOut_0.readout_weights': '0.000'}
[2026-06-02 22:06:18,329][src.modRNN.training.alignment][INFO] -   align diffusion_aligned @ epoch 801: cos {'ALIFCell_0.input_weights': '0.946', 'ALIFCell_0.recurrent_weights': '0.933', 'ReadOut_0.readout_weights': '0.000'}
[2026-06-02 22:06:18,797][src.modRNN.training.alignment][INFO] -   align diffusion_per_step @ epoch 801: cos {'ALIFCell_0.input_weights': '0.942', 'ALIFCell_0.recurrent_weights': '0.927', 'ReadOut_0.readout_weights': '0.000'}
[2026-06-02 22:06:19,109][src.modRNN.training.alignment][INFO] -   align diffusion_fixed @ epoch 801: cos {'ALIFCell_0.input_weights': '1.020', 'ALIFCell_0.recurrent_weights': '1.009', 'ReadOut_0.readout_weights': '0.000'}
[2026-06-02 22:06:26,877][src.modRNN.training.alignment][INFO] - epoch 825  train loss=0.0082  (rule: diffusion)
[2026-06-02 22:06:34,942][src.modRNN.training.alignment][INFO] - epoch 850  train loss=0.0084  (rule: diffusion)
[2026-06-02 22:06:35,463][src.modRNN.training.alignment][INFO] -   align BPTT @ epoch 851: cos {'ALIFCell_0.input_weights': '0.000', 'ALIFCell_0.recurrent_weights': '0.000', 'ReadOut_0.readout_weights': '0.000'}
[2026-06-02 22:06:35,733][src.modRNN.training.alignment][INFO] -   align eprop @ epoch 851: cos {'ALIFCell_0.input_weights': '1.029', 'ALIFCell_0.recurrent_weights': '0.995', 'ReadOut_0.readout_weights': '0.000'}
[2026-06-02 22:06:36,046][src.modRNN.training.alignment][INFO] -   align diffusion_aligned @ epoch 851: cos {'ALIFCell_0.input_weights': '0.950', 'ALIFCell_0.recurrent_weights': '0.915', 'ReadOut_0.readout_weights': '0.000'}
[2026-06-02 22:06:36,511][src.modRNN.training.alignment][INFO] -   align diffusion_per_step @ epoch 851: cos {'ALIFCell_0.input_weights': '0.954', 'ALIFCell_0.recurrent_weights': '0.922', 'ReadOut_0.readout_weights': '0.000'}
[2026-06-02 22:06:36,819][src.modRNN.training.alignment][INFO] -   align diffusion_fixed @ epoch 851: cos {'ALIFCell_0.input_weights': '1.021', 'ALIFCell_0.recurrent_weights': '0.999', 'ReadOut_0.readout_weights': '0.000'}
[2026-06-02 22:06:44,494][src.modRNN.training.alignment][INFO] - epoch 875  train loss=0.0080  (rule: diffusion)
[2026-06-02 22:06:52,486][src.modRNN.training.alignment][INFO] - epoch 900  train loss=0.0085  (rule: diffusion)
[2026-06-02 22:06:53,011][src.modRNN.training.alignment][INFO] -   align BPTT @ epoch 901: cos {'ALIFCell_0.input_weights': '0.000', 'ALIFCell_0.recurrent_weights': '0.000', 'ReadOut_0.readout_weights': '0.000'}
[2026-06-02 22:06:53,280][src.modRNN.training.alignment][INFO] -   align eprop @ epoch 901: cos {'ALIFCell_0.input_weights': '1.028', 'ALIFCell_0.recurrent_weights': '1.026', 'ReadOut_0.readout_weights': '0.000'}
[2026-06-02 22:06:53,593][src.modRNN.training.alignment][INFO] -   align diffusion_aligned @ epoch 901: cos {'ALIFCell_0.input_weights': '0.986', 'ALIFCell_0.recurrent_weights': '0.967', 'ReadOut_0.readout_weights': '0.000'}
[2026-06-02 22:06:54,057][src.modRNN.training.alignment][INFO] -   align diffusion_per_step @ epoch 901: cos {'ALIFCell_0.input_weights': '0.967', 'ALIFCell_0.recurrent_weights': '0.956', 'ReadOut_0.readout_weights': '0.000'}
[2026-06-02 22:06:54,364][src.modRNN.training.alignment][INFO] -   align diffusion_fixed @ epoch 901: cos {'ALIFCell_0.input_weights': '1.046', 'ALIFCell_0.recurrent_weights': '1.035', 'ReadOut_0.readout_weights': '0.000'}
[2026-06-02 22:07:02,076][src.modRNN.training.alignment][INFO] - epoch 925  train loss=0.0108  (rule: diffusion)
[2026-06-02 22:07:10,143][src.modRNN.training.alignment][INFO] - epoch 950  train loss=0.0073  (rule: diffusion)
[2026-06-02 22:07:10,674][src.modRNN.training.alignment][INFO] -   align BPTT @ epoch 951: cos {'ALIFCell_0.input_weights': '0.000', 'ALIFCell_0.recurrent_weights': '0.000', 'ReadOut_0.readout_weights': '0.000'}
[2026-06-02 22:07:10,947][src.modRNN.training.alignment][INFO] -   align eprop @ epoch 951: cos {'ALIFCell_0.input_weights': '1.016', 'ALIFCell_0.recurrent_weights': '0.985', 'ReadOut_0.readout_weights': '0.000'}
[2026-06-02 22:07:11,263][src.modRNN.training.alignment][INFO] -   align diffusion_aligned @ epoch 951: cos {'ALIFCell_0.input_weights': '0.946', 'ALIFCell_0.recurrent_weights': '0.928', 'ReadOut_0.readout_weights': '0.000'}
[2026-06-02 22:07:11,730][src.modRNN.training.alignment][INFO] -   align diffusion_per_step @ epoch 951: cos {'ALIFCell_0.input_weights': '0.940', 'ALIFCell_0.recurrent_weights': '0.911', 'ReadOut_0.readout_weights': '0.000'}
[2026-06-02 22:07:12,040][src.modRNN.training.alignment][INFO] -   align diffusion_fixed @ epoch 951: cos {'ALIFCell_0.input_weights': '1.016', 'ALIFCell_0.recurrent_weights': '1.002', 'ReadOut_0.readout_weights': '0.000'}
[2026-06-02 22:07:19,813][src.modRNN.training.alignment][INFO] - epoch 975  train loss=0.0295  (rule: diffusion)
[2026-06-02 22:07:27,918][src.modRNN.training.alignment][INFO] - epoch 1000  train loss=0.0156  (rule: diffusion)
[2026-06-02 22:07:28,451][src.modRNN.training.alignment][INFO] -   align BPTT @ epoch 1001: cos {'ALIFCell_0.input_weights': '0.000', 'ALIFCell_0.recurrent_weights': '0.000', 'ReadOut_0.readout_weights': '0.000'}
[2026-06-02 22:07:28,725][src.modRNN.training.alignment][INFO] -   align eprop @ epoch 1001: cos {'ALIFCell_0.input_weights': '1.020', 'ALIFCell_0.recurrent_weights': '0.977', 'ReadOut_0.readout_weights': '0.000'}
[2026-06-02 22:07:29,046][src.modRNN.training.alignment][INFO] -   align diffusion_aligned @ epoch 1001: cos {'ALIFCell_0.input_weights': '0.936', 'ALIFCell_0.recurrent_weights': '0.910', 'ReadOut_0.readout_weights': '0.000'}
[2026-06-02 22:07:29,514][src.modRNN.training.alignment][INFO] -   align diffusion_per_step @ epoch 1001: cos {'ALIFCell_0.input_weights': '0.948', 'ALIFCell_0.recurrent_weights': '0.909', 'ReadOut_0.readout_weights': '0.000'}
[2026-06-02 22:07:29,825][src.modRNN.training.alignment][INFO] -   align diffusion_fixed @ epoch 1001: cos {'ALIFCell_0.input_weights': '1.020', 'ALIFCell_0.recurrent_weights': '0.993', 'ReadOut_0.readout_weights': '0.000'}
[2026-06-02 22:07:37,560][src.modRNN.training.alignment][INFO] - epoch 1025  train loss=0.0066  (rule: diffusion)
[2026-06-02 22:07:45,621][src.modRNN.training.alignment][INFO] - epoch 1050  train loss=0.0081  (rule: diffusion)
[2026-06-02 22:07:46,151][src.modRNN.training.alignment][INFO] -   align BPTT @ epoch 1051: cos {'ALIFCell_0.input_weights': '0.000', 'ALIFCell_0.recurrent_weights': '0.000', 'ReadOut_0.readout_weights': '0.000'}
[2026-06-02 22:07:46,425][src.modRNN.training.alignment][INFO] -   align eprop @ epoch 1051: cos {'ALIFCell_0.input_weights': '1.022', 'ALIFCell_0.recurrent_weights': '0.983', 'ReadOut_0.readout_weights': '0.000'}
[2026-06-02 22:07:46,742][src.modRNN.training.alignment][INFO] -   align diffusion_aligned @ epoch 1051: cos {'ALIFCell_0.input_weights': '0.945', 'ALIFCell_0.recurrent_weights': '0.922', 'ReadOut_0.readout_weights': '0.000'}
[2026-06-02 22:07:47,207][src.modRNN.training.alignment][INFO] -   align diffusion_per_step @ epoch 1051: cos {'ALIFCell_0.input_weights': '0.949', 'ALIFCell_0.recurrent_weights': '0.915', 'ReadOut_0.readout_weights': '0.000'}
[2026-06-02 22:07:47,521][src.modRNN.training.alignment][INFO] -   align diffusion_fixed @ epoch 1051: cos {'ALIFCell_0.input_weights': '1.021', 'ALIFCell_0.recurrent_weights': '0.989', 'ReadOut_0.readout_weights': '0.000'}
[2026-06-02 22:07:55,287][src.modRNN.training.alignment][INFO] - epoch 1075  train loss=0.0070  (rule: diffusion)
[2026-06-02 22:08:03,388][src.modRNN.training.alignment][INFO] - epoch 1100  train loss=0.0060  (rule: diffusion)
[2026-06-02 22:08:03,921][src.modRNN.training.alignment][INFO] -   align BPTT @ epoch 1101: cos {'ALIFCell_0.input_weights': '0.000', 'ALIFCell_0.recurrent_weights': '0.000', 'ReadOut_0.readout_weights': '0.000'}
[2026-06-02 22:08:04,194][src.modRNN.training.alignment][INFO] -   align eprop @ epoch 1101: cos {'ALIFCell_0.input_weights': '1.006', 'ALIFCell_0.recurrent_weights': '0.973', 'ReadOut_0.readout_weights': '0.000'}
[2026-06-02 22:08:04,513][src.modRNN.training.alignment][INFO] -   align diffusion_aligned @ epoch 1101: cos {'ALIFCell_0.input_weights': '0.929', 'ALIFCell_0.recurrent_weights': '0.906', 'ReadOut_0.readout_weights': '0.000'}
[2026-06-02 22:08:04,980][src.modRNN.training.alignment][INFO] -   align diffusion_per_step @ epoch 1101: cos {'ALIFCell_0.input_weights': '0.930', 'ALIFCell_0.recurrent_weights': '0.905', 'ReadOut_0.readout_weights': '0.000'}
[2026-06-02 22:08:05,291][src.modRNN.training.alignment][INFO] -   align diffusion_fixed @ epoch 1101: cos {'ALIFCell_0.input_weights': '1.005', 'ALIFCell_0.recurrent_weights': '0.987', 'ReadOut_0.readout_weights': '0.000'}
[2026-06-02 22:08:13,049][src.modRNN.training.alignment][INFO] - epoch 1125  train loss=0.0130  (rule: diffusion)
[2026-06-02 22:08:21,130][src.modRNN.training.alignment][INFO] - epoch 1150  train loss=0.0065  (rule: diffusion)
[2026-06-02 22:08:21,662][src.modRNN.training.alignment][INFO] -   align BPTT @ epoch 1151: cos {'ALIFCell_0.input_weights': '0.000', 'ALIFCell_0.recurrent_weights': '0.000', 'ReadOut_0.readout_weights': '0.000'}
[2026-06-02 22:08:21,933][src.modRNN.training.alignment][INFO] -   align eprop @ epoch 1151: cos {'ALIFCell_0.input_weights': '1.003', 'ALIFCell_0.recurrent_weights': '0.974', 'ReadOut_0.readout_weights': '0.000'}
[2026-06-02 22:08:22,250][src.modRNN.training.alignment][INFO] -   align diffusion_aligned @ epoch 1151: cos {'ALIFCell_0.input_weights': '0.924', 'ALIFCell_0.recurrent_weights': '0.916', 'ReadOut_0.readout_weights': '0.000'}
[2026-06-02 22:08:22,717][src.modRNN.training.alignment][INFO] -   align diffusion_per_step @ epoch 1151: cos {'ALIFCell_0.input_weights': '0.925', 'ALIFCell_0.recurrent_weights': '0.902', 'ReadOut_0.readout_weights': '0.000'}
[2026-06-02 22:08:23,031][src.modRNN.training.alignment][INFO] -   align diffusion_fixed @ epoch 1151: cos {'ALIFCell_0.input_weights': '1.020', 'ALIFCell_0.recurrent_weights': '1.008', 'ReadOut_0.readout_weights': '0.000'}
[2026-06-02 22:08:30,799][src.modRNN.training.alignment][INFO] - epoch 1175  train loss=0.0069  (rule: diffusion)
[2026-06-02 22:08:38,855][src.modRNN.training.alignment][INFO] - epoch 1200  train loss=0.0121  (rule: diffusion)
[2026-06-02 22:08:39,385][src.modRNN.training.alignment][INFO] -   align BPTT @ epoch 1201: cos {'ALIFCell_0.input_weights': '0.000', 'ALIFCell_0.recurrent_weights': '0.000', 'ReadOut_0.readout_weights': '0.000'}
[2026-06-02 22:08:39,656][src.modRNN.training.alignment][INFO] -   align eprop @ epoch 1201: cos {'ALIFCell_0.input_weights': '1.008', 'ALIFCell_0.recurrent_weights': '0.981', 'ReadOut_0.readout_weights': '0.000'}
[2026-06-02 22:08:39,972][src.modRNN.training.alignment][INFO] -   align diffusion_aligned @ epoch 1201: cos {'ALIFCell_0.input_weights': '0.937', 'ALIFCell_0.recurrent_weights': '0.924', 'ReadOut_0.readout_weights': '0.000'}
[2026-06-02 22:08:40,437][src.modRNN.training.alignment][INFO] -   align diffusion_per_step @ epoch 1201: cos {'ALIFCell_0.input_weights': '0.938', 'ALIFCell_0.recurrent_weights': '0.920', 'ReadOut_0.readout_weights': '0.000'}
[2026-06-02 22:08:40,750][src.modRNN.training.alignment][INFO] -   align diffusion_fixed @ epoch 1201: cos {'ALIFCell_0.input_weights': '1.023', 'ALIFCell_0.recurrent_weights': '1.013', 'ReadOut_0.readout_weights': '0.000'}
[2026-06-02 22:08:48,519][src.modRNN.training.alignment][INFO] - epoch 1225  train loss=0.0080  (rule: diffusion)
[2026-06-02 22:08:56,653][src.modRNN.training.alignment][INFO] - epoch 1250  train loss=0.0056  (rule: diffusion)
[2026-06-02 22:08:57,189][src.modRNN.training.alignment][INFO] -   align BPTT @ epoch 1251: cos {'ALIFCell_0.input_weights': '0.000', 'ALIFCell_0.recurrent_weights': '0.000', 'ReadOut_0.readout_weights': '0.000'}
[2026-06-02 22:08:57,465][src.modRNN.training.alignment][INFO] -   align eprop @ epoch 1251: cos {'ALIFCell_0.input_weights': '1.004', 'ALIFCell_0.recurrent_weights': '0.963', 'ReadOut_0.readout_weights': '0.000'}
[2026-06-02 22:08:57,785][src.modRNN.training.alignment][INFO] -   align diffusion_aligned @ epoch 1251: cos {'ALIFCell_0.input_weights': '0.944', 'ALIFCell_0.recurrent_weights': '0.927', 'ReadOut_0.readout_weights': '0.000'}
[2026-06-02 22:08:58,251][src.modRNN.training.alignment][INFO] -   align diffusion_per_step @ epoch 1251: cos {'ALIFCell_0.input_weights': '0.936', 'ALIFCell_0.recurrent_weights': '0.905', 'ReadOut_0.readout_weights': '0.000'}
[2026-06-02 22:08:58,565][src.modRNN.training.alignment][INFO] -   align diffusion_fixed @ epoch 1251: cos {'ALIFCell_0.input_weights': '1.022', 'ALIFCell_0.recurrent_weights': '1.001', 'ReadOut_0.readout_weights': '0.000'}
[2026-06-02 22:09:06,376][src.modRNN.training.alignment][INFO] - epoch 1275  train loss=0.0065  (rule: diffusion)
[2026-06-02 22:09:14,523][src.modRNN.training.alignment][INFO] - epoch 1300  train loss=0.0063  (rule: diffusion)
[2026-06-02 22:09:15,059][src.modRNN.training.alignment][INFO] -   align BPTT @ epoch 1301: cos {'ALIFCell_0.input_weights': '0.000', 'ALIFCell_0.recurrent_weights': '0.000', 'ReadOut_0.readout_weights': '0.000'}
[2026-06-02 22:09:15,333][src.modRNN.training.alignment][INFO] -   align eprop @ epoch 1301: cos {'ALIFCell_0.input_weights': '1.024', 'ALIFCell_0.recurrent_weights': '0.977', 'ReadOut_0.readout_weights': '0.000'}
[2026-06-02 22:09:15,653][src.modRNN.training.alignment][INFO] -   align diffusion_aligned @ epoch 1301: cos {'ALIFCell_0.input_weights': '0.948', 'ALIFCell_0.recurrent_weights': '0.918', 'ReadOut_0.readout_weights': '0.000'}
[2026-06-02 22:09:16,120][src.modRNN.training.alignment][INFO] -   align diffusion_per_step @ epoch 1301: cos {'ALIFCell_0.input_weights': '0.948', 'ALIFCell_0.recurrent_weights': '0.910', 'ReadOut_0.readout_weights': '0.000'}
[2026-06-02 22:09:16,434][src.modRNN.training.alignment][INFO] -   align diffusion_fixed @ epoch 1301: cos {'ALIFCell_0.input_weights': '1.032', 'ALIFCell_0.recurrent_weights': '0.997', 'ReadOut_0.readout_weights': '0.000'}
[2026-06-02 22:09:24,224][src.modRNN.training.alignment][INFO] - epoch 1325  train loss=0.0121  (rule: diffusion)
[2026-06-02 22:09:32,330][src.modRNN.training.alignment][INFO] - epoch 1350  train loss=0.0057  (rule: diffusion)
[2026-06-02 22:09:32,856][src.modRNN.training.alignment][INFO] -   align BPTT @ epoch 1351: cos {'ALIFCell_0.input_weights': '0.000', 'ALIFCell_0.recurrent_weights': '0.000', 'ReadOut_0.readout_weights': '0.000'}
[2026-06-02 22:09:33,127][src.modRNN.training.alignment][INFO] -   align eprop @ epoch 1351: cos {'ALIFCell_0.input_weights': '1.296', 'ALIFCell_0.recurrent_weights': '1.221', 'ReadOut_0.readout_weights': '0.000'}
[2026-06-02 22:09:33,443][src.modRNN.training.alignment][INFO] -   align diffusion_aligned @ epoch 1351: cos {'ALIFCell_0.input_weights': '1.246', 'ALIFCell_0.recurrent_weights': '1.173', 'ReadOut_0.readout_weights': '0.000'}
[2026-06-02 22:09:33,908][src.modRNN.training.alignment][INFO] -   align diffusion_per_step @ epoch 1351: cos {'ALIFCell_0.input_weights': '1.264', 'ALIFCell_0.recurrent_weights': '1.190', 'ReadOut_0.readout_weights': '0.000'}
[2026-06-02 22:09:34,221][src.modRNN.training.alignment][INFO] -   align diffusion_fixed @ epoch 1351: cos {'ALIFCell_0.input_weights': '1.329', 'ALIFCell_0.recurrent_weights': '1.255', 'ReadOut_0.readout_weights': '0.000'}
[2026-06-02 22:09:41,974][src.modRNN.training.alignment][INFO] - epoch 1375  train loss=0.0089  (rule: diffusion)
[2026-06-02 22:09:50,037][src.modRNN.training.alignment][INFO] - epoch 1400  train loss=0.0059  (rule: diffusion)
[2026-06-02 22:09:50,564][src.modRNN.training.alignment][INFO] -   align BPTT @ epoch 1401: cos {'ALIFCell_0.input_weights': '0.000', 'ALIFCell_0.recurrent_weights': '0.000', 'ReadOut_0.readout_weights': '0.000'}
[2026-06-02 22:09:50,834][src.modRNN.training.alignment][INFO] -   align eprop @ epoch 1401: cos {'ALIFCell_0.input_weights': '1.086', 'ALIFCell_0.recurrent_weights': '1.082', 'ReadOut_0.readout_weights': '0.000'}
[2026-06-02 22:09:51,152][src.modRNN.training.alignment][INFO] -   align diffusion_aligned @ epoch 1401: cos {'ALIFCell_0.input_weights': '1.014', 'ALIFCell_0.recurrent_weights': '1.046', 'ReadOut_0.readout_weights': '0.000'}
[2026-06-02 22:09:51,618][src.modRNN.training.alignment][INFO] -   align diffusion_per_step @ epoch 1401: cos {'ALIFCell_0.input_weights': '1.021', 'ALIFCell_0.recurrent_weights': '1.055', 'ReadOut_0.readout_weights': '0.000'}
[2026-06-02 22:09:51,926][src.modRNN.training.alignment][INFO] -   align diffusion_fixed @ epoch 1401: cos {'ALIFCell_0.input_weights': '1.099', 'ALIFCell_0.recurrent_weights': '1.134', 'ReadOut_0.readout_weights': '0.000'}
[2026-06-02 22:09:59,671][src.modRNN.training.alignment][INFO] - epoch 1425  train loss=0.0077  (rule: diffusion)
[2026-06-02 22:10:07,768][src.modRNN.training.alignment][INFO] - epoch 1450  train loss=0.0071  (rule: diffusion)
[2026-06-02 22:10:08,304][src.modRNN.training.alignment][INFO] -   align BPTT @ epoch 1451: cos {'ALIFCell_0.input_weights': '0.000', 'ALIFCell_0.recurrent_weights': '0.000', 'ReadOut_0.readout_weights': '0.000'}
[2026-06-02 22:10:08,576][src.modRNN.training.alignment][INFO] -   align eprop @ epoch 1451: cos {'ALIFCell_0.input_weights': '1.038', 'ALIFCell_0.recurrent_weights': '1.008', 'ReadOut_0.readout_weights': '0.000'}
[2026-06-02 22:10:08,895][src.modRNN.training.alignment][INFO] -   align diffusion_aligned @ epoch 1451: cos {'ALIFCell_0.input_weights': '0.949', 'ALIFCell_0.recurrent_weights': '0.921', 'ReadOut_0.readout_weights': '0.000'}
[2026-06-02 22:10:09,362][src.modRNN.training.alignment][INFO] -   align diffusion_per_step @ epoch 1451: cos {'ALIFCell_0.input_weights': '0.964', 'ALIFCell_0.recurrent_weights': '0.945', 'ReadOut_0.readout_weights': '0.000'}
[2026-06-02 22:10:09,674][src.modRNN.training.alignment][INFO] -   align diffusion_fixed @ epoch 1451: cos {'ALIFCell_0.input_weights': '1.058', 'ALIFCell_0.recurrent_weights': '1.032', 'ReadOut_0.readout_weights': '0.000'}
[2026-06-02 22:10:17,468][src.modRNN.training.alignment][INFO] - epoch 1475  train loss=0.0061  (rule: diffusion)
[2026-06-02 22:10:25,585][src.modRNN.training.alignment][INFO] - epoch 1500  train loss=0.0066  (rule: diffusion)
[2026-06-02 22:10:26,119][src.modRNN.training.alignment][INFO] -   align BPTT @ epoch 1501: cos {'ALIFCell_0.input_weights': '0.000', 'ALIFCell_0.recurrent_weights': '0.000', 'ReadOut_0.readout_weights': '0.000'}
[2026-06-02 22:10:26,391][src.modRNN.training.alignment][INFO] -   align eprop @ epoch 1501: cos {'ALIFCell_0.input_weights': '1.238', 'ALIFCell_0.recurrent_weights': '1.298', 'ReadOut_0.readout_weights': '0.000'}
[2026-06-02 22:10:26,708][src.modRNN.training.alignment][INFO] -   align diffusion_aligned @ epoch 1501: cos {'ALIFCell_0.input_weights': '1.163', 'ALIFCell_0.recurrent_weights': '1.229', 'ReadOut_0.readout_weights': '0.000'}
[2026-06-02 22:10:27,174][src.modRNN.training.alignment][INFO] -   align diffusion_per_step @ epoch 1501: cos {'ALIFCell_0.input_weights': '1.202', 'ALIFCell_0.recurrent_weights': '1.254', 'ReadOut_0.readout_weights': '0.000'}
[2026-06-02 22:10:27,489][src.modRNN.training.alignment][INFO] -   align diffusion_fixed @ epoch 1501: cos {'ALIFCell_0.input_weights': '1.256', 'ALIFCell_0.recurrent_weights': '1.295', 'ReadOut_0.readout_weights': '0.000'}
[2026-06-02 22:10:35,279][src.modRNN.training.alignment][INFO] - epoch 1525  train loss=0.0122  (rule: diffusion)
[2026-06-02 22:10:43,378][src.modRNN.training.alignment][INFO] - epoch 1550  train loss=0.0082  (rule: diffusion)
[2026-06-02 22:10:43,911][src.modRNN.training.alignment][INFO] -   align BPTT @ epoch 1551: cos {'ALIFCell_0.input_weights': '0.000', 'ALIFCell_0.recurrent_weights': '0.000', 'ReadOut_0.readout_weights': '0.000'}
[2026-06-02 22:10:44,183][src.modRNN.training.alignment][INFO] -   align eprop @ epoch 1551: cos {'ALIFCell_0.input_weights': '1.019', 'ALIFCell_0.recurrent_weights': '1.006', 'ReadOut_0.readout_weights': '0.000'}
[2026-06-02 22:10:44,499][src.modRNN.training.alignment][INFO] -   align diffusion_aligned @ epoch 1551: cos {'ALIFCell_0.input_weights': '0.939', 'ALIFCell_0.recurrent_weights': '0.939', 'ReadOut_0.readout_weights': '0.000'}
[2026-06-02 22:10:44,964][src.modRNN.training.alignment][INFO] -   align diffusion_per_step @ epoch 1551: cos {'ALIFCell_0.input_weights': '0.945', 'ALIFCell_0.recurrent_weights': '0.941', 'ReadOut_0.readout_weights': '0.000'}
[2026-06-02 22:10:45,278][src.modRNN.training.alignment][INFO] -   align diffusion_fixed @ epoch 1551: cos {'ALIFCell_0.input_weights': '1.034', 'ALIFCell_0.recurrent_weights': '1.039', 'ReadOut_0.readout_weights': '0.000'}
[2026-06-02 22:10:53,030][src.modRNN.training.alignment][INFO] - epoch 1575  train loss=0.0110  (rule: diffusion)
[2026-06-02 22:11:01,093][src.modRNN.training.alignment][INFO] - epoch 1600  train loss=0.0142  (rule: diffusion)
[2026-06-02 22:11:01,630][src.modRNN.training.alignment][INFO] -   align BPTT @ epoch 1601: cos {'ALIFCell_0.input_weights': '0.000', 'ALIFCell_0.recurrent_weights': '0.000', 'ReadOut_0.readout_weights': '0.000'}
[2026-06-02 22:11:01,901][src.modRNN.training.alignment][INFO] -   align eprop @ epoch 1601: cos {'ALIFCell_0.input_weights': '1.033', 'ALIFCell_0.recurrent_weights': '0.936', 'ReadOut_0.readout_weights': '0.000'}
[2026-06-02 22:11:02,217][src.modRNN.training.alignment][INFO] -   align diffusion_aligned @ epoch 1601: cos {'ALIFCell_0.input_weights': '0.945', 'ALIFCell_0.recurrent_weights': '0.894', 'ReadOut_0.readout_weights': '0.000'}
[2026-06-02 22:11:02,683][src.modRNN.training.alignment][INFO] -   align diffusion_per_step @ epoch 1601: cos {'ALIFCell_0.input_weights': '0.977', 'ALIFCell_0.recurrent_weights': '0.887', 'ReadOut_0.readout_weights': '0.000'}
[2026-06-02 22:11:02,998][src.modRNN.training.alignment][INFO] -   align diffusion_fixed @ epoch 1601: cos {'ALIFCell_0.input_weights': '1.039', 'ALIFCell_0.recurrent_weights': '0.968', 'ReadOut_0.readout_weights': '0.000'}
[2026-06-02 22:11:10,772][src.modRNN.training.alignment][INFO] - epoch 1625  train loss=0.0062  (rule: diffusion)
[2026-06-02 22:11:18,887][src.modRNN.training.alignment][INFO] - epoch 1650  train loss=0.0066  (rule: diffusion)
[2026-06-02 22:11:19,420][src.modRNN.training.alignment][INFO] -   align BPTT @ epoch 1651: cos {'ALIFCell_0.input_weights': '0.000', 'ALIFCell_0.recurrent_weights': '0.000', 'ReadOut_0.readout_weights': '0.000'}
[2026-06-02 22:11:19,694][src.modRNN.training.alignment][INFO] -   align eprop @ epoch 1651: cos {'ALIFCell_0.input_weights': '1.026', 'ALIFCell_0.recurrent_weights': '1.003', 'ReadOut_0.readout_weights': '0.000'}
[2026-06-02 22:11:20,011][src.modRNN.training.alignment][INFO] -   align diffusion_aligned @ epoch 1651: cos {'ALIFCell_0.input_weights': '0.962', 'ALIFCell_0.recurrent_weights': '0.958', 'ReadOut_0.readout_weights': '0.000'}
[2026-06-02 22:11:20,478][src.modRNN.training.alignment][INFO] -   align diffusion_per_step @ epoch 1651: cos {'ALIFCell_0.input_weights': '0.960', 'ALIFCell_0.recurrent_weights': '0.939', 'ReadOut_0.readout_weights': '0.000'}
[2026-06-02 22:11:20,790][src.modRNN.training.alignment][INFO] -   align diffusion_fixed @ epoch 1651: cos {'ALIFCell_0.input_weights': '1.064', 'ALIFCell_0.recurrent_weights': '1.050', 'ReadOut_0.readout_weights': '0.000'}
[2026-06-02 22:11:28,585][src.modRNN.training.alignment][INFO] - epoch 1675  train loss=0.0072  (rule: diffusion)
[2026-06-02 22:11:36,669][src.modRNN.training.alignment][INFO] - epoch 1700  train loss=0.0064  (rule: diffusion)
[2026-06-02 22:11:37,200][src.modRNN.training.alignment][INFO] -   align BPTT @ epoch 1701: cos {'ALIFCell_0.input_weights': '0.000', 'ALIFCell_0.recurrent_weights': '0.000', 'ReadOut_0.readout_weights': '0.000'}
[2026-06-02 22:11:37,473][src.modRNN.training.alignment][INFO] -   align eprop @ epoch 1701: cos {'ALIFCell_0.input_weights': '1.076', 'ALIFCell_0.recurrent_weights': '1.111', 'ReadOut_0.readout_weights': '0.000'}
[2026-06-02 22:11:37,791][src.modRNN.training.alignment][INFO] -   align diffusion_aligned @ epoch 1701: cos {'ALIFCell_0.input_weights': '1.009', 'ALIFCell_0.recurrent_weights': '1.054', 'ReadOut_0.readout_weights': '0.000'}
[2026-06-02 22:11:38,257][src.modRNN.training.alignment][INFO] -   align diffusion_per_step @ epoch 1701: cos {'ALIFCell_0.input_weights': '1.005', 'ALIFCell_0.recurrent_weights': '1.039', 'ReadOut_0.readout_weights': '0.000'}
[2026-06-02 22:11:38,570][src.modRNN.training.alignment][INFO] -   align diffusion_fixed @ epoch 1701: cos {'ALIFCell_0.input_weights': '1.094', 'ALIFCell_0.recurrent_weights': '1.128', 'ReadOut_0.readout_weights': '0.000'}
[2026-06-02 22:11:46,338][src.modRNN.training.alignment][INFO] - epoch 1725  train loss=0.0077  (rule: diffusion)
[2026-06-02 22:11:54,459][src.modRNN.training.alignment][INFO] - epoch 1750  train loss=0.0057  (rule: diffusion)
[2026-06-02 22:11:54,991][src.modRNN.training.alignment][INFO] -   align BPTT @ epoch 1751: cos {'ALIFCell_0.input_weights': '0.000', 'ALIFCell_0.recurrent_weights': '0.000', 'ReadOut_0.readout_weights': '0.000'}
[2026-06-02 22:11:55,264][src.modRNN.training.alignment][INFO] -   align eprop @ epoch 1751: cos {'ALIFCell_0.input_weights': '1.041', 'ALIFCell_0.recurrent_weights': '1.032', 'ReadOut_0.readout_weights': '0.000'}
[2026-06-02 22:11:55,581][src.modRNN.training.alignment][INFO] -   align diffusion_aligned @ epoch 1751: cos {'ALIFCell_0.input_weights': '0.943', 'ALIFCell_0.recurrent_weights': '0.948', 'ReadOut_0.readout_weights': '0.000'}
[2026-06-02 22:11:56,045][src.modRNN.training.alignment][INFO] -   align diffusion_per_step @ epoch 1751: cos {'ALIFCell_0.input_weights': '0.970', 'ALIFCell_0.recurrent_weights': '0.967', 'ReadOut_0.readout_weights': '0.000'}
[2026-06-02 22:11:56,359][src.modRNN.training.alignment][INFO] -   align diffusion_fixed @ epoch 1751: cos {'ALIFCell_0.input_weights': '1.052', 'ALIFCell_0.recurrent_weights': '1.052', 'ReadOut_0.readout_weights': '0.000'}
[2026-06-02 22:12:04,188][src.modRNN.training.alignment][INFO] - epoch 1775  train loss=0.0082  (rule: diffusion)
[2026-06-02 22:12:12,296][src.modRNN.training.alignment][INFO] - epoch 1800  train loss=0.0051  (rule: diffusion)
[2026-06-02 22:12:12,830][src.modRNN.training.alignment][INFO] -   align BPTT @ epoch 1801: cos {'ALIFCell_0.input_weights': '0.000', 'ALIFCell_0.recurrent_weights': '0.000', 'ReadOut_0.readout_weights': '0.000'}
[2026-06-02 22:12:13,102][src.modRNN.training.alignment][INFO] -   align eprop @ epoch 1801: cos {'ALIFCell_0.input_weights': '1.021', 'ALIFCell_0.recurrent_weights': '0.995', 'ReadOut_0.readout_weights': '0.000'}
[2026-06-02 22:12:13,421][src.modRNN.training.alignment][INFO] -   align diffusion_aligned @ epoch 1801: cos {'ALIFCell_0.input_weights': '0.938', 'ALIFCell_0.recurrent_weights': '0.912', 'ReadOut_0.readout_weights': '0.000'}
[2026-06-02 22:12:13,890][src.modRNN.training.alignment][INFO] -   align diffusion_per_step @ epoch 1801: cos {'ALIFCell_0.input_weights': '0.946', 'ALIFCell_0.recurrent_weights': '0.930', 'ReadOut_0.readout_weights': '0.000'}
[2026-06-02 22:12:14,204][src.modRNN.training.alignment][INFO] -   align diffusion_fixed @ epoch 1801: cos {'ALIFCell_0.input_weights': '1.047', 'ALIFCell_0.recurrent_weights': '1.038', 'ReadOut_0.readout_weights': '0.000'}
[2026-06-02 22:12:22,012][src.modRNN.training.alignment][INFO] - epoch 1825  train loss=0.0044  (rule: diffusion)
[2026-06-02 22:12:30,139][src.modRNN.training.alignment][INFO] - epoch 1850  train loss=0.0049  (rule: diffusion)
[2026-06-02 22:12:30,674][src.modRNN.training.alignment][INFO] -   align BPTT @ epoch 1851: cos {'ALIFCell_0.input_weights': '0.000', 'ALIFCell_0.recurrent_weights': '0.000', 'ReadOut_0.readout_weights': '0.000'}
[2026-06-02 22:12:30,946][src.modRNN.training.alignment][INFO] -   align eprop @ epoch 1851: cos {'ALIFCell_0.input_weights': '0.994', 'ALIFCell_0.recurrent_weights': '0.968', 'ReadOut_0.readout_weights': '0.000'}
[2026-06-02 22:12:31,267][src.modRNN.training.alignment][INFO] -   align diffusion_aligned @ epoch 1851: cos {'ALIFCell_0.input_weights': '0.905', 'ALIFCell_0.recurrent_weights': '0.899', 'ReadOut_0.readout_weights': '0.000'}
[2026-06-02 22:12:31,733][src.modRNN.training.alignment][INFO] -   align diffusion_per_step @ epoch 1851: cos {'ALIFCell_0.input_weights': '0.922', 'ALIFCell_0.recurrent_weights': '0.905', 'ReadOut_0.readout_weights': '0.000'}
[2026-06-02 22:12:32,046][src.modRNN.training.alignment][INFO] -   align diffusion_fixed @ epoch 1851: cos {'ALIFCell_0.input_weights': '1.008', 'ALIFCell_0.recurrent_weights': '1.006', 'ReadOut_0.readout_weights': '0.000'}
[2026-06-02 22:12:39,798][src.modRNN.training.alignment][INFO] - epoch 1875  train loss=0.0056  (rule: diffusion)
[2026-06-02 22:12:47,881][src.modRNN.training.alignment][INFO] - epoch 1900  train loss=0.0043  (rule: diffusion)
[2026-06-02 22:12:48,414][src.modRNN.training.alignment][INFO] -   align BPTT @ epoch 1901: cos {'ALIFCell_0.input_weights': '0.000', 'ALIFCell_0.recurrent_weights': '0.000', 'ReadOut_0.readout_weights': '0.000'}
[2026-06-02 22:12:48,685][src.modRNN.training.alignment][INFO] -   align eprop @ epoch 1901: cos {'ALIFCell_0.input_weights': '1.138', 'ALIFCell_0.recurrent_weights': '1.176', 'ReadOut_0.readout_weights': '0.000'}
[2026-06-02 22:12:49,002][src.modRNN.training.alignment][INFO] -   align diffusion_aligned @ epoch 1901: cos {'ALIFCell_0.input_weights': '1.083', 'ALIFCell_0.recurrent_weights': '1.118', 'ReadOut_0.readout_weights': '0.000'}
[2026-06-02 22:12:49,467][src.modRNN.training.alignment][INFO] -   align diffusion_per_step @ epoch 1901: cos {'ALIFCell_0.input_weights': '1.103', 'ALIFCell_0.recurrent_weights': '1.155', 'ReadOut_0.readout_weights': '0.000'}
[2026-06-02 22:12:49,781][src.modRNN.training.alignment][INFO] -   align diffusion_fixed @ epoch 1901: cos {'ALIFCell_0.input_weights': '1.157', 'ALIFCell_0.recurrent_weights': '1.214', 'ReadOut_0.readout_weights': '0.000'}
[2026-06-02 22:12:57,546][src.modRNN.training.alignment][INFO] - epoch 1925  train loss=0.0098  (rule: diffusion)
[2026-06-02 22:13:05,668][src.modRNN.training.alignment][INFO] - epoch 1950  train loss=0.0064  (rule: diffusion)
[2026-06-02 22:13:06,203][src.modRNN.training.alignment][INFO] -   align BPTT @ epoch 1951: cos {'ALIFCell_0.input_weights': '0.000', 'ALIFCell_0.recurrent_weights': '0.000', 'ReadOut_0.readout_weights': '0.000'}
[2026-06-02 22:13:06,477][src.modRNN.training.alignment][INFO] -   align eprop @ epoch 1951: cos {'ALIFCell_0.input_weights': '1.042', 'ALIFCell_0.recurrent_weights': '1.009', 'ReadOut_0.readout_weights': '0.000'}
[2026-06-02 22:13:06,799][src.modRNN.training.alignment][INFO] -   align diffusion_aligned @ epoch 1951: cos {'ALIFCell_0.input_weights': '0.950', 'ALIFCell_0.recurrent_weights': '0.942', 'ReadOut_0.readout_weights': '0.000'}
[2026-06-02 22:13:07,266][src.modRNN.training.alignment][INFO] -   align diffusion_per_step @ epoch 1951: cos {'ALIFCell_0.input_weights': '0.983', 'ALIFCell_0.recurrent_weights': '0.962', 'ReadOut_0.readout_weights': '0.000'}
[2026-06-02 22:13:07,580][src.modRNN.training.alignment][INFO] -   align diffusion_fixed @ epoch 1951: cos {'ALIFCell_0.input_weights': '1.047', 'ALIFCell_0.recurrent_weights': '1.033', 'ReadOut_0.readout_weights': '0.000'}
[2026-06-02 22:13:15,399][src.modRNN.training.alignment][INFO] - epoch 1975  train loss=0.0068  (rule: diffusion)
[2026-06-02 22:13:23,555][src.modRNN.training.alignment][INFO] - epoch 2000  train loss=0.0041  (rule: diffusion)
[2026-06-02 22:13:24,094][src.modRNN.training.alignment][INFO] -   align BPTT @ epoch 2001: cos {'ALIFCell_0.input_weights': '0.000', 'ALIFCell_0.recurrent_weights': '0.000', 'ReadOut_0.readout_weights': '0.000'}
[2026-06-02 22:13:24,369][src.modRNN.training.alignment][INFO] -   align eprop @ epoch 2001: cos {'ALIFCell_0.input_weights': '1.014', 'ALIFCell_0.recurrent_weights': '0.994', 'ReadOut_0.readout_weights': '0.000'}
[2026-06-02 22:13:24,687][src.modRNN.training.alignment][INFO] -   align diffusion_aligned @ epoch 2001: cos {'ALIFCell_0.input_weights': '0.943', 'ALIFCell_0.recurrent_weights': '0.917', 'ReadOut_0.readout_weights': '0.000'}
[2026-06-02 22:13:25,154][src.modRNN.training.alignment][INFO] -   align diffusion_per_step @ epoch 2001: cos {'ALIFCell_0.input_weights': '0.942', 'ALIFCell_0.recurrent_weights': '0.925', 'ReadOut_0.readout_weights': '0.000'}
[2026-06-02 22:13:25,469][src.modRNN.training.alignment][INFO] -   align diffusion_fixed @ epoch 2001: cos {'ALIFCell_0.input_weights': '1.031', 'ALIFCell_0.recurrent_weights': '1.040', 'ReadOut_0.readout_weights': '0.000'}
[2026-06-02 22:13:25,497][src.modRNN.training.alignment][INFO] - Alignment experiment finished. Output dir: /mnt/lustre/work/martius/mot736/neuromodRNN/outputs/pattern_generation/align_nn_connectivity_diffusion_aligned/seed_745524
