[2026-06-02 18:05:11,795][jax._src.xla_bridge][INFO] - Unable to initialize backend 'rocm': module 'jaxlib.xla_extension' has no attribute 'GpuAllocatorConfig'
[2026-06-02 18:05:11,796][jax._src.xla_bridge][INFO] - Unable to initialize backend 'tpu': INTERNAL: Failed to open libtpu.so: libtpu.so: cannot open shared object file: No such file or directory
[2026-06-02 18:05:19,387][src.modRNN.training.alignment][INFO] - Starting alignment experiment: training with diffusion, measuring alignment of ['BPTT', 'eprop', 'diffusion_aligned', 'diffusion_per_step', 'diffusion_fixed'] every 50 epochs.
[2026-06-02 18:05:22,901][src.modRNN.training.alignment][INFO] - epoch 1  train loss=0.6932  (rule: diffusion)
[2026-06-02 18:05:24,848][src.modRNN.training.alignment][INFO] -   align BPTT @ epoch 1: cos {'ALIFCell_0.input_weights': '0.000', 'ALIFCell_0.recurrent_weights': '0.000', 'ReadOut_0.readout_weights': '0.000'}
[2026-06-02 18:05:26,204][src.modRNN.training.alignment][INFO] -   align eprop @ epoch 1: cos {'ALIFCell_0.input_weights': '0.332', 'ALIFCell_0.recurrent_weights': '0.269', 'ReadOut_0.readout_weights': '0.000'}
[2026-06-02 18:05:27,930][src.modRNN.training.alignment][INFO] -   align diffusion_aligned @ epoch 1: cos {'ALIFCell_0.input_weights': '0.507', 'ALIFCell_0.recurrent_weights': '0.422', 'ReadOut_0.readout_weights': '0.000'}
[2026-06-02 18:05:31,568][src.modRNN.training.alignment][INFO] -   align diffusion_per_step @ epoch 1: cos {'ALIFCell_0.input_weights': '0.472', 'ALIFCell_0.recurrent_weights': '0.333', 'ReadOut_0.readout_weights': '0.000'}
[2026-06-02 18:05:33,224][src.modRNN.training.alignment][INFO] -   align diffusion_fixed @ epoch 1: cos {'ALIFCell_0.input_weights': '0.514', 'ALIFCell_0.recurrent_weights': '0.293', 'ReadOut_0.readout_weights': '0.000'}
[2026-06-02 18:05:50,390][src.modRNN.training.alignment][INFO] - epoch 25  train loss=0.6932  (rule: diffusion)
[2026-06-02 18:06:08,364][src.modRNN.training.alignment][INFO] - epoch 50  train loss=0.6931  (rule: diffusion)
[2026-06-02 18:06:09,839][src.modRNN.training.alignment][INFO] -   align BPTT @ epoch 51: cos {'ALIFCell_0.input_weights': '0.000', 'ALIFCell_0.recurrent_weights': '0.000', 'ReadOut_0.readout_weights': '0.000'}
[2026-06-02 18:06:10,384][src.modRNN.training.alignment][INFO] -   align eprop @ epoch 51: cos {'ALIFCell_0.input_weights': '0.454', 'ALIFCell_0.recurrent_weights': '0.738', 'ReadOut_0.readout_weights': '0.000'}
[2026-06-02 18:06:11,057][src.modRNN.training.alignment][INFO] -   align diffusion_aligned @ epoch 51: cos {'ALIFCell_0.input_weights': '0.954', 'ALIFCell_0.recurrent_weights': '0.653', 'ReadOut_0.readout_weights': '0.000'}
[2026-06-02 18:06:12,194][src.modRNN.training.alignment][INFO] -   align diffusion_per_step @ epoch 51: cos {'ALIFCell_0.input_weights': '0.611', 'ALIFCell_0.recurrent_weights': '0.755', 'ReadOut_0.readout_weights': '0.000'}
[2026-06-02 18:06:12,851][src.modRNN.training.alignment][INFO] -   align diffusion_fixed @ epoch 51: cos {'ALIFCell_0.input_weights': '0.745', 'ALIFCell_0.recurrent_weights': '0.898', 'ReadOut_0.readout_weights': '0.000'}
[2026-06-02 18:06:30,139][src.modRNN.training.alignment][INFO] - epoch 75  train loss=0.6931  (rule: diffusion)
[2026-06-02 18:06:48,112][src.modRNN.training.alignment][INFO] - epoch 100  train loss=0.6931  (rule: diffusion)
[2026-06-02 18:06:49,587][src.modRNN.training.alignment][INFO] -   align BPTT @ epoch 101: cos {'ALIFCell_0.input_weights': '0.000', 'ALIFCell_0.recurrent_weights': '0.000', 'ReadOut_0.readout_weights': '0.000'}
[2026-06-02 18:06:50,135][src.modRNN.training.alignment][INFO] -   align eprop @ epoch 101: cos {'ALIFCell_0.input_weights': '0.739', 'ALIFCell_0.recurrent_weights': '0.810', 'ReadOut_0.readout_weights': '0.000'}
[2026-06-02 18:06:50,811][src.modRNN.training.alignment][INFO] -   align diffusion_aligned @ epoch 101: cos {'ALIFCell_0.input_weights': '0.860', 'ALIFCell_0.recurrent_weights': '0.808', 'ReadOut_0.readout_weights': '0.000'}
[2026-06-02 18:06:51,954][src.modRNN.training.alignment][INFO] -   align diffusion_per_step @ epoch 101: cos {'ALIFCell_0.input_weights': '0.789', 'ALIFCell_0.recurrent_weights': '0.799', 'ReadOut_0.readout_weights': '0.000'}
[2026-06-02 18:06:52,614][src.modRNN.training.alignment][INFO] -   align diffusion_fixed @ epoch 101: cos {'ALIFCell_0.input_weights': '0.835', 'ALIFCell_0.recurrent_weights': '0.875', 'ReadOut_0.readout_weights': '0.000'}
[2026-06-02 18:07:09,902][src.modRNN.training.alignment][INFO] - epoch 125  train loss=0.6923  (rule: diffusion)
[2026-06-02 18:07:27,924][src.modRNN.training.alignment][INFO] - epoch 150  train loss=0.6790  (rule: diffusion)
[2026-06-02 18:07:29,402][src.modRNN.training.alignment][INFO] -   align BPTT @ epoch 151: cos {'ALIFCell_0.input_weights': '0.000', 'ALIFCell_0.recurrent_weights': '0.000', 'ReadOut_0.readout_weights': '0.000'}
[2026-06-02 18:07:29,950][src.modRNN.training.alignment][INFO] -   align eprop @ epoch 151: cos {'ALIFCell_0.input_weights': '0.843', 'ALIFCell_0.recurrent_weights': '0.907', 'ReadOut_0.readout_weights': '0.000'}
[2026-06-02 18:07:30,625][src.modRNN.training.alignment][INFO] -   align diffusion_aligned @ epoch 151: cos {'ALIFCell_0.input_weights': '0.786', 'ALIFCell_0.recurrent_weights': '0.765', 'ReadOut_0.readout_weights': '0.000'}
[2026-06-02 18:07:31,770][src.modRNN.training.alignment][INFO] -   align diffusion_per_step @ epoch 151: cos {'ALIFCell_0.input_weights': '0.815', 'ALIFCell_0.recurrent_weights': '0.849', 'ReadOut_0.readout_weights': '0.000'}
[2026-06-02 18:07:32,431][src.modRNN.training.alignment][INFO] -   align diffusion_fixed @ epoch 151: cos {'ALIFCell_0.input_weights': '0.788', 'ALIFCell_0.recurrent_weights': '0.872', 'ReadOut_0.readout_weights': '0.000'}
[2026-06-02 18:07:49,802][src.modRNN.training.alignment][INFO] - epoch 175  train loss=0.6311  (rule: diffusion)
[2026-06-02 18:08:07,941][src.modRNN.training.alignment][INFO] - epoch 200  train loss=0.5248  (rule: diffusion)
[2026-06-02 18:08:09,431][src.modRNN.training.alignment][INFO] -   align BPTT @ epoch 201: cos {'ALIFCell_0.input_weights': '0.000', 'ALIFCell_0.recurrent_weights': '0.000', 'ReadOut_0.readout_weights': '0.000'}
[2026-06-02 18:08:09,982][src.modRNN.training.alignment][INFO] -   align eprop @ epoch 201: cos {'ALIFCell_0.input_weights': '0.715', 'ALIFCell_0.recurrent_weights': '0.882', 'ReadOut_0.readout_weights': '0.000'}
[2026-06-02 18:08:10,661][src.modRNN.training.alignment][INFO] -   align diffusion_aligned @ epoch 201: cos {'ALIFCell_0.input_weights': '0.752', 'ALIFCell_0.recurrent_weights': '0.840', 'ReadOut_0.readout_weights': '0.000'}
[2026-06-02 18:08:11,813][src.modRNN.training.alignment][INFO] -   align diffusion_per_step @ epoch 201: cos {'ALIFCell_0.input_weights': '0.768', 'ALIFCell_0.recurrent_weights': '0.933', 'ReadOut_0.readout_weights': '0.000'}
[2026-06-02 18:08:12,479][src.modRNN.training.alignment][INFO] -   align diffusion_fixed @ epoch 201: cos {'ALIFCell_0.input_weights': '0.794', 'ALIFCell_0.recurrent_weights': '0.987', 'ReadOut_0.readout_weights': '0.000'}
[2026-06-02 18:08:29,958][src.modRNN.training.alignment][INFO] - epoch 225  train loss=0.5123  (rule: diffusion)
[2026-06-02 18:08:48,101][src.modRNN.training.alignment][INFO] - epoch 250  train loss=0.4377  (rule: diffusion)
[2026-06-02 18:08:49,591][src.modRNN.training.alignment][INFO] -   align BPTT @ epoch 251: cos {'ALIFCell_0.input_weights': '0.000', 'ALIFCell_0.recurrent_weights': '0.000', 'ReadOut_0.readout_weights': '0.000'}
[2026-06-02 18:08:50,141][src.modRNN.training.alignment][INFO] -   align eprop @ epoch 251: cos {'ALIFCell_0.input_weights': '0.932', 'ALIFCell_0.recurrent_weights': '0.927', 'ReadOut_0.readout_weights': '0.000'}
[2026-06-02 18:08:50,825][src.modRNN.training.alignment][INFO] -   align diffusion_aligned @ epoch 251: cos {'ALIFCell_0.input_weights': '0.935', 'ALIFCell_0.recurrent_weights': '1.042', 'ReadOut_0.readout_weights': '0.000'}
[2026-06-02 18:08:51,978][src.modRNN.training.alignment][INFO] -   align diffusion_per_step @ epoch 251: cos {'ALIFCell_0.input_weights': '0.983', 'ALIFCell_0.recurrent_weights': '0.990', 'ReadOut_0.readout_weights': '0.000'}
[2026-06-02 18:08:52,650][src.modRNN.training.alignment][INFO] -   align diffusion_fixed @ epoch 251: cos {'ALIFCell_0.input_weights': '1.049', 'ALIFCell_0.recurrent_weights': '0.997', 'ReadOut_0.readout_weights': '0.000'}
[2026-06-02 18:09:10,092][src.modRNN.training.alignment][INFO] - epoch 275  train loss=0.4744  (rule: diffusion)
[2026-06-02 18:09:28,288][src.modRNN.training.alignment][INFO] - epoch 300  train loss=0.5251  (rule: diffusion)
[2026-06-02 18:09:29,779][src.modRNN.training.alignment][INFO] -   align BPTT @ epoch 301: cos {'ALIFCell_0.input_weights': '0.000', 'ALIFCell_0.recurrent_weights': '0.000', 'ReadOut_0.readout_weights': '0.000'}
[2026-06-02 18:09:30,329][src.modRNN.training.alignment][INFO] -   align eprop @ epoch 301: cos {'ALIFCell_0.input_weights': '1.270', 'ALIFCell_0.recurrent_weights': '1.019', 'ReadOut_0.readout_weights': '0.000'}
[2026-06-02 18:09:31,012][src.modRNN.training.alignment][INFO] -   align diffusion_aligned @ epoch 301: cos {'ALIFCell_0.input_weights': '1.225', 'ALIFCell_0.recurrent_weights': '1.051', 'ReadOut_0.readout_weights': '0.000'}
[2026-06-02 18:09:32,164][src.modRNN.training.alignment][INFO] -   align diffusion_per_step @ epoch 301: cos {'ALIFCell_0.input_weights': '1.261', 'ALIFCell_0.recurrent_weights': '1.096', 'ReadOut_0.readout_weights': '0.000'}
[2026-06-02 18:09:32,832][src.modRNN.training.alignment][INFO] -   align diffusion_fixed @ epoch 301: cos {'ALIFCell_0.input_weights': '1.278', 'ALIFCell_0.recurrent_weights': '1.213', 'ReadOut_0.readout_weights': '0.000'}
[2026-06-02 18:09:50,287][src.modRNN.training.alignment][INFO] - epoch 325  train loss=0.5724  (rule: diffusion)
[2026-06-02 18:10:08,491][src.modRNN.training.alignment][INFO] - epoch 350  train loss=0.2770  (rule: diffusion)
[2026-06-02 18:10:09,983][src.modRNN.training.alignment][INFO] -   align BPTT @ epoch 351: cos {'ALIFCell_0.input_weights': '0.000', 'ALIFCell_0.recurrent_weights': '0.000', 'ReadOut_0.readout_weights': '0.000'}
[2026-06-02 18:10:10,534][src.modRNN.training.alignment][INFO] -   align eprop @ epoch 351: cos {'ALIFCell_0.input_weights': '0.919', 'ALIFCell_0.recurrent_weights': '0.804', 'ReadOut_0.readout_weights': '0.000'}
[2026-06-02 18:10:11,216][src.modRNN.training.alignment][INFO] -   align diffusion_aligned @ epoch 351: cos {'ALIFCell_0.input_weights': '0.870', 'ALIFCell_0.recurrent_weights': '0.796', 'ReadOut_0.readout_weights': '0.000'}
[2026-06-02 18:10:12,368][src.modRNN.training.alignment][INFO] -   align diffusion_per_step @ epoch 351: cos {'ALIFCell_0.input_weights': '0.886', 'ALIFCell_0.recurrent_weights': '0.784', 'ReadOut_0.readout_weights': '0.000'}
[2026-06-02 18:10:13,036][src.modRNN.training.alignment][INFO] -   align diffusion_fixed @ epoch 351: cos {'ALIFCell_0.input_weights': '0.859', 'ALIFCell_0.recurrent_weights': '0.766', 'ReadOut_0.readout_weights': '0.000'}
[2026-06-02 18:10:30,511][src.modRNN.training.alignment][INFO] - epoch 375  train loss=0.5809  (rule: diffusion)
[2026-06-02 18:10:48,672][src.modRNN.training.alignment][INFO] - epoch 400  train loss=0.4237  (rule: diffusion)
[2026-06-02 18:10:50,161][src.modRNN.training.alignment][INFO] -   align BPTT @ epoch 401: cos {'ALIFCell_0.input_weights': '0.000', 'ALIFCell_0.recurrent_weights': '0.000', 'ReadOut_0.readout_weights': '0.000'}
[2026-06-02 18:10:50,711][src.modRNN.training.alignment][INFO] -   align eprop @ epoch 401: cos {'ALIFCell_0.input_weights': '0.947', 'ALIFCell_0.recurrent_weights': '0.750', 'ReadOut_0.readout_weights': '0.000'}
[2026-06-02 18:10:51,392][src.modRNN.training.alignment][INFO] -   align diffusion_aligned @ epoch 401: cos {'ALIFCell_0.input_weights': '0.956', 'ALIFCell_0.recurrent_weights': '0.763', 'ReadOut_0.readout_weights': '0.000'}
[2026-06-02 18:10:52,546][src.modRNN.training.alignment][INFO] -   align diffusion_per_step @ epoch 401: cos {'ALIFCell_0.input_weights': '0.960', 'ALIFCell_0.recurrent_weights': '0.757', 'ReadOut_0.readout_weights': '0.000'}
[2026-06-02 18:10:53,211][src.modRNN.training.alignment][INFO] -   align diffusion_fixed @ epoch 401: cos {'ALIFCell_0.input_weights': '0.956', 'ALIFCell_0.recurrent_weights': '0.763', 'ReadOut_0.readout_weights': '0.000'}
[2026-06-02 18:11:10,682][src.modRNN.training.alignment][INFO] - epoch 425  train loss=0.3520  (rule: diffusion)
[2026-06-02 18:11:28,907][src.modRNN.training.alignment][INFO] - epoch 450  train loss=0.2435  (rule: diffusion)
[2026-06-02 18:11:30,399][src.modRNN.training.alignment][INFO] -   align BPTT @ epoch 451: cos {'ALIFCell_0.input_weights': '0.000', 'ALIFCell_0.recurrent_weights': '0.000', 'ReadOut_0.readout_weights': '0.000'}
[2026-06-02 18:11:30,951][src.modRNN.training.alignment][INFO] -   align eprop @ epoch 451: cos {'ALIFCell_0.input_weights': '1.488', 'ALIFCell_0.recurrent_weights': '1.373', 'ReadOut_0.readout_weights': '0.000'}
[2026-06-02 18:11:31,632][src.modRNN.training.alignment][INFO] -   align diffusion_aligned @ epoch 451: cos {'ALIFCell_0.input_weights': '1.485', 'ALIFCell_0.recurrent_weights': '1.364', 'ReadOut_0.readout_weights': '0.000'}
[2026-06-02 18:11:32,789][src.modRNN.training.alignment][INFO] -   align diffusion_per_step @ epoch 451: cos {'ALIFCell_0.input_weights': '1.489', 'ALIFCell_0.recurrent_weights': '1.368', 'ReadOut_0.readout_weights': '0.000'}
[2026-06-02 18:11:33,455][src.modRNN.training.alignment][INFO] -   align diffusion_fixed @ epoch 451: cos {'ALIFCell_0.input_weights': '1.491', 'ALIFCell_0.recurrent_weights': '1.375', 'ReadOut_0.readout_weights': '0.000'}
[2026-06-02 18:11:50,892][src.modRNN.training.alignment][INFO] - epoch 475  train loss=0.1898  (rule: diffusion)
[2026-06-02 18:12:09,063][src.modRNN.training.alignment][INFO] - epoch 500  train loss=0.1209  (rule: diffusion)
[2026-06-02 18:12:10,555][src.modRNN.training.alignment][INFO] -   align BPTT @ epoch 501: cos {'ALIFCell_0.input_weights': '0.000', 'ALIFCell_0.recurrent_weights': '0.000', 'ReadOut_0.readout_weights': '0.000'}
[2026-06-02 18:12:11,107][src.modRNN.training.alignment][INFO] -   align eprop @ epoch 501: cos {'ALIFCell_0.input_weights': '1.055', 'ALIFCell_0.recurrent_weights': '1.080', 'ReadOut_0.readout_weights': '0.000'}
[2026-06-02 18:12:11,788][src.modRNN.training.alignment][INFO] -   align diffusion_aligned @ epoch 501: cos {'ALIFCell_0.input_weights': '1.106', 'ALIFCell_0.recurrent_weights': '1.327', 'ReadOut_0.readout_weights': '0.000'}
[2026-06-02 18:12:12,940][src.modRNN.training.alignment][INFO] -   align diffusion_per_step @ epoch 501: cos {'ALIFCell_0.input_weights': '1.079', 'ALIFCell_0.recurrent_weights': '1.251', 'ReadOut_0.readout_weights': '0.000'}
[2026-06-02 18:12:13,607][src.modRNN.training.alignment][INFO] -   align diffusion_fixed @ epoch 501: cos {'ALIFCell_0.input_weights': '1.095', 'ALIFCell_0.recurrent_weights': '1.235', 'ReadOut_0.readout_weights': '0.000'}
[2026-06-02 18:12:31,087][src.modRNN.training.alignment][INFO] - epoch 525  train loss=0.1033  (rule: diffusion)
[2026-06-02 18:12:49,246][src.modRNN.training.alignment][INFO] - epoch 550  train loss=0.0896  (rule: diffusion)
[2026-06-02 18:12:50,737][src.modRNN.training.alignment][INFO] -   align BPTT @ epoch 551: cos {'ALIFCell_0.input_weights': '0.000', 'ALIFCell_0.recurrent_weights': '0.000', 'ReadOut_0.readout_weights': '0.000'}
[2026-06-02 18:12:51,289][src.modRNN.training.alignment][INFO] -   align eprop @ epoch 551: cos {'ALIFCell_0.input_weights': '1.051', 'ALIFCell_0.recurrent_weights': '1.190', 'ReadOut_0.readout_weights': '0.000'}
[2026-06-02 18:12:51,971][src.modRNN.training.alignment][INFO] -   align diffusion_aligned @ epoch 551: cos {'ALIFCell_0.input_weights': '0.861', 'ALIFCell_0.recurrent_weights': '1.044', 'ReadOut_0.readout_weights': '0.000'}
[2026-06-02 18:12:53,125][src.modRNN.training.alignment][INFO] -   align diffusion_per_step @ epoch 551: cos {'ALIFCell_0.input_weights': '0.925', 'ALIFCell_0.recurrent_weights': '1.199', 'ReadOut_0.readout_weights': '0.000'}
[2026-06-02 18:12:53,792][src.modRNN.training.alignment][INFO] -   align diffusion_fixed @ epoch 551: cos {'ALIFCell_0.input_weights': '0.936', 'ALIFCell_0.recurrent_weights': '1.111', 'ReadOut_0.readout_weights': '0.000'}
[2026-06-02 18:13:11,326][src.modRNN.training.alignment][INFO] - epoch 575  train loss=0.1174  (rule: diffusion)
[2026-06-02 18:13:29,583][src.modRNN.training.alignment][INFO] - epoch 600  train loss=0.1322  (rule: diffusion)
[2026-06-02 18:13:31,078][src.modRNN.training.alignment][INFO] -   align BPTT @ epoch 601: cos {'ALIFCell_0.input_weights': '0.000', 'ALIFCell_0.recurrent_weights': '0.000', 'ReadOut_0.readout_weights': '0.000'}
[2026-06-02 18:13:31,627][src.modRNN.training.alignment][INFO] -   align eprop @ epoch 601: cos {'ALIFCell_0.input_weights': '1.078', 'ALIFCell_0.recurrent_weights': '1.334', 'ReadOut_0.readout_weights': '0.000'}
[2026-06-02 18:13:32,310][src.modRNN.training.alignment][INFO] -   align diffusion_aligned @ epoch 601: cos {'ALIFCell_0.input_weights': '0.916', 'ALIFCell_0.recurrent_weights': '1.277', 'ReadOut_0.readout_weights': '0.000'}
[2026-06-02 18:13:33,464][src.modRNN.training.alignment][INFO] -   align diffusion_per_step @ epoch 601: cos {'ALIFCell_0.input_weights': '0.998', 'ALIFCell_0.recurrent_weights': '1.461', 'ReadOut_0.readout_weights': '0.000'}
[2026-06-02 18:13:34,131][src.modRNN.training.alignment][INFO] -   align diffusion_fixed @ epoch 601: cos {'ALIFCell_0.input_weights': '1.003', 'ALIFCell_0.recurrent_weights': '1.451', 'ReadOut_0.readout_weights': '0.000'}
[2026-06-02 18:13:51,547][src.modRNN.training.alignment][INFO] - epoch 625  train loss=0.1957  (rule: diffusion)
[2026-06-02 18:14:09,705][src.modRNN.training.alignment][INFO] - epoch 650  train loss=0.1205  (rule: diffusion)
[2026-06-02 18:14:11,194][src.modRNN.training.alignment][INFO] -   align BPTT @ epoch 651: cos {'ALIFCell_0.input_weights': '0.000', 'ALIFCell_0.recurrent_weights': '0.000', 'ReadOut_0.readout_weights': '0.000'}
[2026-06-02 18:14:11,747][src.modRNN.training.alignment][INFO] -   align eprop @ epoch 651: cos {'ALIFCell_0.input_weights': '1.266', 'ALIFCell_0.recurrent_weights': '1.008', 'ReadOut_0.readout_weights': '0.000'}
[2026-06-02 18:14:12,427][src.modRNN.training.alignment][INFO] -   align diffusion_aligned @ epoch 651: cos {'ALIFCell_0.input_weights': '1.171', 'ALIFCell_0.recurrent_weights': '1.000', 'ReadOut_0.readout_weights': '0.000'}
[2026-06-02 18:14:13,580][src.modRNN.training.alignment][INFO] -   align diffusion_per_step @ epoch 651: cos {'ALIFCell_0.input_weights': '1.281', 'ALIFCell_0.recurrent_weights': '1.118', 'ReadOut_0.readout_weights': '0.000'}
[2026-06-02 18:14:14,248][src.modRNN.training.alignment][INFO] -   align diffusion_fixed @ epoch 651: cos {'ALIFCell_0.input_weights': '1.277', 'ALIFCell_0.recurrent_weights': '1.115', 'ReadOut_0.readout_weights': '0.000'}
[2026-06-02 18:14:31,709][src.modRNN.training.alignment][INFO] - epoch 675  train loss=0.0942  (rule: diffusion)
[2026-06-02 18:14:49,851][src.modRNN.training.alignment][INFO] - epoch 700  train loss=0.1394  (rule: diffusion)
[2026-06-02 18:14:51,341][src.modRNN.training.alignment][INFO] -   align BPTT @ epoch 701: cos {'ALIFCell_0.input_weights': '0.000', 'ALIFCell_0.recurrent_weights': '0.000', 'ReadOut_0.readout_weights': '0.000'}
[2026-06-02 18:14:51,895][src.modRNN.training.alignment][INFO] -   align eprop @ epoch 701: cos {'ALIFCell_0.input_weights': '1.210', 'ALIFCell_0.recurrent_weights': '1.406', 'ReadOut_0.readout_weights': '0.000'}
[2026-06-02 18:14:52,577][src.modRNN.training.alignment][INFO] -   align diffusion_aligned @ epoch 701: cos {'ALIFCell_0.input_weights': '1.156', 'ALIFCell_0.recurrent_weights': '1.320', 'ReadOut_0.readout_weights': '0.000'}
[2026-06-02 18:14:53,730][src.modRNN.training.alignment][INFO] -   align diffusion_per_step @ epoch 701: cos {'ALIFCell_0.input_weights': '1.208', 'ALIFCell_0.recurrent_weights': '1.364', 'ReadOut_0.readout_weights': '0.000'}
[2026-06-02 18:14:54,396][src.modRNN.training.alignment][INFO] -   align diffusion_fixed @ epoch 701: cos {'ALIFCell_0.input_weights': '1.232', 'ALIFCell_0.recurrent_weights': '1.398', 'ReadOut_0.readout_weights': '0.000'}
[2026-06-02 18:15:11,828][src.modRNN.training.alignment][INFO] - epoch 725  train loss=0.0721  (rule: diffusion)
[2026-06-02 18:15:30,019][src.modRNN.training.alignment][INFO] - epoch 750  train loss=0.0640  (rule: diffusion)
[2026-06-02 18:15:31,509][src.modRNN.training.alignment][INFO] -   align BPTT @ epoch 751: cos {'ALIFCell_0.input_weights': '0.000', 'ALIFCell_0.recurrent_weights': '0.000', 'ReadOut_0.readout_weights': '0.000'}
[2026-06-02 18:15:32,063][src.modRNN.training.alignment][INFO] -   align eprop @ epoch 751: cos {'ALIFCell_0.input_weights': '0.932', 'ALIFCell_0.recurrent_weights': '0.827', 'ReadOut_0.readout_weights': '0.000'}
[2026-06-02 18:15:32,745][src.modRNN.training.alignment][INFO] -   align diffusion_aligned @ epoch 751: cos {'ALIFCell_0.input_weights': '0.882', 'ALIFCell_0.recurrent_weights': '0.779', 'ReadOut_0.readout_weights': '0.000'}
[2026-06-02 18:15:33,898][src.modRNN.training.alignment][INFO] -   align diffusion_per_step @ epoch 751: cos {'ALIFCell_0.input_weights': '0.875', 'ALIFCell_0.recurrent_weights': '0.843', 'ReadOut_0.readout_weights': '0.000'}
[2026-06-02 18:15:34,564][src.modRNN.training.alignment][INFO] -   align diffusion_fixed @ epoch 751: cos {'ALIFCell_0.input_weights': '0.927', 'ALIFCell_0.recurrent_weights': '0.904', 'ReadOut_0.readout_weights': '0.000'}
[2026-06-02 18:15:51,971][src.modRNN.training.alignment][INFO] - epoch 775  train loss=0.0485  (rule: diffusion)
[2026-06-02 18:16:10,135][src.modRNN.training.alignment][INFO] - epoch 800  train loss=0.0415  (rule: diffusion)
[2026-06-02 18:16:11,626][src.modRNN.training.alignment][INFO] -   align BPTT @ epoch 801: cos {'ALIFCell_0.input_weights': '0.000', 'ALIFCell_0.recurrent_weights': '0.000', 'ReadOut_0.readout_weights': '0.000'}
[2026-06-02 18:16:12,177][src.modRNN.training.alignment][INFO] -   align eprop @ epoch 801: cos {'ALIFCell_0.input_weights': '0.637', 'ALIFCell_0.recurrent_weights': '1.291', 'ReadOut_0.readout_weights': '0.000'}
[2026-06-02 18:16:12,858][src.modRNN.training.alignment][INFO] -   align diffusion_aligned @ epoch 801: cos {'ALIFCell_0.input_weights': '0.716', 'ALIFCell_0.recurrent_weights': '1.223', 'ReadOut_0.readout_weights': '0.000'}
[2026-06-02 18:16:14,012][src.modRNN.training.alignment][INFO] -   align diffusion_per_step @ epoch 801: cos {'ALIFCell_0.input_weights': '0.609', 'ALIFCell_0.recurrent_weights': '1.262', 'ReadOut_0.readout_weights': '0.000'}
[2026-06-02 18:16:14,679][src.modRNN.training.alignment][INFO] -   align diffusion_fixed @ epoch 801: cos {'ALIFCell_0.input_weights': '0.671', 'ALIFCell_0.recurrent_weights': '1.218', 'ReadOut_0.readout_weights': '0.000'}
[2026-06-02 18:16:32,153][src.modRNN.training.alignment][INFO] - epoch 825  train loss=0.0427  (rule: diffusion)
[2026-06-02 18:16:50,314][src.modRNN.training.alignment][INFO] - epoch 850  train loss=0.0791  (rule: diffusion)
[2026-06-02 18:16:51,803][src.modRNN.training.alignment][INFO] -   align BPTT @ epoch 851: cos {'ALIFCell_0.input_weights': '0.000', 'ALIFCell_0.recurrent_weights': '0.000', 'ReadOut_0.readout_weights': '0.000'}
[2026-06-02 18:16:52,355][src.modRNN.training.alignment][INFO] -   align eprop @ epoch 851: cos {'ALIFCell_0.input_weights': '1.113', 'ALIFCell_0.recurrent_weights': '1.197', 'ReadOut_0.readout_weights': '0.000'}
[2026-06-02 18:16:53,037][src.modRNN.training.alignment][INFO] -   align diffusion_aligned @ epoch 851: cos {'ALIFCell_0.input_weights': '1.030', 'ALIFCell_0.recurrent_weights': '1.079', 'ReadOut_0.readout_weights': '0.000'}
[2026-06-02 18:16:54,191][src.modRNN.training.alignment][INFO] -   align diffusion_per_step @ epoch 851: cos {'ALIFCell_0.input_weights': '0.980', 'ALIFCell_0.recurrent_weights': '1.168', 'ReadOut_0.readout_weights': '0.000'}
[2026-06-02 18:16:54,856][src.modRNN.training.alignment][INFO] -   align diffusion_fixed @ epoch 851: cos {'ALIFCell_0.input_weights': '1.044', 'ALIFCell_0.recurrent_weights': '1.129', 'ReadOut_0.readout_weights': '0.000'}
[2026-06-02 18:17:12,340][src.modRNN.training.alignment][INFO] - epoch 875  train loss=0.0385  (rule: diffusion)
[2026-06-02 18:17:30,576][src.modRNN.training.alignment][INFO] - epoch 900  train loss=0.0481  (rule: diffusion)
[2026-06-02 18:17:32,067][src.modRNN.training.alignment][INFO] -   align BPTT @ epoch 901: cos {'ALIFCell_0.input_weights': '0.000', 'ALIFCell_0.recurrent_weights': '0.000', 'ReadOut_0.readout_weights': '0.000'}
[2026-06-02 18:17:32,617][src.modRNN.training.alignment][INFO] -   align eprop @ epoch 901: cos {'ALIFCell_0.input_weights': '1.094', 'ALIFCell_0.recurrent_weights': '0.818', 'ReadOut_0.readout_weights': '0.000'}
[2026-06-02 18:17:33,298][src.modRNN.training.alignment][INFO] -   align diffusion_aligned @ epoch 901: cos {'ALIFCell_0.input_weights': '0.931', 'ALIFCell_0.recurrent_weights': '0.761', 'ReadOut_0.readout_weights': '0.000'}
[2026-06-02 18:17:34,450][src.modRNN.training.alignment][INFO] -   align diffusion_per_step @ epoch 901: cos {'ALIFCell_0.input_weights': '0.985', 'ALIFCell_0.recurrent_weights': '0.834', 'ReadOut_0.readout_weights': '0.000'}
[2026-06-02 18:17:35,115][src.modRNN.training.alignment][INFO] -   align diffusion_fixed @ epoch 901: cos {'ALIFCell_0.input_weights': '0.995', 'ALIFCell_0.recurrent_weights': '0.884', 'ReadOut_0.readout_weights': '0.000'}
[2026-06-02 18:17:52,554][src.modRNN.training.alignment][INFO] - epoch 925  train loss=0.0341  (rule: diffusion)
[2026-06-02 18:18:10,755][src.modRNN.training.alignment][INFO] - epoch 950  train loss=0.0287  (rule: diffusion)
[2026-06-02 18:18:12,247][src.modRNN.training.alignment][INFO] -   align BPTT @ epoch 951: cos {'ALIFCell_0.input_weights': '0.000', 'ALIFCell_0.recurrent_weights': '0.000', 'ReadOut_0.readout_weights': '0.000'}
[2026-06-02 18:18:12,797][src.modRNN.training.alignment][INFO] -   align eprop @ epoch 951: cos {'ALIFCell_0.input_weights': '0.458', 'ALIFCell_0.recurrent_weights': '0.984', 'ReadOut_0.readout_weights': '0.000'}
[2026-06-02 18:18:13,478][src.modRNN.training.alignment][INFO] -   align diffusion_aligned @ epoch 951: cos {'ALIFCell_0.input_weights': '0.783', 'ALIFCell_0.recurrent_weights': '0.885', 'ReadOut_0.readout_weights': '0.000'}
[2026-06-02 18:18:14,630][src.modRNN.training.alignment][INFO] -   align diffusion_per_step @ epoch 951: cos {'ALIFCell_0.input_weights': '0.505', 'ALIFCell_0.recurrent_weights': '1.032', 'ReadOut_0.readout_weights': '0.000'}
[2026-06-02 18:18:15,297][src.modRNN.training.alignment][INFO] -   align diffusion_fixed @ epoch 951: cos {'ALIFCell_0.input_weights': '0.728', 'ALIFCell_0.recurrent_weights': '1.035', 'ReadOut_0.readout_weights': '0.000'}
[2026-06-02 18:18:32,751][src.modRNN.training.alignment][INFO] - epoch 975  train loss=0.0235  (rule: diffusion)
[2026-06-02 18:18:50,907][src.modRNN.training.alignment][INFO] - epoch 1000  train loss=0.0246  (rule: diffusion)
[2026-06-02 18:18:52,398][src.modRNN.training.alignment][INFO] -   align BPTT @ epoch 1001: cos {'ALIFCell_0.input_weights': '0.000', 'ALIFCell_0.recurrent_weights': '0.000', 'ReadOut_0.readout_weights': '0.000'}
[2026-06-02 18:18:52,949][src.modRNN.training.alignment][INFO] -   align eprop @ epoch 1001: cos {'ALIFCell_0.input_weights': '0.596', 'ALIFCell_0.recurrent_weights': '1.489', 'ReadOut_0.readout_weights': '0.000'}
[2026-06-02 18:18:53,629][src.modRNN.training.alignment][INFO] -   align diffusion_aligned @ epoch 1001: cos {'ALIFCell_0.input_weights': '0.900', 'ALIFCell_0.recurrent_weights': '1.470', 'ReadOut_0.readout_weights': '0.000'}
[2026-06-02 18:18:54,782][src.modRNN.training.alignment][INFO] -   align diffusion_per_step @ epoch 1001: cos {'ALIFCell_0.input_weights': '0.579', 'ALIFCell_0.recurrent_weights': '1.472', 'ReadOut_0.readout_weights': '0.000'}
[2026-06-02 18:18:55,450][src.modRNN.training.alignment][INFO] -   align diffusion_fixed @ epoch 1001: cos {'ALIFCell_0.input_weights': '0.751', 'ALIFCell_0.recurrent_weights': '1.468', 'ReadOut_0.readout_weights': '0.000'}
[2026-06-02 18:19:12,891][src.modRNN.training.alignment][INFO] - epoch 1025  train loss=0.0273  (rule: diffusion)
[2026-06-02 18:19:31,070][src.modRNN.training.alignment][INFO] - epoch 1050  train loss=0.0269  (rule: diffusion)
[2026-06-02 18:19:32,561][src.modRNN.training.alignment][INFO] -   align BPTT @ epoch 1051: cos {'ALIFCell_0.input_weights': '0.000', 'ALIFCell_0.recurrent_weights': '0.000', 'ReadOut_0.readout_weights': '0.000'}
[2026-06-02 18:19:33,111][src.modRNN.training.alignment][INFO] -   align eprop @ epoch 1051: cos {'ALIFCell_0.input_weights': '1.006', 'ALIFCell_0.recurrent_weights': '1.324', 'ReadOut_0.readout_weights': '0.000'}
[2026-06-02 18:19:33,792][src.modRNN.training.alignment][INFO] -   align diffusion_aligned @ epoch 1051: cos {'ALIFCell_0.input_weights': '0.942', 'ALIFCell_0.recurrent_weights': '1.218', 'ReadOut_0.readout_weights': '0.000'}
[2026-06-02 18:19:34,945][src.modRNN.training.alignment][INFO] -   align diffusion_per_step @ epoch 1051: cos {'ALIFCell_0.input_weights': '0.954', 'ALIFCell_0.recurrent_weights': '1.255', 'ReadOut_0.readout_weights': '0.000'}
[2026-06-02 18:19:35,614][src.modRNN.training.alignment][INFO] -   align diffusion_fixed @ epoch 1051: cos {'ALIFCell_0.input_weights': '1.007', 'ALIFCell_0.recurrent_weights': '1.279', 'ReadOut_0.readout_weights': '0.000'}
[2026-06-02 18:19:53,046][src.modRNN.training.alignment][INFO] - epoch 1075  train loss=0.0224  (rule: diffusion)
[2026-06-02 18:20:11,216][src.modRNN.training.alignment][INFO] - epoch 1100  train loss=0.0244  (rule: diffusion)
[2026-06-02 18:20:12,708][src.modRNN.training.alignment][INFO] -   align BPTT @ epoch 1101: cos {'ALIFCell_0.input_weights': '0.000', 'ALIFCell_0.recurrent_weights': '0.000', 'ReadOut_0.readout_weights': '0.000'}
[2026-06-02 18:20:13,259][src.modRNN.training.alignment][INFO] -   align eprop @ epoch 1101: cos {'ALIFCell_0.input_weights': '1.050', 'ALIFCell_0.recurrent_weights': '0.878', 'ReadOut_0.readout_weights': '0.000'}
[2026-06-02 18:20:13,940][src.modRNN.training.alignment][INFO] -   align diffusion_aligned @ epoch 1101: cos {'ALIFCell_0.input_weights': '0.939', 'ALIFCell_0.recurrent_weights': '0.848', 'ReadOut_0.readout_weights': '0.000'}
[2026-06-02 18:20:15,095][src.modRNN.training.alignment][INFO] -   align diffusion_per_step @ epoch 1101: cos {'ALIFCell_0.input_weights': '1.011', 'ALIFCell_0.recurrent_weights': '0.920', 'ReadOut_0.readout_weights': '0.000'}
[2026-06-02 18:20:15,763][src.modRNN.training.alignment][INFO] -   align diffusion_fixed @ epoch 1101: cos {'ALIFCell_0.input_weights': '0.930', 'ALIFCell_0.recurrent_weights': '0.879', 'ReadOut_0.readout_weights': '0.000'}
[2026-06-02 18:20:33,225][src.modRNN.training.alignment][INFO] - epoch 1125  train loss=0.0226  (rule: diffusion)
[2026-06-02 18:20:51,371][src.modRNN.training.alignment][INFO] - epoch 1150  train loss=0.0220  (rule: diffusion)
[2026-06-02 18:20:52,860][src.modRNN.training.alignment][INFO] -   align BPTT @ epoch 1151: cos {'ALIFCell_0.input_weights': '0.000', 'ALIFCell_0.recurrent_weights': '0.000', 'ReadOut_0.readout_weights': '0.000'}
[2026-06-02 18:20:53,410][src.modRNN.training.alignment][INFO] -   align eprop @ epoch 1151: cos {'ALIFCell_0.input_weights': '0.574', 'ALIFCell_0.recurrent_weights': '1.146', 'ReadOut_0.readout_weights': '0.000'}
[2026-06-02 18:20:54,092][src.modRNN.training.alignment][INFO] -   align diffusion_aligned @ epoch 1151: cos {'ALIFCell_0.input_weights': '0.713', 'ALIFCell_0.recurrent_weights': '1.205', 'ReadOut_0.readout_weights': '0.000'}
[2026-06-02 18:20:55,245][src.modRNN.training.alignment][INFO] -   align diffusion_per_step @ epoch 1151: cos {'ALIFCell_0.input_weights': '0.640', 'ALIFCell_0.recurrent_weights': '1.199', 'ReadOut_0.readout_weights': '0.000'}
[2026-06-02 18:20:55,911][src.modRNN.training.alignment][INFO] -   align diffusion_fixed @ epoch 1151: cos {'ALIFCell_0.input_weights': '0.719', 'ALIFCell_0.recurrent_weights': '1.186', 'ReadOut_0.readout_weights': '0.000'}
[2026-06-02 18:21:13,361][src.modRNN.training.alignment][INFO] - epoch 1175  train loss=0.0211  (rule: diffusion)
[2026-06-02 18:21:31,527][src.modRNN.training.alignment][INFO] - epoch 1200  train loss=0.0198  (rule: diffusion)
[2026-06-02 18:21:33,016][src.modRNN.training.alignment][INFO] -   align BPTT @ epoch 1201: cos {'ALIFCell_0.input_weights': '0.000', 'ALIFCell_0.recurrent_weights': '0.000', 'ReadOut_0.readout_weights': '0.000'}
[2026-06-02 18:21:33,570][src.modRNN.training.alignment][INFO] -   align eprop @ epoch 1201: cos {'ALIFCell_0.input_weights': '0.901', 'ALIFCell_0.recurrent_weights': '1.101', 'ReadOut_0.readout_weights': '0.001'}
[2026-06-02 18:21:34,252][src.modRNN.training.alignment][INFO] -   align diffusion_aligned @ epoch 1201: cos {'ALIFCell_0.input_weights': '0.988', 'ALIFCell_0.recurrent_weights': '1.082', 'ReadOut_0.readout_weights': '0.001'}
[2026-06-02 18:21:35,406][src.modRNN.training.alignment][INFO] -   align diffusion_per_step @ epoch 1201: cos {'ALIFCell_0.input_weights': '0.928', 'ALIFCell_0.recurrent_weights': '1.107', 'ReadOut_0.readout_weights': '0.001'}
[2026-06-02 18:21:36,075][src.modRNN.training.alignment][INFO] -   align diffusion_fixed @ epoch 1201: cos {'ALIFCell_0.input_weights': '0.974', 'ALIFCell_0.recurrent_weights': '1.097', 'ReadOut_0.readout_weights': '0.001'}
[2026-06-02 18:21:53,568][src.modRNN.training.alignment][INFO] - epoch 1225  train loss=0.0172  (rule: diffusion)
[2026-06-02 18:22:11,830][src.modRNN.training.alignment][INFO] - epoch 1250  train loss=0.0188  (rule: diffusion)
[2026-06-02 18:22:13,326][src.modRNN.training.alignment][INFO] -   align BPTT @ epoch 1251: cos {'ALIFCell_0.input_weights': '0.000', 'ALIFCell_0.recurrent_weights': '0.000', 'ReadOut_0.readout_weights': '0.000'}
[2026-06-02 18:22:13,878][src.modRNN.training.alignment][INFO] -   align eprop @ epoch 1251: cos {'ALIFCell_0.input_weights': '1.375', 'ALIFCell_0.recurrent_weights': '1.291', 'ReadOut_0.readout_weights': '0.000'}
[2026-06-02 18:22:14,558][src.modRNN.training.alignment][INFO] -   align diffusion_aligned @ epoch 1251: cos {'ALIFCell_0.input_weights': '1.320', 'ALIFCell_0.recurrent_weights': '1.263', 'ReadOut_0.readout_weights': '0.000'}
[2026-06-02 18:22:15,711][src.modRNN.training.alignment][INFO] -   align diffusion_per_step @ epoch 1251: cos {'ALIFCell_0.input_weights': '1.330', 'ALIFCell_0.recurrent_weights': '1.273', 'ReadOut_0.readout_weights': '0.000'}
[2026-06-02 18:22:16,379][src.modRNN.training.alignment][INFO] -   align diffusion_fixed @ epoch 1251: cos {'ALIFCell_0.input_weights': '1.312', 'ALIFCell_0.recurrent_weights': '1.287', 'ReadOut_0.readout_weights': '0.000'}
[2026-06-02 18:22:33,841][src.modRNN.training.alignment][INFO] - epoch 1275  train loss=0.0153  (rule: diffusion)
[2026-06-02 18:22:52,007][src.modRNN.training.alignment][INFO] - epoch 1300  train loss=0.0161  (rule: diffusion)
[2026-06-02 18:22:53,498][src.modRNN.training.alignment][INFO] -   align BPTT @ epoch 1301: cos {'ALIFCell_0.input_weights': '0.000', 'ALIFCell_0.recurrent_weights': '0.000', 'ReadOut_0.readout_weights': '0.000'}
[2026-06-02 18:22:54,048][src.modRNN.training.alignment][INFO] -   align eprop @ epoch 1301: cos {'ALIFCell_0.input_weights': '1.141', 'ALIFCell_0.recurrent_weights': '1.134', 'ReadOut_0.readout_weights': '0.000'}
[2026-06-02 18:22:54,730][src.modRNN.training.alignment][INFO] -   align diffusion_aligned @ epoch 1301: cos {'ALIFCell_0.input_weights': '1.020', 'ALIFCell_0.recurrent_weights': '0.916', 'ReadOut_0.readout_weights': '0.000'}
[2026-06-02 18:22:55,883][src.modRNN.training.alignment][INFO] -   align diffusion_per_step @ epoch 1301: cos {'ALIFCell_0.input_weights': '1.070', 'ALIFCell_0.recurrent_weights': '1.026', 'ReadOut_0.readout_weights': '0.000'}
[2026-06-02 18:22:56,549][src.modRNN.training.alignment][INFO] -   align diffusion_fixed @ epoch 1301: cos {'ALIFCell_0.input_weights': '1.045', 'ALIFCell_0.recurrent_weights': '1.004', 'ReadOut_0.readout_weights': '0.000'}
[2026-06-02 18:23:14,031][src.modRNN.training.alignment][INFO] - epoch 1325  train loss=0.0157  (rule: diffusion)
[2026-06-02 18:23:32,217][src.modRNN.training.alignment][INFO] - epoch 1350  train loss=0.0173  (rule: diffusion)
[2026-06-02 18:23:33,705][src.modRNN.training.alignment][INFO] -   align BPTT @ epoch 1351: cos {'ALIFCell_0.input_weights': '0.000', 'ALIFCell_0.recurrent_weights': '0.000', 'ReadOut_0.readout_weights': '0.000'}
[2026-06-02 18:23:34,256][src.modRNN.training.alignment][INFO] -   align eprop @ epoch 1351: cos {'ALIFCell_0.input_weights': '0.813', 'ALIFCell_0.recurrent_weights': '1.026', 'ReadOut_0.readout_weights': '0.000'}
[2026-06-02 18:23:34,937][src.modRNN.training.alignment][INFO] -   align diffusion_aligned @ epoch 1351: cos {'ALIFCell_0.input_weights': '1.176', 'ALIFCell_0.recurrent_weights': '0.881', 'ReadOut_0.readout_weights': '0.000'}
[2026-06-02 18:23:36,093][src.modRNN.training.alignment][INFO] -   align diffusion_per_step @ epoch 1351: cos {'ALIFCell_0.input_weights': '0.953', 'ALIFCell_0.recurrent_weights': '0.991', 'ReadOut_0.readout_weights': '0.000'}
[2026-06-02 18:23:36,760][src.modRNN.training.alignment][INFO] -   align diffusion_fixed @ epoch 1351: cos {'ALIFCell_0.input_weights': '1.042', 'ALIFCell_0.recurrent_weights': '1.042', 'ReadOut_0.readout_weights': '0.000'}
[2026-06-02 18:23:54,206][src.modRNN.training.alignment][INFO] - epoch 1375  train loss=0.0156  (rule: diffusion)
[2026-06-02 18:24:12,411][src.modRNN.training.alignment][INFO] - epoch 1400  train loss=0.0148  (rule: diffusion)
[2026-06-02 18:24:13,906][src.modRNN.training.alignment][INFO] -   align BPTT @ epoch 1401: cos {'ALIFCell_0.input_weights': '0.000', 'ALIFCell_0.recurrent_weights': '0.000', 'ReadOut_0.readout_weights': '0.000'}
[2026-06-02 18:24:14,459][src.modRNN.training.alignment][INFO] -   align eprop @ epoch 1401: cos {'ALIFCell_0.input_weights': '1.045', 'ALIFCell_0.recurrent_weights': '1.425', 'ReadOut_0.readout_weights': '0.000'}
[2026-06-02 18:24:15,141][src.modRNN.training.alignment][INFO] -   align diffusion_aligned @ epoch 1401: cos {'ALIFCell_0.input_weights': '0.951', 'ALIFCell_0.recurrent_weights': '1.280', 'ReadOut_0.readout_weights': '0.000'}
[2026-06-02 18:24:16,293][src.modRNN.training.alignment][INFO] -   align diffusion_per_step @ epoch 1401: cos {'ALIFCell_0.input_weights': '1.038', 'ALIFCell_0.recurrent_weights': '1.348', 'ReadOut_0.readout_weights': '0.000'}
[2026-06-02 18:24:16,960][src.modRNN.training.alignment][INFO] -   align diffusion_fixed @ epoch 1401: cos {'ALIFCell_0.input_weights': '1.069', 'ALIFCell_0.recurrent_weights': '1.387', 'ReadOut_0.readout_weights': '0.000'}
[2026-06-02 18:24:34,401][src.modRNN.training.alignment][INFO] - epoch 1425  train loss=0.0139  (rule: diffusion)
[2026-06-02 18:24:52,547][src.modRNN.training.alignment][INFO] - epoch 1450  train loss=0.0139  (rule: diffusion)
[2026-06-02 18:24:54,038][src.modRNN.training.alignment][INFO] -   align BPTT @ epoch 1451: cos {'ALIFCell_0.input_weights': '0.000', 'ALIFCell_0.recurrent_weights': '0.000', 'ReadOut_0.readout_weights': '0.000'}
[2026-06-02 18:24:54,591][src.modRNN.training.alignment][INFO] -   align eprop @ epoch 1451: cos {'ALIFCell_0.input_weights': '0.797', 'ALIFCell_0.recurrent_weights': '1.080', 'ReadOut_0.readout_weights': '0.000'}
[2026-06-02 18:24:55,271][src.modRNN.training.alignment][INFO] -   align diffusion_aligned @ epoch 1451: cos {'ALIFCell_0.input_weights': '0.934', 'ALIFCell_0.recurrent_weights': '1.002', 'ReadOut_0.readout_weights': '0.000'}
[2026-06-02 18:24:56,426][src.modRNN.training.alignment][INFO] -   align diffusion_per_step @ epoch 1451: cos {'ALIFCell_0.input_weights': '0.924', 'ALIFCell_0.recurrent_weights': '1.063', 'ReadOut_0.readout_weights': '0.000'}
[2026-06-02 18:24:57,090][src.modRNN.training.alignment][INFO] -   align diffusion_fixed @ epoch 1451: cos {'ALIFCell_0.input_weights': '0.995', 'ALIFCell_0.recurrent_weights': '1.139', 'ReadOut_0.readout_weights': '0.000'}
[2026-06-02 18:25:14,568][src.modRNN.training.alignment][INFO] - epoch 1475  train loss=0.0122  (rule: diffusion)
[2026-06-02 18:25:32,754][src.modRNN.training.alignment][INFO] - epoch 1500  train loss=0.0123  (rule: diffusion)
[2026-06-02 18:25:34,245][src.modRNN.training.alignment][INFO] -   align BPTT @ epoch 1501: cos {'ALIFCell_0.input_weights': '0.000', 'ALIFCell_0.recurrent_weights': '0.000', 'ReadOut_0.readout_weights': '0.000'}
[2026-06-02 18:25:34,796][src.modRNN.training.alignment][INFO] -   align eprop @ epoch 1501: cos {'ALIFCell_0.input_weights': '0.954', 'ALIFCell_0.recurrent_weights': '0.796', 'ReadOut_0.readout_weights': '0.000'}
[2026-06-02 18:25:35,478][src.modRNN.training.alignment][INFO] -   align diffusion_aligned @ epoch 1501: cos {'ALIFCell_0.input_weights': '1.039', 'ALIFCell_0.recurrent_weights': '0.822', 'ReadOut_0.readout_weights': '0.000'}
[2026-06-02 18:25:36,631][src.modRNN.training.alignment][INFO] -   align diffusion_per_step @ epoch 1501: cos {'ALIFCell_0.input_weights': '0.831', 'ALIFCell_0.recurrent_weights': '0.900', 'ReadOut_0.readout_weights': '0.000'}
[2026-06-02 18:25:37,298][src.modRNN.training.alignment][INFO] -   align diffusion_fixed @ epoch 1501: cos {'ALIFCell_0.input_weights': '0.994', 'ALIFCell_0.recurrent_weights': '0.938', 'ReadOut_0.readout_weights': '0.000'}
[2026-06-02 18:25:54,724][src.modRNN.training.alignment][INFO] - epoch 1525  train loss=0.0123  (rule: diffusion)
[2026-06-02 18:26:12,926][src.modRNN.training.alignment][INFO] - epoch 1550  train loss=0.0109  (rule: diffusion)
[2026-06-02 18:26:14,418][src.modRNN.training.alignment][INFO] -   align BPTT @ epoch 1551: cos {'ALIFCell_0.input_weights': '0.000', 'ALIFCell_0.recurrent_weights': '0.000', 'ReadOut_0.readout_weights': '0.000'}
[2026-06-02 18:26:14,969][src.modRNN.training.alignment][INFO] -   align eprop @ epoch 1551: cos {'ALIFCell_0.input_weights': '1.102', 'ALIFCell_0.recurrent_weights': '1.426', 'ReadOut_0.readout_weights': '0.000'}
[2026-06-02 18:26:15,650][src.modRNN.training.alignment][INFO] -   align diffusion_aligned @ epoch 1551: cos {'ALIFCell_0.input_weights': '1.232', 'ALIFCell_0.recurrent_weights': '1.366', 'ReadOut_0.readout_weights': '0.000'}
[2026-06-02 18:26:16,802][src.modRNN.training.alignment][INFO] -   align diffusion_per_step @ epoch 1551: cos {'ALIFCell_0.input_weights': '1.152', 'ALIFCell_0.recurrent_weights': '1.408', 'ReadOut_0.readout_weights': '0.000'}
[2026-06-02 18:26:17,469][src.modRNN.training.alignment][INFO] -   align diffusion_fixed @ epoch 1551: cos {'ALIFCell_0.input_weights': '1.237', 'ALIFCell_0.recurrent_weights': '1.426', 'ReadOut_0.readout_weights': '0.000'}
[2026-06-02 18:26:34,912][src.modRNN.training.alignment][INFO] - epoch 1575  train loss=0.0114  (rule: diffusion)
[2026-06-02 18:26:53,075][src.modRNN.training.alignment][INFO] - epoch 1600  train loss=0.0100  (rule: diffusion)
[2026-06-02 18:26:54,566][src.modRNN.training.alignment][INFO] -   align BPTT @ epoch 1601: cos {'ALIFCell_0.input_weights': '0.000', 'ALIFCell_0.recurrent_weights': '0.000', 'ReadOut_0.readout_weights': '0.000'}
[2026-06-02 18:26:55,119][src.modRNN.training.alignment][INFO] -   align eprop @ epoch 1601: cos {'ALIFCell_0.input_weights': '0.956', 'ALIFCell_0.recurrent_weights': '1.498', 'ReadOut_0.readout_weights': '0.000'}
[2026-06-02 18:26:55,799][src.modRNN.training.alignment][INFO] -   align diffusion_aligned @ epoch 1601: cos {'ALIFCell_0.input_weights': '0.972', 'ALIFCell_0.recurrent_weights': '1.443', 'ReadOut_0.readout_weights': '0.000'}
[2026-06-02 18:26:56,953][src.modRNN.training.alignment][INFO] -   align diffusion_per_step @ epoch 1601: cos {'ALIFCell_0.input_weights': '0.981', 'ALIFCell_0.recurrent_weights': '1.480', 'ReadOut_0.readout_weights': '0.000'}
[2026-06-02 18:26:57,621][src.modRNN.training.alignment][INFO] -   align diffusion_fixed @ epoch 1601: cos {'ALIFCell_0.input_weights': '0.982', 'ALIFCell_0.recurrent_weights': '1.445', 'ReadOut_0.readout_weights': '0.000'}
[2026-06-02 18:27:15,088][src.modRNN.training.alignment][INFO] - epoch 1625  train loss=0.0117  (rule: diffusion)
[2026-06-02 18:27:33,264][src.modRNN.training.alignment][INFO] - epoch 1650  train loss=0.0115  (rule: diffusion)
[2026-06-02 18:27:34,754][src.modRNN.training.alignment][INFO] -   align BPTT @ epoch 1651: cos {'ALIFCell_0.input_weights': '0.000', 'ALIFCell_0.recurrent_weights': '0.000', 'ReadOut_0.readout_weights': '0.000'}
[2026-06-02 18:27:35,307][src.modRNN.training.alignment][INFO] -   align eprop @ epoch 1651: cos {'ALIFCell_0.input_weights': '0.917', 'ALIFCell_0.recurrent_weights': '1.385', 'ReadOut_0.readout_weights': '0.000'}
[2026-06-02 18:27:35,991][src.modRNN.training.alignment][INFO] -   align diffusion_aligned @ epoch 1651: cos {'ALIFCell_0.input_weights': '0.995', 'ALIFCell_0.recurrent_weights': '1.310', 'ReadOut_0.readout_weights': '0.000'}
[2026-06-02 18:27:37,146][src.modRNN.training.alignment][INFO] -   align diffusion_per_step @ epoch 1651: cos {'ALIFCell_0.input_weights': '0.932', 'ALIFCell_0.recurrent_weights': '1.353', 'ReadOut_0.readout_weights': '0.000'}
[2026-06-02 18:27:37,814][src.modRNN.training.alignment][INFO] -   align diffusion_fixed @ epoch 1651: cos {'ALIFCell_0.input_weights': '0.933', 'ALIFCell_0.recurrent_weights': '1.348', 'ReadOut_0.readout_weights': '0.000'}
[2026-06-02 18:27:55,218][src.modRNN.training.alignment][INFO] - epoch 1675  train loss=0.0110  (rule: diffusion)
[2026-06-02 18:28:13,405][src.modRNN.training.alignment][INFO] - epoch 1700  train loss=0.0106  (rule: diffusion)
[2026-06-02 18:28:14,897][src.modRNN.training.alignment][INFO] -   align BPTT @ epoch 1701: cos {'ALIFCell_0.input_weights': '0.000', 'ALIFCell_0.recurrent_weights': '0.000', 'ReadOut_0.readout_weights': '0.000'}
[2026-06-02 18:28:15,448][src.modRNN.training.alignment][INFO] -   align eprop @ epoch 1701: cos {'ALIFCell_0.input_weights': '0.921', 'ALIFCell_0.recurrent_weights': '0.943', 'ReadOut_0.readout_weights': '0.000'}
[2026-06-02 18:28:16,128][src.modRNN.training.alignment][INFO] -   align diffusion_aligned @ epoch 1701: cos {'ALIFCell_0.input_weights': '0.915', 'ALIFCell_0.recurrent_weights': '0.836', 'ReadOut_0.readout_weights': '0.000'}
[2026-06-02 18:28:17,287][src.modRNN.training.alignment][INFO] -   align diffusion_per_step @ epoch 1701: cos {'ALIFCell_0.input_weights': '0.962', 'ALIFCell_0.recurrent_weights': '0.948', 'ReadOut_0.readout_weights': '0.000'}
[2026-06-02 18:28:17,954][src.modRNN.training.alignment][INFO] -   align diffusion_fixed @ epoch 1701: cos {'ALIFCell_0.input_weights': '0.978', 'ALIFCell_0.recurrent_weights': '0.926', 'ReadOut_0.readout_weights': '0.000'}
[2026-06-02 18:28:35,407][src.modRNN.training.alignment][INFO] - epoch 1725  train loss=0.0093  (rule: diffusion)
[2026-06-02 18:28:53,548][src.modRNN.training.alignment][INFO] - epoch 1750  train loss=0.0097  (rule: diffusion)
[2026-06-02 18:28:55,037][src.modRNN.training.alignment][INFO] -   align BPTT @ epoch 1751: cos {'ALIFCell_0.input_weights': '0.000', 'ALIFCell_0.recurrent_weights': '0.000', 'ReadOut_0.readout_weights': '0.000'}
[2026-06-02 18:28:55,587][src.modRNN.training.alignment][INFO] -   align eprop @ epoch 1751: cos {'ALIFCell_0.input_weights': '0.781', 'ALIFCell_0.recurrent_weights': '0.758', 'ReadOut_0.readout_weights': '0.000'}
[2026-06-02 18:28:56,269][src.modRNN.training.alignment][INFO] -   align diffusion_aligned @ epoch 1751: cos {'ALIFCell_0.input_weights': '0.697', 'ALIFCell_0.recurrent_weights': '0.752', 'ReadOut_0.readout_weights': '0.000'}
[2026-06-02 18:28:57,421][src.modRNN.training.alignment][INFO] -   align diffusion_per_step @ epoch 1751: cos {'ALIFCell_0.input_weights': '0.761', 'ALIFCell_0.recurrent_weights': '0.808', 'ReadOut_0.readout_weights': '0.000'}
[2026-06-02 18:28:58,086][src.modRNN.training.alignment][INFO] -   align diffusion_fixed @ epoch 1751: cos {'ALIFCell_0.input_weights': '0.745', 'ALIFCell_0.recurrent_weights': '0.859', 'ReadOut_0.readout_weights': '0.000'}
[2026-06-02 18:29:15,532][src.modRNN.training.alignment][INFO] - epoch 1775  train loss=0.0084  (rule: diffusion)
[2026-06-02 18:29:33,697][src.modRNN.training.alignment][INFO] - epoch 1800  train loss=0.0084  (rule: diffusion)
[2026-06-02 18:29:35,188][src.modRNN.training.alignment][INFO] -   align BPTT @ epoch 1801: cos {'ALIFCell_0.input_weights': '0.000', 'ALIFCell_0.recurrent_weights': '0.000', 'ReadOut_0.readout_weights': '0.000'}
[2026-06-02 18:29:35,739][src.modRNN.training.alignment][INFO] -   align eprop @ epoch 1801: cos {'ALIFCell_0.input_weights': '0.786', 'ALIFCell_0.recurrent_weights': '1.061', 'ReadOut_0.readout_weights': '0.000'}
[2026-06-02 18:29:36,421][src.modRNN.training.alignment][INFO] -   align diffusion_aligned @ epoch 1801: cos {'ALIFCell_0.input_weights': '0.718', 'ALIFCell_0.recurrent_weights': '0.927', 'ReadOut_0.readout_weights': '0.000'}
[2026-06-02 18:29:37,576][src.modRNN.training.alignment][INFO] -   align diffusion_per_step @ epoch 1801: cos {'ALIFCell_0.input_weights': '0.804', 'ALIFCell_0.recurrent_weights': '1.037', 'ReadOut_0.readout_weights': '0.000'}
[2026-06-02 18:29:38,245][src.modRNN.training.alignment][INFO] -   align diffusion_fixed @ epoch 1801: cos {'ALIFCell_0.input_weights': '0.798', 'ALIFCell_0.recurrent_weights': '1.032', 'ReadOut_0.readout_weights': '0.000'}
[2026-06-02 18:29:55,651][src.modRNN.training.alignment][INFO] - epoch 1825  train loss=0.0087  (rule: diffusion)
[2026-06-02 18:30:13,806][src.modRNN.training.alignment][INFO] - epoch 1850  train loss=0.0085  (rule: diffusion)
[2026-06-02 18:30:15,300][src.modRNN.training.alignment][INFO] -   align BPTT @ epoch 1851: cos {'ALIFCell_0.input_weights': '0.000', 'ALIFCell_0.recurrent_weights': '0.000', 'ReadOut_0.readout_weights': '0.000'}
[2026-06-02 18:30:15,851][src.modRNN.training.alignment][INFO] -   align eprop @ epoch 1851: cos {'ALIFCell_0.input_weights': '0.924', 'ALIFCell_0.recurrent_weights': '1.304', 'ReadOut_0.readout_weights': '0.000'}
[2026-06-02 18:30:16,531][src.modRNN.training.alignment][INFO] -   align diffusion_aligned @ epoch 1851: cos {'ALIFCell_0.input_weights': '0.907', 'ALIFCell_0.recurrent_weights': '1.234', 'ReadOut_0.readout_weights': '0.000'}
[2026-06-02 18:30:17,685][src.modRNN.training.alignment][INFO] -   align diffusion_per_step @ epoch 1851: cos {'ALIFCell_0.input_weights': '0.938', 'ALIFCell_0.recurrent_weights': '1.262', 'ReadOut_0.readout_weights': '0.000'}
[2026-06-02 18:30:18,352][src.modRNN.training.alignment][INFO] -   align diffusion_fixed @ epoch 1851: cos {'ALIFCell_0.input_weights': '0.967', 'ALIFCell_0.recurrent_weights': '1.271', 'ReadOut_0.readout_weights': '0.000'}
[2026-06-02 18:30:35,803][src.modRNN.training.alignment][INFO] - epoch 1875  train loss=0.0082  (rule: diffusion)
[2026-06-02 18:30:53,950][src.modRNN.training.alignment][INFO] - epoch 1900  train loss=0.0078  (rule: diffusion)
[2026-06-02 18:30:55,442][src.modRNN.training.alignment][INFO] -   align BPTT @ epoch 1901: cos {'ALIFCell_0.input_weights': '0.000', 'ALIFCell_0.recurrent_weights': '0.000', 'ReadOut_0.readout_weights': '0.000'}
[2026-06-02 18:30:55,995][src.modRNN.training.alignment][INFO] -   align eprop @ epoch 1901: cos {'ALIFCell_0.input_weights': '0.428', 'ALIFCell_0.recurrent_weights': '1.096', 'ReadOut_0.readout_weights': '0.000'}
[2026-06-02 18:30:56,678][src.modRNN.training.alignment][INFO] -   align diffusion_aligned @ epoch 1901: cos {'ALIFCell_0.input_weights': '0.592', 'ALIFCell_0.recurrent_weights': '1.108', 'ReadOut_0.readout_weights': '0.000'}
[2026-06-02 18:30:57,832][src.modRNN.training.alignment][INFO] -   align diffusion_per_step @ epoch 1901: cos {'ALIFCell_0.input_weights': '0.568', 'ALIFCell_0.recurrent_weights': '1.161', 'ReadOut_0.readout_weights': '0.000'}
[2026-06-02 18:30:58,499][src.modRNN.training.alignment][INFO] -   align diffusion_fixed @ epoch 1901: cos {'ALIFCell_0.input_weights': '0.536', 'ALIFCell_0.recurrent_weights': '1.212', 'ReadOut_0.readout_weights': '0.000'}
[2026-06-02 18:31:16,028][src.modRNN.training.alignment][INFO] - epoch 1925  train loss=0.0070  (rule: diffusion)
[2026-06-02 18:31:34,304][src.modRNN.training.alignment][INFO] - epoch 1950  train loss=0.0084  (rule: diffusion)
[2026-06-02 18:31:35,799][src.modRNN.training.alignment][INFO] -   align BPTT @ epoch 1951: cos {'ALIFCell_0.input_weights': '0.000', 'ALIFCell_0.recurrent_weights': '0.000', 'ReadOut_0.readout_weights': '0.000'}
[2026-06-02 18:31:36,351][src.modRNN.training.alignment][INFO] -   align eprop @ epoch 1951: cos {'ALIFCell_0.input_weights': '0.802', 'ALIFCell_0.recurrent_weights': '1.345', 'ReadOut_0.readout_weights': '0.000'}
[2026-06-02 18:31:37,033][src.modRNN.training.alignment][INFO] -   align diffusion_aligned @ epoch 1951: cos {'ALIFCell_0.input_weights': '1.061', 'ALIFCell_0.recurrent_weights': '1.303', 'ReadOut_0.readout_weights': '0.000'}
[2026-06-02 18:31:38,187][src.modRNN.training.alignment][INFO] -   align diffusion_per_step @ epoch 1951: cos {'ALIFCell_0.input_weights': '0.940', 'ALIFCell_0.recurrent_weights': '1.377', 'ReadOut_0.readout_weights': '0.000'}
[2026-06-02 18:31:38,855][src.modRNN.training.alignment][INFO] -   align diffusion_fixed @ epoch 1951: cos {'ALIFCell_0.input_weights': '1.051', 'ALIFCell_0.recurrent_weights': '1.327', 'ReadOut_0.readout_weights': '0.000'}
[2026-06-02 18:31:56,361][src.modRNN.training.alignment][INFO] - epoch 1975  train loss=0.0072  (rule: diffusion)
[2026-06-02 18:32:14,648][src.modRNN.training.alignment][INFO] - epoch 2000  train loss=0.0080  (rule: diffusion)
[2026-06-02 18:32:16,143][src.modRNN.training.alignment][INFO] -   align BPTT @ epoch 2001: cos {'ALIFCell_0.input_weights': '0.000', 'ALIFCell_0.recurrent_weights': '0.000', 'ReadOut_0.readout_weights': '0.000'}
[2026-06-02 18:32:16,693][src.modRNN.training.alignment][INFO] -   align eprop @ epoch 2001: cos {'ALIFCell_0.input_weights': '0.878', 'ALIFCell_0.recurrent_weights': '0.609', 'ReadOut_0.readout_weights': '0.000'}
[2026-06-02 18:32:17,375][src.modRNN.training.alignment][INFO] -   align diffusion_aligned @ epoch 2001: cos {'ALIFCell_0.input_weights': '0.949', 'ALIFCell_0.recurrent_weights': '0.593', 'ReadOut_0.readout_weights': '0.000'}
[2026-06-02 18:32:18,528][src.modRNN.training.alignment][INFO] -   align diffusion_per_step @ epoch 2001: cos {'ALIFCell_0.input_weights': '1.016', 'ALIFCell_0.recurrent_weights': '0.724', 'ReadOut_0.readout_weights': '0.000'}
[2026-06-02 18:32:19,199][src.modRNN.training.alignment][INFO] -   align diffusion_fixed @ epoch 2001: cos {'ALIFCell_0.input_weights': '0.943', 'ALIFCell_0.recurrent_weights': '0.699', 'ReadOut_0.readout_weights': '0.000'}
[2026-06-02 18:32:19,229][src.modRNN.training.alignment][INFO] - Alignment experiment finished. Output dir: /mnt/lustre/work/martius/mot736/neuromodRNN/outputs/delayed_match/delayed_match_align_nn_connectivity_diffusion_aligned/seed_13
