[2026-05-19 18:42:34,553][jax._src.xla_bridge][INFO] - Unable to initialize backend 'rocm': module 'jaxlib.xla_extension' has no attribute 'GpuAllocatorConfig'
[2026-05-19 18:42:34,559][jax._src.xla_bridge][INFO] - Unable to initialize backend 'tpu': INTERNAL: Failed to open libtpu.so: libtpu.so: cannot open shared object file: No such file or directory
[2026-05-19 18:42:44,287][src.modRNN.training.alignment][INFO] - Starting alignment experiment: training with diffusion, measuring alignment of ['BPTT', 'eprop', 'diffusion_aligned', 'diffusion_per_step', 'diffusion_fixed'] every 50 epochs.
[2026-05-19 18:42:49,860][src.modRNN.training.alignment][INFO] - epoch 1  train loss=0.6932  (rule: diffusion)
[2026-05-19 18:42:52,459][src.modRNN.training.alignment][INFO] -   align BPTT @ epoch 1: cos {'ALIFCell_0.input_weights': '0.000', 'ALIFCell_0.recurrent_weights': '0.000', 'ReadOut_0.readout_weights': '0.000'}
[2026-05-19 18:42:54,186][src.modRNN.training.alignment][INFO] -   align eprop @ epoch 1: cos {'ALIFCell_0.input_weights': '0.704', 'ALIFCell_0.recurrent_weights': '0.409', 'ReadOut_0.readout_weights': '0.000'}
[2026-05-19 18:42:56,377][src.modRNN.training.alignment][INFO] -   align diffusion_aligned @ epoch 1: cos {'ALIFCell_0.input_weights': '0.921', 'ALIFCell_0.recurrent_weights': '0.666', 'ReadOut_0.readout_weights': '0.000'}
[2026-05-19 18:43:00,819][src.modRNN.training.alignment][INFO] -   align diffusion_per_step @ epoch 1: cos {'ALIFCell_0.input_weights': '0.984', 'ALIFCell_0.recurrent_weights': '0.605', 'ReadOut_0.readout_weights': '0.000'}
[2026-05-19 18:43:03,110][src.modRNN.training.alignment][INFO] -   align diffusion_fixed @ epoch 1: cos {'ALIFCell_0.input_weights': '0.975', 'ALIFCell_0.recurrent_weights': '0.589', 'ReadOut_0.readout_weights': '0.000'}
[2026-05-19 18:43:35,185][src.modRNN.training.alignment][INFO] - epoch 25  train loss=0.6931  (rule: diffusion)
[2026-05-19 18:44:08,662][src.modRNN.training.alignment][INFO] - epoch 50  train loss=0.6931  (rule: diffusion)
[2026-05-19 18:44:11,428][src.modRNN.training.alignment][INFO] -   align BPTT @ epoch 51: cos {'ALIFCell_0.input_weights': '0.000', 'ALIFCell_0.recurrent_weights': '0.000', 'ReadOut_0.readout_weights': '0.000'}
[2026-05-19 18:44:12,448][src.modRNN.training.alignment][INFO] -   align eprop @ epoch 51: cos {'ALIFCell_0.input_weights': '0.457', 'ALIFCell_0.recurrent_weights': '0.419', 'ReadOut_0.readout_weights': '0.000'}
[2026-05-19 18:44:13,744][src.modRNN.training.alignment][INFO] -   align diffusion_aligned @ epoch 51: cos {'ALIFCell_0.input_weights': '0.819', 'ALIFCell_0.recurrent_weights': '0.536', 'ReadOut_0.readout_weights': '0.000'}
[2026-05-19 18:44:15,947][src.modRNN.training.alignment][INFO] -   align diffusion_per_step @ epoch 51: cos {'ALIFCell_0.input_weights': '0.810', 'ALIFCell_0.recurrent_weights': '0.527', 'ReadOut_0.readout_weights': '0.000'}
[2026-05-19 18:44:17,232][src.modRNN.training.alignment][INFO] -   align diffusion_fixed @ epoch 51: cos {'ALIFCell_0.input_weights': '0.754', 'ALIFCell_0.recurrent_weights': '0.528', 'ReadOut_0.readout_weights': '0.000'}
[2026-05-19 18:44:49,426][src.modRNN.training.alignment][INFO] - epoch 75  train loss=0.6930  (rule: diffusion)
[2026-05-19 18:45:23,080][src.modRNN.training.alignment][INFO] - epoch 100  train loss=0.6930  (rule: diffusion)
[2026-05-19 18:45:25,848][src.modRNN.training.alignment][INFO] -   align BPTT @ epoch 101: cos {'ALIFCell_0.input_weights': '0.000', 'ALIFCell_0.recurrent_weights': '0.000', 'ReadOut_0.readout_weights': '0.000'}
[2026-05-19 18:45:26,868][src.modRNN.training.alignment][INFO] -   align eprop @ epoch 101: cos {'ALIFCell_0.input_weights': '0.593', 'ALIFCell_0.recurrent_weights': '0.807', 'ReadOut_0.readout_weights': '0.000'}
[2026-05-19 18:45:28,167][src.modRNN.training.alignment][INFO] -   align diffusion_aligned @ epoch 101: cos {'ALIFCell_0.input_weights': '0.540', 'ALIFCell_0.recurrent_weights': '0.913', 'ReadOut_0.readout_weights': '0.000'}
[2026-05-19 18:45:30,370][src.modRNN.training.alignment][INFO] -   align diffusion_per_step @ epoch 101: cos {'ALIFCell_0.input_weights': '0.530', 'ALIFCell_0.recurrent_weights': '0.899', 'ReadOut_0.readout_weights': '0.000'}
[2026-05-19 18:45:31,653][src.modRNN.training.alignment][INFO] -   align diffusion_fixed @ epoch 101: cos {'ALIFCell_0.input_weights': '0.556', 'ALIFCell_0.recurrent_weights': '0.901', 'ReadOut_0.readout_weights': '0.000'}
[2026-05-19 18:46:03,893][src.modRNN.training.alignment][INFO] - epoch 125  train loss=0.6725  (rule: diffusion)
[2026-05-19 18:46:37,746][src.modRNN.training.alignment][INFO] - epoch 150  train loss=0.6884  (rule: diffusion)
[2026-05-19 18:46:40,519][src.modRNN.training.alignment][INFO] -   align BPTT @ epoch 151: cos {'ALIFCell_0.input_weights': '0.000', 'ALIFCell_0.recurrent_weights': '0.000', 'ReadOut_0.readout_weights': '0.000'}
[2026-05-19 18:46:41,538][src.modRNN.training.alignment][INFO] -   align eprop @ epoch 151: cos {'ALIFCell_0.input_weights': '0.766', 'ALIFCell_0.recurrent_weights': '0.912', 'ReadOut_0.readout_weights': '0.000'}
[2026-05-19 18:46:42,839][src.modRNN.training.alignment][INFO] -   align diffusion_aligned @ epoch 151: cos {'ALIFCell_0.input_weights': '0.807', 'ALIFCell_0.recurrent_weights': '0.941', 'ReadOut_0.readout_weights': '0.000'}
[2026-05-19 18:46:45,052][src.modRNN.training.alignment][INFO] -   align diffusion_per_step @ epoch 151: cos {'ALIFCell_0.input_weights': '0.763', 'ALIFCell_0.recurrent_weights': '0.955', 'ReadOut_0.readout_weights': '0.000'}
[2026-05-19 18:46:46,339][src.modRNN.training.alignment][INFO] -   align diffusion_fixed @ epoch 151: cos {'ALIFCell_0.input_weights': '0.735', 'ALIFCell_0.recurrent_weights': '0.958', 'ReadOut_0.readout_weights': '0.000'}
[2026-05-19 18:47:18,790][src.modRNN.training.alignment][INFO] - epoch 175  train loss=0.6760  (rule: diffusion)
[2026-05-19 18:47:52,598][src.modRNN.training.alignment][INFO] - epoch 200  train loss=0.6725  (rule: diffusion)
[2026-05-19 18:47:55,379][src.modRNN.training.alignment][INFO] -   align BPTT @ epoch 201: cos {'ALIFCell_0.input_weights': '0.000', 'ALIFCell_0.recurrent_weights': '0.000', 'ReadOut_0.readout_weights': '0.000'}
[2026-05-19 18:47:56,398][src.modRNN.training.alignment][INFO] -   align eprop @ epoch 201: cos {'ALIFCell_0.input_weights': '0.759', 'ALIFCell_0.recurrent_weights': '0.911', 'ReadOut_0.readout_weights': '0.000'}
[2026-05-19 18:47:57,698][src.modRNN.training.alignment][INFO] -   align diffusion_aligned @ epoch 201: cos {'ALIFCell_0.input_weights': '0.787', 'ALIFCell_0.recurrent_weights': '1.006', 'ReadOut_0.readout_weights': '0.000'}
[2026-05-19 18:47:59,915][src.modRNN.training.alignment][INFO] -   align diffusion_per_step @ epoch 201: cos {'ALIFCell_0.input_weights': '0.818', 'ALIFCell_0.recurrent_weights': '0.862', 'ReadOut_0.readout_weights': '0.000'}
[2026-05-19 18:48:01,202][src.modRNN.training.alignment][INFO] -   align diffusion_fixed @ epoch 201: cos {'ALIFCell_0.input_weights': '0.777', 'ALIFCell_0.recurrent_weights': '0.877', 'ReadOut_0.readout_weights': '0.000'}
[2026-05-19 18:48:33,814][src.modRNN.training.alignment][INFO] - epoch 225  train loss=0.6566  (rule: diffusion)
[2026-05-19 18:49:07,596][src.modRNN.training.alignment][INFO] - epoch 250  train loss=0.6236  (rule: diffusion)
[2026-05-19 18:49:10,388][src.modRNN.training.alignment][INFO] -   align BPTT @ epoch 251: cos {'ALIFCell_0.input_weights': '0.000', 'ALIFCell_0.recurrent_weights': '0.000', 'ReadOut_0.readout_weights': '0.000'}
[2026-05-19 18:49:11,413][src.modRNN.training.alignment][INFO] -   align eprop @ epoch 251: cos {'ALIFCell_0.input_weights': '0.740', 'ALIFCell_0.recurrent_weights': '0.885', 'ReadOut_0.readout_weights': '0.000'}
[2026-05-19 18:49:12,722][src.modRNN.training.alignment][INFO] -   align diffusion_aligned @ epoch 251: cos {'ALIFCell_0.input_weights': '0.719', 'ALIFCell_0.recurrent_weights': '0.791', 'ReadOut_0.readout_weights': '0.000'}
[2026-05-19 18:49:14,947][src.modRNN.training.alignment][INFO] -   align diffusion_per_step @ epoch 251: cos {'ALIFCell_0.input_weights': '0.717', 'ALIFCell_0.recurrent_weights': '0.819', 'ReadOut_0.readout_weights': '0.000'}
[2026-05-19 18:49:16,242][src.modRNN.training.alignment][INFO] -   align diffusion_fixed @ epoch 251: cos {'ALIFCell_0.input_weights': '0.704', 'ALIFCell_0.recurrent_weights': '0.801', 'ReadOut_0.readout_weights': '0.000'}
[2026-05-19 18:49:48,705][src.modRNN.training.alignment][INFO] - epoch 275  train loss=0.6605  (rule: diffusion)
[2026-05-19 18:50:22,568][src.modRNN.training.alignment][INFO] - epoch 300  train loss=0.5715  (rule: diffusion)
[2026-05-19 18:50:25,356][src.modRNN.training.alignment][INFO] -   align BPTT @ epoch 301: cos {'ALIFCell_0.input_weights': '0.000', 'ALIFCell_0.recurrent_weights': '0.000', 'ReadOut_0.readout_weights': '0.000'}
[2026-05-19 18:50:26,380][src.modRNN.training.alignment][INFO] -   align eprop @ epoch 301: cos {'ALIFCell_0.input_weights': '1.114', 'ALIFCell_0.recurrent_weights': '1.131', 'ReadOut_0.readout_weights': '0.000'}
[2026-05-19 18:50:27,687][src.modRNN.training.alignment][INFO] -   align diffusion_aligned @ epoch 301: cos {'ALIFCell_0.input_weights': '1.143', 'ALIFCell_0.recurrent_weights': '1.154', 'ReadOut_0.readout_weights': '0.000'}
[2026-05-19 18:50:29,907][src.modRNN.training.alignment][INFO] -   align diffusion_per_step @ epoch 301: cos {'ALIFCell_0.input_weights': '1.145', 'ALIFCell_0.recurrent_weights': '1.188', 'ReadOut_0.readout_weights': '0.000'}
[2026-05-19 18:50:31,202][src.modRNN.training.alignment][INFO] -   align diffusion_fixed @ epoch 301: cos {'ALIFCell_0.input_weights': '1.135', 'ALIFCell_0.recurrent_weights': '1.187', 'ReadOut_0.readout_weights': '0.000'}
[2026-05-19 18:51:03,528][src.modRNN.training.alignment][INFO] - epoch 325  train loss=0.6747  (rule: diffusion)
[2026-05-19 18:51:37,372][src.modRNN.training.alignment][INFO] - epoch 350  train loss=0.6807  (rule: diffusion)
[2026-05-19 18:51:40,154][src.modRNN.training.alignment][INFO] -   align BPTT @ epoch 351: cos {'ALIFCell_0.input_weights': '0.000', 'ALIFCell_0.recurrent_weights': '0.000', 'ReadOut_0.readout_weights': '0.000'}
[2026-05-19 18:51:41,172][src.modRNN.training.alignment][INFO] -   align eprop @ epoch 351: cos {'ALIFCell_0.input_weights': '1.076', 'ALIFCell_0.recurrent_weights': '1.050', 'ReadOut_0.readout_weights': '0.000'}
[2026-05-19 18:51:42,472][src.modRNN.training.alignment][INFO] -   align diffusion_aligned @ epoch 351: cos {'ALIFCell_0.input_weights': '1.134', 'ALIFCell_0.recurrent_weights': '1.082', 'ReadOut_0.readout_weights': '0.000'}
[2026-05-19 18:51:44,682][src.modRNN.training.alignment][INFO] -   align diffusion_per_step @ epoch 351: cos {'ALIFCell_0.input_weights': '1.099', 'ALIFCell_0.recurrent_weights': '1.061', 'ReadOut_0.readout_weights': '0.000'}
[2026-05-19 18:51:45,972][src.modRNN.training.alignment][INFO] -   align diffusion_fixed @ epoch 351: cos {'ALIFCell_0.input_weights': '1.181', 'ALIFCell_0.recurrent_weights': '1.067', 'ReadOut_0.readout_weights': '0.000'}
[2026-05-19 18:52:18,447][src.modRNN.training.alignment][INFO] - epoch 375  train loss=0.6644  (rule: diffusion)
[2026-05-19 18:52:52,175][src.modRNN.training.alignment][INFO] - epoch 400  train loss=0.6962  (rule: diffusion)
[2026-05-19 18:52:54,954][src.modRNN.training.alignment][INFO] -   align BPTT @ epoch 401: cos {'ALIFCell_0.input_weights': '0.000', 'ALIFCell_0.recurrent_weights': '0.000', 'ReadOut_0.readout_weights': '0.000'}
[2026-05-19 18:52:55,969][src.modRNN.training.alignment][INFO] -   align eprop @ epoch 401: cos {'ALIFCell_0.input_weights': '1.001', 'ALIFCell_0.recurrent_weights': '0.805', 'ReadOut_0.readout_weights': '0.000'}
[2026-05-19 18:52:57,265][src.modRNN.training.alignment][INFO] -   align diffusion_aligned @ epoch 401: cos {'ALIFCell_0.input_weights': '0.956', 'ALIFCell_0.recurrent_weights': '1.084', 'ReadOut_0.readout_weights': '0.000'}
[2026-05-19 18:52:59,475][src.modRNN.training.alignment][INFO] -   align diffusion_per_step @ epoch 401: cos {'ALIFCell_0.input_weights': '0.871', 'ALIFCell_0.recurrent_weights': '1.043', 'ReadOut_0.readout_weights': '0.000'}
[2026-05-19 18:53:00,759][src.modRNN.training.alignment][INFO] -   align diffusion_fixed @ epoch 401: cos {'ALIFCell_0.input_weights': '0.940', 'ALIFCell_0.recurrent_weights': '1.074', 'ReadOut_0.readout_weights': '0.000'}
[2026-05-19 18:53:33,303][src.modRNN.training.alignment][INFO] - epoch 425  train loss=0.6433  (rule: diffusion)
[2026-05-19 18:54:07,002][src.modRNN.training.alignment][INFO] - epoch 450  train loss=0.5831  (rule: diffusion)
[2026-05-19 18:54:09,783][src.modRNN.training.alignment][INFO] -   align BPTT @ epoch 451: cos {'ALIFCell_0.input_weights': '0.000', 'ALIFCell_0.recurrent_weights': '0.000', 'ReadOut_0.readout_weights': '0.000'}
[2026-05-19 18:54:10,806][src.modRNN.training.alignment][INFO] -   align eprop @ epoch 451: cos {'ALIFCell_0.input_weights': '0.707', 'ALIFCell_0.recurrent_weights': '0.754', 'ReadOut_0.readout_weights': '0.000'}
[2026-05-19 18:54:12,110][src.modRNN.training.alignment][INFO] -   align diffusion_aligned @ epoch 451: cos {'ALIFCell_0.input_weights': '0.824', 'ALIFCell_0.recurrent_weights': '0.888', 'ReadOut_0.readout_weights': '0.000'}
[2026-05-19 18:54:14,328][src.modRNN.training.alignment][INFO] -   align diffusion_per_step @ epoch 451: cos {'ALIFCell_0.input_weights': '0.760', 'ALIFCell_0.recurrent_weights': '0.814', 'ReadOut_0.readout_weights': '0.000'}
[2026-05-19 18:54:15,618][src.modRNN.training.alignment][INFO] -   align diffusion_fixed @ epoch 451: cos {'ALIFCell_0.input_weights': '0.758', 'ALIFCell_0.recurrent_weights': '0.825', 'ReadOut_0.readout_weights': '0.000'}
[2026-05-19 18:54:48,064][src.modRNN.training.alignment][INFO] - epoch 475  train loss=0.6272  (rule: diffusion)
[2026-05-19 18:55:21,884][src.modRNN.training.alignment][INFO] - epoch 500  train loss=0.5756  (rule: diffusion)
[2026-05-19 18:55:24,668][src.modRNN.training.alignment][INFO] -   align BPTT @ epoch 501: cos {'ALIFCell_0.input_weights': '0.000', 'ALIFCell_0.recurrent_weights': '0.000', 'ReadOut_0.readout_weights': '0.000'}
[2026-05-19 18:55:25,690][src.modRNN.training.alignment][INFO] -   align eprop @ epoch 501: cos {'ALIFCell_0.input_weights': '0.922', 'ALIFCell_0.recurrent_weights': '0.890', 'ReadOut_0.readout_weights': '0.000'}
[2026-05-19 18:55:26,996][src.modRNN.training.alignment][INFO] -   align diffusion_aligned @ epoch 501: cos {'ALIFCell_0.input_weights': '0.893', 'ALIFCell_0.recurrent_weights': '0.891', 'ReadOut_0.readout_weights': '0.000'}
[2026-05-19 18:55:29,214][src.modRNN.training.alignment][INFO] -   align diffusion_per_step @ epoch 501: cos {'ALIFCell_0.input_weights': '0.882', 'ALIFCell_0.recurrent_weights': '0.903', 'ReadOut_0.readout_weights': '0.000'}
[2026-05-19 18:55:30,507][src.modRNN.training.alignment][INFO] -   align diffusion_fixed @ epoch 501: cos {'ALIFCell_0.input_weights': '0.910', 'ALIFCell_0.recurrent_weights': '0.865', 'ReadOut_0.readout_weights': '0.000'}
[2026-05-19 18:56:02,814][src.modRNN.training.alignment][INFO] - epoch 525  train loss=0.5379  (rule: diffusion)
[2026-05-19 18:56:36,704][src.modRNN.training.alignment][INFO] - epoch 550  train loss=0.4606  (rule: diffusion)
[2026-05-19 18:56:39,476][src.modRNN.training.alignment][INFO] -   align BPTT @ epoch 551: cos {'ALIFCell_0.input_weights': '0.000', 'ALIFCell_0.recurrent_weights': '0.000', 'ReadOut_0.readout_weights': '0.000'}
[2026-05-19 18:56:40,501][src.modRNN.training.alignment][INFO] -   align eprop @ epoch 551: cos {'ALIFCell_0.input_weights': '1.149', 'ALIFCell_0.recurrent_weights': '0.991', 'ReadOut_0.readout_weights': '0.000'}
[2026-05-19 18:56:41,799][src.modRNN.training.alignment][INFO] -   align diffusion_aligned @ epoch 551: cos {'ALIFCell_0.input_weights': '1.216', 'ALIFCell_0.recurrent_weights': '1.160', 'ReadOut_0.readout_weights': '0.000'}
[2026-05-19 18:56:44,010][src.modRNN.training.alignment][INFO] -   align diffusion_per_step @ epoch 551: cos {'ALIFCell_0.input_weights': '1.192', 'ALIFCell_0.recurrent_weights': '1.092', 'ReadOut_0.readout_weights': '0.000'}
[2026-05-19 18:56:45,296][src.modRNN.training.alignment][INFO] -   align diffusion_fixed @ epoch 551: cos {'ALIFCell_0.input_weights': '1.203', 'ALIFCell_0.recurrent_weights': '1.034', 'ReadOut_0.readout_weights': '0.000'}
[2026-05-19 18:57:17,948][src.modRNN.training.alignment][INFO] - epoch 575  train loss=0.6018  (rule: diffusion)
[2026-05-19 18:57:52,018][src.modRNN.training.alignment][INFO] - epoch 600  train loss=0.5316  (rule: diffusion)
[2026-05-19 18:57:54,822][src.modRNN.training.alignment][INFO] -   align BPTT @ epoch 601: cos {'ALIFCell_0.input_weights': '0.000', 'ALIFCell_0.recurrent_weights': '0.000', 'ReadOut_0.readout_weights': '0.000'}
[2026-05-19 18:57:55,856][src.modRNN.training.alignment][INFO] -   align eprop @ epoch 601: cos {'ALIFCell_0.input_weights': '1.009', 'ALIFCell_0.recurrent_weights': '0.860', 'ReadOut_0.readout_weights': '0.000'}
[2026-05-19 18:57:57,166][src.modRNN.training.alignment][INFO] -   align diffusion_aligned @ epoch 601: cos {'ALIFCell_0.input_weights': '1.237', 'ALIFCell_0.recurrent_weights': '0.992', 'ReadOut_0.readout_weights': '0.000'}
[2026-05-19 18:57:59,404][src.modRNN.training.alignment][INFO] -   align diffusion_per_step @ epoch 601: cos {'ALIFCell_0.input_weights': '1.164', 'ALIFCell_0.recurrent_weights': '0.975', 'ReadOut_0.readout_weights': '0.000'}
[2026-05-19 18:58:00,704][src.modRNN.training.alignment][INFO] -   align diffusion_fixed @ epoch 601: cos {'ALIFCell_0.input_weights': '1.142', 'ALIFCell_0.recurrent_weights': '0.902', 'ReadOut_0.readout_weights': '0.000'}
[2026-05-19 18:58:33,553][src.modRNN.training.alignment][INFO] - epoch 625  train loss=0.5065  (rule: diffusion)
[2026-05-19 18:59:07,566][src.modRNN.training.alignment][INFO] - epoch 650  train loss=0.5489  (rule: diffusion)
[2026-05-19 18:59:10,380][src.modRNN.training.alignment][INFO] -   align BPTT @ epoch 651: cos {'ALIFCell_0.input_weights': '0.000', 'ALIFCell_0.recurrent_weights': '0.000', 'ReadOut_0.readout_weights': '0.000'}
[2026-05-19 18:59:11,413][src.modRNN.training.alignment][INFO] -   align eprop @ epoch 651: cos {'ALIFCell_0.input_weights': '1.093', 'ALIFCell_0.recurrent_weights': '1.238', 'ReadOut_0.readout_weights': '0.000'}
[2026-05-19 18:59:12,730][src.modRNN.training.alignment][INFO] -   align diffusion_aligned @ epoch 651: cos {'ALIFCell_0.input_weights': '1.155', 'ALIFCell_0.recurrent_weights': '1.182', 'ReadOut_0.readout_weights': '0.000'}
[2026-05-19 18:59:14,973][src.modRNN.training.alignment][INFO] -   align diffusion_per_step @ epoch 651: cos {'ALIFCell_0.input_weights': '1.189', 'ALIFCell_0.recurrent_weights': '1.185', 'ReadOut_0.readout_weights': '0.000'}
[2026-05-19 18:59:16,278][src.modRNN.training.alignment][INFO] -   align diffusion_fixed @ epoch 651: cos {'ALIFCell_0.input_weights': '1.146', 'ALIFCell_0.recurrent_weights': '1.199', 'ReadOut_0.readout_weights': '0.000'}
[2026-05-19 18:59:48,962][src.modRNN.training.alignment][INFO] - epoch 675  train loss=0.6355  (rule: diffusion)
[2026-05-19 19:00:23,063][src.modRNN.training.alignment][INFO] - epoch 700  train loss=0.5625  (rule: diffusion)
[2026-05-19 19:00:25,875][src.modRNN.training.alignment][INFO] -   align BPTT @ epoch 701: cos {'ALIFCell_0.input_weights': '0.000', 'ALIFCell_0.recurrent_weights': '0.000', 'ReadOut_0.readout_weights': '0.000'}
[2026-05-19 19:00:26,907][src.modRNN.training.alignment][INFO] -   align eprop @ epoch 701: cos {'ALIFCell_0.input_weights': '0.992', 'ALIFCell_0.recurrent_weights': '1.073', 'ReadOut_0.readout_weights': '0.000'}
[2026-05-19 19:00:28,229][src.modRNN.training.alignment][INFO] -   align diffusion_aligned @ epoch 701: cos {'ALIFCell_0.input_weights': '1.021', 'ALIFCell_0.recurrent_weights': '1.047', 'ReadOut_0.readout_weights': '0.000'}
[2026-05-19 19:00:30,471][src.modRNN.training.alignment][INFO] -   align diffusion_per_step @ epoch 701: cos {'ALIFCell_0.input_weights': '1.005', 'ALIFCell_0.recurrent_weights': '1.000', 'ReadOut_0.readout_weights': '0.000'}
[2026-05-19 19:00:31,776][src.modRNN.training.alignment][INFO] -   align diffusion_fixed @ epoch 701: cos {'ALIFCell_0.input_weights': '0.994', 'ALIFCell_0.recurrent_weights': '0.974', 'ReadOut_0.readout_weights': '0.000'}
[2026-05-19 19:01:04,454][src.modRNN.training.alignment][INFO] - epoch 725  train loss=0.4487  (rule: diffusion)
[2026-05-19 19:01:38,616][src.modRNN.training.alignment][INFO] - epoch 750  train loss=0.4828  (rule: diffusion)
[2026-05-19 19:01:41,398][src.modRNN.training.alignment][INFO] -   align BPTT @ epoch 751: cos {'ALIFCell_0.input_weights': '0.000', 'ALIFCell_0.recurrent_weights': '0.000', 'ReadOut_0.readout_weights': '0.000'}
[2026-05-19 19:01:42,415][src.modRNN.training.alignment][INFO] -   align eprop @ epoch 751: cos {'ALIFCell_0.input_weights': '1.079', 'ALIFCell_0.recurrent_weights': '1.012', 'ReadOut_0.readout_weights': '0.000'}
[2026-05-19 19:01:43,710][src.modRNN.training.alignment][INFO] -   align diffusion_aligned @ epoch 751: cos {'ALIFCell_0.input_weights': '1.164', 'ALIFCell_0.recurrent_weights': '1.157', 'ReadOut_0.readout_weights': '0.000'}
[2026-05-19 19:01:45,923][src.modRNN.training.alignment][INFO] -   align diffusion_per_step @ epoch 751: cos {'ALIFCell_0.input_weights': '1.151', 'ALIFCell_0.recurrent_weights': '1.121', 'ReadOut_0.readout_weights': '0.000'}
[2026-05-19 19:01:47,210][src.modRNN.training.alignment][INFO] -   align diffusion_fixed @ epoch 751: cos {'ALIFCell_0.input_weights': '1.155', 'ALIFCell_0.recurrent_weights': '1.093', 'ReadOut_0.readout_weights': '0.000'}
[2026-05-19 19:02:19,672][src.modRNN.training.alignment][INFO] - epoch 775  train loss=0.5095  (rule: diffusion)
[2026-05-19 19:02:53,472][src.modRNN.training.alignment][INFO] - epoch 800  train loss=0.3913  (rule: diffusion)
[2026-05-19 19:02:56,247][src.modRNN.training.alignment][INFO] -   align BPTT @ epoch 801: cos {'ALIFCell_0.input_weights': '0.000', 'ALIFCell_0.recurrent_weights': '0.000', 'ReadOut_0.readout_weights': '0.000'}
[2026-05-19 19:02:57,264][src.modRNN.training.alignment][INFO] -   align eprop @ epoch 801: cos {'ALIFCell_0.input_weights': '1.185', 'ALIFCell_0.recurrent_weights': '1.019', 'ReadOut_0.readout_weights': '0.000'}
[2026-05-19 19:02:58,572][src.modRNN.training.alignment][INFO] -   align diffusion_aligned @ epoch 801: cos {'ALIFCell_0.input_weights': '1.228', 'ALIFCell_0.recurrent_weights': '1.095', 'ReadOut_0.readout_weights': '0.000'}
[2026-05-19 19:03:00,785][src.modRNN.training.alignment][INFO] -   align diffusion_per_step @ epoch 801: cos {'ALIFCell_0.input_weights': '1.197', 'ALIFCell_0.recurrent_weights': '1.062', 'ReadOut_0.readout_weights': '0.000'}
[2026-05-19 19:03:02,088][src.modRNN.training.alignment][INFO] -   align diffusion_fixed @ epoch 801: cos {'ALIFCell_0.input_weights': '1.146', 'ALIFCell_0.recurrent_weights': '1.031', 'ReadOut_0.readout_weights': '0.000'}
[2026-05-19 19:03:34,629][src.modRNN.training.alignment][INFO] - epoch 825  train loss=0.4981  (rule: diffusion)
[2026-05-19 19:04:08,465][src.modRNN.training.alignment][INFO] - epoch 850  train loss=0.5902  (rule: diffusion)
[2026-05-19 19:04:11,249][src.modRNN.training.alignment][INFO] -   align BPTT @ epoch 851: cos {'ALIFCell_0.input_weights': '0.000', 'ALIFCell_0.recurrent_weights': '0.000', 'ReadOut_0.readout_weights': '0.000'}
[2026-05-19 19:04:12,270][src.modRNN.training.alignment][INFO] -   align eprop @ epoch 851: cos {'ALIFCell_0.input_weights': '1.099', 'ALIFCell_0.recurrent_weights': '1.198', 'ReadOut_0.readout_weights': '0.000'}
[2026-05-19 19:04:13,575][src.modRNN.training.alignment][INFO] -   align diffusion_aligned @ epoch 851: cos {'ALIFCell_0.input_weights': '0.993', 'ALIFCell_0.recurrent_weights': '1.006', 'ReadOut_0.readout_weights': '0.000'}
[2026-05-19 19:04:15,792][src.modRNN.training.alignment][INFO] -   align diffusion_per_step @ epoch 851: cos {'ALIFCell_0.input_weights': '0.992', 'ALIFCell_0.recurrent_weights': '0.976', 'ReadOut_0.readout_weights': '0.000'}
[2026-05-19 19:04:17,084][src.modRNN.training.alignment][INFO] -   align diffusion_fixed @ epoch 851: cos {'ALIFCell_0.input_weights': '1.065', 'ALIFCell_0.recurrent_weights': '0.916', 'ReadOut_0.readout_weights': '0.000'}
[2026-05-19 19:04:49,525][src.modRNN.training.alignment][INFO] - epoch 875  train loss=0.6019  (rule: diffusion)
[2026-05-19 19:05:23,362][src.modRNN.training.alignment][INFO] - epoch 900  train loss=0.4429  (rule: diffusion)
[2026-05-19 19:05:26,145][src.modRNN.training.alignment][INFO] -   align BPTT @ epoch 901: cos {'ALIFCell_0.input_weights': '0.000', 'ALIFCell_0.recurrent_weights': '0.000', 'ReadOut_0.readout_weights': '0.000'}
[2026-05-19 19:05:27,169][src.modRNN.training.alignment][INFO] -   align eprop @ epoch 901: cos {'ALIFCell_0.input_weights': '1.059', 'ALIFCell_0.recurrent_weights': '0.761', 'ReadOut_0.readout_weights': '0.000'}
[2026-05-19 19:05:28,477][src.modRNN.training.alignment][INFO] -   align diffusion_aligned @ epoch 901: cos {'ALIFCell_0.input_weights': '1.171', 'ALIFCell_0.recurrent_weights': '0.876', 'ReadOut_0.readout_weights': '0.000'}
[2026-05-19 19:05:30,699][src.modRNN.training.alignment][INFO] -   align diffusion_per_step @ epoch 901: cos {'ALIFCell_0.input_weights': '1.322', 'ALIFCell_0.recurrent_weights': '0.910', 'ReadOut_0.readout_weights': '0.000'}
[2026-05-19 19:05:31,987][src.modRNN.training.alignment][INFO] -   align diffusion_fixed @ epoch 901: cos {'ALIFCell_0.input_weights': '1.467', 'ALIFCell_0.recurrent_weights': '0.995', 'ReadOut_0.readout_weights': '0.000'}
[2026-05-19 19:06:04,313][src.modRNN.training.alignment][INFO] - epoch 925  train loss=0.4105  (rule: diffusion)
[2026-05-19 19:06:38,177][src.modRNN.training.alignment][INFO] - epoch 950  train loss=0.3350  (rule: diffusion)
[2026-05-19 19:06:40,954][src.modRNN.training.alignment][INFO] -   align BPTT @ epoch 951: cos {'ALIFCell_0.input_weights': '0.000', 'ALIFCell_0.recurrent_weights': '0.000', 'ReadOut_0.readout_weights': '0.000'}
[2026-05-19 19:06:41,971][src.modRNN.training.alignment][INFO] -   align eprop @ epoch 951: cos {'ALIFCell_0.input_weights': '1.216', 'ALIFCell_0.recurrent_weights': '1.045', 'ReadOut_0.readout_weights': '0.000'}
[2026-05-19 19:06:43,273][src.modRNN.training.alignment][INFO] -   align diffusion_aligned @ epoch 951: cos {'ALIFCell_0.input_weights': '1.467', 'ALIFCell_0.recurrent_weights': '1.237', 'ReadOut_0.readout_weights': '0.000'}
[2026-05-19 19:06:45,485][src.modRNN.training.alignment][INFO] -   align diffusion_per_step @ epoch 951: cos {'ALIFCell_0.input_weights': '1.389', 'ALIFCell_0.recurrent_weights': '1.160', 'ReadOut_0.readout_weights': '0.000'}
[2026-05-19 19:06:46,782][src.modRNN.training.alignment][INFO] -   align diffusion_fixed @ epoch 951: cos {'ALIFCell_0.input_weights': '1.417', 'ALIFCell_0.recurrent_weights': '1.156', 'ReadOut_0.readout_weights': '0.000'}
[2026-05-19 19:07:19,237][src.modRNN.training.alignment][INFO] - epoch 975  train loss=0.3835  (rule: diffusion)
[2026-05-19 19:07:53,009][src.modRNN.training.alignment][INFO] - epoch 1000  train loss=0.4095  (rule: diffusion)
[2026-05-19 19:07:55,778][src.modRNN.training.alignment][INFO] -   align BPTT @ epoch 1001: cos {'ALIFCell_0.input_weights': '0.000', 'ALIFCell_0.recurrent_weights': '0.000', 'ReadOut_0.readout_weights': '0.000'}
[2026-05-19 19:07:56,793][src.modRNN.training.alignment][INFO] -   align eprop @ epoch 1001: cos {'ALIFCell_0.input_weights': '0.967', 'ALIFCell_0.recurrent_weights': '0.898', 'ReadOut_0.readout_weights': '0.000'}
[2026-05-19 19:07:58,088][src.modRNN.training.alignment][INFO] -   align diffusion_aligned @ epoch 1001: cos {'ALIFCell_0.input_weights': '0.983', 'ALIFCell_0.recurrent_weights': '0.994', 'ReadOut_0.readout_weights': '0.000'}
[2026-05-19 19:08:00,297][src.modRNN.training.alignment][INFO] -   align diffusion_per_step @ epoch 1001: cos {'ALIFCell_0.input_weights': '0.936', 'ALIFCell_0.recurrent_weights': '0.926', 'ReadOut_0.readout_weights': '0.000'}
[2026-05-19 19:08:01,597][src.modRNN.training.alignment][INFO] -   align diffusion_fixed @ epoch 1001: cos {'ALIFCell_0.input_weights': '0.889', 'ALIFCell_0.recurrent_weights': '0.900', 'ReadOut_0.readout_weights': '0.000'}
[2026-05-19 19:08:34,147][src.modRNN.training.alignment][INFO] - epoch 1025  train loss=0.3831  (rule: diffusion)
[2026-05-19 19:09:07,858][src.modRNN.training.alignment][INFO] - epoch 1050  train loss=0.3321  (rule: diffusion)
[2026-05-19 19:09:10,644][src.modRNN.training.alignment][INFO] -   align BPTT @ epoch 1051: cos {'ALIFCell_0.input_weights': '0.000', 'ALIFCell_0.recurrent_weights': '0.000', 'ReadOut_0.readout_weights': '0.000'}
[2026-05-19 19:09:11,669][src.modRNN.training.alignment][INFO] -   align eprop @ epoch 1051: cos {'ALIFCell_0.input_weights': '1.026', 'ALIFCell_0.recurrent_weights': '0.989', 'ReadOut_0.readout_weights': '0.000'}
[2026-05-19 19:09:12,974][src.modRNN.training.alignment][INFO] -   align diffusion_aligned @ epoch 1051: cos {'ALIFCell_0.input_weights': '1.252', 'ALIFCell_0.recurrent_weights': '0.934', 'ReadOut_0.readout_weights': '0.000'}
[2026-05-19 19:09:15,190][src.modRNN.training.alignment][INFO] -   align diffusion_per_step @ epoch 1051: cos {'ALIFCell_0.input_weights': '1.112', 'ALIFCell_0.recurrent_weights': '0.909', 'ReadOut_0.readout_weights': '0.000'}
[2026-05-19 19:09:16,483][src.modRNN.training.alignment][INFO] -   align diffusion_fixed @ epoch 1051: cos {'ALIFCell_0.input_weights': '1.125', 'ALIFCell_0.recurrent_weights': '0.871', 'ReadOut_0.readout_weights': '0.000'}
[2026-05-19 19:09:48,888][src.modRNN.training.alignment][INFO] - epoch 1075  train loss=0.3554  (rule: diffusion)
[2026-05-19 19:10:22,682][src.modRNN.training.alignment][INFO] - epoch 1100  train loss=0.3259  (rule: diffusion)
[2026-05-19 19:10:25,466][src.modRNN.training.alignment][INFO] -   align BPTT @ epoch 1101: cos {'ALIFCell_0.input_weights': '0.000', 'ALIFCell_0.recurrent_weights': '0.000', 'ReadOut_0.readout_weights': '0.000'}
[2026-05-19 19:10:26,490][src.modRNN.training.alignment][INFO] -   align eprop @ epoch 1101: cos {'ALIFCell_0.input_weights': '1.044', 'ALIFCell_0.recurrent_weights': '0.909', 'ReadOut_0.readout_weights': '0.000'}
[2026-05-19 19:10:27,794][src.modRNN.training.alignment][INFO] -   align diffusion_aligned @ epoch 1101: cos {'ALIFCell_0.input_weights': '1.060', 'ALIFCell_0.recurrent_weights': '0.915', 'ReadOut_0.readout_weights': '0.000'}
[2026-05-19 19:10:30,010][src.modRNN.training.alignment][INFO] -   align diffusion_per_step @ epoch 1101: cos {'ALIFCell_0.input_weights': '1.043', 'ALIFCell_0.recurrent_weights': '0.883', 'ReadOut_0.readout_weights': '0.000'}
[2026-05-19 19:10:31,300][src.modRNN.training.alignment][INFO] -   align diffusion_fixed @ epoch 1101: cos {'ALIFCell_0.input_weights': '1.041', 'ALIFCell_0.recurrent_weights': '0.907', 'ReadOut_0.readout_weights': '0.000'}
[2026-05-19 19:11:03,631][src.modRNN.training.alignment][INFO] - epoch 1125  train loss=0.3375  (rule: diffusion)
[2026-05-19 19:11:37,517][src.modRNN.training.alignment][INFO] - epoch 1150  train loss=0.4038  (rule: diffusion)
[2026-05-19 19:11:40,292][src.modRNN.training.alignment][INFO] -   align BPTT @ epoch 1151: cos {'ALIFCell_0.input_weights': '0.000', 'ALIFCell_0.recurrent_weights': '0.000', 'ReadOut_0.readout_weights': '0.000'}
[2026-05-19 19:11:41,307][src.modRNN.training.alignment][INFO] -   align eprop @ epoch 1151: cos {'ALIFCell_0.input_weights': '0.940', 'ALIFCell_0.recurrent_weights': '1.117', 'ReadOut_0.readout_weights': '0.000'}
[2026-05-19 19:11:42,604][src.modRNN.training.alignment][INFO] -   align diffusion_aligned @ epoch 1151: cos {'ALIFCell_0.input_weights': '1.219', 'ALIFCell_0.recurrent_weights': '1.141', 'ReadOut_0.readout_weights': '0.000'}
[2026-05-19 19:11:44,814][src.modRNN.training.alignment][INFO] -   align diffusion_per_step @ epoch 1151: cos {'ALIFCell_0.input_weights': '1.031', 'ALIFCell_0.recurrent_weights': '1.060', 'ReadOut_0.readout_weights': '0.000'}
[2026-05-19 19:11:46,100][src.modRNN.training.alignment][INFO] -   align diffusion_fixed @ epoch 1151: cos {'ALIFCell_0.input_weights': '1.079', 'ALIFCell_0.recurrent_weights': '1.083', 'ReadOut_0.readout_weights': '0.000'}
[2026-05-19 19:12:18,721][src.modRNN.training.alignment][INFO] - epoch 1175  train loss=0.3699  (rule: diffusion)
[2026-05-19 19:12:52,715][src.modRNN.training.alignment][INFO] - epoch 1200  train loss=0.3525  (rule: diffusion)
[2026-05-19 19:12:55,515][src.modRNN.training.alignment][INFO] -   align BPTT @ epoch 1201: cos {'ALIFCell_0.input_weights': '0.000', 'ALIFCell_0.recurrent_weights': '0.000', 'ReadOut_0.readout_weights': '0.000'}
[2026-05-19 19:12:56,540][src.modRNN.training.alignment][INFO] -   align eprop @ epoch 1201: cos {'ALIFCell_0.input_weights': '1.238', 'ALIFCell_0.recurrent_weights': '1.242', 'ReadOut_0.readout_weights': '0.000'}
[2026-05-19 19:12:57,852][src.modRNN.training.alignment][INFO] -   align diffusion_aligned @ epoch 1201: cos {'ALIFCell_0.input_weights': '1.194', 'ALIFCell_0.recurrent_weights': '1.207', 'ReadOut_0.readout_weights': '0.000'}
[2026-05-19 19:13:00,087][src.modRNN.training.alignment][INFO] -   align diffusion_per_step @ epoch 1201: cos {'ALIFCell_0.input_weights': '1.146', 'ALIFCell_0.recurrent_weights': '1.157', 'ReadOut_0.readout_weights': '0.000'}
[2026-05-19 19:13:01,386][src.modRNN.training.alignment][INFO] -   align diffusion_fixed @ epoch 1201: cos {'ALIFCell_0.input_weights': '1.096', 'ALIFCell_0.recurrent_weights': '1.112', 'ReadOut_0.readout_weights': '0.000'}
[2026-05-19 19:13:34,212][src.modRNN.training.alignment][INFO] - epoch 1225  train loss=0.4699  (rule: diffusion)
[2026-05-19 19:14:08,222][src.modRNN.training.alignment][INFO] - epoch 1250  train loss=0.4517  (rule: diffusion)
[2026-05-19 19:14:11,037][src.modRNN.training.alignment][INFO] -   align BPTT @ epoch 1251: cos {'ALIFCell_0.input_weights': '0.000', 'ALIFCell_0.recurrent_weights': '0.000', 'ReadOut_0.readout_weights': '0.000'}
[2026-05-19 19:14:12,069][src.modRNN.training.alignment][INFO] -   align eprop @ epoch 1251: cos {'ALIFCell_0.input_weights': '1.187', 'ALIFCell_0.recurrent_weights': '0.960', 'ReadOut_0.readout_weights': '0.000'}
[2026-05-19 19:14:13,387][src.modRNN.training.alignment][INFO] -   align diffusion_aligned @ epoch 1251: cos {'ALIFCell_0.input_weights': '1.164', 'ALIFCell_0.recurrent_weights': '0.952', 'ReadOut_0.readout_weights': '0.000'}
[2026-05-19 19:14:15,625][src.modRNN.training.alignment][INFO] -   align diffusion_per_step @ epoch 1251: cos {'ALIFCell_0.input_weights': '1.137', 'ALIFCell_0.recurrent_weights': '0.987', 'ReadOut_0.readout_weights': '0.000'}
[2026-05-19 19:14:16,930][src.modRNN.training.alignment][INFO] -   align diffusion_fixed @ epoch 1251: cos {'ALIFCell_0.input_weights': '1.115', 'ALIFCell_0.recurrent_weights': '0.924', 'ReadOut_0.readout_weights': '0.000'}
[2026-05-19 19:14:49,691][src.modRNN.training.alignment][INFO] - epoch 1275  train loss=0.3383  (rule: diffusion)
[2026-05-19 19:15:23,892][src.modRNN.training.alignment][INFO] - epoch 1300  train loss=0.3398  (rule: diffusion)
[2026-05-19 19:15:26,705][src.modRNN.training.alignment][INFO] -   align BPTT @ epoch 1301: cos {'ALIFCell_0.input_weights': '0.000', 'ALIFCell_0.recurrent_weights': '0.000', 'ReadOut_0.readout_weights': '0.000'}
[2026-05-19 19:15:27,738][src.modRNN.training.alignment][INFO] -   align eprop @ epoch 1301: cos {'ALIFCell_0.input_weights': '1.193', 'ALIFCell_0.recurrent_weights': '1.242', 'ReadOut_0.readout_weights': '0.000'}
[2026-05-19 19:15:29,057][src.modRNN.training.alignment][INFO] -   align diffusion_aligned @ epoch 1301: cos {'ALIFCell_0.input_weights': '1.124', 'ALIFCell_0.recurrent_weights': '1.103', 'ReadOut_0.readout_weights': '0.000'}
[2026-05-19 19:15:31,301][src.modRNN.training.alignment][INFO] -   align diffusion_per_step @ epoch 1301: cos {'ALIFCell_0.input_weights': '1.147', 'ALIFCell_0.recurrent_weights': '1.123', 'ReadOut_0.readout_weights': '0.000'}
[2026-05-19 19:15:32,598][src.modRNN.training.alignment][INFO] -   align diffusion_fixed @ epoch 1301: cos {'ALIFCell_0.input_weights': '1.090', 'ALIFCell_0.recurrent_weights': '1.113', 'ReadOut_0.readout_weights': '0.000'}
[2026-05-19 19:16:05,237][src.modRNN.training.alignment][INFO] - epoch 1325  train loss=0.5301  (rule: diffusion)
[2026-05-19 19:16:39,414][src.modRNN.training.alignment][INFO] - epoch 1350  train loss=0.4855  (rule: diffusion)
[2026-05-19 19:16:42,217][src.modRNN.training.alignment][INFO] -   align BPTT @ epoch 1351: cos {'ALIFCell_0.input_weights': '0.000', 'ALIFCell_0.recurrent_weights': '0.000', 'ReadOut_0.readout_weights': '0.000'}
[2026-05-19 19:16:43,242][src.modRNN.training.alignment][INFO] -   align eprop @ epoch 1351: cos {'ALIFCell_0.input_weights': '1.236', 'ALIFCell_0.recurrent_weights': '1.300', 'ReadOut_0.readout_weights': '0.000'}
[2026-05-19 19:16:44,551][src.modRNN.training.alignment][INFO] -   align diffusion_aligned @ epoch 1351: cos {'ALIFCell_0.input_weights': '1.071', 'ALIFCell_0.recurrent_weights': '1.138', 'ReadOut_0.readout_weights': '0.000'}
[2026-05-19 19:16:46,785][src.modRNN.training.alignment][INFO] -   align diffusion_per_step @ epoch 1351: cos {'ALIFCell_0.input_weights': '1.017', 'ALIFCell_0.recurrent_weights': '1.072', 'ReadOut_0.readout_weights': '0.000'}
[2026-05-19 19:16:48,080][src.modRNN.training.alignment][INFO] -   align diffusion_fixed @ epoch 1351: cos {'ALIFCell_0.input_weights': '1.099', 'ALIFCell_0.recurrent_weights': '1.078', 'ReadOut_0.readout_weights': '0.000'}
[2026-05-19 19:17:20,848][src.modRNN.training.alignment][INFO] - epoch 1375  train loss=0.5232  (rule: diffusion)
[2026-05-19 19:17:54,859][src.modRNN.training.alignment][INFO] - epoch 1400  train loss=0.4241  (rule: diffusion)
[2026-05-19 19:17:57,662][src.modRNN.training.alignment][INFO] -   align BPTT @ epoch 1401: cos {'ALIFCell_0.input_weights': '0.000', 'ALIFCell_0.recurrent_weights': '0.000', 'ReadOut_0.readout_weights': '0.000'}
[2026-05-19 19:17:58,687][src.modRNN.training.alignment][INFO] -   align eprop @ epoch 1401: cos {'ALIFCell_0.input_weights': '0.772', 'ALIFCell_0.recurrent_weights': '0.739', 'ReadOut_0.readout_weights': '0.000'}
[2026-05-19 19:17:59,996][src.modRNN.training.alignment][INFO] -   align diffusion_aligned @ epoch 1401: cos {'ALIFCell_0.input_weights': '0.827', 'ALIFCell_0.recurrent_weights': '0.770', 'ReadOut_0.readout_weights': '0.000'}
[2026-05-19 19:18:02,232][src.modRNN.training.alignment][INFO] -   align diffusion_per_step @ epoch 1401: cos {'ALIFCell_0.input_weights': '0.820', 'ALIFCell_0.recurrent_weights': '0.783', 'ReadOut_0.readout_weights': '0.000'}
[2026-05-19 19:18:03,535][src.modRNN.training.alignment][INFO] -   align diffusion_fixed @ epoch 1401: cos {'ALIFCell_0.input_weights': '0.792', 'ALIFCell_0.recurrent_weights': '0.729', 'ReadOut_0.readout_weights': '0.000'}
[2026-05-19 19:18:36,356][src.modRNN.training.alignment][INFO] - epoch 1425  train loss=0.3804  (rule: diffusion)
[2026-05-19 19:19:10,372][src.modRNN.training.alignment][INFO] - epoch 1450  train loss=0.3832  (rule: diffusion)
[2026-05-19 19:19:13,182][src.modRNN.training.alignment][INFO] -   align BPTT @ epoch 1451: cos {'ALIFCell_0.input_weights': '0.000', 'ALIFCell_0.recurrent_weights': '0.000', 'ReadOut_0.readout_weights': '0.000'}
[2026-05-19 19:19:14,215][src.modRNN.training.alignment][INFO] -   align eprop @ epoch 1451: cos {'ALIFCell_0.input_weights': '1.297', 'ALIFCell_0.recurrent_weights': '1.031', 'ReadOut_0.readout_weights': '0.000'}
[2026-05-19 19:19:15,531][src.modRNN.training.alignment][INFO] -   align diffusion_aligned @ epoch 1451: cos {'ALIFCell_0.input_weights': '1.165', 'ALIFCell_0.recurrent_weights': '0.995', 'ReadOut_0.readout_weights': '0.000'}
[2026-05-19 19:19:17,772][src.modRNN.training.alignment][INFO] -   align diffusion_per_step @ epoch 1451: cos {'ALIFCell_0.input_weights': '1.142', 'ALIFCell_0.recurrent_weights': '0.985', 'ReadOut_0.readout_weights': '0.000'}
[2026-05-19 19:19:19,076][src.modRNN.training.alignment][INFO] -   align diffusion_fixed @ epoch 1451: cos {'ALIFCell_0.input_weights': '1.121', 'ALIFCell_0.recurrent_weights': '0.974', 'ReadOut_0.readout_weights': '0.000'}
[2026-05-19 19:19:51,779][src.modRNN.training.alignment][INFO] - epoch 1475  train loss=0.3633  (rule: diffusion)
[2026-05-19 19:20:25,912][src.modRNN.training.alignment][INFO] - epoch 1500  train loss=0.2652  (rule: diffusion)
[2026-05-19 19:20:28,725][src.modRNN.training.alignment][INFO] -   align BPTT @ epoch 1501: cos {'ALIFCell_0.input_weights': '0.000', 'ALIFCell_0.recurrent_weights': '0.000', 'ReadOut_0.readout_weights': '0.000'}
[2026-05-19 19:20:29,759][src.modRNN.training.alignment][INFO] -   align eprop @ epoch 1501: cos {'ALIFCell_0.input_weights': '0.694', 'ALIFCell_0.recurrent_weights': '1.012', 'ReadOut_0.readout_weights': '0.000'}
[2026-05-19 19:20:31,076][src.modRNN.training.alignment][INFO] -   align diffusion_aligned @ epoch 1501: cos {'ALIFCell_0.input_weights': '0.887', 'ALIFCell_0.recurrent_weights': '0.947', 'ReadOut_0.readout_weights': '0.000'}
[2026-05-19 19:20:33,317][src.modRNN.training.alignment][INFO] -   align diffusion_per_step @ epoch 1501: cos {'ALIFCell_0.input_weights': '0.848', 'ALIFCell_0.recurrent_weights': '0.794', 'ReadOut_0.readout_weights': '0.000'}
[2026-05-19 19:20:34,613][src.modRNN.training.alignment][INFO] -   align diffusion_fixed @ epoch 1501: cos {'ALIFCell_0.input_weights': '0.909', 'ALIFCell_0.recurrent_weights': '0.796', 'ReadOut_0.readout_weights': '0.000'}
[2026-05-19 19:21:07,278][src.modRNN.training.alignment][INFO] - epoch 1525  train loss=0.2511  (rule: diffusion)
[2026-05-19 19:21:41,451][src.modRNN.training.alignment][INFO] - epoch 1550  train loss=0.3519  (rule: diffusion)
[2026-05-19 19:21:44,253][src.modRNN.training.alignment][INFO] -   align BPTT @ epoch 1551: cos {'ALIFCell_0.input_weights': '0.000', 'ALIFCell_0.recurrent_weights': '0.000', 'ReadOut_0.readout_weights': '0.000'}
[2026-05-19 19:21:45,278][src.modRNN.training.alignment][INFO] -   align eprop @ epoch 1551: cos {'ALIFCell_0.input_weights': '1.610', 'ALIFCell_0.recurrent_weights': '1.772', 'ReadOut_0.readout_weights': '0.000'}
[2026-05-19 19:21:46,588][src.modRNN.training.alignment][INFO] -   align diffusion_aligned @ epoch 1551: cos {'ALIFCell_0.input_weights': '1.598', 'ALIFCell_0.recurrent_weights': '1.792', 'ReadOut_0.readout_weights': '0.000'}
[2026-05-19 19:21:48,820][src.modRNN.training.alignment][INFO] -   align diffusion_per_step @ epoch 1551: cos {'ALIFCell_0.input_weights': '1.603', 'ALIFCell_0.recurrent_weights': '1.931', 'ReadOut_0.readout_weights': '0.000'}
[2026-05-19 19:21:50,116][src.modRNN.training.alignment][INFO] -   align diffusion_fixed @ epoch 1551: cos {'ALIFCell_0.input_weights': '1.598', 'ALIFCell_0.recurrent_weights': '1.894', 'ReadOut_0.readout_weights': '0.000'}
[2026-05-19 19:22:22,917][src.modRNN.training.alignment][INFO] - epoch 1575  train loss=0.3976  (rule: diffusion)
[2026-05-19 19:22:56,940][src.modRNN.training.alignment][INFO] - epoch 1600  train loss=0.3659  (rule: diffusion)
[2026-05-19 19:22:59,744][src.modRNN.training.alignment][INFO] -   align BPTT @ epoch 1601: cos {'ALIFCell_0.input_weights': '0.000', 'ALIFCell_0.recurrent_weights': '0.000', 'ReadOut_0.readout_weights': '0.000'}
[2026-05-19 19:23:00,770][src.modRNN.training.alignment][INFO] -   align eprop @ epoch 1601: cos {'ALIFCell_0.input_weights': '0.997', 'ALIFCell_0.recurrent_weights': '1.213', 'ReadOut_0.readout_weights': '0.000'}
[2026-05-19 19:23:02,099][src.modRNN.training.alignment][INFO] -   align diffusion_aligned @ epoch 1601: cos {'ALIFCell_0.input_weights': '1.056', 'ALIFCell_0.recurrent_weights': '1.230', 'ReadOut_0.readout_weights': '0.000'}
[2026-05-19 19:23:04,341][src.modRNN.training.alignment][INFO] -   align diffusion_per_step @ epoch 1601: cos {'ALIFCell_0.input_weights': '1.048', 'ALIFCell_0.recurrent_weights': '1.209', 'ReadOut_0.readout_weights': '0.000'}
[2026-05-19 19:23:05,649][src.modRNN.training.alignment][INFO] -   align diffusion_fixed @ epoch 1601: cos {'ALIFCell_0.input_weights': '1.055', 'ALIFCell_0.recurrent_weights': '1.187', 'ReadOut_0.readout_weights': '0.000'}
[2026-05-19 19:23:38,467][src.modRNN.training.alignment][INFO] - epoch 1625  train loss=0.2862  (rule: diffusion)
[2026-05-19 19:24:12,525][src.modRNN.training.alignment][INFO] - epoch 1650  train loss=0.4135  (rule: diffusion)
[2026-05-19 19:24:15,339][src.modRNN.training.alignment][INFO] -   align BPTT @ epoch 1651: cos {'ALIFCell_0.input_weights': '0.000', 'ALIFCell_0.recurrent_weights': '0.000', 'ReadOut_0.readout_weights': '0.000'}
[2026-05-19 19:24:16,373][src.modRNN.training.alignment][INFO] -   align eprop @ epoch 1651: cos {'ALIFCell_0.input_weights': '1.218', 'ALIFCell_0.recurrent_weights': '1.125', 'ReadOut_0.readout_weights': '0.000'}
[2026-05-19 19:24:17,689][src.modRNN.training.alignment][INFO] -   align diffusion_aligned @ epoch 1651: cos {'ALIFCell_0.input_weights': '1.197', 'ALIFCell_0.recurrent_weights': '1.053', 'ReadOut_0.readout_weights': '0.000'}
[2026-05-19 19:24:19,929][src.modRNN.training.alignment][INFO] -   align diffusion_per_step @ epoch 1651: cos {'ALIFCell_0.input_weights': '1.140', 'ALIFCell_0.recurrent_weights': '1.028', 'ReadOut_0.readout_weights': '0.000'}
[2026-05-19 19:24:21,233][src.modRNN.training.alignment][INFO] -   align diffusion_fixed @ epoch 1651: cos {'ALIFCell_0.input_weights': '1.144', 'ALIFCell_0.recurrent_weights': '1.026', 'ReadOut_0.readout_weights': '0.000'}
[2026-05-19 19:24:53,882][src.modRNN.training.alignment][INFO] - epoch 1675  train loss=0.3701  (rule: diffusion)
[2026-05-19 19:25:28,032][src.modRNN.training.alignment][INFO] - epoch 1700  train loss=0.4027  (rule: diffusion)
[2026-05-19 19:25:30,844][src.modRNN.training.alignment][INFO] -   align BPTT @ epoch 1701: cos {'ALIFCell_0.input_weights': '0.000', 'ALIFCell_0.recurrent_weights': '0.000', 'ReadOut_0.readout_weights': '0.000'}
[2026-05-19 19:25:31,873][src.modRNN.training.alignment][INFO] -   align eprop @ epoch 1701: cos {'ALIFCell_0.input_weights': '1.278', 'ALIFCell_0.recurrent_weights': '1.051', 'ReadOut_0.readout_weights': '0.000'}
[2026-05-19 19:25:33,186][src.modRNN.training.alignment][INFO] -   align diffusion_aligned @ epoch 1701: cos {'ALIFCell_0.input_weights': '1.387', 'ALIFCell_0.recurrent_weights': '1.068', 'ReadOut_0.readout_weights': '0.000'}
[2026-05-19 19:25:35,420][src.modRNN.training.alignment][INFO] -   align diffusion_per_step @ epoch 1701: cos {'ALIFCell_0.input_weights': '1.384', 'ALIFCell_0.recurrent_weights': '1.082', 'ReadOut_0.readout_weights': '0.000'}
[2026-05-19 19:25:36,719][src.modRNN.training.alignment][INFO] -   align diffusion_fixed @ epoch 1701: cos {'ALIFCell_0.input_weights': '1.370', 'ALIFCell_0.recurrent_weights': '1.075', 'ReadOut_0.readout_weights': '0.000'}
[2026-05-19 19:26:09,392][src.modRNN.training.alignment][INFO] - epoch 1725  train loss=0.3547  (rule: diffusion)
[2026-05-19 19:26:43,556][src.modRNN.training.alignment][INFO] - epoch 1750  train loss=0.3327  (rule: diffusion)
[2026-05-19 19:26:46,360][src.modRNN.training.alignment][INFO] -   align BPTT @ epoch 1751: cos {'ALIFCell_0.input_weights': '0.000', 'ALIFCell_0.recurrent_weights': '0.000', 'ReadOut_0.readout_weights': '0.000'}
[2026-05-19 19:26:47,389][src.modRNN.training.alignment][INFO] -   align eprop @ epoch 1751: cos {'ALIFCell_0.input_weights': '1.076', 'ALIFCell_0.recurrent_weights': '1.018', 'ReadOut_0.readout_weights': '0.000'}
[2026-05-19 19:26:48,702][src.modRNN.training.alignment][INFO] -   align diffusion_aligned @ epoch 1751: cos {'ALIFCell_0.input_weights': '1.151', 'ALIFCell_0.recurrent_weights': '0.951', 'ReadOut_0.readout_weights': '0.000'}
[2026-05-19 19:26:50,937][src.modRNN.training.alignment][INFO] -   align diffusion_per_step @ epoch 1751: cos {'ALIFCell_0.input_weights': '1.122', 'ALIFCell_0.recurrent_weights': '0.948', 'ReadOut_0.readout_weights': '0.000'}
[2026-05-19 19:26:52,236][src.modRNN.training.alignment][INFO] -   align diffusion_fixed @ epoch 1751: cos {'ALIFCell_0.input_weights': '1.119', 'ALIFCell_0.recurrent_weights': '0.946', 'ReadOut_0.readout_weights': '0.000'}
[2026-05-19 19:27:25,053][src.modRNN.training.alignment][INFO] - epoch 1775  train loss=0.2987  (rule: diffusion)
[2026-05-19 19:27:59,071][src.modRNN.training.alignment][INFO] - epoch 1800  train loss=0.4097  (rule: diffusion)
[2026-05-19 19:28:01,878][src.modRNN.training.alignment][INFO] -   align BPTT @ epoch 1801: cos {'ALIFCell_0.input_weights': '0.000', 'ALIFCell_0.recurrent_weights': '0.000', 'ReadOut_0.readout_weights': '0.000'}
[2026-05-19 19:28:02,925][src.modRNN.training.alignment][INFO] -   align eprop @ epoch 1801: cos {'ALIFCell_0.input_weights': '1.068', 'ALIFCell_0.recurrent_weights': '1.182', 'ReadOut_0.readout_weights': '0.000'}
[2026-05-19 19:28:04,242][src.modRNN.training.alignment][INFO] -   align diffusion_aligned @ epoch 1801: cos {'ALIFCell_0.input_weights': '1.065', 'ALIFCell_0.recurrent_weights': '1.121', 'ReadOut_0.readout_weights': '0.000'}
[2026-05-19 19:28:06,483][src.modRNN.training.alignment][INFO] -   align diffusion_per_step @ epoch 1801: cos {'ALIFCell_0.input_weights': '1.051', 'ALIFCell_0.recurrent_weights': '1.135', 'ReadOut_0.readout_weights': '0.000'}
[2026-05-19 19:28:07,790][src.modRNN.training.alignment][INFO] -   align diffusion_fixed @ epoch 1801: cos {'ALIFCell_0.input_weights': '1.047', 'ALIFCell_0.recurrent_weights': '1.102', 'ReadOut_0.readout_weights': '0.000'}
[2026-05-19 19:28:40,566][src.modRNN.training.alignment][INFO] - epoch 1825  train loss=0.3049  (rule: diffusion)
[2026-05-19 19:29:14,626][src.modRNN.training.alignment][INFO] - epoch 1850  train loss=0.4469  (rule: diffusion)
[2026-05-19 19:29:17,445][src.modRNN.training.alignment][INFO] -   align BPTT @ epoch 1851: cos {'ALIFCell_0.input_weights': '0.000', 'ALIFCell_0.recurrent_weights': '0.000', 'ReadOut_0.readout_weights': '0.000'}
[2026-05-19 19:29:18,477][src.modRNN.training.alignment][INFO] -   align eprop @ epoch 1851: cos {'ALIFCell_0.input_weights': '1.108', 'ALIFCell_0.recurrent_weights': '0.942', 'ReadOut_0.readout_weights': '0.000'}
[2026-05-19 19:29:19,794][src.modRNN.training.alignment][INFO] -   align diffusion_aligned @ epoch 1851: cos {'ALIFCell_0.input_weights': '0.965', 'ALIFCell_0.recurrent_weights': '0.891', 'ReadOut_0.readout_weights': '0.000'}
[2026-05-19 19:29:22,034][src.modRNN.training.alignment][INFO] -   align diffusion_per_step @ epoch 1851: cos {'ALIFCell_0.input_weights': '0.980', 'ALIFCell_0.recurrent_weights': '0.913', 'ReadOut_0.readout_weights': '0.000'}
[2026-05-19 19:29:23,339][src.modRNN.training.alignment][INFO] -   align diffusion_fixed @ epoch 1851: cos {'ALIFCell_0.input_weights': '0.965', 'ALIFCell_0.recurrent_weights': '0.895', 'ReadOut_0.readout_weights': '0.000'}
[2026-05-19 19:29:55,996][src.modRNN.training.alignment][INFO] - epoch 1875  train loss=0.3686  (rule: diffusion)
[2026-05-19 19:30:30,215][src.modRNN.training.alignment][INFO] - epoch 1900  train loss=0.2967  (rule: diffusion)
[2026-05-19 19:30:33,025][src.modRNN.training.alignment][INFO] -   align BPTT @ epoch 1901: cos {'ALIFCell_0.input_weights': '0.000', 'ALIFCell_0.recurrent_weights': '0.000', 'ReadOut_0.readout_weights': '0.000'}
[2026-05-19 19:30:34,050][src.modRNN.training.alignment][INFO] -   align eprop @ epoch 1901: cos {'ALIFCell_0.input_weights': '0.859', 'ALIFCell_0.recurrent_weights': '1.061', 'ReadOut_0.readout_weights': '0.000'}
[2026-05-19 19:30:35,362][src.modRNN.training.alignment][INFO] -   align diffusion_aligned @ epoch 1901: cos {'ALIFCell_0.input_weights': '1.002', 'ALIFCell_0.recurrent_weights': '0.983', 'ReadOut_0.readout_weights': '0.000'}
[2026-05-19 19:30:37,605][src.modRNN.training.alignment][INFO] -   align diffusion_per_step @ epoch 1901: cos {'ALIFCell_0.input_weights': '0.932', 'ALIFCell_0.recurrent_weights': '1.007', 'ReadOut_0.readout_weights': '0.000'}
[2026-05-19 19:30:38,902][src.modRNN.training.alignment][INFO] -   align diffusion_fixed @ epoch 1901: cos {'ALIFCell_0.input_weights': '0.980', 'ALIFCell_0.recurrent_weights': '0.975', 'ReadOut_0.readout_weights': '0.000'}
[2026-05-19 19:31:11,612][src.modRNN.training.alignment][INFO] - epoch 1925  train loss=0.3094  (rule: diffusion)
[2026-05-19 19:31:45,723][src.modRNN.training.alignment][INFO] - epoch 1950  train loss=0.2969  (rule: diffusion)
[2026-05-19 19:31:48,527][src.modRNN.training.alignment][INFO] -   align BPTT @ epoch 1951: cos {'ALIFCell_0.input_weights': '0.000', 'ALIFCell_0.recurrent_weights': '0.000', 'ReadOut_0.readout_weights': '0.000'}
[2026-05-19 19:31:49,555][src.modRNN.training.alignment][INFO] -   align eprop @ epoch 1951: cos {'ALIFCell_0.input_weights': '1.110', 'ALIFCell_0.recurrent_weights': '1.155', 'ReadOut_0.readout_weights': '0.000'}
[2026-05-19 19:31:50,865][src.modRNN.training.alignment][INFO] -   align diffusion_aligned @ epoch 1951: cos {'ALIFCell_0.input_weights': '1.134', 'ALIFCell_0.recurrent_weights': '1.137', 'ReadOut_0.readout_weights': '0.000'}
[2026-05-19 19:31:53,099][src.modRNN.training.alignment][INFO] -   align diffusion_per_step @ epoch 1951: cos {'ALIFCell_0.input_weights': '1.087', 'ALIFCell_0.recurrent_weights': '1.155', 'ReadOut_0.readout_weights': '0.000'}
[2026-05-19 19:31:54,394][src.modRNN.training.alignment][INFO] -   align diffusion_fixed @ epoch 1951: cos {'ALIFCell_0.input_weights': '1.077', 'ALIFCell_0.recurrent_weights': '1.112', 'ReadOut_0.readout_weights': '0.000'}
[2026-05-19 19:32:27,169][src.modRNN.training.alignment][INFO] - epoch 1975  train loss=0.3175  (rule: diffusion)
[2026-05-19 19:33:01,111][src.modRNN.training.alignment][INFO] - epoch 2000  train loss=0.3534  (rule: diffusion)
[2026-05-19 19:33:03,925][src.modRNN.training.alignment][INFO] -   align BPTT @ epoch 2001: cos {'ALIFCell_0.input_weights': '0.000', 'ALIFCell_0.recurrent_weights': '0.000', 'ReadOut_0.readout_weights': '0.000'}
[2026-05-19 19:33:04,957][src.modRNN.training.alignment][INFO] -   align eprop @ epoch 2001: cos {'ALIFCell_0.input_weights': '1.363', 'ALIFCell_0.recurrent_weights': '1.162', 'ReadOut_0.readout_weights': '0.000'}
[2026-05-19 19:33:06,273][src.modRNN.training.alignment][INFO] -   align diffusion_aligned @ epoch 2001: cos {'ALIFCell_0.input_weights': '1.247', 'ALIFCell_0.recurrent_weights': '1.099', 'ReadOut_0.readout_weights': '0.000'}
[2026-05-19 19:33:08,514][src.modRNN.training.alignment][INFO] -   align diffusion_per_step @ epoch 2001: cos {'ALIFCell_0.input_weights': '1.223', 'ALIFCell_0.recurrent_weights': '1.114', 'ReadOut_0.readout_weights': '0.000'}
[2026-05-19 19:33:09,817][src.modRNN.training.alignment][INFO] -   align diffusion_fixed @ epoch 2001: cos {'ALIFCell_0.input_weights': '1.217', 'ALIFCell_0.recurrent_weights': '1.079', 'ReadOut_0.readout_weights': '0.000'}
[2026-05-19 19:33:09,850][src.modRNN.training.alignment][INFO] - Alignment experiment finished. Output dir: /mnt/lustre/work/martius/mot736/neuromodRNN/outputs/cue_accumulation/align_local_connectivity_diffusion_shuffle_fix/seed_424242
