[2026-06-02 19:28:28,150][jax._src.xla_bridge][INFO] - Unable to initialize backend 'rocm': module 'jaxlib.xla_extension' has no attribute 'GpuAllocatorConfig'
[2026-06-02 19:28:28,156][jax._src.xla_bridge][INFO] - Unable to initialize backend 'tpu': INTERNAL: Failed to open libtpu.so: libtpu.so: cannot open shared object file: No such file or directory
[2026-06-02 19:28:36,514][src.modRNN.training.alignment][INFO] - Starting alignment experiment: training with diffusion, measuring alignment of ['BPTT', 'eprop', 'diffusion_aligned', 'diffusion_per_step', 'diffusion_fixed'] every 50 epochs.
[2026-06-02 19:28:41,916][src.modRNN.training.alignment][INFO] - epoch 1  train loss=0.6933  (rule: diffusion)
[2026-06-02 19:28:44,393][src.modRNN.training.alignment][INFO] -   align BPTT @ epoch 1: cos {'ALIFCell_0.input_weights': '0.000', 'ALIFCell_0.recurrent_weights': '0.000', 'ReadOut_0.readout_weights': '0.000'}
[2026-06-02 19:28:46,093][src.modRNN.training.alignment][INFO] -   align eprop @ epoch 1: cos {'ALIFCell_0.input_weights': '0.281', 'ALIFCell_0.recurrent_weights': '0.342', 'ReadOut_0.readout_weights': '0.000'}
[2026-06-02 19:28:48,341][src.modRNN.training.alignment][INFO] -   align diffusion_aligned @ epoch 1: cos {'ALIFCell_0.input_weights': '0.409', 'ALIFCell_0.recurrent_weights': '0.504', 'ReadOut_0.readout_weights': '0.000'}
[2026-06-02 19:28:52,723][src.modRNN.training.alignment][INFO] -   align diffusion_per_step @ epoch 1: cos {'ALIFCell_0.input_weights': '0.345', 'ALIFCell_0.recurrent_weights': '0.485', 'ReadOut_0.readout_weights': '0.000'}
[2026-06-02 19:28:54,943][src.modRNN.training.alignment][INFO] -   align diffusion_fixed @ epoch 1: cos {'ALIFCell_0.input_weights': '0.426', 'ALIFCell_0.recurrent_weights': '0.582', 'ReadOut_0.readout_weights': '0.000'}
[2026-06-02 19:29:25,843][src.modRNN.training.alignment][INFO] - epoch 25  train loss=0.6933  (rule: diffusion)
[2026-06-02 19:29:58,059][src.modRNN.training.alignment][INFO] - epoch 50  train loss=0.6930  (rule: diffusion)
[2026-06-02 19:30:00,720][src.modRNN.training.alignment][INFO] -   align BPTT @ epoch 51: cos {'ALIFCell_0.input_weights': '0.000', 'ALIFCell_0.recurrent_weights': '0.000', 'ReadOut_0.readout_weights': '0.000'}
[2026-06-02 19:30:01,701][src.modRNN.training.alignment][INFO] -   align eprop @ epoch 51: cos {'ALIFCell_0.input_weights': '0.472', 'ALIFCell_0.recurrent_weights': '0.675', 'ReadOut_0.readout_weights': '0.000'}
[2026-06-02 19:30:02,947][src.modRNN.training.alignment][INFO] -   align diffusion_aligned @ epoch 51: cos {'ALIFCell_0.input_weights': '0.541', 'ALIFCell_0.recurrent_weights': '0.669', 'ReadOut_0.readout_weights': '0.000'}
[2026-06-02 19:30:05,032][src.modRNN.training.alignment][INFO] -   align diffusion_per_step @ epoch 51: cos {'ALIFCell_0.input_weights': '0.542', 'ALIFCell_0.recurrent_weights': '0.799', 'ReadOut_0.readout_weights': '0.000'}
[2026-06-02 19:30:06,250][src.modRNN.training.alignment][INFO] -   align diffusion_fixed @ epoch 51: cos {'ALIFCell_0.input_weights': '0.645', 'ALIFCell_0.recurrent_weights': '0.827', 'ReadOut_0.readout_weights': '0.000'}
[2026-06-02 19:30:37,309][src.modRNN.training.alignment][INFO] - epoch 75  train loss=0.6924  (rule: diffusion)
[2026-06-02 19:31:09,650][src.modRNN.training.alignment][INFO] - epoch 100  train loss=0.6913  (rule: diffusion)
[2026-06-02 19:31:12,336][src.modRNN.training.alignment][INFO] -   align BPTT @ epoch 101: cos {'ALIFCell_0.input_weights': '0.000', 'ALIFCell_0.recurrent_weights': '0.000', 'ReadOut_0.readout_weights': '0.000'}
[2026-06-02 19:31:13,328][src.modRNN.training.alignment][INFO] -   align eprop @ epoch 101: cos {'ALIFCell_0.input_weights': '0.807', 'ALIFCell_0.recurrent_weights': '0.637', 'ReadOut_0.readout_weights': '0.000'}
[2026-06-02 19:31:14,585][src.modRNN.training.alignment][INFO] -   align diffusion_aligned @ epoch 101: cos {'ALIFCell_0.input_weights': '0.929', 'ALIFCell_0.recurrent_weights': '0.727', 'ReadOut_0.readout_weights': '0.000'}
[2026-06-02 19:31:16,688][src.modRNN.training.alignment][INFO] -   align diffusion_per_step @ epoch 101: cos {'ALIFCell_0.input_weights': '1.000', 'ALIFCell_0.recurrent_weights': '0.705', 'ReadOut_0.readout_weights': '0.000'}
[2026-06-02 19:31:17,915][src.modRNN.training.alignment][INFO] -   align diffusion_fixed @ epoch 101: cos {'ALIFCell_0.input_weights': '1.090', 'ALIFCell_0.recurrent_weights': '0.751', 'ReadOut_0.readout_weights': '0.000'}
[2026-06-02 19:31:49,141][src.modRNN.training.alignment][INFO] - epoch 125  train loss=0.6610  (rule: diffusion)
[2026-06-02 19:32:21,720][src.modRNN.training.alignment][INFO] - epoch 150  train loss=0.6830  (rule: diffusion)
[2026-06-02 19:32:24,409][src.modRNN.training.alignment][INFO] -   align BPTT @ epoch 151: cos {'ALIFCell_0.input_weights': '0.000', 'ALIFCell_0.recurrent_weights': '0.000', 'ReadOut_0.readout_weights': '0.000'}
[2026-06-02 19:32:25,392][src.modRNN.training.alignment][INFO] -   align eprop @ epoch 151: cos {'ALIFCell_0.input_weights': '0.860', 'ALIFCell_0.recurrent_weights': '0.899', 'ReadOut_0.readout_weights': '0.000'}
[2026-06-02 19:32:26,647][src.modRNN.training.alignment][INFO] -   align diffusion_aligned @ epoch 151: cos {'ALIFCell_0.input_weights': '0.924', 'ALIFCell_0.recurrent_weights': '0.755', 'ReadOut_0.readout_weights': '0.000'}
[2026-06-02 19:32:28,746][src.modRNN.training.alignment][INFO] -   align diffusion_per_step @ epoch 151: cos {'ALIFCell_0.input_weights': '0.939', 'ALIFCell_0.recurrent_weights': '0.733', 'ReadOut_0.readout_weights': '0.000'}
[2026-06-02 19:32:29,971][src.modRNN.training.alignment][INFO] -   align diffusion_fixed @ epoch 151: cos {'ALIFCell_0.input_weights': '1.168', 'ALIFCell_0.recurrent_weights': '0.756', 'ReadOut_0.readout_weights': '0.000'}
[2026-06-02 19:33:01,144][src.modRNN.training.alignment][INFO] - epoch 175  train loss=0.6826  (rule: diffusion)
[2026-06-02 19:33:33,751][src.modRNN.training.alignment][INFO] - epoch 200  train loss=0.6713  (rule: diffusion)
[2026-06-02 19:33:36,427][src.modRNN.training.alignment][INFO] -   align BPTT @ epoch 201: cos {'ALIFCell_0.input_weights': '0.000', 'ALIFCell_0.recurrent_weights': '0.000', 'ReadOut_0.readout_weights': '0.000'}
[2026-06-02 19:33:37,417][src.modRNN.training.alignment][INFO] -   align eprop @ epoch 201: cos {'ALIFCell_0.input_weights': '0.937', 'ALIFCell_0.recurrent_weights': '0.946', 'ReadOut_0.readout_weights': '0.000'}
[2026-06-02 19:33:38,669][src.modRNN.training.alignment][INFO] -   align diffusion_aligned @ epoch 201: cos {'ALIFCell_0.input_weights': '1.017', 'ALIFCell_0.recurrent_weights': '0.870', 'ReadOut_0.readout_weights': '0.000'}
[2026-06-02 19:33:40,767][src.modRNN.training.alignment][INFO] -   align diffusion_per_step @ epoch 201: cos {'ALIFCell_0.input_weights': '0.974', 'ALIFCell_0.recurrent_weights': '0.879', 'ReadOut_0.readout_weights': '0.000'}
[2026-06-02 19:33:41,988][src.modRNN.training.alignment][INFO] -   align diffusion_fixed @ epoch 201: cos {'ALIFCell_0.input_weights': '1.092', 'ALIFCell_0.recurrent_weights': '0.967', 'ReadOut_0.readout_weights': '0.000'}
[2026-06-02 19:34:13,210][src.modRNN.training.alignment][INFO] - epoch 225  train loss=0.6786  (rule: diffusion)
[2026-06-02 19:34:45,762][src.modRNN.training.alignment][INFO] - epoch 250  train loss=0.6128  (rule: diffusion)
[2026-06-02 19:34:48,444][src.modRNN.training.alignment][INFO] -   align BPTT @ epoch 251: cos {'ALIFCell_0.input_weights': '0.000', 'ALIFCell_0.recurrent_weights': '0.000', 'ReadOut_0.readout_weights': '0.000'}
[2026-06-02 19:34:49,423][src.modRNN.training.alignment][INFO] -   align eprop @ epoch 251: cos {'ALIFCell_0.input_weights': '0.928', 'ALIFCell_0.recurrent_weights': '1.106', 'ReadOut_0.readout_weights': '0.000'}
[2026-06-02 19:34:50,675][src.modRNN.training.alignment][INFO] -   align diffusion_aligned @ epoch 251: cos {'ALIFCell_0.input_weights': '0.956', 'ALIFCell_0.recurrent_weights': '1.141', 'ReadOut_0.readout_weights': '0.000'}
[2026-06-02 19:34:52,772][src.modRNN.training.alignment][INFO] -   align diffusion_per_step @ epoch 251: cos {'ALIFCell_0.input_weights': '0.927', 'ALIFCell_0.recurrent_weights': '1.066', 'ReadOut_0.readout_weights': '0.000'}
[2026-06-02 19:34:53,993][src.modRNN.training.alignment][INFO] -   align diffusion_fixed @ epoch 251: cos {'ALIFCell_0.input_weights': '0.971', 'ALIFCell_0.recurrent_weights': '1.148', 'ReadOut_0.readout_weights': '0.000'}
[2026-06-02 19:35:25,278][src.modRNN.training.alignment][INFO] - epoch 275  train loss=0.6651  (rule: diffusion)
[2026-06-02 19:35:57,746][src.modRNN.training.alignment][INFO] - epoch 300  train loss=0.5852  (rule: diffusion)
[2026-06-02 19:36:00,426][src.modRNN.training.alignment][INFO] -   align BPTT @ epoch 301: cos {'ALIFCell_0.input_weights': '0.000', 'ALIFCell_0.recurrent_weights': '0.000', 'ReadOut_0.readout_weights': '0.000'}
[2026-06-02 19:36:01,405][src.modRNN.training.alignment][INFO] -   align eprop @ epoch 301: cos {'ALIFCell_0.input_weights': '0.992', 'ALIFCell_0.recurrent_weights': '0.982', 'ReadOut_0.readout_weights': '0.000'}
[2026-06-02 19:36:02,667][src.modRNN.training.alignment][INFO] -   align diffusion_aligned @ epoch 301: cos {'ALIFCell_0.input_weights': '0.996', 'ALIFCell_0.recurrent_weights': '1.069', 'ReadOut_0.readout_weights': '0.000'}
[2026-06-02 19:36:04,770][src.modRNN.training.alignment][INFO] -   align diffusion_per_step @ epoch 301: cos {'ALIFCell_0.input_weights': '1.088', 'ALIFCell_0.recurrent_weights': '1.040', 'ReadOut_0.readout_weights': '0.000'}
[2026-06-02 19:36:05,993][src.modRNN.training.alignment][INFO] -   align diffusion_fixed @ epoch 301: cos {'ALIFCell_0.input_weights': '1.120', 'ALIFCell_0.recurrent_weights': '1.098', 'ReadOut_0.readout_weights': '0.000'}
[2026-06-02 19:36:37,258][src.modRNN.training.alignment][INFO] - epoch 325  train loss=0.6224  (rule: diffusion)
[2026-06-02 19:37:09,736][src.modRNN.training.alignment][INFO] - epoch 350  train loss=0.6675  (rule: diffusion)
[2026-06-02 19:37:12,422][src.modRNN.training.alignment][INFO] -   align BPTT @ epoch 351: cos {'ALIFCell_0.input_weights': '0.000', 'ALIFCell_0.recurrent_weights': '0.000', 'ReadOut_0.readout_weights': '0.000'}
[2026-06-02 19:37:13,403][src.modRNN.training.alignment][INFO] -   align eprop @ epoch 351: cos {'ALIFCell_0.input_weights': '1.111', 'ALIFCell_0.recurrent_weights': '0.842', 'ReadOut_0.readout_weights': '0.000'}
[2026-06-02 19:37:14,657][src.modRNN.training.alignment][INFO] -   align diffusion_aligned @ epoch 351: cos {'ALIFCell_0.input_weights': '1.082', 'ALIFCell_0.recurrent_weights': '0.884', 'ReadOut_0.readout_weights': '0.000'}
[2026-06-02 19:37:16,758][src.modRNN.training.alignment][INFO] -   align diffusion_per_step @ epoch 351: cos {'ALIFCell_0.input_weights': '1.224', 'ALIFCell_0.recurrent_weights': '0.915', 'ReadOut_0.readout_weights': '0.000'}
[2026-06-02 19:37:17,986][src.modRNN.training.alignment][INFO] -   align diffusion_fixed @ epoch 351: cos {'ALIFCell_0.input_weights': '1.176', 'ALIFCell_0.recurrent_weights': '0.952', 'ReadOut_0.readout_weights': '0.000'}
[2026-06-02 19:37:49,187][src.modRNN.training.alignment][INFO] - epoch 375  train loss=0.6226  (rule: diffusion)
[2026-06-02 19:38:21,738][src.modRNN.training.alignment][INFO] - epoch 400  train loss=0.5905  (rule: diffusion)
[2026-06-02 19:38:24,426][src.modRNN.training.alignment][INFO] -   align BPTT @ epoch 401: cos {'ALIFCell_0.input_weights': '0.000', 'ALIFCell_0.recurrent_weights': '0.000', 'ReadOut_0.readout_weights': '0.000'}
[2026-06-02 19:38:25,407][src.modRNN.training.alignment][INFO] -   align eprop @ epoch 401: cos {'ALIFCell_0.input_weights': '1.127', 'ALIFCell_0.recurrent_weights': '0.943', 'ReadOut_0.readout_weights': '0.000'}
[2026-06-02 19:38:26,662][src.modRNN.training.alignment][INFO] -   align diffusion_aligned @ epoch 401: cos {'ALIFCell_0.input_weights': '1.107', 'ALIFCell_0.recurrent_weights': '1.098', 'ReadOut_0.readout_weights': '0.000'}
[2026-06-02 19:38:28,761][src.modRNN.training.alignment][INFO] -   align diffusion_per_step @ epoch 401: cos {'ALIFCell_0.input_weights': '1.130', 'ALIFCell_0.recurrent_weights': '1.115', 'ReadOut_0.readout_weights': '0.000'}
[2026-06-02 19:38:29,984][src.modRNN.training.alignment][INFO] -   align diffusion_fixed @ epoch 401: cos {'ALIFCell_0.input_weights': '1.159', 'ALIFCell_0.recurrent_weights': '1.255', 'ReadOut_0.readout_weights': '0.000'}
[2026-06-02 19:39:01,126][src.modRNN.training.alignment][INFO] - epoch 425  train loss=0.6416  (rule: diffusion)
[2026-06-02 19:39:33,709][src.modRNN.training.alignment][INFO] - epoch 450  train loss=0.5608  (rule: diffusion)
[2026-06-02 19:39:36,383][src.modRNN.training.alignment][INFO] -   align BPTT @ epoch 451: cos {'ALIFCell_0.input_weights': '0.000', 'ALIFCell_0.recurrent_weights': '0.000', 'ReadOut_0.readout_weights': '0.000'}
[2026-06-02 19:39:37,357][src.modRNN.training.alignment][INFO] -   align eprop @ epoch 451: cos {'ALIFCell_0.input_weights': '1.091', 'ALIFCell_0.recurrent_weights': '0.947', 'ReadOut_0.readout_weights': '0.000'}
[2026-06-02 19:39:38,605][src.modRNN.training.alignment][INFO] -   align diffusion_aligned @ epoch 451: cos {'ALIFCell_0.input_weights': '1.092', 'ALIFCell_0.recurrent_weights': '0.956', 'ReadOut_0.readout_weights': '0.000'}
[2026-06-02 19:39:40,695][src.modRNN.training.alignment][INFO] -   align diffusion_per_step @ epoch 451: cos {'ALIFCell_0.input_weights': '1.230', 'ALIFCell_0.recurrent_weights': '0.939', 'ReadOut_0.readout_weights': '0.000'}
[2026-06-02 19:39:41,914][src.modRNN.training.alignment][INFO] -   align diffusion_fixed @ epoch 451: cos {'ALIFCell_0.input_weights': '1.266', 'ALIFCell_0.recurrent_weights': '0.958', 'ReadOut_0.readout_weights': '0.000'}
[2026-06-02 19:40:13,108][src.modRNN.training.alignment][INFO] - epoch 475  train loss=0.5535  (rule: diffusion)
[2026-06-02 19:40:45,648][src.modRNN.training.alignment][INFO] - epoch 500  train loss=0.5415  (rule: diffusion)
[2026-06-02 19:40:48,330][src.modRNN.training.alignment][INFO] -   align BPTT @ epoch 501: cos {'ALIFCell_0.input_weights': '0.000', 'ALIFCell_0.recurrent_weights': '0.000', 'ReadOut_0.readout_weights': '0.000'}
[2026-06-02 19:40:49,310][src.modRNN.training.alignment][INFO] -   align eprop @ epoch 501: cos {'ALIFCell_0.input_weights': '0.835', 'ALIFCell_0.recurrent_weights': '0.931', 'ReadOut_0.readout_weights': '0.000'}
[2026-06-02 19:40:50,561][src.modRNN.training.alignment][INFO] -   align diffusion_aligned @ epoch 501: cos {'ALIFCell_0.input_weights': '0.749', 'ALIFCell_0.recurrent_weights': '0.951', 'ReadOut_0.readout_weights': '0.000'}
[2026-06-02 19:40:52,664][src.modRNN.training.alignment][INFO] -   align diffusion_per_step @ epoch 501: cos {'ALIFCell_0.input_weights': '0.829', 'ALIFCell_0.recurrent_weights': '0.961', 'ReadOut_0.readout_weights': '0.000'}
[2026-06-02 19:40:53,884][src.modRNN.training.alignment][INFO] -   align diffusion_fixed @ epoch 501: cos {'ALIFCell_0.input_weights': '0.861', 'ALIFCell_0.recurrent_weights': '0.993', 'ReadOut_0.readout_weights': '0.000'}
[2026-06-02 19:41:25,160][src.modRNN.training.alignment][INFO] - epoch 525  train loss=0.6211  (rule: diffusion)
[2026-06-02 19:41:57,649][src.modRNN.training.alignment][INFO] - epoch 550  train loss=0.5129  (rule: diffusion)
[2026-06-02 19:42:00,330][src.modRNN.training.alignment][INFO] -   align BPTT @ epoch 551: cos {'ALIFCell_0.input_weights': '0.000', 'ALIFCell_0.recurrent_weights': '0.000', 'ReadOut_0.readout_weights': '0.000'}
[2026-06-02 19:42:01,308][src.modRNN.training.alignment][INFO] -   align eprop @ epoch 551: cos {'ALIFCell_0.input_weights': '0.776', 'ALIFCell_0.recurrent_weights': '1.013', 'ReadOut_0.readout_weights': '0.000'}
[2026-06-02 19:42:02,563][src.modRNN.training.alignment][INFO] -   align diffusion_aligned @ epoch 551: cos {'ALIFCell_0.input_weights': '0.707', 'ALIFCell_0.recurrent_weights': '1.061', 'ReadOut_0.readout_weights': '0.000'}
[2026-06-02 19:42:04,662][src.modRNN.training.alignment][INFO] -   align diffusion_per_step @ epoch 551: cos {'ALIFCell_0.input_weights': '0.809', 'ALIFCell_0.recurrent_weights': '1.020', 'ReadOut_0.readout_weights': '0.000'}
[2026-06-02 19:42:05,884][src.modRNN.training.alignment][INFO] -   align diffusion_fixed @ epoch 551: cos {'ALIFCell_0.input_weights': '0.786', 'ALIFCell_0.recurrent_weights': '1.059', 'ReadOut_0.readout_weights': '0.000'}
[2026-06-02 19:42:37,148][src.modRNN.training.alignment][INFO] - epoch 575  train loss=0.5663  (rule: diffusion)
[2026-06-02 19:43:09,625][src.modRNN.training.alignment][INFO] - epoch 600  train loss=0.4440  (rule: diffusion)
[2026-06-02 19:43:12,308][src.modRNN.training.alignment][INFO] -   align BPTT @ epoch 601: cos {'ALIFCell_0.input_weights': '0.000', 'ALIFCell_0.recurrent_weights': '0.000', 'ReadOut_0.readout_weights': '0.000'}
[2026-06-02 19:43:13,289][src.modRNN.training.alignment][INFO] -   align eprop @ epoch 601: cos {'ALIFCell_0.input_weights': '0.828', 'ALIFCell_0.recurrent_weights': '0.937', 'ReadOut_0.readout_weights': '0.000'}
[2026-06-02 19:43:14,544][src.modRNN.training.alignment][INFO] -   align diffusion_aligned @ epoch 601: cos {'ALIFCell_0.input_weights': '0.800', 'ALIFCell_0.recurrent_weights': '0.898', 'ReadOut_0.readout_weights': '0.000'}
[2026-06-02 19:43:16,644][src.modRNN.training.alignment][INFO] -   align diffusion_per_step @ epoch 601: cos {'ALIFCell_0.input_weights': '0.875', 'ALIFCell_0.recurrent_weights': '0.947', 'ReadOut_0.readout_weights': '0.000'}
[2026-06-02 19:43:17,868][src.modRNN.training.alignment][INFO] -   align diffusion_fixed @ epoch 601: cos {'ALIFCell_0.input_weights': '0.967', 'ALIFCell_0.recurrent_weights': '1.097', 'ReadOut_0.readout_weights': '0.000'}
[2026-06-02 19:43:49,100][src.modRNN.training.alignment][INFO] - epoch 625  train loss=0.4970  (rule: diffusion)
[2026-06-02 19:44:21,651][src.modRNN.training.alignment][INFO] - epoch 650  train loss=0.4524  (rule: diffusion)
[2026-06-02 19:44:24,339][src.modRNN.training.alignment][INFO] -   align BPTT @ epoch 651: cos {'ALIFCell_0.input_weights': '0.000', 'ALIFCell_0.recurrent_weights': '0.000', 'ReadOut_0.readout_weights': '0.000'}
[2026-06-02 19:44:25,321][src.modRNN.training.alignment][INFO] -   align eprop @ epoch 651: cos {'ALIFCell_0.input_weights': '1.123', 'ALIFCell_0.recurrent_weights': '0.984', 'ReadOut_0.readout_weights': '0.000'}
[2026-06-02 19:44:26,579][src.modRNN.training.alignment][INFO] -   align diffusion_aligned @ epoch 651: cos {'ALIFCell_0.input_weights': '1.074', 'ALIFCell_0.recurrent_weights': '0.969', 'ReadOut_0.readout_weights': '0.000'}
[2026-06-02 19:44:28,680][src.modRNN.training.alignment][INFO] -   align diffusion_per_step @ epoch 651: cos {'ALIFCell_0.input_weights': '1.102', 'ALIFCell_0.recurrent_weights': '1.044', 'ReadOut_0.readout_weights': '0.000'}
[2026-06-02 19:44:29,907][src.modRNN.training.alignment][INFO] -   align diffusion_fixed @ epoch 651: cos {'ALIFCell_0.input_weights': '1.137', 'ALIFCell_0.recurrent_weights': '1.056', 'ReadOut_0.readout_weights': '0.000'}
[2026-06-02 19:45:01,065][src.modRNN.training.alignment][INFO] - epoch 675  train loss=0.4149  (rule: diffusion)
[2026-06-02 19:45:33,646][src.modRNN.training.alignment][INFO] - epoch 700  train loss=0.4295  (rule: diffusion)
[2026-06-02 19:45:36,322][src.modRNN.training.alignment][INFO] -   align BPTT @ epoch 701: cos {'ALIFCell_0.input_weights': '0.000', 'ALIFCell_0.recurrent_weights': '0.000', 'ReadOut_0.readout_weights': '0.000'}
[2026-06-02 19:45:37,298][src.modRNN.training.alignment][INFO] -   align eprop @ epoch 701: cos {'ALIFCell_0.input_weights': '1.318', 'ALIFCell_0.recurrent_weights': '1.079', 'ReadOut_0.readout_weights': '0.000'}
[2026-06-02 19:45:38,552][src.modRNN.training.alignment][INFO] -   align diffusion_aligned @ epoch 701: cos {'ALIFCell_0.input_weights': '1.279', 'ALIFCell_0.recurrent_weights': '1.059', 'ReadOut_0.readout_weights': '0.000'}
[2026-06-02 19:45:40,649][src.modRNN.training.alignment][INFO] -   align diffusion_per_step @ epoch 701: cos {'ALIFCell_0.input_weights': '1.384', 'ALIFCell_0.recurrent_weights': '1.089', 'ReadOut_0.readout_weights': '0.000'}
[2026-06-02 19:45:41,870][src.modRNN.training.alignment][INFO] -   align diffusion_fixed @ epoch 701: cos {'ALIFCell_0.input_weights': '1.353', 'ALIFCell_0.recurrent_weights': '1.108', 'ReadOut_0.readout_weights': '0.000'}
[2026-06-02 19:46:13,100][src.modRNN.training.alignment][INFO] - epoch 725  train loss=0.3836  (rule: diffusion)
[2026-06-02 19:46:45,636][src.modRNN.training.alignment][INFO] - epoch 750  train loss=0.3763  (rule: diffusion)
[2026-06-02 19:46:48,313][src.modRNN.training.alignment][INFO] -   align BPTT @ epoch 751: cos {'ALIFCell_0.input_weights': '0.000', 'ALIFCell_0.recurrent_weights': '0.000', 'ReadOut_0.readout_weights': '0.000'}
[2026-06-02 19:46:49,289][src.modRNN.training.alignment][INFO] -   align eprop @ epoch 751: cos {'ALIFCell_0.input_weights': '0.993', 'ALIFCell_0.recurrent_weights': '1.042', 'ReadOut_0.readout_weights': '0.000'}
[2026-06-02 19:46:50,541][src.modRNN.training.alignment][INFO] -   align diffusion_aligned @ epoch 751: cos {'ALIFCell_0.input_weights': '0.880', 'ALIFCell_0.recurrent_weights': '1.016', 'ReadOut_0.readout_weights': '0.000'}
[2026-06-02 19:46:52,637][src.modRNN.training.alignment][INFO] -   align diffusion_per_step @ epoch 751: cos {'ALIFCell_0.input_weights': '0.953', 'ALIFCell_0.recurrent_weights': '1.041', 'ReadOut_0.readout_weights': '0.000'}
[2026-06-02 19:46:53,860][src.modRNN.training.alignment][INFO] -   align diffusion_fixed @ epoch 751: cos {'ALIFCell_0.input_weights': '0.968', 'ALIFCell_0.recurrent_weights': '1.088', 'ReadOut_0.readout_weights': '0.000'}
[2026-06-02 19:47:25,050][src.modRNN.training.alignment][INFO] - epoch 775  train loss=0.3661  (rule: diffusion)
[2026-06-02 19:47:57,393][src.modRNN.training.alignment][INFO] - epoch 800  train loss=0.4111  (rule: diffusion)
[2026-06-02 19:48:00,063][src.modRNN.training.alignment][INFO] -   align BPTT @ epoch 801: cos {'ALIFCell_0.input_weights': '0.000', 'ALIFCell_0.recurrent_weights': '0.000', 'ReadOut_0.readout_weights': '0.000'}
[2026-06-02 19:48:01,040][src.modRNN.training.alignment][INFO] -   align eprop @ epoch 801: cos {'ALIFCell_0.input_weights': '1.006', 'ALIFCell_0.recurrent_weights': '1.205', 'ReadOut_0.readout_weights': '0.001'}
[2026-06-02 19:48:02,297][src.modRNN.training.alignment][INFO] -   align diffusion_aligned @ epoch 801: cos {'ALIFCell_0.input_weights': '0.938', 'ALIFCell_0.recurrent_weights': '1.176', 'ReadOut_0.readout_weights': '0.001'}
[2026-06-02 19:48:04,396][src.modRNN.training.alignment][INFO] -   align diffusion_per_step @ epoch 801: cos {'ALIFCell_0.input_weights': '0.991', 'ALIFCell_0.recurrent_weights': '1.210', 'ReadOut_0.readout_weights': '0.001'}
[2026-06-02 19:48:05,622][src.modRNN.training.alignment][INFO] -   align diffusion_fixed @ epoch 801: cos {'ALIFCell_0.input_weights': '1.033', 'ALIFCell_0.recurrent_weights': '1.231', 'ReadOut_0.readout_weights': '0.001'}
[2026-06-02 19:48:36,823][src.modRNN.training.alignment][INFO] - epoch 825  train loss=0.4488  (rule: diffusion)
[2026-06-02 19:49:09,162][src.modRNN.training.alignment][INFO] - epoch 850  train loss=0.2959  (rule: diffusion)
[2026-06-02 19:49:11,844][src.modRNN.training.alignment][INFO] -   align BPTT @ epoch 851: cos {'ALIFCell_0.input_weights': '0.000', 'ALIFCell_0.recurrent_weights': '0.000', 'ReadOut_0.readout_weights': '0.000'}
[2026-06-02 19:49:12,824][src.modRNN.training.alignment][INFO] -   align eprop @ epoch 851: cos {'ALIFCell_0.input_weights': '1.121', 'ALIFCell_0.recurrent_weights': '1.093', 'ReadOut_0.readout_weights': '0.000'}
[2026-06-02 19:49:14,078][src.modRNN.training.alignment][INFO] -   align diffusion_aligned @ epoch 851: cos {'ALIFCell_0.input_weights': '1.076', 'ALIFCell_0.recurrent_weights': '1.071', 'ReadOut_0.readout_weights': '0.000'}
[2026-06-02 19:49:16,176][src.modRNN.training.alignment][INFO] -   align diffusion_per_step @ epoch 851: cos {'ALIFCell_0.input_weights': '1.207', 'ALIFCell_0.recurrent_weights': '1.135', 'ReadOut_0.readout_weights': '0.000'}
[2026-06-02 19:49:17,401][src.modRNN.training.alignment][INFO] -   align diffusion_fixed @ epoch 851: cos {'ALIFCell_0.input_weights': '1.198', 'ALIFCell_0.recurrent_weights': '1.171', 'ReadOut_0.readout_weights': '0.000'}
[2026-06-02 19:49:48,497][src.modRNN.training.alignment][INFO] - epoch 875  train loss=0.2336  (rule: diffusion)
[2026-06-02 19:50:20,897][src.modRNN.training.alignment][INFO] - epoch 900  train loss=0.4454  (rule: diffusion)
[2026-06-02 19:50:23,582][src.modRNN.training.alignment][INFO] -   align BPTT @ epoch 901: cos {'ALIFCell_0.input_weights': '0.000', 'ALIFCell_0.recurrent_weights': '0.000', 'ReadOut_0.readout_weights': '0.000'}
[2026-06-02 19:50:24,564][src.modRNN.training.alignment][INFO] -   align eprop @ epoch 901: cos {'ALIFCell_0.input_weights': '0.823', 'ALIFCell_0.recurrent_weights': '1.023', 'ReadOut_0.readout_weights': '0.000'}
[2026-06-02 19:50:25,819][src.modRNN.training.alignment][INFO] -   align diffusion_aligned @ epoch 901: cos {'ALIFCell_0.input_weights': '0.701', 'ALIFCell_0.recurrent_weights': '0.957', 'ReadOut_0.readout_weights': '0.000'}
[2026-06-02 19:50:27,918][src.modRNN.training.alignment][INFO] -   align diffusion_per_step @ epoch 901: cos {'ALIFCell_0.input_weights': '0.793', 'ALIFCell_0.recurrent_weights': '0.995', 'ReadOut_0.readout_weights': '0.000'}
[2026-06-02 19:50:29,139][src.modRNN.training.alignment][INFO] -   align diffusion_fixed @ epoch 901: cos {'ALIFCell_0.input_weights': '0.775', 'ALIFCell_0.recurrent_weights': '1.005', 'ReadOut_0.readout_weights': '0.000'}
[2026-06-02 19:51:00,093][src.modRNN.training.alignment][INFO] - epoch 925  train loss=0.3884  (rule: diffusion)
[2026-06-02 19:51:32,596][src.modRNN.training.alignment][INFO] - epoch 950  train loss=0.2990  (rule: diffusion)
[2026-06-02 19:51:35,266][src.modRNN.training.alignment][INFO] -   align BPTT @ epoch 951: cos {'ALIFCell_0.input_weights': '0.000', 'ALIFCell_0.recurrent_weights': '0.000', 'ReadOut_0.readout_weights': '0.000'}
[2026-06-02 19:51:36,241][src.modRNN.training.alignment][INFO] -   align eprop @ epoch 951: cos {'ALIFCell_0.input_weights': '0.625', 'ALIFCell_0.recurrent_weights': '1.198', 'ReadOut_0.readout_weights': '0.000'}
[2026-06-02 19:51:37,489][src.modRNN.training.alignment][INFO] -   align diffusion_aligned @ epoch 951: cos {'ALIFCell_0.input_weights': '0.611', 'ALIFCell_0.recurrent_weights': '1.225', 'ReadOut_0.readout_weights': '0.000'}
[2026-06-02 19:51:39,578][src.modRNN.training.alignment][INFO] -   align diffusion_per_step @ epoch 951: cos {'ALIFCell_0.input_weights': '0.671', 'ALIFCell_0.recurrent_weights': '1.248', 'ReadOut_0.readout_weights': '0.000'}
[2026-06-02 19:51:40,792][src.modRNN.training.alignment][INFO] -   align diffusion_fixed @ epoch 951: cos {'ALIFCell_0.input_weights': '0.634', 'ALIFCell_0.recurrent_weights': '1.243', 'ReadOut_0.readout_weights': '0.000'}
[2026-06-02 19:52:11,833][src.modRNN.training.alignment][INFO] - epoch 975  train loss=0.2970  (rule: diffusion)
[2026-06-02 19:52:44,243][src.modRNN.training.alignment][INFO] - epoch 1000  train loss=0.4101  (rule: diffusion)
[2026-06-02 19:52:46,913][src.modRNN.training.alignment][INFO] -   align BPTT @ epoch 1001: cos {'ALIFCell_0.input_weights': '0.000', 'ALIFCell_0.recurrent_weights': '0.000', 'ReadOut_0.readout_weights': '0.000'}
[2026-06-02 19:52:47,886][src.modRNN.training.alignment][INFO] -   align eprop @ epoch 1001: cos {'ALIFCell_0.input_weights': '1.295', 'ALIFCell_0.recurrent_weights': '1.406', 'ReadOut_0.readout_weights': '0.000'}
[2026-06-02 19:52:49,131][src.modRNN.training.alignment][INFO] -   align diffusion_aligned @ epoch 1001: cos {'ALIFCell_0.input_weights': '1.040', 'ALIFCell_0.recurrent_weights': '1.375', 'ReadOut_0.readout_weights': '0.000'}
[2026-06-02 19:52:51,221][src.modRNN.training.alignment][INFO] -   align diffusion_per_step @ epoch 1001: cos {'ALIFCell_0.input_weights': '1.024', 'ALIFCell_0.recurrent_weights': '1.378', 'ReadOut_0.readout_weights': '0.000'}
[2026-06-02 19:52:52,436][src.modRNN.training.alignment][INFO] -   align diffusion_fixed @ epoch 1001: cos {'ALIFCell_0.input_weights': '0.920', 'ALIFCell_0.recurrent_weights': '1.404', 'ReadOut_0.readout_weights': '0.000'}
[2026-06-02 19:53:23,607][src.modRNN.training.alignment][INFO] - epoch 1025  train loss=0.3003  (rule: diffusion)
[2026-06-02 19:53:55,945][src.modRNN.training.alignment][INFO] - epoch 1050  train loss=0.2998  (rule: diffusion)
[2026-06-02 19:53:58,614][src.modRNN.training.alignment][INFO] -   align BPTT @ epoch 1051: cos {'ALIFCell_0.input_weights': '0.000', 'ALIFCell_0.recurrent_weights': '0.000', 'ReadOut_0.readout_weights': '0.000'}
[2026-06-02 19:53:59,587][src.modRNN.training.alignment][INFO] -   align eprop @ epoch 1051: cos {'ALIFCell_0.input_weights': '0.846', 'ALIFCell_0.recurrent_weights': '1.199', 'ReadOut_0.readout_weights': '0.000'}
[2026-06-02 19:54:00,835][src.modRNN.training.alignment][INFO] -   align diffusion_aligned @ epoch 1051: cos {'ALIFCell_0.input_weights': '0.846', 'ALIFCell_0.recurrent_weights': '1.206', 'ReadOut_0.readout_weights': '0.000'}
[2026-06-02 19:54:02,938][src.modRNN.training.alignment][INFO] -   align diffusion_per_step @ epoch 1051: cos {'ALIFCell_0.input_weights': '0.859', 'ALIFCell_0.recurrent_weights': '1.206', 'ReadOut_0.readout_weights': '0.000'}
[2026-06-02 19:54:04,161][src.modRNN.training.alignment][INFO] -   align diffusion_fixed @ epoch 1051: cos {'ALIFCell_0.input_weights': '0.879', 'ALIFCell_0.recurrent_weights': '1.286', 'ReadOut_0.readout_weights': '0.000'}
[2026-06-02 19:54:35,397][src.modRNN.training.alignment][INFO] - epoch 1075  train loss=0.3561  (rule: diffusion)
[2026-06-02 19:55:07,774][src.modRNN.training.alignment][INFO] - epoch 1100  train loss=0.3916  (rule: diffusion)
[2026-06-02 19:55:10,463][src.modRNN.training.alignment][INFO] -   align BPTT @ epoch 1101: cos {'ALIFCell_0.input_weights': '0.000', 'ALIFCell_0.recurrent_weights': '0.000', 'ReadOut_0.readout_weights': '0.000'}
[2026-06-02 19:55:11,444][src.modRNN.training.alignment][INFO] -   align eprop @ epoch 1101: cos {'ALIFCell_0.input_weights': '0.442', 'ALIFCell_0.recurrent_weights': '0.587', 'ReadOut_0.readout_weights': '0.000'}
[2026-06-02 19:55:12,698][src.modRNN.training.alignment][INFO] -   align diffusion_aligned @ epoch 1101: cos {'ALIFCell_0.input_weights': '0.431', 'ALIFCell_0.recurrent_weights': '0.460', 'ReadOut_0.readout_weights': '0.000'}
[2026-06-02 19:55:14,796][src.modRNN.training.alignment][INFO] -   align diffusion_per_step @ epoch 1101: cos {'ALIFCell_0.input_weights': '0.442', 'ALIFCell_0.recurrent_weights': '0.529', 'ReadOut_0.readout_weights': '0.000'}
[2026-06-02 19:55:16,020][src.modRNN.training.alignment][INFO] -   align diffusion_fixed @ epoch 1101: cos {'ALIFCell_0.input_weights': '0.440', 'ALIFCell_0.recurrent_weights': '0.572', 'ReadOut_0.readout_weights': '0.000'}
[2026-06-02 19:55:47,133][src.modRNN.training.alignment][INFO] - epoch 1125  train loss=0.2663  (rule: diffusion)
[2026-06-02 19:56:19,547][src.modRNN.training.alignment][INFO] - epoch 1150  train loss=0.3481  (rule: diffusion)
[2026-06-02 19:56:22,231][src.modRNN.training.alignment][INFO] -   align BPTT @ epoch 1151: cos {'ALIFCell_0.input_weights': '0.000', 'ALIFCell_0.recurrent_weights': '0.000', 'ReadOut_0.readout_weights': '0.000'}
[2026-06-02 19:56:23,212][src.modRNN.training.alignment][INFO] -   align eprop @ epoch 1151: cos {'ALIFCell_0.input_weights': '0.943', 'ALIFCell_0.recurrent_weights': '0.737', 'ReadOut_0.readout_weights': '0.000'}
[2026-06-02 19:56:24,467][src.modRNN.training.alignment][INFO] -   align diffusion_aligned @ epoch 1151: cos {'ALIFCell_0.input_weights': '0.818', 'ALIFCell_0.recurrent_weights': '0.747', 'ReadOut_0.readout_weights': '0.000'}
[2026-06-02 19:56:26,568][src.modRNN.training.alignment][INFO] -   align diffusion_per_step @ epoch 1151: cos {'ALIFCell_0.input_weights': '0.869', 'ALIFCell_0.recurrent_weights': '0.735', 'ReadOut_0.readout_weights': '0.000'}
[2026-06-02 19:56:27,793][src.modRNN.training.alignment][INFO] -   align diffusion_fixed @ epoch 1151: cos {'ALIFCell_0.input_weights': '0.993', 'ALIFCell_0.recurrent_weights': '0.784', 'ReadOut_0.readout_weights': '0.000'}
[2026-06-02 19:56:58,749][src.modRNN.training.alignment][INFO] - epoch 1175  train loss=0.2360  (rule: diffusion)
[2026-06-02 19:57:31,268][src.modRNN.training.alignment][INFO] - epoch 1200  train loss=0.3398  (rule: diffusion)
[2026-06-02 19:57:33,937][src.modRNN.training.alignment][INFO] -   align BPTT @ epoch 1201: cos {'ALIFCell_0.input_weights': '0.000', 'ALIFCell_0.recurrent_weights': '0.000', 'ReadOut_0.readout_weights': '0.000'}
[2026-06-02 19:57:34,909][src.modRNN.training.alignment][INFO] -   align eprop @ epoch 1201: cos {'ALIFCell_0.input_weights': '0.541', 'ALIFCell_0.recurrent_weights': '0.926', 'ReadOut_0.readout_weights': '0.000'}
[2026-06-02 19:57:36,157][src.modRNN.training.alignment][INFO] -   align diffusion_aligned @ epoch 1201: cos {'ALIFCell_0.input_weights': '0.410', 'ALIFCell_0.recurrent_weights': '0.878', 'ReadOut_0.readout_weights': '0.000'}
[2026-06-02 19:57:38,248][src.modRNN.training.alignment][INFO] -   align diffusion_per_step @ epoch 1201: cos {'ALIFCell_0.input_weights': '0.494', 'ALIFCell_0.recurrent_weights': '0.912', 'ReadOut_0.readout_weights': '0.000'}
[2026-06-02 19:57:39,464][src.modRNN.training.alignment][INFO] -   align diffusion_fixed @ epoch 1201: cos {'ALIFCell_0.input_weights': '0.586', 'ALIFCell_0.recurrent_weights': '1.000', 'ReadOut_0.readout_weights': '0.000'}
[2026-06-02 19:58:10,492][src.modRNN.training.alignment][INFO] - epoch 1225  train loss=0.2807  (rule: diffusion)
[2026-06-02 19:58:42,905][src.modRNN.training.alignment][INFO] - epoch 1250  train loss=0.3016  (rule: diffusion)
[2026-06-02 19:58:45,573][src.modRNN.training.alignment][INFO] -   align BPTT @ epoch 1251: cos {'ALIFCell_0.input_weights': '0.000', 'ALIFCell_0.recurrent_weights': '0.000', 'ReadOut_0.readout_weights': '0.000'}
[2026-06-02 19:58:46,547][src.modRNN.training.alignment][INFO] -   align eprop @ epoch 1251: cos {'ALIFCell_0.input_weights': '0.845', 'ALIFCell_0.recurrent_weights': '1.307', 'ReadOut_0.readout_weights': '0.000'}
[2026-06-02 19:58:47,794][src.modRNN.training.alignment][INFO] -   align diffusion_aligned @ epoch 1251: cos {'ALIFCell_0.input_weights': '0.800', 'ALIFCell_0.recurrent_weights': '1.301', 'ReadOut_0.readout_weights': '0.000'}
[2026-06-02 19:58:49,883][src.modRNN.training.alignment][INFO] -   align diffusion_per_step @ epoch 1251: cos {'ALIFCell_0.input_weights': '1.009', 'ALIFCell_0.recurrent_weights': '1.312', 'ReadOut_0.readout_weights': '0.000'}
[2026-06-02 19:58:51,096][src.modRNN.training.alignment][INFO] -   align diffusion_fixed @ epoch 1251: cos {'ALIFCell_0.input_weights': '1.071', 'ALIFCell_0.recurrent_weights': '1.370', 'ReadOut_0.readout_weights': '0.000'}
[2026-06-02 19:59:22,255][src.modRNN.training.alignment][INFO] - epoch 1275  train loss=0.2955  (rule: diffusion)
[2026-06-02 19:59:54,722][src.modRNN.training.alignment][INFO] - epoch 1300  train loss=0.3920  (rule: diffusion)
[2026-06-02 19:59:57,399][src.modRNN.training.alignment][INFO] -   align BPTT @ epoch 1301: cos {'ALIFCell_0.input_weights': '0.000', 'ALIFCell_0.recurrent_weights': '0.000', 'ReadOut_0.readout_weights': '0.000'}
[2026-06-02 19:59:58,372][src.modRNN.training.alignment][INFO] -   align eprop @ epoch 1301: cos {'ALIFCell_0.input_weights': '0.501', 'ALIFCell_0.recurrent_weights': '1.227', 'ReadOut_0.readout_weights': '0.000'}
[2026-06-02 19:59:59,619][src.modRNN.training.alignment][INFO] -   align diffusion_aligned @ epoch 1301: cos {'ALIFCell_0.input_weights': '0.326', 'ALIFCell_0.recurrent_weights': '0.990', 'ReadOut_0.readout_weights': '0.000'}
[2026-06-02 20:00:01,712][src.modRNN.training.alignment][INFO] -   align diffusion_per_step @ epoch 1301: cos {'ALIFCell_0.input_weights': '0.397', 'ALIFCell_0.recurrent_weights': '1.112', 'ReadOut_0.readout_weights': '0.000'}
[2026-06-02 20:00:02,933][src.modRNN.training.alignment][INFO] -   align diffusion_fixed @ epoch 1301: cos {'ALIFCell_0.input_weights': '0.535', 'ALIFCell_0.recurrent_weights': '1.268', 'ReadOut_0.readout_weights': '0.000'}
[2026-06-02 20:00:34,187][src.modRNN.training.alignment][INFO] - epoch 1325  train loss=0.4004  (rule: diffusion)
[2026-06-02 20:01:06,542][src.modRNN.training.alignment][INFO] - epoch 1350  train loss=0.2277  (rule: diffusion)
[2026-06-02 20:01:09,228][src.modRNN.training.alignment][INFO] -   align BPTT @ epoch 1351: cos {'ALIFCell_0.input_weights': '0.000', 'ALIFCell_0.recurrent_weights': '0.000', 'ReadOut_0.readout_weights': '0.000'}
[2026-06-02 20:01:10,209][src.modRNN.training.alignment][INFO] -   align eprop @ epoch 1351: cos {'ALIFCell_0.input_weights': '0.803', 'ALIFCell_0.recurrent_weights': '1.101', 'ReadOut_0.readout_weights': '0.000'}
[2026-06-02 20:01:11,461][src.modRNN.training.alignment][INFO] -   align diffusion_aligned @ epoch 1351: cos {'ALIFCell_0.input_weights': '0.525', 'ALIFCell_0.recurrent_weights': '1.031', 'ReadOut_0.readout_weights': '0.000'}
[2026-06-02 20:01:13,562][src.modRNN.training.alignment][INFO] -   align diffusion_per_step @ epoch 1351: cos {'ALIFCell_0.input_weights': '0.678', 'ALIFCell_0.recurrent_weights': '1.071', 'ReadOut_0.readout_weights': '0.000'}
[2026-06-02 20:01:14,786][src.modRNN.training.alignment][INFO] -   align diffusion_fixed @ epoch 1351: cos {'ALIFCell_0.input_weights': '0.829', 'ALIFCell_0.recurrent_weights': '1.129', 'ReadOut_0.readout_weights': '0.000'}
[2026-06-02 20:01:45,918][src.modRNN.training.alignment][INFO] - epoch 1375  train loss=0.2430  (rule: diffusion)
[2026-06-02 20:02:18,325][src.modRNN.training.alignment][INFO] - epoch 1400  train loss=0.3372  (rule: diffusion)
[2026-06-02 20:02:21,010][src.modRNN.training.alignment][INFO] -   align BPTT @ epoch 1401: cos {'ALIFCell_0.input_weights': '0.000', 'ALIFCell_0.recurrent_weights': '0.000', 'ReadOut_0.readout_weights': '0.000'}
[2026-06-02 20:02:21,993][src.modRNN.training.alignment][INFO] -   align eprop @ epoch 1401: cos {'ALIFCell_0.input_weights': '0.984', 'ALIFCell_0.recurrent_weights': '1.412', 'ReadOut_0.readout_weights': '0.000'}
[2026-06-02 20:02:23,250][src.modRNN.training.alignment][INFO] -   align diffusion_aligned @ epoch 1401: cos {'ALIFCell_0.input_weights': '0.780', 'ALIFCell_0.recurrent_weights': '1.362', 'ReadOut_0.readout_weights': '0.000'}
[2026-06-02 20:02:25,350][src.modRNN.training.alignment][INFO] -   align diffusion_per_step @ epoch 1401: cos {'ALIFCell_0.input_weights': '0.848', 'ALIFCell_0.recurrent_weights': '1.393', 'ReadOut_0.readout_weights': '0.000'}
[2026-06-02 20:02:26,576][src.modRNN.training.alignment][INFO] -   align diffusion_fixed @ epoch 1401: cos {'ALIFCell_0.input_weights': '1.043', 'ALIFCell_0.recurrent_weights': '1.455', 'ReadOut_0.readout_weights': '0.000'}
[2026-06-02 20:02:57,560][src.modRNN.training.alignment][INFO] - epoch 1425  train loss=0.3298  (rule: diffusion)
[2026-06-02 20:03:30,069][src.modRNN.training.alignment][INFO] - epoch 1450  train loss=0.2283  (rule: diffusion)
[2026-06-02 20:03:32,750][src.modRNN.training.alignment][INFO] -   align BPTT @ epoch 1451: cos {'ALIFCell_0.input_weights': '0.000', 'ALIFCell_0.recurrent_weights': '0.000', 'ReadOut_0.readout_weights': '0.000'}
[2026-06-02 20:03:33,724][src.modRNN.training.alignment][INFO] -   align eprop @ epoch 1451: cos {'ALIFCell_0.input_weights': '1.189', 'ALIFCell_0.recurrent_weights': '0.744', 'ReadOut_0.readout_weights': '0.000'}
[2026-06-02 20:03:34,971][src.modRNN.training.alignment][INFO] -   align diffusion_aligned @ epoch 1451: cos {'ALIFCell_0.input_weights': '1.164', 'ALIFCell_0.recurrent_weights': '0.883', 'ReadOut_0.readout_weights': '0.000'}
[2026-06-02 20:03:37,062][src.modRNN.training.alignment][INFO] -   align diffusion_per_step @ epoch 1451: cos {'ALIFCell_0.input_weights': '1.136', 'ALIFCell_0.recurrent_weights': '0.810', 'ReadOut_0.readout_weights': '0.000'}
[2026-06-02 20:03:38,279][src.modRNN.training.alignment][INFO] -   align diffusion_fixed @ epoch 1451: cos {'ALIFCell_0.input_weights': '1.096', 'ALIFCell_0.recurrent_weights': '0.951', 'ReadOut_0.readout_weights': '0.000'}
[2026-06-02 20:04:09,298][src.modRNN.training.alignment][INFO] - epoch 1475  train loss=0.2476  (rule: diffusion)
[2026-06-02 20:04:41,749][src.modRNN.training.alignment][INFO] - epoch 1500  train loss=0.2563  (rule: diffusion)
[2026-06-02 20:04:44,420][src.modRNN.training.alignment][INFO] -   align BPTT @ epoch 1501: cos {'ALIFCell_0.input_weights': '0.000', 'ALIFCell_0.recurrent_weights': '0.000', 'ReadOut_0.readout_weights': '0.000'}
[2026-06-02 20:04:45,394][src.modRNN.training.alignment][INFO] -   align eprop @ epoch 1501: cos {'ALIFCell_0.input_weights': '0.584', 'ALIFCell_0.recurrent_weights': '0.550', 'ReadOut_0.readout_weights': '0.000'}
[2026-06-02 20:04:46,636][src.modRNN.training.alignment][INFO] -   align diffusion_aligned @ epoch 1501: cos {'ALIFCell_0.input_weights': '0.519', 'ALIFCell_0.recurrent_weights': '0.536', 'ReadOut_0.readout_weights': '0.000'}
[2026-06-02 20:04:48,726][src.modRNN.training.alignment][INFO] -   align diffusion_per_step @ epoch 1501: cos {'ALIFCell_0.input_weights': '0.583', 'ALIFCell_0.recurrent_weights': '0.543', 'ReadOut_0.readout_weights': '0.000'}
[2026-06-02 20:04:49,940][src.modRNN.training.alignment][INFO] -   align diffusion_fixed @ epoch 1501: cos {'ALIFCell_0.input_weights': '0.683', 'ALIFCell_0.recurrent_weights': '0.636', 'ReadOut_0.readout_weights': '0.000'}
[2026-06-02 20:05:21,082][src.modRNN.training.alignment][INFO] - epoch 1525  train loss=0.2268  (rule: diffusion)
[2026-06-02 20:05:53,424][src.modRNN.training.alignment][INFO] - epoch 1550  train loss=0.3415  (rule: diffusion)
[2026-06-02 20:05:56,093][src.modRNN.training.alignment][INFO] -   align BPTT @ epoch 1551: cos {'ALIFCell_0.input_weights': '0.000', 'ALIFCell_0.recurrent_weights': '0.000', 'ReadOut_0.readout_weights': '0.000'}
[2026-06-02 20:05:57,067][src.modRNN.training.alignment][INFO] -   align eprop @ epoch 1551: cos {'ALIFCell_0.input_weights': '0.543', 'ALIFCell_0.recurrent_weights': '0.997', 'ReadOut_0.readout_weights': '0.000'}
[2026-06-02 20:05:58,314][src.modRNN.training.alignment][INFO] -   align diffusion_aligned @ epoch 1551: cos {'ALIFCell_0.input_weights': '0.431', 'ALIFCell_0.recurrent_weights': '0.891', 'ReadOut_0.readout_weights': '0.000'}
[2026-06-02 20:06:00,404][src.modRNN.training.alignment][INFO] -   align diffusion_per_step @ epoch 1551: cos {'ALIFCell_0.input_weights': '0.502', 'ALIFCell_0.recurrent_weights': '0.933', 'ReadOut_0.readout_weights': '0.000'}
[2026-06-02 20:06:01,626][src.modRNN.training.alignment][INFO] -   align diffusion_fixed @ epoch 1551: cos {'ALIFCell_0.input_weights': '0.560', 'ALIFCell_0.recurrent_weights': '0.986', 'ReadOut_0.readout_weights': '0.000'}
[2026-06-02 20:06:32,859][src.modRNN.training.alignment][INFO] - epoch 1575  train loss=0.2612  (rule: diffusion)
[2026-06-02 20:07:05,129][src.modRNN.training.alignment][INFO] - epoch 1600  train loss=0.3772  (rule: diffusion)
[2026-06-02 20:07:07,814][src.modRNN.training.alignment][INFO] -   align BPTT @ epoch 1601: cos {'ALIFCell_0.input_weights': '0.000', 'ALIFCell_0.recurrent_weights': '0.000', 'ReadOut_0.readout_weights': '0.000'}
[2026-06-02 20:07:08,794][src.modRNN.training.alignment][INFO] -   align eprop @ epoch 1601: cos {'ALIFCell_0.input_weights': '0.753', 'ALIFCell_0.recurrent_weights': '1.131', 'ReadOut_0.readout_weights': '0.000'}
[2026-06-02 20:07:10,052][src.modRNN.training.alignment][INFO] -   align diffusion_aligned @ epoch 1601: cos {'ALIFCell_0.input_weights': '0.682', 'ALIFCell_0.recurrent_weights': '1.044', 'ReadOut_0.readout_weights': '0.000'}
[2026-06-02 20:07:12,151][src.modRNN.training.alignment][INFO] -   align diffusion_per_step @ epoch 1601: cos {'ALIFCell_0.input_weights': '0.726', 'ALIFCell_0.recurrent_weights': '1.106', 'ReadOut_0.readout_weights': '0.000'}
[2026-06-02 20:07:13,385][src.modRNN.training.alignment][INFO] -   align diffusion_fixed @ epoch 1601: cos {'ALIFCell_0.input_weights': '0.790', 'ALIFCell_0.recurrent_weights': '1.239', 'ReadOut_0.readout_weights': '0.000'}
[2026-06-02 20:07:44,493][src.modRNN.training.alignment][INFO] - epoch 1625  train loss=0.3006  (rule: diffusion)
[2026-06-02 20:08:16,868][src.modRNN.training.alignment][INFO] - epoch 1650  train loss=0.2847  (rule: diffusion)
[2026-06-02 20:08:19,550][src.modRNN.training.alignment][INFO] -   align BPTT @ epoch 1651: cos {'ALIFCell_0.input_weights': '0.000', 'ALIFCell_0.recurrent_weights': '0.000', 'ReadOut_0.readout_weights': '0.000'}
[2026-06-02 20:08:20,530][src.modRNN.training.alignment][INFO] -   align eprop @ epoch 1651: cos {'ALIFCell_0.input_weights': '0.545', 'ALIFCell_0.recurrent_weights': '0.997', 'ReadOut_0.readout_weights': '0.000'}
[2026-06-02 20:08:21,785][src.modRNN.training.alignment][INFO] -   align diffusion_aligned @ epoch 1651: cos {'ALIFCell_0.input_weights': '0.452', 'ALIFCell_0.recurrent_weights': '0.994', 'ReadOut_0.readout_weights': '0.000'}
[2026-06-02 20:08:23,884][src.modRNN.training.alignment][INFO] -   align diffusion_per_step @ epoch 1651: cos {'ALIFCell_0.input_weights': '0.503', 'ALIFCell_0.recurrent_weights': '1.033', 'ReadOut_0.readout_weights': '0.000'}
[2026-06-02 20:08:25,106][src.modRNN.training.alignment][INFO] -   align diffusion_fixed @ epoch 1651: cos {'ALIFCell_0.input_weights': '0.589', 'ALIFCell_0.recurrent_weights': '1.157', 'ReadOut_0.readout_weights': '0.000'}
[2026-06-02 20:08:56,103][src.modRNN.training.alignment][INFO] - epoch 1675  train loss=0.2978  (rule: diffusion)
[2026-06-02 20:09:28,614][src.modRNN.training.alignment][INFO] - epoch 1700  train loss=0.3388  (rule: diffusion)
[2026-06-02 20:09:31,294][src.modRNN.training.alignment][INFO] -   align BPTT @ epoch 1701: cos {'ALIFCell_0.input_weights': '0.000', 'ALIFCell_0.recurrent_weights': '0.000', 'ReadOut_0.readout_weights': '0.000'}
[2026-06-02 20:09:32,269][src.modRNN.training.alignment][INFO] -   align eprop @ epoch 1701: cos {'ALIFCell_0.input_weights': '1.126', 'ALIFCell_0.recurrent_weights': '1.392', 'ReadOut_0.readout_weights': '0.000'}
[2026-06-02 20:09:33,518][src.modRNN.training.alignment][INFO] -   align diffusion_aligned @ epoch 1701: cos {'ALIFCell_0.input_weights': '1.066', 'ALIFCell_0.recurrent_weights': '1.306', 'ReadOut_0.readout_weights': '0.000'}
[2026-06-02 20:09:35,609][src.modRNN.training.alignment][INFO] -   align diffusion_per_step @ epoch 1701: cos {'ALIFCell_0.input_weights': '1.114', 'ALIFCell_0.recurrent_weights': '1.366', 'ReadOut_0.readout_weights': '0.000'}
[2026-06-02 20:09:36,824][src.modRNN.training.alignment][INFO] -   align diffusion_fixed @ epoch 1701: cos {'ALIFCell_0.input_weights': '1.228', 'ALIFCell_0.recurrent_weights': '1.379', 'ReadOut_0.readout_weights': '0.000'}
[2026-06-02 20:10:07,816][src.modRNN.training.alignment][INFO] - epoch 1725  train loss=0.3717  (rule: diffusion)
[2026-06-02 20:10:40,250][src.modRNN.training.alignment][INFO] - epoch 1750  train loss=0.3371  (rule: diffusion)
[2026-06-02 20:10:42,918][src.modRNN.training.alignment][INFO] -   align BPTT @ epoch 1751: cos {'ALIFCell_0.input_weights': '0.000', 'ALIFCell_0.recurrent_weights': '0.000', 'ReadOut_0.readout_weights': '0.000'}
[2026-06-02 20:10:43,892][src.modRNN.training.alignment][INFO] -   align eprop @ epoch 1751: cos {'ALIFCell_0.input_weights': '0.561', 'ALIFCell_0.recurrent_weights': '0.629', 'ReadOut_0.readout_weights': '0.000'}
[2026-06-02 20:10:45,139][src.modRNN.training.alignment][INFO] -   align diffusion_aligned @ epoch 1751: cos {'ALIFCell_0.input_weights': '0.552', 'ALIFCell_0.recurrent_weights': '0.601', 'ReadOut_0.readout_weights': '0.000'}
[2026-06-02 20:10:47,232][src.modRNN.training.alignment][INFO] -   align diffusion_per_step @ epoch 1751: cos {'ALIFCell_0.input_weights': '0.606', 'ALIFCell_0.recurrent_weights': '0.636', 'ReadOut_0.readout_weights': '0.000'}
[2026-06-02 20:10:48,447][src.modRNN.training.alignment][INFO] -   align diffusion_fixed @ epoch 1751: cos {'ALIFCell_0.input_weights': '0.728', 'ALIFCell_0.recurrent_weights': '0.747', 'ReadOut_0.readout_weights': '0.000'}
[2026-06-02 20:11:19,660][src.modRNN.training.alignment][INFO] - epoch 1775  train loss=0.3698  (rule: diffusion)
[2026-06-02 20:11:52,178][src.modRNN.training.alignment][INFO] - epoch 1800  train loss=0.2947  (rule: diffusion)
[2026-06-02 20:11:54,863][src.modRNN.training.alignment][INFO] -   align BPTT @ epoch 1801: cos {'ALIFCell_0.input_weights': '0.000', 'ALIFCell_0.recurrent_weights': '0.000', 'ReadOut_0.readout_weights': '0.000'}
[2026-06-02 20:11:55,839][src.modRNN.training.alignment][INFO] -   align eprop @ epoch 1801: cos {'ALIFCell_0.input_weights': '0.854', 'ALIFCell_0.recurrent_weights': '1.202', 'ReadOut_0.readout_weights': '0.000'}
[2026-06-02 20:11:57,093][src.modRNN.training.alignment][INFO] -   align diffusion_aligned @ epoch 1801: cos {'ALIFCell_0.input_weights': '0.942', 'ALIFCell_0.recurrent_weights': '1.245', 'ReadOut_0.readout_weights': '0.000'}
[2026-06-02 20:11:59,195][src.modRNN.training.alignment][INFO] -   align diffusion_per_step @ epoch 1801: cos {'ALIFCell_0.input_weights': '0.960', 'ALIFCell_0.recurrent_weights': '1.242', 'ReadOut_0.readout_weights': '0.000'}
[2026-06-02 20:12:00,418][src.modRNN.training.alignment][INFO] -   align diffusion_fixed @ epoch 1801: cos {'ALIFCell_0.input_weights': '1.227', 'ALIFCell_0.recurrent_weights': '1.316', 'ReadOut_0.readout_weights': '0.000'}
[2026-06-02 20:12:31,787][src.modRNN.training.alignment][INFO] - epoch 1825  train loss=0.3783  (rule: diffusion)
[2026-06-02 20:13:04,242][src.modRNN.training.alignment][INFO] - epoch 1850  train loss=0.5285  (rule: diffusion)
[2026-06-02 20:13:06,941][src.modRNN.training.alignment][INFO] -   align BPTT @ epoch 1851: cos {'ALIFCell_0.input_weights': '0.000', 'ALIFCell_0.recurrent_weights': '0.000', 'ReadOut_0.readout_weights': '0.000'}
[2026-06-02 20:13:07,928][src.modRNN.training.alignment][INFO] -   align eprop @ epoch 1851: cos {'ALIFCell_0.input_weights': '1.464', 'ALIFCell_0.recurrent_weights': '1.461', 'ReadOut_0.readout_weights': '0.000'}
[2026-06-02 20:13:09,187][src.modRNN.training.alignment][INFO] -   align diffusion_aligned @ epoch 1851: cos {'ALIFCell_0.input_weights': '1.469', 'ALIFCell_0.recurrent_weights': '1.500', 'ReadOut_0.readout_weights': '0.000'}
[2026-06-02 20:13:11,297][src.modRNN.training.alignment][INFO] -   align diffusion_per_step @ epoch 1851: cos {'ALIFCell_0.input_weights': '1.438', 'ALIFCell_0.recurrent_weights': '1.439', 'ReadOut_0.readout_weights': '0.000'}
[2026-06-02 20:13:12,527][src.modRNN.training.alignment][INFO] -   align diffusion_fixed @ epoch 1851: cos {'ALIFCell_0.input_weights': '1.450', 'ALIFCell_0.recurrent_weights': '1.443', 'ReadOut_0.readout_weights': '0.000'}
[2026-06-02 20:13:43,819][src.modRNN.training.alignment][INFO] - epoch 1875  train loss=0.3704  (rule: diffusion)
[2026-06-02 20:14:16,359][src.modRNN.training.alignment][INFO] - epoch 1900  train loss=0.3065  (rule: diffusion)
[2026-06-02 20:14:19,058][src.modRNN.training.alignment][INFO] -   align BPTT @ epoch 1901: cos {'ALIFCell_0.input_weights': '0.000', 'ALIFCell_0.recurrent_weights': '0.000', 'ReadOut_0.readout_weights': '0.000'}
[2026-06-02 20:14:20,046][src.modRNN.training.alignment][INFO] -   align eprop @ epoch 1901: cos {'ALIFCell_0.input_weights': '0.569', 'ALIFCell_0.recurrent_weights': '1.133', 'ReadOut_0.readout_weights': '0.000'}
[2026-06-02 20:14:21,307][src.modRNN.training.alignment][INFO] -   align diffusion_aligned @ epoch 1901: cos {'ALIFCell_0.input_weights': '0.477', 'ALIFCell_0.recurrent_weights': '1.055', 'ReadOut_0.readout_weights': '0.000'}
[2026-06-02 20:14:23,420][src.modRNN.training.alignment][INFO] -   align diffusion_per_step @ epoch 1901: cos {'ALIFCell_0.input_weights': '0.564', 'ALIFCell_0.recurrent_weights': '1.172', 'ReadOut_0.readout_weights': '0.000'}
[2026-06-02 20:14:24,649][src.modRNN.training.alignment][INFO] -   align diffusion_fixed @ epoch 1901: cos {'ALIFCell_0.input_weights': '0.606', 'ALIFCell_0.recurrent_weights': '1.127', 'ReadOut_0.readout_weights': '0.000'}
[2026-06-02 20:14:55,811][src.modRNN.training.alignment][INFO] - epoch 1925  train loss=0.3165  (rule: diffusion)
[2026-06-02 20:15:28,484][src.modRNN.training.alignment][INFO] - epoch 1950  train loss=0.2439  (rule: diffusion)
[2026-06-02 20:15:31,181][src.modRNN.training.alignment][INFO] -   align BPTT @ epoch 1951: cos {'ALIFCell_0.input_weights': '0.000', 'ALIFCell_0.recurrent_weights': '0.000', 'ReadOut_0.readout_weights': '0.000'}
[2026-06-02 20:15:32,158][src.modRNN.training.alignment][INFO] -   align eprop @ epoch 1951: cos {'ALIFCell_0.input_weights': '0.478', 'ALIFCell_0.recurrent_weights': '0.779', 'ReadOut_0.readout_weights': '0.000'}
[2026-06-02 20:15:33,414][src.modRNN.training.alignment][INFO] -   align diffusion_aligned @ epoch 1951: cos {'ALIFCell_0.input_weights': '0.389', 'ALIFCell_0.recurrent_weights': '0.697', 'ReadOut_0.readout_weights': '0.000'}
[2026-06-02 20:15:35,517][src.modRNN.training.alignment][INFO] -   align diffusion_per_step @ epoch 1951: cos {'ALIFCell_0.input_weights': '0.451', 'ALIFCell_0.recurrent_weights': '0.737', 'ReadOut_0.readout_weights': '0.000'}
[2026-06-02 20:15:36,740][src.modRNN.training.alignment][INFO] -   align diffusion_fixed @ epoch 1951: cos {'ALIFCell_0.input_weights': '0.499', 'ALIFCell_0.recurrent_weights': '0.887', 'ReadOut_0.readout_weights': '0.000'}
[2026-06-02 20:16:07,893][src.modRNN.training.alignment][INFO] - epoch 1975  train loss=0.3893  (rule: diffusion)
[2026-06-02 20:16:40,497][src.modRNN.training.alignment][INFO] - epoch 2000  train loss=0.3179  (rule: diffusion)
[2026-06-02 20:16:43,180][src.modRNN.training.alignment][INFO] -   align BPTT @ epoch 2001: cos {'ALIFCell_0.input_weights': '0.000', 'ALIFCell_0.recurrent_weights': '0.000', 'ReadOut_0.readout_weights': '0.000'}
[2026-06-02 20:16:44,158][src.modRNN.training.alignment][INFO] -   align eprop @ epoch 2001: cos {'ALIFCell_0.input_weights': '0.551', 'ALIFCell_0.recurrent_weights': '0.908', 'ReadOut_0.readout_weights': '0.000'}
[2026-06-02 20:16:45,412][src.modRNN.training.alignment][INFO] -   align diffusion_aligned @ epoch 2001: cos {'ALIFCell_0.input_weights': '0.488', 'ALIFCell_0.recurrent_weights': '0.855', 'ReadOut_0.readout_weights': '0.000'}
[2026-06-02 20:16:47,515][src.modRNN.training.alignment][INFO] -   align diffusion_per_step @ epoch 2001: cos {'ALIFCell_0.input_weights': '0.532', 'ALIFCell_0.recurrent_weights': '0.880', 'ReadOut_0.readout_weights': '0.000'}
[2026-06-02 20:16:48,740][src.modRNN.training.alignment][INFO] -   align diffusion_fixed @ epoch 2001: cos {'ALIFCell_0.input_weights': '0.560', 'ALIFCell_0.recurrent_weights': '0.915', 'ReadOut_0.readout_weights': '0.000'}
[2026-06-02 20:16:48,773][src.modRNN.training.alignment][INFO] - Alignment experiment finished. Output dir: /mnt/lustre/work/martius/mot736/neuromodRNN/outputs/cue_accumulation/align_nn_connectivity_diffusion_aligned/seed_14572
