[2026-05-20 16:29:07,644][jax._src.xla_bridge][INFO] - Unable to initialize backend 'rocm': module 'jaxlib.xla_extension' has no attribute 'GpuAllocatorConfig'
[2026-05-20 16:29:07,646][jax._src.xla_bridge][INFO] - Unable to initialize backend 'tpu': INTERNAL: Failed to open libtpu.so: libtpu.so: cannot open shared object file: No such file or directory
[2026-05-20 16:29:17,487][src.modRNN.training.alignment][INFO] - Starting alignment experiment: training with diffusion, measuring alignment of ['BPTT', 'eprop', 'diffusion_aligned', 'diffusion_per_step', 'diffusion_fixed'] every 50 epochs.
[2026-05-20 16:29:22,047][src.modRNN.training.alignment][INFO] - epoch 1  train loss=0.6931  (rule: diffusion)
[2026-05-20 16:29:24,080][src.modRNN.training.alignment][INFO] -   align BPTT @ epoch 1: cos {'ALIFCell_0.input_weights': '0.000', 'ALIFCell_0.recurrent_weights': '0.000', 'ReadOut_0.readout_weights': 'nan'}
[2026-05-20 16:29:25,443][src.modRNN.training.alignment][INFO] -   align eprop @ epoch 1: cos {'ALIFCell_0.input_weights': '0.258', 'ALIFCell_0.recurrent_weights': '0.328', 'ReadOut_0.readout_weights': 'nan'}
[2026-05-20 16:29:27,040][src.modRNN.training.alignment][INFO] -   align diffusion_aligned @ epoch 1: cos {'ALIFCell_0.input_weights': '0.503', 'ALIFCell_0.recurrent_weights': '0.590', 'ReadOut_0.readout_weights': 'nan'}
[2026-05-20 16:29:30,629][src.modRNN.training.alignment][INFO] -   align diffusion_per_step @ epoch 1: cos {'ALIFCell_0.input_weights': '0.505', 'ALIFCell_0.recurrent_weights': '0.599', 'ReadOut_0.readout_weights': 'nan'}
[2026-05-20 16:29:32,295][src.modRNN.training.alignment][INFO] -   align diffusion_fixed @ epoch 1: cos {'ALIFCell_0.input_weights': '0.589', 'ALIFCell_0.recurrent_weights': '0.546', 'ReadOut_0.readout_weights': 'nan'}
[2026-05-20 16:29:49,751][src.modRNN.training.alignment][INFO] - epoch 25  train loss=0.6932  (rule: diffusion)
[2026-05-20 16:30:08,059][src.modRNN.training.alignment][INFO] - epoch 50  train loss=0.6931  (rule: diffusion)
[2026-05-20 16:30:09,560][src.modRNN.training.alignment][INFO] -   align BPTT @ epoch 51: cos {'ALIFCell_0.input_weights': '0.000', 'ALIFCell_0.recurrent_weights': '0.000', 'ReadOut_0.readout_weights': '0.000'}
[2026-05-20 16:30:10,124][src.modRNN.training.alignment][INFO] -   align eprop @ epoch 51: cos {'ALIFCell_0.input_weights': '0.373', 'ALIFCell_0.recurrent_weights': '0.328', 'ReadOut_0.readout_weights': '0.000'}
[2026-05-20 16:30:10,820][src.modRNN.training.alignment][INFO] -   align diffusion_aligned @ epoch 51: cos {'ALIFCell_0.input_weights': '0.610', 'ALIFCell_0.recurrent_weights': '0.548', 'ReadOut_0.readout_weights': '0.000'}
[2026-05-20 16:30:11,989][src.modRNN.training.alignment][INFO] -   align diffusion_per_step @ epoch 51: cos {'ALIFCell_0.input_weights': '0.552', 'ALIFCell_0.recurrent_weights': '0.438', 'ReadOut_0.readout_weights': '0.000'}
[2026-05-20 16:30:12,669][src.modRNN.training.alignment][INFO] -   align diffusion_fixed @ epoch 51: cos {'ALIFCell_0.input_weights': '0.606', 'ALIFCell_0.recurrent_weights': '0.443', 'ReadOut_0.readout_weights': '0.000'}
[2026-05-20 16:30:30,309][src.modRNN.training.alignment][INFO] - epoch 75  train loss=0.6932  (rule: diffusion)
[2026-05-20 16:30:48,654][src.modRNN.training.alignment][INFO] - epoch 100  train loss=0.6931  (rule: diffusion)
[2026-05-20 16:30:50,149][src.modRNN.training.alignment][INFO] -   align BPTT @ epoch 101: cos {'ALIFCell_0.input_weights': '0.000', 'ALIFCell_0.recurrent_weights': '0.000', 'ReadOut_0.readout_weights': '0.000'}
[2026-05-20 16:30:50,707][src.modRNN.training.alignment][INFO] -   align eprop @ epoch 101: cos {'ALIFCell_0.input_weights': '0.442', 'ALIFCell_0.recurrent_weights': '0.595', 'ReadOut_0.readout_weights': '0.000'}
[2026-05-20 16:30:51,402][src.modRNN.training.alignment][INFO] -   align diffusion_aligned @ epoch 101: cos {'ALIFCell_0.input_weights': '0.639', 'ALIFCell_0.recurrent_weights': '0.898', 'ReadOut_0.readout_weights': '0.000'}
[2026-05-20 16:30:52,568][src.modRNN.training.alignment][INFO] -   align diffusion_per_step @ epoch 101: cos {'ALIFCell_0.input_weights': '0.637', 'ALIFCell_0.recurrent_weights': '0.796', 'ReadOut_0.readout_weights': '0.000'}
[2026-05-20 16:30:53,248][src.modRNN.training.alignment][INFO] -   align diffusion_fixed @ epoch 101: cos {'ALIFCell_0.input_weights': '0.691', 'ALIFCell_0.recurrent_weights': '0.845', 'ReadOut_0.readout_weights': '0.000'}
[2026-05-20 16:31:10,868][src.modRNN.training.alignment][INFO] - epoch 125  train loss=0.6922  (rule: diffusion)
[2026-05-20 16:31:29,324][src.modRNN.training.alignment][INFO] - epoch 150  train loss=0.6930  (rule: diffusion)
[2026-05-20 16:31:30,829][src.modRNN.training.alignment][INFO] -   align BPTT @ epoch 151: cos {'ALIFCell_0.input_weights': '0.000', 'ALIFCell_0.recurrent_weights': '0.000', 'ReadOut_0.readout_weights': '0.000'}
[2026-05-20 16:31:31,392][src.modRNN.training.alignment][INFO] -   align eprop @ epoch 151: cos {'ALIFCell_0.input_weights': '1.162', 'ALIFCell_0.recurrent_weights': '0.941', 'ReadOut_0.readout_weights': '0.000'}
[2026-05-20 16:31:32,089][src.modRNN.training.alignment][INFO] -   align diffusion_aligned @ epoch 151: cos {'ALIFCell_0.input_weights': '1.220', 'ALIFCell_0.recurrent_weights': '1.013', 'ReadOut_0.readout_weights': '0.000'}
[2026-05-20 16:31:33,262][src.modRNN.training.alignment][INFO] -   align diffusion_per_step @ epoch 151: cos {'ALIFCell_0.input_weights': '1.186', 'ALIFCell_0.recurrent_weights': '0.932', 'ReadOut_0.readout_weights': '0.000'}
[2026-05-20 16:31:33,946][src.modRNN.training.alignment][INFO] -   align diffusion_fixed @ epoch 151: cos {'ALIFCell_0.input_weights': '1.195', 'ALIFCell_0.recurrent_weights': '0.984', 'ReadOut_0.readout_weights': '0.000'}
[2026-05-20 16:31:51,687][src.modRNN.training.alignment][INFO] - epoch 175  train loss=0.6784  (rule: diffusion)
[2026-05-20 16:32:10,208][src.modRNN.training.alignment][INFO] - epoch 200  train loss=0.6665  (rule: diffusion)
[2026-05-20 16:32:11,716][src.modRNN.training.alignment][INFO] -   align BPTT @ epoch 201: cos {'ALIFCell_0.input_weights': '0.000', 'ALIFCell_0.recurrent_weights': '0.000', 'ReadOut_0.readout_weights': '0.000'}
[2026-05-20 16:32:12,280][src.modRNN.training.alignment][INFO] -   align eprop @ epoch 201: cos {'ALIFCell_0.input_weights': '1.029', 'ALIFCell_0.recurrent_weights': '0.738', 'ReadOut_0.readout_weights': '0.000'}
[2026-05-20 16:32:12,981][src.modRNN.training.alignment][INFO] -   align diffusion_aligned @ epoch 201: cos {'ALIFCell_0.input_weights': '1.190', 'ALIFCell_0.recurrent_weights': '0.839', 'ReadOut_0.readout_weights': '0.000'}
[2026-05-20 16:32:14,155][src.modRNN.training.alignment][INFO] -   align diffusion_per_step @ epoch 201: cos {'ALIFCell_0.input_weights': '1.099', 'ALIFCell_0.recurrent_weights': '0.805', 'ReadOut_0.readout_weights': '0.000'}
[2026-05-20 16:32:14,842][src.modRNN.training.alignment][INFO] -   align diffusion_fixed @ epoch 201: cos {'ALIFCell_0.input_weights': '1.222', 'ALIFCell_0.recurrent_weights': '0.853', 'ReadOut_0.readout_weights': '0.000'}
[2026-05-20 16:32:32,634][src.modRNN.training.alignment][INFO] - epoch 225  train loss=0.7118  (rule: diffusion)
[2026-05-20 16:32:51,136][src.modRNN.training.alignment][INFO] - epoch 250  train loss=0.6550  (rule: diffusion)
[2026-05-20 16:32:52,654][src.modRNN.training.alignment][INFO] -   align BPTT @ epoch 251: cos {'ALIFCell_0.input_weights': '0.000', 'ALIFCell_0.recurrent_weights': '0.000', 'ReadOut_0.readout_weights': '0.000'}
[2026-05-20 16:32:53,219][src.modRNN.training.alignment][INFO] -   align eprop @ epoch 251: cos {'ALIFCell_0.input_weights': '0.766', 'ALIFCell_0.recurrent_weights': '1.006', 'ReadOut_0.readout_weights': '0.000'}
[2026-05-20 16:32:53,924][src.modRNN.training.alignment][INFO] -   align diffusion_aligned @ epoch 251: cos {'ALIFCell_0.input_weights': '0.969', 'ALIFCell_0.recurrent_weights': '0.952', 'ReadOut_0.readout_weights': '0.000'}
[2026-05-20 16:32:55,106][src.modRNN.training.alignment][INFO] -   align diffusion_per_step @ epoch 251: cos {'ALIFCell_0.input_weights': '0.984', 'ALIFCell_0.recurrent_weights': '0.972', 'ReadOut_0.readout_weights': '0.000'}
[2026-05-20 16:32:55,796][src.modRNN.training.alignment][INFO] -   align diffusion_fixed @ epoch 251: cos {'ALIFCell_0.input_weights': '1.160', 'ALIFCell_0.recurrent_weights': '1.013', 'ReadOut_0.readout_weights': '0.000'}
[2026-05-20 16:33:13,702][src.modRNN.training.alignment][INFO] - epoch 275  train loss=0.5576  (rule: diffusion)
[2026-05-20 16:33:32,355][src.modRNN.training.alignment][INFO] - epoch 300  train loss=0.5923  (rule: diffusion)
[2026-05-20 16:33:33,872][src.modRNN.training.alignment][INFO] -   align BPTT @ epoch 301: cos {'ALIFCell_0.input_weights': '0.000', 'ALIFCell_0.recurrent_weights': '0.000', 'ReadOut_0.readout_weights': '0.000'}
[2026-05-20 16:33:34,439][src.modRNN.training.alignment][INFO] -   align eprop @ epoch 301: cos {'ALIFCell_0.input_weights': '0.849', 'ALIFCell_0.recurrent_weights': '0.895', 'ReadOut_0.readout_weights': '0.000'}
[2026-05-20 16:33:35,144][src.modRNN.training.alignment][INFO] -   align diffusion_aligned @ epoch 301: cos {'ALIFCell_0.input_weights': '0.947', 'ALIFCell_0.recurrent_weights': '0.875', 'ReadOut_0.readout_weights': '0.000'}
[2026-05-20 16:33:36,329][src.modRNN.training.alignment][INFO] -   align diffusion_per_step @ epoch 301: cos {'ALIFCell_0.input_weights': '0.974', 'ALIFCell_0.recurrent_weights': '0.895', 'ReadOut_0.readout_weights': '0.000'}
[2026-05-20 16:33:37,019][src.modRNN.training.alignment][INFO] -   align diffusion_fixed @ epoch 301: cos {'ALIFCell_0.input_weights': '1.077', 'ALIFCell_0.recurrent_weights': '0.899', 'ReadOut_0.readout_weights': '0.000'}
[2026-05-20 16:33:54,895][src.modRNN.training.alignment][INFO] - epoch 325  train loss=0.6113  (rule: diffusion)
[2026-05-20 16:34:13,537][src.modRNN.training.alignment][INFO] - epoch 350  train loss=0.5828  (rule: diffusion)
[2026-05-20 16:34:15,055][src.modRNN.training.alignment][INFO] -   align BPTT @ epoch 351: cos {'ALIFCell_0.input_weights': '0.000', 'ALIFCell_0.recurrent_weights': '0.000', 'ReadOut_0.readout_weights': '0.000'}
[2026-05-20 16:34:15,621][src.modRNN.training.alignment][INFO] -   align eprop @ epoch 351: cos {'ALIFCell_0.input_weights': '1.056', 'ALIFCell_0.recurrent_weights': '0.786', 'ReadOut_0.readout_weights': '0.000'}
[2026-05-20 16:34:16,326][src.modRNN.training.alignment][INFO] -   align diffusion_aligned @ epoch 351: cos {'ALIFCell_0.input_weights': '1.178', 'ALIFCell_0.recurrent_weights': '0.883', 'ReadOut_0.readout_weights': '0.000'}
[2026-05-20 16:34:17,512][src.modRNN.training.alignment][INFO] -   align diffusion_per_step @ epoch 351: cos {'ALIFCell_0.input_weights': '1.200', 'ALIFCell_0.recurrent_weights': '0.838', 'ReadOut_0.readout_weights': '0.000'}
[2026-05-20 16:34:18,203][src.modRNN.training.alignment][INFO] -   align diffusion_fixed @ epoch 351: cos {'ALIFCell_0.input_weights': '1.306', 'ALIFCell_0.recurrent_weights': '0.899', 'ReadOut_0.readout_weights': '0.000'}
[2026-05-20 16:34:36,095][src.modRNN.training.alignment][INFO] - epoch 375  train loss=0.5922  (rule: diffusion)
[2026-05-20 16:34:54,712][src.modRNN.training.alignment][INFO] - epoch 400  train loss=0.5762  (rule: diffusion)
[2026-05-20 16:34:56,230][src.modRNN.training.alignment][INFO] -   align BPTT @ epoch 401: cos {'ALIFCell_0.input_weights': '0.000', 'ALIFCell_0.recurrent_weights': '0.000', 'ReadOut_0.readout_weights': '0.000'}
[2026-05-20 16:34:56,797][src.modRNN.training.alignment][INFO] -   align eprop @ epoch 401: cos {'ALIFCell_0.input_weights': '0.645', 'ALIFCell_0.recurrent_weights': '0.773', 'ReadOut_0.readout_weights': '0.000'}
[2026-05-20 16:34:57,501][src.modRNN.training.alignment][INFO] -   align diffusion_aligned @ epoch 401: cos {'ALIFCell_0.input_weights': '0.779', 'ALIFCell_0.recurrent_weights': '0.902', 'ReadOut_0.readout_weights': '0.000'}
[2026-05-20 16:34:58,684][src.modRNN.training.alignment][INFO] -   align diffusion_per_step @ epoch 401: cos {'ALIFCell_0.input_weights': '0.751', 'ALIFCell_0.recurrent_weights': '0.789', 'ReadOut_0.readout_weights': '0.000'}
[2026-05-20 16:34:59,381][src.modRNN.training.alignment][INFO] -   align diffusion_fixed @ epoch 401: cos {'ALIFCell_0.input_weights': '0.802', 'ALIFCell_0.recurrent_weights': '0.784', 'ReadOut_0.readout_weights': '0.000'}
[2026-05-20 16:35:17,278][src.modRNN.training.alignment][INFO] - epoch 425  train loss=0.6061  (rule: diffusion)
[2026-05-20 16:35:35,902][src.modRNN.training.alignment][INFO] - epoch 450  train loss=0.5902  (rule: diffusion)
[2026-05-20 16:35:37,418][src.modRNN.training.alignment][INFO] -   align BPTT @ epoch 451: cos {'ALIFCell_0.input_weights': '0.000', 'ALIFCell_0.recurrent_weights': '0.000', 'ReadOut_0.readout_weights': '0.000'}
[2026-05-20 16:35:37,985][src.modRNN.training.alignment][INFO] -   align eprop @ epoch 451: cos {'ALIFCell_0.input_weights': '0.875', 'ALIFCell_0.recurrent_weights': '1.110', 'ReadOut_0.readout_weights': '0.000'}
[2026-05-20 16:35:38,688][src.modRNN.training.alignment][INFO] -   align diffusion_aligned @ epoch 451: cos {'ALIFCell_0.input_weights': '0.995', 'ALIFCell_0.recurrent_weights': '1.137', 'ReadOut_0.readout_weights': '0.000'}
[2026-05-20 16:35:39,870][src.modRNN.training.alignment][INFO] -   align diffusion_per_step @ epoch 451: cos {'ALIFCell_0.input_weights': '0.990', 'ALIFCell_0.recurrent_weights': '1.135', 'ReadOut_0.readout_weights': '0.000'}
[2026-05-20 16:35:40,559][src.modRNN.training.alignment][INFO] -   align diffusion_fixed @ epoch 451: cos {'ALIFCell_0.input_weights': '1.058', 'ALIFCell_0.recurrent_weights': '1.162', 'ReadOut_0.readout_weights': '0.000'}
[2026-05-20 16:35:58,421][src.modRNN.training.alignment][INFO] - epoch 475  train loss=0.5904  (rule: diffusion)
[2026-05-20 16:36:17,048][src.modRNN.training.alignment][INFO] - epoch 500  train loss=0.6756  (rule: diffusion)
[2026-05-20 16:36:18,562][src.modRNN.training.alignment][INFO] -   align BPTT @ epoch 501: cos {'ALIFCell_0.input_weights': '0.000', 'ALIFCell_0.recurrent_weights': '0.000', 'ReadOut_0.readout_weights': '0.000'}
[2026-05-20 16:36:19,127][src.modRNN.training.alignment][INFO] -   align eprop @ epoch 501: cos {'ALIFCell_0.input_weights': '0.942', 'ALIFCell_0.recurrent_weights': '1.209', 'ReadOut_0.readout_weights': '0.000'}
[2026-05-20 16:36:19,830][src.modRNN.training.alignment][INFO] -   align diffusion_aligned @ epoch 501: cos {'ALIFCell_0.input_weights': '1.057', 'ALIFCell_0.recurrent_weights': '1.255', 'ReadOut_0.readout_weights': '0.000'}
[2026-05-20 16:36:21,015][src.modRNN.training.alignment][INFO] -   align diffusion_per_step @ epoch 501: cos {'ALIFCell_0.input_weights': '1.085', 'ALIFCell_0.recurrent_weights': '1.269', 'ReadOut_0.readout_weights': '0.000'}
[2026-05-20 16:36:21,703][src.modRNN.training.alignment][INFO] -   align diffusion_fixed @ epoch 501: cos {'ALIFCell_0.input_weights': '1.153', 'ALIFCell_0.recurrent_weights': '1.260', 'ReadOut_0.readout_weights': '0.000'}
[2026-05-20 16:36:39,589][src.modRNN.training.alignment][INFO] - epoch 525  train loss=0.5857  (rule: diffusion)
[2026-05-20 16:36:58,181][src.modRNN.training.alignment][INFO] - epoch 550  train loss=0.6148  (rule: diffusion)
[2026-05-20 16:36:59,699][src.modRNN.training.alignment][INFO] -   align BPTT @ epoch 551: cos {'ALIFCell_0.input_weights': '0.000', 'ALIFCell_0.recurrent_weights': '0.000', 'ReadOut_0.readout_weights': '0.000'}
[2026-05-20 16:37:00,265][src.modRNN.training.alignment][INFO] -   align eprop @ epoch 551: cos {'ALIFCell_0.input_weights': '0.977', 'ALIFCell_0.recurrent_weights': '1.221', 'ReadOut_0.readout_weights': '0.000'}
[2026-05-20 16:37:00,968][src.modRNN.training.alignment][INFO] -   align diffusion_aligned @ epoch 551: cos {'ALIFCell_0.input_weights': '1.157', 'ALIFCell_0.recurrent_weights': '1.237', 'ReadOut_0.readout_weights': '0.000'}
[2026-05-20 16:37:02,155][src.modRNN.training.alignment][INFO] -   align diffusion_per_step @ epoch 551: cos {'ALIFCell_0.input_weights': '1.121', 'ALIFCell_0.recurrent_weights': '1.216', 'ReadOut_0.readout_weights': '0.000'}
[2026-05-20 16:37:02,844][src.modRNN.training.alignment][INFO] -   align diffusion_fixed @ epoch 551: cos {'ALIFCell_0.input_weights': '1.192', 'ALIFCell_0.recurrent_weights': '1.284', 'ReadOut_0.readout_weights': '0.000'}
[2026-05-20 16:37:20,752][src.modRNN.training.alignment][INFO] - epoch 575  train loss=0.6374  (rule: diffusion)
[2026-05-20 16:37:39,394][src.modRNN.training.alignment][INFO] - epoch 600  train loss=0.5721  (rule: diffusion)
[2026-05-20 16:37:40,910][src.modRNN.training.alignment][INFO] -   align BPTT @ epoch 601: cos {'ALIFCell_0.input_weights': '0.000', 'ALIFCell_0.recurrent_weights': '0.000', 'ReadOut_0.readout_weights': '0.000'}
[2026-05-20 16:37:41,477][src.modRNN.training.alignment][INFO] -   align eprop @ epoch 601: cos {'ALIFCell_0.input_weights': '0.800', 'ALIFCell_0.recurrent_weights': '0.984', 'ReadOut_0.readout_weights': '0.000'}
[2026-05-20 16:37:42,182][src.modRNN.training.alignment][INFO] -   align diffusion_aligned @ epoch 601: cos {'ALIFCell_0.input_weights': '1.023', 'ALIFCell_0.recurrent_weights': '1.084', 'ReadOut_0.readout_weights': '0.000'}
[2026-05-20 16:37:43,367][src.modRNN.training.alignment][INFO] -   align diffusion_per_step @ epoch 601: cos {'ALIFCell_0.input_weights': '1.001', 'ALIFCell_0.recurrent_weights': '1.025', 'ReadOut_0.readout_weights': '0.000'}
[2026-05-20 16:37:44,059][src.modRNN.training.alignment][INFO] -   align diffusion_fixed @ epoch 601: cos {'ALIFCell_0.input_weights': '1.107', 'ALIFCell_0.recurrent_weights': '1.038', 'ReadOut_0.readout_weights': '0.000'}
[2026-05-20 16:38:01,969][src.modRNN.training.alignment][INFO] - epoch 625  train loss=0.5352  (rule: diffusion)
[2026-05-20 16:38:20,661][src.modRNN.training.alignment][INFO] - epoch 650  train loss=0.6164  (rule: diffusion)
[2026-05-20 16:38:22,180][src.modRNN.training.alignment][INFO] -   align BPTT @ epoch 651: cos {'ALIFCell_0.input_weights': '0.000', 'ALIFCell_0.recurrent_weights': '0.000', 'ReadOut_0.readout_weights': '0.000'}
[2026-05-20 16:38:22,752][src.modRNN.training.alignment][INFO] -   align eprop @ epoch 651: cos {'ALIFCell_0.input_weights': '1.047', 'ALIFCell_0.recurrent_weights': '0.775', 'ReadOut_0.readout_weights': '0.000'}
[2026-05-20 16:38:23,457][src.modRNN.training.alignment][INFO] -   align diffusion_aligned @ epoch 651: cos {'ALIFCell_0.input_weights': '1.132', 'ALIFCell_0.recurrent_weights': '0.851', 'ReadOut_0.readout_weights': '0.000'}
[2026-05-20 16:38:24,640][src.modRNN.training.alignment][INFO] -   align diffusion_per_step @ epoch 651: cos {'ALIFCell_0.input_weights': '1.096', 'ALIFCell_0.recurrent_weights': '0.785', 'ReadOut_0.readout_weights': '0.000'}
[2026-05-20 16:38:25,330][src.modRNN.training.alignment][INFO] -   align diffusion_fixed @ epoch 651: cos {'ALIFCell_0.input_weights': '1.115', 'ALIFCell_0.recurrent_weights': '0.762', 'ReadOut_0.readout_weights': '0.000'}
[2026-05-20 16:38:43,254][src.modRNN.training.alignment][INFO] - epoch 675  train loss=0.6089  (rule: diffusion)
[2026-05-20 16:39:01,883][src.modRNN.training.alignment][INFO] - epoch 700  train loss=0.5598  (rule: diffusion)
[2026-05-20 16:39:03,416][src.modRNN.training.alignment][INFO] -   align BPTT @ epoch 701: cos {'ALIFCell_0.input_weights': '0.000', 'ALIFCell_0.recurrent_weights': '0.000', 'ReadOut_0.readout_weights': '0.000'}
[2026-05-20 16:39:03,983][src.modRNN.training.alignment][INFO] -   align eprop @ epoch 701: cos {'ALIFCell_0.input_weights': '1.063', 'ALIFCell_0.recurrent_weights': '1.079', 'ReadOut_0.readout_weights': '0.000'}
[2026-05-20 16:39:04,686][src.modRNN.training.alignment][INFO] -   align diffusion_aligned @ epoch 701: cos {'ALIFCell_0.input_weights': '1.126', 'ALIFCell_0.recurrent_weights': '1.094', 'ReadOut_0.readout_weights': '0.000'}
[2026-05-20 16:39:05,869][src.modRNN.training.alignment][INFO] -   align diffusion_per_step @ epoch 701: cos {'ALIFCell_0.input_weights': '1.100', 'ALIFCell_0.recurrent_weights': '1.025', 'ReadOut_0.readout_weights': '0.000'}
[2026-05-20 16:39:06,559][src.modRNN.training.alignment][INFO] -   align diffusion_fixed @ epoch 701: cos {'ALIFCell_0.input_weights': '1.097', 'ALIFCell_0.recurrent_weights': '1.011', 'ReadOut_0.readout_weights': '0.000'}
[2026-05-20 16:39:24,461][src.modRNN.training.alignment][INFO] - epoch 725  train loss=0.5963  (rule: diffusion)
[2026-05-20 16:39:43,079][src.modRNN.training.alignment][INFO] - epoch 750  train loss=0.4725  (rule: diffusion)
[2026-05-20 16:39:44,594][src.modRNN.training.alignment][INFO] -   align BPTT @ epoch 751: cos {'ALIFCell_0.input_weights': '0.000', 'ALIFCell_0.recurrent_weights': '0.000', 'ReadOut_0.readout_weights': '0.000'}
[2026-05-20 16:39:45,162][src.modRNN.training.alignment][INFO] -   align eprop @ epoch 751: cos {'ALIFCell_0.input_weights': '1.147', 'ALIFCell_0.recurrent_weights': '1.211', 'ReadOut_0.readout_weights': '0.000'}
[2026-05-20 16:39:45,865][src.modRNN.training.alignment][INFO] -   align diffusion_aligned @ epoch 751: cos {'ALIFCell_0.input_weights': '1.232', 'ALIFCell_0.recurrent_weights': '1.233', 'ReadOut_0.readout_weights': '0.000'}
[2026-05-20 16:39:47,050][src.modRNN.training.alignment][INFO] -   align diffusion_per_step @ epoch 751: cos {'ALIFCell_0.input_weights': '1.197', 'ALIFCell_0.recurrent_weights': '1.153', 'ReadOut_0.readout_weights': '0.000'}
[2026-05-20 16:39:47,739][src.modRNN.training.alignment][INFO] -   align diffusion_fixed @ epoch 751: cos {'ALIFCell_0.input_weights': '1.168', 'ALIFCell_0.recurrent_weights': '1.164', 'ReadOut_0.readout_weights': '0.000'}
[2026-05-20 16:40:05,654][src.modRNN.training.alignment][INFO] - epoch 775  train loss=0.4826  (rule: diffusion)
[2026-05-20 16:40:24,353][src.modRNN.training.alignment][INFO] - epoch 800  train loss=0.5625  (rule: diffusion)
[2026-05-20 16:40:25,868][src.modRNN.training.alignment][INFO] -   align BPTT @ epoch 801: cos {'ALIFCell_0.input_weights': '0.000', 'ALIFCell_0.recurrent_weights': '0.000', 'ReadOut_0.readout_weights': '0.000'}
[2026-05-20 16:40:26,433][src.modRNN.training.alignment][INFO] -   align eprop @ epoch 801: cos {'ALIFCell_0.input_weights': '0.921', 'ALIFCell_0.recurrent_weights': '1.134', 'ReadOut_0.readout_weights': '0.000'}
[2026-05-20 16:40:27,136][src.modRNN.training.alignment][INFO] -   align diffusion_aligned @ epoch 801: cos {'ALIFCell_0.input_weights': '1.015', 'ALIFCell_0.recurrent_weights': '1.214', 'ReadOut_0.readout_weights': '0.000'}
[2026-05-20 16:40:28,318][src.modRNN.training.alignment][INFO] -   align diffusion_per_step @ epoch 801: cos {'ALIFCell_0.input_weights': '0.930', 'ALIFCell_0.recurrent_weights': '1.152', 'ReadOut_0.readout_weights': '0.000'}
[2026-05-20 16:40:29,010][src.modRNN.training.alignment][INFO] -   align diffusion_fixed @ epoch 801: cos {'ALIFCell_0.input_weights': '0.986', 'ALIFCell_0.recurrent_weights': '1.189', 'ReadOut_0.readout_weights': '0.000'}
[2026-05-20 16:40:46,867][src.modRNN.training.alignment][INFO] - epoch 825  train loss=0.5311  (rule: diffusion)
[2026-05-20 16:41:05,488][src.modRNN.training.alignment][INFO] - epoch 850  train loss=0.4862  (rule: diffusion)
[2026-05-20 16:41:07,007][src.modRNN.training.alignment][INFO] -   align BPTT @ epoch 851: cos {'ALIFCell_0.input_weights': '0.000', 'ALIFCell_0.recurrent_weights': '0.000', 'ReadOut_0.readout_weights': '0.000'}
[2026-05-20 16:41:07,576][src.modRNN.training.alignment][INFO] -   align eprop @ epoch 851: cos {'ALIFCell_0.input_weights': '1.229', 'ALIFCell_0.recurrent_weights': '1.073', 'ReadOut_0.readout_weights': '0.000'}
[2026-05-20 16:41:08,282][src.modRNN.training.alignment][INFO] -   align diffusion_aligned @ epoch 851: cos {'ALIFCell_0.input_weights': '1.317', 'ALIFCell_0.recurrent_weights': '1.137', 'ReadOut_0.readout_weights': '0.000'}
[2026-05-20 16:41:09,467][src.modRNN.training.alignment][INFO] -   align diffusion_per_step @ epoch 851: cos {'ALIFCell_0.input_weights': '1.304', 'ALIFCell_0.recurrent_weights': '1.113', 'ReadOut_0.readout_weights': '0.000'}
[2026-05-20 16:41:10,159][src.modRNN.training.alignment][INFO] -   align diffusion_fixed @ epoch 851: cos {'ALIFCell_0.input_weights': '1.334', 'ALIFCell_0.recurrent_weights': '1.103', 'ReadOut_0.readout_weights': '0.000'}
[2026-05-20 16:41:28,100][src.modRNN.training.alignment][INFO] - epoch 875  train loss=0.4197  (rule: diffusion)
[2026-05-20 16:41:46,803][src.modRNN.training.alignment][INFO] - epoch 900  train loss=0.5585  (rule: diffusion)
[2026-05-20 16:41:48,322][src.modRNN.training.alignment][INFO] -   align BPTT @ epoch 901: cos {'ALIFCell_0.input_weights': '0.000', 'ALIFCell_0.recurrent_weights': '0.000', 'ReadOut_0.readout_weights': '0.000'}
[2026-05-20 16:41:48,891][src.modRNN.training.alignment][INFO] -   align eprop @ epoch 901: cos {'ALIFCell_0.input_weights': '0.843', 'ALIFCell_0.recurrent_weights': '0.865', 'ReadOut_0.readout_weights': '0.000'}
[2026-05-20 16:41:49,595][src.modRNN.training.alignment][INFO] -   align diffusion_aligned @ epoch 901: cos {'ALIFCell_0.input_weights': '1.052', 'ALIFCell_0.recurrent_weights': '1.099', 'ReadOut_0.readout_weights': '0.000'}
[2026-05-20 16:41:50,778][src.modRNN.training.alignment][INFO] -   align diffusion_per_step @ epoch 901: cos {'ALIFCell_0.input_weights': '1.042', 'ALIFCell_0.recurrent_weights': '0.938', 'ReadOut_0.readout_weights': '0.000'}
[2026-05-20 16:41:51,467][src.modRNN.training.alignment][INFO] -   align diffusion_fixed @ epoch 901: cos {'ALIFCell_0.input_weights': '1.163', 'ALIFCell_0.recurrent_weights': '0.952', 'ReadOut_0.readout_weights': '0.000'}
[2026-05-20 16:42:09,345][src.modRNN.training.alignment][INFO] - epoch 925  train loss=0.6217  (rule: diffusion)
[2026-05-20 16:42:27,996][src.modRNN.training.alignment][INFO] - epoch 950  train loss=0.4478  (rule: diffusion)
[2026-05-20 16:42:29,513][src.modRNN.training.alignment][INFO] -   align BPTT @ epoch 951: cos {'ALIFCell_0.input_weights': '0.000', 'ALIFCell_0.recurrent_weights': '0.000', 'ReadOut_0.readout_weights': '0.000'}
[2026-05-20 16:42:30,081][src.modRNN.training.alignment][INFO] -   align eprop @ epoch 951: cos {'ALIFCell_0.input_weights': '1.129', 'ALIFCell_0.recurrent_weights': '1.363', 'ReadOut_0.readout_weights': '0.000'}
[2026-05-20 16:42:30,784][src.modRNN.training.alignment][INFO] -   align diffusion_aligned @ epoch 951: cos {'ALIFCell_0.input_weights': '1.244', 'ALIFCell_0.recurrent_weights': '1.248', 'ReadOut_0.readout_weights': '0.000'}
[2026-05-20 16:42:31,968][src.modRNN.training.alignment][INFO] -   align diffusion_per_step @ epoch 951: cos {'ALIFCell_0.input_weights': '1.152', 'ALIFCell_0.recurrent_weights': '1.237', 'ReadOut_0.readout_weights': '0.000'}
[2026-05-20 16:42:32,657][src.modRNN.training.alignment][INFO] -   align diffusion_fixed @ epoch 951: cos {'ALIFCell_0.input_weights': '1.190', 'ALIFCell_0.recurrent_weights': '1.325', 'ReadOut_0.readout_weights': '0.000'}
[2026-05-20 16:42:50,522][src.modRNN.training.alignment][INFO] - epoch 975  train loss=0.6764  (rule: diffusion)
[2026-05-20 16:43:09,154][src.modRNN.training.alignment][INFO] - epoch 1000  train loss=0.5128  (rule: diffusion)
[2026-05-20 16:43:10,673][src.modRNN.training.alignment][INFO] -   align BPTT @ epoch 1001: cos {'ALIFCell_0.input_weights': '0.000', 'ALIFCell_0.recurrent_weights': '0.000', 'ReadOut_0.readout_weights': '0.000'}
[2026-05-20 16:43:11,241][src.modRNN.training.alignment][INFO] -   align eprop @ epoch 1001: cos {'ALIFCell_0.input_weights': '1.048', 'ALIFCell_0.recurrent_weights': '1.010', 'ReadOut_0.readout_weights': '0.000'}
[2026-05-20 16:43:11,945][src.modRNN.training.alignment][INFO] -   align diffusion_aligned @ epoch 1001: cos {'ALIFCell_0.input_weights': '1.122', 'ALIFCell_0.recurrent_weights': '1.196', 'ReadOut_0.readout_weights': '0.000'}
[2026-05-20 16:43:13,129][src.modRNN.training.alignment][INFO] -   align diffusion_per_step @ epoch 1001: cos {'ALIFCell_0.input_weights': '1.080', 'ALIFCell_0.recurrent_weights': '1.034', 'ReadOut_0.readout_weights': '0.000'}
[2026-05-20 16:43:13,817][src.modRNN.training.alignment][INFO] -   align diffusion_fixed @ epoch 1001: cos {'ALIFCell_0.input_weights': '1.128', 'ALIFCell_0.recurrent_weights': '1.090', 'ReadOut_0.readout_weights': '0.000'}
[2026-05-20 16:43:31,722][src.modRNN.training.alignment][INFO] - epoch 1025  train loss=0.5248  (rule: diffusion)
[2026-05-20 16:43:50,343][src.modRNN.training.alignment][INFO] - epoch 1050  train loss=0.6586  (rule: diffusion)
[2026-05-20 16:43:51,859][src.modRNN.training.alignment][INFO] -   align BPTT @ epoch 1051: cos {'ALIFCell_0.input_weights': '0.000', 'ALIFCell_0.recurrent_weights': '0.000', 'ReadOut_0.readout_weights': '0.000'}
[2026-05-20 16:43:52,427][src.modRNN.training.alignment][INFO] -   align eprop @ epoch 1051: cos {'ALIFCell_0.input_weights': '0.883', 'ALIFCell_0.recurrent_weights': '0.742', 'ReadOut_0.readout_weights': '0.000'}
[2026-05-20 16:43:53,130][src.modRNN.training.alignment][INFO] -   align diffusion_aligned @ epoch 1051: cos {'ALIFCell_0.input_weights': '1.035', 'ALIFCell_0.recurrent_weights': '0.749', 'ReadOut_0.readout_weights': '0.000'}
[2026-05-20 16:43:54,313][src.modRNN.training.alignment][INFO] -   align diffusion_per_step @ epoch 1051: cos {'ALIFCell_0.input_weights': '0.969', 'ALIFCell_0.recurrent_weights': '0.731', 'ReadOut_0.readout_weights': '0.000'}
[2026-05-20 16:43:55,004][src.modRNN.training.alignment][INFO] -   align diffusion_fixed @ epoch 1051: cos {'ALIFCell_0.input_weights': '1.008', 'ALIFCell_0.recurrent_weights': '0.807', 'ReadOut_0.readout_weights': '0.000'}
[2026-05-20 16:44:12,899][src.modRNN.training.alignment][INFO] - epoch 1075  train loss=0.5445  (rule: diffusion)
[2026-05-20 16:44:31,591][src.modRNN.training.alignment][INFO] - epoch 1100  train loss=0.5474  (rule: diffusion)
[2026-05-20 16:44:33,106][src.modRNN.training.alignment][INFO] -   align BPTT @ epoch 1101: cos {'ALIFCell_0.input_weights': '0.000', 'ALIFCell_0.recurrent_weights': '0.000', 'ReadOut_0.readout_weights': '0.000'}
[2026-05-20 16:44:33,676][src.modRNN.training.alignment][INFO] -   align eprop @ epoch 1101: cos {'ALIFCell_0.input_weights': '1.073', 'ALIFCell_0.recurrent_weights': '1.210', 'ReadOut_0.readout_weights': '0.000'}
[2026-05-20 16:44:34,378][src.modRNN.training.alignment][INFO] -   align diffusion_aligned @ epoch 1101: cos {'ALIFCell_0.input_weights': '1.189', 'ALIFCell_0.recurrent_weights': '1.253', 'ReadOut_0.readout_weights': '0.000'}
[2026-05-20 16:44:35,563][src.modRNN.training.alignment][INFO] -   align diffusion_per_step @ epoch 1101: cos {'ALIFCell_0.input_weights': '1.079', 'ALIFCell_0.recurrent_weights': '1.133', 'ReadOut_0.readout_weights': '0.000'}
[2026-05-20 16:44:36,253][src.modRNN.training.alignment][INFO] -   align diffusion_fixed @ epoch 1101: cos {'ALIFCell_0.input_weights': '1.098', 'ALIFCell_0.recurrent_weights': '1.161', 'ReadOut_0.readout_weights': '0.000'}
[2026-05-20 16:44:54,090][src.modRNN.training.alignment][INFO] - epoch 1125  train loss=0.5299  (rule: diffusion)
[2026-05-20 16:45:12,723][src.modRNN.training.alignment][INFO] - epoch 1150  train loss=0.5446  (rule: diffusion)
[2026-05-20 16:45:14,241][src.modRNN.training.alignment][INFO] -   align BPTT @ epoch 1151: cos {'ALIFCell_0.input_weights': '0.000', 'ALIFCell_0.recurrent_weights': '0.000', 'ReadOut_0.readout_weights': '0.000'}
[2026-05-20 16:45:14,808][src.modRNN.training.alignment][INFO] -   align eprop @ epoch 1151: cos {'ALIFCell_0.input_weights': '1.101', 'ALIFCell_0.recurrent_weights': '1.171', 'ReadOut_0.readout_weights': '0.000'}
[2026-05-20 16:45:15,512][src.modRNN.training.alignment][INFO] -   align diffusion_aligned @ epoch 1151: cos {'ALIFCell_0.input_weights': '1.163', 'ALIFCell_0.recurrent_weights': '1.265', 'ReadOut_0.readout_weights': '0.000'}
[2026-05-20 16:45:16,698][src.modRNN.training.alignment][INFO] -   align diffusion_per_step @ epoch 1151: cos {'ALIFCell_0.input_weights': '1.111', 'ALIFCell_0.recurrent_weights': '1.295', 'ReadOut_0.readout_weights': '0.000'}
[2026-05-20 16:45:17,386][src.modRNN.training.alignment][INFO] -   align diffusion_fixed @ epoch 1151: cos {'ALIFCell_0.input_weights': '1.128', 'ALIFCell_0.recurrent_weights': '1.326', 'ReadOut_0.readout_weights': '0.000'}
[2026-05-20 16:45:35,244][src.modRNN.training.alignment][INFO] - epoch 1175  train loss=0.4032  (rule: diffusion)
[2026-05-20 16:45:53,851][src.modRNN.training.alignment][INFO] - epoch 1200  train loss=0.6881  (rule: diffusion)
[2026-05-20 16:45:55,367][src.modRNN.training.alignment][INFO] -   align BPTT @ epoch 1201: cos {'ALIFCell_0.input_weights': '0.000', 'ALIFCell_0.recurrent_weights': '0.000', 'ReadOut_0.readout_weights': '0.000'}
[2026-05-20 16:45:55,935][src.modRNN.training.alignment][INFO] -   align eprop @ epoch 1201: cos {'ALIFCell_0.input_weights': '1.022', 'ALIFCell_0.recurrent_weights': '1.196', 'ReadOut_0.readout_weights': '0.000'}
[2026-05-20 16:45:56,641][src.modRNN.training.alignment][INFO] -   align diffusion_aligned @ epoch 1201: cos {'ALIFCell_0.input_weights': '1.103', 'ALIFCell_0.recurrent_weights': '1.203', 'ReadOut_0.readout_weights': '0.000'}
[2026-05-20 16:45:57,825][src.modRNN.training.alignment][INFO] -   align diffusion_per_step @ epoch 1201: cos {'ALIFCell_0.input_weights': '1.004', 'ALIFCell_0.recurrent_weights': '1.191', 'ReadOut_0.readout_weights': '0.000'}
[2026-05-20 16:45:58,518][src.modRNN.training.alignment][INFO] -   align diffusion_fixed @ epoch 1201: cos {'ALIFCell_0.input_weights': '1.084', 'ALIFCell_0.recurrent_weights': '1.257', 'ReadOut_0.readout_weights': '0.000'}
[2026-05-20 16:46:16,446][src.modRNN.training.alignment][INFO] - epoch 1225  train loss=0.6649  (rule: diffusion)
[2026-05-20 16:46:35,108][src.modRNN.training.alignment][INFO] - epoch 1250  train loss=0.6921  (rule: diffusion)
[2026-05-20 16:46:36,625][src.modRNN.training.alignment][INFO] -   align BPTT @ epoch 1251: cos {'ALIFCell_0.input_weights': '0.000', 'ALIFCell_0.recurrent_weights': '0.000', 'ReadOut_0.readout_weights': '0.000'}
[2026-05-20 16:46:37,190][src.modRNN.training.alignment][INFO] -   align eprop @ epoch 1251: cos {'ALIFCell_0.input_weights': '1.086', 'ALIFCell_0.recurrent_weights': '0.956', 'ReadOut_0.readout_weights': '0.000'}
[2026-05-20 16:46:37,894][src.modRNN.training.alignment][INFO] -   align diffusion_aligned @ epoch 1251: cos {'ALIFCell_0.input_weights': '1.143', 'ALIFCell_0.recurrent_weights': '1.124', 'ReadOut_0.readout_weights': '0.000'}
[2026-05-20 16:46:39,080][src.modRNN.training.alignment][INFO] -   align diffusion_per_step @ epoch 1251: cos {'ALIFCell_0.input_weights': '1.083', 'ALIFCell_0.recurrent_weights': '0.924', 'ReadOut_0.readout_weights': '0.000'}
[2026-05-20 16:46:39,769][src.modRNN.training.alignment][INFO] -   align diffusion_fixed @ epoch 1251: cos {'ALIFCell_0.input_weights': '1.118', 'ALIFCell_0.recurrent_weights': '0.931', 'ReadOut_0.readout_weights': '0.000'}
[2026-05-20 16:46:57,594][src.modRNN.training.alignment][INFO] - epoch 1275  train loss=0.6200  (rule: diffusion)
[2026-05-20 16:47:16,221][src.modRNN.training.alignment][INFO] - epoch 1300  train loss=0.6008  (rule: diffusion)
[2026-05-20 16:47:17,736][src.modRNN.training.alignment][INFO] -   align BPTT @ epoch 1301: cos {'ALIFCell_0.input_weights': '0.000', 'ALIFCell_0.recurrent_weights': '0.000', 'ReadOut_0.readout_weights': '0.000'}
[2026-05-20 16:47:18,304][src.modRNN.training.alignment][INFO] -   align eprop @ epoch 1301: cos {'ALIFCell_0.input_weights': '1.131', 'ALIFCell_0.recurrent_weights': '1.150', 'ReadOut_0.readout_weights': '0.000'}
[2026-05-20 16:47:19,006][src.modRNN.training.alignment][INFO] -   align diffusion_aligned @ epoch 1301: cos {'ALIFCell_0.input_weights': '1.262', 'ALIFCell_0.recurrent_weights': '1.226', 'ReadOut_0.readout_weights': '0.000'}
[2026-05-20 16:47:20,190][src.modRNN.training.alignment][INFO] -   align diffusion_per_step @ epoch 1301: cos {'ALIFCell_0.input_weights': '1.117', 'ALIFCell_0.recurrent_weights': '1.033', 'ReadOut_0.readout_weights': '0.000'}
[2026-05-20 16:47:20,879][src.modRNN.training.alignment][INFO] -   align diffusion_fixed @ epoch 1301: cos {'ALIFCell_0.input_weights': '1.147', 'ALIFCell_0.recurrent_weights': '1.094', 'ReadOut_0.readout_weights': '0.000'}
[2026-05-20 16:47:38,759][src.modRNN.training.alignment][INFO] - epoch 1325  train loss=0.6429  (rule: diffusion)
[2026-05-20 16:47:57,371][src.modRNN.training.alignment][INFO] - epoch 1350  train loss=0.6803  (rule: diffusion)
[2026-05-20 16:47:58,885][src.modRNN.training.alignment][INFO] -   align BPTT @ epoch 1351: cos {'ALIFCell_0.input_weights': '0.000', 'ALIFCell_0.recurrent_weights': '0.000', 'ReadOut_0.readout_weights': '0.000'}
[2026-05-20 16:47:59,454][src.modRNN.training.alignment][INFO] -   align eprop @ epoch 1351: cos {'ALIFCell_0.input_weights': '1.045', 'ALIFCell_0.recurrent_weights': '1.192', 'ReadOut_0.readout_weights': '0.000'}
[2026-05-20 16:48:00,159][src.modRNN.training.alignment][INFO] -   align diffusion_aligned @ epoch 1351: cos {'ALIFCell_0.input_weights': '1.129', 'ALIFCell_0.recurrent_weights': '1.153', 'ReadOut_0.readout_weights': '0.000'}
[2026-05-20 16:48:01,348][src.modRNN.training.alignment][INFO] -   align diffusion_per_step @ epoch 1351: cos {'ALIFCell_0.input_weights': '1.051', 'ALIFCell_0.recurrent_weights': '1.097', 'ReadOut_0.readout_weights': '0.000'}
[2026-05-20 16:48:02,046][src.modRNN.training.alignment][INFO] -   align diffusion_fixed @ epoch 1351: cos {'ALIFCell_0.input_weights': '1.054', 'ALIFCell_0.recurrent_weights': '1.094', 'ReadOut_0.readout_weights': '0.000'}
[2026-05-20 16:48:19,954][src.modRNN.training.alignment][INFO] - epoch 1375  train loss=0.6340  (rule: diffusion)
[2026-05-20 16:48:38,607][src.modRNN.training.alignment][INFO] - epoch 1400  train loss=0.7127  (rule: diffusion)
[2026-05-20 16:48:40,124][src.modRNN.training.alignment][INFO] -   align BPTT @ epoch 1401: cos {'ALIFCell_0.input_weights': '0.000', 'ALIFCell_0.recurrent_weights': '0.000', 'ReadOut_0.readout_weights': '0.000'}
[2026-05-20 16:48:40,695][src.modRNN.training.alignment][INFO] -   align eprop @ epoch 1401: cos {'ALIFCell_0.input_weights': '1.023', 'ALIFCell_0.recurrent_weights': '0.984', 'ReadOut_0.readout_weights': '0.000'}
[2026-05-20 16:48:41,404][src.modRNN.training.alignment][INFO] -   align diffusion_aligned @ epoch 1401: cos {'ALIFCell_0.input_weights': '1.109', 'ALIFCell_0.recurrent_weights': '1.027', 'ReadOut_0.readout_weights': '0.000'}
[2026-05-20 16:48:42,589][src.modRNN.training.alignment][INFO] -   align diffusion_per_step @ epoch 1401: cos {'ALIFCell_0.input_weights': '1.019', 'ALIFCell_0.recurrent_weights': '0.948', 'ReadOut_0.readout_weights': '0.000'}
[2026-05-20 16:48:43,285][src.modRNN.training.alignment][INFO] -   align diffusion_fixed @ epoch 1401: cos {'ALIFCell_0.input_weights': '1.053', 'ALIFCell_0.recurrent_weights': '1.003', 'ReadOut_0.readout_weights': '0.000'}
[2026-05-20 16:49:01,150][src.modRNN.training.alignment][INFO] - epoch 1425  train loss=0.6083  (rule: diffusion)
[2026-05-20 16:49:19,804][src.modRNN.training.alignment][INFO] - epoch 1450  train loss=0.6273  (rule: diffusion)
[2026-05-20 16:49:21,326][src.modRNN.training.alignment][INFO] -   align BPTT @ epoch 1451: cos {'ALIFCell_0.input_weights': '0.000', 'ALIFCell_0.recurrent_weights': '0.000', 'ReadOut_0.readout_weights': '0.000'}
[2026-05-20 16:49:21,892][src.modRNN.training.alignment][INFO] -   align eprop @ epoch 1451: cos {'ALIFCell_0.input_weights': '1.041', 'ALIFCell_0.recurrent_weights': '1.083', 'ReadOut_0.readout_weights': '0.000'}
[2026-05-20 16:49:22,595][src.modRNN.training.alignment][INFO] -   align diffusion_aligned @ epoch 1451: cos {'ALIFCell_0.input_weights': '1.139', 'ALIFCell_0.recurrent_weights': '1.100', 'ReadOut_0.readout_weights': '0.000'}
[2026-05-20 16:49:23,778][src.modRNN.training.alignment][INFO] -   align diffusion_per_step @ epoch 1451: cos {'ALIFCell_0.input_weights': '1.078', 'ALIFCell_0.recurrent_weights': '1.037', 'ReadOut_0.readout_weights': '0.000'}
[2026-05-20 16:49:24,466][src.modRNN.training.alignment][INFO] -   align diffusion_fixed @ epoch 1451: cos {'ALIFCell_0.input_weights': '1.094', 'ALIFCell_0.recurrent_weights': '1.029', 'ReadOut_0.readout_weights': '0.000'}
[2026-05-20 16:49:42,349][src.modRNN.training.alignment][INFO] - epoch 1475  train loss=0.5897  (rule: diffusion)
[2026-05-20 16:50:00,965][src.modRNN.training.alignment][INFO] - epoch 1500  train loss=0.6517  (rule: diffusion)
[2026-05-20 16:50:02,483][src.modRNN.training.alignment][INFO] -   align BPTT @ epoch 1501: cos {'ALIFCell_0.input_weights': '0.000', 'ALIFCell_0.recurrent_weights': '0.000', 'ReadOut_0.readout_weights': '0.000'}
[2026-05-20 16:50:03,048][src.modRNN.training.alignment][INFO] -   align eprop @ epoch 1501: cos {'ALIFCell_0.input_weights': '1.105', 'ALIFCell_0.recurrent_weights': '1.203', 'ReadOut_0.readout_weights': '0.000'}
[2026-05-20 16:50:03,753][src.modRNN.training.alignment][INFO] -   align diffusion_aligned @ epoch 1501: cos {'ALIFCell_0.input_weights': '1.132', 'ALIFCell_0.recurrent_weights': '1.226', 'ReadOut_0.readout_weights': '0.000'}
[2026-05-20 16:50:04,939][src.modRNN.training.alignment][INFO] -   align diffusion_per_step @ epoch 1501: cos {'ALIFCell_0.input_weights': '1.071', 'ALIFCell_0.recurrent_weights': '1.077', 'ReadOut_0.readout_weights': '0.000'}
[2026-05-20 16:50:05,629][src.modRNN.training.alignment][INFO] -   align diffusion_fixed @ epoch 1501: cos {'ALIFCell_0.input_weights': '1.108', 'ALIFCell_0.recurrent_weights': '1.175', 'ReadOut_0.readout_weights': '0.000'}
[2026-05-20 16:50:23,517][src.modRNN.training.alignment][INFO] - epoch 1525  train loss=0.5632  (rule: diffusion)
[2026-05-20 16:50:42,127][src.modRNN.training.alignment][INFO] - epoch 1550  train loss=0.5726  (rule: diffusion)
[2026-05-20 16:50:43,645][src.modRNN.training.alignment][INFO] -   align BPTT @ epoch 1551: cos {'ALIFCell_0.input_weights': '0.000', 'ALIFCell_0.recurrent_weights': '0.000', 'ReadOut_0.readout_weights': '0.000'}
[2026-05-20 16:50:44,212][src.modRNN.training.alignment][INFO] -   align eprop @ epoch 1551: cos {'ALIFCell_0.input_weights': '1.218', 'ALIFCell_0.recurrent_weights': '1.110', 'ReadOut_0.readout_weights': '0.000'}
[2026-05-20 16:50:44,916][src.modRNN.training.alignment][INFO] -   align diffusion_aligned @ epoch 1551: cos {'ALIFCell_0.input_weights': '1.274', 'ALIFCell_0.recurrent_weights': '1.088', 'ReadOut_0.readout_weights': '0.000'}
[2026-05-20 16:50:46,098][src.modRNN.training.alignment][INFO] -   align diffusion_per_step @ epoch 1551: cos {'ALIFCell_0.input_weights': '1.174', 'ALIFCell_0.recurrent_weights': '1.058', 'ReadOut_0.readout_weights': '0.000'}
[2026-05-20 16:50:46,789][src.modRNN.training.alignment][INFO] -   align diffusion_fixed @ epoch 1551: cos {'ALIFCell_0.input_weights': '1.208', 'ALIFCell_0.recurrent_weights': '1.112', 'ReadOut_0.readout_weights': '0.000'}
[2026-05-20 16:51:04,747][src.modRNN.training.alignment][INFO] - epoch 1575  train loss=0.6956  (rule: diffusion)
[2026-05-20 16:51:23,478][src.modRNN.training.alignment][INFO] - epoch 1600  train loss=0.5689  (rule: diffusion)
[2026-05-20 16:51:24,998][src.modRNN.training.alignment][INFO] -   align BPTT @ epoch 1601: cos {'ALIFCell_0.input_weights': '0.000', 'ALIFCell_0.recurrent_weights': '0.000', 'ReadOut_0.readout_weights': '0.000'}
[2026-05-20 16:51:25,566][src.modRNN.training.alignment][INFO] -   align eprop @ epoch 1601: cos {'ALIFCell_0.input_weights': '1.070', 'ALIFCell_0.recurrent_weights': '1.238', 'ReadOut_0.readout_weights': '0.000'}
[2026-05-20 16:51:26,271][src.modRNN.training.alignment][INFO] -   align diffusion_aligned @ epoch 1601: cos {'ALIFCell_0.input_weights': '1.138', 'ALIFCell_0.recurrent_weights': '1.212', 'ReadOut_0.readout_weights': '0.000'}
[2026-05-20 16:51:27,455][src.modRNN.training.alignment][INFO] -   align diffusion_per_step @ epoch 1601: cos {'ALIFCell_0.input_weights': '1.055', 'ALIFCell_0.recurrent_weights': '1.168', 'ReadOut_0.readout_weights': '0.000'}
[2026-05-20 16:51:28,147][src.modRNN.training.alignment][INFO] -   align diffusion_fixed @ epoch 1601: cos {'ALIFCell_0.input_weights': '1.060', 'ALIFCell_0.recurrent_weights': '1.191', 'ReadOut_0.readout_weights': '0.000'}
[2026-05-20 16:51:46,045][src.modRNN.training.alignment][INFO] - epoch 1625  train loss=0.6026  (rule: diffusion)
[2026-05-20 16:52:04,677][src.modRNN.training.alignment][INFO] - epoch 1650  train loss=0.6281  (rule: diffusion)
[2026-05-20 16:52:06,195][src.modRNN.training.alignment][INFO] -   align BPTT @ epoch 1651: cos {'ALIFCell_0.input_weights': '0.000', 'ALIFCell_0.recurrent_weights': '0.000', 'ReadOut_0.readout_weights': '0.000'}
[2026-05-20 16:52:06,762][src.modRNN.training.alignment][INFO] -   align eprop @ epoch 1651: cos {'ALIFCell_0.input_weights': '1.057', 'ALIFCell_0.recurrent_weights': '1.303', 'ReadOut_0.readout_weights': '0.000'}
[2026-05-20 16:52:07,467][src.modRNN.training.alignment][INFO] -   align diffusion_aligned @ epoch 1651: cos {'ALIFCell_0.input_weights': '1.083', 'ALIFCell_0.recurrent_weights': '1.275', 'ReadOut_0.readout_weights': '0.000'}
[2026-05-20 16:52:08,653][src.modRNN.training.alignment][INFO] -   align diffusion_per_step @ epoch 1651: cos {'ALIFCell_0.input_weights': '1.041', 'ALIFCell_0.recurrent_weights': '1.284', 'ReadOut_0.readout_weights': '0.000'}
[2026-05-20 16:52:09,342][src.modRNN.training.alignment][INFO] -   align diffusion_fixed @ epoch 1651: cos {'ALIFCell_0.input_weights': '1.064', 'ALIFCell_0.recurrent_weights': '1.317', 'ReadOut_0.readout_weights': '0.000'}
[2026-05-20 16:52:27,288][src.modRNN.training.alignment][INFO] - epoch 1675  train loss=0.6004  (rule: diffusion)
[2026-05-20 16:52:45,933][src.modRNN.training.alignment][INFO] - epoch 1700  train loss=0.5694  (rule: diffusion)
[2026-05-20 16:52:47,451][src.modRNN.training.alignment][INFO] -   align BPTT @ epoch 1701: cos {'ALIFCell_0.input_weights': '0.000', 'ALIFCell_0.recurrent_weights': '0.000', 'ReadOut_0.readout_weights': '0.000'}
[2026-05-20 16:52:48,019][src.modRNN.training.alignment][INFO] -   align eprop @ epoch 1701: cos {'ALIFCell_0.input_weights': '1.128', 'ALIFCell_0.recurrent_weights': '1.237', 'ReadOut_0.readout_weights': '0.000'}
[2026-05-20 16:52:48,722][src.modRNN.training.alignment][INFO] -   align diffusion_aligned @ epoch 1701: cos {'ALIFCell_0.input_weights': '1.162', 'ALIFCell_0.recurrent_weights': '1.285', 'ReadOut_0.readout_weights': '0.000'}
[2026-05-20 16:52:49,906][src.modRNN.training.alignment][INFO] -   align diffusion_per_step @ epoch 1701: cos {'ALIFCell_0.input_weights': '1.076', 'ALIFCell_0.recurrent_weights': '1.189', 'ReadOut_0.readout_weights': '0.000'}
[2026-05-20 16:52:50,595][src.modRNN.training.alignment][INFO] -   align diffusion_fixed @ epoch 1701: cos {'ALIFCell_0.input_weights': '1.104', 'ALIFCell_0.recurrent_weights': '1.217', 'ReadOut_0.readout_weights': '0.000'}
[2026-05-20 16:53:08,486][src.modRNN.training.alignment][INFO] - epoch 1725  train loss=0.6071  (rule: diffusion)
[2026-05-20 16:53:27,151][src.modRNN.training.alignment][INFO] - epoch 1750  train loss=0.7716  (rule: diffusion)
[2026-05-20 16:53:28,670][src.modRNN.training.alignment][INFO] -   align BPTT @ epoch 1751: cos {'ALIFCell_0.input_weights': '0.000', 'ALIFCell_0.recurrent_weights': '0.000', 'ReadOut_0.readout_weights': '0.000'}
[2026-05-20 16:53:29,236][src.modRNN.training.alignment][INFO] -   align eprop @ epoch 1751: cos {'ALIFCell_0.input_weights': '1.166', 'ALIFCell_0.recurrent_weights': '1.164', 'ReadOut_0.readout_weights': '0.000'}
[2026-05-20 16:53:29,945][src.modRNN.training.alignment][INFO] -   align diffusion_aligned @ epoch 1751: cos {'ALIFCell_0.input_weights': '1.222', 'ALIFCell_0.recurrent_weights': '1.279', 'ReadOut_0.readout_weights': '0.000'}
[2026-05-20 16:53:31,130][src.modRNN.training.alignment][INFO] -   align diffusion_per_step @ epoch 1751: cos {'ALIFCell_0.input_weights': '1.141', 'ALIFCell_0.recurrent_weights': '1.194', 'ReadOut_0.readout_weights': '0.000'}
[2026-05-20 16:53:31,822][src.modRNN.training.alignment][INFO] -   align diffusion_fixed @ epoch 1751: cos {'ALIFCell_0.input_weights': '1.156', 'ALIFCell_0.recurrent_weights': '1.183', 'ReadOut_0.readout_weights': '0.000'}
[2026-05-20 16:53:49,666][src.modRNN.training.alignment][INFO] - epoch 1775  train loss=0.6461  (rule: diffusion)
[2026-05-20 16:54:08,263][src.modRNN.training.alignment][INFO] - epoch 1800  train loss=0.7035  (rule: diffusion)
[2026-05-20 16:54:09,782][src.modRNN.training.alignment][INFO] -   align BPTT @ epoch 1801: cos {'ALIFCell_0.input_weights': '0.000', 'ALIFCell_0.recurrent_weights': '0.000', 'ReadOut_0.readout_weights': '0.000'}
[2026-05-20 16:54:10,347][src.modRNN.training.alignment][INFO] -   align eprop @ epoch 1801: cos {'ALIFCell_0.input_weights': '1.169', 'ALIFCell_0.recurrent_weights': '1.242', 'ReadOut_0.readout_weights': '0.000'}
[2026-05-20 16:54:11,053][src.modRNN.training.alignment][INFO] -   align diffusion_aligned @ epoch 1801: cos {'ALIFCell_0.input_weights': '1.222', 'ALIFCell_0.recurrent_weights': '1.190', 'ReadOut_0.readout_weights': '0.000'}
[2026-05-20 16:54:12,239][src.modRNN.training.alignment][INFO] -   align diffusion_per_step @ epoch 1801: cos {'ALIFCell_0.input_weights': '1.158', 'ALIFCell_0.recurrent_weights': '1.177', 'ReadOut_0.readout_weights': '0.000'}
[2026-05-20 16:54:12,929][src.modRNN.training.alignment][INFO] -   align diffusion_fixed @ epoch 1801: cos {'ALIFCell_0.input_weights': '1.175', 'ALIFCell_0.recurrent_weights': '1.208', 'ReadOut_0.readout_weights': '0.000'}
[2026-05-20 16:54:30,875][src.modRNN.training.alignment][INFO] - epoch 1825  train loss=0.5970  (rule: diffusion)
[2026-05-20 16:54:49,493][src.modRNN.training.alignment][INFO] - epoch 1850  train loss=0.6014  (rule: diffusion)
[2026-05-20 16:54:51,010][src.modRNN.training.alignment][INFO] -   align BPTT @ epoch 1851: cos {'ALIFCell_0.input_weights': '0.000', 'ALIFCell_0.recurrent_weights': '0.000', 'ReadOut_0.readout_weights': '0.000'}
[2026-05-20 16:54:51,579][src.modRNN.training.alignment][INFO] -   align eprop @ epoch 1851: cos {'ALIFCell_0.input_weights': '1.052', 'ALIFCell_0.recurrent_weights': '1.065', 'ReadOut_0.readout_weights': '0.000'}
[2026-05-20 16:54:52,285][src.modRNN.training.alignment][INFO] -   align diffusion_aligned @ epoch 1851: cos {'ALIFCell_0.input_weights': '1.075', 'ALIFCell_0.recurrent_weights': '0.997', 'ReadOut_0.readout_weights': '0.000'}
[2026-05-20 16:54:53,468][src.modRNN.training.alignment][INFO] -   align diffusion_per_step @ epoch 1851: cos {'ALIFCell_0.input_weights': '1.039', 'ALIFCell_0.recurrent_weights': '0.981', 'ReadOut_0.readout_weights': '0.000'}
[2026-05-20 16:54:54,159][src.modRNN.training.alignment][INFO] -   align diffusion_fixed @ epoch 1851: cos {'ALIFCell_0.input_weights': '1.043', 'ALIFCell_0.recurrent_weights': '1.036', 'ReadOut_0.readout_weights': '0.000'}
[2026-05-20 16:55:12,067][src.modRNN.training.alignment][INFO] - epoch 1875  train loss=0.6487  (rule: diffusion)
[2026-05-20 16:55:30,725][src.modRNN.training.alignment][INFO] - epoch 1900  train loss=0.6653  (rule: diffusion)
[2026-05-20 16:55:32,243][src.modRNN.training.alignment][INFO] -   align BPTT @ epoch 1901: cos {'ALIFCell_0.input_weights': '0.000', 'ALIFCell_0.recurrent_weights': '0.000', 'ReadOut_0.readout_weights': '0.000'}
[2026-05-20 16:55:32,810][src.modRNN.training.alignment][INFO] -   align eprop @ epoch 1901: cos {'ALIFCell_0.input_weights': '0.960', 'ALIFCell_0.recurrent_weights': '1.127', 'ReadOut_0.readout_weights': '0.000'}
[2026-05-20 16:55:33,516][src.modRNN.training.alignment][INFO] -   align diffusion_aligned @ epoch 1901: cos {'ALIFCell_0.input_weights': '1.103', 'ALIFCell_0.recurrent_weights': '1.224', 'ReadOut_0.readout_weights': '0.000'}
[2026-05-20 16:55:34,699][src.modRNN.training.alignment][INFO] -   align diffusion_per_step @ epoch 1901: cos {'ALIFCell_0.input_weights': '1.019', 'ALIFCell_0.recurrent_weights': '1.134', 'ReadOut_0.readout_weights': '0.000'}
[2026-05-20 16:55:35,391][src.modRNN.training.alignment][INFO] -   align diffusion_fixed @ epoch 1901: cos {'ALIFCell_0.input_weights': '1.031', 'ALIFCell_0.recurrent_weights': '1.115', 'ReadOut_0.readout_weights': '0.000'}
[2026-05-20 16:55:53,252][src.modRNN.training.alignment][INFO] - epoch 1925  train loss=0.6193  (rule: diffusion)
[2026-05-20 16:56:11,873][src.modRNN.training.alignment][INFO] - epoch 1950  train loss=0.6007  (rule: diffusion)
[2026-05-20 16:56:13,391][src.modRNN.training.alignment][INFO] -   align BPTT @ epoch 1951: cos {'ALIFCell_0.input_weights': '0.000', 'ALIFCell_0.recurrent_weights': '0.000', 'ReadOut_0.readout_weights': '0.000'}
[2026-05-20 16:56:13,958][src.modRNN.training.alignment][INFO] -   align eprop @ epoch 1951: cos {'ALIFCell_0.input_weights': '1.205', 'ALIFCell_0.recurrent_weights': '1.274', 'ReadOut_0.readout_weights': '0.000'}
[2026-05-20 16:56:14,662][src.modRNN.training.alignment][INFO] -   align diffusion_aligned @ epoch 1951: cos {'ALIFCell_0.input_weights': '1.239', 'ALIFCell_0.recurrent_weights': '1.276', 'ReadOut_0.readout_weights': '0.000'}
[2026-05-20 16:56:15,846][src.modRNN.training.alignment][INFO] -   align diffusion_per_step @ epoch 1951: cos {'ALIFCell_0.input_weights': '1.174', 'ALIFCell_0.recurrent_weights': '1.122', 'ReadOut_0.readout_weights': '0.000'}
[2026-05-20 16:56:16,537][src.modRNN.training.alignment][INFO] -   align diffusion_fixed @ epoch 1951: cos {'ALIFCell_0.input_weights': '1.186', 'ALIFCell_0.recurrent_weights': '1.140', 'ReadOut_0.readout_weights': '0.000'}
[2026-05-20 16:56:34,435][src.modRNN.training.alignment][INFO] - epoch 1975  train loss=0.6080  (rule: diffusion)
[2026-05-20 16:56:53,048][src.modRNN.training.alignment][INFO] - epoch 2000  train loss=0.6664  (rule: diffusion)
[2026-05-20 16:56:54,565][src.modRNN.training.alignment][INFO] -   align BPTT @ epoch 2001: cos {'ALIFCell_0.input_weights': '0.000', 'ALIFCell_0.recurrent_weights': '0.000', 'ReadOut_0.readout_weights': '0.000'}
[2026-05-20 16:56:55,131][src.modRNN.training.alignment][INFO] -   align eprop @ epoch 2001: cos {'ALIFCell_0.input_weights': '1.053', 'ALIFCell_0.recurrent_weights': '1.244', 'ReadOut_0.readout_weights': '0.000'}
[2026-05-20 16:56:55,834][src.modRNN.training.alignment][INFO] -   align diffusion_aligned @ epoch 2001: cos {'ALIFCell_0.input_weights': '1.107', 'ALIFCell_0.recurrent_weights': '1.205', 'ReadOut_0.readout_weights': '0.000'}
[2026-05-20 16:56:57,017][src.modRNN.training.alignment][INFO] -   align diffusion_per_step @ epoch 2001: cos {'ALIFCell_0.input_weights': '1.038', 'ALIFCell_0.recurrent_weights': '1.082', 'ReadOut_0.readout_weights': '0.000'}
[2026-05-20 16:56:57,708][src.modRNN.training.alignment][INFO] -   align diffusion_fixed @ epoch 2001: cos {'ALIFCell_0.input_weights': '1.036', 'ALIFCell_0.recurrent_weights': '1.080', 'ReadOut_0.readout_weights': '0.000'}
[2026-05-20 16:56:57,739][src.modRNN.training.alignment][INFO] - Alignment experiment finished. Output dir: /mnt/lustre/work/martius/mot736/neuromodRNN/outputs/delayed_match/align_local_connectivity_diffusion/seed_159
