[2026-05-20 16:29:07,470][jax._src.xla_bridge][INFO] - Unable to initialize backend 'rocm': module 'jaxlib.xla_extension' has no attribute 'GpuAllocatorConfig'
[2026-05-20 16:29:07,474][jax._src.xla_bridge][INFO] - Unable to initialize backend 'tpu': INTERNAL: Failed to open libtpu.so: libtpu.so: cannot open shared object file: No such file or directory
[2026-05-20 16:29:17,205][src.modRNN.training.alignment][INFO] - Starting alignment experiment: training with diffusion, measuring alignment of ['BPTT', 'eprop', 'diffusion_aligned', 'diffusion_per_step', 'diffusion_fixed'] every 50 epochs.
[2026-05-20 16:29:21,527][src.modRNN.training.alignment][INFO] - epoch 1  train loss=0.6932  (rule: diffusion)
[2026-05-20 16:29:23,433][src.modRNN.training.alignment][INFO] -   align BPTT @ epoch 1: cos {'ALIFCell_0.input_weights': '0.000', 'ALIFCell_0.recurrent_weights': '0.000', 'ReadOut_0.readout_weights': '0.000'}
[2026-05-20 16:29:24,907][src.modRNN.training.alignment][INFO] -   align eprop @ epoch 1: cos {'ALIFCell_0.input_weights': '0.335', 'ALIFCell_0.recurrent_weights': '0.209', 'ReadOut_0.readout_weights': '0.000'}
[2026-05-20 16:29:26,492][src.modRNN.training.alignment][INFO] -   align diffusion_aligned @ epoch 1: cos {'ALIFCell_0.input_weights': '0.600', 'ALIFCell_0.recurrent_weights': '0.801', 'ReadOut_0.readout_weights': '0.000'}
[2026-05-20 16:29:30,117][src.modRNN.training.alignment][INFO] -   align diffusion_per_step @ epoch 1: cos {'ALIFCell_0.input_weights': '0.360', 'ALIFCell_0.recurrent_weights': '0.353', 'ReadOut_0.readout_weights': '0.000'}
[2026-05-20 16:29:31,807][src.modRNN.training.alignment][INFO] -   align diffusion_fixed @ epoch 1: cos {'ALIFCell_0.input_weights': '0.462', 'ALIFCell_0.recurrent_weights': '0.778', 'ReadOut_0.readout_weights': '0.000'}
[2026-05-20 16:29:48,858][src.modRNN.training.alignment][INFO] - epoch 25  train loss=0.6931  (rule: diffusion)
[2026-05-20 16:30:06,645][src.modRNN.training.alignment][INFO] - epoch 50  train loss=0.6932  (rule: diffusion)
[2026-05-20 16:30:08,102][src.modRNN.training.alignment][INFO] -   align BPTT @ epoch 51: cos {'ALIFCell_0.input_weights': '0.000', 'ALIFCell_0.recurrent_weights': '0.000', 'ReadOut_0.readout_weights': '0.000'}
[2026-05-20 16:30:08,659][src.modRNN.training.alignment][INFO] -   align eprop @ epoch 51: cos {'ALIFCell_0.input_weights': '0.575', 'ALIFCell_0.recurrent_weights': '0.527', 'ReadOut_0.readout_weights': '0.000'}
[2026-05-20 16:30:09,332][src.modRNN.training.alignment][INFO] -   align diffusion_aligned @ epoch 51: cos {'ALIFCell_0.input_weights': '0.622', 'ALIFCell_0.recurrent_weights': '0.674', 'ReadOut_0.readout_weights': '0.000'}
[2026-05-20 16:30:10,475][src.modRNN.training.alignment][INFO] -   align diffusion_per_step @ epoch 51: cos {'ALIFCell_0.input_weights': '0.590', 'ALIFCell_0.recurrent_weights': '0.555', 'ReadOut_0.readout_weights': '0.000'}
[2026-05-20 16:30:11,133][src.modRNN.training.alignment][INFO] -   align diffusion_fixed @ epoch 51: cos {'ALIFCell_0.input_weights': '0.631', 'ALIFCell_0.recurrent_weights': '0.669', 'ReadOut_0.readout_weights': '0.000'}
[2026-05-20 16:30:28,388][src.modRNN.training.alignment][INFO] - epoch 75  train loss=0.6931  (rule: diffusion)
[2026-05-20 16:30:46,289][src.modRNN.training.alignment][INFO] - epoch 100  train loss=0.6926  (rule: diffusion)
[2026-05-20 16:30:47,752][src.modRNN.training.alignment][INFO] -   align BPTT @ epoch 101: cos {'ALIFCell_0.input_weights': '0.000', 'ALIFCell_0.recurrent_weights': '0.000', 'ReadOut_0.readout_weights': '0.000'}
[2026-05-20 16:30:48,310][src.modRNN.training.alignment][INFO] -   align eprop @ epoch 101: cos {'ALIFCell_0.input_weights': '1.158', 'ALIFCell_0.recurrent_weights': '1.215', 'ReadOut_0.readout_weights': '0.000'}
[2026-05-20 16:30:48,985][src.modRNN.training.alignment][INFO] -   align diffusion_aligned @ epoch 101: cos {'ALIFCell_0.input_weights': '1.195', 'ALIFCell_0.recurrent_weights': '1.281', 'ReadOut_0.readout_weights': '0.000'}
[2026-05-20 16:30:50,128][src.modRNN.training.alignment][INFO] -   align diffusion_per_step @ epoch 101: cos {'ALIFCell_0.input_weights': '1.171', 'ALIFCell_0.recurrent_weights': '1.226', 'ReadOut_0.readout_weights': '0.000'}
[2026-05-20 16:30:50,784][src.modRNN.training.alignment][INFO] -   align diffusion_fixed @ epoch 101: cos {'ALIFCell_0.input_weights': '1.170', 'ALIFCell_0.recurrent_weights': '1.202', 'ReadOut_0.readout_weights': '0.000'}
[2026-05-20 16:31:07,953][src.modRNN.training.alignment][INFO] - epoch 125  train loss=0.6421  (rule: diffusion)
[2026-05-20 16:31:25,979][src.modRNN.training.alignment][INFO] - epoch 150  train loss=0.5847  (rule: diffusion)
[2026-05-20 16:31:27,454][src.modRNN.training.alignment][INFO] -   align BPTT @ epoch 151: cos {'ALIFCell_0.input_weights': '0.000', 'ALIFCell_0.recurrent_weights': '0.000', 'ReadOut_0.readout_weights': '0.000'}
[2026-05-20 16:31:28,020][src.modRNN.training.alignment][INFO] -   align eprop @ epoch 151: cos {'ALIFCell_0.input_weights': '1.114', 'ALIFCell_0.recurrent_weights': '1.259', 'ReadOut_0.readout_weights': '0.000'}
[2026-05-20 16:31:28,700][src.modRNN.training.alignment][INFO] -   align diffusion_aligned @ epoch 151: cos {'ALIFCell_0.input_weights': '1.107', 'ALIFCell_0.recurrent_weights': '1.325', 'ReadOut_0.readout_weights': '0.000'}
[2026-05-20 16:31:29,854][src.modRNN.training.alignment][INFO] -   align diffusion_per_step @ epoch 151: cos {'ALIFCell_0.input_weights': '1.117', 'ALIFCell_0.recurrent_weights': '1.271', 'ReadOut_0.readout_weights': '0.000'}
[2026-05-20 16:31:30,518][src.modRNN.training.alignment][INFO] -   align diffusion_fixed @ epoch 151: cos {'ALIFCell_0.input_weights': '1.152', 'ALIFCell_0.recurrent_weights': '1.249', 'ReadOut_0.readout_weights': '0.000'}
[2026-05-20 16:31:47,779][src.modRNN.training.alignment][INFO] - epoch 175  train loss=0.6727  (rule: diffusion)
[2026-05-20 16:32:05,799][src.modRNN.training.alignment][INFO] - epoch 200  train loss=0.6943  (rule: diffusion)
[2026-05-20 16:32:07,275][src.modRNN.training.alignment][INFO] -   align BPTT @ epoch 201: cos {'ALIFCell_0.input_weights': '0.000', 'ALIFCell_0.recurrent_weights': '0.000', 'ReadOut_0.readout_weights': '0.000'}
[2026-05-20 16:32:07,839][src.modRNN.training.alignment][INFO] -   align eprop @ epoch 201: cos {'ALIFCell_0.input_weights': '0.656', 'ALIFCell_0.recurrent_weights': '1.049', 'ReadOut_0.readout_weights': '0.000'}
[2026-05-20 16:32:08,520][src.modRNN.training.alignment][INFO] -   align diffusion_aligned @ epoch 201: cos {'ALIFCell_0.input_weights': '0.641', 'ALIFCell_0.recurrent_weights': '1.057', 'ReadOut_0.readout_weights': '0.000'}
[2026-05-20 16:32:09,673][src.modRNN.training.alignment][INFO] -   align diffusion_per_step @ epoch 201: cos {'ALIFCell_0.input_weights': '0.658', 'ALIFCell_0.recurrent_weights': '0.985', 'ReadOut_0.readout_weights': '0.000'}
[2026-05-20 16:32:10,338][src.modRNN.training.alignment][INFO] -   align diffusion_fixed @ epoch 201: cos {'ALIFCell_0.input_weights': '0.678', 'ALIFCell_0.recurrent_weights': '1.080', 'ReadOut_0.readout_weights': '0.000'}
[2026-05-20 16:32:27,711][src.modRNN.training.alignment][INFO] - epoch 225  train loss=0.6082  (rule: diffusion)
[2026-05-20 16:32:45,727][src.modRNN.training.alignment][INFO] - epoch 250  train loss=0.6905  (rule: diffusion)
[2026-05-20 16:32:47,201][src.modRNN.training.alignment][INFO] -   align BPTT @ epoch 251: cos {'ALIFCell_0.input_weights': '0.000', 'ALIFCell_0.recurrent_weights': '0.000', 'ReadOut_0.readout_weights': '0.000'}
[2026-05-20 16:32:47,763][src.modRNN.training.alignment][INFO] -   align eprop @ epoch 251: cos {'ALIFCell_0.input_weights': '0.726', 'ALIFCell_0.recurrent_weights': '0.845', 'ReadOut_0.readout_weights': '0.000'}
[2026-05-20 16:32:48,446][src.modRNN.training.alignment][INFO] -   align diffusion_aligned @ epoch 251: cos {'ALIFCell_0.input_weights': '0.781', 'ALIFCell_0.recurrent_weights': '0.881', 'ReadOut_0.readout_weights': '0.000'}
[2026-05-20 16:32:49,597][src.modRNN.training.alignment][INFO] -   align diffusion_per_step @ epoch 251: cos {'ALIFCell_0.input_weights': '0.765', 'ALIFCell_0.recurrent_weights': '0.880', 'ReadOut_0.readout_weights': '0.000'}
[2026-05-20 16:32:50,258][src.modRNN.training.alignment][INFO] -   align diffusion_fixed @ epoch 251: cos {'ALIFCell_0.input_weights': '0.825', 'ALIFCell_0.recurrent_weights': '0.946', 'ReadOut_0.readout_weights': '0.000'}
[2026-05-20 16:33:07,540][src.modRNN.training.alignment][INFO] - epoch 275  train loss=0.6900  (rule: diffusion)
[2026-05-20 16:33:25,595][src.modRNN.training.alignment][INFO] - epoch 300  train loss=0.6945  (rule: diffusion)
[2026-05-20 16:33:27,072][src.modRNN.training.alignment][INFO] -   align BPTT @ epoch 301: cos {'ALIFCell_0.input_weights': '0.000', 'ALIFCell_0.recurrent_weights': '0.000', 'ReadOut_0.readout_weights': '0.000'}
[2026-05-20 16:33:27,635][src.modRNN.training.alignment][INFO] -   align eprop @ epoch 301: cos {'ALIFCell_0.input_weights': '0.790', 'ALIFCell_0.recurrent_weights': '0.661', 'ReadOut_0.readout_weights': '0.000'}
[2026-05-20 16:33:28,316][src.modRNN.training.alignment][INFO] -   align diffusion_aligned @ epoch 301: cos {'ALIFCell_0.input_weights': '1.021', 'ALIFCell_0.recurrent_weights': '0.959', 'ReadOut_0.readout_weights': '0.000'}
[2026-05-20 16:33:29,471][src.modRNN.training.alignment][INFO] -   align diffusion_per_step @ epoch 301: cos {'ALIFCell_0.input_weights': '0.817', 'ALIFCell_0.recurrent_weights': '0.692', 'ReadOut_0.readout_weights': '0.000'}
[2026-05-20 16:33:30,133][src.modRNN.training.alignment][INFO] -   align diffusion_fixed @ epoch 301: cos {'ALIFCell_0.input_weights': '0.877', 'ALIFCell_0.recurrent_weights': '0.847', 'ReadOut_0.readout_weights': '0.000'}
[2026-05-20 16:33:47,421][src.modRNN.training.alignment][INFO] - epoch 325  train loss=0.6917  (rule: diffusion)
[2026-05-20 16:34:05,418][src.modRNN.training.alignment][INFO] - epoch 350  train loss=0.6860  (rule: diffusion)
[2026-05-20 16:34:06,893][src.modRNN.training.alignment][INFO] -   align BPTT @ epoch 351: cos {'ALIFCell_0.input_weights': '0.000', 'ALIFCell_0.recurrent_weights': '0.000', 'ReadOut_0.readout_weights': '0.000'}
[2026-05-20 16:34:07,459][src.modRNN.training.alignment][INFO] -   align eprop @ epoch 351: cos {'ALIFCell_0.input_weights': '0.785', 'ALIFCell_0.recurrent_weights': '0.771', 'ReadOut_0.readout_weights': '0.000'}
[2026-05-20 16:34:08,144][src.modRNN.training.alignment][INFO] -   align diffusion_aligned @ epoch 351: cos {'ALIFCell_0.input_weights': '1.101', 'ALIFCell_0.recurrent_weights': '1.088', 'ReadOut_0.readout_weights': '0.000'}
[2026-05-20 16:34:09,298][src.modRNN.training.alignment][INFO] -   align diffusion_per_step @ epoch 351: cos {'ALIFCell_0.input_weights': '0.816', 'ALIFCell_0.recurrent_weights': '0.810', 'ReadOut_0.readout_weights': '0.000'}
[2026-05-20 16:34:09,960][src.modRNN.training.alignment][INFO] -   align diffusion_fixed @ epoch 351: cos {'ALIFCell_0.input_weights': '0.825', 'ALIFCell_0.recurrent_weights': '0.997', 'ReadOut_0.readout_weights': '0.000'}
[2026-05-20 16:34:27,322][src.modRNN.training.alignment][INFO] - epoch 375  train loss=0.6949  (rule: diffusion)
[2026-05-20 16:34:45,353][src.modRNN.training.alignment][INFO] - epoch 400  train loss=0.6931  (rule: diffusion)
[2026-05-20 16:34:46,826][src.modRNN.training.alignment][INFO] -   align BPTT @ epoch 401: cos {'ALIFCell_0.input_weights': '0.000', 'ALIFCell_0.recurrent_weights': '0.000', 'ReadOut_0.readout_weights': '0.000'}
[2026-05-20 16:34:47,389][src.modRNN.training.alignment][INFO] -   align eprop @ epoch 401: cos {'ALIFCell_0.input_weights': '0.908', 'ALIFCell_0.recurrent_weights': '0.798', 'ReadOut_0.readout_weights': '0.000'}
[2026-05-20 16:34:48,072][src.modRNN.training.alignment][INFO] -   align diffusion_aligned @ epoch 401: cos {'ALIFCell_0.input_weights': '1.123', 'ALIFCell_0.recurrent_weights': '1.094', 'ReadOut_0.readout_weights': '0.000'}
[2026-05-20 16:34:49,225][src.modRNN.training.alignment][INFO] -   align diffusion_per_step @ epoch 401: cos {'ALIFCell_0.input_weights': '0.933', 'ALIFCell_0.recurrent_weights': '0.830', 'ReadOut_0.readout_weights': '0.000'}
[2026-05-20 16:34:49,891][src.modRNN.training.alignment][INFO] -   align diffusion_fixed @ epoch 401: cos {'ALIFCell_0.input_weights': '0.969', 'ALIFCell_0.recurrent_weights': '0.994', 'ReadOut_0.readout_weights': '0.000'}
[2026-05-20 16:35:07,188][src.modRNN.training.alignment][INFO] - epoch 425  train loss=0.6869  (rule: diffusion)
[2026-05-20 16:35:25,260][src.modRNN.training.alignment][INFO] - epoch 450  train loss=0.6905  (rule: diffusion)
[2026-05-20 16:35:26,738][src.modRNN.training.alignment][INFO] -   align BPTT @ epoch 451: cos {'ALIFCell_0.input_weights': '0.000', 'ALIFCell_0.recurrent_weights': '0.000', 'ReadOut_0.readout_weights': '0.000'}
[2026-05-20 16:35:27,304][src.modRNN.training.alignment][INFO] -   align eprop @ epoch 451: cos {'ALIFCell_0.input_weights': '1.034', 'ALIFCell_0.recurrent_weights': '0.985', 'ReadOut_0.readout_weights': '0.000'}
[2026-05-20 16:35:27,986][src.modRNN.training.alignment][INFO] -   align diffusion_aligned @ epoch 451: cos {'ALIFCell_0.input_weights': '1.223', 'ALIFCell_0.recurrent_weights': '1.256', 'ReadOut_0.readout_weights': '0.000'}
[2026-05-20 16:35:29,140][src.modRNN.training.alignment][INFO] -   align diffusion_per_step @ epoch 451: cos {'ALIFCell_0.input_weights': '1.062', 'ALIFCell_0.recurrent_weights': '0.987', 'ReadOut_0.readout_weights': '0.000'}
[2026-05-20 16:35:29,804][src.modRNN.training.alignment][INFO] -   align diffusion_fixed @ epoch 451: cos {'ALIFCell_0.input_weights': '1.059', 'ALIFCell_0.recurrent_weights': '1.168', 'ReadOut_0.readout_weights': '0.000'}
[2026-05-20 16:35:47,062][src.modRNN.training.alignment][INFO] - epoch 475  train loss=0.6912  (rule: diffusion)
[2026-05-20 16:36:05,056][src.modRNN.training.alignment][INFO] - epoch 500  train loss=0.6876  (rule: diffusion)
[2026-05-20 16:36:06,530][src.modRNN.training.alignment][INFO] -   align BPTT @ epoch 501: cos {'ALIFCell_0.input_weights': '0.000', 'ALIFCell_0.recurrent_weights': '0.000', 'ReadOut_0.readout_weights': '0.000'}
[2026-05-20 16:36:07,093][src.modRNN.training.alignment][INFO] -   align eprop @ epoch 501: cos {'ALIFCell_0.input_weights': '1.008', 'ALIFCell_0.recurrent_weights': '0.889', 'ReadOut_0.readout_weights': '0.000'}
[2026-05-20 16:36:07,774][src.modRNN.training.alignment][INFO] -   align diffusion_aligned @ epoch 501: cos {'ALIFCell_0.input_weights': '1.172', 'ALIFCell_0.recurrent_weights': '1.168', 'ReadOut_0.readout_weights': '0.000'}
[2026-05-20 16:36:08,927][src.modRNN.training.alignment][INFO] -   align diffusion_per_step @ epoch 501: cos {'ALIFCell_0.input_weights': '1.024', 'ALIFCell_0.recurrent_weights': '0.897', 'ReadOut_0.readout_weights': '0.000'}
[2026-05-20 16:36:09,590][src.modRNN.training.alignment][INFO] -   align diffusion_fixed @ epoch 501: cos {'ALIFCell_0.input_weights': '1.031', 'ALIFCell_0.recurrent_weights': '1.069', 'ReadOut_0.readout_weights': '0.000'}
[2026-05-20 16:36:26,893][src.modRNN.training.alignment][INFO] - epoch 525  train loss=0.6868  (rule: diffusion)
[2026-05-20 16:36:44,867][src.modRNN.training.alignment][INFO] - epoch 550  train loss=0.6887  (rule: diffusion)
[2026-05-20 16:36:46,340][src.modRNN.training.alignment][INFO] -   align BPTT @ epoch 551: cos {'ALIFCell_0.input_weights': '0.000', 'ALIFCell_0.recurrent_weights': '0.000', 'ReadOut_0.readout_weights': '0.000'}
[2026-05-20 16:36:46,902][src.modRNN.training.alignment][INFO] -   align eprop @ epoch 551: cos {'ALIFCell_0.input_weights': '0.789', 'ALIFCell_0.recurrent_weights': '0.961', 'ReadOut_0.readout_weights': '0.000'}
[2026-05-20 16:36:47,585][src.modRNN.training.alignment][INFO] -   align diffusion_aligned @ epoch 551: cos {'ALIFCell_0.input_weights': '1.042', 'ALIFCell_0.recurrent_weights': '1.173', 'ReadOut_0.readout_weights': '0.000'}
[2026-05-20 16:36:48,739][src.modRNN.training.alignment][INFO] -   align diffusion_per_step @ epoch 551: cos {'ALIFCell_0.input_weights': '0.805', 'ALIFCell_0.recurrent_weights': '0.998', 'ReadOut_0.readout_weights': '0.000'}
[2026-05-20 16:36:49,404][src.modRNN.training.alignment][INFO] -   align diffusion_fixed @ epoch 551: cos {'ALIFCell_0.input_weights': '0.848', 'ALIFCell_0.recurrent_weights': '1.077', 'ReadOut_0.readout_weights': '0.000'}
[2026-05-20 16:37:06,682][src.modRNN.training.alignment][INFO] - epoch 575  train loss=0.6973  (rule: diffusion)
[2026-05-20 16:37:24,756][src.modRNN.training.alignment][INFO] - epoch 600  train loss=0.6777  (rule: diffusion)
[2026-05-20 16:37:26,232][src.modRNN.training.alignment][INFO] -   align BPTT @ epoch 601: cos {'ALIFCell_0.input_weights': '0.000', 'ALIFCell_0.recurrent_weights': '0.000', 'ReadOut_0.readout_weights': '0.000'}
[2026-05-20 16:37:26,797][src.modRNN.training.alignment][INFO] -   align eprop @ epoch 601: cos {'ALIFCell_0.input_weights': '0.800', 'ALIFCell_0.recurrent_weights': '0.887', 'ReadOut_0.readout_weights': '0.000'}
[2026-05-20 16:37:27,479][src.modRNN.training.alignment][INFO] -   align diffusion_aligned @ epoch 601: cos {'ALIFCell_0.input_weights': '1.073', 'ALIFCell_0.recurrent_weights': '1.035', 'ReadOut_0.readout_weights': '0.000'}
[2026-05-20 16:37:28,633][src.modRNN.training.alignment][INFO] -   align diffusion_per_step @ epoch 601: cos {'ALIFCell_0.input_weights': '0.829', 'ALIFCell_0.recurrent_weights': '0.899', 'ReadOut_0.readout_weights': '0.000'}
[2026-05-20 16:37:29,301][src.modRNN.training.alignment][INFO] -   align diffusion_fixed @ epoch 601: cos {'ALIFCell_0.input_weights': '0.814', 'ALIFCell_0.recurrent_weights': '0.921', 'ReadOut_0.readout_weights': '0.000'}
[2026-05-20 16:37:46,585][src.modRNN.training.alignment][INFO] - epoch 625  train loss=0.6685  (rule: diffusion)
[2026-05-20 16:38:04,576][src.modRNN.training.alignment][INFO] - epoch 650  train loss=0.6779  (rule: diffusion)
[2026-05-20 16:38:06,052][src.modRNN.training.alignment][INFO] -   align BPTT @ epoch 651: cos {'ALIFCell_0.input_weights': '0.000', 'ALIFCell_0.recurrent_weights': '0.000', 'ReadOut_0.readout_weights': '0.000'}
[2026-05-20 16:38:06,617][src.modRNN.training.alignment][INFO] -   align eprop @ epoch 651: cos {'ALIFCell_0.input_weights': '0.861', 'ALIFCell_0.recurrent_weights': '0.974', 'ReadOut_0.readout_weights': '0.000'}
[2026-05-20 16:38:07,298][src.modRNN.training.alignment][INFO] -   align diffusion_aligned @ epoch 651: cos {'ALIFCell_0.input_weights': '1.076', 'ALIFCell_0.recurrent_weights': '1.111', 'ReadOut_0.readout_weights': '0.000'}
[2026-05-20 16:38:08,452][src.modRNN.training.alignment][INFO] -   align diffusion_per_step @ epoch 651: cos {'ALIFCell_0.input_weights': '0.875', 'ALIFCell_0.recurrent_weights': '0.974', 'ReadOut_0.readout_weights': '0.000'}
[2026-05-20 16:38:09,115][src.modRNN.training.alignment][INFO] -   align diffusion_fixed @ epoch 651: cos {'ALIFCell_0.input_weights': '0.940', 'ALIFCell_0.recurrent_weights': '1.004', 'ReadOut_0.readout_weights': '0.000'}
[2026-05-20 16:38:26,458][src.modRNN.training.alignment][INFO] - epoch 675  train loss=0.6815  (rule: diffusion)
[2026-05-20 16:38:44,495][src.modRNN.training.alignment][INFO] - epoch 700  train loss=0.6751  (rule: diffusion)
[2026-05-20 16:38:45,969][src.modRNN.training.alignment][INFO] -   align BPTT @ epoch 701: cos {'ALIFCell_0.input_weights': '0.000', 'ALIFCell_0.recurrent_weights': '0.000', 'ReadOut_0.readout_weights': '0.000'}
[2026-05-20 16:38:46,531][src.modRNN.training.alignment][INFO] -   align eprop @ epoch 701: cos {'ALIFCell_0.input_weights': '0.880', 'ALIFCell_0.recurrent_weights': '1.055', 'ReadOut_0.readout_weights': '0.000'}
[2026-05-20 16:38:47,210][src.modRNN.training.alignment][INFO] -   align diffusion_aligned @ epoch 701: cos {'ALIFCell_0.input_weights': '0.999', 'ALIFCell_0.recurrent_weights': '1.100', 'ReadOut_0.readout_weights': '0.000'}
[2026-05-20 16:38:48,367][src.modRNN.training.alignment][INFO] -   align diffusion_per_step @ epoch 701: cos {'ALIFCell_0.input_weights': '0.892', 'ALIFCell_0.recurrent_weights': '1.048', 'ReadOut_0.readout_weights': '0.000'}
[2026-05-20 16:38:49,029][src.modRNN.training.alignment][INFO] -   align diffusion_fixed @ epoch 701: cos {'ALIFCell_0.input_weights': '0.887', 'ALIFCell_0.recurrent_weights': '1.017', 'ReadOut_0.readout_weights': '0.000'}
[2026-05-20 16:39:06,337][src.modRNN.training.alignment][INFO] - epoch 725  train loss=0.7154  (rule: diffusion)
[2026-05-20 16:39:24,434][src.modRNN.training.alignment][INFO] - epoch 750  train loss=0.6675  (rule: diffusion)
[2026-05-20 16:39:25,912][src.modRNN.training.alignment][INFO] -   align BPTT @ epoch 751: cos {'ALIFCell_0.input_weights': '0.000', 'ALIFCell_0.recurrent_weights': '0.000', 'ReadOut_0.readout_weights': '0.000'}
[2026-05-20 16:39:26,476][src.modRNN.training.alignment][INFO] -   align eprop @ epoch 751: cos {'ALIFCell_0.input_weights': '0.915', 'ALIFCell_0.recurrent_weights': '0.978', 'ReadOut_0.readout_weights': '0.000'}
[2026-05-20 16:39:27,160][src.modRNN.training.alignment][INFO] -   align diffusion_aligned @ epoch 751: cos {'ALIFCell_0.input_weights': '0.924', 'ALIFCell_0.recurrent_weights': '1.014', 'ReadOut_0.readout_weights': '0.000'}
[2026-05-20 16:39:28,323][src.modRNN.training.alignment][INFO] -   align diffusion_per_step @ epoch 751: cos {'ALIFCell_0.input_weights': '0.917', 'ALIFCell_0.recurrent_weights': '0.970', 'ReadOut_0.readout_weights': '0.000'}
[2026-05-20 16:39:28,994][src.modRNN.training.alignment][INFO] -   align diffusion_fixed @ epoch 751: cos {'ALIFCell_0.input_weights': '0.931', 'ALIFCell_0.recurrent_weights': '1.039', 'ReadOut_0.readout_weights': '0.000'}
[2026-05-20 16:39:46,396][src.modRNN.training.alignment][INFO] - epoch 775  train loss=0.6760  (rule: diffusion)
[2026-05-20 16:40:04,498][src.modRNN.training.alignment][INFO] - epoch 800  train loss=0.6520  (rule: diffusion)
[2026-05-20 16:40:05,984][src.modRNN.training.alignment][INFO] -   align BPTT @ epoch 801: cos {'ALIFCell_0.input_weights': '0.000', 'ALIFCell_0.recurrent_weights': '0.000', 'ReadOut_0.readout_weights': '0.000'}
[2026-05-20 16:40:06,552][src.modRNN.training.alignment][INFO] -   align eprop @ epoch 801: cos {'ALIFCell_0.input_weights': '0.633', 'ALIFCell_0.recurrent_weights': '0.720', 'ReadOut_0.readout_weights': '0.000'}
[2026-05-20 16:40:07,242][src.modRNN.training.alignment][INFO] -   align diffusion_aligned @ epoch 801: cos {'ALIFCell_0.input_weights': '0.679', 'ALIFCell_0.recurrent_weights': '0.750', 'ReadOut_0.readout_weights': '0.000'}
[2026-05-20 16:40:08,406][src.modRNN.training.alignment][INFO] -   align diffusion_per_step @ epoch 801: cos {'ALIFCell_0.input_weights': '0.627', 'ALIFCell_0.recurrent_weights': '0.717', 'ReadOut_0.readout_weights': '0.000'}
[2026-05-20 16:40:09,082][src.modRNN.training.alignment][INFO] -   align diffusion_fixed @ epoch 801: cos {'ALIFCell_0.input_weights': '0.664', 'ALIFCell_0.recurrent_weights': '0.710', 'ReadOut_0.readout_weights': '0.000'}
[2026-05-20 16:40:26,565][src.modRNN.training.alignment][INFO] - epoch 825  train loss=0.6756  (rule: diffusion)
[2026-05-20 16:40:44,695][src.modRNN.training.alignment][INFO] - epoch 850  train loss=0.6491  (rule: diffusion)
[2026-05-20 16:40:46,179][src.modRNN.training.alignment][INFO] -   align BPTT @ epoch 851: cos {'ALIFCell_0.input_weights': '0.000', 'ALIFCell_0.recurrent_weights': '0.000', 'ReadOut_0.readout_weights': '0.000'}
[2026-05-20 16:40:46,748][src.modRNN.training.alignment][INFO] -   align eprop @ epoch 851: cos {'ALIFCell_0.input_weights': '0.920', 'ALIFCell_0.recurrent_weights': '0.850', 'ReadOut_0.readout_weights': '0.000'}
[2026-05-20 16:40:47,436][src.modRNN.training.alignment][INFO] -   align diffusion_aligned @ epoch 851: cos {'ALIFCell_0.input_weights': '1.035', 'ALIFCell_0.recurrent_weights': '0.872', 'ReadOut_0.readout_weights': '0.000'}
[2026-05-20 16:40:48,600][src.modRNN.training.alignment][INFO] -   align diffusion_per_step @ epoch 851: cos {'ALIFCell_0.input_weights': '0.932', 'ALIFCell_0.recurrent_weights': '0.847', 'ReadOut_0.readout_weights': '0.000'}
[2026-05-20 16:40:49,269][src.modRNN.training.alignment][INFO] -   align diffusion_fixed @ epoch 851: cos {'ALIFCell_0.input_weights': '0.980', 'ALIFCell_0.recurrent_weights': '0.868', 'ReadOut_0.readout_weights': '0.000'}
[2026-05-20 16:41:06,693][src.modRNN.training.alignment][INFO] - epoch 875  train loss=0.6615  (rule: diffusion)
[2026-05-20 16:41:24,872][src.modRNN.training.alignment][INFO] - epoch 900  train loss=0.6788  (rule: diffusion)
[2026-05-20 16:41:26,359][src.modRNN.training.alignment][INFO] -   align BPTT @ epoch 901: cos {'ALIFCell_0.input_weights': '0.000', 'ALIFCell_0.recurrent_weights': '0.000', 'ReadOut_0.readout_weights': '0.000'}
[2026-05-20 16:41:26,927][src.modRNN.training.alignment][INFO] -   align eprop @ epoch 901: cos {'ALIFCell_0.input_weights': '0.945', 'ALIFCell_0.recurrent_weights': '0.717', 'ReadOut_0.readout_weights': '0.000'}
[2026-05-20 16:41:27,612][src.modRNN.training.alignment][INFO] -   align diffusion_aligned @ epoch 901: cos {'ALIFCell_0.input_weights': '0.988', 'ALIFCell_0.recurrent_weights': '0.731', 'ReadOut_0.readout_weights': '0.000'}
[2026-05-20 16:41:28,776][src.modRNN.training.alignment][INFO] -   align diffusion_per_step @ epoch 901: cos {'ALIFCell_0.input_weights': '0.954', 'ALIFCell_0.recurrent_weights': '0.720', 'ReadOut_0.readout_weights': '0.000'}
[2026-05-20 16:41:29,447][src.modRNN.training.alignment][INFO] -   align diffusion_fixed @ epoch 901: cos {'ALIFCell_0.input_weights': '0.959', 'ALIFCell_0.recurrent_weights': '0.725', 'ReadOut_0.readout_weights': '0.000'}
[2026-05-20 16:41:46,816][src.modRNN.training.alignment][INFO] - epoch 925  train loss=0.6012  (rule: diffusion)
[2026-05-20 16:42:04,933][src.modRNN.training.alignment][INFO] - epoch 950  train loss=0.6231  (rule: diffusion)
[2026-05-20 16:42:06,419][src.modRNN.training.alignment][INFO] -   align BPTT @ epoch 951: cos {'ALIFCell_0.input_weights': '0.000', 'ALIFCell_0.recurrent_weights': '0.000', 'ReadOut_0.readout_weights': '0.000'}
[2026-05-20 16:42:06,986][src.modRNN.training.alignment][INFO] -   align eprop @ epoch 951: cos {'ALIFCell_0.input_weights': '1.274', 'ALIFCell_0.recurrent_weights': '1.282', 'ReadOut_0.readout_weights': '0.000'}
[2026-05-20 16:42:07,674][src.modRNN.training.alignment][INFO] -   align diffusion_aligned @ epoch 951: cos {'ALIFCell_0.input_weights': '1.311', 'ALIFCell_0.recurrent_weights': '1.311', 'ReadOut_0.readout_weights': '0.000'}
[2026-05-20 16:42:08,839][src.modRNN.training.alignment][INFO] -   align diffusion_per_step @ epoch 951: cos {'ALIFCell_0.input_weights': '1.282', 'ALIFCell_0.recurrent_weights': '1.300', 'ReadOut_0.readout_weights': '0.000'}
[2026-05-20 16:42:09,510][src.modRNN.training.alignment][INFO] -   align diffusion_fixed @ epoch 951: cos {'ALIFCell_0.input_weights': '1.290', 'ALIFCell_0.recurrent_weights': '1.333', 'ReadOut_0.readout_weights': '0.000'}
[2026-05-20 16:42:26,996][src.modRNN.training.alignment][INFO] - epoch 975  train loss=0.5008  (rule: diffusion)
[2026-05-20 16:42:45,137][src.modRNN.training.alignment][INFO] - epoch 1000  train loss=0.5350  (rule: diffusion)
[2026-05-20 16:42:46,619][src.modRNN.training.alignment][INFO] -   align BPTT @ epoch 1001: cos {'ALIFCell_0.input_weights': '0.000', 'ALIFCell_0.recurrent_weights': '0.000', 'ReadOut_0.readout_weights': '0.000'}
[2026-05-20 16:42:47,185][src.modRNN.training.alignment][INFO] -   align eprop @ epoch 1001: cos {'ALIFCell_0.input_weights': '1.040', 'ALIFCell_0.recurrent_weights': '1.049', 'ReadOut_0.readout_weights': '0.000'}
[2026-05-20 16:42:47,871][src.modRNN.training.alignment][INFO] -   align diffusion_aligned @ epoch 1001: cos {'ALIFCell_0.input_weights': '1.070', 'ALIFCell_0.recurrent_weights': '1.146', 'ReadOut_0.readout_weights': '0.000'}
[2026-05-20 16:42:49,033][src.modRNN.training.alignment][INFO] -   align diffusion_per_step @ epoch 1001: cos {'ALIFCell_0.input_weights': '1.050', 'ALIFCell_0.recurrent_weights': '1.035', 'ReadOut_0.readout_weights': '0.000'}
[2026-05-20 16:42:49,699][src.modRNN.training.alignment][INFO] -   align diffusion_fixed @ epoch 1001: cos {'ALIFCell_0.input_weights': '1.130', 'ALIFCell_0.recurrent_weights': '1.102', 'ReadOut_0.readout_weights': '0.000'}
[2026-05-20 16:43:07,117][src.modRNN.training.alignment][INFO] - epoch 1025  train loss=0.5186  (rule: diffusion)
[2026-05-20 16:43:25,304][src.modRNN.training.alignment][INFO] - epoch 1050  train loss=0.4878  (rule: diffusion)
[2026-05-20 16:43:26,791][src.modRNN.training.alignment][INFO] -   align BPTT @ epoch 1051: cos {'ALIFCell_0.input_weights': '0.000', 'ALIFCell_0.recurrent_weights': '0.000', 'ReadOut_0.readout_weights': '0.000'}
[2026-05-20 16:43:27,362][src.modRNN.training.alignment][INFO] -   align eprop @ epoch 1051: cos {'ALIFCell_0.input_weights': '0.964', 'ALIFCell_0.recurrent_weights': '0.592', 'ReadOut_0.readout_weights': '0.000'}
[2026-05-20 16:43:28,047][src.modRNN.training.alignment][INFO] -   align diffusion_aligned @ epoch 1051: cos {'ALIFCell_0.input_weights': '0.966', 'ALIFCell_0.recurrent_weights': '0.653', 'ReadOut_0.readout_weights': '0.000'}
[2026-05-20 16:43:29,211][src.modRNN.training.alignment][INFO] -   align diffusion_per_step @ epoch 1051: cos {'ALIFCell_0.input_weights': '0.963', 'ALIFCell_0.recurrent_weights': '0.598', 'ReadOut_0.readout_weights': '0.000'}
[2026-05-20 16:43:29,879][src.modRNN.training.alignment][INFO] -   align diffusion_fixed @ epoch 1051: cos {'ALIFCell_0.input_weights': '0.979', 'ALIFCell_0.recurrent_weights': '0.606', 'ReadOut_0.readout_weights': '0.000'}
[2026-05-20 16:43:47,254][src.modRNN.training.alignment][INFO] - epoch 1075  train loss=0.5558  (rule: diffusion)
[2026-05-20 16:44:05,381][src.modRNN.training.alignment][INFO] - epoch 1100  train loss=0.5166  (rule: diffusion)
[2026-05-20 16:44:06,869][src.modRNN.training.alignment][INFO] -   align BPTT @ epoch 1101: cos {'ALIFCell_0.input_weights': '0.000', 'ALIFCell_0.recurrent_weights': '0.000', 'ReadOut_0.readout_weights': '0.000'}
[2026-05-20 16:44:07,439][src.modRNN.training.alignment][INFO] -   align eprop @ epoch 1101: cos {'ALIFCell_0.input_weights': '0.773', 'ALIFCell_0.recurrent_weights': '1.115', 'ReadOut_0.readout_weights': '0.000'}
[2026-05-20 16:44:08,125][src.modRNN.training.alignment][INFO] -   align diffusion_aligned @ epoch 1101: cos {'ALIFCell_0.input_weights': '0.819', 'ALIFCell_0.recurrent_weights': '1.206', 'ReadOut_0.readout_weights': '0.000'}
[2026-05-20 16:44:09,289][src.modRNN.training.alignment][INFO] -   align diffusion_per_step @ epoch 1101: cos {'ALIFCell_0.input_weights': '0.777', 'ALIFCell_0.recurrent_weights': '1.119', 'ReadOut_0.readout_weights': '0.000'}
[2026-05-20 16:44:09,961][src.modRNN.training.alignment][INFO] -   align diffusion_fixed @ epoch 1101: cos {'ALIFCell_0.input_weights': '0.789', 'ALIFCell_0.recurrent_weights': '1.112', 'ReadOut_0.readout_weights': '0.000'}
[2026-05-20 16:44:27,392][src.modRNN.training.alignment][INFO] - epoch 1125  train loss=0.5596  (rule: diffusion)
[2026-05-20 16:44:45,482][src.modRNN.training.alignment][INFO] - epoch 1150  train loss=0.5802  (rule: diffusion)
[2026-05-20 16:44:46,965][src.modRNN.training.alignment][INFO] -   align BPTT @ epoch 1151: cos {'ALIFCell_0.input_weights': '0.000', 'ALIFCell_0.recurrent_weights': '0.000', 'ReadOut_0.readout_weights': '0.000'}
[2026-05-20 16:44:47,533][src.modRNN.training.alignment][INFO] -   align eprop @ epoch 1151: cos {'ALIFCell_0.input_weights': '1.043', 'ALIFCell_0.recurrent_weights': '1.186', 'ReadOut_0.readout_weights': '0.000'}
[2026-05-20 16:44:48,220][src.modRNN.training.alignment][INFO] -   align diffusion_aligned @ epoch 1151: cos {'ALIFCell_0.input_weights': '1.040', 'ALIFCell_0.recurrent_weights': '1.076', 'ReadOut_0.readout_weights': '0.000'}
[2026-05-20 16:44:49,382][src.modRNN.training.alignment][INFO] -   align diffusion_per_step @ epoch 1151: cos {'ALIFCell_0.input_weights': '1.065', 'ALIFCell_0.recurrent_weights': '1.277', 'ReadOut_0.readout_weights': '0.000'}
[2026-05-20 16:44:50,053][src.modRNN.training.alignment][INFO] -   align diffusion_fixed @ epoch 1151: cos {'ALIFCell_0.input_weights': '1.045', 'ALIFCell_0.recurrent_weights': '1.292', 'ReadOut_0.readout_weights': '0.000'}
[2026-05-20 16:45:07,490][src.modRNN.training.alignment][INFO] - epoch 1175  train loss=0.7068  (rule: diffusion)
[2026-05-20 16:45:25,714][src.modRNN.training.alignment][INFO] - epoch 1200  train loss=0.4406  (rule: diffusion)
[2026-05-20 16:45:27,203][src.modRNN.training.alignment][INFO] -   align BPTT @ epoch 1201: cos {'ALIFCell_0.input_weights': '0.000', 'ALIFCell_0.recurrent_weights': '0.000', 'ReadOut_0.readout_weights': '0.000'}
[2026-05-20 16:45:27,773][src.modRNN.training.alignment][INFO] -   align eprop @ epoch 1201: cos {'ALIFCell_0.input_weights': '0.826', 'ALIFCell_0.recurrent_weights': '0.953', 'ReadOut_0.readout_weights': '0.000'}
[2026-05-20 16:45:28,462][src.modRNN.training.alignment][INFO] -   align diffusion_aligned @ epoch 1201: cos {'ALIFCell_0.input_weights': '0.809', 'ALIFCell_0.recurrent_weights': '0.949', 'ReadOut_0.readout_weights': '0.000'}
[2026-05-20 16:45:29,626][src.modRNN.training.alignment][INFO] -   align diffusion_per_step @ epoch 1201: cos {'ALIFCell_0.input_weights': '0.833', 'ALIFCell_0.recurrent_weights': '0.955', 'ReadOut_0.readout_weights': '0.000'}
[2026-05-20 16:45:30,295][src.modRNN.training.alignment][INFO] -   align diffusion_fixed @ epoch 1201: cos {'ALIFCell_0.input_weights': '0.846', 'ALIFCell_0.recurrent_weights': '0.943', 'ReadOut_0.readout_weights': '0.000'}
[2026-05-20 16:45:47,686][src.modRNN.training.alignment][INFO] - epoch 1225  train loss=0.5986  (rule: diffusion)
[2026-05-20 16:46:05,831][src.modRNN.training.alignment][INFO] - epoch 1250  train loss=0.5146  (rule: diffusion)
[2026-05-20 16:46:07,317][src.modRNN.training.alignment][INFO] -   align BPTT @ epoch 1251: cos {'ALIFCell_0.input_weights': '0.000', 'ALIFCell_0.recurrent_weights': '0.000', 'ReadOut_0.readout_weights': '0.000'}
[2026-05-20 16:46:07,884][src.modRNN.training.alignment][INFO] -   align eprop @ epoch 1251: cos {'ALIFCell_0.input_weights': '1.497', 'ALIFCell_0.recurrent_weights': '1.475', 'ReadOut_0.readout_weights': '0.000'}
[2026-05-20 16:46:08,576][src.modRNN.training.alignment][INFO] -   align diffusion_aligned @ epoch 1251: cos {'ALIFCell_0.input_weights': '1.501', 'ALIFCell_0.recurrent_weights': '1.493', 'ReadOut_0.readout_weights': '0.000'}
[2026-05-20 16:46:09,741][src.modRNN.training.alignment][INFO] -   align diffusion_per_step @ epoch 1251: cos {'ALIFCell_0.input_weights': '1.497', 'ALIFCell_0.recurrent_weights': '1.477', 'ReadOut_0.readout_weights': '0.000'}
[2026-05-20 16:46:10,413][src.modRNN.training.alignment][INFO] -   align diffusion_fixed @ epoch 1251: cos {'ALIFCell_0.input_weights': '1.498', 'ALIFCell_0.recurrent_weights': '1.474', 'ReadOut_0.readout_weights': '0.000'}
[2026-05-20 16:46:27,858][src.modRNN.training.alignment][INFO] - epoch 1275  train loss=0.5055  (rule: diffusion)
[2026-05-20 16:46:45,964][src.modRNN.training.alignment][INFO] - epoch 1300  train loss=0.4319  (rule: diffusion)
[2026-05-20 16:46:47,447][src.modRNN.training.alignment][INFO] -   align BPTT @ epoch 1301: cos {'ALIFCell_0.input_weights': '0.000', 'ALIFCell_0.recurrent_weights': '0.000', 'ReadOut_0.readout_weights': '0.000'}
[2026-05-20 16:46:48,014][src.modRNN.training.alignment][INFO] -   align eprop @ epoch 1301: cos {'ALIFCell_0.input_weights': '0.831', 'ALIFCell_0.recurrent_weights': '0.912', 'ReadOut_0.readout_weights': '0.000'}
[2026-05-20 16:46:48,699][src.modRNN.training.alignment][INFO] -   align diffusion_aligned @ epoch 1301: cos {'ALIFCell_0.input_weights': '0.828', 'ALIFCell_0.recurrent_weights': '0.917', 'ReadOut_0.readout_weights': '0.000'}
[2026-05-20 16:46:49,861][src.modRNN.training.alignment][INFO] -   align diffusion_per_step @ epoch 1301: cos {'ALIFCell_0.input_weights': '0.840', 'ALIFCell_0.recurrent_weights': '0.927', 'ReadOut_0.readout_weights': '0.000'}
[2026-05-20 16:46:50,532][src.modRNN.training.alignment][INFO] -   align diffusion_fixed @ epoch 1301: cos {'ALIFCell_0.input_weights': '0.877', 'ALIFCell_0.recurrent_weights': '0.965', 'ReadOut_0.readout_weights': '0.000'}
[2026-05-20 16:47:07,916][src.modRNN.training.alignment][INFO] - epoch 1325  train loss=0.4669  (rule: diffusion)
[2026-05-20 16:47:26,079][src.modRNN.training.alignment][INFO] - epoch 1350  train loss=0.4483  (rule: diffusion)
[2026-05-20 16:47:27,564][src.modRNN.training.alignment][INFO] -   align BPTT @ epoch 1351: cos {'ALIFCell_0.input_weights': '0.000', 'ALIFCell_0.recurrent_weights': '0.000', 'ReadOut_0.readout_weights': '0.000'}
[2026-05-20 16:47:28,135][src.modRNN.training.alignment][INFO] -   align eprop @ epoch 1351: cos {'ALIFCell_0.input_weights': '0.930', 'ALIFCell_0.recurrent_weights': '1.010', 'ReadOut_0.readout_weights': '0.000'}
[2026-05-20 16:47:28,824][src.modRNN.training.alignment][INFO] -   align diffusion_aligned @ epoch 1351: cos {'ALIFCell_0.input_weights': '0.898', 'ALIFCell_0.recurrent_weights': '0.993', 'ReadOut_0.readout_weights': '0.000'}
[2026-05-20 16:47:29,986][src.modRNN.training.alignment][INFO] -   align diffusion_per_step @ epoch 1351: cos {'ALIFCell_0.input_weights': '0.900', 'ALIFCell_0.recurrent_weights': '0.962', 'ReadOut_0.readout_weights': '0.000'}
[2026-05-20 16:47:30,658][src.modRNN.training.alignment][INFO] -   align diffusion_fixed @ epoch 1351: cos {'ALIFCell_0.input_weights': '0.940', 'ALIFCell_0.recurrent_weights': '1.024', 'ReadOut_0.readout_weights': '0.000'}
[2026-05-20 16:47:48,023][src.modRNN.training.alignment][INFO] - epoch 1375  train loss=0.4075  (rule: diffusion)
[2026-05-20 16:48:06,131][src.modRNN.training.alignment][INFO] - epoch 1400  train loss=0.4280  (rule: diffusion)
[2026-05-20 16:48:07,615][src.modRNN.training.alignment][INFO] -   align BPTT @ epoch 1401: cos {'ALIFCell_0.input_weights': '0.000', 'ALIFCell_0.recurrent_weights': '0.000', 'ReadOut_0.readout_weights': '0.000'}
[2026-05-20 16:48:08,183][src.modRNN.training.alignment][INFO] -   align eprop @ epoch 1401: cos {'ALIFCell_0.input_weights': '1.333', 'ALIFCell_0.recurrent_weights': '1.286', 'ReadOut_0.readout_weights': '0.000'}
[2026-05-20 16:48:08,872][src.modRNN.training.alignment][INFO] -   align diffusion_aligned @ epoch 1401: cos {'ALIFCell_0.input_weights': '1.241', 'ALIFCell_0.recurrent_weights': '1.261', 'ReadOut_0.readout_weights': '0.000'}
[2026-05-20 16:48:10,037][src.modRNN.training.alignment][INFO] -   align diffusion_per_step @ epoch 1401: cos {'ALIFCell_0.input_weights': '1.353', 'ALIFCell_0.recurrent_weights': '1.309', 'ReadOut_0.readout_weights': '0.000'}
[2026-05-20 16:48:10,710][src.modRNN.training.alignment][INFO] -   align diffusion_fixed @ epoch 1401: cos {'ALIFCell_0.input_weights': '1.425', 'ALIFCell_0.recurrent_weights': '1.392', 'ReadOut_0.readout_weights': '0.000'}
[2026-05-20 16:48:28,146][src.modRNN.training.alignment][INFO] - epoch 1425  train loss=0.4585  (rule: diffusion)
[2026-05-20 16:48:46,228][src.modRNN.training.alignment][INFO] - epoch 1450  train loss=0.4301  (rule: diffusion)
[2026-05-20 16:48:47,710][src.modRNN.training.alignment][INFO] -   align BPTT @ epoch 1451: cos {'ALIFCell_0.input_weights': '0.000', 'ALIFCell_0.recurrent_weights': '0.000', 'ReadOut_0.readout_weights': '0.000'}
[2026-05-20 16:48:48,278][src.modRNN.training.alignment][INFO] -   align eprop @ epoch 1451: cos {'ALIFCell_0.input_weights': '1.227', 'ALIFCell_0.recurrent_weights': '1.280', 'ReadOut_0.readout_weights': '0.000'}
[2026-05-20 16:48:48,969][src.modRNN.training.alignment][INFO] -   align diffusion_aligned @ epoch 1451: cos {'ALIFCell_0.input_weights': '1.222', 'ALIFCell_0.recurrent_weights': '1.315', 'ReadOut_0.readout_weights': '0.000'}
[2026-05-20 16:48:50,132][src.modRNN.training.alignment][INFO] -   align diffusion_per_step @ epoch 1451: cos {'ALIFCell_0.input_weights': '1.227', 'ALIFCell_0.recurrent_weights': '1.284', 'ReadOut_0.readout_weights': '0.000'}
[2026-05-20 16:48:50,803][src.modRNN.training.alignment][INFO] -   align diffusion_fixed @ epoch 1451: cos {'ALIFCell_0.input_weights': '1.265', 'ALIFCell_0.recurrent_weights': '1.340', 'ReadOut_0.readout_weights': '0.000'}
[2026-05-20 16:49:08,223][src.modRNN.training.alignment][INFO] - epoch 1475  train loss=0.3850  (rule: diffusion)
[2026-05-20 16:49:26,444][src.modRNN.training.alignment][INFO] - epoch 1500  train loss=0.3304  (rule: diffusion)
[2026-05-20 16:49:27,931][src.modRNN.training.alignment][INFO] -   align BPTT @ epoch 1501: cos {'ALIFCell_0.input_weights': '0.000', 'ALIFCell_0.recurrent_weights': '0.000', 'ReadOut_0.readout_weights': '0.000'}
[2026-05-20 16:49:28,499][src.modRNN.training.alignment][INFO] -   align eprop @ epoch 1501: cos {'ALIFCell_0.input_weights': '1.080', 'ALIFCell_0.recurrent_weights': '1.226', 'ReadOut_0.readout_weights': '0.000'}
[2026-05-20 16:49:29,187][src.modRNN.training.alignment][INFO] -   align diffusion_aligned @ epoch 1501: cos {'ALIFCell_0.input_weights': '1.079', 'ALIFCell_0.recurrent_weights': '1.310', 'ReadOut_0.readout_weights': '0.000'}
[2026-05-20 16:49:30,352][src.modRNN.training.alignment][INFO] -   align diffusion_per_step @ epoch 1501: cos {'ALIFCell_0.input_weights': '1.080', 'ALIFCell_0.recurrent_weights': '1.234', 'ReadOut_0.readout_weights': '0.000'}
[2026-05-20 16:49:31,021][src.modRNN.training.alignment][INFO] -   align diffusion_fixed @ epoch 1501: cos {'ALIFCell_0.input_weights': '1.093', 'ALIFCell_0.recurrent_weights': '1.305', 'ReadOut_0.readout_weights': '0.000'}
[2026-05-20 16:49:48,387][src.modRNN.training.alignment][INFO] - epoch 1525  train loss=0.3844  (rule: diffusion)
[2026-05-20 16:50:06,523][src.modRNN.training.alignment][INFO] - epoch 1550  train loss=0.2754  (rule: diffusion)
[2026-05-20 16:50:08,009][src.modRNN.training.alignment][INFO] -   align BPTT @ epoch 1551: cos {'ALIFCell_0.input_weights': '0.000', 'ALIFCell_0.recurrent_weights': '0.000', 'ReadOut_0.readout_weights': '0.000'}
[2026-05-20 16:50:08,578][src.modRNN.training.alignment][INFO] -   align eprop @ epoch 1551: cos {'ALIFCell_0.input_weights': '1.263', 'ALIFCell_0.recurrent_weights': '1.260', 'ReadOut_0.readout_weights': '0.000'}
[2026-05-20 16:50:09,262][src.modRNN.training.alignment][INFO] -   align diffusion_aligned @ epoch 1551: cos {'ALIFCell_0.input_weights': '1.269', 'ALIFCell_0.recurrent_weights': '1.233', 'ReadOut_0.readout_weights': '0.000'}
[2026-05-20 16:50:10,425][src.modRNN.training.alignment][INFO] -   align diffusion_per_step @ epoch 1551: cos {'ALIFCell_0.input_weights': '1.259', 'ALIFCell_0.recurrent_weights': '1.251', 'ReadOut_0.readout_weights': '0.000'}
[2026-05-20 16:50:11,094][src.modRNN.training.alignment][INFO] -   align diffusion_fixed @ epoch 1551: cos {'ALIFCell_0.input_weights': '1.262', 'ALIFCell_0.recurrent_weights': '1.261', 'ReadOut_0.readout_weights': '0.000'}
[2026-05-20 16:50:28,553][src.modRNN.training.alignment][INFO] - epoch 1575  train loss=0.2487  (rule: diffusion)
[2026-05-20 16:50:46,670][src.modRNN.training.alignment][INFO] - epoch 1600  train loss=0.4291  (rule: diffusion)
[2026-05-20 16:50:48,153][src.modRNN.training.alignment][INFO] -   align BPTT @ epoch 1601: cos {'ALIFCell_0.input_weights': '0.000', 'ALIFCell_0.recurrent_weights': '0.000', 'ReadOut_0.readout_weights': '0.000'}
[2026-05-20 16:50:48,719][src.modRNN.training.alignment][INFO] -   align eprop @ epoch 1601: cos {'ALIFCell_0.input_weights': '1.188', 'ALIFCell_0.recurrent_weights': '1.148', 'ReadOut_0.readout_weights': '0.000'}
[2026-05-20 16:50:49,406][src.modRNN.training.alignment][INFO] -   align diffusion_aligned @ epoch 1601: cos {'ALIFCell_0.input_weights': '1.242', 'ALIFCell_0.recurrent_weights': '1.254', 'ReadOut_0.readout_weights': '0.000'}
[2026-05-20 16:50:50,572][src.modRNN.training.alignment][INFO] -   align diffusion_per_step @ epoch 1601: cos {'ALIFCell_0.input_weights': '1.212', 'ALIFCell_0.recurrent_weights': '1.175', 'ReadOut_0.readout_weights': '0.000'}
[2026-05-20 16:50:51,240][src.modRNN.training.alignment][INFO] -   align diffusion_fixed @ epoch 1601: cos {'ALIFCell_0.input_weights': '1.315', 'ALIFCell_0.recurrent_weights': '1.285', 'ReadOut_0.readout_weights': '0.000'}
[2026-05-20 16:51:08,613][src.modRNN.training.alignment][INFO] - epoch 1625  train loss=0.2921  (rule: diffusion)
[2026-05-20 16:51:26,766][src.modRNN.training.alignment][INFO] - epoch 1650  train loss=0.4471  (rule: diffusion)
[2026-05-20 16:51:28,252][src.modRNN.training.alignment][INFO] -   align BPTT @ epoch 1651: cos {'ALIFCell_0.input_weights': '0.000', 'ALIFCell_0.recurrent_weights': '0.000', 'ReadOut_0.readout_weights': '0.000'}
[2026-05-20 16:51:28,818][src.modRNN.training.alignment][INFO] -   align eprop @ epoch 1651: cos {'ALIFCell_0.input_weights': '0.842', 'ALIFCell_0.recurrent_weights': '1.146', 'ReadOut_0.readout_weights': '0.000'}
[2026-05-20 16:51:29,504][src.modRNN.training.alignment][INFO] -   align diffusion_aligned @ epoch 1651: cos {'ALIFCell_0.input_weights': '0.838', 'ALIFCell_0.recurrent_weights': '1.092', 'ReadOut_0.readout_weights': '0.000'}
[2026-05-20 16:51:30,666][src.modRNN.training.alignment][INFO] -   align diffusion_per_step @ epoch 1651: cos {'ALIFCell_0.input_weights': '0.856', 'ALIFCell_0.recurrent_weights': '1.126', 'ReadOut_0.readout_weights': '0.000'}
[2026-05-20 16:51:31,340][src.modRNN.training.alignment][INFO] -   align diffusion_fixed @ epoch 1651: cos {'ALIFCell_0.input_weights': '0.938', 'ALIFCell_0.recurrent_weights': '1.083', 'ReadOut_0.readout_weights': '0.000'}
[2026-05-20 16:51:48,701][src.modRNN.training.alignment][INFO] - epoch 1675  train loss=0.4116  (rule: diffusion)
[2026-05-20 16:52:06,807][src.modRNN.training.alignment][INFO] - epoch 1700  train loss=0.2836  (rule: diffusion)
[2026-05-20 16:52:08,295][src.modRNN.training.alignment][INFO] -   align BPTT @ epoch 1701: cos {'ALIFCell_0.input_weights': '0.000', 'ALIFCell_0.recurrent_weights': '0.000', 'ReadOut_0.readout_weights': '0.000'}
[2026-05-20 16:52:08,866][src.modRNN.training.alignment][INFO] -   align eprop @ epoch 1701: cos {'ALIFCell_0.input_weights': '0.893', 'ALIFCell_0.recurrent_weights': '0.958', 'ReadOut_0.readout_weights': '0.000'}
[2026-05-20 16:52:09,557][src.modRNN.training.alignment][INFO] -   align diffusion_aligned @ epoch 1701: cos {'ALIFCell_0.input_weights': '0.927', 'ALIFCell_0.recurrent_weights': '0.964', 'ReadOut_0.readout_weights': '0.000'}
[2026-05-20 16:52:10,723][src.modRNN.training.alignment][INFO] -   align diffusion_per_step @ epoch 1701: cos {'ALIFCell_0.input_weights': '0.888', 'ALIFCell_0.recurrent_weights': '0.928', 'ReadOut_0.readout_weights': '0.000'}
[2026-05-20 16:52:11,395][src.modRNN.training.alignment][INFO] -   align diffusion_fixed @ epoch 1701: cos {'ALIFCell_0.input_weights': '0.891', 'ALIFCell_0.recurrent_weights': '0.956', 'ReadOut_0.readout_weights': '0.000'}
[2026-05-20 16:52:28,873][src.modRNN.training.alignment][INFO] - epoch 1725  train loss=0.2313  (rule: diffusion)
[2026-05-20 16:52:47,010][src.modRNN.training.alignment][INFO] - epoch 1750  train loss=0.2597  (rule: diffusion)
[2026-05-20 16:52:48,495][src.modRNN.training.alignment][INFO] -   align BPTT @ epoch 1751: cos {'ALIFCell_0.input_weights': '0.000', 'ALIFCell_0.recurrent_weights': '0.000', 'ReadOut_0.readout_weights': '0.000'}
[2026-05-20 16:52:49,060][src.modRNN.training.alignment][INFO] -   align eprop @ epoch 1751: cos {'ALIFCell_0.input_weights': '0.867', 'ALIFCell_0.recurrent_weights': '1.072', 'ReadOut_0.readout_weights': '0.000'}
[2026-05-20 16:52:49,743][src.modRNN.training.alignment][INFO] -   align diffusion_aligned @ epoch 1751: cos {'ALIFCell_0.input_weights': '0.877', 'ALIFCell_0.recurrent_weights': '1.060', 'ReadOut_0.readout_weights': '0.000'}
[2026-05-20 16:52:50,906][src.modRNN.training.alignment][INFO] -   align diffusion_per_step @ epoch 1751: cos {'ALIFCell_0.input_weights': '0.869', 'ALIFCell_0.recurrent_weights': '1.067', 'ReadOut_0.readout_weights': '0.000'}
[2026-05-20 16:52:51,573][src.modRNN.training.alignment][INFO] -   align diffusion_fixed @ epoch 1751: cos {'ALIFCell_0.input_weights': '0.900', 'ALIFCell_0.recurrent_weights': '1.005', 'ReadOut_0.readout_weights': '0.000'}
[2026-05-20 16:53:08,973][src.modRNN.training.alignment][INFO] - epoch 1775  train loss=0.2163  (rule: diffusion)
[2026-05-20 16:53:27,174][src.modRNN.training.alignment][INFO] - epoch 1800  train loss=0.1785  (rule: diffusion)
[2026-05-20 16:53:28,660][src.modRNN.training.alignment][INFO] -   align BPTT @ epoch 1801: cos {'ALIFCell_0.input_weights': '0.000', 'ALIFCell_0.recurrent_weights': '0.000', 'ReadOut_0.readout_weights': '0.000'}
[2026-05-20 16:53:29,226][src.modRNN.training.alignment][INFO] -   align eprop @ epoch 1801: cos {'ALIFCell_0.input_weights': '0.793', 'ALIFCell_0.recurrent_weights': '1.060', 'ReadOut_0.readout_weights': '0.000'}
[2026-05-20 16:53:29,912][src.modRNN.training.alignment][INFO] -   align diffusion_aligned @ epoch 1801: cos {'ALIFCell_0.input_weights': '0.764', 'ALIFCell_0.recurrent_weights': '1.010', 'ReadOut_0.readout_weights': '0.000'}
[2026-05-20 16:53:31,075][src.modRNN.training.alignment][INFO] -   align diffusion_per_step @ epoch 1801: cos {'ALIFCell_0.input_weights': '0.783', 'ALIFCell_0.recurrent_weights': '1.033', 'ReadOut_0.readout_weights': '0.000'}
[2026-05-20 16:53:31,745][src.modRNN.training.alignment][INFO] -   align diffusion_fixed @ epoch 1801: cos {'ALIFCell_0.input_weights': '0.802', 'ALIFCell_0.recurrent_weights': '0.997', 'ReadOut_0.readout_weights': '0.000'}
[2026-05-20 16:53:49,125][src.modRNN.training.alignment][INFO] - epoch 1825  train loss=0.2109  (rule: diffusion)
[2026-05-20 16:54:07,247][src.modRNN.training.alignment][INFO] - epoch 1850  train loss=0.1143  (rule: diffusion)
[2026-05-20 16:54:08,735][src.modRNN.training.alignment][INFO] -   align BPTT @ epoch 1851: cos {'ALIFCell_0.input_weights': '0.000', 'ALIFCell_0.recurrent_weights': '0.000', 'ReadOut_0.readout_weights': '0.000'}
[2026-05-20 16:54:09,302][src.modRNN.training.alignment][INFO] -   align eprop @ epoch 1851: cos {'ALIFCell_0.input_weights': '1.125', 'ALIFCell_0.recurrent_weights': '1.251', 'ReadOut_0.readout_weights': '0.000'}
[2026-05-20 16:54:09,992][src.modRNN.training.alignment][INFO] -   align diffusion_aligned @ epoch 1851: cos {'ALIFCell_0.input_weights': '1.105', 'ALIFCell_0.recurrent_weights': '1.210', 'ReadOut_0.readout_weights': '0.000'}
[2026-05-20 16:54:11,157][src.modRNN.training.alignment][INFO] -   align diffusion_per_step @ epoch 1851: cos {'ALIFCell_0.input_weights': '1.115', 'ALIFCell_0.recurrent_weights': '1.265', 'ReadOut_0.readout_weights': '0.000'}
[2026-05-20 16:54:11,824][src.modRNN.training.alignment][INFO] -   align diffusion_fixed @ epoch 1851: cos {'ALIFCell_0.input_weights': '1.199', 'ALIFCell_0.recurrent_weights': '1.216', 'ReadOut_0.readout_weights': '0.000'}
[2026-05-20 16:54:29,330][src.modRNN.training.alignment][INFO] - epoch 1875  train loss=0.1780  (rule: diffusion)
[2026-05-20 16:54:47,508][src.modRNN.training.alignment][INFO] - epoch 1900  train loss=0.1420  (rule: diffusion)
[2026-05-20 16:54:48,991][src.modRNN.training.alignment][INFO] -   align BPTT @ epoch 1901: cos {'ALIFCell_0.input_weights': '0.000', 'ALIFCell_0.recurrent_weights': '0.000', 'ReadOut_0.readout_weights': '0.000'}
[2026-05-20 16:54:49,560][src.modRNN.training.alignment][INFO] -   align eprop @ epoch 1901: cos {'ALIFCell_0.input_weights': '0.877', 'ALIFCell_0.recurrent_weights': '0.877', 'ReadOut_0.readout_weights': '0.000'}
[2026-05-20 16:54:50,252][src.modRNN.training.alignment][INFO] -   align diffusion_aligned @ epoch 1901: cos {'ALIFCell_0.input_weights': '0.911', 'ALIFCell_0.recurrent_weights': '0.861', 'ReadOut_0.readout_weights': '0.000'}
[2026-05-20 16:54:51,415][src.modRNN.training.alignment][INFO] -   align diffusion_per_step @ epoch 1901: cos {'ALIFCell_0.input_weights': '0.865', 'ALIFCell_0.recurrent_weights': '0.874', 'ReadOut_0.readout_weights': '0.000'}
[2026-05-20 16:54:52,084][src.modRNN.training.alignment][INFO] -   align diffusion_fixed @ epoch 1901: cos {'ALIFCell_0.input_weights': '0.919', 'ALIFCell_0.recurrent_weights': '0.882', 'ReadOut_0.readout_weights': '0.000'}
[2026-05-20 16:55:09,498][src.modRNN.training.alignment][INFO] - epoch 1925  train loss=0.1423  (rule: diffusion)
[2026-05-20 16:55:27,692][src.modRNN.training.alignment][INFO] - epoch 1950  train loss=0.0946  (rule: diffusion)
[2026-05-20 16:55:29,177][src.modRNN.training.alignment][INFO] -   align BPTT @ epoch 1951: cos {'ALIFCell_0.input_weights': '0.000', 'ALIFCell_0.recurrent_weights': '0.000', 'ReadOut_0.readout_weights': '0.000'}
[2026-05-20 16:55:29,747][src.modRNN.training.alignment][INFO] -   align eprop @ epoch 1951: cos {'ALIFCell_0.input_weights': '1.094', 'ALIFCell_0.recurrent_weights': '1.169', 'ReadOut_0.readout_weights': '0.000'}
[2026-05-20 16:55:30,433][src.modRNN.training.alignment][INFO] -   align diffusion_aligned @ epoch 1951: cos {'ALIFCell_0.input_weights': '1.050', 'ALIFCell_0.recurrent_weights': '1.118', 'ReadOut_0.readout_weights': '0.000'}
[2026-05-20 16:55:31,597][src.modRNN.training.alignment][INFO] -   align diffusion_per_step @ epoch 1951: cos {'ALIFCell_0.input_weights': '1.062', 'ALIFCell_0.recurrent_weights': '1.148', 'ReadOut_0.readout_weights': '0.000'}
[2026-05-20 16:55:32,265][src.modRNN.training.alignment][INFO] -   align diffusion_fixed @ epoch 1951: cos {'ALIFCell_0.input_weights': '1.215', 'ALIFCell_0.recurrent_weights': '1.264', 'ReadOut_0.readout_weights': '0.000'}
[2026-05-20 16:55:49,669][src.modRNN.training.alignment][INFO] - epoch 1975  train loss=0.4663  (rule: diffusion)
[2026-05-20 16:56:07,843][src.modRNN.training.alignment][INFO] - epoch 2000  train loss=0.4483  (rule: diffusion)
[2026-05-20 16:56:09,330][src.modRNN.training.alignment][INFO] -   align BPTT @ epoch 2001: cos {'ALIFCell_0.input_weights': '0.000', 'ALIFCell_0.recurrent_weights': '0.000', 'ReadOut_0.readout_weights': '0.000'}
[2026-05-20 16:56:09,897][src.modRNN.training.alignment][INFO] -   align eprop @ epoch 2001: cos {'ALIFCell_0.input_weights': '0.977', 'ALIFCell_0.recurrent_weights': '1.066', 'ReadOut_0.readout_weights': '0.000'}
[2026-05-20 16:56:10,586][src.modRNN.training.alignment][INFO] -   align diffusion_aligned @ epoch 2001: cos {'ALIFCell_0.input_weights': '0.979', 'ALIFCell_0.recurrent_weights': '1.160', 'ReadOut_0.readout_weights': '0.000'}
[2026-05-20 16:56:11,747][src.modRNN.training.alignment][INFO] -   align diffusion_per_step @ epoch 2001: cos {'ALIFCell_0.input_weights': '0.974', 'ALIFCell_0.recurrent_weights': '1.020', 'ReadOut_0.readout_weights': '0.000'}
[2026-05-20 16:56:12,419][src.modRNN.training.alignment][INFO] -   align diffusion_fixed @ epoch 2001: cos {'ALIFCell_0.input_weights': '1.006', 'ALIFCell_0.recurrent_weights': '0.973', 'ReadOut_0.readout_weights': '0.000'}
[2026-05-20 16:56:12,451][src.modRNN.training.alignment][INFO] - Alignment experiment finished. Output dir: /mnt/lustre/work/martius/mot736/neuromodRNN/outputs/delayed_match/align_local_connectivity_diffusion/seed_34652795
