[2026-05-19 23:42:57,036][jax._src.xla_bridge][INFO] - Unable to initialize backend 'rocm': module 'jaxlib.xla_extension' has no attribute 'GpuAllocatorConfig'
[2026-05-19 23:42:57,046][jax._src.xla_bridge][INFO] - Unable to initialize backend 'tpu': INTERNAL: Failed to open libtpu.so: libtpu.so: cannot open shared object file: No such file or directory
[2026-05-19 23:43:07,282][src.modRNN.training.alignment][INFO] - Starting alignment experiment: training with diffusion, measuring alignment of ['BPTT', 'eprop', 'diffusion_aligned', 'diffusion_per_step', 'diffusion_fixed'] every 50 epochs.
[2026-05-19 23:43:10,503][src.modRNN.training.alignment][INFO] - epoch 1  train loss=0.1498  (rule: diffusion)
[2026-05-19 23:43:11,917][src.modRNN.training.alignment][INFO] -   align BPTT @ epoch 1: cos {'ALIFCell_0.input_weights': '0.000', 'ALIFCell_0.recurrent_weights': '0.000', 'ReadOut_0.readout_weights': '0.000'}
[2026-05-19 23:43:13,206][src.modRNN.training.alignment][INFO] -   align eprop @ epoch 1: cos {'ALIFCell_0.input_weights': '0.554', 'ALIFCell_0.recurrent_weights': '0.500', 'ReadOut_0.readout_weights': '0.000'}
[2026-05-19 23:43:14,531][src.modRNN.training.alignment][INFO] -   align diffusion_aligned @ epoch 1: cos {'ALIFCell_0.input_weights': '0.650', 'ALIFCell_0.recurrent_weights': '0.592', 'ReadOut_0.readout_weights': '0.000'}
[2026-05-19 23:43:17,861][src.modRNN.training.alignment][INFO] -   align diffusion_per_step @ epoch 1: cos {'ALIFCell_0.input_weights': '0.559', 'ALIFCell_0.recurrent_weights': '0.511', 'ReadOut_0.readout_weights': '0.000'}
[2026-05-19 23:43:19,354][src.modRNN.training.alignment][INFO] -   align diffusion_fixed @ epoch 1: cos {'ALIFCell_0.input_weights': '0.637', 'ALIFCell_0.recurrent_weights': '0.590', 'ReadOut_0.readout_weights': '0.000'}
[2026-05-19 23:43:27,209][src.modRNN.training.alignment][INFO] - epoch 25  train loss=0.0900  (rule: diffusion)
[2026-05-19 23:43:35,366][src.modRNN.training.alignment][INFO] - epoch 50  train loss=0.0918  (rule: diffusion)
[2026-05-19 23:43:35,912][src.modRNN.training.alignment][INFO] -   align BPTT @ epoch 51: cos {'ALIFCell_0.input_weights': '0.000', 'ALIFCell_0.recurrent_weights': '0.000', 'ReadOut_0.readout_weights': '0.000'}
[2026-05-19 23:43:36,187][src.modRNN.training.alignment][INFO] -   align eprop @ epoch 51: cos {'ALIFCell_0.input_weights': '1.101', 'ALIFCell_0.recurrent_weights': '1.129', 'ReadOut_0.readout_weights': '0.000'}
[2026-05-19 23:43:36,506][src.modRNN.training.alignment][INFO] -   align diffusion_aligned @ epoch 51: cos {'ALIFCell_0.input_weights': '1.121', 'ALIFCell_0.recurrent_weights': '1.149', 'ReadOut_0.readout_weights': '0.000'}
[2026-05-19 23:43:36,973][src.modRNN.training.alignment][INFO] -   align diffusion_per_step @ epoch 51: cos {'ALIFCell_0.input_weights': '1.109', 'ALIFCell_0.recurrent_weights': '1.138', 'ReadOut_0.readout_weights': '0.000'}
[2026-05-19 23:43:37,292][src.modRNN.training.alignment][INFO] -   align diffusion_fixed @ epoch 51: cos {'ALIFCell_0.input_weights': '1.034', 'ALIFCell_0.recurrent_weights': '1.081', 'ReadOut_0.readout_weights': '0.000'}
[2026-05-19 23:43:45,082][src.modRNN.training.alignment][INFO] - epoch 75  train loss=0.1198  (rule: diffusion)
[2026-05-19 23:43:53,202][src.modRNN.training.alignment][INFO] - epoch 100  train loss=0.0747  (rule: diffusion)
[2026-05-19 23:43:53,747][src.modRNN.training.alignment][INFO] -   align BPTT @ epoch 101: cos {'ALIFCell_0.input_weights': '0.000', 'ALIFCell_0.recurrent_weights': '0.000', 'ReadOut_0.readout_weights': '0.000'}
[2026-05-19 23:43:54,022][src.modRNN.training.alignment][INFO] -   align eprop @ epoch 101: cos {'ALIFCell_0.input_weights': '1.107', 'ALIFCell_0.recurrent_weights': '1.109', 'ReadOut_0.readout_weights': '0.000'}
[2026-05-19 23:43:54,338][src.modRNN.training.alignment][INFO] -   align diffusion_aligned @ epoch 101: cos {'ALIFCell_0.input_weights': '1.087', 'ALIFCell_0.recurrent_weights': '1.088', 'ReadOut_0.readout_weights': '0.000'}
[2026-05-19 23:43:54,803][src.modRNN.training.alignment][INFO] -   align diffusion_per_step @ epoch 101: cos {'ALIFCell_0.input_weights': '1.103', 'ALIFCell_0.recurrent_weights': '1.102', 'ReadOut_0.readout_weights': '0.000'}
[2026-05-19 23:43:55,120][src.modRNN.training.alignment][INFO] -   align diffusion_fixed @ epoch 101: cos {'ALIFCell_0.input_weights': '1.040', 'ALIFCell_0.recurrent_weights': '1.053', 'ReadOut_0.readout_weights': '0.000'}
[2026-05-19 23:44:02,983][src.modRNN.training.alignment][INFO] - epoch 125  train loss=0.0848  (rule: diffusion)
[2026-05-19 23:44:11,216][src.modRNN.training.alignment][INFO] - epoch 150  train loss=0.0688  (rule: diffusion)
[2026-05-19 23:44:11,768][src.modRNN.training.alignment][INFO] -   align BPTT @ epoch 151: cos {'ALIFCell_0.input_weights': '0.000', 'ALIFCell_0.recurrent_weights': '0.000', 'ReadOut_0.readout_weights': '0.000'}
[2026-05-19 23:44:12,046][src.modRNN.training.alignment][INFO] -   align eprop @ epoch 151: cos {'ALIFCell_0.input_weights': '1.072', 'ALIFCell_0.recurrent_weights': '1.071', 'ReadOut_0.readout_weights': '0.000'}
[2026-05-19 23:44:12,367][src.modRNN.training.alignment][INFO] -   align diffusion_aligned @ epoch 151: cos {'ALIFCell_0.input_weights': '1.059', 'ALIFCell_0.recurrent_weights': '1.065', 'ReadOut_0.readout_weights': '0.000'}
[2026-05-19 23:44:12,834][src.modRNN.training.alignment][INFO] -   align diffusion_per_step @ epoch 151: cos {'ALIFCell_0.input_weights': '1.057', 'ALIFCell_0.recurrent_weights': '1.057', 'ReadOut_0.readout_weights': '0.000'}
[2026-05-19 23:44:13,156][src.modRNN.training.alignment][INFO] -   align diffusion_fixed @ epoch 151: cos {'ALIFCell_0.input_weights': '1.004', 'ALIFCell_0.recurrent_weights': '1.009', 'ReadOut_0.readout_weights': '0.000'}
[2026-05-19 23:44:21,063][src.modRNN.training.alignment][INFO] - epoch 175  train loss=0.0560  (rule: diffusion)
[2026-05-19 23:44:29,297][src.modRNN.training.alignment][INFO] - epoch 200  train loss=0.0479  (rule: diffusion)
[2026-05-19 23:44:29,854][src.modRNN.training.alignment][INFO] -   align BPTT @ epoch 201: cos {'ALIFCell_0.input_weights': '0.000', 'ALIFCell_0.recurrent_weights': '0.000', 'ReadOut_0.readout_weights': '0.000'}
[2026-05-19 23:44:30,130][src.modRNN.training.alignment][INFO] -   align eprop @ epoch 201: cos {'ALIFCell_0.input_weights': '1.133', 'ALIFCell_0.recurrent_weights': '1.155', 'ReadOut_0.readout_weights': '0.000'}
[2026-05-19 23:44:30,452][src.modRNN.training.alignment][INFO] -   align diffusion_aligned @ epoch 201: cos {'ALIFCell_0.input_weights': '1.117', 'ALIFCell_0.recurrent_weights': '1.134', 'ReadOut_0.readout_weights': '0.000'}
[2026-05-19 23:44:30,919][src.modRNN.training.alignment][INFO] -   align diffusion_per_step @ epoch 201: cos {'ALIFCell_0.input_weights': '1.120', 'ALIFCell_0.recurrent_weights': '1.141', 'ReadOut_0.readout_weights': '0.000'}
[2026-05-19 23:44:31,240][src.modRNN.training.alignment][INFO] -   align diffusion_fixed @ epoch 201: cos {'ALIFCell_0.input_weights': '1.042', 'ALIFCell_0.recurrent_weights': '1.070', 'ReadOut_0.readout_weights': '0.000'}
[2026-05-19 23:44:39,079][src.modRNN.training.alignment][INFO] - epoch 225  train loss=0.0416  (rule: diffusion)
[2026-05-19 23:44:47,247][src.modRNN.training.alignment][INFO] - epoch 250  train loss=0.0474  (rule: diffusion)
[2026-05-19 23:44:47,795][src.modRNN.training.alignment][INFO] -   align BPTT @ epoch 251: cos {'ALIFCell_0.input_weights': '0.000', 'ALIFCell_0.recurrent_weights': '0.000', 'ReadOut_0.readout_weights': '0.000'}
[2026-05-19 23:44:48,070][src.modRNN.training.alignment][INFO] -   align eprop @ epoch 251: cos {'ALIFCell_0.input_weights': '1.114', 'ALIFCell_0.recurrent_weights': '1.131', 'ReadOut_0.readout_weights': '0.000'}
[2026-05-19 23:44:48,390][src.modRNN.training.alignment][INFO] -   align diffusion_aligned @ epoch 251: cos {'ALIFCell_0.input_weights': '1.097', 'ALIFCell_0.recurrent_weights': '1.113', 'ReadOut_0.readout_weights': '0.000'}
[2026-05-19 23:44:48,856][src.modRNN.training.alignment][INFO] -   align diffusion_per_step @ epoch 251: cos {'ALIFCell_0.input_weights': '1.104', 'ALIFCell_0.recurrent_weights': '1.122', 'ReadOut_0.readout_weights': '0.000'}
[2026-05-19 23:44:49,175][src.modRNN.training.alignment][INFO] -   align diffusion_fixed @ epoch 251: cos {'ALIFCell_0.input_weights': '1.023', 'ALIFCell_0.recurrent_weights': '1.043', 'ReadOut_0.readout_weights': '0.000'}
[2026-05-19 23:44:57,015][src.modRNN.training.alignment][INFO] - epoch 275  train loss=0.0480  (rule: diffusion)
[2026-05-19 23:45:05,252][src.modRNN.training.alignment][INFO] - epoch 300  train loss=0.0318  (rule: diffusion)
[2026-05-19 23:45:05,807][src.modRNN.training.alignment][INFO] -   align BPTT @ epoch 301: cos {'ALIFCell_0.input_weights': '0.000', 'ALIFCell_0.recurrent_weights': '0.000', 'ReadOut_0.readout_weights': '0.000'}
[2026-05-19 23:45:06,085][src.modRNN.training.alignment][INFO] -   align eprop @ epoch 301: cos {'ALIFCell_0.input_weights': '1.101', 'ALIFCell_0.recurrent_weights': '1.144', 'ReadOut_0.readout_weights': '0.000'}
[2026-05-19 23:45:06,408][src.modRNN.training.alignment][INFO] -   align diffusion_aligned @ epoch 301: cos {'ALIFCell_0.input_weights': '1.081', 'ALIFCell_0.recurrent_weights': '1.116', 'ReadOut_0.readout_weights': '0.000'}
[2026-05-19 23:45:06,877][src.modRNN.training.alignment][INFO] -   align diffusion_per_step @ epoch 301: cos {'ALIFCell_0.input_weights': '1.085', 'ALIFCell_0.recurrent_weights': '1.129', 'ReadOut_0.readout_weights': '0.000'}
[2026-05-19 23:45:07,199][src.modRNN.training.alignment][INFO] -   align diffusion_fixed @ epoch 301: cos {'ALIFCell_0.input_weights': '1.011', 'ALIFCell_0.recurrent_weights': '1.053', 'ReadOut_0.readout_weights': '0.000'}
[2026-05-19 23:45:15,118][src.modRNN.training.alignment][INFO] - epoch 325  train loss=0.0300  (rule: diffusion)
[2026-05-19 23:45:23,370][src.modRNN.training.alignment][INFO] - epoch 350  train loss=0.0282  (rule: diffusion)
[2026-05-19 23:45:23,925][src.modRNN.training.alignment][INFO] -   align BPTT @ epoch 351: cos {'ALIFCell_0.input_weights': '0.000', 'ALIFCell_0.recurrent_weights': '0.000', 'ReadOut_0.readout_weights': '0.000'}
[2026-05-19 23:45:24,203][src.modRNN.training.alignment][INFO] -   align eprop @ epoch 351: cos {'ALIFCell_0.input_weights': '1.196', 'ALIFCell_0.recurrent_weights': '1.208', 'ReadOut_0.readout_weights': '0.000'}
[2026-05-19 23:45:24,525][src.modRNN.training.alignment][INFO] -   align diffusion_aligned @ epoch 351: cos {'ALIFCell_0.input_weights': '1.175', 'ALIFCell_0.recurrent_weights': '1.177', 'ReadOut_0.readout_weights': '0.000'}
[2026-05-19 23:45:24,995][src.modRNN.training.alignment][INFO] -   align diffusion_per_step @ epoch 351: cos {'ALIFCell_0.input_weights': '1.182', 'ALIFCell_0.recurrent_weights': '1.193', 'ReadOut_0.readout_weights': '0.000'}
[2026-05-19 23:45:25,317][src.modRNN.training.alignment][INFO] -   align diffusion_fixed @ epoch 351: cos {'ALIFCell_0.input_weights': '1.094', 'ALIFCell_0.recurrent_weights': '1.107', 'ReadOut_0.readout_weights': '0.000'}
[2026-05-19 23:45:33,224][src.modRNN.training.alignment][INFO] - epoch 375  train loss=0.0282  (rule: diffusion)
[2026-05-19 23:45:41,406][src.modRNN.training.alignment][INFO] - epoch 400  train loss=0.0281  (rule: diffusion)
[2026-05-19 23:45:41,955][src.modRNN.training.alignment][INFO] -   align BPTT @ epoch 401: cos {'ALIFCell_0.input_weights': '0.000', 'ALIFCell_0.recurrent_weights': '0.000', 'ReadOut_0.readout_weights': '0.000'}
[2026-05-19 23:45:42,230][src.modRNN.training.alignment][INFO] -   align eprop @ epoch 401: cos {'ALIFCell_0.input_weights': '1.193', 'ALIFCell_0.recurrent_weights': '1.213', 'ReadOut_0.readout_weights': '0.000'}
[2026-05-19 23:45:42,550][src.modRNN.training.alignment][INFO] -   align diffusion_aligned @ epoch 401: cos {'ALIFCell_0.input_weights': '1.202', 'ALIFCell_0.recurrent_weights': '1.223', 'ReadOut_0.readout_weights': '0.000'}
[2026-05-19 23:45:43,018][src.modRNN.training.alignment][INFO] -   align diffusion_per_step @ epoch 401: cos {'ALIFCell_0.input_weights': '1.186', 'ALIFCell_0.recurrent_weights': '1.206', 'ReadOut_0.readout_weights': '0.000'}
[2026-05-19 23:45:43,338][src.modRNN.training.alignment][INFO] -   align diffusion_fixed @ epoch 401: cos {'ALIFCell_0.input_weights': '1.108', 'ALIFCell_0.recurrent_weights': '1.128', 'ReadOut_0.readout_weights': '0.000'}
[2026-05-19 23:45:51,206][src.modRNN.training.alignment][INFO] - epoch 425  train loss=0.0261  (rule: diffusion)
[2026-05-19 23:45:59,398][src.modRNN.training.alignment][INFO] - epoch 450  train loss=0.0216  (rule: diffusion)
[2026-05-19 23:45:59,948][src.modRNN.training.alignment][INFO] -   align BPTT @ epoch 451: cos {'ALIFCell_0.input_weights': '0.000', 'ALIFCell_0.recurrent_weights': '0.000', 'ReadOut_0.readout_weights': '0.000'}
[2026-05-19 23:46:00,224][src.modRNN.training.alignment][INFO] -   align eprop @ epoch 451: cos {'ALIFCell_0.input_weights': '1.124', 'ALIFCell_0.recurrent_weights': '1.160', 'ReadOut_0.readout_weights': '0.000'}
[2026-05-19 23:46:00,544][src.modRNN.training.alignment][INFO] -   align diffusion_aligned @ epoch 451: cos {'ALIFCell_0.input_weights': '1.124', 'ALIFCell_0.recurrent_weights': '1.153', 'ReadOut_0.readout_weights': '0.000'}
[2026-05-19 23:46:01,011][src.modRNN.training.alignment][INFO] -   align diffusion_per_step @ epoch 451: cos {'ALIFCell_0.input_weights': '1.116', 'ALIFCell_0.recurrent_weights': '1.152', 'ReadOut_0.readout_weights': '0.000'}
[2026-05-19 23:46:01,331][src.modRNN.training.alignment][INFO] -   align diffusion_fixed @ epoch 451: cos {'ALIFCell_0.input_weights': '1.027', 'ALIFCell_0.recurrent_weights': '1.062', 'ReadOut_0.readout_weights': '0.000'}
[2026-05-19 23:46:09,300][src.modRNN.training.alignment][INFO] - epoch 475  train loss=0.0216  (rule: diffusion)
[2026-05-19 23:46:17,565][src.modRNN.training.alignment][INFO] - epoch 500  train loss=0.0208  (rule: diffusion)
[2026-05-19 23:46:18,120][src.modRNN.training.alignment][INFO] -   align BPTT @ epoch 501: cos {'ALIFCell_0.input_weights': '0.000', 'ALIFCell_0.recurrent_weights': '0.000', 'ReadOut_0.readout_weights': '0.000'}
[2026-05-19 23:46:18,398][src.modRNN.training.alignment][INFO] -   align eprop @ epoch 501: cos {'ALIFCell_0.input_weights': '1.186', 'ALIFCell_0.recurrent_weights': '1.198', 'ReadOut_0.readout_weights': '0.000'}
[2026-05-19 23:46:18,719][src.modRNN.training.alignment][INFO] -   align diffusion_aligned @ epoch 501: cos {'ALIFCell_0.input_weights': '1.186', 'ALIFCell_0.recurrent_weights': '1.201', 'ReadOut_0.readout_weights': '0.000'}
[2026-05-19 23:46:19,189][src.modRNN.training.alignment][INFO] -   align diffusion_per_step @ epoch 501: cos {'ALIFCell_0.input_weights': '1.174', 'ALIFCell_0.recurrent_weights': '1.188', 'ReadOut_0.readout_weights': '0.000'}
[2026-05-19 23:46:19,510][src.modRNN.training.alignment][INFO] -   align diffusion_fixed @ epoch 501: cos {'ALIFCell_0.input_weights': '1.093', 'ALIFCell_0.recurrent_weights': '1.109', 'ReadOut_0.readout_weights': '0.000'}
[2026-05-19 23:46:27,436][src.modRNN.training.alignment][INFO] - epoch 525  train loss=0.0237  (rule: diffusion)
[2026-05-19 23:46:35,655][src.modRNN.training.alignment][INFO] - epoch 550  train loss=0.0208  (rule: diffusion)
[2026-05-19 23:46:36,204][src.modRNN.training.alignment][INFO] -   align BPTT @ epoch 551: cos {'ALIFCell_0.input_weights': '0.000', 'ALIFCell_0.recurrent_weights': '0.000', 'ReadOut_0.readout_weights': '0.000'}
[2026-05-19 23:46:36,480][src.modRNN.training.alignment][INFO] -   align eprop @ epoch 551: cos {'ALIFCell_0.input_weights': '1.204', 'ALIFCell_0.recurrent_weights': '1.221', 'ReadOut_0.readout_weights': '0.000'}
[2026-05-19 23:46:36,800][src.modRNN.training.alignment][INFO] -   align diffusion_aligned @ epoch 551: cos {'ALIFCell_0.input_weights': '1.215', 'ALIFCell_0.recurrent_weights': '1.230', 'ReadOut_0.readout_weights': '0.000'}
[2026-05-19 23:46:37,267][src.modRNN.training.alignment][INFO] -   align diffusion_per_step @ epoch 551: cos {'ALIFCell_0.input_weights': '1.192', 'ALIFCell_0.recurrent_weights': '1.212', 'ReadOut_0.readout_weights': '0.000'}
[2026-05-19 23:46:37,586][src.modRNN.training.alignment][INFO] -   align diffusion_fixed @ epoch 551: cos {'ALIFCell_0.input_weights': '1.098', 'ALIFCell_0.recurrent_weights': '1.117', 'ReadOut_0.readout_weights': '0.000'}
[2026-05-19 23:46:45,440][src.modRNN.training.alignment][INFO] - epoch 575  train loss=0.0201  (rule: diffusion)
[2026-05-19 23:46:53,620][src.modRNN.training.alignment][INFO] - epoch 600  train loss=0.0456  (rule: diffusion)
[2026-05-19 23:46:54,169][src.modRNN.training.alignment][INFO] -   align BPTT @ epoch 601: cos {'ALIFCell_0.input_weights': '0.000', 'ALIFCell_0.recurrent_weights': '0.000', 'ReadOut_0.readout_weights': '0.000'}
[2026-05-19 23:46:54,444][src.modRNN.training.alignment][INFO] -   align eprop @ epoch 601: cos {'ALIFCell_0.input_weights': '1.348', 'ALIFCell_0.recurrent_weights': '1.293', 'ReadOut_0.readout_weights': '0.000'}
[2026-05-19 23:46:54,764][src.modRNN.training.alignment][INFO] -   align diffusion_aligned @ epoch 601: cos {'ALIFCell_0.input_weights': '1.337', 'ALIFCell_0.recurrent_weights': '1.292', 'ReadOut_0.readout_weights': '0.000'}
[2026-05-19 23:46:55,231][src.modRNN.training.alignment][INFO] -   align diffusion_per_step @ epoch 601: cos {'ALIFCell_0.input_weights': '1.326', 'ALIFCell_0.recurrent_weights': '1.278', 'ReadOut_0.readout_weights': '0.000'}
[2026-05-19 23:46:55,551][src.modRNN.training.alignment][INFO] -   align diffusion_fixed @ epoch 601: cos {'ALIFCell_0.input_weights': '1.290', 'ALIFCell_0.recurrent_weights': '1.217', 'ReadOut_0.readout_weights': '0.000'}
[2026-05-19 23:47:03,427][src.modRNN.training.alignment][INFO] - epoch 625  train loss=0.0485  (rule: diffusion)
[2026-05-19 23:47:11,690][src.modRNN.training.alignment][INFO] - epoch 650  train loss=0.0206  (rule: diffusion)
[2026-05-19 23:47:12,248][src.modRNN.training.alignment][INFO] -   align BPTT @ epoch 651: cos {'ALIFCell_0.input_weights': '0.000', 'ALIFCell_0.recurrent_weights': '0.000', 'ReadOut_0.readout_weights': '0.000'}
[2026-05-19 23:47:12,525][src.modRNN.training.alignment][INFO] -   align eprop @ epoch 651: cos {'ALIFCell_0.input_weights': '1.167', 'ALIFCell_0.recurrent_weights': '1.181', 'ReadOut_0.readout_weights': '0.000'}
[2026-05-19 23:47:12,847][src.modRNN.training.alignment][INFO] -   align diffusion_aligned @ epoch 651: cos {'ALIFCell_0.input_weights': '1.182', 'ALIFCell_0.recurrent_weights': '1.202', 'ReadOut_0.readout_weights': '0.000'}
[2026-05-19 23:47:13,316][src.modRNN.training.alignment][INFO] -   align diffusion_per_step @ epoch 651: cos {'ALIFCell_0.input_weights': '1.153', 'ALIFCell_0.recurrent_weights': '1.173', 'ReadOut_0.readout_weights': '0.000'}
[2026-05-19 23:47:13,638][src.modRNN.training.alignment][INFO] -   align diffusion_fixed @ epoch 651: cos {'ALIFCell_0.input_weights': '1.058', 'ALIFCell_0.recurrent_weights': '1.071', 'ReadOut_0.readout_weights': '0.000'}
[2026-05-19 23:47:21,575][src.modRNN.training.alignment][INFO] - epoch 675  train loss=0.0165  (rule: diffusion)
[2026-05-19 23:47:29,841][src.modRNN.training.alignment][INFO] - epoch 700  train loss=0.0162  (rule: diffusion)
[2026-05-19 23:47:30,399][src.modRNN.training.alignment][INFO] -   align BPTT @ epoch 701: cos {'ALIFCell_0.input_weights': '0.000', 'ALIFCell_0.recurrent_weights': '0.000', 'ReadOut_0.readout_weights': '0.000'}
[2026-05-19 23:47:30,677][src.modRNN.training.alignment][INFO] -   align eprop @ epoch 701: cos {'ALIFCell_0.input_weights': '1.219', 'ALIFCell_0.recurrent_weights': '1.217', 'ReadOut_0.readout_weights': '0.000'}
[2026-05-19 23:47:31,000][src.modRNN.training.alignment][INFO] -   align diffusion_aligned @ epoch 701: cos {'ALIFCell_0.input_weights': '1.229', 'ALIFCell_0.recurrent_weights': '1.227', 'ReadOut_0.readout_weights': '0.000'}
[2026-05-19 23:47:31,467][src.modRNN.training.alignment][INFO] -   align diffusion_per_step @ epoch 701: cos {'ALIFCell_0.input_weights': '1.208', 'ALIFCell_0.recurrent_weights': '1.210', 'ReadOut_0.readout_weights': '0.000'}
[2026-05-19 23:47:31,787][src.modRNN.training.alignment][INFO] -   align diffusion_fixed @ epoch 701: cos {'ALIFCell_0.input_weights': '1.111', 'ALIFCell_0.recurrent_weights': '1.107', 'ReadOut_0.readout_weights': '0.000'}
[2026-05-19 23:47:39,624][src.modRNN.training.alignment][INFO] - epoch 725  train loss=0.0148  (rule: diffusion)
[2026-05-19 23:47:47,781][src.modRNN.training.alignment][INFO] - epoch 750  train loss=0.0123  (rule: diffusion)
[2026-05-19 23:47:48,330][src.modRNN.training.alignment][INFO] -   align BPTT @ epoch 751: cos {'ALIFCell_0.input_weights': '0.000', 'ALIFCell_0.recurrent_weights': '0.000', 'ReadOut_0.readout_weights': '0.000'}
[2026-05-19 23:47:48,605][src.modRNN.training.alignment][INFO] -   align eprop @ epoch 751: cos {'ALIFCell_0.input_weights': '1.167', 'ALIFCell_0.recurrent_weights': '1.200', 'ReadOut_0.readout_weights': '0.000'}
[2026-05-19 23:47:48,924][src.modRNN.training.alignment][INFO] -   align diffusion_aligned @ epoch 751: cos {'ALIFCell_0.input_weights': '1.181', 'ALIFCell_0.recurrent_weights': '1.221', 'ReadOut_0.readout_weights': '0.000'}
[2026-05-19 23:47:49,392][src.modRNN.training.alignment][INFO] -   align diffusion_per_step @ epoch 751: cos {'ALIFCell_0.input_weights': '1.153', 'ALIFCell_0.recurrent_weights': '1.190', 'ReadOut_0.readout_weights': '0.000'}
[2026-05-19 23:47:49,711][src.modRNN.training.alignment][INFO] -   align diffusion_fixed @ epoch 751: cos {'ALIFCell_0.input_weights': '1.057', 'ALIFCell_0.recurrent_weights': '1.085', 'ReadOut_0.readout_weights': '0.000'}
[2026-05-19 23:47:57,568][src.modRNN.training.alignment][INFO] - epoch 775  train loss=0.0155  (rule: diffusion)
[2026-05-19 23:48:05,801][src.modRNN.training.alignment][INFO] - epoch 800  train loss=0.0241  (rule: diffusion)
[2026-05-19 23:48:06,357][src.modRNN.training.alignment][INFO] -   align BPTT @ epoch 801: cos {'ALIFCell_0.input_weights': '0.000', 'ALIFCell_0.recurrent_weights': '0.000', 'ReadOut_0.readout_weights': '0.000'}
[2026-05-19 23:48:06,634][src.modRNN.training.alignment][INFO] -   align eprop @ epoch 801: cos {'ALIFCell_0.input_weights': '1.143', 'ALIFCell_0.recurrent_weights': '1.173', 'ReadOut_0.readout_weights': '0.000'}
[2026-05-19 23:48:06,955][src.modRNN.training.alignment][INFO] -   align diffusion_aligned @ epoch 801: cos {'ALIFCell_0.input_weights': '1.168', 'ALIFCell_0.recurrent_weights': '1.206', 'ReadOut_0.readout_weights': '0.000'}
[2026-05-19 23:48:07,424][src.modRNN.training.alignment][INFO] -   align diffusion_per_step @ epoch 801: cos {'ALIFCell_0.input_weights': '1.128', 'ALIFCell_0.recurrent_weights': '1.161', 'ReadOut_0.readout_weights': '0.000'}
[2026-05-19 23:48:07,746][src.modRNN.training.alignment][INFO] -   align diffusion_fixed @ epoch 801: cos {'ALIFCell_0.input_weights': '1.026', 'ALIFCell_0.recurrent_weights': '1.048', 'ReadOut_0.readout_weights': '0.000'}
[2026-05-19 23:48:15,667][src.modRNN.training.alignment][INFO] - epoch 825  train loss=0.0125  (rule: diffusion)
[2026-05-19 23:48:23,925][src.modRNN.training.alignment][INFO] - epoch 850  train loss=0.0127  (rule: diffusion)
[2026-05-19 23:48:24,481][src.modRNN.training.alignment][INFO] -   align BPTT @ epoch 851: cos {'ALIFCell_0.input_weights': '0.000', 'ALIFCell_0.recurrent_weights': '0.000', 'ReadOut_0.readout_weights': '0.000'}
[2026-05-19 23:48:24,759][src.modRNN.training.alignment][INFO] -   align eprop @ epoch 851: cos {'ALIFCell_0.input_weights': '1.182', 'ALIFCell_0.recurrent_weights': '1.203', 'ReadOut_0.readout_weights': '0.000'}
[2026-05-19 23:48:25,082][src.modRNN.training.alignment][INFO] -   align diffusion_aligned @ epoch 851: cos {'ALIFCell_0.input_weights': '1.204', 'ALIFCell_0.recurrent_weights': '1.234', 'ReadOut_0.readout_weights': '0.000'}
[2026-05-19 23:48:25,552][src.modRNN.training.alignment][INFO] -   align diffusion_per_step @ epoch 851: cos {'ALIFCell_0.input_weights': '1.166', 'ALIFCell_0.recurrent_weights': '1.191', 'ReadOut_0.readout_weights': '0.000'}
[2026-05-19 23:48:25,874][src.modRNN.training.alignment][INFO] -   align diffusion_fixed @ epoch 851: cos {'ALIFCell_0.input_weights': '1.070', 'ALIFCell_0.recurrent_weights': '1.084', 'ReadOut_0.readout_weights': '0.000'}
[2026-05-19 23:48:33,766][src.modRNN.training.alignment][INFO] - epoch 875  train loss=0.0122  (rule: diffusion)
[2026-05-19 23:48:41,930][src.modRNN.training.alignment][INFO] - epoch 900  train loss=0.0148  (rule: diffusion)
[2026-05-19 23:48:42,477][src.modRNN.training.alignment][INFO] -   align BPTT @ epoch 901: cos {'ALIFCell_0.input_weights': '0.000', 'ALIFCell_0.recurrent_weights': '0.000', 'ReadOut_0.readout_weights': '0.000'}
[2026-05-19 23:48:42,751][src.modRNN.training.alignment][INFO] -   align eprop @ epoch 901: cos {'ALIFCell_0.input_weights': '1.176', 'ALIFCell_0.recurrent_weights': '1.194', 'ReadOut_0.readout_weights': '0.000'}
[2026-05-19 23:48:43,071][src.modRNN.training.alignment][INFO] -   align diffusion_aligned @ epoch 901: cos {'ALIFCell_0.input_weights': '1.206', 'ALIFCell_0.recurrent_weights': '1.233', 'ReadOut_0.readout_weights': '0.000'}
[2026-05-19 23:48:43,538][src.modRNN.training.alignment][INFO] -   align diffusion_per_step @ epoch 901: cos {'ALIFCell_0.input_weights': '1.163', 'ALIFCell_0.recurrent_weights': '1.183', 'ReadOut_0.readout_weights': '0.000'}
[2026-05-19 23:48:43,858][src.modRNN.training.alignment][INFO] -   align diffusion_fixed @ epoch 901: cos {'ALIFCell_0.input_weights': '1.063', 'ALIFCell_0.recurrent_weights': '1.071', 'ReadOut_0.readout_weights': '0.000'}
[2026-05-19 23:48:51,710][src.modRNN.training.alignment][INFO] - epoch 925  train loss=0.0118  (rule: diffusion)
[2026-05-19 23:48:59,888][src.modRNN.training.alignment][INFO] - epoch 950  train loss=0.0094  (rule: diffusion)
[2026-05-19 23:49:00,435][src.modRNN.training.alignment][INFO] -   align BPTT @ epoch 951: cos {'ALIFCell_0.input_weights': '0.000', 'ALIFCell_0.recurrent_weights': '0.000', 'ReadOut_0.readout_weights': '0.000'}
[2026-05-19 23:49:00,711][src.modRNN.training.alignment][INFO] -   align eprop @ epoch 951: cos {'ALIFCell_0.input_weights': '1.173', 'ALIFCell_0.recurrent_weights': '1.197', 'ReadOut_0.readout_weights': '0.000'}
[2026-05-19 23:49:01,030][src.modRNN.training.alignment][INFO] -   align diffusion_aligned @ epoch 951: cos {'ALIFCell_0.input_weights': '1.198', 'ALIFCell_0.recurrent_weights': '1.227', 'ReadOut_0.readout_weights': '0.000'}
[2026-05-19 23:49:01,496][src.modRNN.training.alignment][INFO] -   align diffusion_per_step @ epoch 951: cos {'ALIFCell_0.input_weights': '1.158', 'ALIFCell_0.recurrent_weights': '1.184', 'ReadOut_0.readout_weights': '0.000'}
[2026-05-19 23:49:01,816][src.modRNN.training.alignment][INFO] -   align diffusion_fixed @ epoch 951: cos {'ALIFCell_0.input_weights': '1.062', 'ALIFCell_0.recurrent_weights': '1.075', 'ReadOut_0.readout_weights': '0.000'}
[2026-05-19 23:49:09,745][src.modRNN.training.alignment][INFO] - epoch 975  train loss=0.0081  (rule: diffusion)
[2026-05-19 23:49:18,007][src.modRNN.training.alignment][INFO] - epoch 1000  train loss=0.0084  (rule: diffusion)
[2026-05-19 23:49:18,563][src.modRNN.training.alignment][INFO] -   align BPTT @ epoch 1001: cos {'ALIFCell_0.input_weights': '0.000', 'ALIFCell_0.recurrent_weights': '0.000', 'ReadOut_0.readout_weights': '0.000'}
[2026-05-19 23:49:18,840][src.modRNN.training.alignment][INFO] -   align eprop @ epoch 1001: cos {'ALIFCell_0.input_weights': '1.201', 'ALIFCell_0.recurrent_weights': '1.216', 'ReadOut_0.readout_weights': '0.000'}
[2026-05-19 23:49:19,162][src.modRNN.training.alignment][INFO] -   align diffusion_aligned @ epoch 1001: cos {'ALIFCell_0.input_weights': '1.223', 'ALIFCell_0.recurrent_weights': '1.240', 'ReadOut_0.readout_weights': '0.000'}
[2026-05-19 23:49:19,632][src.modRNN.training.alignment][INFO] -   align diffusion_per_step @ epoch 1001: cos {'ALIFCell_0.input_weights': '1.189', 'ALIFCell_0.recurrent_weights': '1.207', 'ReadOut_0.readout_weights': '0.000'}
[2026-05-19 23:49:19,954][src.modRNN.training.alignment][INFO] -   align diffusion_fixed @ epoch 1001: cos {'ALIFCell_0.input_weights': '1.107', 'ALIFCell_0.recurrent_weights': '1.121', 'ReadOut_0.readout_weights': '0.000'}
[2026-05-19 23:49:27,890][src.modRNN.training.alignment][INFO] - epoch 1025  train loss=0.0079  (rule: diffusion)
[2026-05-19 23:49:36,117][src.modRNN.training.alignment][INFO] - epoch 1050  train loss=0.0080  (rule: diffusion)
[2026-05-19 23:49:36,663][src.modRNN.training.alignment][INFO] -   align BPTT @ epoch 1051: cos {'ALIFCell_0.input_weights': '0.000', 'ALIFCell_0.recurrent_weights': '0.000', 'ReadOut_0.readout_weights': '0.000'}
[2026-05-19 23:49:36,938][src.modRNN.training.alignment][INFO] -   align eprop @ epoch 1051: cos {'ALIFCell_0.input_weights': '1.166', 'ALIFCell_0.recurrent_weights': '1.191', 'ReadOut_0.readout_weights': '0.000'}
[2026-05-19 23:49:37,259][src.modRNN.training.alignment][INFO] -   align diffusion_aligned @ epoch 1051: cos {'ALIFCell_0.input_weights': '1.198', 'ALIFCell_0.recurrent_weights': '1.228', 'ReadOut_0.readout_weights': '0.000'}
[2026-05-19 23:49:37,727][src.modRNN.training.alignment][INFO] -   align diffusion_per_step @ epoch 1051: cos {'ALIFCell_0.input_weights': '1.150', 'ALIFCell_0.recurrent_weights': '1.179', 'ReadOut_0.readout_weights': '0.000'}
[2026-05-19 23:49:38,047][src.modRNN.training.alignment][INFO] -   align diffusion_fixed @ epoch 1051: cos {'ALIFCell_0.input_weights': '1.067', 'ALIFCell_0.recurrent_weights': '1.085', 'ReadOut_0.readout_weights': '0.000'}
[2026-05-19 23:49:45,902][src.modRNN.training.alignment][INFO] - epoch 1075  train loss=0.0096  (rule: diffusion)
[2026-05-19 23:49:54,085][src.modRNN.training.alignment][INFO] - epoch 1100  train loss=0.0077  (rule: diffusion)
[2026-05-19 23:49:54,632][src.modRNN.training.alignment][INFO] -   align BPTT @ epoch 1101: cos {'ALIFCell_0.input_weights': '0.000', 'ALIFCell_0.recurrent_weights': '0.000', 'ReadOut_0.readout_weights': '0.000'}
[2026-05-19 23:49:54,908][src.modRNN.training.alignment][INFO] -   align eprop @ epoch 1101: cos {'ALIFCell_0.input_weights': '1.179', 'ALIFCell_0.recurrent_weights': '1.205', 'ReadOut_0.readout_weights': '0.000'}
[2026-05-19 23:49:55,228][src.modRNN.training.alignment][INFO] -   align diffusion_aligned @ epoch 1101: cos {'ALIFCell_0.input_weights': '1.209', 'ALIFCell_0.recurrent_weights': '1.241', 'ReadOut_0.readout_weights': '0.000'}
[2026-05-19 23:49:55,696][src.modRNN.training.alignment][INFO] -   align diffusion_per_step @ epoch 1101: cos {'ALIFCell_0.input_weights': '1.164', 'ALIFCell_0.recurrent_weights': '1.192', 'ReadOut_0.readout_weights': '0.000'}
[2026-05-19 23:49:56,015][src.modRNN.training.alignment][INFO] -   align diffusion_fixed @ epoch 1101: cos {'ALIFCell_0.input_weights': '1.078', 'ALIFCell_0.recurrent_weights': '1.099', 'ReadOut_0.readout_weights': '0.000'}
[2026-05-19 23:50:03,909][src.modRNN.training.alignment][INFO] - epoch 1125  train loss=0.0084  (rule: diffusion)
[2026-05-19 23:50:12,155][src.modRNN.training.alignment][INFO] - epoch 1150  train loss=0.0075  (rule: diffusion)
[2026-05-19 23:50:12,711][src.modRNN.training.alignment][INFO] -   align BPTT @ epoch 1151: cos {'ALIFCell_0.input_weights': '0.000', 'ALIFCell_0.recurrent_weights': '0.000', 'ReadOut_0.readout_weights': '0.000'}
[2026-05-19 23:50:12,988][src.modRNN.training.alignment][INFO] -   align eprop @ epoch 1151: cos {'ALIFCell_0.input_weights': '1.194', 'ALIFCell_0.recurrent_weights': '1.184', 'ReadOut_0.readout_weights': '0.000'}
[2026-05-19 23:50:13,310][src.modRNN.training.alignment][INFO] -   align diffusion_aligned @ epoch 1151: cos {'ALIFCell_0.input_weights': '1.218', 'ALIFCell_0.recurrent_weights': '1.232', 'ReadOut_0.readout_weights': '0.000'}
[2026-05-19 23:50:13,780][src.modRNN.training.alignment][INFO] -   align diffusion_per_step @ epoch 1151: cos {'ALIFCell_0.input_weights': '1.173', 'ALIFCell_0.recurrent_weights': '1.170', 'ReadOut_0.readout_weights': '0.000'}
[2026-05-19 23:50:14,101][src.modRNN.training.alignment][INFO] -   align diffusion_fixed @ epoch 1151: cos {'ALIFCell_0.input_weights': '1.058', 'ALIFCell_0.recurrent_weights': '1.060', 'ReadOut_0.readout_weights': '0.000'}
[2026-05-19 23:50:22,027][src.modRNN.training.alignment][INFO] - epoch 1175  train loss=0.0985  (rule: diffusion)
[2026-05-19 23:50:30,289][src.modRNN.training.alignment][INFO] - epoch 1200  train loss=0.1037  (rule: diffusion)
[2026-05-19 23:50:30,848][src.modRNN.training.alignment][INFO] -   align BPTT @ epoch 1201: cos {'ALIFCell_0.input_weights': '0.000', 'ALIFCell_0.recurrent_weights': '0.000', 'ReadOut_0.readout_weights': '0.000'}
[2026-05-19 23:50:31,126][src.modRNN.training.alignment][INFO] -   align eprop @ epoch 1201: cos {'ALIFCell_0.input_weights': '0.979', 'ALIFCell_0.recurrent_weights': '0.924', 'ReadOut_0.readout_weights': '0.000'}
[2026-05-19 23:50:31,446][src.modRNN.training.alignment][INFO] -   align diffusion_aligned @ epoch 1201: cos {'ALIFCell_0.input_weights': '0.992', 'ALIFCell_0.recurrent_weights': '0.945', 'ReadOut_0.readout_weights': '0.000'}
[2026-05-19 23:50:31,913][src.modRNN.training.alignment][INFO] -   align diffusion_per_step @ epoch 1201: cos {'ALIFCell_0.input_weights': '0.948', 'ALIFCell_0.recurrent_weights': '0.896', 'ReadOut_0.readout_weights': '0.000'}
[2026-05-19 23:50:32,233][src.modRNN.training.alignment][INFO] -   align diffusion_fixed @ epoch 1201: cos {'ALIFCell_0.input_weights': '0.927', 'ALIFCell_0.recurrent_weights': '0.880', 'ReadOut_0.readout_weights': '0.000'}
[2026-05-19 23:50:40,093][src.modRNN.training.alignment][INFO] - epoch 1225  train loss=0.1144  (rule: diffusion)
[2026-05-19 23:50:48,282][src.modRNN.training.alignment][INFO] - epoch 1250  train loss=0.0521  (rule: diffusion)
[2026-05-19 23:50:48,828][src.modRNN.training.alignment][INFO] -   align BPTT @ epoch 1251: cos {'ALIFCell_0.input_weights': '0.000', 'ALIFCell_0.recurrent_weights': '0.000', 'ReadOut_0.readout_weights': '0.000'}
[2026-05-19 23:50:49,104][src.modRNN.training.alignment][INFO] -   align eprop @ epoch 1251: cos {'ALIFCell_0.input_weights': '1.176', 'ALIFCell_0.recurrent_weights': '1.179', 'ReadOut_0.readout_weights': '0.000'}
[2026-05-19 23:50:49,424][src.modRNN.training.alignment][INFO] -   align diffusion_aligned @ epoch 1251: cos {'ALIFCell_0.input_weights': '1.187', 'ALIFCell_0.recurrent_weights': '1.187', 'ReadOut_0.readout_weights': '0.000'}
[2026-05-19 23:50:49,891][src.modRNN.training.alignment][INFO] -   align diffusion_per_step @ epoch 1251: cos {'ALIFCell_0.input_weights': '1.147', 'ALIFCell_0.recurrent_weights': '1.154', 'ReadOut_0.readout_weights': '0.000'}
[2026-05-19 23:50:50,210][src.modRNN.training.alignment][INFO] -   align diffusion_fixed @ epoch 1251: cos {'ALIFCell_0.input_weights': '1.069', 'ALIFCell_0.recurrent_weights': '1.077', 'ReadOut_0.readout_weights': '0.000'}
[2026-05-19 23:50:58,057][src.modRNN.training.alignment][INFO] - epoch 1275  train loss=0.0336  (rule: diffusion)
[2026-05-19 23:51:06,306][src.modRNN.training.alignment][INFO] - epoch 1300  train loss=0.0318  (rule: diffusion)
[2026-05-19 23:51:06,861][src.modRNN.training.alignment][INFO] -   align BPTT @ epoch 1301: cos {'ALIFCell_0.input_weights': '0.000', 'ALIFCell_0.recurrent_weights': '0.000', 'ReadOut_0.readout_weights': '0.000'}
[2026-05-19 23:51:07,140][src.modRNN.training.alignment][INFO] -   align eprop @ epoch 1301: cos {'ALIFCell_0.input_weights': '1.146', 'ALIFCell_0.recurrent_weights': '1.139', 'ReadOut_0.readout_weights': '0.000'}
[2026-05-19 23:51:07,463][src.modRNN.training.alignment][INFO] -   align diffusion_aligned @ epoch 1301: cos {'ALIFCell_0.input_weights': '1.143', 'ALIFCell_0.recurrent_weights': '1.152', 'ReadOut_0.readout_weights': '0.000'}
[2026-05-19 23:51:07,933][src.modRNN.training.alignment][INFO] -   align diffusion_per_step @ epoch 1301: cos {'ALIFCell_0.input_weights': '1.118', 'ALIFCell_0.recurrent_weights': '1.118', 'ReadOut_0.readout_weights': '0.000'}
[2026-05-19 23:51:08,255][src.modRNN.training.alignment][INFO] -   align diffusion_fixed @ epoch 1301: cos {'ALIFCell_0.input_weights': '1.037', 'ALIFCell_0.recurrent_weights': '1.032', 'ReadOut_0.readout_weights': '0.000'}
[2026-05-19 23:51:16,184][src.modRNN.training.alignment][INFO] - epoch 1325  train loss=0.0275  (rule: diffusion)
[2026-05-19 23:51:24,439][src.modRNN.training.alignment][INFO] - epoch 1350  train loss=0.0210  (rule: diffusion)
[2026-05-19 23:51:24,996][src.modRNN.training.alignment][INFO] -   align BPTT @ epoch 1351: cos {'ALIFCell_0.input_weights': '0.000', 'ALIFCell_0.recurrent_weights': '0.000', 'ReadOut_0.readout_weights': '0.000'}
[2026-05-19 23:51:25,274][src.modRNN.training.alignment][INFO] -   align eprop @ epoch 1351: cos {'ALIFCell_0.input_weights': '1.099', 'ALIFCell_0.recurrent_weights': '1.127', 'ReadOut_0.readout_weights': '0.000'}
[2026-05-19 23:51:25,596][src.modRNN.training.alignment][INFO] -   align diffusion_aligned @ epoch 1351: cos {'ALIFCell_0.input_weights': '1.118', 'ALIFCell_0.recurrent_weights': '1.162', 'ReadOut_0.readout_weights': '0.000'}
[2026-05-19 23:51:26,065][src.modRNN.training.alignment][INFO] -   align diffusion_per_step @ epoch 1351: cos {'ALIFCell_0.input_weights': '1.073', 'ALIFCell_0.recurrent_weights': '1.107', 'ReadOut_0.readout_weights': '0.000'}
[2026-05-19 23:51:26,387][src.modRNN.training.alignment][INFO] -   align diffusion_fixed @ epoch 1351: cos {'ALIFCell_0.input_weights': '0.981', 'ALIFCell_0.recurrent_weights': '1.009', 'ReadOut_0.readout_weights': '0.000'}
[2026-05-19 23:51:34,292][src.modRNN.training.alignment][INFO] - epoch 1375  train loss=0.0207  (rule: diffusion)
[2026-05-19 23:51:42,474][src.modRNN.training.alignment][INFO] - epoch 1400  train loss=0.0211  (rule: diffusion)
[2026-05-19 23:51:43,022][src.modRNN.training.alignment][INFO] -   align BPTT @ epoch 1401: cos {'ALIFCell_0.input_weights': '0.000', 'ALIFCell_0.recurrent_weights': '0.000', 'ReadOut_0.readout_weights': '0.000'}
[2026-05-19 23:51:43,298][src.modRNN.training.alignment][INFO] -   align eprop @ epoch 1401: cos {'ALIFCell_0.input_weights': '1.349', 'ALIFCell_0.recurrent_weights': '1.427', 'ReadOut_0.readout_weights': '0.000'}
[2026-05-19 23:51:43,618][src.modRNN.training.alignment][INFO] -   align diffusion_aligned @ epoch 1401: cos {'ALIFCell_0.input_weights': '1.348', 'ALIFCell_0.recurrent_weights': '1.433', 'ReadOut_0.readout_weights': '0.000'}
[2026-05-19 23:51:44,085][src.modRNN.training.alignment][INFO] -   align diffusion_per_step @ epoch 1401: cos {'ALIFCell_0.input_weights': '1.350', 'ALIFCell_0.recurrent_weights': '1.426', 'ReadOut_0.readout_weights': '0.000'}
[2026-05-19 23:51:44,405][src.modRNN.training.alignment][INFO] -   align diffusion_fixed @ epoch 1401: cos {'ALIFCell_0.input_weights': '1.311', 'ALIFCell_0.recurrent_weights': '1.361', 'ReadOut_0.readout_weights': '0.000'}
[2026-05-19 23:51:52,259][src.modRNN.training.alignment][INFO] - epoch 1425  train loss=0.0670  (rule: diffusion)
[2026-05-19 23:52:00,438][src.modRNN.training.alignment][INFO] - epoch 1450  train loss=0.0320  (rule: diffusion)
[2026-05-19 23:52:00,986][src.modRNN.training.alignment][INFO] -   align BPTT @ epoch 1451: cos {'ALIFCell_0.input_weights': '0.000', 'ALIFCell_0.recurrent_weights': '0.000', 'ReadOut_0.readout_weights': '0.000'}
[2026-05-19 23:52:01,262][src.modRNN.training.alignment][INFO] -   align eprop @ epoch 1451: cos {'ALIFCell_0.input_weights': '1.133', 'ALIFCell_0.recurrent_weights': '1.121', 'ReadOut_0.readout_weights': '0.000'}
[2026-05-19 23:52:01,581][src.modRNN.training.alignment][INFO] -   align diffusion_aligned @ epoch 1451: cos {'ALIFCell_0.input_weights': '1.142', 'ALIFCell_0.recurrent_weights': '1.149', 'ReadOut_0.readout_weights': '0.000'}
[2026-05-19 23:52:02,051][src.modRNN.training.alignment][INFO] -   align diffusion_per_step @ epoch 1451: cos {'ALIFCell_0.input_weights': '1.109', 'ALIFCell_0.recurrent_weights': '1.104', 'ReadOut_0.readout_weights': '0.000'}
[2026-05-19 23:52:02,398][src.modRNN.training.alignment][INFO] -   align diffusion_fixed @ epoch 1451: cos {'ALIFCell_0.input_weights': '1.005', 'ALIFCell_0.recurrent_weights': '0.992', 'ReadOut_0.readout_weights': '0.000'}
[2026-05-19 23:52:10,313][src.modRNN.training.alignment][INFO] - epoch 1475  train loss=0.0221  (rule: diffusion)
[2026-05-19 23:52:18,557][src.modRNN.training.alignment][INFO] - epoch 1500  train loss=0.0204  (rule: diffusion)
[2026-05-19 23:52:19,113][src.modRNN.training.alignment][INFO] -   align BPTT @ epoch 1501: cos {'ALIFCell_0.input_weights': '0.000', 'ALIFCell_0.recurrent_weights': '0.000', 'ReadOut_0.readout_weights': '0.000'}
[2026-05-19 23:52:19,390][src.modRNN.training.alignment][INFO] -   align eprop @ epoch 1501: cos {'ALIFCell_0.input_weights': '1.109', 'ALIFCell_0.recurrent_weights': '1.114', 'ReadOut_0.readout_weights': '0.000'}
[2026-05-19 23:52:19,711][src.modRNN.training.alignment][INFO] -   align diffusion_aligned @ epoch 1501: cos {'ALIFCell_0.input_weights': '1.147', 'ALIFCell_0.recurrent_weights': '1.177', 'ReadOut_0.readout_weights': '0.000'}
[2026-05-19 23:52:20,181][src.modRNN.training.alignment][INFO] -   align diffusion_per_step @ epoch 1501: cos {'ALIFCell_0.input_weights': '1.087', 'ALIFCell_0.recurrent_weights': '1.101', 'ReadOut_0.readout_weights': '0.000'}
[2026-05-19 23:52:20,502][src.modRNN.training.alignment][INFO] -   align diffusion_fixed @ epoch 1501: cos {'ALIFCell_0.input_weights': '0.978', 'ALIFCell_0.recurrent_weights': '0.976', 'ReadOut_0.readout_weights': '0.000'}
[2026-05-19 23:52:28,428][src.modRNN.training.alignment][INFO] - epoch 1525  train loss=0.0169  (rule: diffusion)
[2026-05-19 23:52:36,634][src.modRNN.training.alignment][INFO] - epoch 1550  train loss=0.0150  (rule: diffusion)
[2026-05-19 23:52:37,181][src.modRNN.training.alignment][INFO] -   align BPTT @ epoch 1551: cos {'ALIFCell_0.input_weights': '0.000', 'ALIFCell_0.recurrent_weights': '0.000', 'ReadOut_0.readout_weights': '0.000'}
[2026-05-19 23:52:37,457][src.modRNN.training.alignment][INFO] -   align eprop @ epoch 1551: cos {'ALIFCell_0.input_weights': '1.189', 'ALIFCell_0.recurrent_weights': '1.179', 'ReadOut_0.readout_weights': '0.000'}
[2026-05-19 23:52:37,777][src.modRNN.training.alignment][INFO] -   align diffusion_aligned @ epoch 1551: cos {'ALIFCell_0.input_weights': '1.203', 'ALIFCell_0.recurrent_weights': '1.209', 'ReadOut_0.readout_weights': '0.000'}
[2026-05-19 23:52:38,244][src.modRNN.training.alignment][INFO] -   align diffusion_per_step @ epoch 1551: cos {'ALIFCell_0.input_weights': '1.171', 'ALIFCell_0.recurrent_weights': '1.166', 'ReadOut_0.readout_weights': '0.000'}
[2026-05-19 23:52:38,565][src.modRNN.training.alignment][INFO] -   align diffusion_fixed @ epoch 1551: cos {'ALIFCell_0.input_weights': '1.059', 'ALIFCell_0.recurrent_weights': '1.044', 'ReadOut_0.readout_weights': '0.000'}
[2026-05-19 23:52:46,410][src.modRNN.training.alignment][INFO] - epoch 1575  train loss=0.0152  (rule: diffusion)
[2026-05-19 23:52:54,584][src.modRNN.training.alignment][INFO] - epoch 1600  train loss=0.0156  (rule: diffusion)
[2026-05-19 23:52:55,130][src.modRNN.training.alignment][INFO] -   align BPTT @ epoch 1601: cos {'ALIFCell_0.input_weights': '0.000', 'ALIFCell_0.recurrent_weights': '0.000', 'ReadOut_0.readout_weights': '0.000'}
[2026-05-19 23:52:55,405][src.modRNN.training.alignment][INFO] -   align eprop @ epoch 1601: cos {'ALIFCell_0.input_weights': '1.087', 'ALIFCell_0.recurrent_weights': '1.110', 'ReadOut_0.readout_weights': '0.000'}
[2026-05-19 23:52:55,725][src.modRNN.training.alignment][INFO] -   align diffusion_aligned @ epoch 1601: cos {'ALIFCell_0.input_weights': '1.144', 'ALIFCell_0.recurrent_weights': '1.174', 'ReadOut_0.readout_weights': '0.000'}
[2026-05-19 23:52:56,193][src.modRNN.training.alignment][INFO] -   align diffusion_per_step @ epoch 1601: cos {'ALIFCell_0.input_weights': '1.071', 'ALIFCell_0.recurrent_weights': '1.100', 'ReadOut_0.readout_weights': '0.000'}
[2026-05-19 23:52:56,513][src.modRNN.training.alignment][INFO] -   align diffusion_fixed @ epoch 1601: cos {'ALIFCell_0.input_weights': '0.960', 'ALIFCell_0.recurrent_weights': '0.983', 'ReadOut_0.readout_weights': '0.000'}
[2026-05-19 23:53:04,412][src.modRNN.training.alignment][INFO] - epoch 1625  train loss=0.0139  (rule: diffusion)
[2026-05-19 23:53:12,672][src.modRNN.training.alignment][INFO] - epoch 1650  train loss=0.0143  (rule: diffusion)
[2026-05-19 23:53:13,227][src.modRNN.training.alignment][INFO] -   align BPTT @ epoch 1651: cos {'ALIFCell_0.input_weights': '0.000', 'ALIFCell_0.recurrent_weights': '0.000', 'ReadOut_0.readout_weights': '0.000'}
[2026-05-19 23:53:13,504][src.modRNN.training.alignment][INFO] -   align eprop @ epoch 1651: cos {'ALIFCell_0.input_weights': '1.084', 'ALIFCell_0.recurrent_weights': '1.104', 'ReadOut_0.readout_weights': '0.000'}
[2026-05-19 23:53:13,826][src.modRNN.training.alignment][INFO] -   align diffusion_aligned @ epoch 1651: cos {'ALIFCell_0.input_weights': '1.133', 'ALIFCell_0.recurrent_weights': '1.159', 'ReadOut_0.readout_weights': '0.000'}
[2026-05-19 23:53:14,296][src.modRNN.training.alignment][INFO] -   align diffusion_per_step @ epoch 1651: cos {'ALIFCell_0.input_weights': '1.064', 'ALIFCell_0.recurrent_weights': '1.091', 'ReadOut_0.readout_weights': '0.000'}
[2026-05-19 23:53:14,618][src.modRNN.training.alignment][INFO] -   align diffusion_fixed @ epoch 1651: cos {'ALIFCell_0.input_weights': '0.950', 'ALIFCell_0.recurrent_weights': '0.970', 'ReadOut_0.readout_weights': '0.000'}
[2026-05-19 23:53:22,526][src.modRNN.training.alignment][INFO] - epoch 1675  train loss=0.0128  (rule: diffusion)
[2026-05-19 23:53:30,773][src.modRNN.training.alignment][INFO] - epoch 1700  train loss=0.0134  (rule: diffusion)
[2026-05-19 23:53:31,323][src.modRNN.training.alignment][INFO] -   align BPTT @ epoch 1701: cos {'ALIFCell_0.input_weights': '0.000', 'ALIFCell_0.recurrent_weights': '0.000', 'ReadOut_0.readout_weights': '0.000'}
[2026-05-19 23:53:31,599][src.modRNN.training.alignment][INFO] -   align eprop @ epoch 1701: cos {'ALIFCell_0.input_weights': '1.174', 'ALIFCell_0.recurrent_weights': '1.143', 'ReadOut_0.readout_weights': '0.000'}
[2026-05-19 23:53:31,918][src.modRNN.training.alignment][INFO] -   align diffusion_aligned @ epoch 1701: cos {'ALIFCell_0.input_weights': '1.178', 'ALIFCell_0.recurrent_weights': '1.167', 'ReadOut_0.readout_weights': '0.000'}
[2026-05-19 23:53:32,386][src.modRNN.training.alignment][INFO] -   align diffusion_per_step @ epoch 1701: cos {'ALIFCell_0.input_weights': '1.187', 'ALIFCell_0.recurrent_weights': '1.155', 'ReadOut_0.readout_weights': '0.000'}
[2026-05-19 23:53:32,705][src.modRNN.training.alignment][INFO] -   align diffusion_fixed @ epoch 1701: cos {'ALIFCell_0.input_weights': '1.082', 'ALIFCell_0.recurrent_weights': '1.032', 'ReadOut_0.readout_weights': '0.000'}
[2026-05-19 23:53:40,559][src.modRNN.training.alignment][INFO] - epoch 1725  train loss=0.0614  (rule: diffusion)
[2026-05-19 23:53:48,744][src.modRNN.training.alignment][INFO] - epoch 1750  train loss=0.0313  (rule: diffusion)
[2026-05-19 23:53:49,291][src.modRNN.training.alignment][INFO] -   align BPTT @ epoch 1751: cos {'ALIFCell_0.input_weights': '0.000', 'ALIFCell_0.recurrent_weights': '0.000', 'ReadOut_0.readout_weights': '0.000'}
[2026-05-19 23:53:49,567][src.modRNN.training.alignment][INFO] -   align eprop @ epoch 1751: cos {'ALIFCell_0.input_weights': '1.065', 'ALIFCell_0.recurrent_weights': '1.089', 'ReadOut_0.readout_weights': '0.000'}
[2026-05-19 23:53:49,887][src.modRNN.training.alignment][INFO] -   align diffusion_aligned @ epoch 1751: cos {'ALIFCell_0.input_weights': '1.109', 'ALIFCell_0.recurrent_weights': '1.146', 'ReadOut_0.readout_weights': '0.000'}
[2026-05-19 23:53:50,355][src.modRNN.training.alignment][INFO] -   align diffusion_per_step @ epoch 1751: cos {'ALIFCell_0.input_weights': '1.044', 'ALIFCell_0.recurrent_weights': '1.075', 'ReadOut_0.readout_weights': '0.000'}
[2026-05-19 23:53:50,675][src.modRNN.training.alignment][INFO] -   align diffusion_fixed @ epoch 1751: cos {'ALIFCell_0.input_weights': '0.928', 'ALIFCell_0.recurrent_weights': '0.956', 'ReadOut_0.readout_weights': '0.000'}
[2026-05-19 23:53:58,536][src.modRNN.training.alignment][INFO] - epoch 1775  train loss=0.0149  (rule: diffusion)
[2026-05-19 23:54:06,774][src.modRNN.training.alignment][INFO] - epoch 1800  train loss=0.0125  (rule: diffusion)
[2026-05-19 23:54:07,330][src.modRNN.training.alignment][INFO] -   align BPTT @ epoch 1801: cos {'ALIFCell_0.input_weights': '0.000', 'ALIFCell_0.recurrent_weights': '0.000', 'ReadOut_0.readout_weights': '0.000'}
[2026-05-19 23:54:07,608][src.modRNN.training.alignment][INFO] -   align eprop @ epoch 1801: cos {'ALIFCell_0.input_weights': '1.157', 'ALIFCell_0.recurrent_weights': '1.152', 'ReadOut_0.readout_weights': '0.000'}
[2026-05-19 23:54:07,931][src.modRNN.training.alignment][INFO] -   align diffusion_aligned @ epoch 1801: cos {'ALIFCell_0.input_weights': '1.181', 'ALIFCell_0.recurrent_weights': '1.188', 'ReadOut_0.readout_weights': '0.000'}
[2026-05-19 23:54:08,401][src.modRNN.training.alignment][INFO] -   align diffusion_per_step @ epoch 1801: cos {'ALIFCell_0.input_weights': '1.152', 'ALIFCell_0.recurrent_weights': '1.152', 'ReadOut_0.readout_weights': '0.000'}
[2026-05-19 23:54:08,724][src.modRNN.training.alignment][INFO] -   align diffusion_fixed @ epoch 1801: cos {'ALIFCell_0.input_weights': '1.102', 'ALIFCell_0.recurrent_weights': '1.100', 'ReadOut_0.readout_weights': '0.000'}
[2026-05-19 23:54:16,645][src.modRNN.training.alignment][INFO] - epoch 1825  train loss=0.0236  (rule: diffusion)
[2026-05-19 23:54:24,896][src.modRNN.training.alignment][INFO] - epoch 1850  train loss=0.0109  (rule: diffusion)
[2026-05-19 23:54:25,451][src.modRNN.training.alignment][INFO] -   align BPTT @ epoch 1851: cos {'ALIFCell_0.input_weights': '0.000', 'ALIFCell_0.recurrent_weights': '0.000', 'ReadOut_0.readout_weights': '0.000'}
[2026-05-19 23:54:25,729][src.modRNN.training.alignment][INFO] -   align eprop @ epoch 1851: cos {'ALIFCell_0.input_weights': '1.192', 'ALIFCell_0.recurrent_weights': '1.119', 'ReadOut_0.readout_weights': '0.000'}
[2026-05-19 23:54:26,050][src.modRNN.training.alignment][INFO] -   align diffusion_aligned @ epoch 1851: cos {'ALIFCell_0.input_weights': '1.183', 'ALIFCell_0.recurrent_weights': '1.131', 'ReadOut_0.readout_weights': '0.000'}
[2026-05-19 23:54:26,519][src.modRNN.training.alignment][INFO] -   align diffusion_per_step @ epoch 1851: cos {'ALIFCell_0.input_weights': '1.182', 'ALIFCell_0.recurrent_weights': '1.107', 'ReadOut_0.readout_weights': '0.000'}
[2026-05-19 23:54:26,841][src.modRNN.training.alignment][INFO] -   align diffusion_fixed @ epoch 1851: cos {'ALIFCell_0.input_weights': '1.125', 'ALIFCell_0.recurrent_weights': '1.038', 'ReadOut_0.readout_weights': '0.000'}
[2026-05-19 23:54:34,738][src.modRNN.training.alignment][INFO] - epoch 1875  train loss=0.0118  (rule: diffusion)
[2026-05-19 23:54:42,924][src.modRNN.training.alignment][INFO] - epoch 1900  train loss=0.0120  (rule: diffusion)
[2026-05-19 23:54:43,472][src.modRNN.training.alignment][INFO] -   align BPTT @ epoch 1901: cos {'ALIFCell_0.input_weights': '0.000', 'ALIFCell_0.recurrent_weights': '0.000', 'ReadOut_0.readout_weights': '0.000'}
[2026-05-19 23:54:43,748][src.modRNN.training.alignment][INFO] -   align eprop @ epoch 1901: cos {'ALIFCell_0.input_weights': '1.080', 'ALIFCell_0.recurrent_weights': '1.107', 'ReadOut_0.readout_weights': '0.000'}
[2026-05-19 23:54:44,067][src.modRNN.training.alignment][INFO] -   align diffusion_aligned @ epoch 1901: cos {'ALIFCell_0.input_weights': '1.105', 'ALIFCell_0.recurrent_weights': '1.147', 'ReadOut_0.readout_weights': '0.000'}
[2026-05-19 23:54:44,535][src.modRNN.training.alignment][INFO] -   align diffusion_per_step @ epoch 1901: cos {'ALIFCell_0.input_weights': '1.070', 'ALIFCell_0.recurrent_weights': '1.103', 'ReadOut_0.readout_weights': '0.000'}
[2026-05-19 23:54:44,855][src.modRNN.training.alignment][INFO] -   align diffusion_fixed @ epoch 1901: cos {'ALIFCell_0.input_weights': '0.972', 'ALIFCell_0.recurrent_weights': '1.001', 'ReadOut_0.readout_weights': '0.000'}
[2026-05-19 23:54:52,707][src.modRNN.training.alignment][INFO] - epoch 1925  train loss=0.0111  (rule: diffusion)
[2026-05-19 23:55:00,884][src.modRNN.training.alignment][INFO] - epoch 1950  train loss=0.0746  (rule: diffusion)
[2026-05-19 23:55:01,431][src.modRNN.training.alignment][INFO] -   align BPTT @ epoch 1951: cos {'ALIFCell_0.input_weights': '0.000', 'ALIFCell_0.recurrent_weights': '0.000', 'ReadOut_0.readout_weights': '0.000'}
[2026-05-19 23:55:01,706][src.modRNN.training.alignment][INFO] -   align eprop @ epoch 1951: cos {'ALIFCell_0.input_weights': '1.153', 'ALIFCell_0.recurrent_weights': '1.250', 'ReadOut_0.readout_weights': '0.000'}
[2026-05-19 23:55:02,027][src.modRNN.training.alignment][INFO] -   align diffusion_aligned @ epoch 1951: cos {'ALIFCell_0.input_weights': '1.190', 'ALIFCell_0.recurrent_weights': '1.289', 'ReadOut_0.readout_weights': '0.000'}
[2026-05-19 23:55:02,509][src.modRNN.training.alignment][INFO] -   align diffusion_per_step @ epoch 1951: cos {'ALIFCell_0.input_weights': '1.138', 'ALIFCell_0.recurrent_weights': '1.236', 'ReadOut_0.readout_weights': '0.000'}
[2026-05-19 23:55:02,832][src.modRNN.training.alignment][INFO] -   align diffusion_fixed @ epoch 1951: cos {'ALIFCell_0.input_weights': '1.026', 'ALIFCell_0.recurrent_weights': '1.119', 'ReadOut_0.readout_weights': '0.000'}
[2026-05-19 23:55:10,767][src.modRNN.training.alignment][INFO] - epoch 1975  train loss=0.0594  (rule: diffusion)
[2026-05-19 23:55:19,023][src.modRNN.training.alignment][INFO] - epoch 2000  train loss=0.0354  (rule: diffusion)
[2026-05-19 23:55:19,578][src.modRNN.training.alignment][INFO] -   align BPTT @ epoch 2001: cos {'ALIFCell_0.input_weights': '0.000', 'ALIFCell_0.recurrent_weights': '0.000', 'ReadOut_0.readout_weights': '0.000'}
[2026-05-19 23:55:19,855][src.modRNN.training.alignment][INFO] -   align eprop @ epoch 2001: cos {'ALIFCell_0.input_weights': '1.280', 'ALIFCell_0.recurrent_weights': '1.399', 'ReadOut_0.readout_weights': '0.000'}
[2026-05-19 23:55:20,177][src.modRNN.training.alignment][INFO] -   align diffusion_aligned @ epoch 2001: cos {'ALIFCell_0.input_weights': '1.335', 'ALIFCell_0.recurrent_weights': '1.469', 'ReadOut_0.readout_weights': '0.000'}
[2026-05-19 23:55:20,646][src.modRNN.training.alignment][INFO] -   align diffusion_per_step @ epoch 2001: cos {'ALIFCell_0.input_weights': '1.278', 'ALIFCell_0.recurrent_weights': '1.399', 'ReadOut_0.readout_weights': '0.000'}
[2026-05-19 23:55:20,968][src.modRNN.training.alignment][INFO] -   align diffusion_fixed @ epoch 2001: cos {'ALIFCell_0.input_weights': '1.102', 'ALIFCell_0.recurrent_weights': '1.197', 'ReadOut_0.readout_weights': '0.000'}
[2026-05-19 23:55:21,008][src.modRNN.training.alignment][INFO] - Alignment experiment finished. Output dir: /mnt/lustre/work/martius/mot736/neuromodRNN/outputs/pattern_generation/align_local_connectivity_diffusion_shuffle_fix/seed_33
