[2026-06-02 19:28:28,150][jax._src.xla_bridge][INFO] - Unable to initialize backend 'rocm': module 'jaxlib.xla_extension' has no attribute 'GpuAllocatorConfig'
[2026-06-02 19:28:28,156][jax._src.xla_bridge][INFO] - Unable to initialize backend 'tpu': INTERNAL: Failed to open libtpu.so: libtpu.so: cannot open shared object file: No such file or directory
[2026-06-02 19:28:36,514][src.modRNN.training.alignment][INFO] - Starting alignment experiment: training with diffusion, measuring alignment of ['BPTT', 'eprop', 'diffusion_aligned', 'diffusion_per_step', 'diffusion_fixed'] every 50 epochs.
[2026-06-02 19:28:41,908][src.modRNN.training.alignment][INFO] - epoch 1  train loss=0.6932  (rule: diffusion)
[2026-06-02 19:28:44,400][src.modRNN.training.alignment][INFO] -   align BPTT @ epoch 1: cos {'ALIFCell_0.input_weights': '0.000', 'ALIFCell_0.recurrent_weights': '0.000', 'ReadOut_0.readout_weights': '0.000'}
[2026-06-02 19:28:46,115][src.modRNN.training.alignment][INFO] -   align eprop @ epoch 1: cos {'ALIFCell_0.input_weights': '0.655', 'ALIFCell_0.recurrent_weights': '0.317', 'ReadOut_0.readout_weights': '0.000'}
[2026-06-02 19:28:48,373][src.modRNN.training.alignment][INFO] -   align diffusion_aligned @ epoch 1: cos {'ALIFCell_0.input_weights': '1.076', 'ALIFCell_0.recurrent_weights': '0.941', 'ReadOut_0.readout_weights': '0.000'}
[2026-06-02 19:28:52,800][src.modRNN.training.alignment][INFO] -   align diffusion_per_step @ epoch 1: cos {'ALIFCell_0.input_weights': '1.085', 'ALIFCell_0.recurrent_weights': '0.723', 'ReadOut_0.readout_weights': '0.000'}
[2026-06-02 19:28:55,034][src.modRNN.training.alignment][INFO] -   align diffusion_fixed @ epoch 1: cos {'ALIFCell_0.input_weights': '1.114', 'ALIFCell_0.recurrent_weights': '0.644', 'ReadOut_0.readout_weights': '0.000'}
[2026-06-02 19:29:26,162][src.modRNN.training.alignment][INFO] - epoch 25  train loss=0.6932  (rule: diffusion)
[2026-06-02 19:29:58,576][src.modRNN.training.alignment][INFO] - epoch 50  train loss=0.6931  (rule: diffusion)
[2026-06-02 19:30:01,268][src.modRNN.training.alignment][INFO] -   align BPTT @ epoch 51: cos {'ALIFCell_0.input_weights': '0.000', 'ALIFCell_0.recurrent_weights': '0.000', 'ReadOut_0.readout_weights': '0.000'}
[2026-06-02 19:30:02,254][src.modRNN.training.alignment][INFO] -   align eprop @ epoch 51: cos {'ALIFCell_0.input_weights': '0.719', 'ALIFCell_0.recurrent_weights': '0.474', 'ReadOut_0.readout_weights': '0.000'}
[2026-06-02 19:30:03,509][src.modRNN.training.alignment][INFO] -   align diffusion_aligned @ epoch 51: cos {'ALIFCell_0.input_weights': '0.889', 'ALIFCell_0.recurrent_weights': '0.885', 'ReadOut_0.readout_weights': '0.000'}
[2026-06-02 19:30:05,612][src.modRNN.training.alignment][INFO] -   align diffusion_per_step @ epoch 51: cos {'ALIFCell_0.input_weights': '0.943', 'ALIFCell_0.recurrent_weights': '0.862', 'ReadOut_0.readout_weights': '0.000'}
[2026-06-02 19:30:06,842][src.modRNN.training.alignment][INFO] -   align diffusion_fixed @ epoch 51: cos {'ALIFCell_0.input_weights': '0.945', 'ALIFCell_0.recurrent_weights': '0.834', 'ReadOut_0.readout_weights': '0.000'}
[2026-06-02 19:30:38,175][src.modRNN.training.alignment][INFO] - epoch 75  train loss=0.6929  (rule: diffusion)
[2026-06-02 19:31:10,684][src.modRNN.training.alignment][INFO] - epoch 100  train loss=0.6917  (rule: diffusion)
[2026-06-02 19:31:13,374][src.modRNN.training.alignment][INFO] -   align BPTT @ epoch 101: cos {'ALIFCell_0.input_weights': '0.000', 'ALIFCell_0.recurrent_weights': '0.000', 'ReadOut_0.readout_weights': '0.000'}
[2026-06-02 19:31:14,354][src.modRNN.training.alignment][INFO] -   align eprop @ epoch 101: cos {'ALIFCell_0.input_weights': '0.701', 'ALIFCell_0.recurrent_weights': '0.930', 'ReadOut_0.readout_weights': '0.000'}
[2026-06-02 19:31:15,602][src.modRNN.training.alignment][INFO] -   align diffusion_aligned @ epoch 101: cos {'ALIFCell_0.input_weights': '0.791', 'ALIFCell_0.recurrent_weights': '0.831', 'ReadOut_0.readout_weights': '0.000'}
[2026-06-02 19:31:17,704][src.modRNN.training.alignment][INFO] -   align diffusion_per_step @ epoch 101: cos {'ALIFCell_0.input_weights': '0.771', 'ALIFCell_0.recurrent_weights': '0.782', 'ReadOut_0.readout_weights': '0.000'}
[2026-06-02 19:31:18,928][src.modRNN.training.alignment][INFO] -   align diffusion_fixed @ epoch 101: cos {'ALIFCell_0.input_weights': '0.785', 'ALIFCell_0.recurrent_weights': '0.955', 'ReadOut_0.readout_weights': '0.000'}
[2026-06-02 19:31:50,360][src.modRNN.training.alignment][INFO] - epoch 125  train loss=0.6850  (rule: diffusion)
[2026-06-02 19:32:23,162][src.modRNN.training.alignment][INFO] - epoch 150  train loss=0.6532  (rule: diffusion)
[2026-06-02 19:32:25,873][src.modRNN.training.alignment][INFO] -   align BPTT @ epoch 151: cos {'ALIFCell_0.input_weights': '0.000', 'ALIFCell_0.recurrent_weights': '0.000', 'ReadOut_0.readout_weights': '0.000'}
[2026-06-02 19:32:26,860][src.modRNN.training.alignment][INFO] -   align eprop @ epoch 151: cos {'ALIFCell_0.input_weights': '1.099', 'ALIFCell_0.recurrent_weights': '0.777', 'ReadOut_0.readout_weights': '0.000'}
[2026-06-02 19:32:28,119][src.modRNN.training.alignment][INFO] -   align diffusion_aligned @ epoch 151: cos {'ALIFCell_0.input_weights': '1.191', 'ALIFCell_0.recurrent_weights': '0.862', 'ReadOut_0.readout_weights': '0.000'}
[2026-06-02 19:32:30,235][src.modRNN.training.alignment][INFO] -   align diffusion_per_step @ epoch 151: cos {'ALIFCell_0.input_weights': '1.197', 'ALIFCell_0.recurrent_weights': '0.820', 'ReadOut_0.readout_weights': '0.000'}
[2026-06-02 19:32:31,467][src.modRNN.training.alignment][INFO] -   align diffusion_fixed @ epoch 151: cos {'ALIFCell_0.input_weights': '1.211', 'ALIFCell_0.recurrent_weights': '0.903', 'ReadOut_0.readout_weights': '0.000'}
[2026-06-02 19:33:02,874][src.modRNN.training.alignment][INFO] - epoch 175  train loss=0.6874  (rule: diffusion)
[2026-06-02 19:33:35,672][src.modRNN.training.alignment][INFO] - epoch 200  train loss=0.6629  (rule: diffusion)
[2026-06-02 19:33:38,380][src.modRNN.training.alignment][INFO] -   align BPTT @ epoch 201: cos {'ALIFCell_0.input_weights': '0.000', 'ALIFCell_0.recurrent_weights': '0.000', 'ReadOut_0.readout_weights': '0.000'}
[2026-06-02 19:33:39,363][src.modRNN.training.alignment][INFO] -   align eprop @ epoch 201: cos {'ALIFCell_0.input_weights': '0.881', 'ALIFCell_0.recurrent_weights': '1.098', 'ReadOut_0.readout_weights': '0.000'}
[2026-06-02 19:33:40,619][src.modRNN.training.alignment][INFO] -   align diffusion_aligned @ epoch 201: cos {'ALIFCell_0.input_weights': '0.823', 'ALIFCell_0.recurrent_weights': '0.981', 'ReadOut_0.readout_weights': '0.000'}
[2026-06-02 19:33:42,732][src.modRNN.training.alignment][INFO] -   align diffusion_per_step @ epoch 201: cos {'ALIFCell_0.input_weights': '0.838', 'ALIFCell_0.recurrent_weights': '1.009', 'ReadOut_0.readout_weights': '0.000'}
[2026-06-02 19:33:43,965][src.modRNN.training.alignment][INFO] -   align diffusion_fixed @ epoch 201: cos {'ALIFCell_0.input_weights': '0.930', 'ALIFCell_0.recurrent_weights': '1.138', 'ReadOut_0.readout_weights': '0.000'}
[2026-06-02 19:34:15,425][src.modRNN.training.alignment][INFO] - epoch 225  train loss=0.6747  (rule: diffusion)
[2026-06-02 19:34:48,193][src.modRNN.training.alignment][INFO] - epoch 250  train loss=0.5989  (rule: diffusion)
[2026-06-02 19:34:50,897][src.modRNN.training.alignment][INFO] -   align BPTT @ epoch 251: cos {'ALIFCell_0.input_weights': '0.000', 'ALIFCell_0.recurrent_weights': '0.000', 'ReadOut_0.readout_weights': '0.000'}
[2026-06-02 19:34:51,882][src.modRNN.training.alignment][INFO] -   align eprop @ epoch 251: cos {'ALIFCell_0.input_weights': '0.726', 'ALIFCell_0.recurrent_weights': '0.887', 'ReadOut_0.readout_weights': '0.000'}
[2026-06-02 19:34:53,137][src.modRNN.training.alignment][INFO] -   align diffusion_aligned @ epoch 251: cos {'ALIFCell_0.input_weights': '0.714', 'ALIFCell_0.recurrent_weights': '0.897', 'ReadOut_0.readout_weights': '0.000'}
[2026-06-02 19:34:55,250][src.modRNN.training.alignment][INFO] -   align diffusion_per_step @ epoch 251: cos {'ALIFCell_0.input_weights': '0.704', 'ALIFCell_0.recurrent_weights': '0.898', 'ReadOut_0.readout_weights': '0.000'}
[2026-06-02 19:34:56,480][src.modRNN.training.alignment][INFO] -   align diffusion_fixed @ epoch 251: cos {'ALIFCell_0.input_weights': '0.714', 'ALIFCell_0.recurrent_weights': '1.007', 'ReadOut_0.readout_weights': '0.000'}
[2026-06-02 19:35:27,962][src.modRNN.training.alignment][INFO] - epoch 275  train loss=0.6041  (rule: diffusion)
[2026-06-02 19:36:00,673][src.modRNN.training.alignment][INFO] - epoch 300  train loss=0.6427  (rule: diffusion)
[2026-06-02 19:36:03,387][src.modRNN.training.alignment][INFO] -   align BPTT @ epoch 301: cos {'ALIFCell_0.input_weights': '0.000', 'ALIFCell_0.recurrent_weights': '0.000', 'ReadOut_0.readout_weights': '0.000'}
[2026-06-02 19:36:04,373][src.modRNN.training.alignment][INFO] -   align eprop @ epoch 301: cos {'ALIFCell_0.input_weights': '0.611', 'ALIFCell_0.recurrent_weights': '0.957', 'ReadOut_0.readout_weights': '0.000'}
[2026-06-02 19:36:05,631][src.modRNN.training.alignment][INFO] -   align diffusion_aligned @ epoch 301: cos {'ALIFCell_0.input_weights': '0.548', 'ALIFCell_0.recurrent_weights': '0.842', 'ReadOut_0.readout_weights': '0.000'}
[2026-06-02 19:36:07,749][src.modRNN.training.alignment][INFO] -   align diffusion_per_step @ epoch 301: cos {'ALIFCell_0.input_weights': '0.583', 'ALIFCell_0.recurrent_weights': '0.870', 'ReadOut_0.readout_weights': '0.000'}
[2026-06-02 19:36:08,982][src.modRNN.training.alignment][INFO] -   align diffusion_fixed @ epoch 301: cos {'ALIFCell_0.input_weights': '0.629', 'ALIFCell_0.recurrent_weights': '0.905', 'ReadOut_0.readout_weights': '0.000'}
[2026-06-02 19:36:40,456][src.modRNN.training.alignment][INFO] - epoch 325  train loss=0.6218  (rule: diffusion)
[2026-06-02 19:37:13,240][src.modRNN.training.alignment][INFO] - epoch 350  train loss=0.6022  (rule: diffusion)
[2026-06-02 19:37:15,953][src.modRNN.training.alignment][INFO] -   align BPTT @ epoch 351: cos {'ALIFCell_0.input_weights': '0.000', 'ALIFCell_0.recurrent_weights': '0.000', 'ReadOut_0.readout_weights': '0.000'}
[2026-06-02 19:37:16,943][src.modRNN.training.alignment][INFO] -   align eprop @ epoch 351: cos {'ALIFCell_0.input_weights': '0.562', 'ALIFCell_0.recurrent_weights': '0.869', 'ReadOut_0.readout_weights': '0.000'}
[2026-06-02 19:37:18,205][src.modRNN.training.alignment][INFO] -   align diffusion_aligned @ epoch 351: cos {'ALIFCell_0.input_weights': '0.676', 'ALIFCell_0.recurrent_weights': '0.996', 'ReadOut_0.readout_weights': '0.000'}
[2026-06-02 19:37:20,323][src.modRNN.training.alignment][INFO] -   align diffusion_per_step @ epoch 351: cos {'ALIFCell_0.input_weights': '0.684', 'ALIFCell_0.recurrent_weights': '0.962', 'ReadOut_0.readout_weights': '0.000'}
[2026-06-02 19:37:21,559][src.modRNN.training.alignment][INFO] -   align diffusion_fixed @ epoch 351: cos {'ALIFCell_0.input_weights': '0.744', 'ALIFCell_0.recurrent_weights': '1.077', 'ReadOut_0.readout_weights': '0.000'}
[2026-06-02 19:37:53,009][src.modRNN.training.alignment][INFO] - epoch 375  train loss=0.6486  (rule: diffusion)
[2026-06-02 19:38:25,814][src.modRNN.training.alignment][INFO] - epoch 400  train loss=0.6433  (rule: diffusion)
[2026-06-02 19:38:28,527][src.modRNN.training.alignment][INFO] -   align BPTT @ epoch 401: cos {'ALIFCell_0.input_weights': '0.000', 'ALIFCell_0.recurrent_weights': '0.000', 'ReadOut_0.readout_weights': '0.000'}
[2026-06-02 19:38:29,515][src.modRNN.training.alignment][INFO] -   align eprop @ epoch 401: cos {'ALIFCell_0.input_weights': '0.996', 'ALIFCell_0.recurrent_weights': '0.848', 'ReadOut_0.readout_weights': '0.000'}
[2026-06-02 19:38:30,774][src.modRNN.training.alignment][INFO] -   align diffusion_aligned @ epoch 401: cos {'ALIFCell_0.input_weights': '0.957', 'ALIFCell_0.recurrent_weights': '0.888', 'ReadOut_0.readout_weights': '0.000'}
[2026-06-02 19:38:32,888][src.modRNN.training.alignment][INFO] -   align diffusion_per_step @ epoch 401: cos {'ALIFCell_0.input_weights': '1.048', 'ALIFCell_0.recurrent_weights': '0.860', 'ReadOut_0.readout_weights': '0.000'}
[2026-06-02 19:38:34,120][src.modRNN.training.alignment][INFO] -   align diffusion_fixed @ epoch 401: cos {'ALIFCell_0.input_weights': '1.197', 'ALIFCell_0.recurrent_weights': '0.969', 'ReadOut_0.readout_weights': '0.000'}
[2026-06-02 19:39:05,535][src.modRNN.training.alignment][INFO] - epoch 425  train loss=0.5866  (rule: diffusion)
[2026-06-02 19:39:38,345][src.modRNN.training.alignment][INFO] - epoch 450  train loss=0.6490  (rule: diffusion)
[2026-06-02 19:39:41,049][src.modRNN.training.alignment][INFO] -   align BPTT @ epoch 451: cos {'ALIFCell_0.input_weights': '0.000', 'ALIFCell_0.recurrent_weights': '0.000', 'ReadOut_0.readout_weights': '0.000'}
[2026-06-02 19:39:42,033][src.modRNN.training.alignment][INFO] -   align eprop @ epoch 451: cos {'ALIFCell_0.input_weights': '0.575', 'ALIFCell_0.recurrent_weights': '0.643', 'ReadOut_0.readout_weights': '0.000'}
[2026-06-02 19:39:43,296][src.modRNN.training.alignment][INFO] -   align diffusion_aligned @ epoch 451: cos {'ALIFCell_0.input_weights': '0.586', 'ALIFCell_0.recurrent_weights': '0.944', 'ReadOut_0.readout_weights': '0.000'}
[2026-06-02 19:39:45,413][src.modRNN.training.alignment][INFO] -   align diffusion_per_step @ epoch 451: cos {'ALIFCell_0.input_weights': '0.631', 'ALIFCell_0.recurrent_weights': '0.921', 'ReadOut_0.readout_weights': '0.000'}
[2026-06-02 19:39:46,645][src.modRNN.training.alignment][INFO] -   align diffusion_fixed @ epoch 451: cos {'ALIFCell_0.input_weights': '0.834', 'ALIFCell_0.recurrent_weights': '1.112', 'ReadOut_0.readout_weights': '0.000'}
[2026-06-02 19:40:18,104][src.modRNN.training.alignment][INFO] - epoch 475  train loss=0.5202  (rule: diffusion)
[2026-06-02 19:40:50,849][src.modRNN.training.alignment][INFO] - epoch 500  train loss=0.5881  (rule: diffusion)
[2026-06-02 19:40:53,557][src.modRNN.training.alignment][INFO] -   align BPTT @ epoch 501: cos {'ALIFCell_0.input_weights': '0.000', 'ALIFCell_0.recurrent_weights': '0.000', 'ReadOut_0.readout_weights': '0.000'}
[2026-06-02 19:40:54,540][src.modRNN.training.alignment][INFO] -   align eprop @ epoch 501: cos {'ALIFCell_0.input_weights': '0.994', 'ALIFCell_0.recurrent_weights': '1.007', 'ReadOut_0.readout_weights': '0.000'}
[2026-06-02 19:40:55,798][src.modRNN.training.alignment][INFO] -   align diffusion_aligned @ epoch 501: cos {'ALIFCell_0.input_weights': '0.828', 'ALIFCell_0.recurrent_weights': '0.977', 'ReadOut_0.readout_weights': '0.000'}
[2026-06-02 19:40:57,910][src.modRNN.training.alignment][INFO] -   align diffusion_per_step @ epoch 501: cos {'ALIFCell_0.input_weights': '0.870', 'ALIFCell_0.recurrent_weights': '0.938', 'ReadOut_0.readout_weights': '0.000'}
[2026-06-02 19:40:59,141][src.modRNN.training.alignment][INFO] -   align diffusion_fixed @ epoch 501: cos {'ALIFCell_0.input_weights': '1.051', 'ALIFCell_0.recurrent_weights': '1.060', 'ReadOut_0.readout_weights': '0.000'}
[2026-06-02 19:41:30,668][src.modRNN.training.alignment][INFO] - epoch 525  train loss=0.4851  (rule: diffusion)
[2026-06-02 19:42:03,416][src.modRNN.training.alignment][INFO] - epoch 550  train loss=0.5488  (rule: diffusion)
[2026-06-02 19:42:06,131][src.modRNN.training.alignment][INFO] -   align BPTT @ epoch 551: cos {'ALIFCell_0.input_weights': '0.000', 'ALIFCell_0.recurrent_weights': '0.000', 'ReadOut_0.readout_weights': '0.000'}
[2026-06-02 19:42:07,118][src.modRNN.training.alignment][INFO] -   align eprop @ epoch 551: cos {'ALIFCell_0.input_weights': '0.785', 'ALIFCell_0.recurrent_weights': '0.926', 'ReadOut_0.readout_weights': '0.000'}
[2026-06-02 19:42:08,376][src.modRNN.training.alignment][INFO] -   align diffusion_aligned @ epoch 551: cos {'ALIFCell_0.input_weights': '0.692', 'ALIFCell_0.recurrent_weights': '0.987', 'ReadOut_0.readout_weights': '0.000'}
[2026-06-02 19:42:10,494][src.modRNN.training.alignment][INFO] -   align diffusion_per_step @ epoch 551: cos {'ALIFCell_0.input_weights': '0.732', 'ALIFCell_0.recurrent_weights': '0.996', 'ReadOut_0.readout_weights': '0.000'}
[2026-06-02 19:42:11,728][src.modRNN.training.alignment][INFO] -   align diffusion_fixed @ epoch 551: cos {'ALIFCell_0.input_weights': '0.786', 'ALIFCell_0.recurrent_weights': '1.056', 'ReadOut_0.readout_weights': '0.000'}
[2026-06-02 19:42:43,230][src.modRNN.training.alignment][INFO] - epoch 575  train loss=0.4104  (rule: diffusion)
[2026-06-02 19:43:16,056][src.modRNN.training.alignment][INFO] - epoch 600  train loss=0.4625  (rule: diffusion)
[2026-06-02 19:43:18,770][src.modRNN.training.alignment][INFO] -   align BPTT @ epoch 601: cos {'ALIFCell_0.input_weights': '0.000', 'ALIFCell_0.recurrent_weights': '0.000', 'ReadOut_0.readout_weights': '0.000'}
[2026-06-02 19:43:19,758][src.modRNN.training.alignment][INFO] -   align eprop @ epoch 601: cos {'ALIFCell_0.input_weights': '0.710', 'ALIFCell_0.recurrent_weights': '0.823', 'ReadOut_0.readout_weights': '0.000'}
[2026-06-02 19:43:21,017][src.modRNN.training.alignment][INFO] -   align diffusion_aligned @ epoch 601: cos {'ALIFCell_0.input_weights': '0.640', 'ALIFCell_0.recurrent_weights': '0.907', 'ReadOut_0.readout_weights': '0.000'}
[2026-06-02 19:43:23,134][src.modRNN.training.alignment][INFO] -   align diffusion_per_step @ epoch 601: cos {'ALIFCell_0.input_weights': '0.693', 'ALIFCell_0.recurrent_weights': '0.896', 'ReadOut_0.readout_weights': '0.000'}
[2026-06-02 19:43:24,369][src.modRNN.training.alignment][INFO] -   align diffusion_fixed @ epoch 601: cos {'ALIFCell_0.input_weights': '0.806', 'ALIFCell_0.recurrent_weights': '1.054', 'ReadOut_0.readout_weights': '0.000'}
[2026-06-02 19:43:55,823][src.modRNN.training.alignment][INFO] - epoch 625  train loss=0.4410  (rule: diffusion)
[2026-06-02 19:44:28,631][src.modRNN.training.alignment][INFO] - epoch 650  train loss=0.4049  (rule: diffusion)
[2026-06-02 19:44:31,347][src.modRNN.training.alignment][INFO] -   align BPTT @ epoch 651: cos {'ALIFCell_0.input_weights': '0.000', 'ALIFCell_0.recurrent_weights': '0.000', 'ReadOut_0.readout_weights': '0.000'}
[2026-06-02 19:44:32,331][src.modRNN.training.alignment][INFO] -   align eprop @ epoch 651: cos {'ALIFCell_0.input_weights': '0.766', 'ALIFCell_0.recurrent_weights': '0.679', 'ReadOut_0.readout_weights': '0.000'}
[2026-06-02 19:44:33,587][src.modRNN.training.alignment][INFO] -   align diffusion_aligned @ epoch 651: cos {'ALIFCell_0.input_weights': '0.871', 'ALIFCell_0.recurrent_weights': '0.815', 'ReadOut_0.readout_weights': '0.000'}
[2026-06-02 19:44:35,702][src.modRNN.training.alignment][INFO] -   align diffusion_per_step @ epoch 651: cos {'ALIFCell_0.input_weights': '0.853', 'ALIFCell_0.recurrent_weights': '0.722', 'ReadOut_0.readout_weights': '0.000'}
[2026-06-02 19:44:36,936][src.modRNN.training.alignment][INFO] -   align diffusion_fixed @ epoch 651: cos {'ALIFCell_0.input_weights': '0.929', 'ALIFCell_0.recurrent_weights': '0.737', 'ReadOut_0.readout_weights': '0.000'}
[2026-06-02 19:45:08,319][src.modRNN.training.alignment][INFO] - epoch 675  train loss=0.3445  (rule: diffusion)
[2026-06-02 19:45:41,100][src.modRNN.training.alignment][INFO] - epoch 700  train loss=0.3166  (rule: diffusion)
[2026-06-02 19:45:43,804][src.modRNN.training.alignment][INFO] -   align BPTT @ epoch 701: cos {'ALIFCell_0.input_weights': '0.000', 'ALIFCell_0.recurrent_weights': '0.000', 'ReadOut_0.readout_weights': '0.000'}
[2026-06-02 19:45:44,789][src.modRNN.training.alignment][INFO] -   align eprop @ epoch 701: cos {'ALIFCell_0.input_weights': '0.536', 'ALIFCell_0.recurrent_weights': '0.818', 'ReadOut_0.readout_weights': '0.000'}
[2026-06-02 19:45:46,047][src.modRNN.training.alignment][INFO] -   align diffusion_aligned @ epoch 701: cos {'ALIFCell_0.input_weights': '0.542', 'ALIFCell_0.recurrent_weights': '0.787', 'ReadOut_0.readout_weights': '0.000'}
[2026-06-02 19:45:48,159][src.modRNN.training.alignment][INFO] -   align diffusion_per_step @ epoch 701: cos {'ALIFCell_0.input_weights': '0.543', 'ALIFCell_0.recurrent_weights': '0.826', 'ReadOut_0.readout_weights': '0.000'}
[2026-06-02 19:45:49,389][src.modRNN.training.alignment][INFO] -   align diffusion_fixed @ epoch 701: cos {'ALIFCell_0.input_weights': '0.603', 'ALIFCell_0.recurrent_weights': '0.883', 'ReadOut_0.readout_weights': '0.000'}
[2026-06-02 19:46:20,853][src.modRNN.training.alignment][INFO] - epoch 725  train loss=0.3878  (rule: diffusion)
[2026-06-02 19:46:53,576][src.modRNN.training.alignment][INFO] - epoch 750  train loss=0.5069  (rule: diffusion)
[2026-06-02 19:46:56,278][src.modRNN.training.alignment][INFO] -   align BPTT @ epoch 751: cos {'ALIFCell_0.input_weights': '0.000', 'ALIFCell_0.recurrent_weights': '0.000', 'ReadOut_0.readout_weights': '0.000'}
[2026-06-02 19:46:57,261][src.modRNN.training.alignment][INFO] -   align eprop @ epoch 751: cos {'ALIFCell_0.input_weights': '1.066', 'ALIFCell_0.recurrent_weights': '0.946', 'ReadOut_0.readout_weights': '0.000'}
[2026-06-02 19:46:58,514][src.modRNN.training.alignment][INFO] -   align diffusion_aligned @ epoch 751: cos {'ALIFCell_0.input_weights': '1.116', 'ALIFCell_0.recurrent_weights': '1.050', 'ReadOut_0.readout_weights': '0.000'}
[2026-06-02 19:47:00,626][src.modRNN.training.alignment][INFO] -   align diffusion_per_step @ epoch 751: cos {'ALIFCell_0.input_weights': '1.191', 'ALIFCell_0.recurrent_weights': '1.020', 'ReadOut_0.readout_weights': '0.000'}
[2026-06-02 19:47:01,856][src.modRNN.training.alignment][INFO] -   align diffusion_fixed @ epoch 751: cos {'ALIFCell_0.input_weights': '1.301', 'ALIFCell_0.recurrent_weights': '1.046', 'ReadOut_0.readout_weights': '0.000'}
[2026-06-02 19:47:33,379][src.modRNN.training.alignment][INFO] - epoch 775  train loss=0.4966  (rule: diffusion)
[2026-06-02 19:48:06,104][src.modRNN.training.alignment][INFO] - epoch 800  train loss=0.4804  (rule: diffusion)
[2026-06-02 19:48:08,816][src.modRNN.training.alignment][INFO] -   align BPTT @ epoch 801: cos {'ALIFCell_0.input_weights': '0.000', 'ALIFCell_0.recurrent_weights': '0.000', 'ReadOut_0.readout_weights': '0.000'}
[2026-06-02 19:48:09,800][src.modRNN.training.alignment][INFO] -   align eprop @ epoch 801: cos {'ALIFCell_0.input_weights': '1.063', 'ALIFCell_0.recurrent_weights': '1.201', 'ReadOut_0.readout_weights': '0.000'}
[2026-06-02 19:48:11,056][src.modRNN.training.alignment][INFO] -   align diffusion_aligned @ epoch 801: cos {'ALIFCell_0.input_weights': '0.988', 'ALIFCell_0.recurrent_weights': '1.105', 'ReadOut_0.readout_weights': '0.000'}
[2026-06-02 19:48:13,172][src.modRNN.training.alignment][INFO] -   align diffusion_per_step @ epoch 801: cos {'ALIFCell_0.input_weights': '1.002', 'ALIFCell_0.recurrent_weights': '1.091', 'ReadOut_0.readout_weights': '0.000'}
[2026-06-02 19:48:14,404][src.modRNN.training.alignment][INFO] -   align diffusion_fixed @ epoch 801: cos {'ALIFCell_0.input_weights': '1.061', 'ALIFCell_0.recurrent_weights': '1.187', 'ReadOut_0.readout_weights': '0.000'}
[2026-06-02 19:48:45,806][src.modRNN.training.alignment][INFO] - epoch 825  train loss=0.5276  (rule: diffusion)
[2026-06-02 19:49:18,508][src.modRNN.training.alignment][INFO] - epoch 850  train loss=0.3753  (rule: diffusion)
[2026-06-02 19:49:21,217][src.modRNN.training.alignment][INFO] -   align BPTT @ epoch 851: cos {'ALIFCell_0.input_weights': '0.000', 'ALIFCell_0.recurrent_weights': '0.000', 'ReadOut_0.readout_weights': '0.000'}
[2026-06-02 19:49:22,201][src.modRNN.training.alignment][INFO] -   align eprop @ epoch 851: cos {'ALIFCell_0.input_weights': '0.756', 'ALIFCell_0.recurrent_weights': '0.907', 'ReadOut_0.readout_weights': '0.000'}
[2026-06-02 19:49:23,457][src.modRNN.training.alignment][INFO] -   align diffusion_aligned @ epoch 851: cos {'ALIFCell_0.input_weights': '0.763', 'ALIFCell_0.recurrent_weights': '1.044', 'ReadOut_0.readout_weights': '0.000'}
[2026-06-02 19:49:25,572][src.modRNN.training.alignment][INFO] -   align diffusion_per_step @ epoch 851: cos {'ALIFCell_0.input_weights': '0.805', 'ALIFCell_0.recurrent_weights': '0.985', 'ReadOut_0.readout_weights': '0.000'}
[2026-06-02 19:49:26,806][src.modRNN.training.alignment][INFO] -   align diffusion_fixed @ epoch 851: cos {'ALIFCell_0.input_weights': '0.909', 'ALIFCell_0.recurrent_weights': '1.048', 'ReadOut_0.readout_weights': '0.000'}
[2026-06-02 19:49:58,143][src.modRNN.training.alignment][INFO] - epoch 875  train loss=0.3317  (rule: diffusion)
[2026-06-02 19:50:30,899][src.modRNN.training.alignment][INFO] - epoch 900  train loss=0.4464  (rule: diffusion)
[2026-06-02 19:50:33,603][src.modRNN.training.alignment][INFO] -   align BPTT @ epoch 901: cos {'ALIFCell_0.input_weights': '0.000', 'ALIFCell_0.recurrent_weights': '0.000', 'ReadOut_0.readout_weights': '0.000'}
[2026-06-02 19:50:34,585][src.modRNN.training.alignment][INFO] -   align eprop @ epoch 901: cos {'ALIFCell_0.input_weights': '0.817', 'ALIFCell_0.recurrent_weights': '0.742', 'ReadOut_0.readout_weights': '0.000'}
[2026-06-02 19:50:35,837][src.modRNN.training.alignment][INFO] -   align diffusion_aligned @ epoch 901: cos {'ALIFCell_0.input_weights': '0.808', 'ALIFCell_0.recurrent_weights': '0.782', 'ReadOut_0.readout_weights': '0.000'}
[2026-06-02 19:50:37,946][src.modRNN.training.alignment][INFO] -   align diffusion_per_step @ epoch 901: cos {'ALIFCell_0.input_weights': '0.870', 'ALIFCell_0.recurrent_weights': '0.766', 'ReadOut_0.readout_weights': '0.000'}
[2026-06-02 19:50:39,172][src.modRNN.training.alignment][INFO] -   align diffusion_fixed @ epoch 901: cos {'ALIFCell_0.input_weights': '0.966', 'ALIFCell_0.recurrent_weights': '0.808', 'ReadOut_0.readout_weights': '0.000'}
[2026-06-02 19:51:10,495][src.modRNN.training.alignment][INFO] - epoch 925  train loss=0.5608  (rule: diffusion)
[2026-06-02 19:51:43,220][src.modRNN.training.alignment][INFO] - epoch 950  train loss=0.5007  (rule: diffusion)
[2026-06-02 19:51:45,918][src.modRNN.training.alignment][INFO] -   align BPTT @ epoch 951: cos {'ALIFCell_0.input_weights': '0.000', 'ALIFCell_0.recurrent_weights': '0.000', 'ReadOut_0.readout_weights': '0.000'}
[2026-06-02 19:51:46,903][src.modRNN.training.alignment][INFO] -   align eprop @ epoch 951: cos {'ALIFCell_0.input_weights': '0.921', 'ALIFCell_0.recurrent_weights': '0.801', 'ReadOut_0.readout_weights': '0.000'}
[2026-06-02 19:51:48,158][src.modRNN.training.alignment][INFO] -   align diffusion_aligned @ epoch 951: cos {'ALIFCell_0.input_weights': '1.068', 'ALIFCell_0.recurrent_weights': '0.999', 'ReadOut_0.readout_weights': '0.000'}
[2026-06-02 19:51:50,271][src.modRNN.training.alignment][INFO] -   align diffusion_per_step @ epoch 951: cos {'ALIFCell_0.input_weights': '1.092', 'ALIFCell_0.recurrent_weights': '0.914', 'ReadOut_0.readout_weights': '0.000'}
[2026-06-02 19:51:51,501][src.modRNN.training.alignment][INFO] -   align diffusion_fixed @ epoch 951: cos {'ALIFCell_0.input_weights': '1.151', 'ALIFCell_0.recurrent_weights': '0.994', 'ReadOut_0.readout_weights': '0.000'}
[2026-06-02 19:52:22,961][src.modRNN.training.alignment][INFO] - epoch 975  train loss=0.3384  (rule: diffusion)
[2026-06-02 19:52:55,615][src.modRNN.training.alignment][INFO] - epoch 1000  train loss=0.3462  (rule: diffusion)
[2026-06-02 19:52:58,317][src.modRNN.training.alignment][INFO] -   align BPTT @ epoch 1001: cos {'ALIFCell_0.input_weights': '0.000', 'ALIFCell_0.recurrent_weights': '0.000', 'ReadOut_0.readout_weights': '0.000'}
[2026-06-02 19:52:59,299][src.modRNN.training.alignment][INFO] -   align eprop @ epoch 1001: cos {'ALIFCell_0.input_weights': '0.835', 'ALIFCell_0.recurrent_weights': '0.546', 'ReadOut_0.readout_weights': '0.000'}
[2026-06-02 19:53:00,555][src.modRNN.training.alignment][INFO] -   align diffusion_aligned @ epoch 1001: cos {'ALIFCell_0.input_weights': '0.866', 'ALIFCell_0.recurrent_weights': '0.828', 'ReadOut_0.readout_weights': '0.000'}
[2026-06-02 19:53:02,669][src.modRNN.training.alignment][INFO] -   align diffusion_per_step @ epoch 1001: cos {'ALIFCell_0.input_weights': '0.825', 'ALIFCell_0.recurrent_weights': '0.687', 'ReadOut_0.readout_weights': '0.000'}
[2026-06-02 19:53:03,903][src.modRNN.training.alignment][INFO] -   align diffusion_fixed @ epoch 1001: cos {'ALIFCell_0.input_weights': '0.815', 'ALIFCell_0.recurrent_weights': '0.747', 'ReadOut_0.readout_weights': '0.000'}
[2026-06-02 19:53:35,377][src.modRNN.training.alignment][INFO] - epoch 1025  train loss=0.3702  (rule: diffusion)
[2026-06-02 19:54:08,050][src.modRNN.training.alignment][INFO] - epoch 1050  train loss=0.3930  (rule: diffusion)
[2026-06-02 19:54:10,757][src.modRNN.training.alignment][INFO] -   align BPTT @ epoch 1051: cos {'ALIFCell_0.input_weights': '0.000', 'ALIFCell_0.recurrent_weights': '0.000', 'ReadOut_0.readout_weights': '0.000'}
[2026-06-02 19:54:11,745][src.modRNN.training.alignment][INFO] -   align eprop @ epoch 1051: cos {'ALIFCell_0.input_weights': '1.040', 'ALIFCell_0.recurrent_weights': '1.097', 'ReadOut_0.readout_weights': '0.000'}
[2026-06-02 19:54:13,003][src.modRNN.training.alignment][INFO] -   align diffusion_aligned @ epoch 1051: cos {'ALIFCell_0.input_weights': '1.058', 'ALIFCell_0.recurrent_weights': '1.091', 'ReadOut_0.readout_weights': '0.000'}
[2026-06-02 19:54:15,120][src.modRNN.training.alignment][INFO] -   align diffusion_per_step @ epoch 1051: cos {'ALIFCell_0.input_weights': '1.035', 'ALIFCell_0.recurrent_weights': '1.065', 'ReadOut_0.readout_weights': '0.000'}
[2026-06-02 19:54:16,353][src.modRNN.training.alignment][INFO] -   align diffusion_fixed @ epoch 1051: cos {'ALIFCell_0.input_weights': '1.074', 'ALIFCell_0.recurrent_weights': '1.071', 'ReadOut_0.readout_weights': '0.000'}
[2026-06-02 19:54:47,730][src.modRNN.training.alignment][INFO] - epoch 1075  train loss=0.3563  (rule: diffusion)
[2026-06-02 19:55:20,436][src.modRNN.training.alignment][INFO] - epoch 1100  train loss=0.3956  (rule: diffusion)
[2026-06-02 19:55:23,145][src.modRNN.training.alignment][INFO] -   align BPTT @ epoch 1101: cos {'ALIFCell_0.input_weights': '0.000', 'ALIFCell_0.recurrent_weights': '0.000', 'ReadOut_0.readout_weights': '0.000'}
[2026-06-02 19:55:24,133][src.modRNN.training.alignment][INFO] -   align eprop @ epoch 1101: cos {'ALIFCell_0.input_weights': '0.921', 'ALIFCell_0.recurrent_weights': '0.690', 'ReadOut_0.readout_weights': '0.000'}
[2026-06-02 19:55:25,391][src.modRNN.training.alignment][INFO] -   align diffusion_aligned @ epoch 1101: cos {'ALIFCell_0.input_weights': '1.272', 'ALIFCell_0.recurrent_weights': '1.128', 'ReadOut_0.readout_weights': '0.000'}
[2026-06-02 19:55:27,508][src.modRNN.training.alignment][INFO] -   align diffusion_per_step @ epoch 1101: cos {'ALIFCell_0.input_weights': '1.305', 'ALIFCell_0.recurrent_weights': '1.065', 'ReadOut_0.readout_weights': '0.000'}
[2026-06-02 19:55:28,743][src.modRNN.training.alignment][INFO] -   align diffusion_fixed @ epoch 1101: cos {'ALIFCell_0.input_weights': '1.329', 'ALIFCell_0.recurrent_weights': '1.075', 'ReadOut_0.readout_weights': '0.000'}
[2026-06-02 19:56:00,090][src.modRNN.training.alignment][INFO] - epoch 1125  train loss=0.3336  (rule: diffusion)
[2026-06-02 19:56:32,874][src.modRNN.training.alignment][INFO] - epoch 1150  train loss=0.4656  (rule: diffusion)
[2026-06-02 19:56:35,577][src.modRNN.training.alignment][INFO] -   align BPTT @ epoch 1151: cos {'ALIFCell_0.input_weights': '0.000', 'ALIFCell_0.recurrent_weights': '0.000', 'ReadOut_0.readout_weights': '0.000'}
[2026-06-02 19:56:36,560][src.modRNN.training.alignment][INFO] -   align eprop @ epoch 1151: cos {'ALIFCell_0.input_weights': '0.981', 'ALIFCell_0.recurrent_weights': '1.287', 'ReadOut_0.readout_weights': '0.000'}
[2026-06-02 19:56:37,813][src.modRNN.training.alignment][INFO] -   align diffusion_aligned @ epoch 1151: cos {'ALIFCell_0.input_weights': '1.007', 'ALIFCell_0.recurrent_weights': '1.228', 'ReadOut_0.readout_weights': '0.000'}
[2026-06-02 19:56:39,926][src.modRNN.training.alignment][INFO] -   align diffusion_per_step @ epoch 1151: cos {'ALIFCell_0.input_weights': '1.004', 'ALIFCell_0.recurrent_weights': '1.200', 'ReadOut_0.readout_weights': '0.000'}
[2026-06-02 19:56:41,156][src.modRNN.training.alignment][INFO] -   align diffusion_fixed @ epoch 1151: cos {'ALIFCell_0.input_weights': '1.056', 'ALIFCell_0.recurrent_weights': '1.306', 'ReadOut_0.readout_weights': '0.000'}
[2026-06-02 19:57:12,519][src.modRNN.training.alignment][INFO] - epoch 1175  train loss=0.3278  (rule: diffusion)
[2026-06-02 19:57:45,218][src.modRNN.training.alignment][INFO] - epoch 1200  train loss=0.2991  (rule: diffusion)
[2026-06-02 19:57:47,916][src.modRNN.training.alignment][INFO] -   align BPTT @ epoch 1201: cos {'ALIFCell_0.input_weights': '0.000', 'ALIFCell_0.recurrent_weights': '0.000', 'ReadOut_0.readout_weights': '0.000'}
[2026-06-02 19:57:48,898][src.modRNN.training.alignment][INFO] -   align eprop @ epoch 1201: cos {'ALIFCell_0.input_weights': '0.898', 'ALIFCell_0.recurrent_weights': '0.903', 'ReadOut_0.readout_weights': '0.000'}
[2026-06-02 19:57:50,151][src.modRNN.training.alignment][INFO] -   align diffusion_aligned @ epoch 1201: cos {'ALIFCell_0.input_weights': '1.044', 'ALIFCell_0.recurrent_weights': '1.046', 'ReadOut_0.readout_weights': '0.000'}
[2026-06-02 19:57:52,264][src.modRNN.training.alignment][INFO] -   align diffusion_per_step @ epoch 1201: cos {'ALIFCell_0.input_weights': '1.035', 'ALIFCell_0.recurrent_weights': '0.999', 'ReadOut_0.readout_weights': '0.000'}
[2026-06-02 19:57:53,492][src.modRNN.training.alignment][INFO] -   align diffusion_fixed @ epoch 1201: cos {'ALIFCell_0.input_weights': '1.031', 'ALIFCell_0.recurrent_weights': '0.980', 'ReadOut_0.readout_weights': '0.000'}
[2026-06-02 19:58:24,967][src.modRNN.training.alignment][INFO] - epoch 1225  train loss=0.4516  (rule: diffusion)
[2026-06-02 19:58:57,629][src.modRNN.training.alignment][INFO] - epoch 1250  train loss=0.3397  (rule: diffusion)
[2026-06-02 19:59:00,328][src.modRNN.training.alignment][INFO] -   align BPTT @ epoch 1251: cos {'ALIFCell_0.input_weights': '0.000', 'ALIFCell_0.recurrent_weights': '0.000', 'ReadOut_0.readout_weights': '0.000'}
[2026-06-02 19:59:01,310][src.modRNN.training.alignment][INFO] -   align eprop @ epoch 1251: cos {'ALIFCell_0.input_weights': '1.280', 'ALIFCell_0.recurrent_weights': '0.630', 'ReadOut_0.readout_weights': '0.000'}
[2026-06-02 19:59:02,571][src.modRNN.training.alignment][INFO] -   align diffusion_aligned @ epoch 1251: cos {'ALIFCell_0.input_weights': '1.392', 'ALIFCell_0.recurrent_weights': '0.939', 'ReadOut_0.readout_weights': '0.000'}
[2026-06-02 19:59:04,686][src.modRNN.training.alignment][INFO] -   align diffusion_per_step @ epoch 1251: cos {'ALIFCell_0.input_weights': '1.466', 'ALIFCell_0.recurrent_weights': '0.816', 'ReadOut_0.readout_weights': '0.000'}
[2026-06-02 19:59:05,919][src.modRNN.training.alignment][INFO] -   align diffusion_fixed @ epoch 1251: cos {'ALIFCell_0.input_weights': '1.542', 'ALIFCell_0.recurrent_weights': '0.823', 'ReadOut_0.readout_weights': '0.000'}
[2026-06-02 19:59:37,442][src.modRNN.training.alignment][INFO] - epoch 1275  train loss=0.3330  (rule: diffusion)
[2026-06-02 20:00:10,171][src.modRNN.training.alignment][INFO] - epoch 1300  train loss=0.3407  (rule: diffusion)
[2026-06-02 20:00:12,882][src.modRNN.training.alignment][INFO] -   align BPTT @ epoch 1301: cos {'ALIFCell_0.input_weights': '0.000', 'ALIFCell_0.recurrent_weights': '0.000', 'ReadOut_0.readout_weights': '0.000'}
[2026-06-02 20:00:13,869][src.modRNN.training.alignment][INFO] -   align eprop @ epoch 1301: cos {'ALIFCell_0.input_weights': '0.912', 'ALIFCell_0.recurrent_weights': '0.849', 'ReadOut_0.readout_weights': '0.000'}
[2026-06-02 20:00:15,125][src.modRNN.training.alignment][INFO] -   align diffusion_aligned @ epoch 1301: cos {'ALIFCell_0.input_weights': '1.070', 'ALIFCell_0.recurrent_weights': '1.074', 'ReadOut_0.readout_weights': '0.000'}
[2026-06-02 20:00:17,252][src.modRNN.training.alignment][INFO] -   align diffusion_per_step @ epoch 1301: cos {'ALIFCell_0.input_weights': '1.090', 'ALIFCell_0.recurrent_weights': '0.975', 'ReadOut_0.readout_weights': '0.000'}
[2026-06-02 20:00:18,484][src.modRNN.training.alignment][INFO] -   align diffusion_fixed @ epoch 1301: cos {'ALIFCell_0.input_weights': '1.145', 'ALIFCell_0.recurrent_weights': '1.013', 'ReadOut_0.readout_weights': '0.000'}
[2026-06-02 20:00:49,890][src.modRNN.training.alignment][INFO] - epoch 1325  train loss=0.3775  (rule: diffusion)
[2026-06-02 20:01:22,637][src.modRNN.training.alignment][INFO] - epoch 1350  train loss=0.3988  (rule: diffusion)
[2026-06-02 20:01:25,349][src.modRNN.training.alignment][INFO] -   align BPTT @ epoch 1351: cos {'ALIFCell_0.input_weights': '0.000', 'ALIFCell_0.recurrent_weights': '0.000', 'ReadOut_0.readout_weights': '0.000'}
[2026-06-02 20:01:26,338][src.modRNN.training.alignment][INFO] -   align eprop @ epoch 1351: cos {'ALIFCell_0.input_weights': '1.401', 'ALIFCell_0.recurrent_weights': '1.256', 'ReadOut_0.readout_weights': '0.000'}
[2026-06-02 20:01:27,600][src.modRNN.training.alignment][INFO] -   align diffusion_aligned @ epoch 1351: cos {'ALIFCell_0.input_weights': '1.412', 'ALIFCell_0.recurrent_weights': '1.373', 'ReadOut_0.readout_weights': '0.000'}
[2026-06-02 20:01:29,718][src.modRNN.training.alignment][INFO] -   align diffusion_per_step @ epoch 1351: cos {'ALIFCell_0.input_weights': '1.450', 'ALIFCell_0.recurrent_weights': '1.332', 'ReadOut_0.readout_weights': '0.000'}
[2026-06-02 20:01:30,954][src.modRNN.training.alignment][INFO] -   align diffusion_fixed @ epoch 1351: cos {'ALIFCell_0.input_weights': '1.474', 'ALIFCell_0.recurrent_weights': '1.355', 'ReadOut_0.readout_weights': '0.000'}
[2026-06-02 20:02:02,317][src.modRNN.training.alignment][INFO] - epoch 1375  train loss=0.2783  (rule: diffusion)
[2026-06-02 20:02:35,064][src.modRNN.training.alignment][INFO] - epoch 1400  train loss=0.3542  (rule: diffusion)
[2026-06-02 20:02:37,768][src.modRNN.training.alignment][INFO] -   align BPTT @ epoch 1401: cos {'ALIFCell_0.input_weights': '0.000', 'ALIFCell_0.recurrent_weights': '0.000', 'ReadOut_0.readout_weights': '0.000'}
[2026-06-02 20:02:38,750][src.modRNN.training.alignment][INFO] -   align eprop @ epoch 1401: cos {'ALIFCell_0.input_weights': '1.550', 'ALIFCell_0.recurrent_weights': '1.480', 'ReadOut_0.readout_weights': '0.000'}
[2026-06-02 20:02:40,007][src.modRNN.training.alignment][INFO] -   align diffusion_aligned @ epoch 1401: cos {'ALIFCell_0.input_weights': '1.554', 'ALIFCell_0.recurrent_weights': '1.445', 'ReadOut_0.readout_weights': '0.000'}
[2026-06-02 20:02:42,118][src.modRNN.training.alignment][INFO] -   align diffusion_per_step @ epoch 1401: cos {'ALIFCell_0.input_weights': '1.553', 'ALIFCell_0.recurrent_weights': '1.430', 'ReadOut_0.readout_weights': '0.000'}
[2026-06-02 20:02:43,350][src.modRNN.training.alignment][INFO] -   align diffusion_fixed @ epoch 1401: cos {'ALIFCell_0.input_weights': '1.561', 'ALIFCell_0.recurrent_weights': '1.433', 'ReadOut_0.readout_weights': '0.000'}
[2026-06-02 20:03:14,701][src.modRNN.training.alignment][INFO] - epoch 1425  train loss=0.4702  (rule: diffusion)
[2026-06-02 20:03:47,375][src.modRNN.training.alignment][INFO] - epoch 1450  train loss=0.2646  (rule: diffusion)
[2026-06-02 20:03:50,077][src.modRNN.training.alignment][INFO] -   align BPTT @ epoch 1451: cos {'ALIFCell_0.input_weights': '0.000', 'ALIFCell_0.recurrent_weights': '0.000', 'ReadOut_0.readout_weights': '0.000'}
[2026-06-02 20:03:51,060][src.modRNN.training.alignment][INFO] -   align eprop @ epoch 1451: cos {'ALIFCell_0.input_weights': '0.938', 'ALIFCell_0.recurrent_weights': '0.488', 'ReadOut_0.readout_weights': '0.000'}
[2026-06-02 20:03:52,315][src.modRNN.training.alignment][INFO] -   align diffusion_aligned @ epoch 1451: cos {'ALIFCell_0.input_weights': '0.932', 'ALIFCell_0.recurrent_weights': '0.959', 'ReadOut_0.readout_weights': '0.000'}
[2026-06-02 20:03:54,428][src.modRNN.training.alignment][INFO] -   align diffusion_per_step @ epoch 1451: cos {'ALIFCell_0.input_weights': '0.988', 'ALIFCell_0.recurrent_weights': '0.822', 'ReadOut_0.readout_weights': '0.000'}
[2026-06-02 20:03:55,657][src.modRNN.training.alignment][INFO] -   align diffusion_fixed @ epoch 1451: cos {'ALIFCell_0.input_weights': '1.170', 'ALIFCell_0.recurrent_weights': '0.957', 'ReadOut_0.readout_weights': '0.000'}
[2026-06-02 20:04:27,115][src.modRNN.training.alignment][INFO] - epoch 1475  train loss=0.2619  (rule: diffusion)
[2026-06-02 20:04:59,760][src.modRNN.training.alignment][INFO] - epoch 1500  train loss=0.2885  (rule: diffusion)
[2026-06-02 20:05:02,465][src.modRNN.training.alignment][INFO] -   align BPTT @ epoch 1501: cos {'ALIFCell_0.input_weights': '0.000', 'ALIFCell_0.recurrent_weights': '0.000', 'ReadOut_0.readout_weights': '0.000'}
[2026-06-02 20:05:03,452][src.modRNN.training.alignment][INFO] -   align eprop @ epoch 1501: cos {'ALIFCell_0.input_weights': '1.127', 'ALIFCell_0.recurrent_weights': '0.817', 'ReadOut_0.readout_weights': '0.000'}
[2026-06-02 20:05:04,711][src.modRNN.training.alignment][INFO] -   align diffusion_aligned @ epoch 1501: cos {'ALIFCell_0.input_weights': '0.973', 'ALIFCell_0.recurrent_weights': '0.800', 'ReadOut_0.readout_weights': '0.000'}
[2026-06-02 20:05:06,828][src.modRNN.training.alignment][INFO] -   align diffusion_per_step @ epoch 1501: cos {'ALIFCell_0.input_weights': '1.102', 'ALIFCell_0.recurrent_weights': '0.789', 'ReadOut_0.readout_weights': '0.000'}
[2026-06-02 20:05:08,061][src.modRNN.training.alignment][INFO] -   align diffusion_fixed @ epoch 1501: cos {'ALIFCell_0.input_weights': '1.290', 'ALIFCell_0.recurrent_weights': '0.961', 'ReadOut_0.readout_weights': '0.000'}
[2026-06-02 20:05:39,504][src.modRNN.training.alignment][INFO] - epoch 1525  train loss=0.2683  (rule: diffusion)
[2026-06-02 20:06:12,195][src.modRNN.training.alignment][INFO] - epoch 1550  train loss=0.3322  (rule: diffusion)
[2026-06-02 20:06:14,909][src.modRNN.training.alignment][INFO] -   align BPTT @ epoch 1551: cos {'ALIFCell_0.input_weights': '0.000', 'ALIFCell_0.recurrent_weights': '0.000', 'ReadOut_0.readout_weights': '0.000'}
[2026-06-02 20:06:15,903][src.modRNN.training.alignment][INFO] -   align eprop @ epoch 1551: cos {'ALIFCell_0.input_weights': '0.966', 'ALIFCell_0.recurrent_weights': '0.687', 'ReadOut_0.readout_weights': '0.000'}
[2026-06-02 20:06:17,160][src.modRNN.training.alignment][INFO] -   align diffusion_aligned @ epoch 1551: cos {'ALIFCell_0.input_weights': '0.836', 'ALIFCell_0.recurrent_weights': '1.034', 'ReadOut_0.readout_weights': '0.000'}
[2026-06-02 20:06:19,277][src.modRNN.training.alignment][INFO] -   align diffusion_per_step @ epoch 1551: cos {'ALIFCell_0.input_weights': '0.857', 'ALIFCell_0.recurrent_weights': '0.966', 'ReadOut_0.readout_weights': '0.000'}
[2026-06-02 20:06:20,512][src.modRNN.training.alignment][INFO] -   align diffusion_fixed @ epoch 1551: cos {'ALIFCell_0.input_weights': '0.945', 'ALIFCell_0.recurrent_weights': '1.046', 'ReadOut_0.readout_weights': '0.000'}
[2026-06-02 20:06:51,884][src.modRNN.training.alignment][INFO] - epoch 1575  train loss=0.3415  (rule: diffusion)
[2026-06-02 20:07:24,601][src.modRNN.training.alignment][INFO] - epoch 1600  train loss=0.3453  (rule: diffusion)
[2026-06-02 20:07:27,311][src.modRNN.training.alignment][INFO] -   align BPTT @ epoch 1601: cos {'ALIFCell_0.input_weights': '0.000', 'ALIFCell_0.recurrent_weights': '0.000', 'ReadOut_0.readout_weights': '0.000'}
[2026-06-02 20:07:28,300][src.modRNN.training.alignment][INFO] -   align eprop @ epoch 1601: cos {'ALIFCell_0.input_weights': '1.183', 'ALIFCell_0.recurrent_weights': '0.906', 'ReadOut_0.readout_weights': '0.000'}
[2026-06-02 20:07:29,556][src.modRNN.training.alignment][INFO] -   align diffusion_aligned @ epoch 1601: cos {'ALIFCell_0.input_weights': '1.068', 'ALIFCell_0.recurrent_weights': '0.983', 'ReadOut_0.readout_weights': '0.000'}
[2026-06-02 20:07:31,672][src.modRNN.training.alignment][INFO] -   align diffusion_per_step @ epoch 1601: cos {'ALIFCell_0.input_weights': '1.096', 'ALIFCell_0.recurrent_weights': '0.936', 'ReadOut_0.readout_weights': '0.000'}
[2026-06-02 20:07:32,900][src.modRNN.training.alignment][INFO] -   align diffusion_fixed @ epoch 1601: cos {'ALIFCell_0.input_weights': '1.139', 'ALIFCell_0.recurrent_weights': '0.943', 'ReadOut_0.readout_weights': '0.000'}
[2026-06-02 20:08:04,230][src.modRNN.training.alignment][INFO] - epoch 1625  train loss=0.3129  (rule: diffusion)
[2026-06-02 20:08:36,972][src.modRNN.training.alignment][INFO] - epoch 1650  train loss=0.3421  (rule: diffusion)
[2026-06-02 20:08:39,675][src.modRNN.training.alignment][INFO] -   align BPTT @ epoch 1651: cos {'ALIFCell_0.input_weights': '0.000', 'ALIFCell_0.recurrent_weights': '0.000', 'ReadOut_0.readout_weights': '0.000'}
[2026-06-02 20:08:40,656][src.modRNN.training.alignment][INFO] -   align eprop @ epoch 1651: cos {'ALIFCell_0.input_weights': '1.192', 'ALIFCell_0.recurrent_weights': '1.243', 'ReadOut_0.readout_weights': '0.000'}
[2026-06-02 20:08:41,908][src.modRNN.training.alignment][INFO] -   align diffusion_aligned @ epoch 1651: cos {'ALIFCell_0.input_weights': '1.167', 'ALIFCell_0.recurrent_weights': '1.243', 'ReadOut_0.readout_weights': '0.000'}
[2026-06-02 20:08:44,022][src.modRNN.training.alignment][INFO] -   align diffusion_per_step @ epoch 1651: cos {'ALIFCell_0.input_weights': '1.200', 'ALIFCell_0.recurrent_weights': '1.228', 'ReadOut_0.readout_weights': '0.000'}
[2026-06-02 20:08:45,251][src.modRNN.training.alignment][INFO] -   align diffusion_fixed @ epoch 1651: cos {'ALIFCell_0.input_weights': '1.261', 'ALIFCell_0.recurrent_weights': '1.263', 'ReadOut_0.readout_weights': '0.000'}
[2026-06-02 20:09:16,634][src.modRNN.training.alignment][INFO] - epoch 1675  train loss=0.1751  (rule: diffusion)
[2026-06-02 20:09:49,380][src.modRNN.training.alignment][INFO] - epoch 1700  train loss=0.2214  (rule: diffusion)
[2026-06-02 20:09:52,078][src.modRNN.training.alignment][INFO] -   align BPTT @ epoch 1701: cos {'ALIFCell_0.input_weights': '0.000', 'ALIFCell_0.recurrent_weights': '0.000', 'ReadOut_0.readout_weights': '0.000'}
[2026-06-02 20:09:53,068][src.modRNN.training.alignment][INFO] -   align eprop @ epoch 1701: cos {'ALIFCell_0.input_weights': '1.014', 'ALIFCell_0.recurrent_weights': '0.743', 'ReadOut_0.readout_weights': '0.000'}
[2026-06-02 20:09:54,321][src.modRNN.training.alignment][INFO] -   align diffusion_aligned @ epoch 1701: cos {'ALIFCell_0.input_weights': '1.096', 'ALIFCell_0.recurrent_weights': '1.108', 'ReadOut_0.readout_weights': '0.000'}
[2026-06-02 20:09:56,435][src.modRNN.training.alignment][INFO] -   align diffusion_per_step @ epoch 1701: cos {'ALIFCell_0.input_weights': '1.218', 'ALIFCell_0.recurrent_weights': '1.005', 'ReadOut_0.readout_weights': '0.000'}
[2026-06-02 20:09:57,665][src.modRNN.training.alignment][INFO] -   align diffusion_fixed @ epoch 1701: cos {'ALIFCell_0.input_weights': '1.345', 'ALIFCell_0.recurrent_weights': '1.055', 'ReadOut_0.readout_weights': '0.000'}
[2026-06-02 20:10:29,157][src.modRNN.training.alignment][INFO] - epoch 1725  train loss=0.2709  (rule: diffusion)
[2026-06-02 20:11:01,772][src.modRNN.training.alignment][INFO] - epoch 1750  train loss=0.4453  (rule: diffusion)
[2026-06-02 20:11:04,485][src.modRNN.training.alignment][INFO] -   align BPTT @ epoch 1751: cos {'ALIFCell_0.input_weights': '0.000', 'ALIFCell_0.recurrent_weights': '0.000', 'ReadOut_0.readout_weights': '0.000'}
[2026-06-02 20:11:05,472][src.modRNN.training.alignment][INFO] -   align eprop @ epoch 1751: cos {'ALIFCell_0.input_weights': '0.941', 'ALIFCell_0.recurrent_weights': '0.584', 'ReadOut_0.readout_weights': '0.000'}
[2026-06-02 20:11:06,731][src.modRNN.training.alignment][INFO] -   align diffusion_aligned @ epoch 1751: cos {'ALIFCell_0.input_weights': '0.873', 'ALIFCell_0.recurrent_weights': '1.036', 'ReadOut_0.readout_weights': '0.000'}
[2026-06-02 20:11:08,846][src.modRNN.training.alignment][INFO] -   align diffusion_per_step @ epoch 1751: cos {'ALIFCell_0.input_weights': '0.887', 'ALIFCell_0.recurrent_weights': '0.851', 'ReadOut_0.readout_weights': '0.000'}
[2026-06-02 20:11:10,079][src.modRNN.training.alignment][INFO] -   align diffusion_fixed @ epoch 1751: cos {'ALIFCell_0.input_weights': '0.920', 'ALIFCell_0.recurrent_weights': '0.888', 'ReadOut_0.readout_weights': '0.000'}
[2026-06-02 20:11:41,507][src.modRNN.training.alignment][INFO] - epoch 1775  train loss=0.4174  (rule: diffusion)
[2026-06-02 20:12:14,167][src.modRNN.training.alignment][INFO] - epoch 1800  train loss=0.3462  (rule: diffusion)
[2026-06-02 20:12:16,879][src.modRNN.training.alignment][INFO] -   align BPTT @ epoch 1801: cos {'ALIFCell_0.input_weights': '0.000', 'ALIFCell_0.recurrent_weights': '0.000', 'ReadOut_0.readout_weights': '0.000'}
[2026-06-02 20:12:17,869][src.modRNN.training.alignment][INFO] -   align eprop @ epoch 1801: cos {'ALIFCell_0.input_weights': '0.962', 'ALIFCell_0.recurrent_weights': '0.935', 'ReadOut_0.readout_weights': '0.000'}
[2026-06-02 20:12:19,127][src.modRNN.training.alignment][INFO] -   align diffusion_aligned @ epoch 1801: cos {'ALIFCell_0.input_weights': '1.042', 'ALIFCell_0.recurrent_weights': '1.137', 'ReadOut_0.readout_weights': '0.000'}
[2026-06-02 20:12:21,242][src.modRNN.training.alignment][INFO] -   align diffusion_per_step @ epoch 1801: cos {'ALIFCell_0.input_weights': '1.041', 'ALIFCell_0.recurrent_weights': '1.078', 'ReadOut_0.readout_weights': '0.000'}
[2026-06-02 20:12:22,474][src.modRNN.training.alignment][INFO] -   align diffusion_fixed @ epoch 1801: cos {'ALIFCell_0.input_weights': '1.195', 'ALIFCell_0.recurrent_weights': '1.126', 'ReadOut_0.readout_weights': '0.000'}
[2026-06-02 20:12:53,804][src.modRNN.training.alignment][INFO] - epoch 1825  train loss=0.1692  (rule: diffusion)
[2026-06-02 20:13:26,580][src.modRNN.training.alignment][INFO] - epoch 1850  train loss=0.1989  (rule: diffusion)
[2026-06-02 20:13:29,291][src.modRNN.training.alignment][INFO] -   align BPTT @ epoch 1851: cos {'ALIFCell_0.input_weights': '0.000', 'ALIFCell_0.recurrent_weights': '0.000', 'ReadOut_0.readout_weights': '0.000'}
[2026-06-02 20:13:30,280][src.modRNN.training.alignment][INFO] -   align eprop @ epoch 1851: cos {'ALIFCell_0.input_weights': '0.976', 'ALIFCell_0.recurrent_weights': '0.727', 'ReadOut_0.readout_weights': '0.000'}
[2026-06-02 20:13:31,538][src.modRNN.training.alignment][INFO] -   align diffusion_aligned @ epoch 1851: cos {'ALIFCell_0.input_weights': '1.078', 'ALIFCell_0.recurrent_weights': '1.082', 'ReadOut_0.readout_weights': '0.000'}
[2026-06-02 20:13:33,661][src.modRNN.training.alignment][INFO] -   align diffusion_per_step @ epoch 1851: cos {'ALIFCell_0.input_weights': '1.135', 'ALIFCell_0.recurrent_weights': '0.965', 'ReadOut_0.readout_weights': '0.000'}
[2026-06-02 20:13:34,892][src.modRNN.training.alignment][INFO] -   align diffusion_fixed @ epoch 1851: cos {'ALIFCell_0.input_weights': '1.186', 'ALIFCell_0.recurrent_weights': '1.061', 'ReadOut_0.readout_weights': '0.000'}
[2026-06-02 20:14:06,273][src.modRNN.training.alignment][INFO] - epoch 1875  train loss=0.2531  (rule: diffusion)
[2026-06-02 20:14:39,025][src.modRNN.training.alignment][INFO] - epoch 1900  train loss=0.3942  (rule: diffusion)
[2026-06-02 20:14:41,730][src.modRNN.training.alignment][INFO] -   align BPTT @ epoch 1901: cos {'ALIFCell_0.input_weights': '0.000', 'ALIFCell_0.recurrent_weights': '0.000', 'ReadOut_0.readout_weights': '0.000'}
[2026-06-02 20:14:42,714][src.modRNN.training.alignment][INFO] -   align eprop @ epoch 1901: cos {'ALIFCell_0.input_weights': '1.163', 'ALIFCell_0.recurrent_weights': '0.721', 'ReadOut_0.readout_weights': '0.000'}
[2026-06-02 20:14:43,968][src.modRNN.training.alignment][INFO] -   align diffusion_aligned @ epoch 1901: cos {'ALIFCell_0.input_weights': '1.076', 'ALIFCell_0.recurrent_weights': '1.032', 'ReadOut_0.readout_weights': '0.000'}
[2026-06-02 20:14:46,080][src.modRNN.training.alignment][INFO] -   align diffusion_per_step @ epoch 1901: cos {'ALIFCell_0.input_weights': '1.193', 'ALIFCell_0.recurrent_weights': '0.915', 'ReadOut_0.readout_weights': '0.000'}
[2026-06-02 20:14:47,309][src.modRNN.training.alignment][INFO] -   align diffusion_fixed @ epoch 1901: cos {'ALIFCell_0.input_weights': '1.381', 'ALIFCell_0.recurrent_weights': '1.040', 'ReadOut_0.readout_weights': '0.000'}
[2026-06-02 20:15:18,705][src.modRNN.training.alignment][INFO] - epoch 1925  train loss=0.2979  (rule: diffusion)
[2026-06-02 20:15:51,452][src.modRNN.training.alignment][INFO] - epoch 1950  train loss=0.3164  (rule: diffusion)
[2026-06-02 20:15:54,166][src.modRNN.training.alignment][INFO] -   align BPTT @ epoch 1951: cos {'ALIFCell_0.input_weights': '0.000', 'ALIFCell_0.recurrent_weights': '0.000', 'ReadOut_0.readout_weights': '0.000'}
[2026-06-02 20:15:55,153][src.modRNN.training.alignment][INFO] -   align eprop @ epoch 1951: cos {'ALIFCell_0.input_weights': '1.085', 'ALIFCell_0.recurrent_weights': '0.487', 'ReadOut_0.readout_weights': '0.000'}
[2026-06-02 20:15:56,413][src.modRNN.training.alignment][INFO] -   align diffusion_aligned @ epoch 1951: cos {'ALIFCell_0.input_weights': '1.132', 'ALIFCell_0.recurrent_weights': '0.989', 'ReadOut_0.readout_weights': '0.000'}
[2026-06-02 20:15:58,537][src.modRNN.training.alignment][INFO] -   align diffusion_per_step @ epoch 1951: cos {'ALIFCell_0.input_weights': '1.255', 'ALIFCell_0.recurrent_weights': '0.778', 'ReadOut_0.readout_weights': '0.000'}
[2026-06-02 20:15:59,772][src.modRNN.training.alignment][INFO] -   align diffusion_fixed @ epoch 1951: cos {'ALIFCell_0.input_weights': '1.349', 'ALIFCell_0.recurrent_weights': '0.866', 'ReadOut_0.readout_weights': '0.000'}
[2026-06-02 20:16:31,410][src.modRNN.training.alignment][INFO] - epoch 1975  train loss=0.2813  (rule: diffusion)
[2026-06-02 20:17:04,194][src.modRNN.training.alignment][INFO] - epoch 2000  train loss=0.2233  (rule: diffusion)
[2026-06-02 20:17:06,919][src.modRNN.training.alignment][INFO] -   align BPTT @ epoch 2001: cos {'ALIFCell_0.input_weights': '0.000', 'ALIFCell_0.recurrent_weights': '0.000', 'ReadOut_0.readout_weights': '0.000'}
[2026-06-02 20:17:07,912][src.modRNN.training.alignment][INFO] -   align eprop @ epoch 2001: cos {'ALIFCell_0.input_weights': '1.124', 'ALIFCell_0.recurrent_weights': '1.161', 'ReadOut_0.readout_weights': '0.000'}
[2026-06-02 20:17:09,177][src.modRNN.training.alignment][INFO] -   align diffusion_aligned @ epoch 2001: cos {'ALIFCell_0.input_weights': '1.089', 'ALIFCell_0.recurrent_weights': '1.097', 'ReadOut_0.readout_weights': '0.000'}
[2026-06-02 20:17:11,308][src.modRNN.training.alignment][INFO] -   align diffusion_per_step @ epoch 2001: cos {'ALIFCell_0.input_weights': '1.151', 'ALIFCell_0.recurrent_weights': '1.028', 'ReadOut_0.readout_weights': '0.000'}
[2026-06-02 20:17:12,549][src.modRNN.training.alignment][INFO] -   align diffusion_fixed @ epoch 2001: cos {'ALIFCell_0.input_weights': '1.334', 'ALIFCell_0.recurrent_weights': '1.125', 'ReadOut_0.readout_weights': '0.000'}
[2026-06-02 20:17:12,586][src.modRNN.training.alignment][INFO] - Alignment experiment finished. Output dir: /mnt/lustre/work/martius/mot736/neuromodRNN/outputs/cue_accumulation/align_nn_connectivity_diffusion_aligned/seed_642757423
