[2026-06-02 18:05:07,122][jax._src.xla_bridge][INFO] - Unable to initialize backend 'rocm': module 'jaxlib.xla_extension' has no attribute 'GpuAllocatorConfig'
[2026-06-02 18:05:07,124][jax._src.xla_bridge][INFO] - Unable to initialize backend 'tpu': INTERNAL: Failed to open libtpu.so: libtpu.so: cannot open shared object file: No such file or directory
[2026-06-02 18:05:14,105][src.modRNN.training.alignment][INFO] - Starting alignment experiment: training with diffusion, measuring alignment of ['BPTT', 'eprop', 'diffusion_aligned', 'diffusion_per_step', 'diffusion_fixed'] every 50 epochs.
[2026-06-02 18:05:17,446][src.modRNN.training.alignment][INFO] - epoch 1  train loss=0.6932  (rule: diffusion)
[2026-06-02 18:05:19,273][src.modRNN.training.alignment][INFO] -   align BPTT @ epoch 1: cos {'ALIFCell_0.input_weights': '0.000', 'ALIFCell_0.recurrent_weights': '0.000', 'ReadOut_0.readout_weights': '0.000'}
[2026-06-02 18:05:20,669][src.modRNN.training.alignment][INFO] -   align eprop @ epoch 1: cos {'ALIFCell_0.input_weights': '0.238', 'ALIFCell_0.recurrent_weights': '0.098', 'ReadOut_0.readout_weights': '0.000'}
[2026-06-02 18:05:22,178][src.modRNN.training.alignment][INFO] -   align diffusion_aligned @ epoch 1: cos {'ALIFCell_0.input_weights': '0.798', 'ALIFCell_0.recurrent_weights': '0.555', 'ReadOut_0.readout_weights': '0.000'}
[2026-06-02 18:05:25,555][src.modRNN.training.alignment][INFO] -   align diffusion_per_step @ epoch 1: cos {'ALIFCell_0.input_weights': '0.341', 'ALIFCell_0.recurrent_weights': '0.179', 'ReadOut_0.readout_weights': '0.000'}
[2026-06-02 18:05:27,164][src.modRNN.training.alignment][INFO] -   align diffusion_fixed @ epoch 1: cos {'ALIFCell_0.input_weights': '0.660', 'ALIFCell_0.recurrent_weights': '0.535', 'ReadOut_0.readout_weights': '0.000'}
[2026-06-02 18:05:44,204][src.modRNN.training.alignment][INFO] - epoch 25  train loss=0.6931  (rule: diffusion)
[2026-06-02 18:06:01,974][src.modRNN.training.alignment][INFO] - epoch 50  train loss=0.6932  (rule: diffusion)
[2026-06-02 18:06:03,423][src.modRNN.training.alignment][INFO] -   align BPTT @ epoch 51: cos {'ALIFCell_0.input_weights': '0.000', 'ALIFCell_0.recurrent_weights': '0.000', 'ReadOut_0.readout_weights': '0.000'}
[2026-06-02 18:06:03,966][src.modRNN.training.alignment][INFO] -   align eprop @ epoch 51: cos {'ALIFCell_0.input_weights': '0.834', 'ALIFCell_0.recurrent_weights': '0.349', 'ReadOut_0.readout_weights': '0.000'}
[2026-06-02 18:06:04,641][src.modRNN.training.alignment][INFO] -   align diffusion_aligned @ epoch 51: cos {'ALIFCell_0.input_weights': '0.727', 'ALIFCell_0.recurrent_weights': '0.437', 'ReadOut_0.readout_weights': '0.000'}
[2026-06-02 18:06:05,791][src.modRNN.training.alignment][INFO] -   align diffusion_per_step @ epoch 51: cos {'ALIFCell_0.input_weights': '0.916', 'ALIFCell_0.recurrent_weights': '0.394', 'ReadOut_0.readout_weights': '0.000'}
[2026-06-02 18:06:06,451][src.modRNN.training.alignment][INFO] -   align diffusion_fixed @ epoch 51: cos {'ALIFCell_0.input_weights': '0.970', 'ALIFCell_0.recurrent_weights': '0.520', 'ReadOut_0.readout_weights': '0.000'}
[2026-06-02 18:06:23,547][src.modRNN.training.alignment][INFO] - epoch 75  train loss=0.6932  (rule: diffusion)
[2026-06-02 18:06:41,344][src.modRNN.training.alignment][INFO] - epoch 100  train loss=0.6932  (rule: diffusion)
[2026-06-02 18:06:42,792][src.modRNN.training.alignment][INFO] -   align BPTT @ epoch 101: cos {'ALIFCell_0.input_weights': '0.000', 'ALIFCell_0.recurrent_weights': '0.000', 'ReadOut_0.readout_weights': '0.000'}
[2026-06-02 18:06:43,336][src.modRNN.training.alignment][INFO] -   align eprop @ epoch 101: cos {'ALIFCell_0.input_weights': '1.286', 'ALIFCell_0.recurrent_weights': '0.972', 'ReadOut_0.readout_weights': '0.000'}
[2026-06-02 18:06:44,006][src.modRNN.training.alignment][INFO] -   align diffusion_aligned @ epoch 101: cos {'ALIFCell_0.input_weights': '1.211', 'ALIFCell_0.recurrent_weights': '1.049', 'ReadOut_0.readout_weights': '0.000'}
[2026-06-02 18:06:45,150][src.modRNN.training.alignment][INFO] -   align diffusion_per_step @ epoch 101: cos {'ALIFCell_0.input_weights': '1.319', 'ALIFCell_0.recurrent_weights': '0.973', 'ReadOut_0.readout_weights': '0.000'}
[2026-06-02 18:06:45,807][src.modRNN.training.alignment][INFO] -   align diffusion_fixed @ epoch 101: cos {'ALIFCell_0.input_weights': '1.352', 'ALIFCell_0.recurrent_weights': '1.054', 'ReadOut_0.readout_weights': '0.000'}
[2026-06-02 18:07:02,877][src.modRNN.training.alignment][INFO] - epoch 125  train loss=0.6917  (rule: diffusion)
[2026-06-02 18:07:20,703][src.modRNN.training.alignment][INFO] - epoch 150  train loss=0.6466  (rule: diffusion)
[2026-06-02 18:07:22,155][src.modRNN.training.alignment][INFO] -   align BPTT @ epoch 151: cos {'ALIFCell_0.input_weights': '0.000', 'ALIFCell_0.recurrent_weights': '0.000', 'ReadOut_0.readout_weights': '0.000'}
[2026-06-02 18:07:22,701][src.modRNN.training.alignment][INFO] -   align eprop @ epoch 151: cos {'ALIFCell_0.input_weights': '1.102', 'ALIFCell_0.recurrent_weights': '1.111', 'ReadOut_0.readout_weights': '0.000'}
[2026-06-02 18:07:23,374][src.modRNN.training.alignment][INFO] -   align diffusion_aligned @ epoch 151: cos {'ALIFCell_0.input_weights': '1.216', 'ALIFCell_0.recurrent_weights': '1.004', 'ReadOut_0.readout_weights': '0.000'}
[2026-06-02 18:07:24,524][src.modRNN.training.alignment][INFO] -   align diffusion_per_step @ epoch 151: cos {'ALIFCell_0.input_weights': '1.171', 'ALIFCell_0.recurrent_weights': '1.189', 'ReadOut_0.readout_weights': '0.000'}
[2026-06-02 18:07:25,184][src.modRNN.training.alignment][INFO] -   align diffusion_fixed @ epoch 151: cos {'ALIFCell_0.input_weights': '1.223', 'ALIFCell_0.recurrent_weights': '1.211', 'ReadOut_0.readout_weights': '0.000'}
[2026-06-02 18:07:42,276][src.modRNN.training.alignment][INFO] - epoch 175  train loss=0.6203  (rule: diffusion)
[2026-06-02 18:08:00,076][src.modRNN.training.alignment][INFO] - epoch 200  train loss=0.4925  (rule: diffusion)
[2026-06-02 18:08:01,528][src.modRNN.training.alignment][INFO] -   align BPTT @ epoch 201: cos {'ALIFCell_0.input_weights': '0.000', 'ALIFCell_0.recurrent_weights': '0.000', 'ReadOut_0.readout_weights': '0.000'}
[2026-06-02 18:08:02,073][src.modRNN.training.alignment][INFO] -   align eprop @ epoch 201: cos {'ALIFCell_0.input_weights': '1.482', 'ALIFCell_0.recurrent_weights': '1.420', 'ReadOut_0.readout_weights': '0.000'}
[2026-06-02 18:08:02,745][src.modRNN.training.alignment][INFO] -   align diffusion_aligned @ epoch 201: cos {'ALIFCell_0.input_weights': '1.482', 'ALIFCell_0.recurrent_weights': '1.415', 'ReadOut_0.readout_weights': '0.000'}
[2026-06-02 18:08:03,894][src.modRNN.training.alignment][INFO] -   align diffusion_per_step @ epoch 201: cos {'ALIFCell_0.input_weights': '1.486', 'ALIFCell_0.recurrent_weights': '1.417', 'ReadOut_0.readout_weights': '0.000'}
[2026-06-02 18:08:04,556][src.modRNN.training.alignment][INFO] -   align diffusion_fixed @ epoch 201: cos {'ALIFCell_0.input_weights': '1.494', 'ALIFCell_0.recurrent_weights': '1.427', 'ReadOut_0.readout_weights': '0.000'}
[2026-06-02 18:08:21,632][src.modRNN.training.alignment][INFO] - epoch 225  train loss=0.4484  (rule: diffusion)
[2026-06-02 18:08:39,427][src.modRNN.training.alignment][INFO] - epoch 250  train loss=0.4586  (rule: diffusion)
[2026-06-02 18:08:40,877][src.modRNN.training.alignment][INFO] -   align BPTT @ epoch 251: cos {'ALIFCell_0.input_weights': '0.000', 'ALIFCell_0.recurrent_weights': '0.000', 'ReadOut_0.readout_weights': '0.000'}
[2026-06-02 18:08:41,422][src.modRNN.training.alignment][INFO] -   align eprop @ epoch 251: cos {'ALIFCell_0.input_weights': '1.226', 'ALIFCell_0.recurrent_weights': '0.920', 'ReadOut_0.readout_weights': '0.000'}
[2026-06-02 18:08:42,096][src.modRNN.training.alignment][INFO] -   align diffusion_aligned @ epoch 251: cos {'ALIFCell_0.input_weights': '1.218', 'ALIFCell_0.recurrent_weights': '0.866', 'ReadOut_0.readout_weights': '0.000'}
[2026-06-02 18:08:43,246][src.modRNN.training.alignment][INFO] -   align diffusion_per_step @ epoch 251: cos {'ALIFCell_0.input_weights': '1.195', 'ALIFCell_0.recurrent_weights': '0.898', 'ReadOut_0.readout_weights': '0.000'}
[2026-06-02 18:08:43,907][src.modRNN.training.alignment][INFO] -   align diffusion_fixed @ epoch 251: cos {'ALIFCell_0.input_weights': '1.113', 'ALIFCell_0.recurrent_weights': '0.892', 'ReadOut_0.readout_weights': '0.000'}
[2026-06-02 18:09:01,011][src.modRNN.training.alignment][INFO] - epoch 275  train loss=0.3359  (rule: diffusion)
[2026-06-02 18:09:18,833][src.modRNN.training.alignment][INFO] - epoch 300  train loss=0.3209  (rule: diffusion)
[2026-06-02 18:09:20,284][src.modRNN.training.alignment][INFO] -   align BPTT @ epoch 301: cos {'ALIFCell_0.input_weights': '0.000', 'ALIFCell_0.recurrent_weights': '0.000', 'ReadOut_0.readout_weights': '0.000'}
[2026-06-02 18:09:20,830][src.modRNN.training.alignment][INFO] -   align eprop @ epoch 301: cos {'ALIFCell_0.input_weights': '0.699', 'ALIFCell_0.recurrent_weights': '0.828', 'ReadOut_0.readout_weights': '0.000'}
[2026-06-02 18:09:21,503][src.modRNN.training.alignment][INFO] -   align diffusion_aligned @ epoch 301: cos {'ALIFCell_0.input_weights': '0.744', 'ALIFCell_0.recurrent_weights': '1.051', 'ReadOut_0.readout_weights': '0.000'}
[2026-06-02 18:09:22,656][src.modRNN.training.alignment][INFO] -   align diffusion_per_step @ epoch 301: cos {'ALIFCell_0.input_weights': '0.700', 'ALIFCell_0.recurrent_weights': '0.790', 'ReadOut_0.readout_weights': '0.000'}
[2026-06-02 18:09:23,317][src.modRNN.training.alignment][INFO] -   align diffusion_fixed @ epoch 301: cos {'ALIFCell_0.input_weights': '0.668', 'ALIFCell_0.recurrent_weights': '0.864', 'ReadOut_0.readout_weights': '0.000'}
[2026-06-02 18:09:40,411][src.modRNN.training.alignment][INFO] - epoch 325  train loss=0.3005  (rule: diffusion)
[2026-06-02 18:09:58,342][src.modRNN.training.alignment][INFO] - epoch 350  train loss=0.2446  (rule: diffusion)
[2026-06-02 18:09:59,804][src.modRNN.training.alignment][INFO] -   align BPTT @ epoch 351: cos {'ALIFCell_0.input_weights': '0.000', 'ALIFCell_0.recurrent_weights': '0.000', 'ReadOut_0.readout_weights': '0.000'}
[2026-06-02 18:10:00,353][src.modRNN.training.alignment][INFO] -   align eprop @ epoch 351: cos {'ALIFCell_0.input_weights': '0.979', 'ALIFCell_0.recurrent_weights': '0.329', 'ReadOut_0.readout_weights': '0.000'}
[2026-06-02 18:10:01,035][src.modRNN.training.alignment][INFO] -   align diffusion_aligned @ epoch 351: cos {'ALIFCell_0.input_weights': '0.962', 'ALIFCell_0.recurrent_weights': '0.425', 'ReadOut_0.readout_weights': '0.000'}
[2026-06-02 18:10:02,195][src.modRNN.training.alignment][INFO] -   align diffusion_per_step @ epoch 351: cos {'ALIFCell_0.input_weights': '0.978', 'ALIFCell_0.recurrent_weights': '0.343', 'ReadOut_0.readout_weights': '0.000'}
[2026-06-02 18:10:02,861][src.modRNN.training.alignment][INFO] -   align diffusion_fixed @ epoch 351: cos {'ALIFCell_0.input_weights': '0.948', 'ALIFCell_0.recurrent_weights': '0.367', 'ReadOut_0.readout_weights': '0.000'}
[2026-06-02 18:10:20,096][src.modRNN.training.alignment][INFO] - epoch 375  train loss=0.1423  (rule: diffusion)
[2026-06-02 18:10:38,043][src.modRNN.training.alignment][INFO] - epoch 400  train loss=0.4509  (rule: diffusion)
[2026-06-02 18:10:39,505][src.modRNN.training.alignment][INFO] -   align BPTT @ epoch 401: cos {'ALIFCell_0.input_weights': '0.000', 'ALIFCell_0.recurrent_weights': '0.000', 'ReadOut_0.readout_weights': '0.000'}
[2026-06-02 18:10:40,053][src.modRNN.training.alignment][INFO] -   align eprop @ epoch 401: cos {'ALIFCell_0.input_weights': '0.747', 'ALIFCell_0.recurrent_weights': '0.592', 'ReadOut_0.readout_weights': '0.000'}
[2026-06-02 18:10:40,731][src.modRNN.training.alignment][INFO] -   align diffusion_aligned @ epoch 401: cos {'ALIFCell_0.input_weights': '0.986', 'ALIFCell_0.recurrent_weights': '0.701', 'ReadOut_0.readout_weights': '0.000'}
[2026-06-02 18:10:41,892][src.modRNN.training.alignment][INFO] -   align diffusion_per_step @ epoch 401: cos {'ALIFCell_0.input_weights': '0.762', 'ALIFCell_0.recurrent_weights': '0.595', 'ReadOut_0.readout_weights': '0.000'}
[2026-06-02 18:10:42,557][src.modRNN.training.alignment][INFO] -   align diffusion_fixed @ epoch 401: cos {'ALIFCell_0.input_weights': '0.714', 'ALIFCell_0.recurrent_weights': '0.555', 'ReadOut_0.readout_weights': '0.000'}
[2026-06-02 18:10:59,784][src.modRNN.training.alignment][INFO] - epoch 425  train loss=0.2865  (rule: diffusion)
[2026-06-02 18:11:17,740][src.modRNN.training.alignment][INFO] - epoch 450  train loss=0.1854  (rule: diffusion)
[2026-06-02 18:11:19,205][src.modRNN.training.alignment][INFO] -   align BPTT @ epoch 451: cos {'ALIFCell_0.input_weights': '0.000', 'ALIFCell_0.recurrent_weights': '0.000', 'ReadOut_0.readout_weights': '0.000'}
[2026-06-02 18:11:19,754][src.modRNN.training.alignment][INFO] -   align eprop @ epoch 451: cos {'ALIFCell_0.input_weights': '0.797', 'ALIFCell_0.recurrent_weights': '0.534', 'ReadOut_0.readout_weights': '0.000'}
[2026-06-02 18:11:20,433][src.modRNN.training.alignment][INFO] -   align diffusion_aligned @ epoch 451: cos {'ALIFCell_0.input_weights': '0.820', 'ALIFCell_0.recurrent_weights': '0.499', 'ReadOut_0.readout_weights': '0.000'}
[2026-06-02 18:11:21,594][src.modRNN.training.alignment][INFO] -   align diffusion_per_step @ epoch 451: cos {'ALIFCell_0.input_weights': '0.838', 'ALIFCell_0.recurrent_weights': '0.563', 'ReadOut_0.readout_weights': '0.000'}
[2026-06-02 18:11:22,260][src.modRNN.training.alignment][INFO] -   align diffusion_fixed @ epoch 451: cos {'ALIFCell_0.input_weights': '0.772', 'ALIFCell_0.recurrent_weights': '0.631', 'ReadOut_0.readout_weights': '0.000'}
[2026-06-02 18:11:39,485][src.modRNN.training.alignment][INFO] - epoch 475  train loss=0.3908  (rule: diffusion)
[2026-06-02 18:11:57,445][src.modRNN.training.alignment][INFO] - epoch 500  train loss=0.4159  (rule: diffusion)
[2026-06-02 18:11:58,909][src.modRNN.training.alignment][INFO] -   align BPTT @ epoch 501: cos {'ALIFCell_0.input_weights': '0.000', 'ALIFCell_0.recurrent_weights': '0.000', 'ReadOut_0.readout_weights': '0.000'}
[2026-06-02 18:11:59,458][src.modRNN.training.alignment][INFO] -   align eprop @ epoch 501: cos {'ALIFCell_0.input_weights': '1.253', 'ALIFCell_0.recurrent_weights': '1.078', 'ReadOut_0.readout_weights': '0.000'}
[2026-06-02 18:12:00,137][src.modRNN.training.alignment][INFO] -   align diffusion_aligned @ epoch 501: cos {'ALIFCell_0.input_weights': '1.121', 'ALIFCell_0.recurrent_weights': '0.977', 'ReadOut_0.readout_weights': '0.000'}
[2026-06-02 18:12:01,299][src.modRNN.training.alignment][INFO] -   align diffusion_per_step @ epoch 501: cos {'ALIFCell_0.input_weights': '1.294', 'ALIFCell_0.recurrent_weights': '1.120', 'ReadOut_0.readout_weights': '0.000'}
[2026-06-02 18:12:01,970][src.modRNN.training.alignment][INFO] -   align diffusion_fixed @ epoch 501: cos {'ALIFCell_0.input_weights': '1.191', 'ALIFCell_0.recurrent_weights': '1.077', 'ReadOut_0.readout_weights': '0.000'}
[2026-06-02 18:12:19,180][src.modRNN.training.alignment][INFO] - epoch 525  train loss=0.4243  (rule: diffusion)
[2026-06-02 18:12:37,111][src.modRNN.training.alignment][INFO] - epoch 550  train loss=0.2788  (rule: diffusion)
[2026-06-02 18:12:38,579][src.modRNN.training.alignment][INFO] -   align BPTT @ epoch 551: cos {'ALIFCell_0.input_weights': '0.000', 'ALIFCell_0.recurrent_weights': '0.000', 'ReadOut_0.readout_weights': '0.000'}
[2026-06-02 18:12:39,130][src.modRNN.training.alignment][INFO] -   align eprop @ epoch 551: cos {'ALIFCell_0.input_weights': '1.015', 'ALIFCell_0.recurrent_weights': '0.845', 'ReadOut_0.readout_weights': '0.000'}
[2026-06-02 18:12:39,809][src.modRNN.training.alignment][INFO] -   align diffusion_aligned @ epoch 551: cos {'ALIFCell_0.input_weights': '0.675', 'ALIFCell_0.recurrent_weights': '0.777', 'ReadOut_0.readout_weights': '0.000'}
[2026-06-02 18:12:40,969][src.modRNN.training.alignment][INFO] -   align diffusion_per_step @ epoch 551: cos {'ALIFCell_0.input_weights': '1.131', 'ALIFCell_0.recurrent_weights': '0.823', 'ReadOut_0.readout_weights': '0.000'}
[2026-06-02 18:12:41,636][src.modRNN.training.alignment][INFO] -   align diffusion_fixed @ epoch 551: cos {'ALIFCell_0.input_weights': '0.988', 'ALIFCell_0.recurrent_weights': '0.976', 'ReadOut_0.readout_weights': '0.000'}
[2026-06-02 18:12:58,857][src.modRNN.training.alignment][INFO] - epoch 575  train loss=0.3207  (rule: diffusion)
[2026-06-02 18:13:16,805][src.modRNN.training.alignment][INFO] - epoch 600  train loss=0.3719  (rule: diffusion)
[2026-06-02 18:13:18,267][src.modRNN.training.alignment][INFO] -   align BPTT @ epoch 601: cos {'ALIFCell_0.input_weights': '0.000', 'ALIFCell_0.recurrent_weights': '0.000', 'ReadOut_0.readout_weights': '0.000'}
[2026-06-02 18:13:18,818][src.modRNN.training.alignment][INFO] -   align eprop @ epoch 601: cos {'ALIFCell_0.input_weights': '0.954', 'ALIFCell_0.recurrent_weights': '0.707', 'ReadOut_0.readout_weights': '0.000'}
[2026-06-02 18:13:19,498][src.modRNN.training.alignment][INFO] -   align diffusion_aligned @ epoch 601: cos {'ALIFCell_0.input_weights': '0.951', 'ALIFCell_0.recurrent_weights': '0.563', 'ReadOut_0.readout_weights': '0.000'}
[2026-06-02 18:13:20,657][src.modRNN.training.alignment][INFO] -   align diffusion_per_step @ epoch 601: cos {'ALIFCell_0.input_weights': '1.042', 'ALIFCell_0.recurrent_weights': '0.729', 'ReadOut_0.readout_weights': '0.000'}
[2026-06-02 18:13:21,323][src.modRNN.training.alignment][INFO] -   align diffusion_fixed @ epoch 601: cos {'ALIFCell_0.input_weights': '0.991', 'ALIFCell_0.recurrent_weights': '0.709', 'ReadOut_0.readout_weights': '0.000'}
[2026-06-02 18:13:38,549][src.modRNN.training.alignment][INFO] - epoch 625  train loss=0.2680  (rule: diffusion)
[2026-06-02 18:13:56,483][src.modRNN.training.alignment][INFO] - epoch 650  train loss=0.6569  (rule: diffusion)
[2026-06-02 18:13:57,947][src.modRNN.training.alignment][INFO] -   align BPTT @ epoch 651: cos {'ALIFCell_0.input_weights': '0.000', 'ALIFCell_0.recurrent_weights': '0.000', 'ReadOut_0.readout_weights': '0.000'}
[2026-06-02 18:13:58,497][src.modRNN.training.alignment][INFO] -   align eprop @ epoch 651: cos {'ALIFCell_0.input_weights': '1.098', 'ALIFCell_0.recurrent_weights': '0.920', 'ReadOut_0.readout_weights': '0.000'}
[2026-06-02 18:13:59,174][src.modRNN.training.alignment][INFO] -   align diffusion_aligned @ epoch 651: cos {'ALIFCell_0.input_weights': '1.090', 'ALIFCell_0.recurrent_weights': '1.046', 'ReadOut_0.readout_weights': '0.000'}
[2026-06-02 18:14:00,338][src.modRNN.training.alignment][INFO] -   align diffusion_per_step @ epoch 651: cos {'ALIFCell_0.input_weights': '1.120', 'ALIFCell_0.recurrent_weights': '0.913', 'ReadOut_0.readout_weights': '0.000'}
[2026-06-02 18:14:01,003][src.modRNN.training.alignment][INFO] -   align diffusion_fixed @ epoch 651: cos {'ALIFCell_0.input_weights': '1.043', 'ALIFCell_0.recurrent_weights': '0.812', 'ReadOut_0.readout_weights': '0.000'}
[2026-06-02 18:14:18,214][src.modRNN.training.alignment][INFO] - epoch 675  train loss=0.5649  (rule: diffusion)
[2026-06-02 18:14:36,149][src.modRNN.training.alignment][INFO] - epoch 700  train loss=0.5042  (rule: diffusion)
[2026-06-02 18:14:37,609][src.modRNN.training.alignment][INFO] -   align BPTT @ epoch 701: cos {'ALIFCell_0.input_weights': '0.000', 'ALIFCell_0.recurrent_weights': '0.000', 'ReadOut_0.readout_weights': '0.000'}
[2026-06-02 18:14:38,159][src.modRNN.training.alignment][INFO] -   align eprop @ epoch 701: cos {'ALIFCell_0.input_weights': '1.201', 'ALIFCell_0.recurrent_weights': '1.040', 'ReadOut_0.readout_weights': '0.000'}
[2026-06-02 18:14:38,839][src.modRNN.training.alignment][INFO] -   align diffusion_aligned @ epoch 701: cos {'ALIFCell_0.input_weights': '1.417', 'ALIFCell_0.recurrent_weights': '1.048', 'ReadOut_0.readout_weights': '0.000'}
[2026-06-02 18:14:40,002][src.modRNN.training.alignment][INFO] -   align diffusion_per_step @ epoch 701: cos {'ALIFCell_0.input_weights': '1.153', 'ALIFCell_0.recurrent_weights': '1.026', 'ReadOut_0.readout_weights': '0.000'}
[2026-06-02 18:14:40,670][src.modRNN.training.alignment][INFO] -   align diffusion_fixed @ epoch 701: cos {'ALIFCell_0.input_weights': '1.012', 'ALIFCell_0.recurrent_weights': '0.937', 'ReadOut_0.readout_weights': '0.000'}
[2026-06-02 18:14:57,919][src.modRNN.training.alignment][INFO] - epoch 725  train loss=0.4784  (rule: diffusion)
[2026-06-02 18:15:15,879][src.modRNN.training.alignment][INFO] - epoch 750  train loss=0.2613  (rule: diffusion)
[2026-06-02 18:15:17,340][src.modRNN.training.alignment][INFO] -   align BPTT @ epoch 751: cos {'ALIFCell_0.input_weights': '0.000', 'ALIFCell_0.recurrent_weights': '0.000', 'ReadOut_0.readout_weights': '0.000'}
[2026-06-02 18:15:17,888][src.modRNN.training.alignment][INFO] -   align eprop @ epoch 751: cos {'ALIFCell_0.input_weights': '1.118', 'ALIFCell_0.recurrent_weights': '0.934', 'ReadOut_0.readout_weights': '0.000'}
[2026-06-02 18:15:18,567][src.modRNN.training.alignment][INFO] -   align diffusion_aligned @ epoch 751: cos {'ALIFCell_0.input_weights': '1.060', 'ALIFCell_0.recurrent_weights': '0.959', 'ReadOut_0.readout_weights': '0.000'}
[2026-06-02 18:15:19,725][src.modRNN.training.alignment][INFO] -   align diffusion_per_step @ epoch 751: cos {'ALIFCell_0.input_weights': '1.139', 'ALIFCell_0.recurrent_weights': '0.876', 'ReadOut_0.readout_weights': '0.000'}
[2026-06-02 18:15:20,393][src.modRNN.training.alignment][INFO] -   align diffusion_fixed @ epoch 751: cos {'ALIFCell_0.input_weights': '1.054', 'ALIFCell_0.recurrent_weights': '0.849', 'ReadOut_0.readout_weights': '0.000'}
[2026-06-02 18:15:37,605][src.modRNN.training.alignment][INFO] - epoch 775  train loss=0.2360  (rule: diffusion)
[2026-06-02 18:15:55,547][src.modRNN.training.alignment][INFO] - epoch 800  train loss=0.2608  (rule: diffusion)
[2026-06-02 18:15:57,009][src.modRNN.training.alignment][INFO] -   align BPTT @ epoch 801: cos {'ALIFCell_0.input_weights': '0.000', 'ALIFCell_0.recurrent_weights': '0.000', 'ReadOut_0.readout_weights': '0.000'}
[2026-06-02 18:15:57,561][src.modRNN.training.alignment][INFO] -   align eprop @ epoch 801: cos {'ALIFCell_0.input_weights': '1.574', 'ALIFCell_0.recurrent_weights': '1.576', 'ReadOut_0.readout_weights': '0.000'}
[2026-06-02 18:15:58,238][src.modRNN.training.alignment][INFO] -   align diffusion_aligned @ epoch 801: cos {'ALIFCell_0.input_weights': '1.563', 'ALIFCell_0.recurrent_weights': '1.580', 'ReadOut_0.readout_weights': '0.000'}
[2026-06-02 18:15:59,398][src.modRNN.training.alignment][INFO] -   align diffusion_per_step @ epoch 801: cos {'ALIFCell_0.input_weights': '1.576', 'ALIFCell_0.recurrent_weights': '1.575', 'ReadOut_0.readout_weights': '0.000'}
[2026-06-02 18:16:00,064][src.modRNN.training.alignment][INFO] -   align diffusion_fixed @ epoch 801: cos {'ALIFCell_0.input_weights': '1.579', 'ALIFCell_0.recurrent_weights': '1.573', 'ReadOut_0.readout_weights': '0.000'}
[2026-06-02 18:16:17,295][src.modRNN.training.alignment][INFO] - epoch 825  train loss=0.5482  (rule: diffusion)
[2026-06-02 18:16:35,238][src.modRNN.training.alignment][INFO] - epoch 850  train loss=0.5334  (rule: diffusion)
[2026-06-02 18:16:36,701][src.modRNN.training.alignment][INFO] -   align BPTT @ epoch 851: cos {'ALIFCell_0.input_weights': '0.000', 'ALIFCell_0.recurrent_weights': '0.000', 'ReadOut_0.readout_weights': '0.000'}
[2026-06-02 18:16:37,251][src.modRNN.training.alignment][INFO] -   align eprop @ epoch 851: cos {'ALIFCell_0.input_weights': '1.562', 'ALIFCell_0.recurrent_weights': '1.555', 'ReadOut_0.readout_weights': '0.000'}
[2026-06-02 18:16:37,929][src.modRNN.training.alignment][INFO] -   align diffusion_aligned @ epoch 851: cos {'ALIFCell_0.input_weights': '1.565', 'ALIFCell_0.recurrent_weights': '1.552', 'ReadOut_0.readout_weights': '0.000'}
[2026-06-02 18:16:39,089][src.modRNN.training.alignment][INFO] -   align diffusion_per_step @ epoch 851: cos {'ALIFCell_0.input_weights': '1.560', 'ALIFCell_0.recurrent_weights': '1.558', 'ReadOut_0.readout_weights': '0.000'}
[2026-06-02 18:16:39,755][src.modRNN.training.alignment][INFO] -   align diffusion_fixed @ epoch 851: cos {'ALIFCell_0.input_weights': '1.559', 'ALIFCell_0.recurrent_weights': '1.555', 'ReadOut_0.readout_weights': '0.000'}
[2026-06-02 18:16:56,980][src.modRNN.training.alignment][INFO] - epoch 875  train loss=0.6415  (rule: diffusion)
[2026-06-02 18:17:14,949][src.modRNN.training.alignment][INFO] - epoch 900  train loss=0.6097  (rule: diffusion)
[2026-06-02 18:17:16,411][src.modRNN.training.alignment][INFO] -   align BPTT @ epoch 901: cos {'ALIFCell_0.input_weights': '0.000', 'ALIFCell_0.recurrent_weights': '0.000', 'ReadOut_0.readout_weights': '0.000'}
[2026-06-02 18:17:16,959][src.modRNN.training.alignment][INFO] -   align eprop @ epoch 901: cos {'ALIFCell_0.input_weights': '1.417', 'ALIFCell_0.recurrent_weights': '1.234', 'ReadOut_0.readout_weights': '0.000'}
[2026-06-02 18:17:17,637][src.modRNN.training.alignment][INFO] -   align diffusion_aligned @ epoch 901: cos {'ALIFCell_0.input_weights': '1.329', 'ALIFCell_0.recurrent_weights': '1.259', 'ReadOut_0.readout_weights': '0.000'}
[2026-06-02 18:17:18,796][src.modRNN.training.alignment][INFO] -   align diffusion_per_step @ epoch 901: cos {'ALIFCell_0.input_weights': '1.440', 'ALIFCell_0.recurrent_weights': '1.224', 'ReadOut_0.readout_weights': '0.000'}
[2026-06-02 18:17:19,461][src.modRNN.training.alignment][INFO] -   align diffusion_fixed @ epoch 901: cos {'ALIFCell_0.input_weights': '1.287', 'ALIFCell_0.recurrent_weights': '1.299', 'ReadOut_0.readout_weights': '0.000'}
[2026-06-02 18:17:36,693][src.modRNN.training.alignment][INFO] - epoch 925  train loss=0.5389  (rule: diffusion)
[2026-06-02 18:17:54,616][src.modRNN.training.alignment][INFO] - epoch 950  train loss=0.5026  (rule: diffusion)
[2026-06-02 18:17:56,077][src.modRNN.training.alignment][INFO] -   align BPTT @ epoch 951: cos {'ALIFCell_0.input_weights': '0.000', 'ALIFCell_0.recurrent_weights': '0.000', 'ReadOut_0.readout_weights': '0.000'}
[2026-06-02 18:17:56,626][src.modRNN.training.alignment][INFO] -   align eprop @ epoch 951: cos {'ALIFCell_0.input_weights': '0.726', 'ALIFCell_0.recurrent_weights': '0.836', 'ReadOut_0.readout_weights': '0.000'}
[2026-06-02 18:17:57,303][src.modRNN.training.alignment][INFO] -   align diffusion_aligned @ epoch 951: cos {'ALIFCell_0.input_weights': '0.923', 'ALIFCell_0.recurrent_weights': '0.943', 'ReadOut_0.readout_weights': '0.000'}
[2026-06-02 18:17:58,462][src.modRNN.training.alignment][INFO] -   align diffusion_per_step @ epoch 951: cos {'ALIFCell_0.input_weights': '0.772', 'ALIFCell_0.recurrent_weights': '0.870', 'ReadOut_0.readout_weights': '0.000'}
[2026-06-02 18:17:59,126][src.modRNN.training.alignment][INFO] -   align diffusion_fixed @ epoch 951: cos {'ALIFCell_0.input_weights': '0.793', 'ALIFCell_0.recurrent_weights': '0.875', 'ReadOut_0.readout_weights': '0.000'}
[2026-06-02 18:18:16,353][src.modRNN.training.alignment][INFO] - epoch 975  train loss=0.4892  (rule: diffusion)
[2026-06-02 18:18:34,291][src.modRNN.training.alignment][INFO] - epoch 1000  train loss=0.5953  (rule: diffusion)
[2026-06-02 18:18:35,753][src.modRNN.training.alignment][INFO] -   align BPTT @ epoch 1001: cos {'ALIFCell_0.input_weights': '0.000', 'ALIFCell_0.recurrent_weights': '0.000', 'ReadOut_0.readout_weights': '0.000'}
[2026-06-02 18:18:36,303][src.modRNN.training.alignment][INFO] -   align eprop @ epoch 1001: cos {'ALIFCell_0.input_weights': '0.738', 'ALIFCell_0.recurrent_weights': '0.938', 'ReadOut_0.readout_weights': '0.000'}
[2026-06-02 18:18:36,981][src.modRNN.training.alignment][INFO] -   align diffusion_aligned @ epoch 1001: cos {'ALIFCell_0.input_weights': '0.831', 'ALIFCell_0.recurrent_weights': '1.034', 'ReadOut_0.readout_weights': '0.000'}
[2026-06-02 18:18:38,141][src.modRNN.training.alignment][INFO] -   align diffusion_per_step @ epoch 1001: cos {'ALIFCell_0.input_weights': '0.761', 'ALIFCell_0.recurrent_weights': '0.996', 'ReadOut_0.readout_weights': '0.000'}
[2026-06-02 18:18:38,807][src.modRNN.training.alignment][INFO] -   align diffusion_fixed @ epoch 1001: cos {'ALIFCell_0.input_weights': '0.705', 'ALIFCell_0.recurrent_weights': '0.892', 'ReadOut_0.readout_weights': '0.000'}
[2026-06-02 18:18:56,027][src.modRNN.training.alignment][INFO] - epoch 1025  train loss=0.6741  (rule: diffusion)
[2026-06-02 18:19:13,971][src.modRNN.training.alignment][INFO] - epoch 1050  train loss=0.6352  (rule: diffusion)
[2026-06-02 18:19:15,433][src.modRNN.training.alignment][INFO] -   align BPTT @ epoch 1051: cos {'ALIFCell_0.input_weights': '0.000', 'ALIFCell_0.recurrent_weights': '0.000', 'ReadOut_0.readout_weights': '0.000'}
[2026-06-02 18:19:15,984][src.modRNN.training.alignment][INFO] -   align eprop @ epoch 1051: cos {'ALIFCell_0.input_weights': '1.281', 'ALIFCell_0.recurrent_weights': '1.185', 'ReadOut_0.readout_weights': '0.000'}
[2026-06-02 18:19:16,664][src.modRNN.training.alignment][INFO] -   align diffusion_aligned @ epoch 1051: cos {'ALIFCell_0.input_weights': '1.269', 'ALIFCell_0.recurrent_weights': '1.082', 'ReadOut_0.readout_weights': '0.000'}
[2026-06-02 18:19:17,824][src.modRNN.training.alignment][INFO] -   align diffusion_per_step @ epoch 1051: cos {'ALIFCell_0.input_weights': '1.284', 'ALIFCell_0.recurrent_weights': '1.143', 'ReadOut_0.readout_weights': '0.000'}
[2026-06-02 18:19:18,491][src.modRNN.training.alignment][INFO] -   align diffusion_fixed @ epoch 1051: cos {'ALIFCell_0.input_weights': '1.200', 'ALIFCell_0.recurrent_weights': '1.141', 'ReadOut_0.readout_weights': '0.000'}
[2026-06-02 18:19:35,725][src.modRNN.training.alignment][INFO] - epoch 1075  train loss=0.5699  (rule: diffusion)
[2026-06-02 18:19:53,668][src.modRNN.training.alignment][INFO] - epoch 1100  train loss=0.3269  (rule: diffusion)
[2026-06-02 18:19:55,132][src.modRNN.training.alignment][INFO] -   align BPTT @ epoch 1101: cos {'ALIFCell_0.input_weights': '0.000', 'ALIFCell_0.recurrent_weights': '0.000', 'ReadOut_0.readout_weights': '0.000'}
[2026-06-02 18:19:55,679][src.modRNN.training.alignment][INFO] -   align eprop @ epoch 1101: cos {'ALIFCell_0.input_weights': '1.592', 'ALIFCell_0.recurrent_weights': '1.563', 'ReadOut_0.readout_weights': '0.000'}
[2026-06-02 18:19:56,357][src.modRNN.training.alignment][INFO] -   align diffusion_aligned @ epoch 1101: cos {'ALIFCell_0.input_weights': '1.592', 'ALIFCell_0.recurrent_weights': '1.562', 'ReadOut_0.readout_weights': '0.000'}
[2026-06-02 18:19:57,516][src.modRNN.training.alignment][INFO] -   align diffusion_per_step @ epoch 1101: cos {'ALIFCell_0.input_weights': '1.612', 'ALIFCell_0.recurrent_weights': '1.555', 'ReadOut_0.readout_weights': '0.000'}
[2026-06-02 18:19:58,182][src.modRNN.training.alignment][INFO] -   align diffusion_fixed @ epoch 1101: cos {'ALIFCell_0.input_weights': '1.565', 'ALIFCell_0.recurrent_weights': '1.573', 'ReadOut_0.readout_weights': '0.000'}
[2026-06-02 18:20:15,422][src.modRNN.training.alignment][INFO] - epoch 1125  train loss=0.2957  (rule: diffusion)
[2026-06-02 18:20:33,372][src.modRNN.training.alignment][INFO] - epoch 1150  train loss=0.4526  (rule: diffusion)
[2026-06-02 18:20:34,840][src.modRNN.training.alignment][INFO] -   align BPTT @ epoch 1151: cos {'ALIFCell_0.input_weights': '0.000', 'ALIFCell_0.recurrent_weights': '0.000', 'ReadOut_0.readout_weights': '0.000'}
[2026-06-02 18:20:35,389][src.modRNN.training.alignment][INFO] -   align eprop @ epoch 1151: cos {'ALIFCell_0.input_weights': '1.135', 'ALIFCell_0.recurrent_weights': '1.126', 'ReadOut_0.readout_weights': '0.000'}
[2026-06-02 18:20:36,068][src.modRNN.training.alignment][INFO] -   align diffusion_aligned @ epoch 1151: cos {'ALIFCell_0.input_weights': '1.424', 'ALIFCell_0.recurrent_weights': '1.060', 'ReadOut_0.readout_weights': '0.000'}
[2026-06-02 18:20:37,231][src.modRNN.training.alignment][INFO] -   align diffusion_per_step @ epoch 1151: cos {'ALIFCell_0.input_weights': '1.272', 'ALIFCell_0.recurrent_weights': '1.117', 'ReadOut_0.readout_weights': '0.000'}
[2026-06-02 18:20:37,898][src.modRNN.training.alignment][INFO] -   align diffusion_fixed @ epoch 1151: cos {'ALIFCell_0.input_weights': '1.130', 'ALIFCell_0.recurrent_weights': '1.090', 'ReadOut_0.readout_weights': '0.000'}
[2026-06-02 18:20:55,129][src.modRNN.training.alignment][INFO] - epoch 1175  train loss=0.5604  (rule: diffusion)
[2026-06-02 18:21:13,086][src.modRNN.training.alignment][INFO] - epoch 1200  train loss=0.5128  (rule: diffusion)
[2026-06-02 18:21:14,551][src.modRNN.training.alignment][INFO] -   align BPTT @ epoch 1201: cos {'ALIFCell_0.input_weights': '0.000', 'ALIFCell_0.recurrent_weights': '0.000', 'ReadOut_0.readout_weights': '0.000'}
[2026-06-02 18:21:15,101][src.modRNN.training.alignment][INFO] -   align eprop @ epoch 1201: cos {'ALIFCell_0.input_weights': '1.190', 'ALIFCell_0.recurrent_weights': '1.228', 'ReadOut_0.readout_weights': '0.000'}
[2026-06-02 18:21:15,783][src.modRNN.training.alignment][INFO] -   align diffusion_aligned @ epoch 1201: cos {'ALIFCell_0.input_weights': '1.129', 'ALIFCell_0.recurrent_weights': '1.128', 'ReadOut_0.readout_weights': '0.000'}
[2026-06-02 18:21:16,946][src.modRNN.training.alignment][INFO] -   align diffusion_per_step @ epoch 1201: cos {'ALIFCell_0.input_weights': '1.190', 'ALIFCell_0.recurrent_weights': '1.283', 'ReadOut_0.readout_weights': '0.000'}
[2026-06-02 18:21:17,618][src.modRNN.training.alignment][INFO] -   align diffusion_fixed @ epoch 1201: cos {'ALIFCell_0.input_weights': '1.207', 'ALIFCell_0.recurrent_weights': '1.276', 'ReadOut_0.readout_weights': '0.000'}
[2026-06-02 18:21:34,850][src.modRNN.training.alignment][INFO] - epoch 1225  train loss=0.7627  (rule: diffusion)
[2026-06-02 18:21:52,801][src.modRNN.training.alignment][INFO] - epoch 1250  train loss=0.6829  (rule: diffusion)
[2026-06-02 18:21:54,263][src.modRNN.training.alignment][INFO] -   align BPTT @ epoch 1251: cos {'ALIFCell_0.input_weights': '0.000', 'ALIFCell_0.recurrent_weights': '0.000', 'ReadOut_0.readout_weights': '0.000'}
[2026-06-02 18:21:54,812][src.modRNN.training.alignment][INFO] -   align eprop @ epoch 1251: cos {'ALIFCell_0.input_weights': '1.228', 'ALIFCell_0.recurrent_weights': '0.645', 'ReadOut_0.readout_weights': '0.000'}
[2026-06-02 18:21:55,492][src.modRNN.training.alignment][INFO] -   align diffusion_aligned @ epoch 1251: cos {'ALIFCell_0.input_weights': '1.376', 'ALIFCell_0.recurrent_weights': '0.770', 'ReadOut_0.readout_weights': '0.000'}
[2026-06-02 18:21:56,654][src.modRNN.training.alignment][INFO] -   align diffusion_per_step @ epoch 1251: cos {'ALIFCell_0.input_weights': '1.364', 'ALIFCell_0.recurrent_weights': '0.678', 'ReadOut_0.readout_weights': '0.000'}
[2026-06-02 18:21:57,322][src.modRNN.training.alignment][INFO] -   align diffusion_fixed @ epoch 1251: cos {'ALIFCell_0.input_weights': '1.169', 'ALIFCell_0.recurrent_weights': '0.624', 'ReadOut_0.readout_weights': '0.000'}
[2026-06-02 18:22:14,546][src.modRNN.training.alignment][INFO] - epoch 1275  train loss=0.7006  (rule: diffusion)
[2026-06-02 18:22:32,487][src.modRNN.training.alignment][INFO] - epoch 1300  train loss=0.6722  (rule: diffusion)
[2026-06-02 18:22:33,949][src.modRNN.training.alignment][INFO] -   align BPTT @ epoch 1301: cos {'ALIFCell_0.input_weights': '0.000', 'ALIFCell_0.recurrent_weights': '0.000', 'ReadOut_0.readout_weights': '0.000'}
[2026-06-02 18:22:34,499][src.modRNN.training.alignment][INFO] -   align eprop @ epoch 1301: cos {'ALIFCell_0.input_weights': '1.032', 'ALIFCell_0.recurrent_weights': '0.854', 'ReadOut_0.readout_weights': '0.000'}
[2026-06-02 18:22:35,177][src.modRNN.training.alignment][INFO] -   align diffusion_aligned @ epoch 1301: cos {'ALIFCell_0.input_weights': '1.109', 'ALIFCell_0.recurrent_weights': '0.990', 'ReadOut_0.readout_weights': '0.000'}
[2026-06-02 18:22:36,338][src.modRNN.training.alignment][INFO] -   align diffusion_per_step @ epoch 1301: cos {'ALIFCell_0.input_weights': '1.072', 'ALIFCell_0.recurrent_weights': '0.914', 'ReadOut_0.readout_weights': '0.000'}
[2026-06-02 18:22:37,004][src.modRNN.training.alignment][INFO] -   align diffusion_fixed @ epoch 1301: cos {'ALIFCell_0.input_weights': '1.055', 'ALIFCell_0.recurrent_weights': '0.931', 'ReadOut_0.readout_weights': '0.000'}
[2026-06-02 18:22:54,218][src.modRNN.training.alignment][INFO] - epoch 1325  train loss=0.6531  (rule: diffusion)
[2026-06-02 18:23:12,146][src.modRNN.training.alignment][INFO] - epoch 1350  train loss=0.6647  (rule: diffusion)
[2026-06-02 18:23:13,608][src.modRNN.training.alignment][INFO] -   align BPTT @ epoch 1351: cos {'ALIFCell_0.input_weights': '0.000', 'ALIFCell_0.recurrent_weights': '0.000', 'ReadOut_0.readout_weights': '0.000'}
[2026-06-02 18:23:14,161][src.modRNN.training.alignment][INFO] -   align eprop @ epoch 1351: cos {'ALIFCell_0.input_weights': '1.133', 'ALIFCell_0.recurrent_weights': '0.832', 'ReadOut_0.readout_weights': '0.000'}
[2026-06-02 18:23:14,840][src.modRNN.training.alignment][INFO] -   align diffusion_aligned @ epoch 1351: cos {'ALIFCell_0.input_weights': '1.118', 'ALIFCell_0.recurrent_weights': '0.862', 'ReadOut_0.readout_weights': '0.000'}
[2026-06-02 18:23:16,001][src.modRNN.training.alignment][INFO] -   align diffusion_per_step @ epoch 1351: cos {'ALIFCell_0.input_weights': '1.127', 'ALIFCell_0.recurrent_weights': '0.851', 'ReadOut_0.readout_weights': '0.000'}
[2026-06-02 18:23:16,668][src.modRNN.training.alignment][INFO] -   align diffusion_fixed @ epoch 1351: cos {'ALIFCell_0.input_weights': '1.119', 'ALIFCell_0.recurrent_weights': '0.807', 'ReadOut_0.readout_weights': '0.000'}
[2026-06-02 18:23:33,912][src.modRNN.training.alignment][INFO] - epoch 1375  train loss=0.6550  (rule: diffusion)
[2026-06-02 18:23:51,869][src.modRNN.training.alignment][INFO] - epoch 1400  train loss=0.7384  (rule: diffusion)
[2026-06-02 18:23:53,331][src.modRNN.training.alignment][INFO] -   align BPTT @ epoch 1401: cos {'ALIFCell_0.input_weights': '0.000', 'ALIFCell_0.recurrent_weights': '0.000', 'ReadOut_0.readout_weights': '0.000'}
[2026-06-02 18:23:53,879][src.modRNN.training.alignment][INFO] -   align eprop @ epoch 1401: cos {'ALIFCell_0.input_weights': '0.786', 'ALIFCell_0.recurrent_weights': '0.733', 'ReadOut_0.readout_weights': '0.000'}
[2026-06-02 18:23:54,557][src.modRNN.training.alignment][INFO] -   align diffusion_aligned @ epoch 1401: cos {'ALIFCell_0.input_weights': '0.758', 'ALIFCell_0.recurrent_weights': '0.706', 'ReadOut_0.readout_weights': '0.000'}
[2026-06-02 18:23:55,717][src.modRNN.training.alignment][INFO] -   align diffusion_per_step @ epoch 1401: cos {'ALIFCell_0.input_weights': '0.793', 'ALIFCell_0.recurrent_weights': '0.728', 'ReadOut_0.readout_weights': '0.000'}
[2026-06-02 18:23:56,383][src.modRNN.training.alignment][INFO] -   align diffusion_fixed @ epoch 1401: cos {'ALIFCell_0.input_weights': '0.712', 'ALIFCell_0.recurrent_weights': '0.680', 'ReadOut_0.readout_weights': '0.000'}
[2026-06-02 18:24:13,610][src.modRNN.training.alignment][INFO] - epoch 1425  train loss=0.6789  (rule: diffusion)
[2026-06-02 18:24:31,549][src.modRNN.training.alignment][INFO] - epoch 1450  train loss=0.6849  (rule: diffusion)
[2026-06-02 18:24:33,011][src.modRNN.training.alignment][INFO] -   align BPTT @ epoch 1451: cos {'ALIFCell_0.input_weights': '0.000', 'ALIFCell_0.recurrent_weights': '0.000', 'ReadOut_0.readout_weights': '0.000'}
[2026-06-02 18:24:33,561][src.modRNN.training.alignment][INFO] -   align eprop @ epoch 1451: cos {'ALIFCell_0.input_weights': '0.990', 'ALIFCell_0.recurrent_weights': '0.866', 'ReadOut_0.readout_weights': '0.000'}
[2026-06-02 18:24:34,240][src.modRNN.training.alignment][INFO] -   align diffusion_aligned @ epoch 1451: cos {'ALIFCell_0.input_weights': '1.002', 'ALIFCell_0.recurrent_weights': '0.837', 'ReadOut_0.readout_weights': '0.000'}
[2026-06-02 18:24:35,399][src.modRNN.training.alignment][INFO] -   align diffusion_per_step @ epoch 1451: cos {'ALIFCell_0.input_weights': '0.989', 'ALIFCell_0.recurrent_weights': '0.863', 'ReadOut_0.readout_weights': '0.000'}
[2026-06-02 18:24:36,066][src.modRNN.training.alignment][INFO] -   align diffusion_fixed @ epoch 1451: cos {'ALIFCell_0.input_weights': '0.954', 'ALIFCell_0.recurrent_weights': '0.826', 'ReadOut_0.readout_weights': '0.000'}
[2026-06-02 18:24:53,298][src.modRNN.training.alignment][INFO] - epoch 1475  train loss=0.6862  (rule: diffusion)
[2026-06-02 18:25:11,248][src.modRNN.training.alignment][INFO] - epoch 1500  train loss=0.6953  (rule: diffusion)
[2026-06-02 18:25:12,711][src.modRNN.training.alignment][INFO] -   align BPTT @ epoch 1501: cos {'ALIFCell_0.input_weights': '0.000', 'ALIFCell_0.recurrent_weights': '0.000', 'ReadOut_0.readout_weights': '0.000'}
[2026-06-02 18:25:13,261][src.modRNN.training.alignment][INFO] -   align eprop @ epoch 1501: cos {'ALIFCell_0.input_weights': '1.265', 'ALIFCell_0.recurrent_weights': '1.160', 'ReadOut_0.readout_weights': '0.000'}
[2026-06-02 18:25:13,938][src.modRNN.training.alignment][INFO] -   align diffusion_aligned @ epoch 1501: cos {'ALIFCell_0.input_weights': '1.285', 'ALIFCell_0.recurrent_weights': '1.155', 'ReadOut_0.readout_weights': '0.000'}
[2026-06-02 18:25:15,098][src.modRNN.training.alignment][INFO] -   align diffusion_per_step @ epoch 1501: cos {'ALIFCell_0.input_weights': '1.269', 'ALIFCell_0.recurrent_weights': '1.165', 'ReadOut_0.readout_weights': '0.000'}
[2026-06-02 18:25:15,763][src.modRNN.training.alignment][INFO] -   align diffusion_fixed @ epoch 1501: cos {'ALIFCell_0.input_weights': '1.276', 'ALIFCell_0.recurrent_weights': '1.163', 'ReadOut_0.readout_weights': '0.000'}
[2026-06-02 18:25:33,031][src.modRNN.training.alignment][INFO] - epoch 1525  train loss=0.6461  (rule: diffusion)
[2026-06-02 18:25:51,051][src.modRNN.training.alignment][INFO] - epoch 1550  train loss=0.6908  (rule: diffusion)
[2026-06-02 18:25:52,514][src.modRNN.training.alignment][INFO] -   align BPTT @ epoch 1551: cos {'ALIFCell_0.input_weights': '0.000', 'ALIFCell_0.recurrent_weights': '0.000', 'ReadOut_0.readout_weights': '0.000'}
[2026-06-02 18:25:53,065][src.modRNN.training.alignment][INFO] -   align eprop @ epoch 1551: cos {'ALIFCell_0.input_weights': '1.017', 'ALIFCell_0.recurrent_weights': '1.079', 'ReadOut_0.readout_weights': '0.000'}
[2026-06-02 18:25:53,744][src.modRNN.training.alignment][INFO] -   align diffusion_aligned @ epoch 1551: cos {'ALIFCell_0.input_weights': '1.017', 'ALIFCell_0.recurrent_weights': '1.182', 'ReadOut_0.readout_weights': '0.000'}
[2026-06-02 18:25:54,905][src.modRNN.training.alignment][INFO] -   align diffusion_per_step @ epoch 1551: cos {'ALIFCell_0.input_weights': '1.010', 'ALIFCell_0.recurrent_weights': '1.062', 'ReadOut_0.readout_weights': '0.000'}
[2026-06-02 18:25:55,575][src.modRNN.training.alignment][INFO] -   align diffusion_fixed @ epoch 1551: cos {'ALIFCell_0.input_weights': '0.946', 'ALIFCell_0.recurrent_weights': '0.918', 'ReadOut_0.readout_weights': '0.000'}
[2026-06-02 18:26:12,796][src.modRNN.training.alignment][INFO] - epoch 1575  train loss=0.4911  (rule: diffusion)
[2026-06-02 18:26:30,741][src.modRNN.training.alignment][INFO] - epoch 1600  train loss=0.6001  (rule: diffusion)
[2026-06-02 18:26:32,203][src.modRNN.training.alignment][INFO] -   align BPTT @ epoch 1601: cos {'ALIFCell_0.input_weights': '0.000', 'ALIFCell_0.recurrent_weights': '0.000', 'ReadOut_0.readout_weights': '0.000'}
[2026-06-02 18:26:32,752][src.modRNN.training.alignment][INFO] -   align eprop @ epoch 1601: cos {'ALIFCell_0.input_weights': '1.400', 'ALIFCell_0.recurrent_weights': '1.491', 'ReadOut_0.readout_weights': '0.000'}
[2026-06-02 18:26:33,430][src.modRNN.training.alignment][INFO] -   align diffusion_aligned @ epoch 1601: cos {'ALIFCell_0.input_weights': '1.366', 'ALIFCell_0.recurrent_weights': '1.475', 'ReadOut_0.readout_weights': '0.000'}
[2026-06-02 18:26:34,588][src.modRNN.training.alignment][INFO] -   align diffusion_per_step @ epoch 1601: cos {'ALIFCell_0.input_weights': '1.402', 'ALIFCell_0.recurrent_weights': '1.490', 'ReadOut_0.readout_weights': '0.000'}
[2026-06-02 18:26:35,252][src.modRNN.training.alignment][INFO] -   align diffusion_fixed @ epoch 1601: cos {'ALIFCell_0.input_weights': '1.389', 'ALIFCell_0.recurrent_weights': '1.493', 'ReadOut_0.readout_weights': '0.000'}
[2026-06-02 18:26:52,467][src.modRNN.training.alignment][INFO] - epoch 1625  train loss=0.7298  (rule: diffusion)
[2026-06-02 18:27:10,399][src.modRNN.training.alignment][INFO] - epoch 1650  train loss=0.4025  (rule: diffusion)
[2026-06-02 18:27:11,860][src.modRNN.training.alignment][INFO] -   align BPTT @ epoch 1651: cos {'ALIFCell_0.input_weights': '0.000', 'ALIFCell_0.recurrent_weights': '0.000', 'ReadOut_0.readout_weights': '0.000'}
[2026-06-02 18:27:12,410][src.modRNN.training.alignment][INFO] -   align eprop @ epoch 1651: cos {'ALIFCell_0.input_weights': '0.873', 'ALIFCell_0.recurrent_weights': '0.620', 'ReadOut_0.readout_weights': '0.000'}
[2026-06-02 18:27:13,089][src.modRNN.training.alignment][INFO] -   align diffusion_aligned @ epoch 1651: cos {'ALIFCell_0.input_weights': '0.880', 'ALIFCell_0.recurrent_weights': '0.690', 'ReadOut_0.readout_weights': '0.000'}
[2026-06-02 18:27:14,249][src.modRNN.training.alignment][INFO] -   align diffusion_per_step @ epoch 1651: cos {'ALIFCell_0.input_weights': '0.876', 'ALIFCell_0.recurrent_weights': '0.621', 'ReadOut_0.readout_weights': '0.000'}
[2026-06-02 18:27:14,919][src.modRNN.training.alignment][INFO] -   align diffusion_fixed @ epoch 1651: cos {'ALIFCell_0.input_weights': '0.854', 'ALIFCell_0.recurrent_weights': '0.554', 'ReadOut_0.readout_weights': '0.000'}
[2026-06-02 18:27:32,160][src.modRNN.training.alignment][INFO] - epoch 1675  train loss=0.4344  (rule: diffusion)
[2026-06-02 18:27:50,114][src.modRNN.training.alignment][INFO] - epoch 1700  train loss=0.4799  (rule: diffusion)
[2026-06-02 18:27:51,576][src.modRNN.training.alignment][INFO] -   align BPTT @ epoch 1701: cos {'ALIFCell_0.input_weights': '0.000', 'ALIFCell_0.recurrent_weights': '0.000', 'ReadOut_0.readout_weights': '0.000'}
[2026-06-02 18:27:52,126][src.modRNN.training.alignment][INFO] -   align eprop @ epoch 1701: cos {'ALIFCell_0.input_weights': '1.044', 'ALIFCell_0.recurrent_weights': '0.769', 'ReadOut_0.readout_weights': '0.000'}
[2026-06-02 18:27:52,806][src.modRNN.training.alignment][INFO] -   align diffusion_aligned @ epoch 1701: cos {'ALIFCell_0.input_weights': '1.343', 'ALIFCell_0.recurrent_weights': '0.818', 'ReadOut_0.readout_weights': '0.000'}
[2026-06-02 18:27:53,965][src.modRNN.training.alignment][INFO] -   align diffusion_per_step @ epoch 1701: cos {'ALIFCell_0.input_weights': '1.039', 'ALIFCell_0.recurrent_weights': '0.765', 'ReadOut_0.readout_weights': '0.000'}
[2026-06-02 18:27:54,636][src.modRNN.training.alignment][INFO] -   align diffusion_fixed @ epoch 1701: cos {'ALIFCell_0.input_weights': '0.947', 'ALIFCell_0.recurrent_weights': '0.756', 'ReadOut_0.readout_weights': '0.000'}
[2026-06-02 18:28:11,846][src.modRNN.training.alignment][INFO] - epoch 1725  train loss=0.7716  (rule: diffusion)
[2026-06-02 18:28:29,781][src.modRNN.training.alignment][INFO] - epoch 1750  train loss=0.5261  (rule: diffusion)
[2026-06-02 18:28:31,245][src.modRNN.training.alignment][INFO] -   align BPTT @ epoch 1751: cos {'ALIFCell_0.input_weights': '0.000', 'ALIFCell_0.recurrent_weights': '0.000', 'ReadOut_0.readout_weights': '0.000'}
[2026-06-02 18:28:31,795][src.modRNN.training.alignment][INFO] -   align eprop @ epoch 1751: cos {'ALIFCell_0.input_weights': '1.018', 'ALIFCell_0.recurrent_weights': '0.810', 'ReadOut_0.readout_weights': '0.000'}
[2026-06-02 18:28:32,473][src.modRNN.training.alignment][INFO] -   align diffusion_aligned @ epoch 1751: cos {'ALIFCell_0.input_weights': '1.095', 'ALIFCell_0.recurrent_weights': '0.878', 'ReadOut_0.readout_weights': '0.000'}
[2026-06-02 18:28:33,632][src.modRNN.training.alignment][INFO] -   align diffusion_per_step @ epoch 1751: cos {'ALIFCell_0.input_weights': '1.145', 'ALIFCell_0.recurrent_weights': '0.794', 'ReadOut_0.readout_weights': '0.000'}
[2026-06-02 18:28:34,298][src.modRNN.training.alignment][INFO] -   align diffusion_fixed @ epoch 1751: cos {'ALIFCell_0.input_weights': '1.033', 'ALIFCell_0.recurrent_weights': '0.702', 'ReadOut_0.readout_weights': '0.000'}
[2026-06-02 18:28:51,515][src.modRNN.training.alignment][INFO] - epoch 1775  train loss=0.5908  (rule: diffusion)
[2026-06-02 18:29:09,498][src.modRNN.training.alignment][INFO] - epoch 1800  train loss=0.5341  (rule: diffusion)
[2026-06-02 18:29:10,959][src.modRNN.training.alignment][INFO] -   align BPTT @ epoch 1801: cos {'ALIFCell_0.input_weights': '0.000', 'ALIFCell_0.recurrent_weights': '0.000', 'ReadOut_0.readout_weights': '0.000'}
[2026-06-02 18:29:11,511][src.modRNN.training.alignment][INFO] -   align eprop @ epoch 1801: cos {'ALIFCell_0.input_weights': '1.121', 'ALIFCell_0.recurrent_weights': '1.109', 'ReadOut_0.readout_weights': '0.000'}
[2026-06-02 18:29:12,189][src.modRNN.training.alignment][INFO] -   align diffusion_aligned @ epoch 1801: cos {'ALIFCell_0.input_weights': '1.314', 'ALIFCell_0.recurrent_weights': '1.402', 'ReadOut_0.readout_weights': '0.000'}
[2026-06-02 18:29:13,348][src.modRNN.training.alignment][INFO] -   align diffusion_per_step @ epoch 1801: cos {'ALIFCell_0.input_weights': '1.088', 'ALIFCell_0.recurrent_weights': '1.073', 'ReadOut_0.readout_weights': '0.000'}
[2026-06-02 18:29:14,013][src.modRNN.training.alignment][INFO] -   align diffusion_fixed @ epoch 1801: cos {'ALIFCell_0.input_weights': '1.034', 'ALIFCell_0.recurrent_weights': '1.044', 'ReadOut_0.readout_weights': '0.000'}
[2026-06-02 18:29:31,230][src.modRNN.training.alignment][INFO] - epoch 1825  train loss=0.5219  (rule: diffusion)
[2026-06-02 18:29:49,191][src.modRNN.training.alignment][INFO] - epoch 1850  train loss=0.4364  (rule: diffusion)
[2026-06-02 18:29:50,654][src.modRNN.training.alignment][INFO] -   align BPTT @ epoch 1851: cos {'ALIFCell_0.input_weights': '0.000', 'ALIFCell_0.recurrent_weights': '0.000', 'ReadOut_0.readout_weights': '0.000'}
[2026-06-02 18:29:51,202][src.modRNN.training.alignment][INFO] -   align eprop @ epoch 1851: cos {'ALIFCell_0.input_weights': '1.154', 'ALIFCell_0.recurrent_weights': '1.229', 'ReadOut_0.readout_weights': '0.000'}
[2026-06-02 18:29:51,881][src.modRNN.training.alignment][INFO] -   align diffusion_aligned @ epoch 1851: cos {'ALIFCell_0.input_weights': '1.392', 'ALIFCell_0.recurrent_weights': '1.278', 'ReadOut_0.readout_weights': '0.000'}
[2026-06-02 18:29:53,043][src.modRNN.training.alignment][INFO] -   align diffusion_per_step @ epoch 1851: cos {'ALIFCell_0.input_weights': '1.087', 'ALIFCell_0.recurrent_weights': '1.209', 'ReadOut_0.readout_weights': '0.000'}
[2026-06-02 18:29:53,710][src.modRNN.training.alignment][INFO] -   align diffusion_fixed @ epoch 1851: cos {'ALIFCell_0.input_weights': '1.176', 'ALIFCell_0.recurrent_weights': '1.131', 'ReadOut_0.readout_weights': '0.000'}
[2026-06-02 18:30:10,969][src.modRNN.training.alignment][INFO] - epoch 1875  train loss=0.4206  (rule: diffusion)
[2026-06-02 18:30:28,925][src.modRNN.training.alignment][INFO] - epoch 1900  train loss=0.4885  (rule: diffusion)
[2026-06-02 18:30:30,388][src.modRNN.training.alignment][INFO] -   align BPTT @ epoch 1901: cos {'ALIFCell_0.input_weights': '0.000', 'ALIFCell_0.recurrent_weights': '0.000', 'ReadOut_0.readout_weights': '0.000'}
[2026-06-02 18:30:30,936][src.modRNN.training.alignment][INFO] -   align eprop @ epoch 1901: cos {'ALIFCell_0.input_weights': '1.090', 'ALIFCell_0.recurrent_weights': '0.950', 'ReadOut_0.readout_weights': '0.000'}
[2026-06-02 18:30:31,613][src.modRNN.training.alignment][INFO] -   align diffusion_aligned @ epoch 1901: cos {'ALIFCell_0.input_weights': '1.102', 'ALIFCell_0.recurrent_weights': '0.960', 'ReadOut_0.readout_weights': '0.000'}
[2026-06-02 18:30:32,771][src.modRNN.training.alignment][INFO] -   align diffusion_per_step @ epoch 1901: cos {'ALIFCell_0.input_weights': '1.115', 'ALIFCell_0.recurrent_weights': '0.955', 'ReadOut_0.readout_weights': '0.000'}
[2026-06-02 18:30:33,437][src.modRNN.training.alignment][INFO] -   align diffusion_fixed @ epoch 1901: cos {'ALIFCell_0.input_weights': '1.102', 'ALIFCell_0.recurrent_weights': '0.841', 'ReadOut_0.readout_weights': '0.000'}
[2026-06-02 18:30:50,669][src.modRNN.training.alignment][INFO] - epoch 1925  train loss=0.4986  (rule: diffusion)
[2026-06-02 18:31:08,608][src.modRNN.training.alignment][INFO] - epoch 1950  train loss=0.4091  (rule: diffusion)
[2026-06-02 18:31:10,072][src.modRNN.training.alignment][INFO] -   align BPTT @ epoch 1951: cos {'ALIFCell_0.input_weights': '0.000', 'ALIFCell_0.recurrent_weights': '0.000', 'ReadOut_0.readout_weights': '0.000'}
[2026-06-02 18:31:10,621][src.modRNN.training.alignment][INFO] -   align eprop @ epoch 1951: cos {'ALIFCell_0.input_weights': '0.806', 'ALIFCell_0.recurrent_weights': '1.126', 'ReadOut_0.readout_weights': '0.000'}
[2026-06-02 18:31:11,300][src.modRNN.training.alignment][INFO] -   align diffusion_aligned @ epoch 1951: cos {'ALIFCell_0.input_weights': '0.823', 'ALIFCell_0.recurrent_weights': '1.070', 'ReadOut_0.readout_weights': '0.000'}
[2026-06-02 18:31:12,460][src.modRNN.training.alignment][INFO] -   align diffusion_per_step @ epoch 1951: cos {'ALIFCell_0.input_weights': '0.808', 'ALIFCell_0.recurrent_weights': '1.089', 'ReadOut_0.readout_weights': '0.000'}
[2026-06-02 18:31:13,127][src.modRNN.training.alignment][INFO] -   align diffusion_fixed @ epoch 1951: cos {'ALIFCell_0.input_weights': '0.777', 'ALIFCell_0.recurrent_weights': '0.965', 'ReadOut_0.readout_weights': '0.000'}
[2026-06-02 18:31:30,352][src.modRNN.training.alignment][INFO] - epoch 1975  train loss=0.4225  (rule: diffusion)
[2026-06-02 18:31:48,302][src.modRNN.training.alignment][INFO] - epoch 2000  train loss=0.3452  (rule: diffusion)
[2026-06-02 18:31:49,765][src.modRNN.training.alignment][INFO] -   align BPTT @ epoch 2001: cos {'ALIFCell_0.input_weights': '0.000', 'ALIFCell_0.recurrent_weights': '0.000', 'ReadOut_0.readout_weights': '0.000'}
[2026-06-02 18:31:50,314][src.modRNN.training.alignment][INFO] -   align eprop @ epoch 2001: cos {'ALIFCell_0.input_weights': '1.085', 'ALIFCell_0.recurrent_weights': '0.838', 'ReadOut_0.readout_weights': '0.000'}
[2026-06-02 18:31:50,991][src.modRNN.training.alignment][INFO] -   align diffusion_aligned @ epoch 2001: cos {'ALIFCell_0.input_weights': '1.212', 'ALIFCell_0.recurrent_weights': '0.891', 'ReadOut_0.readout_weights': '0.000'}
[2026-06-02 18:31:52,151][src.modRNN.training.alignment][INFO] -   align diffusion_per_step @ epoch 2001: cos {'ALIFCell_0.input_weights': '1.085', 'ALIFCell_0.recurrent_weights': '0.808', 'ReadOut_0.readout_weights': '0.000'}
[2026-06-02 18:31:52,816][src.modRNN.training.alignment][INFO] -   align diffusion_fixed @ epoch 2001: cos {'ALIFCell_0.input_weights': '0.997', 'ALIFCell_0.recurrent_weights': '0.801', 'ReadOut_0.readout_weights': '0.000'}
[2026-06-02 18:31:52,847][src.modRNN.training.alignment][INFO] - Alignment experiment finished. Output dir: /mnt/lustre/work/martius/mot736/neuromodRNN/outputs/delayed_match/delayed_match_align_nn_connectivity_diffusion_fixed/seed_42
