[2026-06-02 16:42:24,756][jax._src.xla_bridge][INFO] - Unable to initialize backend 'rocm': module 'jaxlib.xla_extension' has no attribute 'GpuAllocatorConfig'
[2026-06-02 16:42:24,758][jax._src.xla_bridge][INFO] - Unable to initialize backend 'tpu': INTERNAL: Failed to open libtpu.so: libtpu.so: cannot open shared object file: No such file or directory
[2026-06-02 16:42:33,262][src.modRNN.training.alignment][INFO] - Starting alignment experiment: training with diffusion, measuring alignment of ['BPTT', 'eprop', 'diffusion_aligned', 'diffusion_per_step', 'diffusion_fixed'] every 50 epochs.
[2026-06-02 16:42:38,804][src.modRNN.training.alignment][INFO] - epoch 1  train loss=0.6925  (rule: diffusion)
[2026-06-02 16:42:41,296][src.modRNN.training.alignment][INFO] -   align BPTT @ epoch 1: cos {'ALIFCell_0.input_weights': '0.000', 'ALIFCell_0.recurrent_weights': '0.000', 'ReadOut_0.readout_weights': '0.000'}
[2026-06-02 16:42:43,126][src.modRNN.training.alignment][INFO] -   align eprop @ epoch 1: cos {'ALIFCell_0.input_weights': '0.179', 'ALIFCell_0.recurrent_weights': '0.349', 'ReadOut_0.readout_weights': '0.000'}
[2026-06-02 16:42:45,244][src.modRNN.training.alignment][INFO] -   align diffusion_aligned @ epoch 1: cos {'ALIFCell_0.input_weights': '0.336', 'ALIFCell_0.recurrent_weights': '0.497', 'ReadOut_0.readout_weights': '0.000'}
[2026-06-02 16:42:49,659][src.modRNN.training.alignment][INFO] -   align diffusion_per_step @ epoch 1: cos {'ALIFCell_0.input_weights': '0.234', 'ALIFCell_0.recurrent_weights': '0.389', 'ReadOut_0.readout_weights': '0.000'}
[2026-06-02 16:42:51,879][src.modRNN.training.alignment][INFO] -   align diffusion_fixed @ epoch 1: cos {'ALIFCell_0.input_weights': '0.460', 'ALIFCell_0.recurrent_weights': '0.605', 'ReadOut_0.readout_weights': '0.000'}
[2026-06-02 16:43:23,286][src.modRNN.training.alignment][INFO] - epoch 25  train loss=0.6929  (rule: diffusion)
[2026-06-02 16:43:56,116][src.modRNN.training.alignment][INFO] - epoch 50  train loss=0.6932  (rule: diffusion)
[2026-06-02 16:43:58,849][src.modRNN.training.alignment][INFO] -   align BPTT @ epoch 51: cos {'ALIFCell_0.input_weights': '0.000', 'ALIFCell_0.recurrent_weights': '0.000', 'ReadOut_0.readout_weights': '0.000'}
[2026-06-02 16:43:59,854][src.modRNN.training.alignment][INFO] -   align eprop @ epoch 51: cos {'ALIFCell_0.input_weights': '0.289', 'ALIFCell_0.recurrent_weights': '0.725', 'ReadOut_0.readout_weights': '0.000'}
[2026-06-02 16:44:01,120][src.modRNN.training.alignment][INFO] -   align diffusion_aligned @ epoch 51: cos {'ALIFCell_0.input_weights': '0.338', 'ALIFCell_0.recurrent_weights': '0.907', 'ReadOut_0.readout_weights': '0.000'}
[2026-06-02 16:44:03,277][src.modRNN.training.alignment][INFO] -   align diffusion_per_step @ epoch 51: cos {'ALIFCell_0.input_weights': '0.279', 'ALIFCell_0.recurrent_weights': '0.739', 'ReadOut_0.readout_weights': '0.000'}
[2026-06-02 16:44:04,531][src.modRNN.training.alignment][INFO] -   align diffusion_fixed @ epoch 51: cos {'ALIFCell_0.input_weights': '0.365', 'ALIFCell_0.recurrent_weights': '0.837', 'ReadOut_0.readout_weights': '0.000'}
[2026-06-02 16:44:36,236][src.modRNN.training.alignment][INFO] - epoch 75  train loss=0.6931  (rule: diffusion)
[2026-06-02 16:45:09,328][src.modRNN.training.alignment][INFO] - epoch 100  train loss=0.6916  (rule: diffusion)
[2026-06-02 16:45:12,086][src.modRNN.training.alignment][INFO] -   align BPTT @ epoch 101: cos {'ALIFCell_0.input_weights': '0.000', 'ALIFCell_0.recurrent_weights': '0.000', 'ReadOut_0.readout_weights': '0.000'}
[2026-06-02 16:45:13,090][src.modRNN.training.alignment][INFO] -   align eprop @ epoch 101: cos {'ALIFCell_0.input_weights': '0.655', 'ALIFCell_0.recurrent_weights': '0.463', 'ReadOut_0.readout_weights': '0.000'}
[2026-06-02 16:45:14,367][src.modRNN.training.alignment][INFO] -   align diffusion_aligned @ epoch 101: cos {'ALIFCell_0.input_weights': '0.707', 'ALIFCell_0.recurrent_weights': '0.574', 'ReadOut_0.readout_weights': '0.000'}
[2026-06-02 16:45:16,534][src.modRNN.training.alignment][INFO] -   align diffusion_per_step @ epoch 101: cos {'ALIFCell_0.input_weights': '0.641', 'ALIFCell_0.recurrent_weights': '0.458', 'ReadOut_0.readout_weights': '0.000'}
[2026-06-02 16:45:17,798][src.modRNN.training.alignment][INFO] -   align diffusion_fixed @ epoch 101: cos {'ALIFCell_0.input_weights': '0.691', 'ALIFCell_0.recurrent_weights': '0.461', 'ReadOut_0.readout_weights': '0.000'}
[2026-06-02 16:45:49,605][src.modRNN.training.alignment][INFO] - epoch 125  train loss=0.6831  (rule: diffusion)
[2026-06-02 16:46:22,777][src.modRNN.training.alignment][INFO] - epoch 150  train loss=0.6583  (rule: diffusion)
[2026-06-02 16:46:25,533][src.modRNN.training.alignment][INFO] -   align BPTT @ epoch 151: cos {'ALIFCell_0.input_weights': '0.000', 'ALIFCell_0.recurrent_weights': '0.000', 'ReadOut_0.readout_weights': '0.000'}
[2026-06-02 16:46:26,536][src.modRNN.training.alignment][INFO] -   align eprop @ epoch 151: cos {'ALIFCell_0.input_weights': '1.139', 'ALIFCell_0.recurrent_weights': '0.922', 'ReadOut_0.readout_weights': '0.000'}
[2026-06-02 16:46:27,811][src.modRNN.training.alignment][INFO] -   align diffusion_aligned @ epoch 151: cos {'ALIFCell_0.input_weights': '1.091', 'ALIFCell_0.recurrent_weights': '0.903', 'ReadOut_0.readout_weights': '0.000'}
[2026-06-02 16:46:29,974][src.modRNN.training.alignment][INFO] -   align diffusion_per_step @ epoch 151: cos {'ALIFCell_0.input_weights': '1.117', 'ALIFCell_0.recurrent_weights': '0.920', 'ReadOut_0.readout_weights': '0.000'}
[2026-06-02 16:46:31,235][src.modRNN.training.alignment][INFO] -   align diffusion_fixed @ epoch 151: cos {'ALIFCell_0.input_weights': '1.135', 'ALIFCell_0.recurrent_weights': '0.955', 'ReadOut_0.readout_weights': '0.000'}
[2026-06-02 16:47:02,953][src.modRNN.training.alignment][INFO] - epoch 175  train loss=0.6695  (rule: diffusion)
[2026-06-02 16:47:36,183][src.modRNN.training.alignment][INFO] - epoch 200  train loss=0.6137  (rule: diffusion)
[2026-06-02 16:47:38,955][src.modRNN.training.alignment][INFO] -   align BPTT @ epoch 201: cos {'ALIFCell_0.input_weights': '0.000', 'ALIFCell_0.recurrent_weights': '0.000', 'ReadOut_0.readout_weights': '0.000'}
[2026-06-02 16:47:39,965][src.modRNN.training.alignment][INFO] -   align eprop @ epoch 201: cos {'ALIFCell_0.input_weights': '1.097', 'ALIFCell_0.recurrent_weights': '1.012', 'ReadOut_0.readout_weights': '0.000'}
[2026-06-02 16:47:41,247][src.modRNN.training.alignment][INFO] -   align diffusion_aligned @ epoch 201: cos {'ALIFCell_0.input_weights': '1.219', 'ALIFCell_0.recurrent_weights': '1.163', 'ReadOut_0.readout_weights': '0.000'}
[2026-06-02 16:47:43,427][src.modRNN.training.alignment][INFO] -   align diffusion_per_step @ epoch 201: cos {'ALIFCell_0.input_weights': '1.087', 'ALIFCell_0.recurrent_weights': '0.992', 'ReadOut_0.readout_weights': '0.000'}
[2026-06-02 16:47:44,695][src.modRNN.training.alignment][INFO] -   align diffusion_fixed @ epoch 201: cos {'ALIFCell_0.input_weights': '1.057', 'ALIFCell_0.recurrent_weights': '0.977', 'ReadOut_0.readout_weights': '0.000'}
[2026-06-02 16:48:16,740][src.modRNN.training.alignment][INFO] - epoch 225  train loss=0.6352  (rule: diffusion)
[2026-06-02 16:48:50,138][src.modRNN.training.alignment][INFO] - epoch 250  train loss=0.5423  (rule: diffusion)
[2026-06-02 16:48:52,906][src.modRNN.training.alignment][INFO] -   align BPTT @ epoch 251: cos {'ALIFCell_0.input_weights': '0.000', 'ALIFCell_0.recurrent_weights': '0.000', 'ReadOut_0.readout_weights': '0.000'}
[2026-06-02 16:48:53,913][src.modRNN.training.alignment][INFO] -   align eprop @ epoch 251: cos {'ALIFCell_0.input_weights': '0.913', 'ALIFCell_0.recurrent_weights': '1.008', 'ReadOut_0.readout_weights': '0.000'}
[2026-06-02 16:48:55,198][src.modRNN.training.alignment][INFO] -   align diffusion_aligned @ epoch 251: cos {'ALIFCell_0.input_weights': '0.913', 'ALIFCell_0.recurrent_weights': '1.145', 'ReadOut_0.readout_weights': '0.000'}
[2026-06-02 16:48:57,378][src.modRNN.training.alignment][INFO] -   align diffusion_per_step @ epoch 251: cos {'ALIFCell_0.input_weights': '0.899', 'ALIFCell_0.recurrent_weights': '1.008', 'ReadOut_0.readout_weights': '0.000'}
[2026-06-02 16:48:58,649][src.modRNN.training.alignment][INFO] -   align diffusion_fixed @ epoch 251: cos {'ALIFCell_0.input_weights': '0.867', 'ALIFCell_0.recurrent_weights': '0.971', 'ReadOut_0.readout_weights': '0.000'}
[2026-06-02 16:49:30,784][src.modRNN.training.alignment][INFO] - epoch 275  train loss=0.5164  (rule: diffusion)
[2026-06-02 16:50:04,115][src.modRNN.training.alignment][INFO] - epoch 300  train loss=0.5233  (rule: diffusion)
[2026-06-02 16:50:06,894][src.modRNN.training.alignment][INFO] -   align BPTT @ epoch 301: cos {'ALIFCell_0.input_weights': '0.000', 'ALIFCell_0.recurrent_weights': '0.000', 'ReadOut_0.readout_weights': '0.000'}
[2026-06-02 16:50:07,905][src.modRNN.training.alignment][INFO] -   align eprop @ epoch 301: cos {'ALIFCell_0.input_weights': '0.810', 'ALIFCell_0.recurrent_weights': '0.801', 'ReadOut_0.readout_weights': '0.000'}
[2026-06-02 16:50:09,194][src.modRNN.training.alignment][INFO] -   align diffusion_aligned @ epoch 301: cos {'ALIFCell_0.input_weights': '0.784', 'ALIFCell_0.recurrent_weights': '0.809', 'ReadOut_0.readout_weights': '0.000'}
[2026-06-02 16:50:11,377][src.modRNN.training.alignment][INFO] -   align diffusion_per_step @ epoch 301: cos {'ALIFCell_0.input_weights': '0.831', 'ALIFCell_0.recurrent_weights': '0.859', 'ReadOut_0.readout_weights': '0.000'}
[2026-06-02 16:50:12,652][src.modRNN.training.alignment][INFO] -   align diffusion_fixed @ epoch 301: cos {'ALIFCell_0.input_weights': '0.743', 'ALIFCell_0.recurrent_weights': '0.844', 'ReadOut_0.readout_weights': '0.000'}
[2026-06-02 16:50:44,689][src.modRNN.training.alignment][INFO] - epoch 325  train loss=0.4774  (rule: diffusion)
[2026-06-02 16:51:18,047][src.modRNN.training.alignment][INFO] - epoch 350  train loss=0.6130  (rule: diffusion)
[2026-06-02 16:51:20,825][src.modRNN.training.alignment][INFO] -   align BPTT @ epoch 351: cos {'ALIFCell_0.input_weights': '0.000', 'ALIFCell_0.recurrent_weights': '0.000', 'ReadOut_0.readout_weights': '0.000'}
[2026-06-02 16:51:21,838][src.modRNN.training.alignment][INFO] -   align eprop @ epoch 351: cos {'ALIFCell_0.input_weights': '0.891', 'ALIFCell_0.recurrent_weights': '0.889', 'ReadOut_0.readout_weights': '0.000'}
[2026-06-02 16:51:23,127][src.modRNN.training.alignment][INFO] -   align diffusion_aligned @ epoch 351: cos {'ALIFCell_0.input_weights': '0.856', 'ALIFCell_0.recurrent_weights': '0.892', 'ReadOut_0.readout_weights': '0.000'}
[2026-06-02 16:51:25,310][src.modRNN.training.alignment][INFO] -   align diffusion_per_step @ epoch 351: cos {'ALIFCell_0.input_weights': '0.885', 'ALIFCell_0.recurrent_weights': '0.912', 'ReadOut_0.readout_weights': '0.000'}
[2026-06-02 16:51:26,585][src.modRNN.training.alignment][INFO] -   align diffusion_fixed @ epoch 351: cos {'ALIFCell_0.input_weights': '0.807', 'ALIFCell_0.recurrent_weights': '0.872', 'ReadOut_0.readout_weights': '0.000'}
[2026-06-02 16:51:58,584][src.modRNN.training.alignment][INFO] - epoch 375  train loss=0.5156  (rule: diffusion)
[2026-06-02 16:52:32,070][src.modRNN.training.alignment][INFO] - epoch 400  train loss=0.4907  (rule: diffusion)
[2026-06-02 16:52:34,837][src.modRNN.training.alignment][INFO] -   align BPTT @ epoch 401: cos {'ALIFCell_0.input_weights': '0.000', 'ALIFCell_0.recurrent_weights': '0.000', 'ReadOut_0.readout_weights': '0.000'}
[2026-06-02 16:52:35,842][src.modRNN.training.alignment][INFO] -   align eprop @ epoch 401: cos {'ALIFCell_0.input_weights': '0.798', 'ALIFCell_0.recurrent_weights': '0.717', 'ReadOut_0.readout_weights': '0.000'}
[2026-06-02 16:52:37,124][src.modRNN.training.alignment][INFO] -   align diffusion_aligned @ epoch 401: cos {'ALIFCell_0.input_weights': '0.786', 'ALIFCell_0.recurrent_weights': '0.655', 'ReadOut_0.readout_weights': '0.000'}
[2026-06-02 16:52:39,302][src.modRNN.training.alignment][INFO] -   align diffusion_per_step @ epoch 401: cos {'ALIFCell_0.input_weights': '0.832', 'ALIFCell_0.recurrent_weights': '0.761', 'ReadOut_0.readout_weights': '0.000'}
[2026-06-02 16:52:40,568][src.modRNN.training.alignment][INFO] -   align diffusion_fixed @ epoch 401: cos {'ALIFCell_0.input_weights': '0.667', 'ALIFCell_0.recurrent_weights': '0.625', 'ReadOut_0.readout_weights': '0.000'}
[2026-06-02 16:53:12,569][src.modRNN.training.alignment][INFO] - epoch 425  train loss=0.4693  (rule: diffusion)
[2026-06-02 16:53:45,977][src.modRNN.training.alignment][INFO] - epoch 450  train loss=0.4559  (rule: diffusion)
[2026-06-02 16:53:48,746][src.modRNN.training.alignment][INFO] -   align BPTT @ epoch 451: cos {'ALIFCell_0.input_weights': '0.000', 'ALIFCell_0.recurrent_weights': '0.000', 'ReadOut_0.readout_weights': '0.000'}
[2026-06-02 16:53:49,762][src.modRNN.training.alignment][INFO] -   align eprop @ epoch 451: cos {'ALIFCell_0.input_weights': '0.973', 'ALIFCell_0.recurrent_weights': '0.756', 'ReadOut_0.readout_weights': '0.000'}
[2026-06-02 16:53:51,046][src.modRNN.training.alignment][INFO] -   align diffusion_aligned @ epoch 451: cos {'ALIFCell_0.input_weights': '0.998', 'ALIFCell_0.recurrent_weights': '0.790', 'ReadOut_0.readout_weights': '0.000'}
[2026-06-02 16:53:53,224][src.modRNN.training.alignment][INFO] -   align diffusion_per_step @ epoch 451: cos {'ALIFCell_0.input_weights': '0.979', 'ALIFCell_0.recurrent_weights': '0.781', 'ReadOut_0.readout_weights': '0.000'}
[2026-06-02 16:53:54,492][src.modRNN.training.alignment][INFO] -   align diffusion_fixed @ epoch 451: cos {'ALIFCell_0.input_weights': '0.912', 'ALIFCell_0.recurrent_weights': '0.701', 'ReadOut_0.readout_weights': '0.000'}
[2026-06-02 16:54:26,625][src.modRNN.training.alignment][INFO] - epoch 475  train loss=0.4888  (rule: diffusion)
[2026-06-02 16:54:59,937][src.modRNN.training.alignment][INFO] - epoch 500  train loss=0.4483  (rule: diffusion)
[2026-06-02 16:55:02,703][src.modRNN.training.alignment][INFO] -   align BPTT @ epoch 501: cos {'ALIFCell_0.input_weights': '0.000', 'ALIFCell_0.recurrent_weights': '0.000', 'ReadOut_0.readout_weights': '0.000'}
[2026-06-02 16:55:03,714][src.modRNN.training.alignment][INFO] -   align eprop @ epoch 501: cos {'ALIFCell_0.input_weights': '0.643', 'ALIFCell_0.recurrent_weights': '0.788', 'ReadOut_0.readout_weights': '0.000'}
[2026-06-02 16:55:05,003][src.modRNN.training.alignment][INFO] -   align diffusion_aligned @ epoch 501: cos {'ALIFCell_0.input_weights': '0.732', 'ALIFCell_0.recurrent_weights': '0.842', 'ReadOut_0.readout_weights': '0.000'}
[2026-06-02 16:55:07,191][src.modRNN.training.alignment][INFO] -   align diffusion_per_step @ epoch 501: cos {'ALIFCell_0.input_weights': '0.647', 'ALIFCell_0.recurrent_weights': '0.804', 'ReadOut_0.readout_weights': '0.000'}
[2026-06-02 16:55:08,465][src.modRNN.training.alignment][INFO] -   align diffusion_fixed @ epoch 501: cos {'ALIFCell_0.input_weights': '0.605', 'ALIFCell_0.recurrent_weights': '0.748', 'ReadOut_0.readout_weights': '0.000'}
[2026-06-02 16:55:40,552][src.modRNN.training.alignment][INFO] - epoch 525  train loss=0.4007  (rule: diffusion)
[2026-06-02 16:56:13,912][src.modRNN.training.alignment][INFO] - epoch 550  train loss=0.3630  (rule: diffusion)
[2026-06-02 16:56:16,690][src.modRNN.training.alignment][INFO] -   align BPTT @ epoch 551: cos {'ALIFCell_0.input_weights': '0.000', 'ALIFCell_0.recurrent_weights': '0.000', 'ReadOut_0.readout_weights': '0.000'}
[2026-06-02 16:56:17,703][src.modRNN.training.alignment][INFO] -   align eprop @ epoch 551: cos {'ALIFCell_0.input_weights': '0.909', 'ALIFCell_0.recurrent_weights': '1.008', 'ReadOut_0.readout_weights': '0.000'}
[2026-06-02 16:56:18,988][src.modRNN.training.alignment][INFO] -   align diffusion_aligned @ epoch 551: cos {'ALIFCell_0.input_weights': '0.793', 'ALIFCell_0.recurrent_weights': '1.102', 'ReadOut_0.readout_weights': '0.000'}
[2026-06-02 16:56:21,171][src.modRNN.training.alignment][INFO] -   align diffusion_per_step @ epoch 551: cos {'ALIFCell_0.input_weights': '0.932', 'ALIFCell_0.recurrent_weights': '1.022', 'ReadOut_0.readout_weights': '0.000'}
[2026-06-02 16:56:22,443][src.modRNN.training.alignment][INFO] -   align diffusion_fixed @ epoch 551: cos {'ALIFCell_0.input_weights': '0.754', 'ALIFCell_0.recurrent_weights': '0.886', 'ReadOut_0.readout_weights': '0.000'}
[2026-06-02 16:56:54,430][src.modRNN.training.alignment][INFO] - epoch 575  train loss=0.4980  (rule: diffusion)
[2026-06-02 16:57:27,917][src.modRNN.training.alignment][INFO] - epoch 600  train loss=0.3447  (rule: diffusion)
[2026-06-02 16:57:30,701][src.modRNN.training.alignment][INFO] -   align BPTT @ epoch 601: cos {'ALIFCell_0.input_weights': '0.000', 'ALIFCell_0.recurrent_weights': '0.000', 'ReadOut_0.readout_weights': '0.000'}
[2026-06-02 16:57:31,710][src.modRNN.training.alignment][INFO] -   align eprop @ epoch 601: cos {'ALIFCell_0.input_weights': '0.653', 'ALIFCell_0.recurrent_weights': '0.733', 'ReadOut_0.readout_weights': '0.000'}
[2026-06-02 16:57:32,995][src.modRNN.training.alignment][INFO] -   align diffusion_aligned @ epoch 601: cos {'ALIFCell_0.input_weights': '0.679', 'ALIFCell_0.recurrent_weights': '0.781', 'ReadOut_0.readout_weights': '0.000'}
[2026-06-02 16:57:35,172][src.modRNN.training.alignment][INFO] -   align diffusion_per_step @ epoch 601: cos {'ALIFCell_0.input_weights': '0.655', 'ALIFCell_0.recurrent_weights': '0.735', 'ReadOut_0.readout_weights': '0.000'}
[2026-06-02 16:57:36,441][src.modRNN.training.alignment][INFO] -   align diffusion_fixed @ epoch 601: cos {'ALIFCell_0.input_weights': '0.646', 'ALIFCell_0.recurrent_weights': '0.664', 'ReadOut_0.readout_weights': '0.000'}
[2026-06-02 16:58:08,468][src.modRNN.training.alignment][INFO] - epoch 625  train loss=0.3430  (rule: diffusion)
[2026-06-02 16:58:41,898][src.modRNN.training.alignment][INFO] - epoch 650  train loss=0.3375  (rule: diffusion)
[2026-06-02 16:58:44,669][src.modRNN.training.alignment][INFO] -   align BPTT @ epoch 651: cos {'ALIFCell_0.input_weights': '0.000', 'ALIFCell_0.recurrent_weights': '0.000', 'ReadOut_0.readout_weights': '0.000'}
[2026-06-02 16:58:45,676][src.modRNN.training.alignment][INFO] -   align eprop @ epoch 651: cos {'ALIFCell_0.input_weights': '0.915', 'ALIFCell_0.recurrent_weights': '0.954', 'ReadOut_0.readout_weights': '0.000'}
[2026-06-02 16:58:46,959][src.modRNN.training.alignment][INFO] -   align diffusion_aligned @ epoch 651: cos {'ALIFCell_0.input_weights': '0.903', 'ALIFCell_0.recurrent_weights': '1.013', 'ReadOut_0.readout_weights': '0.000'}
[2026-06-02 16:58:49,139][src.modRNN.training.alignment][INFO] -   align diffusion_per_step @ epoch 651: cos {'ALIFCell_0.input_weights': '0.876', 'ALIFCell_0.recurrent_weights': '0.922', 'ReadOut_0.readout_weights': '0.000'}
[2026-06-02 16:58:50,407][src.modRNN.training.alignment][INFO] -   align diffusion_fixed @ epoch 651: cos {'ALIFCell_0.input_weights': '0.737', 'ALIFCell_0.recurrent_weights': '0.818', 'ReadOut_0.readout_weights': '0.000'}
[2026-06-02 16:59:22,482][src.modRNN.training.alignment][INFO] - epoch 675  train loss=0.3635  (rule: diffusion)
[2026-06-02 16:59:55,795][src.modRNN.training.alignment][INFO] - epoch 700  train loss=0.3370  (rule: diffusion)
[2026-06-02 16:59:58,565][src.modRNN.training.alignment][INFO] -   align BPTT @ epoch 701: cos {'ALIFCell_0.input_weights': '0.000', 'ALIFCell_0.recurrent_weights': '0.000', 'ReadOut_0.readout_weights': '0.000'}
[2026-06-02 16:59:59,571][src.modRNN.training.alignment][INFO] -   align eprop @ epoch 701: cos {'ALIFCell_0.input_weights': '0.717', 'ALIFCell_0.recurrent_weights': '0.827', 'ReadOut_0.readout_weights': '0.000'}
[2026-06-02 17:00:00,853][src.modRNN.training.alignment][INFO] -   align diffusion_aligned @ epoch 701: cos {'ALIFCell_0.input_weights': '0.701', 'ALIFCell_0.recurrent_weights': '0.779', 'ReadOut_0.readout_weights': '0.000'}
[2026-06-02 17:00:03,031][src.modRNN.training.alignment][INFO] -   align diffusion_per_step @ epoch 701: cos {'ALIFCell_0.input_weights': '0.704', 'ALIFCell_0.recurrent_weights': '0.835', 'ReadOut_0.readout_weights': '0.000'}
[2026-06-02 17:00:04,303][src.modRNN.training.alignment][INFO] -   align diffusion_fixed @ epoch 701: cos {'ALIFCell_0.input_weights': '0.605', 'ALIFCell_0.recurrent_weights': '0.729', 'ReadOut_0.readout_weights': '0.000'}
[2026-06-02 17:00:36,427][src.modRNN.training.alignment][INFO] - epoch 725  train loss=0.2857  (rule: diffusion)
[2026-06-02 17:01:09,761][src.modRNN.training.alignment][INFO] - epoch 750  train loss=0.3709  (rule: diffusion)
[2026-06-02 17:01:12,538][src.modRNN.training.alignment][INFO] -   align BPTT @ epoch 751: cos {'ALIFCell_0.input_weights': '0.000', 'ALIFCell_0.recurrent_weights': '0.000', 'ReadOut_0.readout_weights': '0.000'}
[2026-06-02 17:01:13,549][src.modRNN.training.alignment][INFO] -   align eprop @ epoch 751: cos {'ALIFCell_0.input_weights': '0.991', 'ALIFCell_0.recurrent_weights': '0.778', 'ReadOut_0.readout_weights': '0.000'}
[2026-06-02 17:01:14,836][src.modRNN.training.alignment][INFO] -   align diffusion_aligned @ epoch 751: cos {'ALIFCell_0.input_weights': '0.823', 'ALIFCell_0.recurrent_weights': '0.790', 'ReadOut_0.readout_weights': '0.000'}
[2026-06-02 17:01:17,018][src.modRNN.training.alignment][INFO] -   align diffusion_per_step @ epoch 751: cos {'ALIFCell_0.input_weights': '0.976', 'ALIFCell_0.recurrent_weights': '0.786', 'ReadOut_0.readout_weights': '0.000'}
[2026-06-02 17:01:18,289][src.modRNN.training.alignment][INFO] -   align diffusion_fixed @ epoch 751: cos {'ALIFCell_0.input_weights': '0.921', 'ALIFCell_0.recurrent_weights': '0.745', 'ReadOut_0.readout_weights': '0.000'}
[2026-06-02 17:01:50,298][src.modRNN.training.alignment][INFO] - epoch 775  train loss=0.4152  (rule: diffusion)
[2026-06-02 17:02:23,719][src.modRNN.training.alignment][INFO] - epoch 800  train loss=0.3760  (rule: diffusion)
[2026-06-02 17:02:26,498][src.modRNN.training.alignment][INFO] -   align BPTT @ epoch 801: cos {'ALIFCell_0.input_weights': '0.000', 'ALIFCell_0.recurrent_weights': '0.000', 'ReadOut_0.readout_weights': '0.000'}
[2026-06-02 17:02:27,512][src.modRNN.training.alignment][INFO] -   align eprop @ epoch 801: cos {'ALIFCell_0.input_weights': '1.025', 'ALIFCell_0.recurrent_weights': '0.836', 'ReadOut_0.readout_weights': '0.000'}
[2026-06-02 17:02:28,800][src.modRNN.training.alignment][INFO] -   align diffusion_aligned @ epoch 801: cos {'ALIFCell_0.input_weights': '0.946', 'ALIFCell_0.recurrent_weights': '0.823', 'ReadOut_0.readout_weights': '0.000'}
[2026-06-02 17:02:30,987][src.modRNN.training.alignment][INFO] -   align diffusion_per_step @ epoch 801: cos {'ALIFCell_0.input_weights': '1.011', 'ALIFCell_0.recurrent_weights': '0.859', 'ReadOut_0.readout_weights': '0.000'}
[2026-06-02 17:02:32,255][src.modRNN.training.alignment][INFO] -   align diffusion_fixed @ epoch 801: cos {'ALIFCell_0.input_weights': '0.813', 'ALIFCell_0.recurrent_weights': '0.784', 'ReadOut_0.readout_weights': '0.000'}
[2026-06-02 17:03:04,228][src.modRNN.training.alignment][INFO] - epoch 825  train loss=0.4327  (rule: diffusion)
[2026-06-02 17:03:37,671][src.modRNN.training.alignment][INFO] - epoch 850  train loss=0.4443  (rule: diffusion)
[2026-06-02 17:03:40,441][src.modRNN.training.alignment][INFO] -   align BPTT @ epoch 851: cos {'ALIFCell_0.input_weights': '0.000', 'ALIFCell_0.recurrent_weights': '0.000', 'ReadOut_0.readout_weights': '0.000'}
[2026-06-02 17:03:41,448][src.modRNN.training.alignment][INFO] -   align eprop @ epoch 851: cos {'ALIFCell_0.input_weights': '0.893', 'ALIFCell_0.recurrent_weights': '1.001', 'ReadOut_0.readout_weights': '0.000'}
[2026-06-02 17:03:42,730][src.modRNN.training.alignment][INFO] -   align diffusion_aligned @ epoch 851: cos {'ALIFCell_0.input_weights': '0.909', 'ALIFCell_0.recurrent_weights': '1.079', 'ReadOut_0.readout_weights': '0.000'}
[2026-06-02 17:03:44,908][src.modRNN.training.alignment][INFO] -   align diffusion_per_step @ epoch 851: cos {'ALIFCell_0.input_weights': '0.918', 'ALIFCell_0.recurrent_weights': '1.016', 'ReadOut_0.readout_weights': '0.000'}
[2026-06-02 17:03:46,174][src.modRNN.training.alignment][INFO] -   align diffusion_fixed @ epoch 851: cos {'ALIFCell_0.input_weights': '0.748', 'ALIFCell_0.recurrent_weights': '0.889', 'ReadOut_0.readout_weights': '0.000'}
[2026-06-02 17:04:18,260][src.modRNN.training.alignment][INFO] - epoch 875  train loss=0.3696  (rule: diffusion)
[2026-06-02 17:04:51,647][src.modRNN.training.alignment][INFO] - epoch 900  train loss=0.3554  (rule: diffusion)
[2026-06-02 17:04:54,418][src.modRNN.training.alignment][INFO] -   align BPTT @ epoch 901: cos {'ALIFCell_0.input_weights': '0.000', 'ALIFCell_0.recurrent_weights': '0.000', 'ReadOut_0.readout_weights': '0.000'}
[2026-06-02 17:04:55,427][src.modRNN.training.alignment][INFO] -   align eprop @ epoch 901: cos {'ALIFCell_0.input_weights': '0.964', 'ALIFCell_0.recurrent_weights': '0.861', 'ReadOut_0.readout_weights': '0.000'}
[2026-06-02 17:04:56,713][src.modRNN.training.alignment][INFO] -   align diffusion_aligned @ epoch 901: cos {'ALIFCell_0.input_weights': '0.927', 'ALIFCell_0.recurrent_weights': '0.841', 'ReadOut_0.readout_weights': '0.000'}
[2026-06-02 17:04:58,897][src.modRNN.training.alignment][INFO] -   align diffusion_per_step @ epoch 901: cos {'ALIFCell_0.input_weights': '0.952', 'ALIFCell_0.recurrent_weights': '0.868', 'ReadOut_0.readout_weights': '0.000'}
[2026-06-02 17:05:00,168][src.modRNN.training.alignment][INFO] -   align diffusion_fixed @ epoch 901: cos {'ALIFCell_0.input_weights': '0.902', 'ALIFCell_0.recurrent_weights': '0.783', 'ReadOut_0.readout_weights': '0.000'}
[2026-06-02 17:05:32,298][src.modRNN.training.alignment][INFO] - epoch 925  train loss=0.3053  (rule: diffusion)
[2026-06-02 17:06:05,591][src.modRNN.training.alignment][INFO] - epoch 950  train loss=0.3212  (rule: diffusion)
[2026-06-02 17:06:08,365][src.modRNN.training.alignment][INFO] -   align BPTT @ epoch 951: cos {'ALIFCell_0.input_weights': '0.000', 'ALIFCell_0.recurrent_weights': '0.000', 'ReadOut_0.readout_weights': '0.000'}
[2026-06-02 17:06:09,379][src.modRNN.training.alignment][INFO] -   align eprop @ epoch 951: cos {'ALIFCell_0.input_weights': '1.506', 'ALIFCell_0.recurrent_weights': '1.537', 'ReadOut_0.readout_weights': '0.000'}
[2026-06-02 17:06:10,669][src.modRNN.training.alignment][INFO] -   align diffusion_aligned @ epoch 951: cos {'ALIFCell_0.input_weights': '1.517', 'ALIFCell_0.recurrent_weights': '1.538', 'ReadOut_0.readout_weights': '0.000'}
[2026-06-02 17:06:12,853][src.modRNN.training.alignment][INFO] -   align diffusion_per_step @ epoch 951: cos {'ALIFCell_0.input_weights': '1.516', 'ALIFCell_0.recurrent_weights': '1.531', 'ReadOut_0.readout_weights': '0.000'}
[2026-06-02 17:06:14,128][src.modRNN.training.alignment][INFO] -   align diffusion_fixed @ epoch 951: cos {'ALIFCell_0.input_weights': '1.526', 'ALIFCell_0.recurrent_weights': '1.527', 'ReadOut_0.readout_weights': '0.000'}
[2026-06-02 17:06:46,195][src.modRNN.training.alignment][INFO] - epoch 975  train loss=0.2738  (rule: diffusion)
[2026-06-02 17:07:19,600][src.modRNN.training.alignment][INFO] - epoch 1000  train loss=0.2463  (rule: diffusion)
[2026-06-02 17:07:22,376][src.modRNN.training.alignment][INFO] -   align BPTT @ epoch 1001: cos {'ALIFCell_0.input_weights': '0.000', 'ALIFCell_0.recurrent_weights': '0.000', 'ReadOut_0.readout_weights': '0.000'}
[2026-06-02 17:07:23,387][src.modRNN.training.alignment][INFO] -   align eprop @ epoch 1001: cos {'ALIFCell_0.input_weights': '0.958', 'ALIFCell_0.recurrent_weights': '0.777', 'ReadOut_0.readout_weights': '0.000'}
[2026-06-02 17:07:24,673][src.modRNN.training.alignment][INFO] -   align diffusion_aligned @ epoch 1001: cos {'ALIFCell_0.input_weights': '0.892', 'ALIFCell_0.recurrent_weights': '0.804', 'ReadOut_0.readout_weights': '0.000'}
[2026-06-02 17:07:26,859][src.modRNN.training.alignment][INFO] -   align diffusion_per_step @ epoch 1001: cos {'ALIFCell_0.input_weights': '0.961', 'ALIFCell_0.recurrent_weights': '0.774', 'ReadOut_0.readout_weights': '0.000'}
[2026-06-02 17:07:28,132][src.modRNN.training.alignment][INFO] -   align diffusion_fixed @ epoch 1001: cos {'ALIFCell_0.input_weights': '0.887', 'ALIFCell_0.recurrent_weights': '0.709', 'ReadOut_0.readout_weights': '0.000'}
[2026-06-02 17:08:00,112][src.modRNN.training.alignment][INFO] - epoch 1025  train loss=0.3503  (rule: diffusion)
[2026-06-02 17:08:33,573][src.modRNN.training.alignment][INFO] - epoch 1050  train loss=0.5182  (rule: diffusion)
[2026-06-02 17:08:36,343][src.modRNN.training.alignment][INFO] -   align BPTT @ epoch 1051: cos {'ALIFCell_0.input_weights': '0.000', 'ALIFCell_0.recurrent_weights': '0.000', 'ReadOut_0.readout_weights': '0.000'}
[2026-06-02 17:08:37,350][src.modRNN.training.alignment][INFO] -   align eprop @ epoch 1051: cos {'ALIFCell_0.input_weights': '0.922', 'ALIFCell_0.recurrent_weights': '1.002', 'ReadOut_0.readout_weights': '0.000'}
[2026-06-02 17:08:38,634][src.modRNN.training.alignment][INFO] -   align diffusion_aligned @ epoch 1051: cos {'ALIFCell_0.input_weights': '0.952', 'ALIFCell_0.recurrent_weights': '1.096', 'ReadOut_0.readout_weights': '0.000'}
[2026-06-02 17:08:40,812][src.modRNN.training.alignment][INFO] -   align diffusion_per_step @ epoch 1051: cos {'ALIFCell_0.input_weights': '0.911', 'ALIFCell_0.recurrent_weights': '1.006', 'ReadOut_0.readout_weights': '0.000'}
[2026-06-02 17:08:42,080][src.modRNN.training.alignment][INFO] -   align diffusion_fixed @ epoch 1051: cos {'ALIFCell_0.input_weights': '0.877', 'ALIFCell_0.recurrent_weights': '0.936', 'ReadOut_0.readout_weights': '0.000'}
[2026-06-02 17:09:14,129][src.modRNN.training.alignment][INFO] - epoch 1075  train loss=0.4324  (rule: diffusion)
[2026-06-02 17:09:47,560][src.modRNN.training.alignment][INFO] - epoch 1100  train loss=0.3064  (rule: diffusion)
[2026-06-02 17:09:50,330][src.modRNN.training.alignment][INFO] -   align BPTT @ epoch 1101: cos {'ALIFCell_0.input_weights': '0.000', 'ALIFCell_0.recurrent_weights': '0.000', 'ReadOut_0.readout_weights': '0.000'}
[2026-06-02 17:09:51,335][src.modRNN.training.alignment][INFO] -   align eprop @ epoch 1101: cos {'ALIFCell_0.input_weights': '1.012', 'ALIFCell_0.recurrent_weights': '1.060', 'ReadOut_0.readout_weights': '0.000'}
[2026-06-02 17:09:52,616][src.modRNN.training.alignment][INFO] -   align diffusion_aligned @ epoch 1101: cos {'ALIFCell_0.input_weights': '1.049', 'ALIFCell_0.recurrent_weights': '1.036', 'ReadOut_0.readout_weights': '0.000'}
[2026-06-02 17:09:54,792][src.modRNN.training.alignment][INFO] -   align diffusion_per_step @ epoch 1101: cos {'ALIFCell_0.input_weights': '1.034', 'ALIFCell_0.recurrent_weights': '1.062', 'ReadOut_0.readout_weights': '0.000'}
[2026-06-02 17:09:56,058][src.modRNN.training.alignment][INFO] -   align diffusion_fixed @ epoch 1101: cos {'ALIFCell_0.input_weights': '0.914', 'ALIFCell_0.recurrent_weights': '0.954', 'ReadOut_0.readout_weights': '0.000'}
[2026-06-02 17:10:28,226][src.modRNN.training.alignment][INFO] - epoch 1125  train loss=0.2663  (rule: diffusion)
[2026-06-02 17:11:01,509][src.modRNN.training.alignment][INFO] - epoch 1150  train loss=0.2811  (rule: diffusion)
[2026-06-02 17:11:04,284][src.modRNN.training.alignment][INFO] -   align BPTT @ epoch 1151: cos {'ALIFCell_0.input_weights': '0.000', 'ALIFCell_0.recurrent_weights': '0.000', 'ReadOut_0.readout_weights': '0.000'}
[2026-06-02 17:11:05,295][src.modRNN.training.alignment][INFO] -   align eprop @ epoch 1151: cos {'ALIFCell_0.input_weights': '0.924', 'ALIFCell_0.recurrent_weights': '1.037', 'ReadOut_0.readout_weights': '0.000'}
[2026-06-02 17:11:06,582][src.modRNN.training.alignment][INFO] -   align diffusion_aligned @ epoch 1151: cos {'ALIFCell_0.input_weights': '0.967', 'ALIFCell_0.recurrent_weights': '1.093', 'ReadOut_0.readout_weights': '0.000'}
[2026-06-02 17:11:08,763][src.modRNN.training.alignment][INFO] -   align diffusion_per_step @ epoch 1151: cos {'ALIFCell_0.input_weights': '0.916', 'ALIFCell_0.recurrent_weights': '1.042', 'ReadOut_0.readout_weights': '0.000'}
[2026-06-02 17:11:10,036][src.modRNN.training.alignment][INFO] -   align diffusion_fixed @ epoch 1151: cos {'ALIFCell_0.input_weights': '0.856', 'ALIFCell_0.recurrent_weights': '0.920', 'ReadOut_0.readout_weights': '0.000'}
[2026-06-02 17:11:42,106][src.modRNN.training.alignment][INFO] - epoch 1175  train loss=0.3128  (rule: diffusion)
[2026-06-02 17:12:15,475][src.modRNN.training.alignment][INFO] - epoch 1200  train loss=0.2372  (rule: diffusion)
[2026-06-02 17:12:18,251][src.modRNN.training.alignment][INFO] -   align BPTT @ epoch 1201: cos {'ALIFCell_0.input_weights': '0.000', 'ALIFCell_0.recurrent_weights': '0.000', 'ReadOut_0.readout_weights': '0.000'}
[2026-06-02 17:12:19,264][src.modRNN.training.alignment][INFO] -   align eprop @ epoch 1201: cos {'ALIFCell_0.input_weights': '0.830', 'ALIFCell_0.recurrent_weights': '0.841', 'ReadOut_0.readout_weights': '0.000'}
[2026-06-02 17:12:20,551][src.modRNN.training.alignment][INFO] -   align diffusion_aligned @ epoch 1201: cos {'ALIFCell_0.input_weights': '0.900', 'ALIFCell_0.recurrent_weights': '0.884', 'ReadOut_0.readout_weights': '0.000'}
[2026-06-02 17:12:22,731][src.modRNN.training.alignment][INFO] -   align diffusion_per_step @ epoch 1201: cos {'ALIFCell_0.input_weights': '0.830', 'ALIFCell_0.recurrent_weights': '0.837', 'ReadOut_0.readout_weights': '0.000'}
[2026-06-02 17:12:24,005][src.modRNN.training.alignment][INFO] -   align diffusion_fixed @ epoch 1201: cos {'ALIFCell_0.input_weights': '0.810', 'ALIFCell_0.recurrent_weights': '0.821', 'ReadOut_0.readout_weights': '0.000'}
[2026-06-02 17:12:56,006][src.modRNN.training.alignment][INFO] - epoch 1225  train loss=0.3203  (rule: diffusion)
[2026-06-02 17:13:29,429][src.modRNN.training.alignment][INFO] - epoch 1250  train loss=0.2852  (rule: diffusion)
[2026-06-02 17:13:32,207][src.modRNN.training.alignment][INFO] -   align BPTT @ epoch 1251: cos {'ALIFCell_0.input_weights': '0.000', 'ALIFCell_0.recurrent_weights': '0.000', 'ReadOut_0.readout_weights': '0.000'}
[2026-06-02 17:13:33,214][src.modRNN.training.alignment][INFO] -   align eprop @ epoch 1251: cos {'ALIFCell_0.input_weights': '0.863', 'ALIFCell_0.recurrent_weights': '0.912', 'ReadOut_0.readout_weights': '0.000'}
[2026-06-02 17:13:34,499][src.modRNN.training.alignment][INFO] -   align diffusion_aligned @ epoch 1251: cos {'ALIFCell_0.input_weights': '0.880', 'ALIFCell_0.recurrent_weights': '0.926', 'ReadOut_0.readout_weights': '0.000'}
[2026-06-02 17:13:36,678][src.modRNN.training.alignment][INFO] -   align diffusion_per_step @ epoch 1251: cos {'ALIFCell_0.input_weights': '0.855', 'ALIFCell_0.recurrent_weights': '0.942', 'ReadOut_0.readout_weights': '0.000'}
[2026-06-02 17:13:37,947][src.modRNN.training.alignment][INFO] -   align diffusion_fixed @ epoch 1251: cos {'ALIFCell_0.input_weights': '0.882', 'ALIFCell_0.recurrent_weights': '0.912', 'ReadOut_0.readout_weights': '0.000'}
[2026-06-02 17:14:09,932][src.modRNN.training.alignment][INFO] - epoch 1275  train loss=0.2289  (rule: diffusion)
[2026-06-02 17:14:43,276][src.modRNN.training.alignment][INFO] - epoch 1300  train loss=0.4537  (rule: diffusion)
[2026-06-02 17:14:46,045][src.modRNN.training.alignment][INFO] -   align BPTT @ epoch 1301: cos {'ALIFCell_0.input_weights': '0.000', 'ALIFCell_0.recurrent_weights': '0.000', 'ReadOut_0.readout_weights': '0.000'}
[2026-06-02 17:14:47,053][src.modRNN.training.alignment][INFO] -   align eprop @ epoch 1301: cos {'ALIFCell_0.input_weights': '0.876', 'ALIFCell_0.recurrent_weights': '0.693', 'ReadOut_0.readout_weights': '0.000'}
[2026-06-02 17:14:48,335][src.modRNN.training.alignment][INFO] -   align diffusion_aligned @ epoch 1301: cos {'ALIFCell_0.input_weights': '0.950', 'ALIFCell_0.recurrent_weights': '0.791', 'ReadOut_0.readout_weights': '0.000'}
[2026-06-02 17:14:50,515][src.modRNN.training.alignment][INFO] -   align diffusion_per_step @ epoch 1301: cos {'ALIFCell_0.input_weights': '0.873', 'ALIFCell_0.recurrent_weights': '0.703', 'ReadOut_0.readout_weights': '0.000'}
[2026-06-02 17:14:51,781][src.modRNN.training.alignment][INFO] -   align diffusion_fixed @ epoch 1301: cos {'ALIFCell_0.input_weights': '0.716', 'ALIFCell_0.recurrent_weights': '0.655', 'ReadOut_0.readout_weights': '0.000'}
[2026-06-02 17:15:23,862][src.modRNN.training.alignment][INFO] - epoch 1325  train loss=0.3027  (rule: diffusion)
[2026-06-02 17:15:57,160][src.modRNN.training.alignment][INFO] - epoch 1350  train loss=0.5530  (rule: diffusion)
[2026-06-02 17:15:59,927][src.modRNN.training.alignment][INFO] -   align BPTT @ epoch 1351: cos {'ALIFCell_0.input_weights': '0.000', 'ALIFCell_0.recurrent_weights': '0.000', 'ReadOut_0.readout_weights': '0.000'}
[2026-06-02 17:16:00,932][src.modRNN.training.alignment][INFO] -   align eprop @ epoch 1351: cos {'ALIFCell_0.input_weights': '0.764', 'ALIFCell_0.recurrent_weights': '0.980', 'ReadOut_0.readout_weights': '0.000'}
[2026-06-02 17:16:02,221][src.modRNN.training.alignment][INFO] -   align diffusion_aligned @ epoch 1351: cos {'ALIFCell_0.input_weights': '0.707', 'ALIFCell_0.recurrent_weights': '1.173', 'ReadOut_0.readout_weights': '0.000'}
[2026-06-02 17:16:04,406][src.modRNN.training.alignment][INFO] -   align diffusion_per_step @ epoch 1351: cos {'ALIFCell_0.input_weights': '0.766', 'ALIFCell_0.recurrent_weights': '0.952', 'ReadOut_0.readout_weights': '0.000'}
[2026-06-02 17:16:05,678][src.modRNN.training.alignment][INFO] -   align diffusion_fixed @ epoch 1351: cos {'ALIFCell_0.input_weights': '0.632', 'ALIFCell_0.recurrent_weights': '0.802', 'ReadOut_0.readout_weights': '0.000'}
[2026-06-02 17:16:37,776][src.modRNN.training.alignment][INFO] - epoch 1375  train loss=0.4117  (rule: diffusion)
[2026-06-02 17:17:11,097][src.modRNN.training.alignment][INFO] - epoch 1400  train loss=0.4056  (rule: diffusion)
[2026-06-02 17:17:13,874][src.modRNN.training.alignment][INFO] -   align BPTT @ epoch 1401: cos {'ALIFCell_0.input_weights': '0.000', 'ALIFCell_0.recurrent_weights': '0.000', 'ReadOut_0.readout_weights': '0.000'}
[2026-06-02 17:17:14,885][src.modRNN.training.alignment][INFO] -   align eprop @ epoch 1401: cos {'ALIFCell_0.input_weights': '0.937', 'ALIFCell_0.recurrent_weights': '1.037', 'ReadOut_0.readout_weights': '0.000'}
[2026-06-02 17:17:16,171][src.modRNN.training.alignment][INFO] -   align diffusion_aligned @ epoch 1401: cos {'ALIFCell_0.input_weights': '0.973', 'ALIFCell_0.recurrent_weights': '1.123', 'ReadOut_0.readout_weights': '0.000'}
[2026-06-02 17:17:18,352][src.modRNN.training.alignment][INFO] -   align diffusion_per_step @ epoch 1401: cos {'ALIFCell_0.input_weights': '0.967', 'ALIFCell_0.recurrent_weights': '1.030', 'ReadOut_0.readout_weights': '0.000'}
[2026-06-02 17:17:19,626][src.modRNN.training.alignment][INFO] -   align diffusion_fixed @ epoch 1401: cos {'ALIFCell_0.input_weights': '0.798', 'ALIFCell_0.recurrent_weights': '0.889', 'ReadOut_0.readout_weights': '0.000'}
[2026-06-02 17:17:51,642][src.modRNN.training.alignment][INFO] - epoch 1425  train loss=0.3883  (rule: diffusion)
[2026-06-02 17:18:25,086][src.modRNN.training.alignment][INFO] - epoch 1450  train loss=0.4098  (rule: diffusion)
[2026-06-02 17:18:27,864][src.modRNN.training.alignment][INFO] -   align BPTT @ epoch 1451: cos {'ALIFCell_0.input_weights': '0.000', 'ALIFCell_0.recurrent_weights': '0.000', 'ReadOut_0.readout_weights': '0.000'}
[2026-06-02 17:18:28,875][src.modRNN.training.alignment][INFO] -   align eprop @ epoch 1451: cos {'ALIFCell_0.input_weights': '1.324', 'ALIFCell_0.recurrent_weights': '1.396', 'ReadOut_0.readout_weights': '0.000'}
[2026-06-02 17:18:30,163][src.modRNN.training.alignment][INFO] -   align diffusion_aligned @ epoch 1451: cos {'ALIFCell_0.input_weights': '1.308', 'ALIFCell_0.recurrent_weights': '1.410', 'ReadOut_0.readout_weights': '0.000'}
[2026-06-02 17:18:32,342][src.modRNN.training.alignment][INFO] -   align diffusion_per_step @ epoch 1451: cos {'ALIFCell_0.input_weights': '1.333', 'ALIFCell_0.recurrent_weights': '1.399', 'ReadOut_0.readout_weights': '0.000'}
[2026-06-02 17:18:33,608][src.modRNN.training.alignment][INFO] -   align diffusion_fixed @ epoch 1451: cos {'ALIFCell_0.input_weights': '1.278', 'ALIFCell_0.recurrent_weights': '1.403', 'ReadOut_0.readout_weights': '0.000'}
[2026-06-02 17:19:05,573][src.modRNN.training.alignment][INFO] - epoch 1475  train loss=0.4039  (rule: diffusion)
[2026-06-02 17:19:39,059][src.modRNN.training.alignment][INFO] - epoch 1500  train loss=0.5360  (rule: diffusion)
[2026-06-02 17:19:41,831][src.modRNN.training.alignment][INFO] -   align BPTT @ epoch 1501: cos {'ALIFCell_0.input_weights': '0.000', 'ALIFCell_0.recurrent_weights': '0.000', 'ReadOut_0.readout_weights': '0.000'}
[2026-06-02 17:19:42,836][src.modRNN.training.alignment][INFO] -   align eprop @ epoch 1501: cos {'ALIFCell_0.input_weights': '0.925', 'ALIFCell_0.recurrent_weights': '0.878', 'ReadOut_0.readout_weights': '0.000'}
[2026-06-02 17:19:44,115][src.modRNN.training.alignment][INFO] -   align diffusion_aligned @ epoch 1501: cos {'ALIFCell_0.input_weights': '0.888', 'ALIFCell_0.recurrent_weights': '0.868', 'ReadOut_0.readout_weights': '0.000'}
[2026-06-02 17:19:46,290][src.modRNN.training.alignment][INFO] -   align diffusion_per_step @ epoch 1501: cos {'ALIFCell_0.input_weights': '0.922', 'ALIFCell_0.recurrent_weights': '0.894', 'ReadOut_0.readout_weights': '0.000'}
[2026-06-02 17:19:47,555][src.modRNN.training.alignment][INFO] -   align diffusion_fixed @ epoch 1501: cos {'ALIFCell_0.input_weights': '0.818', 'ALIFCell_0.recurrent_weights': '0.833', 'ReadOut_0.readout_weights': '0.000'}
[2026-06-02 17:20:19,604][src.modRNN.training.alignment][INFO] - epoch 1525  train loss=0.4647  (rule: diffusion)
[2026-06-02 17:20:52,934][src.modRNN.training.alignment][INFO] - epoch 1550  train loss=0.4383  (rule: diffusion)
[2026-06-02 17:20:55,705][src.modRNN.training.alignment][INFO] -   align BPTT @ epoch 1551: cos {'ALIFCell_0.input_weights': '0.000', 'ALIFCell_0.recurrent_weights': '0.000', 'ReadOut_0.readout_weights': '0.000'}
[2026-06-02 17:20:56,716][src.modRNN.training.alignment][INFO] -   align eprop @ epoch 1551: cos {'ALIFCell_0.input_weights': '1.104', 'ALIFCell_0.recurrent_weights': '0.848', 'ReadOut_0.readout_weights': '0.000'}
[2026-06-02 17:20:57,998][src.modRNN.training.alignment][INFO] -   align diffusion_aligned @ epoch 1551: cos {'ALIFCell_0.input_weights': '1.254', 'ALIFCell_0.recurrent_weights': '1.164', 'ReadOut_0.readout_weights': '0.000'}
[2026-06-02 17:21:00,177][src.modRNN.training.alignment][INFO] -   align diffusion_per_step @ epoch 1551: cos {'ALIFCell_0.input_weights': '1.137', 'ALIFCell_0.recurrent_weights': '0.863', 'ReadOut_0.readout_weights': '0.000'}
[2026-06-02 17:21:01,447][src.modRNN.training.alignment][INFO] -   align diffusion_fixed @ epoch 1551: cos {'ALIFCell_0.input_weights': '0.929', 'ALIFCell_0.recurrent_weights': '0.843', 'ReadOut_0.readout_weights': '0.000'}
[2026-06-02 17:21:33,588][src.modRNN.training.alignment][INFO] - epoch 1575  train loss=0.3952  (rule: diffusion)
[2026-06-02 17:22:06,946][src.modRNN.training.alignment][INFO] - epoch 1600  train loss=0.4840  (rule: diffusion)
[2026-06-02 17:22:09,726][src.modRNN.training.alignment][INFO] -   align BPTT @ epoch 1601: cos {'ALIFCell_0.input_weights': '0.000', 'ALIFCell_0.recurrent_weights': '0.000', 'ReadOut_0.readout_weights': '0.000'}
[2026-06-02 17:22:10,739][src.modRNN.training.alignment][INFO] -   align eprop @ epoch 1601: cos {'ALIFCell_0.input_weights': '1.004', 'ALIFCell_0.recurrent_weights': '0.874', 'ReadOut_0.readout_weights': '0.000'}
[2026-06-02 17:22:12,026][src.modRNN.training.alignment][INFO] -   align diffusion_aligned @ epoch 1601: cos {'ALIFCell_0.input_weights': '0.931', 'ALIFCell_0.recurrent_weights': '0.957', 'ReadOut_0.readout_weights': '0.000'}
[2026-06-02 17:22:14,208][src.modRNN.training.alignment][INFO] -   align diffusion_per_step @ epoch 1601: cos {'ALIFCell_0.input_weights': '1.000', 'ALIFCell_0.recurrent_weights': '0.890', 'ReadOut_0.readout_weights': '0.000'}
[2026-06-02 17:22:15,480][src.modRNN.training.alignment][INFO] -   align diffusion_fixed @ epoch 1601: cos {'ALIFCell_0.input_weights': '0.798', 'ALIFCell_0.recurrent_weights': '0.970', 'ReadOut_0.readout_weights': '0.000'}
[2026-06-02 17:22:47,529][src.modRNN.training.alignment][INFO] - epoch 1625  train loss=0.4369  (rule: diffusion)
[2026-06-02 17:23:20,927][src.modRNN.training.alignment][INFO] - epoch 1650  train loss=0.4426  (rule: diffusion)
[2026-06-02 17:23:23,709][src.modRNN.training.alignment][INFO] -   align BPTT @ epoch 1651: cos {'ALIFCell_0.input_weights': '0.000', 'ALIFCell_0.recurrent_weights': '0.000', 'ReadOut_0.readout_weights': '0.000'}
[2026-06-02 17:23:24,723][src.modRNN.training.alignment][INFO] -   align eprop @ epoch 1651: cos {'ALIFCell_0.input_weights': '1.084', 'ALIFCell_0.recurrent_weights': '0.986', 'ReadOut_0.readout_weights': '0.000'}
[2026-06-02 17:23:26,011][src.modRNN.training.alignment][INFO] -   align diffusion_aligned @ epoch 1651: cos {'ALIFCell_0.input_weights': '1.146', 'ALIFCell_0.recurrent_weights': '1.002', 'ReadOut_0.readout_weights': '0.000'}
[2026-06-02 17:23:28,194][src.modRNN.training.alignment][INFO] -   align diffusion_per_step @ epoch 1651: cos {'ALIFCell_0.input_weights': '1.090', 'ALIFCell_0.recurrent_weights': '0.967', 'ReadOut_0.readout_weights': '0.000'}
[2026-06-02 17:23:29,465][src.modRNN.training.alignment][INFO] -   align diffusion_fixed @ epoch 1651: cos {'ALIFCell_0.input_weights': '1.022', 'ALIFCell_0.recurrent_weights': '0.892', 'ReadOut_0.readout_weights': '0.000'}
[2026-06-02 17:24:01,409][src.modRNN.training.alignment][INFO] - epoch 1675  train loss=0.3689  (rule: diffusion)
[2026-06-02 17:24:34,883][src.modRNN.training.alignment][INFO] - epoch 1700  train loss=0.2933  (rule: diffusion)
[2026-06-02 17:24:37,648][src.modRNN.training.alignment][INFO] -   align BPTT @ epoch 1701: cos {'ALIFCell_0.input_weights': '0.000', 'ALIFCell_0.recurrent_weights': '0.000', 'ReadOut_0.readout_weights': '0.000'}
[2026-06-02 17:24:38,654][src.modRNN.training.alignment][INFO] -   align eprop @ epoch 1701: cos {'ALIFCell_0.input_weights': '1.008', 'ALIFCell_0.recurrent_weights': '1.216', 'ReadOut_0.readout_weights': '0.000'}
[2026-06-02 17:24:39,935][src.modRNN.training.alignment][INFO] -   align diffusion_aligned @ epoch 1701: cos {'ALIFCell_0.input_weights': '0.986', 'ALIFCell_0.recurrent_weights': '1.270', 'ReadOut_0.readout_weights': '0.000'}
[2026-06-02 17:24:42,110][src.modRNN.training.alignment][INFO] -   align diffusion_per_step @ epoch 1701: cos {'ALIFCell_0.input_weights': '1.012', 'ALIFCell_0.recurrent_weights': '1.225', 'ReadOut_0.readout_weights': '0.000'}
[2026-06-02 17:24:43,376][src.modRNN.training.alignment][INFO] -   align diffusion_fixed @ epoch 1701: cos {'ALIFCell_0.input_weights': '0.967', 'ALIFCell_0.recurrent_weights': '1.182', 'ReadOut_0.readout_weights': '0.000'}
[2026-06-02 17:25:15,486][src.modRNN.training.alignment][INFO] - epoch 1725  train loss=0.1753  (rule: diffusion)
[2026-06-02 17:25:48,923][src.modRNN.training.alignment][INFO] - epoch 1750  train loss=0.3324  (rule: diffusion)
[2026-06-02 17:25:51,696][src.modRNN.training.alignment][INFO] -   align BPTT @ epoch 1751: cos {'ALIFCell_0.input_weights': '0.000', 'ALIFCell_0.recurrent_weights': '0.000', 'ReadOut_0.readout_weights': '0.000'}
[2026-06-02 17:25:52,703][src.modRNN.training.alignment][INFO] -   align eprop @ epoch 1751: cos {'ALIFCell_0.input_weights': '0.885', 'ALIFCell_0.recurrent_weights': '1.160', 'ReadOut_0.readout_weights': '0.000'}
[2026-06-02 17:25:53,987][src.modRNN.training.alignment][INFO] -   align diffusion_aligned @ epoch 1751: cos {'ALIFCell_0.input_weights': '1.098', 'ALIFCell_0.recurrent_weights': '1.165', 'ReadOut_0.readout_weights': '0.000'}
[2026-06-02 17:25:56,165][src.modRNN.training.alignment][INFO] -   align diffusion_per_step @ epoch 1751: cos {'ALIFCell_0.input_weights': '0.923', 'ALIFCell_0.recurrent_weights': '1.182', 'ReadOut_0.readout_weights': '0.000'}
[2026-06-02 17:25:57,432][src.modRNN.training.alignment][INFO] -   align diffusion_fixed @ epoch 1751: cos {'ALIFCell_0.input_weights': '0.735', 'ALIFCell_0.recurrent_weights': '1.082', 'ReadOut_0.readout_weights': '0.000'}
[2026-06-02 17:26:29,550][src.modRNN.training.alignment][INFO] - epoch 1775  train loss=0.2581  (rule: diffusion)
[2026-06-02 17:27:02,817][src.modRNN.training.alignment][INFO] - epoch 1800  train loss=0.3372  (rule: diffusion)
[2026-06-02 17:27:05,598][src.modRNN.training.alignment][INFO] -   align BPTT @ epoch 1801: cos {'ALIFCell_0.input_weights': '0.000', 'ALIFCell_0.recurrent_weights': '0.000', 'ReadOut_0.readout_weights': '0.000'}
[2026-06-02 17:27:06,609][src.modRNN.training.alignment][INFO] -   align eprop @ epoch 1801: cos {'ALIFCell_0.input_weights': '1.030', 'ALIFCell_0.recurrent_weights': '0.845', 'ReadOut_0.readout_weights': '0.000'}
[2026-06-02 17:27:07,896][src.modRNN.training.alignment][INFO] -   align diffusion_aligned @ epoch 1801: cos {'ALIFCell_0.input_weights': '0.942', 'ALIFCell_0.recurrent_weights': '0.822', 'ReadOut_0.readout_weights': '0.000'}
[2026-06-02 17:27:10,079][src.modRNN.training.alignment][INFO] -   align diffusion_per_step @ epoch 1801: cos {'ALIFCell_0.input_weights': '1.019', 'ALIFCell_0.recurrent_weights': '0.836', 'ReadOut_0.readout_weights': '0.000'}
[2026-06-02 17:27:11,351][src.modRNN.training.alignment][INFO] -   align diffusion_fixed @ epoch 1801: cos {'ALIFCell_0.input_weights': '0.840', 'ALIFCell_0.recurrent_weights': '0.744', 'ReadOut_0.readout_weights': '0.000'}
[2026-06-02 17:27:43,415][src.modRNN.training.alignment][INFO] - epoch 1825  train loss=0.1935  (rule: diffusion)
[2026-06-02 17:28:16,797][src.modRNN.training.alignment][INFO] - epoch 1850  train loss=0.4060  (rule: diffusion)
[2026-06-02 17:28:19,576][src.modRNN.training.alignment][INFO] -   align BPTT @ epoch 1851: cos {'ALIFCell_0.input_weights': '0.000', 'ALIFCell_0.recurrent_weights': '0.000', 'ReadOut_0.readout_weights': '0.000'}
[2026-06-02 17:28:20,588][src.modRNN.training.alignment][INFO] -   align eprop @ epoch 1851: cos {'ALIFCell_0.input_weights': '0.720', 'ALIFCell_0.recurrent_weights': '0.529', 'ReadOut_0.readout_weights': '0.000'}
[2026-06-02 17:28:21,882][src.modRNN.training.alignment][INFO] -   align diffusion_aligned @ epoch 1851: cos {'ALIFCell_0.input_weights': '0.851', 'ALIFCell_0.recurrent_weights': '0.669', 'ReadOut_0.readout_weights': '0.000'}
[2026-06-02 17:28:24,069][src.modRNN.training.alignment][INFO] -   align diffusion_per_step @ epoch 1851: cos {'ALIFCell_0.input_weights': '0.720', 'ALIFCell_0.recurrent_weights': '0.520', 'ReadOut_0.readout_weights': '0.000'}
[2026-06-02 17:28:25,344][src.modRNN.training.alignment][INFO] -   align diffusion_fixed @ epoch 1851: cos {'ALIFCell_0.input_weights': '0.708', 'ALIFCell_0.recurrent_weights': '0.581', 'ReadOut_0.readout_weights': '0.000'}
[2026-06-02 17:28:57,347][src.modRNN.training.alignment][INFO] - epoch 1875  train loss=0.3157  (rule: diffusion)
[2026-06-02 17:29:30,827][src.modRNN.training.alignment][INFO] - epoch 1900  train loss=0.3354  (rule: diffusion)
[2026-06-02 17:29:33,604][src.modRNN.training.alignment][INFO] -   align BPTT @ epoch 1901: cos {'ALIFCell_0.input_weights': '0.000', 'ALIFCell_0.recurrent_weights': '0.000', 'ReadOut_0.readout_weights': '0.000'}
[2026-06-02 17:29:34,611][src.modRNN.training.alignment][INFO] -   align eprop @ epoch 1901: cos {'ALIFCell_0.input_weights': '0.672', 'ALIFCell_0.recurrent_weights': '0.690', 'ReadOut_0.readout_weights': '0.000'}
[2026-06-02 17:29:35,893][src.modRNN.training.alignment][INFO] -   align diffusion_aligned @ epoch 1901: cos {'ALIFCell_0.input_weights': '0.796', 'ALIFCell_0.recurrent_weights': '0.768', 'ReadOut_0.readout_weights': '0.000'}
[2026-06-02 17:29:38,071][src.modRNN.training.alignment][INFO] -   align diffusion_per_step @ epoch 1901: cos {'ALIFCell_0.input_weights': '0.670', 'ALIFCell_0.recurrent_weights': '0.683', 'ReadOut_0.readout_weights': '0.000'}
[2026-06-02 17:29:39,338][src.modRNN.training.alignment][INFO] -   align diffusion_fixed @ epoch 1901: cos {'ALIFCell_0.input_weights': '0.682', 'ALIFCell_0.recurrent_weights': '0.757', 'ReadOut_0.readout_weights': '0.000'}
[2026-06-02 17:30:11,364][src.modRNN.training.alignment][INFO] - epoch 1925  train loss=0.1595  (rule: diffusion)
[2026-06-02 17:30:44,773][src.modRNN.training.alignment][INFO] - epoch 1950  train loss=0.2887  (rule: diffusion)
[2026-06-02 17:30:47,540][src.modRNN.training.alignment][INFO] -   align BPTT @ epoch 1951: cos {'ALIFCell_0.input_weights': '0.000', 'ALIFCell_0.recurrent_weights': '0.000', 'ReadOut_0.readout_weights': '0.000'}
[2026-06-02 17:30:48,546][src.modRNN.training.alignment][INFO] -   align eprop @ epoch 1951: cos {'ALIFCell_0.input_weights': '0.876', 'ALIFCell_0.recurrent_weights': '1.019', 'ReadOut_0.readout_weights': '0.000'}
[2026-06-02 17:30:49,830][src.modRNN.training.alignment][INFO] -   align diffusion_aligned @ epoch 1951: cos {'ALIFCell_0.input_weights': '0.948', 'ALIFCell_0.recurrent_weights': '1.000', 'ReadOut_0.readout_weights': '0.000'}
[2026-06-02 17:30:52,007][src.modRNN.training.alignment][INFO] -   align diffusion_per_step @ epoch 1951: cos {'ALIFCell_0.input_weights': '0.853', 'ALIFCell_0.recurrent_weights': '0.997', 'ReadOut_0.readout_weights': '0.000'}
[2026-06-02 17:30:53,275][src.modRNN.training.alignment][INFO] -   align diffusion_fixed @ epoch 1951: cos {'ALIFCell_0.input_weights': '0.802', 'ALIFCell_0.recurrent_weights': '1.078', 'ReadOut_0.readout_weights': '0.000'}
[2026-06-02 17:31:25,357][src.modRNN.training.alignment][INFO] - epoch 1975  train loss=0.2348  (rule: diffusion)
[2026-06-02 17:31:58,607][src.modRNN.training.alignment][INFO] - epoch 2000  train loss=0.3714  (rule: diffusion)
[2026-06-02 17:32:01,374][src.modRNN.training.alignment][INFO] -   align BPTT @ epoch 2001: cos {'ALIFCell_0.input_weights': '0.000', 'ALIFCell_0.recurrent_weights': '0.000', 'ReadOut_0.readout_weights': '0.000'}
[2026-06-02 17:32:02,388][src.modRNN.training.alignment][INFO] -   align eprop @ epoch 2001: cos {'ALIFCell_0.input_weights': '0.840', 'ALIFCell_0.recurrent_weights': '1.062', 'ReadOut_0.readout_weights': '0.000'}
[2026-06-02 17:32:03,677][src.modRNN.training.alignment][INFO] -   align diffusion_aligned @ epoch 2001: cos {'ALIFCell_0.input_weights': '1.102', 'ALIFCell_0.recurrent_weights': '1.113', 'ReadOut_0.readout_weights': '0.000'}
[2026-06-02 17:32:05,860][src.modRNN.training.alignment][INFO] -   align diffusion_per_step @ epoch 2001: cos {'ALIFCell_0.input_weights': '0.871', 'ALIFCell_0.recurrent_weights': '1.079', 'ReadOut_0.readout_weights': '0.000'}
[2026-06-02 17:32:07,131][src.modRNN.training.alignment][INFO] -   align diffusion_fixed @ epoch 2001: cos {'ALIFCell_0.input_weights': '0.711', 'ALIFCell_0.recurrent_weights': '1.042', 'ReadOut_0.readout_weights': '0.000'}
[2026-06-02 17:32:07,161][src.modRNN.training.alignment][INFO] - Alignment experiment finished. Output dir: /mnt/lustre/work/martius/mot736/neuromodRNN/outputs/cue_accumulation/cue_accumulation_align_nn_connectivity_diffusion_fixed/seed_111
