[2026-06-02 18:05:00,959][jax._src.xla_bridge][INFO] - Unable to initialize backend 'rocm': module 'jaxlib.xla_extension' has no attribute 'GpuAllocatorConfig'
[2026-06-02 18:05:00,961][jax._src.xla_bridge][INFO] - Unable to initialize backend 'tpu': INTERNAL: Failed to open libtpu.so: libtpu.so: cannot open shared object file: No such file or directory
[2026-06-02 18:05:08,411][src.modRNN.training.alignment][INFO] - Starting alignment experiment: training with diffusion, measuring alignment of ['BPTT', 'eprop', 'diffusion_aligned', 'diffusion_per_step', 'diffusion_fixed'] every 50 epochs.
[2026-06-02 18:05:11,997][src.modRNN.training.alignment][INFO] - epoch 1  train loss=0.6931  (rule: diffusion)
[2026-06-02 18:05:13,946][src.modRNN.training.alignment][INFO] -   align BPTT @ epoch 1: cos {'ALIFCell_0.input_weights': '0.000', 'ALIFCell_0.recurrent_weights': '0.000', 'ReadOut_0.readout_weights': '0.000'}
[2026-06-02 18:05:15,430][src.modRNN.training.alignment][INFO] -   align eprop @ epoch 1: cos {'ALIFCell_0.input_weights': '0.406', 'ALIFCell_0.recurrent_weights': '0.513', 'ReadOut_0.readout_weights': '0.000'}
[2026-06-02 18:05:17,028][src.modRNN.training.alignment][INFO] -   align diffusion_aligned @ epoch 1: cos {'ALIFCell_0.input_weights': '0.727', 'ALIFCell_0.recurrent_weights': '0.681', 'ReadOut_0.readout_weights': '0.000'}
[2026-06-02 18:05:20,642][src.modRNN.training.alignment][INFO] -   align diffusion_per_step @ epoch 1: cos {'ALIFCell_0.input_weights': '0.532', 'ALIFCell_0.recurrent_weights': '0.597', 'ReadOut_0.readout_weights': '0.000'}
[2026-06-02 18:05:22,369][src.modRNN.training.alignment][INFO] -   align diffusion_fixed @ epoch 1: cos {'ALIFCell_0.input_weights': '0.591', 'ALIFCell_0.recurrent_weights': '0.635', 'ReadOut_0.readout_weights': '0.000'}
[2026-06-02 18:05:39,725][src.modRNN.training.alignment][INFO] - epoch 25  train loss=0.6932  (rule: diffusion)
[2026-06-02 18:05:57,793][src.modRNN.training.alignment][INFO] - epoch 50  train loss=0.6932  (rule: diffusion)
[2026-06-02 18:05:59,277][src.modRNN.training.alignment][INFO] -   align BPTT @ epoch 51: cos {'ALIFCell_0.input_weights': '0.000', 'ALIFCell_0.recurrent_weights': '0.000', 'ReadOut_0.readout_weights': '0.000'}
[2026-06-02 18:05:59,835][src.modRNN.training.alignment][INFO] -   align eprop @ epoch 51: cos {'ALIFCell_0.input_weights': '0.445', 'ALIFCell_0.recurrent_weights': '0.487', 'ReadOut_0.readout_weights': '0.000'}
[2026-06-02 18:06:00,516][src.modRNN.training.alignment][INFO] -   align diffusion_aligned @ epoch 51: cos {'ALIFCell_0.input_weights': '0.819', 'ALIFCell_0.recurrent_weights': '0.782', 'ReadOut_0.readout_weights': '0.000'}
[2026-06-02 18:06:01,677][src.modRNN.training.alignment][INFO] -   align diffusion_per_step @ epoch 51: cos {'ALIFCell_0.input_weights': '0.609', 'ALIFCell_0.recurrent_weights': '0.613', 'ReadOut_0.readout_weights': '0.000'}
[2026-06-02 18:06:02,361][src.modRNN.training.alignment][INFO] -   align diffusion_fixed @ epoch 51: cos {'ALIFCell_0.input_weights': '0.653', 'ALIFCell_0.recurrent_weights': '0.623', 'ReadOut_0.readout_weights': '0.000'}
[2026-06-02 18:06:19,873][src.modRNN.training.alignment][INFO] - epoch 75  train loss=0.6932  (rule: diffusion)
[2026-06-02 18:06:38,118][src.modRNN.training.alignment][INFO] - epoch 100  train loss=0.6931  (rule: diffusion)
[2026-06-02 18:06:39,609][src.modRNN.training.alignment][INFO] -   align BPTT @ epoch 101: cos {'ALIFCell_0.input_weights': '0.000', 'ALIFCell_0.recurrent_weights': '0.000', 'ReadOut_0.readout_weights': '0.000'}
[2026-06-02 18:06:40,173][src.modRNN.training.alignment][INFO] -   align eprop @ epoch 101: cos {'ALIFCell_0.input_weights': '1.316', 'ALIFCell_0.recurrent_weights': '0.860', 'ReadOut_0.readout_weights': '0.000'}
[2026-06-02 18:06:40,857][src.modRNN.training.alignment][INFO] -   align diffusion_aligned @ epoch 101: cos {'ALIFCell_0.input_weights': '1.398', 'ALIFCell_0.recurrent_weights': '1.077', 'ReadOut_0.readout_weights': '0.000'}
[2026-06-02 18:06:42,023][src.modRNN.training.alignment][INFO] -   align diffusion_per_step @ epoch 101: cos {'ALIFCell_0.input_weights': '1.432', 'ALIFCell_0.recurrent_weights': '1.090', 'ReadOut_0.readout_weights': '0.000'}
[2026-06-02 18:06:42,705][src.modRNN.training.alignment][INFO] -   align diffusion_fixed @ epoch 101: cos {'ALIFCell_0.input_weights': '1.304', 'ALIFCell_0.recurrent_weights': '1.051', 'ReadOut_0.readout_weights': '0.000'}
[2026-06-02 18:07:00,199][src.modRNN.training.alignment][INFO] - epoch 125  train loss=0.6931  (rule: diffusion)
[2026-06-02 18:07:18,434][src.modRNN.training.alignment][INFO] - epoch 150  train loss=0.6949  (rule: diffusion)
[2026-06-02 18:07:19,925][src.modRNN.training.alignment][INFO] -   align BPTT @ epoch 151: cos {'ALIFCell_0.input_weights': '0.000', 'ALIFCell_0.recurrent_weights': '0.000', 'ReadOut_0.readout_weights': '0.000'}
[2026-06-02 18:07:20,485][src.modRNN.training.alignment][INFO] -   align eprop @ epoch 151: cos {'ALIFCell_0.input_weights': '1.198', 'ALIFCell_0.recurrent_weights': '1.057', 'ReadOut_0.readout_weights': '0.000'}
[2026-06-02 18:07:21,170][src.modRNN.training.alignment][INFO] -   align diffusion_aligned @ epoch 151: cos {'ALIFCell_0.input_weights': '1.231', 'ALIFCell_0.recurrent_weights': '1.135', 'ReadOut_0.readout_weights': '0.000'}
[2026-06-02 18:07:22,338][src.modRNN.training.alignment][INFO] -   align diffusion_per_step @ epoch 151: cos {'ALIFCell_0.input_weights': '1.137', 'ALIFCell_0.recurrent_weights': '1.064', 'ReadOut_0.readout_weights': '0.000'}
[2026-06-02 18:07:23,021][src.modRNN.training.alignment][INFO] -   align diffusion_fixed @ epoch 151: cos {'ALIFCell_0.input_weights': '1.127', 'ALIFCell_0.recurrent_weights': '1.089', 'ReadOut_0.readout_weights': '0.000'}
[2026-06-02 18:07:40,636][src.modRNN.training.alignment][INFO] - epoch 175  train loss=0.6889  (rule: diffusion)
[2026-06-02 18:07:59,015][src.modRNN.training.alignment][INFO] - epoch 200  train loss=0.6605  (rule: diffusion)
[2026-06-02 18:08:00,518][src.modRNN.training.alignment][INFO] -   align BPTT @ epoch 201: cos {'ALIFCell_0.input_weights': '0.000', 'ALIFCell_0.recurrent_weights': '0.000', 'ReadOut_0.readout_weights': '0.000'}
[2026-06-02 18:08:01,085][src.modRNN.training.alignment][INFO] -   align eprop @ epoch 201: cos {'ALIFCell_0.input_weights': '0.925', 'ALIFCell_0.recurrent_weights': '0.846', 'ReadOut_0.readout_weights': '0.000'}
[2026-06-02 18:08:01,775][src.modRNN.training.alignment][INFO] -   align diffusion_aligned @ epoch 201: cos {'ALIFCell_0.input_weights': '0.956', 'ALIFCell_0.recurrent_weights': '0.977', 'ReadOut_0.readout_weights': '0.000'}
[2026-06-02 18:08:02,951][src.modRNN.training.alignment][INFO] -   align diffusion_per_step @ epoch 201: cos {'ALIFCell_0.input_weights': '0.918', 'ALIFCell_0.recurrent_weights': '0.894', 'ReadOut_0.readout_weights': '0.000'}
[2026-06-02 18:08:03,638][src.modRNN.training.alignment][INFO] -   align diffusion_fixed @ epoch 201: cos {'ALIFCell_0.input_weights': '0.959', 'ALIFCell_0.recurrent_weights': '0.898', 'ReadOut_0.readout_weights': '0.000'}
[2026-06-02 18:08:21,303][src.modRNN.training.alignment][INFO] - epoch 225  train loss=0.6233  (rule: diffusion)
[2026-06-02 18:08:39,667][src.modRNN.training.alignment][INFO] - epoch 250  train loss=0.5360  (rule: diffusion)
[2026-06-02 18:08:41,167][src.modRNN.training.alignment][INFO] -   align BPTT @ epoch 251: cos {'ALIFCell_0.input_weights': '0.000', 'ALIFCell_0.recurrent_weights': '0.000', 'ReadOut_0.readout_weights': '0.000'}
[2026-06-02 18:08:41,731][src.modRNN.training.alignment][INFO] -   align eprop @ epoch 251: cos {'ALIFCell_0.input_weights': '1.197', 'ALIFCell_0.recurrent_weights': '1.413', 'ReadOut_0.readout_weights': '0.000'}
[2026-06-02 18:08:42,421][src.modRNN.training.alignment][INFO] -   align diffusion_aligned @ epoch 251: cos {'ALIFCell_0.input_weights': '1.324', 'ALIFCell_0.recurrent_weights': '1.514', 'ReadOut_0.readout_weights': '0.000'}
[2026-06-02 18:08:43,598][src.modRNN.training.alignment][INFO] -   align diffusion_per_step @ epoch 251: cos {'ALIFCell_0.input_weights': '1.225', 'ALIFCell_0.recurrent_weights': '1.428', 'ReadOut_0.readout_weights': '0.000'}
[2026-06-02 18:08:44,287][src.modRNN.training.alignment][INFO] -   align diffusion_fixed @ epoch 251: cos {'ALIFCell_0.input_weights': '1.167', 'ALIFCell_0.recurrent_weights': '1.406', 'ReadOut_0.readout_weights': '0.000'}
[2026-06-02 18:09:01,981][src.modRNN.training.alignment][INFO] - epoch 275  train loss=0.5397  (rule: diffusion)
[2026-06-02 18:09:20,416][src.modRNN.training.alignment][INFO] - epoch 300  train loss=0.4131  (rule: diffusion)
[2026-06-02 18:09:21,920][src.modRNN.training.alignment][INFO] -   align BPTT @ epoch 301: cos {'ALIFCell_0.input_weights': '0.000', 'ALIFCell_0.recurrent_weights': '0.000', 'ReadOut_0.readout_weights': '0.000'}
[2026-06-02 18:09:22,485][src.modRNN.training.alignment][INFO] -   align eprop @ epoch 301: cos {'ALIFCell_0.input_weights': '1.454', 'ALIFCell_0.recurrent_weights': '1.324', 'ReadOut_0.readout_weights': '0.000'}
[2026-06-02 18:09:23,177][src.modRNN.training.alignment][INFO] -   align diffusion_aligned @ epoch 301: cos {'ALIFCell_0.input_weights': '1.452', 'ALIFCell_0.recurrent_weights': '1.246', 'ReadOut_0.readout_weights': '0.000'}
[2026-06-02 18:09:24,353][src.modRNN.training.alignment][INFO] -   align diffusion_per_step @ epoch 301: cos {'ALIFCell_0.input_weights': '1.461', 'ALIFCell_0.recurrent_weights': '1.270', 'ReadOut_0.readout_weights': '0.000'}
[2026-06-02 18:09:25,039][src.modRNN.training.alignment][INFO] -   align diffusion_fixed @ epoch 301: cos {'ALIFCell_0.input_weights': '1.448', 'ALIFCell_0.recurrent_weights': '1.290', 'ReadOut_0.readout_weights': '0.000'}
[2026-06-02 18:09:42,685][src.modRNN.training.alignment][INFO] - epoch 325  train loss=0.4609  (rule: diffusion)
[2026-06-02 18:10:01,052][src.modRNN.training.alignment][INFO] - epoch 350  train loss=0.2673  (rule: diffusion)
[2026-06-02 18:10:02,557][src.modRNN.training.alignment][INFO] -   align BPTT @ epoch 351: cos {'ALIFCell_0.input_weights': '0.000', 'ALIFCell_0.recurrent_weights': '0.000', 'ReadOut_0.readout_weights': '0.000'}
[2026-06-02 18:10:03,121][src.modRNN.training.alignment][INFO] -   align eprop @ epoch 351: cos {'ALIFCell_0.input_weights': '1.148', 'ALIFCell_0.recurrent_weights': '1.285', 'ReadOut_0.readout_weights': '0.000'}
[2026-06-02 18:10:03,812][src.modRNN.training.alignment][INFO] -   align diffusion_aligned @ epoch 351: cos {'ALIFCell_0.input_weights': '1.213', 'ALIFCell_0.recurrent_weights': '1.284', 'ReadOut_0.readout_weights': '0.000'}
[2026-06-02 18:10:04,989][src.modRNN.training.alignment][INFO] -   align diffusion_per_step @ epoch 351: cos {'ALIFCell_0.input_weights': '1.153', 'ALIFCell_0.recurrent_weights': '1.188', 'ReadOut_0.readout_weights': '0.000'}
[2026-06-02 18:10:05,677][src.modRNN.training.alignment][INFO] -   align diffusion_fixed @ epoch 351: cos {'ALIFCell_0.input_weights': '1.114', 'ALIFCell_0.recurrent_weights': '1.169', 'ReadOut_0.readout_weights': '0.000'}
[2026-06-02 18:10:23,335][src.modRNN.training.alignment][INFO] - epoch 375  train loss=0.5270  (rule: diffusion)
[2026-06-02 18:10:41,710][src.modRNN.training.alignment][INFO] - epoch 400  train loss=0.4443  (rule: diffusion)
[2026-06-02 18:10:43,212][src.modRNN.training.alignment][INFO] -   align BPTT @ epoch 401: cos {'ALIFCell_0.input_weights': '0.000', 'ALIFCell_0.recurrent_weights': '0.000', 'ReadOut_0.readout_weights': '0.000'}
[2026-06-02 18:10:43,776][src.modRNN.training.alignment][INFO] -   align eprop @ epoch 401: cos {'ALIFCell_0.input_weights': '1.276', 'ALIFCell_0.recurrent_weights': '1.110', 'ReadOut_0.readout_weights': '0.000'}
[2026-06-02 18:10:44,466][src.modRNN.training.alignment][INFO] -   align diffusion_aligned @ epoch 401: cos {'ALIFCell_0.input_weights': '1.271', 'ALIFCell_0.recurrent_weights': '1.093', 'ReadOut_0.readout_weights': '0.000'}
[2026-06-02 18:10:45,645][src.modRNN.training.alignment][INFO] -   align diffusion_per_step @ epoch 401: cos {'ALIFCell_0.input_weights': '1.286', 'ALIFCell_0.recurrent_weights': '1.043', 'ReadOut_0.readout_weights': '0.000'}
[2026-06-02 18:10:46,334][src.modRNN.training.alignment][INFO] -   align diffusion_fixed @ epoch 401: cos {'ALIFCell_0.input_weights': '1.243', 'ALIFCell_0.recurrent_weights': '0.987', 'ReadOut_0.readout_weights': '0.000'}
[2026-06-02 18:11:03,954][src.modRNN.training.alignment][INFO] - epoch 425  train loss=0.3735  (rule: diffusion)
[2026-06-02 18:11:22,336][src.modRNN.training.alignment][INFO] - epoch 450  train loss=0.3432  (rule: diffusion)
[2026-06-02 18:11:23,839][src.modRNN.training.alignment][INFO] -   align BPTT @ epoch 451: cos {'ALIFCell_0.input_weights': '0.000', 'ALIFCell_0.recurrent_weights': '0.000', 'ReadOut_0.readout_weights': '0.000'}
[2026-06-02 18:11:24,403][src.modRNN.training.alignment][INFO] -   align eprop @ epoch 451: cos {'ALIFCell_0.input_weights': '1.201', 'ALIFCell_0.recurrent_weights': '1.373', 'ReadOut_0.readout_weights': '0.000'}
[2026-06-02 18:11:25,093][src.modRNN.training.alignment][INFO] -   align diffusion_aligned @ epoch 451: cos {'ALIFCell_0.input_weights': '1.286', 'ALIFCell_0.recurrent_weights': '1.394', 'ReadOut_0.readout_weights': '0.000'}
[2026-06-02 18:11:26,269][src.modRNN.training.alignment][INFO] -   align diffusion_per_step @ epoch 451: cos {'ALIFCell_0.input_weights': '1.248', 'ALIFCell_0.recurrent_weights': '1.396', 'ReadOut_0.readout_weights': '0.000'}
[2026-06-02 18:11:26,955][src.modRNN.training.alignment][INFO] -   align diffusion_fixed @ epoch 451: cos {'ALIFCell_0.input_weights': '1.220', 'ALIFCell_0.recurrent_weights': '1.395', 'ReadOut_0.readout_weights': '0.000'}
[2026-06-02 18:11:44,580][src.modRNN.training.alignment][INFO] - epoch 475  train loss=0.2836  (rule: diffusion)
[2026-06-02 18:12:02,934][src.modRNN.training.alignment][INFO] - epoch 500  train loss=0.3065  (rule: diffusion)
[2026-06-02 18:12:04,438][src.modRNN.training.alignment][INFO] -   align BPTT @ epoch 501: cos {'ALIFCell_0.input_weights': '0.000', 'ALIFCell_0.recurrent_weights': '0.000', 'ReadOut_0.readout_weights': '0.000'}
[2026-06-02 18:12:05,002][src.modRNN.training.alignment][INFO] -   align eprop @ epoch 501: cos {'ALIFCell_0.input_weights': '1.067', 'ALIFCell_0.recurrent_weights': '1.284', 'ReadOut_0.readout_weights': '0.000'}
[2026-06-02 18:12:05,694][src.modRNN.training.alignment][INFO] -   align diffusion_aligned @ epoch 501: cos {'ALIFCell_0.input_weights': '1.153', 'ALIFCell_0.recurrent_weights': '1.272', 'ReadOut_0.readout_weights': '0.000'}
[2026-06-02 18:12:06,869][src.modRNN.training.alignment][INFO] -   align diffusion_per_step @ epoch 501: cos {'ALIFCell_0.input_weights': '1.193', 'ALIFCell_0.recurrent_weights': '1.268', 'ReadOut_0.readout_weights': '0.000'}
[2026-06-02 18:12:07,555][src.modRNN.training.alignment][INFO] -   align diffusion_fixed @ epoch 501: cos {'ALIFCell_0.input_weights': '1.052', 'ALIFCell_0.recurrent_weights': '1.229', 'ReadOut_0.readout_weights': '0.000'}
[2026-06-02 18:12:25,231][src.modRNN.training.alignment][INFO] - epoch 525  train loss=0.2462  (rule: diffusion)
[2026-06-02 18:12:43,591][src.modRNN.training.alignment][INFO] - epoch 550  train loss=0.3952  (rule: diffusion)
[2026-06-02 18:12:45,094][src.modRNN.training.alignment][INFO] -   align BPTT @ epoch 551: cos {'ALIFCell_0.input_weights': '0.000', 'ALIFCell_0.recurrent_weights': '0.000', 'ReadOut_0.readout_weights': '0.000'}
[2026-06-02 18:12:45,659][src.modRNN.training.alignment][INFO] -   align eprop @ epoch 551: cos {'ALIFCell_0.input_weights': '1.376', 'ALIFCell_0.recurrent_weights': '1.266', 'ReadOut_0.readout_weights': '0.000'}
[2026-06-02 18:12:46,349][src.modRNN.training.alignment][INFO] -   align diffusion_aligned @ epoch 551: cos {'ALIFCell_0.input_weights': '1.385', 'ALIFCell_0.recurrent_weights': '1.290', 'ReadOut_0.readout_weights': '0.000'}
[2026-06-02 18:12:47,526][src.modRNN.training.alignment][INFO] -   align diffusion_per_step @ epoch 551: cos {'ALIFCell_0.input_weights': '1.312', 'ALIFCell_0.recurrent_weights': '1.300', 'ReadOut_0.readout_weights': '0.000'}
[2026-06-02 18:12:48,214][src.modRNN.training.alignment][INFO] -   align diffusion_fixed @ epoch 551: cos {'ALIFCell_0.input_weights': '1.277', 'ALIFCell_0.recurrent_weights': '1.192', 'ReadOut_0.readout_weights': '0.000'}
[2026-06-02 18:13:05,849][src.modRNN.training.alignment][INFO] - epoch 575  train loss=0.3208  (rule: diffusion)
[2026-06-02 18:13:24,244][src.modRNN.training.alignment][INFO] - epoch 600  train loss=0.4850  (rule: diffusion)
[2026-06-02 18:13:25,748][src.modRNN.training.alignment][INFO] -   align BPTT @ epoch 601: cos {'ALIFCell_0.input_weights': '0.000', 'ALIFCell_0.recurrent_weights': '0.000', 'ReadOut_0.readout_weights': '0.000'}
[2026-06-02 18:13:26,315][src.modRNN.training.alignment][INFO] -   align eprop @ epoch 601: cos {'ALIFCell_0.input_weights': '1.570', 'ALIFCell_0.recurrent_weights': '1.586', 'ReadOut_0.readout_weights': '0.000'}
[2026-06-02 18:13:27,006][src.modRNN.training.alignment][INFO] -   align diffusion_aligned @ epoch 601: cos {'ALIFCell_0.input_weights': '1.557', 'ALIFCell_0.recurrent_weights': '1.579', 'ReadOut_0.readout_weights': '0.000'}
[2026-06-02 18:13:28,187][src.modRNN.training.alignment][INFO] -   align diffusion_per_step @ epoch 601: cos {'ALIFCell_0.input_weights': '1.539', 'ALIFCell_0.recurrent_weights': '1.614', 'ReadOut_0.readout_weights': '0.000'}
[2026-06-02 18:13:28,875][src.modRNN.training.alignment][INFO] -   align diffusion_fixed @ epoch 601: cos {'ALIFCell_0.input_weights': '1.512', 'ALIFCell_0.recurrent_weights': '1.617', 'ReadOut_0.readout_weights': '0.000'}
[2026-06-02 18:13:46,503][src.modRNN.training.alignment][INFO] - epoch 625  train loss=0.3432  (rule: diffusion)
[2026-06-02 18:14:04,886][src.modRNN.training.alignment][INFO] - epoch 650  train loss=0.4398  (rule: diffusion)
[2026-06-02 18:14:06,392][src.modRNN.training.alignment][INFO] -   align BPTT @ epoch 651: cos {'ALIFCell_0.input_weights': '0.000', 'ALIFCell_0.recurrent_weights': '0.000', 'ReadOut_0.readout_weights': '0.000'}
[2026-06-02 18:14:06,956][src.modRNN.training.alignment][INFO] -   align eprop @ epoch 651: cos {'ALIFCell_0.input_weights': '1.439', 'ALIFCell_0.recurrent_weights': '1.510', 'ReadOut_0.readout_weights': '0.000'}
[2026-06-02 18:14:07,648][src.modRNN.training.alignment][INFO] -   align diffusion_aligned @ epoch 651: cos {'ALIFCell_0.input_weights': '1.446', 'ALIFCell_0.recurrent_weights': '1.500', 'ReadOut_0.readout_weights': '0.000'}
[2026-06-02 18:14:08,825][src.modRNN.training.alignment][INFO] -   align diffusion_per_step @ epoch 651: cos {'ALIFCell_0.input_weights': '1.478', 'ALIFCell_0.recurrent_weights': '1.561', 'ReadOut_0.readout_weights': '0.000'}
[2026-06-02 18:14:09,517][src.modRNN.training.alignment][INFO] -   align diffusion_fixed @ epoch 651: cos {'ALIFCell_0.input_weights': '1.396', 'ALIFCell_0.recurrent_weights': '1.452', 'ReadOut_0.readout_weights': '0.000'}
[2026-06-02 18:14:27,161][src.modRNN.training.alignment][INFO] - epoch 675  train loss=0.3860  (rule: diffusion)
[2026-06-02 18:14:45,512][src.modRNN.training.alignment][INFO] - epoch 700  train loss=0.6454  (rule: diffusion)
[2026-06-02 18:14:47,015][src.modRNN.training.alignment][INFO] -   align BPTT @ epoch 701: cos {'ALIFCell_0.input_weights': '0.000', 'ALIFCell_0.recurrent_weights': '0.000', 'ReadOut_0.readout_weights': '0.000'}
[2026-06-02 18:14:47,579][src.modRNN.training.alignment][INFO] -   align eprop @ epoch 701: cos {'ALIFCell_0.input_weights': '1.146', 'ALIFCell_0.recurrent_weights': '1.066', 'ReadOut_0.readout_weights': '0.000'}
[2026-06-02 18:14:48,269][src.modRNN.training.alignment][INFO] -   align diffusion_aligned @ epoch 701: cos {'ALIFCell_0.input_weights': '1.215', 'ALIFCell_0.recurrent_weights': '1.118', 'ReadOut_0.readout_weights': '0.000'}
[2026-06-02 18:14:49,445][src.modRNN.training.alignment][INFO] -   align diffusion_per_step @ epoch 701: cos {'ALIFCell_0.input_weights': '1.102', 'ALIFCell_0.recurrent_weights': '0.971', 'ReadOut_0.readout_weights': '0.000'}
[2026-06-02 18:14:50,132][src.modRNN.training.alignment][INFO] -   align diffusion_fixed @ epoch 701: cos {'ALIFCell_0.input_weights': '1.076', 'ALIFCell_0.recurrent_weights': '1.001', 'ReadOut_0.readout_weights': '0.000'}
[2026-06-02 18:15:07,847][src.modRNN.training.alignment][INFO] - epoch 725  train loss=0.7180  (rule: diffusion)
[2026-06-02 18:15:26,252][src.modRNN.training.alignment][INFO] - epoch 750  train loss=0.6707  (rule: diffusion)
[2026-06-02 18:15:27,758][src.modRNN.training.alignment][INFO] -   align BPTT @ epoch 751: cos {'ALIFCell_0.input_weights': '0.000', 'ALIFCell_0.recurrent_weights': '0.000', 'ReadOut_0.readout_weights': '0.000'}
[2026-06-02 18:15:28,323][src.modRNN.training.alignment][INFO] -   align eprop @ epoch 751: cos {'ALIFCell_0.input_weights': '1.251', 'ALIFCell_0.recurrent_weights': '0.967', 'ReadOut_0.readout_weights': '0.000'}
[2026-06-02 18:15:29,013][src.modRNN.training.alignment][INFO] -   align diffusion_aligned @ epoch 751: cos {'ALIFCell_0.input_weights': '1.301', 'ALIFCell_0.recurrent_weights': '1.017', 'ReadOut_0.readout_weights': '0.000'}
[2026-06-02 18:15:30,189][src.modRNN.training.alignment][INFO] -   align diffusion_per_step @ epoch 751: cos {'ALIFCell_0.input_weights': '1.231', 'ALIFCell_0.recurrent_weights': '0.972', 'ReadOut_0.readout_weights': '0.000'}
[2026-06-02 18:15:30,875][src.modRNN.training.alignment][INFO] -   align diffusion_fixed @ epoch 751: cos {'ALIFCell_0.input_weights': '1.211', 'ALIFCell_0.recurrent_weights': '0.968', 'ReadOut_0.readout_weights': '0.000'}
[2026-06-02 18:15:48,495][src.modRNN.training.alignment][INFO] - epoch 775  train loss=0.6328  (rule: diffusion)
[2026-06-02 18:16:06,882][src.modRNN.training.alignment][INFO] - epoch 800  train loss=0.6192  (rule: diffusion)
[2026-06-02 18:16:08,387][src.modRNN.training.alignment][INFO] -   align BPTT @ epoch 801: cos {'ALIFCell_0.input_weights': '0.000', 'ALIFCell_0.recurrent_weights': '0.000', 'ReadOut_0.readout_weights': '0.000'}
[2026-06-02 18:16:08,951][src.modRNN.training.alignment][INFO] -   align eprop @ epoch 801: cos {'ALIFCell_0.input_weights': '1.123', 'ALIFCell_0.recurrent_weights': '0.911', 'ReadOut_0.readout_weights': '0.000'}
[2026-06-02 18:16:09,642][src.modRNN.training.alignment][INFO] -   align diffusion_aligned @ epoch 801: cos {'ALIFCell_0.input_weights': '1.207', 'ALIFCell_0.recurrent_weights': '1.039', 'ReadOut_0.readout_weights': '0.000'}
[2026-06-02 18:16:10,820][src.modRNN.training.alignment][INFO] -   align diffusion_per_step @ epoch 801: cos {'ALIFCell_0.input_weights': '1.012', 'ALIFCell_0.recurrent_weights': '0.876', 'ReadOut_0.readout_weights': '0.000'}
[2026-06-02 18:16:11,508][src.modRNN.training.alignment][INFO] -   align diffusion_fixed @ epoch 801: cos {'ALIFCell_0.input_weights': '1.026', 'ALIFCell_0.recurrent_weights': '0.928', 'ReadOut_0.readout_weights': '0.000'}
[2026-06-02 18:16:29,186][src.modRNN.training.alignment][INFO] - epoch 825  train loss=0.6681  (rule: diffusion)
[2026-06-02 18:16:47,562][src.modRNN.training.alignment][INFO] - epoch 850  train loss=0.6839  (rule: diffusion)
[2026-06-02 18:16:49,067][src.modRNN.training.alignment][INFO] -   align BPTT @ epoch 851: cos {'ALIFCell_0.input_weights': '0.000', 'ALIFCell_0.recurrent_weights': '0.000', 'ReadOut_0.readout_weights': '0.000'}
[2026-06-02 18:16:49,631][src.modRNN.training.alignment][INFO] -   align eprop @ epoch 851: cos {'ALIFCell_0.input_weights': '1.026', 'ALIFCell_0.recurrent_weights': '1.315', 'ReadOut_0.readout_weights': '0.000'}
[2026-06-02 18:16:50,320][src.modRNN.training.alignment][INFO] -   align diffusion_aligned @ epoch 851: cos {'ALIFCell_0.input_weights': '1.116', 'ALIFCell_0.recurrent_weights': '1.295', 'ReadOut_0.readout_weights': '0.000'}
[2026-06-02 18:16:51,498][src.modRNN.training.alignment][INFO] -   align diffusion_per_step @ epoch 851: cos {'ALIFCell_0.input_weights': '1.026', 'ALIFCell_0.recurrent_weights': '1.324', 'ReadOut_0.readout_weights': '0.000'}
[2026-06-02 18:16:52,186][src.modRNN.training.alignment][INFO] -   align diffusion_fixed @ epoch 851: cos {'ALIFCell_0.input_weights': '1.089', 'ALIFCell_0.recurrent_weights': '1.314', 'ReadOut_0.readout_weights': '0.000'}
[2026-06-02 18:17:09,860][src.modRNN.training.alignment][INFO] - epoch 875  train loss=0.7420  (rule: diffusion)
[2026-06-02 18:17:28,234][src.modRNN.training.alignment][INFO] - epoch 900  train loss=0.6326  (rule: diffusion)
[2026-06-02 18:17:29,737][src.modRNN.training.alignment][INFO] -   align BPTT @ epoch 901: cos {'ALIFCell_0.input_weights': '0.000', 'ALIFCell_0.recurrent_weights': '0.000', 'ReadOut_0.readout_weights': '0.000'}
[2026-06-02 18:17:30,300][src.modRNN.training.alignment][INFO] -   align eprop @ epoch 901: cos {'ALIFCell_0.input_weights': '1.172', 'ALIFCell_0.recurrent_weights': '1.075', 'ReadOut_0.readout_weights': '0.000'}
[2026-06-02 18:17:30,991][src.modRNN.training.alignment][INFO] -   align diffusion_aligned @ epoch 901: cos {'ALIFCell_0.input_weights': '1.146', 'ALIFCell_0.recurrent_weights': '1.108', 'ReadOut_0.readout_weights': '0.000'}
[2026-06-02 18:17:32,166][src.modRNN.training.alignment][INFO] -   align diffusion_per_step @ epoch 901: cos {'ALIFCell_0.input_weights': '1.109', 'ALIFCell_0.recurrent_weights': '1.070', 'ReadOut_0.readout_weights': '0.000'}
[2026-06-02 18:17:32,851][src.modRNN.training.alignment][INFO] -   align diffusion_fixed @ epoch 901: cos {'ALIFCell_0.input_weights': '1.109', 'ALIFCell_0.recurrent_weights': '1.090', 'ReadOut_0.readout_weights': '0.000'}
[2026-06-02 18:17:50,452][src.modRNN.training.alignment][INFO] - epoch 925  train loss=0.6893  (rule: diffusion)
[2026-06-02 18:18:08,864][src.modRNN.training.alignment][INFO] - epoch 950  train loss=0.5704  (rule: diffusion)
[2026-06-02 18:18:10,369][src.modRNN.training.alignment][INFO] -   align BPTT @ epoch 951: cos {'ALIFCell_0.input_weights': '0.000', 'ALIFCell_0.recurrent_weights': '0.000', 'ReadOut_0.readout_weights': '0.000'}
[2026-06-02 18:18:10,933][src.modRNN.training.alignment][INFO] -   align eprop @ epoch 951: cos {'ALIFCell_0.input_weights': '1.152', 'ALIFCell_0.recurrent_weights': '1.270', 'ReadOut_0.readout_weights': '0.000'}
[2026-06-02 18:18:11,623][src.modRNN.training.alignment][INFO] -   align diffusion_aligned @ epoch 951: cos {'ALIFCell_0.input_weights': '1.156', 'ALIFCell_0.recurrent_weights': '1.257', 'ReadOut_0.readout_weights': '0.000'}
[2026-06-02 18:18:12,802][src.modRNN.training.alignment][INFO] -   align diffusion_per_step @ epoch 951: cos {'ALIFCell_0.input_weights': '1.118', 'ALIFCell_0.recurrent_weights': '1.249', 'ReadOut_0.readout_weights': '0.000'}
[2026-06-02 18:18:13,488][src.modRNN.training.alignment][INFO] -   align diffusion_fixed @ epoch 951: cos {'ALIFCell_0.input_weights': '1.130', 'ALIFCell_0.recurrent_weights': '1.264', 'ReadOut_0.readout_weights': '0.000'}
[2026-06-02 18:18:31,128][src.modRNN.training.alignment][INFO] - epoch 975  train loss=0.6373  (rule: diffusion)
[2026-06-02 18:18:49,457][src.modRNN.training.alignment][INFO] - epoch 1000  train loss=0.6811  (rule: diffusion)
[2026-06-02 18:18:50,959][src.modRNN.training.alignment][INFO] -   align BPTT @ epoch 1001: cos {'ALIFCell_0.input_weights': '0.000', 'ALIFCell_0.recurrent_weights': '0.000', 'ReadOut_0.readout_weights': '0.000'}
[2026-06-02 18:18:51,525][src.modRNN.training.alignment][INFO] -   align eprop @ epoch 1001: cos {'ALIFCell_0.input_weights': '1.158', 'ALIFCell_0.recurrent_weights': '1.389', 'ReadOut_0.readout_weights': '0.000'}
[2026-06-02 18:18:52,217][src.modRNN.training.alignment][INFO] -   align diffusion_aligned @ epoch 1001: cos {'ALIFCell_0.input_weights': '1.148', 'ALIFCell_0.recurrent_weights': '1.342', 'ReadOut_0.readout_weights': '0.000'}
[2026-06-02 18:18:53,395][src.modRNN.training.alignment][INFO] -   align diffusion_per_step @ epoch 1001: cos {'ALIFCell_0.input_weights': '1.138', 'ALIFCell_0.recurrent_weights': '1.335', 'ReadOut_0.readout_weights': '0.000'}
[2026-06-02 18:18:54,082][src.modRNN.training.alignment][INFO] -   align diffusion_fixed @ epoch 1001: cos {'ALIFCell_0.input_weights': '1.123', 'ALIFCell_0.recurrent_weights': '1.283', 'ReadOut_0.readout_weights': '0.000'}
[2026-06-02 18:19:11,728][src.modRNN.training.alignment][INFO] - epoch 1025  train loss=0.6853  (rule: diffusion)
[2026-06-02 18:19:30,149][src.modRNN.training.alignment][INFO] - epoch 1050  train loss=0.7516  (rule: diffusion)
[2026-06-02 18:19:31,655][src.modRNN.training.alignment][INFO] -   align BPTT @ epoch 1051: cos {'ALIFCell_0.input_weights': '0.000', 'ALIFCell_0.recurrent_weights': '0.000', 'ReadOut_0.readout_weights': '0.000'}
[2026-06-02 18:19:32,219][src.modRNN.training.alignment][INFO] -   align eprop @ epoch 1051: cos {'ALIFCell_0.input_weights': '1.168', 'ALIFCell_0.recurrent_weights': '1.375', 'ReadOut_0.readout_weights': '0.000'}
[2026-06-02 18:19:32,908][src.modRNN.training.alignment][INFO] -   align diffusion_aligned @ epoch 1051: cos {'ALIFCell_0.input_weights': '1.207', 'ALIFCell_0.recurrent_weights': '1.304', 'ReadOut_0.readout_weights': '0.000'}
[2026-06-02 18:19:34,085][src.modRNN.training.alignment][INFO] -   align diffusion_per_step @ epoch 1051: cos {'ALIFCell_0.input_weights': '1.182', 'ALIFCell_0.recurrent_weights': '1.322', 'ReadOut_0.readout_weights': '0.000'}
[2026-06-02 18:19:34,772][src.modRNN.training.alignment][INFO] -   align diffusion_fixed @ epoch 1051: cos {'ALIFCell_0.input_weights': '1.153', 'ALIFCell_0.recurrent_weights': '1.296', 'ReadOut_0.readout_weights': '0.000'}
[2026-06-02 18:19:52,364][src.modRNN.training.alignment][INFO] - epoch 1075  train loss=0.6139  (rule: diffusion)
[2026-06-02 18:20:10,726][src.modRNN.training.alignment][INFO] - epoch 1100  train loss=0.6432  (rule: diffusion)
[2026-06-02 18:20:12,232][src.modRNN.training.alignment][INFO] -   align BPTT @ epoch 1101: cos {'ALIFCell_0.input_weights': '0.000', 'ALIFCell_0.recurrent_weights': '0.000', 'ReadOut_0.readout_weights': '0.000'}
[2026-06-02 18:20:12,797][src.modRNN.training.alignment][INFO] -   align eprop @ epoch 1101: cos {'ALIFCell_0.input_weights': '1.374', 'ALIFCell_0.recurrent_weights': '1.417', 'ReadOut_0.readout_weights': '0.000'}
[2026-06-02 18:20:13,490][src.modRNN.training.alignment][INFO] -   align diffusion_aligned @ epoch 1101: cos {'ALIFCell_0.input_weights': '1.377', 'ALIFCell_0.recurrent_weights': '1.400', 'ReadOut_0.readout_weights': '0.000'}
[2026-06-02 18:20:14,668][src.modRNN.training.alignment][INFO] -   align diffusion_per_step @ epoch 1101: cos {'ALIFCell_0.input_weights': '1.365', 'ALIFCell_0.recurrent_weights': '1.395', 'ReadOut_0.readout_weights': '0.000'}
[2026-06-02 18:20:15,357][src.modRNN.training.alignment][INFO] -   align diffusion_fixed @ epoch 1101: cos {'ALIFCell_0.input_weights': '1.370', 'ALIFCell_0.recurrent_weights': '1.405', 'ReadOut_0.readout_weights': '0.000'}
[2026-06-02 18:20:33,018][src.modRNN.training.alignment][INFO] - epoch 1125  train loss=0.6308  (rule: diffusion)
[2026-06-02 18:20:51,393][src.modRNN.training.alignment][INFO] - epoch 1150  train loss=0.5742  (rule: diffusion)
[2026-06-02 18:20:52,896][src.modRNN.training.alignment][INFO] -   align BPTT @ epoch 1151: cos {'ALIFCell_0.input_weights': '0.000', 'ALIFCell_0.recurrent_weights': '0.000', 'ReadOut_0.readout_weights': '0.000'}
[2026-06-02 18:20:53,460][src.modRNN.training.alignment][INFO] -   align eprop @ epoch 1151: cos {'ALIFCell_0.input_weights': '1.295', 'ALIFCell_0.recurrent_weights': '1.407', 'ReadOut_0.readout_weights': '0.000'}
[2026-06-02 18:20:54,150][src.modRNN.training.alignment][INFO] -   align diffusion_aligned @ epoch 1151: cos {'ALIFCell_0.input_weights': '1.281', 'ALIFCell_0.recurrent_weights': '1.408', 'ReadOut_0.readout_weights': '0.000'}
[2026-06-02 18:20:55,331][src.modRNN.training.alignment][INFO] -   align diffusion_per_step @ epoch 1151: cos {'ALIFCell_0.input_weights': '1.284', 'ALIFCell_0.recurrent_weights': '1.378', 'ReadOut_0.readout_weights': '0.000'}
[2026-06-02 18:20:56,019][src.modRNN.training.alignment][INFO] -   align diffusion_fixed @ epoch 1151: cos {'ALIFCell_0.input_weights': '1.241', 'ALIFCell_0.recurrent_weights': '1.349', 'ReadOut_0.readout_weights': '0.000'}
[2026-06-02 18:21:13,681][src.modRNN.training.alignment][INFO] - epoch 1175  train loss=0.5875  (rule: diffusion)
[2026-06-02 18:21:32,071][src.modRNN.training.alignment][INFO] - epoch 1200  train loss=0.6835  (rule: diffusion)
[2026-06-02 18:21:33,574][src.modRNN.training.alignment][INFO] -   align BPTT @ epoch 1201: cos {'ALIFCell_0.input_weights': '0.000', 'ALIFCell_0.recurrent_weights': '0.000', 'ReadOut_0.readout_weights': '0.000'}
[2026-06-02 18:21:34,139][src.modRNN.training.alignment][INFO] -   align eprop @ epoch 1201: cos {'ALIFCell_0.input_weights': '1.203', 'ALIFCell_0.recurrent_weights': '1.375', 'ReadOut_0.readout_weights': '0.000'}
[2026-06-02 18:21:34,833][src.modRNN.training.alignment][INFO] -   align diffusion_aligned @ epoch 1201: cos {'ALIFCell_0.input_weights': '1.208', 'ALIFCell_0.recurrent_weights': '1.338', 'ReadOut_0.readout_weights': '0.000'}
[2026-06-02 18:21:36,009][src.modRNN.training.alignment][INFO] -   align diffusion_per_step @ epoch 1201: cos {'ALIFCell_0.input_weights': '1.194', 'ALIFCell_0.recurrent_weights': '1.380', 'ReadOut_0.readout_weights': '0.000'}
[2026-06-02 18:21:36,695][src.modRNN.training.alignment][INFO] -   align diffusion_fixed @ epoch 1201: cos {'ALIFCell_0.input_weights': '1.158', 'ALIFCell_0.recurrent_weights': '1.275', 'ReadOut_0.readout_weights': '0.000'}
[2026-06-02 18:21:54,306][src.modRNN.training.alignment][INFO] - epoch 1225  train loss=0.5935  (rule: diffusion)
[2026-06-02 18:22:12,726][src.modRNN.training.alignment][INFO] - epoch 1250  train loss=0.5816  (rule: diffusion)
[2026-06-02 18:22:14,233][src.modRNN.training.alignment][INFO] -   align BPTT @ epoch 1251: cos {'ALIFCell_0.input_weights': '0.000', 'ALIFCell_0.recurrent_weights': '0.000', 'ReadOut_0.readout_weights': '0.000'}
[2026-06-02 18:22:14,795][src.modRNN.training.alignment][INFO] -   align eprop @ epoch 1251: cos {'ALIFCell_0.input_weights': '1.032', 'ALIFCell_0.recurrent_weights': '1.088', 'ReadOut_0.readout_weights': '0.000'}
[2026-06-02 18:22:15,484][src.modRNN.training.alignment][INFO] -   align diffusion_aligned @ epoch 1251: cos {'ALIFCell_0.input_weights': '1.069', 'ALIFCell_0.recurrent_weights': '1.110', 'ReadOut_0.readout_weights': '0.000'}
[2026-06-02 18:22:16,659][src.modRNN.training.alignment][INFO] -   align diffusion_per_step @ epoch 1251: cos {'ALIFCell_0.input_weights': '1.019', 'ALIFCell_0.recurrent_weights': '1.044', 'ReadOut_0.readout_weights': '0.000'}
[2026-06-02 18:22:17,345][src.modRNN.training.alignment][INFO] -   align diffusion_fixed @ epoch 1251: cos {'ALIFCell_0.input_weights': '0.999', 'ALIFCell_0.recurrent_weights': '0.986', 'ReadOut_0.readout_weights': '0.000'}
[2026-06-02 18:22:34,996][src.modRNN.training.alignment][INFO] - epoch 1275  train loss=0.5816  (rule: diffusion)
[2026-06-02 18:22:53,358][src.modRNN.training.alignment][INFO] - epoch 1300  train loss=0.5355  (rule: diffusion)
[2026-06-02 18:22:54,862][src.modRNN.training.alignment][INFO] -   align BPTT @ epoch 1301: cos {'ALIFCell_0.input_weights': '0.000', 'ALIFCell_0.recurrent_weights': '0.000', 'ReadOut_0.readout_weights': '0.000'}
[2026-06-02 18:22:55,426][src.modRNN.training.alignment][INFO] -   align eprop @ epoch 1301: cos {'ALIFCell_0.input_weights': '1.194', 'ALIFCell_0.recurrent_weights': '1.435', 'ReadOut_0.readout_weights': '0.000'}
[2026-06-02 18:22:56,117][src.modRNN.training.alignment][INFO] -   align diffusion_aligned @ epoch 1301: cos {'ALIFCell_0.input_weights': '1.261', 'ALIFCell_0.recurrent_weights': '1.422', 'ReadOut_0.readout_weights': '0.000'}
[2026-06-02 18:22:57,294][src.modRNN.training.alignment][INFO] -   align diffusion_per_step @ epoch 1301: cos {'ALIFCell_0.input_weights': '1.230', 'ALIFCell_0.recurrent_weights': '1.426', 'ReadOut_0.readout_weights': '0.000'}
[2026-06-02 18:22:57,981][src.modRNN.training.alignment][INFO] -   align diffusion_fixed @ epoch 1301: cos {'ALIFCell_0.input_weights': '1.160', 'ALIFCell_0.recurrent_weights': '1.392', 'ReadOut_0.readout_weights': '0.000'}
[2026-06-02 18:23:15,638][src.modRNN.training.alignment][INFO] - epoch 1325  train loss=0.6072  (rule: diffusion)
[2026-06-02 18:23:34,042][src.modRNN.training.alignment][INFO] - epoch 1350  train loss=0.5814  (rule: diffusion)
[2026-06-02 18:23:35,546][src.modRNN.training.alignment][INFO] -   align BPTT @ epoch 1351: cos {'ALIFCell_0.input_weights': '0.000', 'ALIFCell_0.recurrent_weights': '0.000', 'ReadOut_0.readout_weights': '0.000'}
[2026-06-02 18:23:36,110][src.modRNN.training.alignment][INFO] -   align eprop @ epoch 1351: cos {'ALIFCell_0.input_weights': '1.079', 'ALIFCell_0.recurrent_weights': '1.068', 'ReadOut_0.readout_weights': '0.000'}
[2026-06-02 18:23:36,798][src.modRNN.training.alignment][INFO] -   align diffusion_aligned @ epoch 1351: cos {'ALIFCell_0.input_weights': '1.135', 'ALIFCell_0.recurrent_weights': '1.117', 'ReadOut_0.readout_weights': '0.000'}
[2026-06-02 18:23:37,975][src.modRNN.training.alignment][INFO] -   align diffusion_per_step @ epoch 1351: cos {'ALIFCell_0.input_weights': '1.044', 'ALIFCell_0.recurrent_weights': '0.957', 'ReadOut_0.readout_weights': '0.000'}
[2026-06-02 18:23:38,664][src.modRNN.training.alignment][INFO] -   align diffusion_fixed @ epoch 1351: cos {'ALIFCell_0.input_weights': '1.036', 'ALIFCell_0.recurrent_weights': '0.945', 'ReadOut_0.readout_weights': '0.000'}
[2026-06-02 18:23:56,290][src.modRNN.training.alignment][INFO] - epoch 1375  train loss=0.5146  (rule: diffusion)
[2026-06-02 18:24:14,668][src.modRNN.training.alignment][INFO] - epoch 1400  train loss=0.3731  (rule: diffusion)
[2026-06-02 18:24:16,171][src.modRNN.training.alignment][INFO] -   align BPTT @ epoch 1401: cos {'ALIFCell_0.input_weights': '0.000', 'ALIFCell_0.recurrent_weights': '0.000', 'ReadOut_0.readout_weights': '0.000'}
[2026-06-02 18:24:16,738][src.modRNN.training.alignment][INFO] -   align eprop @ epoch 1401: cos {'ALIFCell_0.input_weights': '1.095', 'ALIFCell_0.recurrent_weights': '1.191', 'ReadOut_0.readout_weights': '0.000'}
[2026-06-02 18:24:17,430][src.modRNN.training.alignment][INFO] -   align diffusion_aligned @ epoch 1401: cos {'ALIFCell_0.input_weights': '1.125', 'ALIFCell_0.recurrent_weights': '1.189', 'ReadOut_0.readout_weights': '0.000'}
[2026-06-02 18:24:18,608][src.modRNN.training.alignment][INFO] -   align diffusion_per_step @ epoch 1401: cos {'ALIFCell_0.input_weights': '1.055', 'ALIFCell_0.recurrent_weights': '1.115', 'ReadOut_0.readout_weights': '0.000'}
[2026-06-02 18:24:19,295][src.modRNN.training.alignment][INFO] -   align diffusion_fixed @ epoch 1401: cos {'ALIFCell_0.input_weights': '1.046', 'ALIFCell_0.recurrent_weights': '1.094', 'ReadOut_0.readout_weights': '0.000'}
[2026-06-02 18:24:36,936][src.modRNN.training.alignment][INFO] - epoch 1425  train loss=0.5548  (rule: diffusion)
[2026-06-02 18:24:55,275][src.modRNN.training.alignment][INFO] - epoch 1450  train loss=0.5331  (rule: diffusion)
[2026-06-02 18:24:56,778][src.modRNN.training.alignment][INFO] -   align BPTT @ epoch 1451: cos {'ALIFCell_0.input_weights': '0.000', 'ALIFCell_0.recurrent_weights': '0.000', 'ReadOut_0.readout_weights': '0.000'}
[2026-06-02 18:24:57,342][src.modRNN.training.alignment][INFO] -   align eprop @ epoch 1451: cos {'ALIFCell_0.input_weights': '1.393', 'ALIFCell_0.recurrent_weights': '1.411', 'ReadOut_0.readout_weights': '0.000'}
[2026-06-02 18:24:58,032][src.modRNN.training.alignment][INFO] -   align diffusion_aligned @ epoch 1451: cos {'ALIFCell_0.input_weights': '1.398', 'ALIFCell_0.recurrent_weights': '1.395', 'ReadOut_0.readout_weights': '0.000'}
[2026-06-02 18:24:59,208][src.modRNN.training.alignment][INFO] -   align diffusion_per_step @ epoch 1451: cos {'ALIFCell_0.input_weights': '1.392', 'ALIFCell_0.recurrent_weights': '1.361', 'ReadOut_0.readout_weights': '0.000'}
[2026-06-02 18:24:59,897][src.modRNN.training.alignment][INFO] -   align diffusion_fixed @ epoch 1451: cos {'ALIFCell_0.input_weights': '1.406', 'ALIFCell_0.recurrent_weights': '1.375', 'ReadOut_0.readout_weights': '0.000'}
[2026-06-02 18:25:17,579][src.modRNN.training.alignment][INFO] - epoch 1475  train loss=0.4722  (rule: diffusion)
[2026-06-02 18:25:35,986][src.modRNN.training.alignment][INFO] - epoch 1500  train loss=0.5383  (rule: diffusion)
[2026-06-02 18:25:37,492][src.modRNN.training.alignment][INFO] -   align BPTT @ epoch 1501: cos {'ALIFCell_0.input_weights': '0.000', 'ALIFCell_0.recurrent_weights': '0.000', 'ReadOut_0.readout_weights': '0.000'}
[2026-06-02 18:25:38,057][src.modRNN.training.alignment][INFO] -   align eprop @ epoch 1501: cos {'ALIFCell_0.input_weights': '1.136', 'ALIFCell_0.recurrent_weights': '1.271', 'ReadOut_0.readout_weights': '0.000'}
[2026-06-02 18:25:38,751][src.modRNN.training.alignment][INFO] -   align diffusion_aligned @ epoch 1501: cos {'ALIFCell_0.input_weights': '1.192', 'ALIFCell_0.recurrent_weights': '1.323', 'ReadOut_0.readout_weights': '0.000'}
[2026-06-02 18:25:39,928][src.modRNN.training.alignment][INFO] -   align diffusion_per_step @ epoch 1501: cos {'ALIFCell_0.input_weights': '1.137', 'ALIFCell_0.recurrent_weights': '1.326', 'ReadOut_0.readout_weights': '0.000'}
[2026-06-02 18:25:40,615][src.modRNN.training.alignment][INFO] -   align diffusion_fixed @ epoch 1501: cos {'ALIFCell_0.input_weights': '1.121', 'ALIFCell_0.recurrent_weights': '1.278', 'ReadOut_0.readout_weights': '0.000'}
[2026-06-02 18:25:58,239][src.modRNN.training.alignment][INFO] - epoch 1525  train loss=0.6038  (rule: diffusion)
[2026-06-02 18:26:16,603][src.modRNN.training.alignment][INFO] - epoch 1550  train loss=0.5256  (rule: diffusion)
[2026-06-02 18:26:18,104][src.modRNN.training.alignment][INFO] -   align BPTT @ epoch 1551: cos {'ALIFCell_0.input_weights': '0.000', 'ALIFCell_0.recurrent_weights': '0.000', 'ReadOut_0.readout_weights': '0.000'}
[2026-06-02 18:26:18,668][src.modRNN.training.alignment][INFO] -   align eprop @ epoch 1551: cos {'ALIFCell_0.input_weights': '1.222', 'ALIFCell_0.recurrent_weights': '1.239', 'ReadOut_0.readout_weights': '0.000'}
[2026-06-02 18:26:19,358][src.modRNN.training.alignment][INFO] -   align diffusion_aligned @ epoch 1551: cos {'ALIFCell_0.input_weights': '1.242', 'ALIFCell_0.recurrent_weights': '1.268', 'ReadOut_0.readout_weights': '0.000'}
[2026-06-02 18:26:20,534][src.modRNN.training.alignment][INFO] -   align diffusion_per_step @ epoch 1551: cos {'ALIFCell_0.input_weights': '1.183', 'ALIFCell_0.recurrent_weights': '1.214', 'ReadOut_0.readout_weights': '0.000'}
[2026-06-02 18:26:21,220][src.modRNN.training.alignment][INFO] -   align diffusion_fixed @ epoch 1551: cos {'ALIFCell_0.input_weights': '1.202', 'ALIFCell_0.recurrent_weights': '1.167', 'ReadOut_0.readout_weights': '0.000'}
[2026-06-02 18:26:38,879][src.modRNN.training.alignment][INFO] - epoch 1575  train loss=0.5036  (rule: diffusion)
[2026-06-02 18:26:57,254][src.modRNN.training.alignment][INFO] - epoch 1600  train loss=0.4706  (rule: diffusion)
[2026-06-02 18:26:58,755][src.modRNN.training.alignment][INFO] -   align BPTT @ epoch 1601: cos {'ALIFCell_0.input_weights': '0.000', 'ALIFCell_0.recurrent_weights': '0.000', 'ReadOut_0.readout_weights': '0.000'}
[2026-06-02 18:26:59,319][src.modRNN.training.alignment][INFO] -   align eprop @ epoch 1601: cos {'ALIFCell_0.input_weights': '1.224', 'ALIFCell_0.recurrent_weights': '1.309', 'ReadOut_0.readout_weights': '0.000'}
[2026-06-02 18:27:00,009][src.modRNN.training.alignment][INFO] -   align diffusion_aligned @ epoch 1601: cos {'ALIFCell_0.input_weights': '1.225', 'ALIFCell_0.recurrent_weights': '1.294', 'ReadOut_0.readout_weights': '0.000'}
[2026-06-02 18:27:01,188][src.modRNN.training.alignment][INFO] -   align diffusion_per_step @ epoch 1601: cos {'ALIFCell_0.input_weights': '1.208', 'ALIFCell_0.recurrent_weights': '1.271', 'ReadOut_0.readout_weights': '0.000'}
[2026-06-02 18:27:01,882][src.modRNN.training.alignment][INFO] -   align diffusion_fixed @ epoch 1601: cos {'ALIFCell_0.input_weights': '1.156', 'ALIFCell_0.recurrent_weights': '1.259', 'ReadOut_0.readout_weights': '0.000'}
[2026-06-02 18:27:19,507][src.modRNN.training.alignment][INFO] - epoch 1625  train loss=0.4712  (rule: diffusion)
[2026-06-02 18:27:37,855][src.modRNN.training.alignment][INFO] - epoch 1650  train loss=0.5368  (rule: diffusion)
[2026-06-02 18:27:39,358][src.modRNN.training.alignment][INFO] -   align BPTT @ epoch 1651: cos {'ALIFCell_0.input_weights': '0.000', 'ALIFCell_0.recurrent_weights': '0.000', 'ReadOut_0.readout_weights': '0.000'}
[2026-06-02 18:27:39,927][src.modRNN.training.alignment][INFO] -   align eprop @ epoch 1651: cos {'ALIFCell_0.input_weights': '1.043', 'ALIFCell_0.recurrent_weights': '1.081', 'ReadOut_0.readout_weights': '0.000'}
[2026-06-02 18:27:40,619][src.modRNN.training.alignment][INFO] -   align diffusion_aligned @ epoch 1651: cos {'ALIFCell_0.input_weights': '1.104', 'ALIFCell_0.recurrent_weights': '1.157', 'ReadOut_0.readout_weights': '0.000'}
[2026-06-02 18:27:41,797][src.modRNN.training.alignment][INFO] -   align diffusion_per_step @ epoch 1651: cos {'ALIFCell_0.input_weights': '1.002', 'ALIFCell_0.recurrent_weights': '1.050', 'ReadOut_0.readout_weights': '0.000'}
[2026-06-02 18:27:42,485][src.modRNN.training.alignment][INFO] -   align diffusion_fixed @ epoch 1651: cos {'ALIFCell_0.input_weights': '0.970', 'ALIFCell_0.recurrent_weights': '1.036', 'ReadOut_0.readout_weights': '0.000'}
[2026-06-02 18:28:00,131][src.modRNN.training.alignment][INFO] - epoch 1675  train loss=0.4508  (rule: diffusion)
[2026-06-02 18:28:18,534][src.modRNN.training.alignment][INFO] - epoch 1700  train loss=0.6982  (rule: diffusion)
[2026-06-02 18:28:20,039][src.modRNN.training.alignment][INFO] -   align BPTT @ epoch 1701: cos {'ALIFCell_0.input_weights': '0.000', 'ALIFCell_0.recurrent_weights': '0.000', 'ReadOut_0.readout_weights': '0.000'}
[2026-06-02 18:28:20,604][src.modRNN.training.alignment][INFO] -   align eprop @ epoch 1701: cos {'ALIFCell_0.input_weights': '1.159', 'ALIFCell_0.recurrent_weights': '1.378', 'ReadOut_0.readout_weights': '0.000'}
[2026-06-02 18:28:21,293][src.modRNN.training.alignment][INFO] -   align diffusion_aligned @ epoch 1701: cos {'ALIFCell_0.input_weights': '1.162', 'ALIFCell_0.recurrent_weights': '1.355', 'ReadOut_0.readout_weights': '0.000'}
[2026-06-02 18:28:22,470][src.modRNN.training.alignment][INFO] -   align diffusion_per_step @ epoch 1701: cos {'ALIFCell_0.input_weights': '1.162', 'ALIFCell_0.recurrent_weights': '1.363', 'ReadOut_0.readout_weights': '0.000'}
[2026-06-02 18:28:23,156][src.modRNN.training.alignment][INFO] -   align diffusion_fixed @ epoch 1701: cos {'ALIFCell_0.input_weights': '1.132', 'ALIFCell_0.recurrent_weights': '1.342', 'ReadOut_0.readout_weights': '0.000'}
[2026-06-02 18:28:40,791][src.modRNN.training.alignment][INFO] - epoch 1725  train loss=0.5693  (rule: diffusion)
[2026-06-02 18:28:59,134][src.modRNN.training.alignment][INFO] - epoch 1750  train loss=0.5273  (rule: diffusion)
[2026-06-02 18:29:00,635][src.modRNN.training.alignment][INFO] -   align BPTT @ epoch 1751: cos {'ALIFCell_0.input_weights': '0.000', 'ALIFCell_0.recurrent_weights': '0.000', 'ReadOut_0.readout_weights': '0.000'}
[2026-06-02 18:29:01,199][src.modRNN.training.alignment][INFO] -   align eprop @ epoch 1751: cos {'ALIFCell_0.input_weights': '1.548', 'ALIFCell_0.recurrent_weights': '1.536', 'ReadOut_0.readout_weights': '0.000'}
[2026-06-02 18:29:01,892][src.modRNN.training.alignment][INFO] -   align diffusion_aligned @ epoch 1751: cos {'ALIFCell_0.input_weights': '1.550', 'ALIFCell_0.recurrent_weights': '1.532', 'ReadOut_0.readout_weights': '0.000'}
[2026-06-02 18:29:03,070][src.modRNN.training.alignment][INFO] -   align diffusion_per_step @ epoch 1751: cos {'ALIFCell_0.input_weights': '1.546', 'ALIFCell_0.recurrent_weights': '1.526', 'ReadOut_0.readout_weights': '0.000'}
[2026-06-02 18:29:03,757][src.modRNN.training.alignment][INFO] -   align diffusion_fixed @ epoch 1751: cos {'ALIFCell_0.input_weights': '1.539', 'ALIFCell_0.recurrent_weights': '1.511', 'ReadOut_0.readout_weights': '0.000'}
[2026-06-02 18:29:21,547][src.modRNN.training.alignment][INFO] - epoch 1775  train loss=0.5020  (rule: diffusion)
[2026-06-02 18:29:40,069][src.modRNN.training.alignment][INFO] - epoch 1800  train loss=0.5527  (rule: diffusion)
[2026-06-02 18:29:41,574][src.modRNN.training.alignment][INFO] -   align BPTT @ epoch 1801: cos {'ALIFCell_0.input_weights': '0.000', 'ALIFCell_0.recurrent_weights': '0.000', 'ReadOut_0.readout_weights': '0.000'}
[2026-06-02 18:29:42,139][src.modRNN.training.alignment][INFO] -   align eprop @ epoch 1801: cos {'ALIFCell_0.input_weights': '1.569', 'ALIFCell_0.recurrent_weights': '1.571', 'ReadOut_0.readout_weights': '0.000'}
[2026-06-02 18:29:42,830][src.modRNN.training.alignment][INFO] -   align diffusion_aligned @ epoch 1801: cos {'ALIFCell_0.input_weights': '1.569', 'ALIFCell_0.recurrent_weights': '1.569', 'ReadOut_0.readout_weights': '0.000'}
[2026-06-02 18:29:44,008][src.modRNN.training.alignment][INFO] -   align diffusion_per_step @ epoch 1801: cos {'ALIFCell_0.input_weights': '1.568', 'ALIFCell_0.recurrent_weights': '1.569', 'ReadOut_0.readout_weights': '0.000'}
[2026-06-02 18:29:44,697][src.modRNN.training.alignment][INFO] -   align diffusion_fixed @ epoch 1801: cos {'ALIFCell_0.input_weights': '1.568', 'ALIFCell_0.recurrent_weights': '1.567', 'ReadOut_0.readout_weights': '0.000'}
[2026-06-02 18:30:02,349][src.modRNN.training.alignment][INFO] - epoch 1825  train loss=0.4661  (rule: diffusion)
[2026-06-02 18:30:20,752][src.modRNN.training.alignment][INFO] - epoch 1850  train loss=0.4020  (rule: diffusion)
[2026-06-02 18:30:22,254][src.modRNN.training.alignment][INFO] -   align BPTT @ epoch 1851: cos {'ALIFCell_0.input_weights': '0.000', 'ALIFCell_0.recurrent_weights': '0.000', 'ReadOut_0.readout_weights': '0.000'}
[2026-06-02 18:30:22,817][src.modRNN.training.alignment][INFO] -   align eprop @ epoch 1851: cos {'ALIFCell_0.input_weights': '1.542', 'ALIFCell_0.recurrent_weights': '1.534', 'ReadOut_0.readout_weights': '0.000'}
[2026-06-02 18:30:23,507][src.modRNN.training.alignment][INFO] -   align diffusion_aligned @ epoch 1851: cos {'ALIFCell_0.input_weights': '1.543', 'ALIFCell_0.recurrent_weights': '1.538', 'ReadOut_0.readout_weights': '0.000'}
[2026-06-02 18:30:24,683][src.modRNN.training.alignment][INFO] -   align diffusion_per_step @ epoch 1851: cos {'ALIFCell_0.input_weights': '1.541', 'ALIFCell_0.recurrent_weights': '1.536', 'ReadOut_0.readout_weights': '0.000'}
[2026-06-02 18:30:25,370][src.modRNN.training.alignment][INFO] -   align diffusion_fixed @ epoch 1851: cos {'ALIFCell_0.input_weights': '1.539', 'ALIFCell_0.recurrent_weights': '1.534', 'ReadOut_0.readout_weights': '0.000'}
[2026-06-02 18:30:43,120][src.modRNN.training.alignment][INFO] - epoch 1875  train loss=0.4123  (rule: diffusion)
[2026-06-02 18:31:01,605][src.modRNN.training.alignment][INFO] - epoch 1900  train loss=0.3216  (rule: diffusion)
[2026-06-02 18:31:03,131][src.modRNN.training.alignment][INFO] -   align BPTT @ epoch 1901: cos {'ALIFCell_0.input_weights': '0.000', 'ALIFCell_0.recurrent_weights': '0.000', 'ReadOut_0.readout_weights': '0.000'}
[2026-06-02 18:31:03,695][src.modRNN.training.alignment][INFO] -   align eprop @ epoch 1901: cos {'ALIFCell_0.input_weights': '1.571', 'ALIFCell_0.recurrent_weights': '1.572', 'ReadOut_0.readout_weights': '0.000'}
[2026-06-02 18:31:04,386][src.modRNN.training.alignment][INFO] -   align diffusion_aligned @ epoch 1901: cos {'ALIFCell_0.input_weights': '1.570', 'ALIFCell_0.recurrent_weights': '1.572', 'ReadOut_0.readout_weights': '0.000'}
[2026-06-02 18:31:05,561][src.modRNN.training.alignment][INFO] -   align diffusion_per_step @ epoch 1901: cos {'ALIFCell_0.input_weights': '1.569', 'ALIFCell_0.recurrent_weights': '1.572', 'ReadOut_0.readout_weights': '0.000'}
[2026-06-02 18:31:06,249][src.modRNN.training.alignment][INFO] -   align diffusion_fixed @ epoch 1901: cos {'ALIFCell_0.input_weights': '1.569', 'ALIFCell_0.recurrent_weights': '1.571', 'ReadOut_0.readout_weights': '0.000'}
[2026-06-02 18:31:23,905][src.modRNN.training.alignment][INFO] - epoch 1925  train loss=0.5095  (rule: diffusion)
[2026-06-02 18:31:42,263][src.modRNN.training.alignment][INFO] - epoch 1950  train loss=0.4308  (rule: diffusion)
[2026-06-02 18:31:43,764][src.modRNN.training.alignment][INFO] -   align BPTT @ epoch 1951: cos {'ALIFCell_0.input_weights': '0.000', 'ALIFCell_0.recurrent_weights': '0.000', 'ReadOut_0.readout_weights': '0.000'}
[2026-06-02 18:31:44,327][src.modRNN.training.alignment][INFO] -   align eprop @ epoch 1951: cos {'ALIFCell_0.input_weights': '1.571', 'ALIFCell_0.recurrent_weights': '1.572', 'ReadOut_0.readout_weights': '0.000'}
[2026-06-02 18:31:45,017][src.modRNN.training.alignment][INFO] -   align diffusion_aligned @ epoch 1951: cos {'ALIFCell_0.input_weights': '1.571', 'ALIFCell_0.recurrent_weights': '1.583', 'ReadOut_0.readout_weights': '0.000'}
[2026-06-02 18:31:46,193][src.modRNN.training.alignment][INFO] -   align diffusion_per_step @ epoch 1951: cos {'ALIFCell_0.input_weights': '1.571', 'ALIFCell_0.recurrent_weights': '1.611', 'ReadOut_0.readout_weights': '0.000'}
[2026-06-02 18:31:46,882][src.modRNN.training.alignment][INFO] -   align diffusion_fixed @ epoch 1951: cos {'ALIFCell_0.input_weights': '1.571', 'ALIFCell_0.recurrent_weights': '1.602', 'ReadOut_0.readout_weights': '0.000'}
[2026-06-02 18:32:04,506][src.modRNN.training.alignment][INFO] - epoch 1975  train loss=0.4652  (rule: diffusion)
[2026-06-02 18:32:22,883][src.modRNN.training.alignment][INFO] - epoch 2000  train loss=0.3726  (rule: diffusion)
[2026-06-02 18:32:24,384][src.modRNN.training.alignment][INFO] -   align BPTT @ epoch 2001: cos {'ALIFCell_0.input_weights': '0.000', 'ALIFCell_0.recurrent_weights': '0.000', 'ReadOut_0.readout_weights': '0.000'}
[2026-06-02 18:32:24,951][src.modRNN.training.alignment][INFO] -   align eprop @ epoch 2001: cos {'ALIFCell_0.input_weights': '1.571', 'ALIFCell_0.recurrent_weights': '1.569', 'ReadOut_0.readout_weights': '0.000'}
[2026-06-02 18:32:25,644][src.modRNN.training.alignment][INFO] -   align diffusion_aligned @ epoch 2001: cos {'ALIFCell_0.input_weights': '1.571', 'ALIFCell_0.recurrent_weights': '1.574', 'ReadOut_0.readout_weights': '0.000'}
[2026-06-02 18:32:26,820][src.modRNN.training.alignment][INFO] -   align diffusion_per_step @ epoch 2001: cos {'ALIFCell_0.input_weights': '1.571', 'ALIFCell_0.recurrent_weights': '1.569', 'ReadOut_0.readout_weights': '0.000'}
[2026-06-02 18:32:27,506][src.modRNN.training.alignment][INFO] -   align diffusion_fixed @ epoch 2001: cos {'ALIFCell_0.input_weights': '1.571', 'ALIFCell_0.recurrent_weights': '1.565', 'ReadOut_0.readout_weights': '0.000'}
[2026-06-02 18:32:27,540][src.modRNN.training.alignment][INFO] - Alignment experiment finished. Output dir: /mnt/lustre/work/martius/mot736/neuromodRNN/outputs/delayed_match/delayed_match_align_nn_connectivity_diffusion_fixed/seed_987654
