[2026-06-02 20:33:01,526][jax._src.xla_bridge][INFO] - Unable to initialize backend 'rocm': module 'jaxlib.xla_extension' has no attribute 'GpuAllocatorConfig'
[2026-06-02 20:33:01,528][jax._src.xla_bridge][INFO] - Unable to initialize backend 'tpu': INTERNAL: Failed to open libtpu.so: libtpu.so: cannot open shared object file: No such file or directory
[2026-06-02 20:33:08,340][src.modRNN.training.alignment][INFO] - Starting alignment experiment: training with diffusion, measuring alignment of ['BPTT', 'eprop', 'diffusion_aligned', 'diffusion_per_step', 'diffusion_fixed'] every 50 epochs.
[2026-06-02 20:33:11,533][src.modRNN.training.alignment][INFO] - epoch 1  train loss=0.6931  (rule: diffusion)
[2026-06-02 20:33:13,346][src.modRNN.training.alignment][INFO] -   align BPTT @ epoch 1: cos {'ALIFCell_0.input_weights': '0.000', 'ALIFCell_0.recurrent_weights': '0.000', 'ReadOut_0.readout_weights': '0.000'}
[2026-06-02 20:33:14,613][src.modRNN.training.alignment][INFO] -   align eprop @ epoch 1: cos {'ALIFCell_0.input_weights': '0.198', 'ALIFCell_0.recurrent_weights': '0.050', 'ReadOut_0.readout_weights': '0.000'}
[2026-06-02 20:33:16,233][src.modRNN.training.alignment][INFO] -   align diffusion_aligned @ epoch 1: cos {'ALIFCell_0.input_weights': '0.384', 'ALIFCell_0.recurrent_weights': '0.338', 'ReadOut_0.readout_weights': '0.000'}
[2026-06-02 20:33:19,597][src.modRNN.training.alignment][INFO] -   align diffusion_per_step @ epoch 1: cos {'ALIFCell_0.input_weights': '0.258', 'ALIFCell_0.recurrent_weights': '0.211', 'ReadOut_0.readout_weights': '0.000'}
[2026-06-02 20:33:21,185][src.modRNN.training.alignment][INFO] -   align diffusion_fixed @ epoch 1: cos {'ALIFCell_0.input_weights': '0.409', 'ALIFCell_0.recurrent_weights': '0.406', 'ReadOut_0.readout_weights': '0.000'}
[2026-06-02 20:33:38,434][src.modRNN.training.alignment][INFO] - epoch 25  train loss=0.6932  (rule: diffusion)
[2026-06-02 20:33:56,475][src.modRNN.training.alignment][INFO] - epoch 50  train loss=0.6932  (rule: diffusion)
[2026-06-02 20:33:57,959][src.modRNN.training.alignment][INFO] -   align BPTT @ epoch 51: cos {'ALIFCell_0.input_weights': '0.000', 'ALIFCell_0.recurrent_weights': '0.000', 'ReadOut_0.readout_weights': '0.000'}
[2026-06-02 20:33:58,512][src.modRNN.training.alignment][INFO] -   align eprop @ epoch 51: cos {'ALIFCell_0.input_weights': '0.409', 'ALIFCell_0.recurrent_weights': '0.250', 'ReadOut_0.readout_weights': '0.000'}
[2026-06-02 20:33:59,192][src.modRNN.training.alignment][INFO] -   align diffusion_aligned @ epoch 51: cos {'ALIFCell_0.input_weights': '0.465', 'ALIFCell_0.recurrent_weights': '0.374', 'ReadOut_0.readout_weights': '0.000'}
[2026-06-02 20:34:00,346][src.modRNN.training.alignment][INFO] -   align diffusion_per_step @ epoch 51: cos {'ALIFCell_0.input_weights': '0.472', 'ALIFCell_0.recurrent_weights': '0.324', 'ReadOut_0.readout_weights': '0.000'}
[2026-06-02 20:34:01,010][src.modRNN.training.alignment][INFO] -   align diffusion_fixed @ epoch 51: cos {'ALIFCell_0.input_weights': '0.543', 'ALIFCell_0.recurrent_weights': '0.406', 'ReadOut_0.readout_weights': '0.000'}
[2026-06-02 20:34:18,311][src.modRNN.training.alignment][INFO] - epoch 75  train loss=0.6931  (rule: diffusion)
[2026-06-02 20:34:36,354][src.modRNN.training.alignment][INFO] - epoch 100  train loss=0.6931  (rule: diffusion)
[2026-06-02 20:34:37,841][src.modRNN.training.alignment][INFO] -   align BPTT @ epoch 101: cos {'ALIFCell_0.input_weights': '0.000', 'ALIFCell_0.recurrent_weights': '0.000', 'ReadOut_0.readout_weights': '0.000'}
[2026-06-02 20:34:38,395][src.modRNN.training.alignment][INFO] -   align eprop @ epoch 101: cos {'ALIFCell_0.input_weights': '1.123', 'ALIFCell_0.recurrent_weights': '0.640', 'ReadOut_0.readout_weights': '0.000'}
[2026-06-02 20:34:39,077][src.modRNN.training.alignment][INFO] -   align diffusion_aligned @ epoch 101: cos {'ALIFCell_0.input_weights': '1.069', 'ALIFCell_0.recurrent_weights': '0.812', 'ReadOut_0.readout_weights': '0.000'}
[2026-06-02 20:34:40,236][src.modRNN.training.alignment][INFO] -   align diffusion_per_step @ epoch 101: cos {'ALIFCell_0.input_weights': '1.129', 'ALIFCell_0.recurrent_weights': '0.733', 'ReadOut_0.readout_weights': '0.000'}
[2026-06-02 20:34:40,903][src.modRNN.training.alignment][INFO] -   align diffusion_fixed @ epoch 101: cos {'ALIFCell_0.input_weights': '1.142', 'ALIFCell_0.recurrent_weights': '0.847', 'ReadOut_0.readout_weights': '0.000'}
[2026-06-02 20:34:58,258][src.modRNN.training.alignment][INFO] - epoch 125  train loss=0.6930  (rule: diffusion)
[2026-06-02 20:35:16,315][src.modRNN.training.alignment][INFO] - epoch 150  train loss=0.6931  (rule: diffusion)
[2026-06-02 20:35:17,800][src.modRNN.training.alignment][INFO] -   align BPTT @ epoch 151: cos {'ALIFCell_0.input_weights': '0.000', 'ALIFCell_0.recurrent_weights': '0.000', 'ReadOut_0.readout_weights': '0.000'}
[2026-06-02 20:35:18,354][src.modRNN.training.alignment][INFO] -   align eprop @ epoch 151: cos {'ALIFCell_0.input_weights': '1.213', 'ALIFCell_0.recurrent_weights': '1.208', 'ReadOut_0.readout_weights': '0.000'}
[2026-06-02 20:35:19,035][src.modRNN.training.alignment][INFO] -   align diffusion_aligned @ epoch 151: cos {'ALIFCell_0.input_weights': '1.195', 'ALIFCell_0.recurrent_weights': '1.097', 'ReadOut_0.readout_weights': '0.000'}
[2026-06-02 20:35:20,191][src.modRNN.training.alignment][INFO] -   align diffusion_per_step @ epoch 151: cos {'ALIFCell_0.input_weights': '1.262', 'ALIFCell_0.recurrent_weights': '1.387', 'ReadOut_0.readout_weights': '0.000'}
[2026-06-02 20:35:20,856][src.modRNN.training.alignment][INFO] -   align diffusion_fixed @ epoch 151: cos {'ALIFCell_0.input_weights': '1.288', 'ALIFCell_0.recurrent_weights': '1.527', 'ReadOut_0.readout_weights': '0.000'}
[2026-06-02 20:35:38,258][src.modRNN.training.alignment][INFO] - epoch 175  train loss=0.6648  (rule: diffusion)
[2026-06-02 20:35:56,448][src.modRNN.training.alignment][INFO] - epoch 200  train loss=0.6079  (rule: diffusion)
[2026-06-02 20:35:57,944][src.modRNN.training.alignment][INFO] -   align BPTT @ epoch 201: cos {'ALIFCell_0.input_weights': '0.000', 'ALIFCell_0.recurrent_weights': '0.000', 'ReadOut_0.readout_weights': '0.000'}
[2026-06-02 20:35:58,504][src.modRNN.training.alignment][INFO] -   align eprop @ epoch 201: cos {'ALIFCell_0.input_weights': '1.250', 'ALIFCell_0.recurrent_weights': '1.132', 'ReadOut_0.readout_weights': '0.000'}
[2026-06-02 20:35:59,192][src.modRNN.training.alignment][INFO] -   align diffusion_aligned @ epoch 201: cos {'ALIFCell_0.input_weights': '1.241', 'ALIFCell_0.recurrent_weights': '1.136', 'ReadOut_0.readout_weights': '0.000'}
[2026-06-02 20:36:00,358][src.modRNN.training.alignment][INFO] -   align diffusion_per_step @ epoch 201: cos {'ALIFCell_0.input_weights': '1.276', 'ALIFCell_0.recurrent_weights': '1.213', 'ReadOut_0.readout_weights': '0.000'}
[2026-06-02 20:36:01,030][src.modRNN.training.alignment][INFO] -   align diffusion_fixed @ epoch 201: cos {'ALIFCell_0.input_weights': '1.292', 'ALIFCell_0.recurrent_weights': '1.304', 'ReadOut_0.readout_weights': '0.000'}
[2026-06-02 20:36:18,488][src.modRNN.training.alignment][INFO] - epoch 225  train loss=0.5024  (rule: diffusion)
[2026-06-02 20:36:36,675][src.modRNN.training.alignment][INFO] - epoch 250  train loss=0.3561  (rule: diffusion)
[2026-06-02 20:36:38,172][src.modRNN.training.alignment][INFO] -   align BPTT @ epoch 251: cos {'ALIFCell_0.input_weights': '0.000', 'ALIFCell_0.recurrent_weights': '0.000', 'ReadOut_0.readout_weights': '0.000'}
[2026-06-02 20:36:38,731][src.modRNN.training.alignment][INFO] -   align eprop @ epoch 251: cos {'ALIFCell_0.input_weights': '1.276', 'ALIFCell_0.recurrent_weights': '1.119', 'ReadOut_0.readout_weights': '0.000'}
[2026-06-02 20:36:39,420][src.modRNN.training.alignment][INFO] -   align diffusion_aligned @ epoch 251: cos {'ALIFCell_0.input_weights': '1.228', 'ALIFCell_0.recurrent_weights': '1.013', 'ReadOut_0.readout_weights': '0.000'}
[2026-06-02 20:36:40,585][src.modRNN.training.alignment][INFO] -   align diffusion_per_step @ epoch 251: cos {'ALIFCell_0.input_weights': '1.272', 'ALIFCell_0.recurrent_weights': '1.100', 'ReadOut_0.readout_weights': '0.000'}
[2026-06-02 20:36:41,257][src.modRNN.training.alignment][INFO] -   align diffusion_fixed @ epoch 251: cos {'ALIFCell_0.input_weights': '1.241', 'ALIFCell_0.recurrent_weights': '1.119', 'ReadOut_0.readout_weights': '0.000'}
[2026-06-02 20:36:58,732][src.modRNN.training.alignment][INFO] - epoch 275  train loss=0.4183  (rule: diffusion)
[2026-06-02 20:37:16,939][src.modRNN.training.alignment][INFO] - epoch 300  train loss=0.4047  (rule: diffusion)
[2026-06-02 20:37:18,436][src.modRNN.training.alignment][INFO] -   align BPTT @ epoch 301: cos {'ALIFCell_0.input_weights': '0.000', 'ALIFCell_0.recurrent_weights': '0.000', 'ReadOut_0.readout_weights': '0.000'}
[2026-06-02 20:37:18,995][src.modRNN.training.alignment][INFO] -   align eprop @ epoch 301: cos {'ALIFCell_0.input_weights': '0.698', 'ALIFCell_0.recurrent_weights': '0.776', 'ReadOut_0.readout_weights': '0.000'}
[2026-06-02 20:37:19,684][src.modRNN.training.alignment][INFO] -   align diffusion_aligned @ epoch 301: cos {'ALIFCell_0.input_weights': '0.584', 'ALIFCell_0.recurrent_weights': '0.729', 'ReadOut_0.readout_weights': '0.000'}
[2026-06-02 20:37:20,851][src.modRNN.training.alignment][INFO] -   align diffusion_per_step @ epoch 301: cos {'ALIFCell_0.input_weights': '0.653', 'ALIFCell_0.recurrent_weights': '0.753', 'ReadOut_0.readout_weights': '0.000'}
[2026-06-02 20:37:21,524][src.modRNN.training.alignment][INFO] -   align diffusion_fixed @ epoch 301: cos {'ALIFCell_0.input_weights': '0.643', 'ALIFCell_0.recurrent_weights': '0.757', 'ReadOut_0.readout_weights': '0.000'}
[2026-06-02 20:37:39,031][src.modRNN.training.alignment][INFO] - epoch 325  train loss=0.7721  (rule: diffusion)
[2026-06-02 20:37:57,264][src.modRNN.training.alignment][INFO] - epoch 350  train loss=0.3892  (rule: diffusion)
[2026-06-02 20:37:58,760][src.modRNN.training.alignment][INFO] -   align BPTT @ epoch 351: cos {'ALIFCell_0.input_weights': '0.000', 'ALIFCell_0.recurrent_weights': '0.000', 'ReadOut_0.readout_weights': '0.000'}
[2026-06-02 20:37:59,320][src.modRNN.training.alignment][INFO] -   align eprop @ epoch 351: cos {'ALIFCell_0.input_weights': '0.707', 'ALIFCell_0.recurrent_weights': '0.720', 'ReadOut_0.readout_weights': '0.000'}
[2026-06-02 20:38:00,008][src.modRNN.training.alignment][INFO] -   align diffusion_aligned @ epoch 351: cos {'ALIFCell_0.input_weights': '0.673', 'ALIFCell_0.recurrent_weights': '1.219', 'ReadOut_0.readout_weights': '0.000'}
[2026-06-02 20:38:01,173][src.modRNN.training.alignment][INFO] -   align diffusion_per_step @ epoch 351: cos {'ALIFCell_0.input_weights': '0.755', 'ALIFCell_0.recurrent_weights': '1.055', 'ReadOut_0.readout_weights': '0.000'}
[2026-06-02 20:38:01,843][src.modRNN.training.alignment][INFO] -   align diffusion_fixed @ epoch 351: cos {'ALIFCell_0.input_weights': '0.751', 'ALIFCell_0.recurrent_weights': '1.101', 'ReadOut_0.readout_weights': '0.000'}
[2026-06-02 20:38:19,341][src.modRNN.training.alignment][INFO] - epoch 375  train loss=0.3382  (rule: diffusion)
[2026-06-02 20:38:37,565][src.modRNN.training.alignment][INFO] - epoch 400  train loss=0.3250  (rule: diffusion)
[2026-06-02 20:38:39,063][src.modRNN.training.alignment][INFO] -   align BPTT @ epoch 401: cos {'ALIFCell_0.input_weights': '0.000', 'ALIFCell_0.recurrent_weights': '0.000', 'ReadOut_0.readout_weights': '0.000'}
[2026-06-02 20:38:39,620][src.modRNN.training.alignment][INFO] -   align eprop @ epoch 401: cos {'ALIFCell_0.input_weights': '0.671', 'ALIFCell_0.recurrent_weights': '0.563', 'ReadOut_0.readout_weights': '0.000'}
[2026-06-02 20:38:40,307][src.modRNN.training.alignment][INFO] -   align diffusion_aligned @ epoch 401: cos {'ALIFCell_0.input_weights': '0.742', 'ALIFCell_0.recurrent_weights': '0.539', 'ReadOut_0.readout_weights': '0.000'}
[2026-06-02 20:38:41,475][src.modRNN.training.alignment][INFO] -   align diffusion_per_step @ epoch 401: cos {'ALIFCell_0.input_weights': '0.763', 'ALIFCell_0.recurrent_weights': '0.604', 'ReadOut_0.readout_weights': '0.000'}
[2026-06-02 20:38:42,149][src.modRNN.training.alignment][INFO] -   align diffusion_fixed @ epoch 401: cos {'ALIFCell_0.input_weights': '0.840', 'ALIFCell_0.recurrent_weights': '0.548', 'ReadOut_0.readout_weights': '0.000'}
[2026-06-02 20:38:59,590][src.modRNN.training.alignment][INFO] - epoch 425  train loss=0.4036  (rule: diffusion)
[2026-06-02 20:39:17,771][src.modRNN.training.alignment][INFO] - epoch 450  train loss=0.1936  (rule: diffusion)
[2026-06-02 20:39:19,269][src.modRNN.training.alignment][INFO] -   align BPTT @ epoch 451: cos {'ALIFCell_0.input_weights': '0.000', 'ALIFCell_0.recurrent_weights': '0.000', 'ReadOut_0.readout_weights': '0.000'}
[2026-06-02 20:39:19,826][src.modRNN.training.alignment][INFO] -   align eprop @ epoch 451: cos {'ALIFCell_0.input_weights': '0.779', 'ALIFCell_0.recurrent_weights': '0.833', 'ReadOut_0.readout_weights': '0.000'}
[2026-06-02 20:39:20,514][src.modRNN.training.alignment][INFO] -   align diffusion_aligned @ epoch 451: cos {'ALIFCell_0.input_weights': '0.831', 'ALIFCell_0.recurrent_weights': '0.950', 'ReadOut_0.readout_weights': '0.000'}
[2026-06-02 20:39:21,680][src.modRNN.training.alignment][INFO] -   align diffusion_per_step @ epoch 451: cos {'ALIFCell_0.input_weights': '0.782', 'ALIFCell_0.recurrent_weights': '0.766', 'ReadOut_0.readout_weights': '0.000'}
[2026-06-02 20:39:22,351][src.modRNN.training.alignment][INFO] -   align diffusion_fixed @ epoch 451: cos {'ALIFCell_0.input_weights': '0.789', 'ALIFCell_0.recurrent_weights': '0.543', 'ReadOut_0.readout_weights': '0.000'}
[2026-06-02 20:39:39,823][src.modRNN.training.alignment][INFO] - epoch 475  train loss=0.2575  (rule: diffusion)
[2026-06-02 20:39:58,017][src.modRNN.training.alignment][INFO] - epoch 500  train loss=0.2492  (rule: diffusion)
[2026-06-02 20:39:59,515][src.modRNN.training.alignment][INFO] -   align BPTT @ epoch 501: cos {'ALIFCell_0.input_weights': '0.000', 'ALIFCell_0.recurrent_weights': '0.000', 'ReadOut_0.readout_weights': '0.000'}
[2026-06-02 20:40:00,072][src.modRNN.training.alignment][INFO] -   align eprop @ epoch 501: cos {'ALIFCell_0.input_weights': '0.584', 'ALIFCell_0.recurrent_weights': '0.521', 'ReadOut_0.readout_weights': '0.000'}
[2026-06-02 20:40:00,759][src.modRNN.training.alignment][INFO] -   align diffusion_aligned @ epoch 501: cos {'ALIFCell_0.input_weights': '0.836', 'ALIFCell_0.recurrent_weights': '0.688', 'ReadOut_0.readout_weights': '0.000'}
[2026-06-02 20:40:01,924][src.modRNN.training.alignment][INFO] -   align diffusion_per_step @ epoch 501: cos {'ALIFCell_0.input_weights': '0.705', 'ALIFCell_0.recurrent_weights': '0.658', 'ReadOut_0.readout_weights': '0.000'}
[2026-06-02 20:40:02,595][src.modRNN.training.alignment][INFO] -   align diffusion_fixed @ epoch 501: cos {'ALIFCell_0.input_weights': '0.719', 'ALIFCell_0.recurrent_weights': '0.600', 'ReadOut_0.readout_weights': '0.000'}
[2026-06-02 20:40:20,082][src.modRNN.training.alignment][INFO] - epoch 525  train loss=0.6955  (rule: diffusion)
[2026-06-02 20:40:38,337][src.modRNN.training.alignment][INFO] - epoch 550  train loss=0.7015  (rule: diffusion)
[2026-06-02 20:40:39,839][src.modRNN.training.alignment][INFO] -   align BPTT @ epoch 551: cos {'ALIFCell_0.input_weights': '0.000', 'ALIFCell_0.recurrent_weights': '0.000', 'ReadOut_0.readout_weights': '0.000'}
[2026-06-02 20:40:40,397][src.modRNN.training.alignment][INFO] -   align eprop @ epoch 551: cos {'ALIFCell_0.input_weights': '0.822', 'ALIFCell_0.recurrent_weights': '0.779', 'ReadOut_0.readout_weights': '0.000'}
[2026-06-02 20:40:41,086][src.modRNN.training.alignment][INFO] -   align diffusion_aligned @ epoch 551: cos {'ALIFCell_0.input_weights': '0.953', 'ALIFCell_0.recurrent_weights': '0.867', 'ReadOut_0.readout_weights': '0.000'}
[2026-06-02 20:40:42,251][src.modRNN.training.alignment][INFO] -   align diffusion_per_step @ epoch 551: cos {'ALIFCell_0.input_weights': '0.946', 'ALIFCell_0.recurrent_weights': '0.840', 'ReadOut_0.readout_weights': '0.000'}
[2026-06-02 20:40:42,927][src.modRNN.training.alignment][INFO] -   align diffusion_fixed @ epoch 551: cos {'ALIFCell_0.input_weights': '1.057', 'ALIFCell_0.recurrent_weights': '0.880', 'ReadOut_0.readout_weights': '0.000'}
[2026-06-02 20:41:00,384][src.modRNN.training.alignment][INFO] - epoch 575  train loss=0.6959  (rule: diffusion)
[2026-06-02 20:41:18,582][src.modRNN.training.alignment][INFO] - epoch 600  train loss=0.6964  (rule: diffusion)
[2026-06-02 20:41:20,081][src.modRNN.training.alignment][INFO] -   align BPTT @ epoch 601: cos {'ALIFCell_0.input_weights': '0.000', 'ALIFCell_0.recurrent_weights': '0.000', 'ReadOut_0.readout_weights': '0.000'}
[2026-06-02 20:41:20,638][src.modRNN.training.alignment][INFO] -   align eprop @ epoch 601: cos {'ALIFCell_0.input_weights': '0.794', 'ALIFCell_0.recurrent_weights': '0.813', 'ReadOut_0.readout_weights': '0.000'}
[2026-06-02 20:41:21,325][src.modRNN.training.alignment][INFO] -   align diffusion_aligned @ epoch 601: cos {'ALIFCell_0.input_weights': '0.817', 'ALIFCell_0.recurrent_weights': '0.833', 'ReadOut_0.readout_weights': '0.000'}
[2026-06-02 20:41:22,492][src.modRNN.training.alignment][INFO] -   align diffusion_per_step @ epoch 601: cos {'ALIFCell_0.input_weights': '0.856', 'ALIFCell_0.recurrent_weights': '0.846', 'ReadOut_0.readout_weights': '0.000'}
[2026-06-02 20:41:23,163][src.modRNN.training.alignment][INFO] -   align diffusion_fixed @ epoch 601: cos {'ALIFCell_0.input_weights': '0.919', 'ALIFCell_0.recurrent_weights': '0.858', 'ReadOut_0.readout_weights': '0.000'}
[2026-06-02 20:41:40,646][src.modRNN.training.alignment][INFO] - epoch 625  train loss=0.6955  (rule: diffusion)
[2026-06-02 20:41:58,878][src.modRNN.training.alignment][INFO] - epoch 650  train loss=0.6838  (rule: diffusion)
[2026-06-02 20:42:00,375][src.modRNN.training.alignment][INFO] -   align BPTT @ epoch 651: cos {'ALIFCell_0.input_weights': '0.000', 'ALIFCell_0.recurrent_weights': '0.000', 'ReadOut_0.readout_weights': '0.000'}
[2026-06-02 20:42:00,933][src.modRNN.training.alignment][INFO] -   align eprop @ epoch 651: cos {'ALIFCell_0.input_weights': '0.893', 'ALIFCell_0.recurrent_weights': '0.974', 'ReadOut_0.readout_weights': '0.000'}
[2026-06-02 20:42:01,621][src.modRNN.training.alignment][INFO] -   align diffusion_aligned @ epoch 651: cos {'ALIFCell_0.input_weights': '0.956', 'ALIFCell_0.recurrent_weights': '0.896', 'ReadOut_0.readout_weights': '0.000'}
[2026-06-02 20:42:02,784][src.modRNN.training.alignment][INFO] -   align diffusion_per_step @ epoch 651: cos {'ALIFCell_0.input_weights': '0.933', 'ALIFCell_0.recurrent_weights': '0.916', 'ReadOut_0.readout_weights': '0.000'}
[2026-06-02 20:42:03,454][src.modRNN.training.alignment][INFO] -   align diffusion_fixed @ epoch 651: cos {'ALIFCell_0.input_weights': '0.952', 'ALIFCell_0.recurrent_weights': '0.897', 'ReadOut_0.readout_weights': '0.000'}
[2026-06-02 20:42:20,938][src.modRNN.training.alignment][INFO] - epoch 675  train loss=0.6951  (rule: diffusion)
[2026-06-02 20:42:39,170][src.modRNN.training.alignment][INFO] - epoch 700  train loss=0.6851  (rule: diffusion)
[2026-06-02 20:42:40,670][src.modRNN.training.alignment][INFO] -   align BPTT @ epoch 701: cos {'ALIFCell_0.input_weights': '0.000', 'ALIFCell_0.recurrent_weights': '0.000', 'ReadOut_0.readout_weights': '0.000'}
[2026-06-02 20:42:41,230][src.modRNN.training.alignment][INFO] -   align eprop @ epoch 701: cos {'ALIFCell_0.input_weights': '0.681', 'ALIFCell_0.recurrent_weights': '0.568', 'ReadOut_0.readout_weights': '0.000'}
[2026-06-02 20:42:41,916][src.modRNN.training.alignment][INFO] -   align diffusion_aligned @ epoch 701: cos {'ALIFCell_0.input_weights': '0.731', 'ALIFCell_0.recurrent_weights': '0.586', 'ReadOut_0.readout_weights': '0.000'}
[2026-06-02 20:42:43,082][src.modRNN.training.alignment][INFO] -   align diffusion_per_step @ epoch 701: cos {'ALIFCell_0.input_weights': '0.780', 'ALIFCell_0.recurrent_weights': '0.646', 'ReadOut_0.readout_weights': '0.000'}
[2026-06-02 20:42:43,754][src.modRNN.training.alignment][INFO] -   align diffusion_fixed @ epoch 701: cos {'ALIFCell_0.input_weights': '0.867', 'ALIFCell_0.recurrent_weights': '0.713', 'ReadOut_0.readout_weights': '0.000'}
[2026-06-02 20:43:01,276][src.modRNN.training.alignment][INFO] - epoch 725  train loss=0.6822  (rule: diffusion)
[2026-06-02 20:43:19,504][src.modRNN.training.alignment][INFO] - epoch 750  train loss=0.6833  (rule: diffusion)
[2026-06-02 20:43:21,004][src.modRNN.training.alignment][INFO] -   align BPTT @ epoch 751: cos {'ALIFCell_0.input_weights': '0.000', 'ALIFCell_0.recurrent_weights': '0.000', 'ReadOut_0.readout_weights': '0.000'}
[2026-06-02 20:43:21,561][src.modRNN.training.alignment][INFO] -   align eprop @ epoch 751: cos {'ALIFCell_0.input_weights': '0.775', 'ALIFCell_0.recurrent_weights': '0.913', 'ReadOut_0.readout_weights': '0.000'}
[2026-06-02 20:43:22,248][src.modRNN.training.alignment][INFO] -   align diffusion_aligned @ epoch 751: cos {'ALIFCell_0.input_weights': '0.865', 'ALIFCell_0.recurrent_weights': '0.901', 'ReadOut_0.readout_weights': '0.000'}
[2026-06-02 20:43:23,412][src.modRNN.training.alignment][INFO] -   align diffusion_per_step @ epoch 751: cos {'ALIFCell_0.input_weights': '0.854', 'ALIFCell_0.recurrent_weights': '0.935', 'ReadOut_0.readout_weights': '0.000'}
[2026-06-02 20:43:24,083][src.modRNN.training.alignment][INFO] -   align diffusion_fixed @ epoch 751: cos {'ALIFCell_0.input_weights': '0.900', 'ALIFCell_0.recurrent_weights': '0.930', 'ReadOut_0.readout_weights': '0.000'}
[2026-06-02 20:43:41,593][src.modRNN.training.alignment][INFO] - epoch 775  train loss=0.6814  (rule: diffusion)
[2026-06-02 20:43:59,826][src.modRNN.training.alignment][INFO] - epoch 800  train loss=0.6814  (rule: diffusion)
[2026-06-02 20:44:01,325][src.modRNN.training.alignment][INFO] -   align BPTT @ epoch 801: cos {'ALIFCell_0.input_weights': '0.000', 'ALIFCell_0.recurrent_weights': '0.000', 'ReadOut_0.readout_weights': '0.000'}
[2026-06-02 20:44:01,883][src.modRNN.training.alignment][INFO] -   align eprop @ epoch 801: cos {'ALIFCell_0.input_weights': '0.858', 'ALIFCell_0.recurrent_weights': '1.011', 'ReadOut_0.readout_weights': '0.000'}
[2026-06-02 20:44:02,570][src.modRNN.training.alignment][INFO] -   align diffusion_aligned @ epoch 801: cos {'ALIFCell_0.input_weights': '0.943', 'ALIFCell_0.recurrent_weights': '0.994', 'ReadOut_0.readout_weights': '0.000'}
[2026-06-02 20:44:03,740][src.modRNN.training.alignment][INFO] -   align diffusion_per_step @ epoch 801: cos {'ALIFCell_0.input_weights': '0.910', 'ALIFCell_0.recurrent_weights': '0.983', 'ReadOut_0.readout_weights': '0.000'}
[2026-06-02 20:44:04,413][src.modRNN.training.alignment][INFO] -   align diffusion_fixed @ epoch 801: cos {'ALIFCell_0.input_weights': '0.943', 'ALIFCell_0.recurrent_weights': '1.044', 'ReadOut_0.readout_weights': '0.000'}
[2026-06-02 20:44:21,937][src.modRNN.training.alignment][INFO] - epoch 825  train loss=0.6718  (rule: diffusion)
[2026-06-02 20:44:40,206][src.modRNN.training.alignment][INFO] - epoch 850  train loss=0.6674  (rule: diffusion)
[2026-06-02 20:44:41,706][src.modRNN.training.alignment][INFO] -   align BPTT @ epoch 851: cos {'ALIFCell_0.input_weights': '0.000', 'ALIFCell_0.recurrent_weights': '0.000', 'ReadOut_0.readout_weights': '0.000'}
[2026-06-02 20:44:42,267][src.modRNN.training.alignment][INFO] -   align eprop @ epoch 851: cos {'ALIFCell_0.input_weights': '0.760', 'ALIFCell_0.recurrent_weights': '0.888', 'ReadOut_0.readout_weights': '0.000'}
[2026-06-02 20:44:42,957][src.modRNN.training.alignment][INFO] -   align diffusion_aligned @ epoch 851: cos {'ALIFCell_0.input_weights': '0.816', 'ALIFCell_0.recurrent_weights': '0.900', 'ReadOut_0.readout_weights': '0.000'}
[2026-06-02 20:44:44,124][src.modRNN.training.alignment][INFO] -   align diffusion_per_step @ epoch 851: cos {'ALIFCell_0.input_weights': '0.799', 'ALIFCell_0.recurrent_weights': '0.943', 'ReadOut_0.readout_weights': '0.000'}
[2026-06-02 20:44:44,796][src.modRNN.training.alignment][INFO] -   align diffusion_fixed @ epoch 851: cos {'ALIFCell_0.input_weights': '0.841', 'ALIFCell_0.recurrent_weights': '0.988', 'ReadOut_0.readout_weights': '0.000'}
[2026-06-02 20:45:02,268][src.modRNN.training.alignment][INFO] - epoch 875  train loss=0.6716  (rule: diffusion)
[2026-06-02 20:45:20,495][src.modRNN.training.alignment][INFO] - epoch 900  train loss=0.5740  (rule: diffusion)
[2026-06-02 20:45:21,992][src.modRNN.training.alignment][INFO] -   align BPTT @ epoch 901: cos {'ALIFCell_0.input_weights': '0.000', 'ALIFCell_0.recurrent_weights': '0.000', 'ReadOut_0.readout_weights': '0.000'}
[2026-06-02 20:45:22,550][src.modRNN.training.alignment][INFO] -   align eprop @ epoch 901: cos {'ALIFCell_0.input_weights': '0.581', 'ALIFCell_0.recurrent_weights': '0.535', 'ReadOut_0.readout_weights': '0.000'}
[2026-06-02 20:45:23,239][src.modRNN.training.alignment][INFO] -   align diffusion_aligned @ epoch 901: cos {'ALIFCell_0.input_weights': '0.839', 'ALIFCell_0.recurrent_weights': '0.730', 'ReadOut_0.readout_weights': '0.000'}
[2026-06-02 20:45:24,404][src.modRNN.training.alignment][INFO] -   align diffusion_per_step @ epoch 901: cos {'ALIFCell_0.input_weights': '0.706', 'ALIFCell_0.recurrent_weights': '0.531', 'ReadOut_0.readout_weights': '0.000'}
[2026-06-02 20:45:25,078][src.modRNN.training.alignment][INFO] -   align diffusion_fixed @ epoch 901: cos {'ALIFCell_0.input_weights': '0.887', 'ALIFCell_0.recurrent_weights': '0.551', 'ReadOut_0.readout_weights': '0.000'}
[2026-06-02 20:45:42,556][src.modRNN.training.alignment][INFO] - epoch 925  train loss=0.5891  (rule: diffusion)
[2026-06-02 20:46:00,746][src.modRNN.training.alignment][INFO] - epoch 950  train loss=0.6422  (rule: diffusion)
[2026-06-02 20:46:02,246][src.modRNN.training.alignment][INFO] -   align BPTT @ epoch 951: cos {'ALIFCell_0.input_weights': '0.000', 'ALIFCell_0.recurrent_weights': '0.000', 'ReadOut_0.readout_weights': '0.000'}
[2026-06-02 20:46:02,803][src.modRNN.training.alignment][INFO] -   align eprop @ epoch 951: cos {'ALIFCell_0.input_weights': '0.928', 'ALIFCell_0.recurrent_weights': '0.781', 'ReadOut_0.readout_weights': '0.000'}
[2026-06-02 20:46:03,490][src.modRNN.training.alignment][INFO] -   align diffusion_aligned @ epoch 951: cos {'ALIFCell_0.input_weights': '0.927', 'ALIFCell_0.recurrent_weights': '0.856', 'ReadOut_0.readout_weights': '0.000'}
[2026-06-02 20:46:04,655][src.modRNN.training.alignment][INFO] -   align diffusion_per_step @ epoch 951: cos {'ALIFCell_0.input_weights': '0.936', 'ALIFCell_0.recurrent_weights': '0.872', 'ReadOut_0.readout_weights': '0.000'}
[2026-06-02 20:46:05,326][src.modRNN.training.alignment][INFO] -   align diffusion_fixed @ epoch 951: cos {'ALIFCell_0.input_weights': '0.987', 'ALIFCell_0.recurrent_weights': '0.850', 'ReadOut_0.readout_weights': '0.000'}
[2026-06-02 20:46:22,834][src.modRNN.training.alignment][INFO] - epoch 975  train loss=0.6477  (rule: diffusion)
[2026-06-02 20:46:41,064][src.modRNN.training.alignment][INFO] - epoch 1000  train loss=0.6597  (rule: diffusion)
[2026-06-02 20:46:42,562][src.modRNN.training.alignment][INFO] -   align BPTT @ epoch 1001: cos {'ALIFCell_0.input_weights': '0.000', 'ALIFCell_0.recurrent_weights': '0.000', 'ReadOut_0.readout_weights': '0.000'}
[2026-06-02 20:46:43,120][src.modRNN.training.alignment][INFO] -   align eprop @ epoch 1001: cos {'ALIFCell_0.input_weights': '0.939', 'ALIFCell_0.recurrent_weights': '1.096', 'ReadOut_0.readout_weights': '0.000'}
[2026-06-02 20:46:43,809][src.modRNN.training.alignment][INFO] -   align diffusion_aligned @ epoch 1001: cos {'ALIFCell_0.input_weights': '1.100', 'ALIFCell_0.recurrent_weights': '1.100', 'ReadOut_0.readout_weights': '0.000'}
[2026-06-02 20:46:44,974][src.modRNN.training.alignment][INFO] -   align diffusion_per_step @ epoch 1001: cos {'ALIFCell_0.input_weights': '0.932', 'ALIFCell_0.recurrent_weights': '1.133', 'ReadOut_0.readout_weights': '0.000'}
[2026-06-02 20:46:45,647][src.modRNN.training.alignment][INFO] -   align diffusion_fixed @ epoch 1001: cos {'ALIFCell_0.input_weights': '1.119', 'ALIFCell_0.recurrent_weights': '1.173', 'ReadOut_0.readout_weights': '0.000'}
[2026-06-02 20:47:03,148][src.modRNN.training.alignment][INFO] - epoch 1025  train loss=0.6507  (rule: diffusion)
[2026-06-02 20:47:21,359][src.modRNN.training.alignment][INFO] - epoch 1050  train loss=0.6904  (rule: diffusion)
[2026-06-02 20:47:22,859][src.modRNN.training.alignment][INFO] -   align BPTT @ epoch 1051: cos {'ALIFCell_0.input_weights': '0.000', 'ALIFCell_0.recurrent_weights': '0.000', 'ReadOut_0.readout_weights': '0.000'}
[2026-06-02 20:47:23,417][src.modRNN.training.alignment][INFO] -   align eprop @ epoch 1051: cos {'ALIFCell_0.input_weights': '0.974', 'ALIFCell_0.recurrent_weights': '0.724', 'ReadOut_0.readout_weights': '0.000'}
[2026-06-02 20:47:24,106][src.modRNN.training.alignment][INFO] -   align diffusion_aligned @ epoch 1051: cos {'ALIFCell_0.input_weights': '1.048', 'ALIFCell_0.recurrent_weights': '0.895', 'ReadOut_0.readout_weights': '0.000'}
[2026-06-02 20:47:25,273][src.modRNN.training.alignment][INFO] -   align diffusion_per_step @ epoch 1051: cos {'ALIFCell_0.input_weights': '1.048', 'ALIFCell_0.recurrent_weights': '0.690', 'ReadOut_0.readout_weights': '0.000'}
[2026-06-02 20:47:25,947][src.modRNN.training.alignment][INFO] -   align diffusion_fixed @ epoch 1051: cos {'ALIFCell_0.input_weights': '1.219', 'ALIFCell_0.recurrent_weights': '0.723', 'ReadOut_0.readout_weights': '0.000'}
[2026-06-02 20:47:43,452][src.modRNN.training.alignment][INFO] - epoch 1075  train loss=0.6368  (rule: diffusion)
[2026-06-02 20:48:01,685][src.modRNN.training.alignment][INFO] - epoch 1100  train loss=0.6647  (rule: diffusion)
[2026-06-02 20:48:03,184][src.modRNN.training.alignment][INFO] -   align BPTT @ epoch 1101: cos {'ALIFCell_0.input_weights': '0.000', 'ALIFCell_0.recurrent_weights': '0.000', 'ReadOut_0.readout_weights': '0.000'}
[2026-06-02 20:48:03,741][src.modRNN.training.alignment][INFO] -   align eprop @ epoch 1101: cos {'ALIFCell_0.input_weights': '0.948', 'ALIFCell_0.recurrent_weights': '0.958', 'ReadOut_0.readout_weights': '0.000'}
[2026-06-02 20:48:04,428][src.modRNN.training.alignment][INFO] -   align diffusion_aligned @ epoch 1101: cos {'ALIFCell_0.input_weights': '0.974', 'ALIFCell_0.recurrent_weights': '0.881', 'ReadOut_0.readout_weights': '0.000'}
[2026-06-02 20:48:05,594][src.modRNN.training.alignment][INFO] -   align diffusion_per_step @ epoch 1101: cos {'ALIFCell_0.input_weights': '0.960', 'ALIFCell_0.recurrent_weights': '1.049', 'ReadOut_0.readout_weights': '0.000'}
[2026-06-02 20:48:06,267][src.modRNN.training.alignment][INFO] -   align diffusion_fixed @ epoch 1101: cos {'ALIFCell_0.input_weights': '1.084', 'ALIFCell_0.recurrent_weights': '1.186', 'ReadOut_0.readout_weights': '0.000'}
[2026-06-02 20:48:23,759][src.modRNN.training.alignment][INFO] - epoch 1125  train loss=0.5853  (rule: diffusion)
[2026-06-02 20:48:41,971][src.modRNN.training.alignment][INFO] - epoch 1150  train loss=0.6741  (rule: diffusion)
[2026-06-02 20:48:43,468][src.modRNN.training.alignment][INFO] -   align BPTT @ epoch 1151: cos {'ALIFCell_0.input_weights': '0.000', 'ALIFCell_0.recurrent_weights': '0.000', 'ReadOut_0.readout_weights': '0.000'}
[2026-06-02 20:48:44,025][src.modRNN.training.alignment][INFO] -   align eprop @ epoch 1151: cos {'ALIFCell_0.input_weights': '0.608', 'ALIFCell_0.recurrent_weights': '0.801', 'ReadOut_0.readout_weights': '0.000'}
[2026-06-02 20:48:44,713][src.modRNN.training.alignment][INFO] -   align diffusion_aligned @ epoch 1151: cos {'ALIFCell_0.input_weights': '0.852', 'ALIFCell_0.recurrent_weights': '0.851', 'ReadOut_0.readout_weights': '0.000'}
[2026-06-02 20:48:45,880][src.modRNN.training.alignment][INFO] -   align diffusion_per_step @ epoch 1151: cos {'ALIFCell_0.input_weights': '0.759', 'ALIFCell_0.recurrent_weights': '0.915', 'ReadOut_0.readout_weights': '0.000'}
[2026-06-02 20:48:46,552][src.modRNN.training.alignment][INFO] -   align diffusion_fixed @ epoch 1151: cos {'ALIFCell_0.input_weights': '0.914', 'ALIFCell_0.recurrent_weights': '0.969', 'ReadOut_0.readout_weights': '0.000'}
[2026-06-02 20:49:04,013][src.modRNN.training.alignment][INFO] - epoch 1175  train loss=0.5800  (rule: diffusion)
[2026-06-02 20:49:22,208][src.modRNN.training.alignment][INFO] - epoch 1200  train loss=0.6339  (rule: diffusion)
[2026-06-02 20:49:23,706][src.modRNN.training.alignment][INFO] -   align BPTT @ epoch 1201: cos {'ALIFCell_0.input_weights': '0.000', 'ALIFCell_0.recurrent_weights': '0.000', 'ReadOut_0.readout_weights': '0.000'}
[2026-06-02 20:49:24,263][src.modRNN.training.alignment][INFO] -   align eprop @ epoch 1201: cos {'ALIFCell_0.input_weights': '1.169', 'ALIFCell_0.recurrent_weights': '0.956', 'ReadOut_0.readout_weights': '0.000'}
[2026-06-02 20:49:24,951][src.modRNN.training.alignment][INFO] -   align diffusion_aligned @ epoch 1201: cos {'ALIFCell_0.input_weights': '1.209', 'ALIFCell_0.recurrent_weights': '1.065', 'ReadOut_0.readout_weights': '0.000'}
[2026-06-02 20:49:26,117][src.modRNN.training.alignment][INFO] -   align diffusion_per_step @ epoch 1201: cos {'ALIFCell_0.input_weights': '1.202', 'ALIFCell_0.recurrent_weights': '1.030', 'ReadOut_0.readout_weights': '0.000'}
[2026-06-02 20:49:26,790][src.modRNN.training.alignment][INFO] -   align diffusion_fixed @ epoch 1201: cos {'ALIFCell_0.input_weights': '1.209', 'ALIFCell_0.recurrent_weights': '1.050', 'ReadOut_0.readout_weights': '0.000'}
[2026-06-02 20:49:44,245][src.modRNN.training.alignment][INFO] - epoch 1225  train loss=0.6307  (rule: diffusion)
[2026-06-02 20:50:02,429][src.modRNN.training.alignment][INFO] - epoch 1250  train loss=0.6852  (rule: diffusion)
[2026-06-02 20:50:03,928][src.modRNN.training.alignment][INFO] -   align BPTT @ epoch 1251: cos {'ALIFCell_0.input_weights': '0.000', 'ALIFCell_0.recurrent_weights': '0.000', 'ReadOut_0.readout_weights': '0.000'}
[2026-06-02 20:50:04,487][src.modRNN.training.alignment][INFO] -   align eprop @ epoch 1251: cos {'ALIFCell_0.input_weights': '0.833', 'ALIFCell_0.recurrent_weights': '0.458', 'ReadOut_0.readout_weights': '0.000'}
[2026-06-02 20:50:05,176][src.modRNN.training.alignment][INFO] -   align diffusion_aligned @ epoch 1251: cos {'ALIFCell_0.input_weights': '0.983', 'ALIFCell_0.recurrent_weights': '0.766', 'ReadOut_0.readout_weights': '0.000'}
[2026-06-02 20:50:06,342][src.modRNN.training.alignment][INFO] -   align diffusion_per_step @ epoch 1251: cos {'ALIFCell_0.input_weights': '0.854', 'ALIFCell_0.recurrent_weights': '0.550', 'ReadOut_0.readout_weights': '0.000'}
[2026-06-02 20:50:07,014][src.modRNN.training.alignment][INFO] -   align diffusion_fixed @ epoch 1251: cos {'ALIFCell_0.input_weights': '0.880', 'ALIFCell_0.recurrent_weights': '0.588', 'ReadOut_0.readout_weights': '0.000'}
[2026-06-02 20:50:24,484][src.modRNN.training.alignment][INFO] - epoch 1275  train loss=0.6498  (rule: diffusion)
[2026-06-02 20:50:42,695][src.modRNN.training.alignment][INFO] - epoch 1300  train loss=0.6749  (rule: diffusion)
[2026-06-02 20:50:44,194][src.modRNN.training.alignment][INFO] -   align BPTT @ epoch 1301: cos {'ALIFCell_0.input_weights': '0.000', 'ALIFCell_0.recurrent_weights': '0.000', 'ReadOut_0.readout_weights': '0.000'}
[2026-06-02 20:50:44,753][src.modRNN.training.alignment][INFO] -   align eprop @ epoch 1301: cos {'ALIFCell_0.input_weights': '0.723', 'ALIFCell_0.recurrent_weights': '0.819', 'ReadOut_0.readout_weights': '0.000'}
[2026-06-02 20:50:45,443][src.modRNN.training.alignment][INFO] -   align diffusion_aligned @ epoch 1301: cos {'ALIFCell_0.input_weights': '0.720', 'ALIFCell_0.recurrent_weights': '0.770', 'ReadOut_0.readout_weights': '0.000'}
[2026-06-02 20:50:46,609][src.modRNN.training.alignment][INFO] -   align diffusion_per_step @ epoch 1301: cos {'ALIFCell_0.input_weights': '0.803', 'ALIFCell_0.recurrent_weights': '0.877', 'ReadOut_0.readout_weights': '0.000'}
[2026-06-02 20:50:47,283][src.modRNN.training.alignment][INFO] -   align diffusion_fixed @ epoch 1301: cos {'ALIFCell_0.input_weights': '0.946', 'ALIFCell_0.recurrent_weights': '0.958', 'ReadOut_0.readout_weights': '0.000'}
[2026-06-02 20:51:04,792][src.modRNN.training.alignment][INFO] - epoch 1325  train loss=0.6620  (rule: diffusion)
[2026-06-02 20:51:23,015][src.modRNN.training.alignment][INFO] - epoch 1350  train loss=0.5509  (rule: diffusion)
[2026-06-02 20:51:24,514][src.modRNN.training.alignment][INFO] -   align BPTT @ epoch 1351: cos {'ALIFCell_0.input_weights': '0.000', 'ALIFCell_0.recurrent_weights': '0.000', 'ReadOut_0.readout_weights': '0.000'}
[2026-06-02 20:51:25,071][src.modRNN.training.alignment][INFO] -   align eprop @ epoch 1351: cos {'ALIFCell_0.input_weights': '0.901', 'ALIFCell_0.recurrent_weights': '0.975', 'ReadOut_0.readout_weights': '0.000'}
[2026-06-02 20:51:25,764][src.modRNN.training.alignment][INFO] -   align diffusion_aligned @ epoch 1351: cos {'ALIFCell_0.input_weights': '1.011', 'ALIFCell_0.recurrent_weights': '0.871', 'ReadOut_0.readout_weights': '0.000'}
[2026-06-02 20:51:26,934][src.modRNN.training.alignment][INFO] -   align diffusion_per_step @ epoch 1351: cos {'ALIFCell_0.input_weights': '0.945', 'ALIFCell_0.recurrent_weights': '1.116', 'ReadOut_0.readout_weights': '0.000'}
[2026-06-02 20:51:27,607][src.modRNN.training.alignment][INFO] -   align diffusion_fixed @ epoch 1351: cos {'ALIFCell_0.input_weights': '0.973', 'ALIFCell_0.recurrent_weights': '1.125', 'ReadOut_0.readout_weights': '0.000'}
[2026-06-02 20:51:45,072][src.modRNN.training.alignment][INFO] - epoch 1375  train loss=0.5223  (rule: diffusion)
[2026-06-02 20:52:03,269][src.modRNN.training.alignment][INFO] - epoch 1400  train loss=0.6337  (rule: diffusion)
[2026-06-02 20:52:04,767][src.modRNN.training.alignment][INFO] -   align BPTT @ epoch 1401: cos {'ALIFCell_0.input_weights': '0.000', 'ALIFCell_0.recurrent_weights': '0.000', 'ReadOut_0.readout_weights': '0.000'}
[2026-06-02 20:52:05,324][src.modRNN.training.alignment][INFO] -   align eprop @ epoch 1401: cos {'ALIFCell_0.input_weights': '0.909', 'ALIFCell_0.recurrent_weights': '0.950', 'ReadOut_0.readout_weights': '0.000'}
[2026-06-02 20:52:06,012][src.modRNN.training.alignment][INFO] -   align diffusion_aligned @ epoch 1401: cos {'ALIFCell_0.input_weights': '0.936', 'ALIFCell_0.recurrent_weights': '0.887', 'ReadOut_0.readout_weights': '0.000'}
[2026-06-02 20:52:07,178][src.modRNN.training.alignment][INFO] -   align diffusion_per_step @ epoch 1401: cos {'ALIFCell_0.input_weights': '0.966', 'ALIFCell_0.recurrent_weights': '1.019', 'ReadOut_0.readout_weights': '0.000'}
[2026-06-02 20:52:07,849][src.modRNN.training.alignment][INFO] -   align diffusion_fixed @ epoch 1401: cos {'ALIFCell_0.input_weights': '0.967', 'ALIFCell_0.recurrent_weights': '0.963', 'ReadOut_0.readout_weights': '0.000'}
[2026-06-02 20:52:25,372][src.modRNN.training.alignment][INFO] - epoch 1425  train loss=0.4745  (rule: diffusion)
[2026-06-02 20:52:43,617][src.modRNN.training.alignment][INFO] - epoch 1450  train loss=0.3227  (rule: diffusion)
[2026-06-02 20:52:45,118][src.modRNN.training.alignment][INFO] -   align BPTT @ epoch 1451: cos {'ALIFCell_0.input_weights': '0.000', 'ALIFCell_0.recurrent_weights': '0.000', 'ReadOut_0.readout_weights': '0.000'}
[2026-06-02 20:52:45,676][src.modRNN.training.alignment][INFO] -   align eprop @ epoch 1451: cos {'ALIFCell_0.input_weights': '0.824', 'ALIFCell_0.recurrent_weights': '0.736', 'ReadOut_0.readout_weights': '0.000'}
[2026-06-02 20:52:46,365][src.modRNN.training.alignment][INFO] -   align diffusion_aligned @ epoch 1451: cos {'ALIFCell_0.input_weights': '0.869', 'ALIFCell_0.recurrent_weights': '0.851', 'ReadOut_0.readout_weights': '0.000'}
[2026-06-02 20:52:47,533][src.modRNN.training.alignment][INFO] -   align diffusion_per_step @ epoch 1451: cos {'ALIFCell_0.input_weights': '0.837', 'ALIFCell_0.recurrent_weights': '0.732', 'ReadOut_0.readout_weights': '0.000'}
[2026-06-02 20:52:48,205][src.modRNN.training.alignment][INFO] -   align diffusion_fixed @ epoch 1451: cos {'ALIFCell_0.input_weights': '0.813', 'ALIFCell_0.recurrent_weights': '0.619', 'ReadOut_0.readout_weights': '0.000'}
[2026-06-02 20:53:05,736][src.modRNN.training.alignment][INFO] - epoch 1475  train loss=0.4315  (rule: diffusion)
[2026-06-02 20:53:23,967][src.modRNN.training.alignment][INFO] - epoch 1500  train loss=0.2970  (rule: diffusion)
[2026-06-02 20:53:25,463][src.modRNN.training.alignment][INFO] -   align BPTT @ epoch 1501: cos {'ALIFCell_0.input_weights': '0.000', 'ALIFCell_0.recurrent_weights': '0.000', 'ReadOut_0.readout_weights': '0.000'}
[2026-06-02 20:53:26,021][src.modRNN.training.alignment][INFO] -   align eprop @ epoch 1501: cos {'ALIFCell_0.input_weights': '1.109', 'ALIFCell_0.recurrent_weights': '1.104', 'ReadOut_0.readout_weights': '0.000'}
[2026-06-02 20:53:26,710][src.modRNN.training.alignment][INFO] -   align diffusion_aligned @ epoch 1501: cos {'ALIFCell_0.input_weights': '1.130', 'ALIFCell_0.recurrent_weights': '1.145', 'ReadOut_0.readout_weights': '0.000'}
[2026-06-02 20:53:27,874][src.modRNN.training.alignment][INFO] -   align diffusion_per_step @ epoch 1501: cos {'ALIFCell_0.input_weights': '1.138', 'ALIFCell_0.recurrent_weights': '1.107', 'ReadOut_0.readout_weights': '0.000'}
[2026-06-02 20:53:28,546][src.modRNN.training.alignment][INFO] -   align diffusion_fixed @ epoch 1501: cos {'ALIFCell_0.input_weights': '1.138', 'ALIFCell_0.recurrent_weights': '1.070', 'ReadOut_0.readout_weights': '0.000'}
[2026-06-02 20:53:46,035][src.modRNN.training.alignment][INFO] - epoch 1525  train loss=0.2894  (rule: diffusion)
[2026-06-02 20:54:04,244][src.modRNN.training.alignment][INFO] - epoch 1550  train loss=0.2978  (rule: diffusion)
[2026-06-02 20:54:05,741][src.modRNN.training.alignment][INFO] -   align BPTT @ epoch 1551: cos {'ALIFCell_0.input_weights': '0.000', 'ALIFCell_0.recurrent_weights': '0.000', 'ReadOut_0.readout_weights': '0.000'}
[2026-06-02 20:54:06,297][src.modRNN.training.alignment][INFO] -   align eprop @ epoch 1551: cos {'ALIFCell_0.input_weights': '1.232', 'ALIFCell_0.recurrent_weights': '0.935', 'ReadOut_0.readout_weights': '0.000'}
[2026-06-02 20:54:06,985][src.modRNN.training.alignment][INFO] -   align diffusion_aligned @ epoch 1551: cos {'ALIFCell_0.input_weights': '1.231', 'ALIFCell_0.recurrent_weights': '1.066', 'ReadOut_0.readout_weights': '0.000'}
[2026-06-02 20:54:08,151][src.modRNN.training.alignment][INFO] -   align diffusion_per_step @ epoch 1551: cos {'ALIFCell_0.input_weights': '1.217', 'ALIFCell_0.recurrent_weights': '0.969', 'ReadOut_0.readout_weights': '0.000'}
[2026-06-02 20:54:08,823][src.modRNN.training.alignment][INFO] -   align diffusion_fixed @ epoch 1551: cos {'ALIFCell_0.input_weights': '1.201', 'ALIFCell_0.recurrent_weights': '1.009', 'ReadOut_0.readout_weights': '0.000'}
[2026-06-02 20:54:26,290][src.modRNN.training.alignment][INFO] - epoch 1575  train loss=0.3391  (rule: diffusion)
[2026-06-02 20:54:44,490][src.modRNN.training.alignment][INFO] - epoch 1600  train loss=0.1997  (rule: diffusion)
[2026-06-02 20:54:45,991][src.modRNN.training.alignment][INFO] -   align BPTT @ epoch 1601: cos {'ALIFCell_0.input_weights': '0.000', 'ALIFCell_0.recurrent_weights': '0.000', 'ReadOut_0.readout_weights': '0.000'}
[2026-06-02 20:54:46,549][src.modRNN.training.alignment][INFO] -   align eprop @ epoch 1601: cos {'ALIFCell_0.input_weights': '1.555', 'ALIFCell_0.recurrent_weights': '1.457', 'ReadOut_0.readout_weights': '0.000'}
[2026-06-02 20:54:47,237][src.modRNN.training.alignment][INFO] -   align diffusion_aligned @ epoch 1601: cos {'ALIFCell_0.input_weights': '1.556', 'ALIFCell_0.recurrent_weights': '1.456', 'ReadOut_0.readout_weights': '0.000'}
[2026-06-02 20:54:48,402][src.modRNN.training.alignment][INFO] -   align diffusion_per_step @ epoch 1601: cos {'ALIFCell_0.input_weights': '1.549', 'ALIFCell_0.recurrent_weights': '1.454', 'ReadOut_0.readout_weights': '0.000'}
[2026-06-02 20:54:49,073][src.modRNN.training.alignment][INFO] -   align diffusion_fixed @ epoch 1601: cos {'ALIFCell_0.input_weights': '1.537', 'ALIFCell_0.recurrent_weights': '1.421', 'ReadOut_0.readout_weights': '0.000'}
[2026-06-02 20:55:06,541][src.modRNN.training.alignment][INFO] - epoch 1625  train loss=0.2195  (rule: diffusion)
[2026-06-02 20:55:24,759][src.modRNN.training.alignment][INFO] - epoch 1650  train loss=0.1243  (rule: diffusion)
[2026-06-02 20:55:26,256][src.modRNN.training.alignment][INFO] -   align BPTT @ epoch 1651: cos {'ALIFCell_0.input_weights': '0.000', 'ALIFCell_0.recurrent_weights': '0.000', 'ReadOut_0.readout_weights': '0.000'}
[2026-06-02 20:55:26,814][src.modRNN.training.alignment][INFO] -   align eprop @ epoch 1651: cos {'ALIFCell_0.input_weights': '1.567', 'ALIFCell_0.recurrent_weights': '1.574', 'ReadOut_0.readout_weights': '0.000'}
[2026-06-02 20:55:27,501][src.modRNN.training.alignment][INFO] -   align diffusion_aligned @ epoch 1651: cos {'ALIFCell_0.input_weights': '1.560', 'ALIFCell_0.recurrent_weights': '1.583', 'ReadOut_0.readout_weights': '0.000'}
[2026-06-02 20:55:28,667][src.modRNN.training.alignment][INFO] -   align diffusion_per_step @ epoch 1651: cos {'ALIFCell_0.input_weights': '1.554', 'ALIFCell_0.recurrent_weights': '1.578', 'ReadOut_0.readout_weights': '0.000'}
[2026-06-02 20:55:29,340][src.modRNN.training.alignment][INFO] -   align diffusion_fixed @ epoch 1651: cos {'ALIFCell_0.input_weights': '1.537', 'ALIFCell_0.recurrent_weights': '1.583', 'ReadOut_0.readout_weights': '0.000'}
[2026-06-02 20:55:46,806][src.modRNN.training.alignment][INFO] - epoch 1675  train loss=0.2183  (rule: diffusion)
[2026-06-02 20:56:05,013][src.modRNN.training.alignment][INFO] - epoch 1700  train loss=0.3542  (rule: diffusion)
[2026-06-02 20:56:06,512][src.modRNN.training.alignment][INFO] -   align BPTT @ epoch 1701: cos {'ALIFCell_0.input_weights': '0.000', 'ALIFCell_0.recurrent_weights': '0.000', 'ReadOut_0.readout_weights': '0.000'}
[2026-06-02 20:56:07,070][src.modRNN.training.alignment][INFO] -   align eprop @ epoch 1701: cos {'ALIFCell_0.input_weights': '1.570', 'ALIFCell_0.recurrent_weights': '1.569', 'ReadOut_0.readout_weights': '0.000'}
[2026-06-02 20:56:07,758][src.modRNN.training.alignment][INFO] -   align diffusion_aligned @ epoch 1701: cos {'ALIFCell_0.input_weights': '1.559', 'ALIFCell_0.recurrent_weights': '1.563', 'ReadOut_0.readout_weights': '0.000'}
[2026-06-02 20:56:08,921][src.modRNN.training.alignment][INFO] -   align diffusion_per_step @ epoch 1701: cos {'ALIFCell_0.input_weights': '1.567', 'ALIFCell_0.recurrent_weights': '1.559', 'ReadOut_0.readout_weights': '0.000'}
[2026-06-02 20:56:09,594][src.modRNN.training.alignment][INFO] -   align diffusion_fixed @ epoch 1701: cos {'ALIFCell_0.input_weights': '1.563', 'ALIFCell_0.recurrent_weights': '1.550', 'ReadOut_0.readout_weights': '0.000'}
[2026-06-02 20:56:27,058][src.modRNN.training.alignment][INFO] - epoch 1725  train loss=0.2884  (rule: diffusion)
[2026-06-02 20:56:45,281][src.modRNN.training.alignment][INFO] - epoch 1750  train loss=0.3381  (rule: diffusion)
[2026-06-02 20:56:46,780][src.modRNN.training.alignment][INFO] -   align BPTT @ epoch 1751: cos {'ALIFCell_0.input_weights': '0.000', 'ALIFCell_0.recurrent_weights': '0.000', 'ReadOut_0.readout_weights': '0.000'}
[2026-06-02 20:56:47,337][src.modRNN.training.alignment][INFO] -   align eprop @ epoch 1751: cos {'ALIFCell_0.input_weights': '0.895', 'ALIFCell_0.recurrent_weights': '0.889', 'ReadOut_0.readout_weights': '0.000'}
[2026-06-02 20:56:48,026][src.modRNN.training.alignment][INFO] -   align diffusion_aligned @ epoch 1751: cos {'ALIFCell_0.input_weights': '0.974', 'ALIFCell_0.recurrent_weights': '0.987', 'ReadOut_0.readout_weights': '0.000'}
[2026-06-02 20:56:49,192][src.modRNN.training.alignment][INFO] -   align diffusion_per_step @ epoch 1751: cos {'ALIFCell_0.input_weights': '0.866', 'ALIFCell_0.recurrent_weights': '0.856', 'ReadOut_0.readout_weights': '0.000'}
[2026-06-02 20:56:49,864][src.modRNN.training.alignment][INFO] -   align diffusion_fixed @ epoch 1751: cos {'ALIFCell_0.input_weights': '0.957', 'ALIFCell_0.recurrent_weights': '0.763', 'ReadOut_0.readout_weights': '0.000'}
[2026-06-02 20:57:07,339][src.modRNN.training.alignment][INFO] - epoch 1775  train loss=0.3734  (rule: diffusion)
[2026-06-02 20:57:25,552][src.modRNN.training.alignment][INFO] - epoch 1800  train loss=0.3698  (rule: diffusion)
[2026-06-02 20:57:27,051][src.modRNN.training.alignment][INFO] -   align BPTT @ epoch 1801: cos {'ALIFCell_0.input_weights': '0.000', 'ALIFCell_0.recurrent_weights': '0.000', 'ReadOut_0.readout_weights': '0.000'}
[2026-06-02 20:57:27,608][src.modRNN.training.alignment][INFO] -   align eprop @ epoch 1801: cos {'ALIFCell_0.input_weights': '0.730', 'ALIFCell_0.recurrent_weights': '0.657', 'ReadOut_0.readout_weights': '0.000'}
[2026-06-02 20:57:28,296][src.modRNN.training.alignment][INFO] -   align diffusion_aligned @ epoch 1801: cos {'ALIFCell_0.input_weights': '0.816', 'ALIFCell_0.recurrent_weights': '0.835', 'ReadOut_0.readout_weights': '0.000'}
[2026-06-02 20:57:29,463][src.modRNN.training.alignment][INFO] -   align diffusion_per_step @ epoch 1801: cos {'ALIFCell_0.input_weights': '0.763', 'ALIFCell_0.recurrent_weights': '0.634', 'ReadOut_0.readout_weights': '0.000'}
[2026-06-02 20:57:30,135][src.modRNN.training.alignment][INFO] -   align diffusion_fixed @ epoch 1801: cos {'ALIFCell_0.input_weights': '0.797', 'ALIFCell_0.recurrent_weights': '0.724', 'ReadOut_0.readout_weights': '0.000'}
[2026-06-02 20:57:47,610][src.modRNN.training.alignment][INFO] - epoch 1825  train loss=0.2544  (rule: diffusion)
[2026-06-02 20:58:05,836][src.modRNN.training.alignment][INFO] - epoch 1850  train loss=0.1036  (rule: diffusion)
[2026-06-02 20:58:07,334][src.modRNN.training.alignment][INFO] -   align BPTT @ epoch 1851: cos {'ALIFCell_0.input_weights': '0.000', 'ALIFCell_0.recurrent_weights': '0.000', 'ReadOut_0.readout_weights': '0.000'}
[2026-06-02 20:58:07,894][src.modRNN.training.alignment][INFO] -   align eprop @ epoch 1851: cos {'ALIFCell_0.input_weights': '0.871', 'ALIFCell_0.recurrent_weights': '0.829', 'ReadOut_0.readout_weights': '0.000'}
[2026-06-02 20:58:08,583][src.modRNN.training.alignment][INFO] -   align diffusion_aligned @ epoch 1851: cos {'ALIFCell_0.input_weights': '0.907', 'ALIFCell_0.recurrent_weights': '0.841', 'ReadOut_0.readout_weights': '0.000'}
[2026-06-02 20:58:09,749][src.modRNN.training.alignment][INFO] -   align diffusion_per_step @ epoch 1851: cos {'ALIFCell_0.input_weights': '0.910', 'ALIFCell_0.recurrent_weights': '0.826', 'ReadOut_0.readout_weights': '0.000'}
[2026-06-02 20:58:10,422][src.modRNN.training.alignment][INFO] -   align diffusion_fixed @ epoch 1851: cos {'ALIFCell_0.input_weights': '0.986', 'ALIFCell_0.recurrent_weights': '0.858', 'ReadOut_0.readout_weights': '0.000'}
[2026-06-02 20:58:27,935][src.modRNN.training.alignment][INFO] - epoch 1875  train loss=0.0915  (rule: diffusion)
[2026-06-02 20:58:46,201][src.modRNN.training.alignment][INFO] - epoch 1900  train loss=0.0954  (rule: diffusion)
[2026-06-02 20:58:47,700][src.modRNN.training.alignment][INFO] -   align BPTT @ epoch 1901: cos {'ALIFCell_0.input_weights': '0.000', 'ALIFCell_0.recurrent_weights': '0.000', 'ReadOut_0.readout_weights': '0.000'}
[2026-06-02 20:58:48,261][src.modRNN.training.alignment][INFO] -   align eprop @ epoch 1901: cos {'ALIFCell_0.input_weights': '1.564', 'ALIFCell_0.recurrent_weights': '1.566', 'ReadOut_0.readout_weights': '0.000'}
[2026-06-02 20:58:48,950][src.modRNN.training.alignment][INFO] -   align diffusion_aligned @ epoch 1901: cos {'ALIFCell_0.input_weights': '1.571', 'ALIFCell_0.recurrent_weights': '1.563', 'ReadOut_0.readout_weights': '0.000'}
[2026-06-02 20:58:50,116][src.modRNN.training.alignment][INFO] -   align diffusion_per_step @ epoch 1901: cos {'ALIFCell_0.input_weights': '1.561', 'ALIFCell_0.recurrent_weights': '1.564', 'ReadOut_0.readout_weights': '0.000'}
[2026-06-02 20:58:50,787][src.modRNN.training.alignment][INFO] -   align diffusion_fixed @ epoch 1901: cos {'ALIFCell_0.input_weights': '1.564', 'ALIFCell_0.recurrent_weights': '1.566', 'ReadOut_0.readout_weights': '0.000'}
[2026-06-02 20:59:08,246][src.modRNN.training.alignment][INFO] - epoch 1925  train loss=0.0483  (rule: diffusion)
[2026-06-02 20:59:26,454][src.modRNN.training.alignment][INFO] - epoch 1950  train loss=0.0395  (rule: diffusion)
[2026-06-02 20:59:27,952][src.modRNN.training.alignment][INFO] -   align BPTT @ epoch 1951: cos {'ALIFCell_0.input_weights': '0.000', 'ALIFCell_0.recurrent_weights': '0.000', 'ReadOut_0.readout_weights': '0.000'}
[2026-06-02 20:59:28,509][src.modRNN.training.alignment][INFO] -   align eprop @ epoch 1951: cos {'ALIFCell_0.input_weights': '0.554', 'ALIFCell_0.recurrent_weights': '0.739', 'ReadOut_0.readout_weights': '0.000'}
[2026-06-02 20:59:29,197][src.modRNN.training.alignment][INFO] -   align diffusion_aligned @ epoch 1951: cos {'ALIFCell_0.input_weights': '1.141', 'ALIFCell_0.recurrent_weights': '1.042', 'ReadOut_0.readout_weights': '0.000'}
[2026-06-02 20:59:30,364][src.modRNN.training.alignment][INFO] -   align diffusion_per_step @ epoch 1951: cos {'ALIFCell_0.input_weights': '0.591', 'ALIFCell_0.recurrent_weights': '0.727', 'ReadOut_0.readout_weights': '0.000'}
[2026-06-02 20:59:31,036][src.modRNN.training.alignment][INFO] -   align diffusion_fixed @ epoch 1951: cos {'ALIFCell_0.input_weights': '0.465', 'ALIFCell_0.recurrent_weights': '0.495', 'ReadOut_0.readout_weights': '0.000'}
[2026-06-02 20:59:48,507][src.modRNN.training.alignment][INFO] - epoch 1975  train loss=0.0457  (rule: diffusion)
[2026-06-02 21:00:06,701][src.modRNN.training.alignment][INFO] - epoch 2000  train loss=0.0363  (rule: diffusion)
[2026-06-02 21:00:08,197][src.modRNN.training.alignment][INFO] -   align BPTT @ epoch 2001: cos {'ALIFCell_0.input_weights': '0.000', 'ALIFCell_0.recurrent_weights': '0.000', 'ReadOut_0.readout_weights': '0.000'}
[2026-06-02 21:00:08,755][src.modRNN.training.alignment][INFO] -   align eprop @ epoch 2001: cos {'ALIFCell_0.input_weights': '0.926', 'ALIFCell_0.recurrent_weights': '0.966', 'ReadOut_0.readout_weights': '0.000'}
[2026-06-02 21:00:09,443][src.modRNN.training.alignment][INFO] -   align diffusion_aligned @ epoch 2001: cos {'ALIFCell_0.input_weights': '0.846', 'ALIFCell_0.recurrent_weights': '0.862', 'ReadOut_0.readout_weights': '0.000'}
[2026-06-02 21:00:10,609][src.modRNN.training.alignment][INFO] -   align diffusion_per_step @ epoch 2001: cos {'ALIFCell_0.input_weights': '1.002', 'ALIFCell_0.recurrent_weights': '1.009', 'ReadOut_0.readout_weights': '0.000'}
[2026-06-02 21:00:11,281][src.modRNN.training.alignment][INFO] -   align diffusion_fixed @ epoch 2001: cos {'ALIFCell_0.input_weights': '0.977', 'ALIFCell_0.recurrent_weights': '1.038', 'ReadOut_0.readout_weights': '0.000'}
[2026-06-02 21:00:11,314][src.modRNN.training.alignment][INFO] - Alignment experiment finished. Output dir: /mnt/lustre/work/martius/mot736/neuromodRNN/outputs/delayed_match/align_nn_connectivity_diffusion_aligned/seed_86134
