[2026-05-19 18:42:34,553][jax._src.xla_bridge][INFO] - Unable to initialize backend 'rocm': module 'jaxlib.xla_extension' has no attribute 'GpuAllocatorConfig'
[2026-05-19 18:42:34,559][jax._src.xla_bridge][INFO] - Unable to initialize backend 'tpu': INTERNAL: Failed to open libtpu.so: libtpu.so: cannot open shared object file: No such file or directory
[2026-05-19 18:42:44,153][src.modRNN.training.alignment][INFO] - Starting alignment experiment: training with diffusion, measuring alignment of ['BPTT', 'eprop', 'diffusion_aligned', 'diffusion_per_step', 'diffusion_fixed'] every 50 epochs.
[2026-05-19 18:42:49,863][src.modRNN.training.alignment][INFO] - epoch 1  train loss=0.6926  (rule: diffusion)
[2026-05-19 18:42:52,314][src.modRNN.training.alignment][INFO] -   align BPTT @ epoch 1: cos {'ALIFCell_0.input_weights': '0.000', 'ALIFCell_0.recurrent_weights': '0.000', 'ReadOut_0.readout_weights': '0.000'}
[2026-05-19 18:42:54,121][src.modRNN.training.alignment][INFO] -   align eprop @ epoch 1: cos {'ALIFCell_0.input_weights': '0.268', 'ALIFCell_0.recurrent_weights': '0.353', 'ReadOut_0.readout_weights': '0.000'}
[2026-05-19 18:42:56,284][src.modRNN.training.alignment][INFO] -   align diffusion_aligned @ epoch 1: cos {'ALIFCell_0.input_weights': '0.368', 'ALIFCell_0.recurrent_weights': '0.480', 'ReadOut_0.readout_weights': '0.000'}
[2026-05-19 18:43:00,652][src.modRNN.training.alignment][INFO] -   align diffusion_per_step @ epoch 1: cos {'ALIFCell_0.input_weights': '0.340', 'ALIFCell_0.recurrent_weights': '0.415', 'ReadOut_0.readout_weights': '0.000'}
[2026-05-19 18:43:02,872][src.modRNN.training.alignment][INFO] -   align diffusion_fixed @ epoch 1: cos {'ALIFCell_0.input_weights': '0.414', 'ALIFCell_0.recurrent_weights': '0.448', 'ReadOut_0.readout_weights': '0.000'}
[2026-05-19 18:43:34,286][src.modRNN.training.alignment][INFO] - epoch 25  train loss=0.6932  (rule: diffusion)
[2026-05-19 18:44:07,048][src.modRNN.training.alignment][INFO] - epoch 50  train loss=0.6928  (rule: diffusion)
[2026-05-19 18:44:09,796][src.modRNN.training.alignment][INFO] -   align BPTT @ epoch 51: cos {'ALIFCell_0.input_weights': '0.000', 'ALIFCell_0.recurrent_weights': '0.000', 'ReadOut_0.readout_weights': '0.000'}
[2026-05-19 18:44:10,797][src.modRNN.training.alignment][INFO] -   align eprop @ epoch 51: cos {'ALIFCell_0.input_weights': '0.397', 'ALIFCell_0.recurrent_weights': '0.558', 'ReadOut_0.readout_weights': '0.000'}
[2026-05-19 18:44:12,081][src.modRNN.training.alignment][INFO] -   align diffusion_aligned @ epoch 51: cos {'ALIFCell_0.input_weights': '0.407', 'ALIFCell_0.recurrent_weights': '0.581', 'ReadOut_0.readout_weights': '0.000'}
[2026-05-19 18:44:14,233][src.modRNN.training.alignment][INFO] -   align diffusion_per_step @ epoch 51: cos {'ALIFCell_0.input_weights': '0.399', 'ALIFCell_0.recurrent_weights': '0.563', 'ReadOut_0.readout_weights': '0.000'}
[2026-05-19 18:44:15,489][src.modRNN.training.alignment][INFO] -   align diffusion_fixed @ epoch 51: cos {'ALIFCell_0.input_weights': '0.447', 'ALIFCell_0.recurrent_weights': '0.561', 'ReadOut_0.readout_weights': '0.000'}
[2026-05-19 18:44:46,933][src.modRNN.training.alignment][INFO] - epoch 75  train loss=0.6917  (rule: diffusion)
[2026-05-19 18:45:19,833][src.modRNN.training.alignment][INFO] - epoch 100  train loss=0.6892  (rule: diffusion)
[2026-05-19 18:45:22,595][src.modRNN.training.alignment][INFO] -   align BPTT @ epoch 101: cos {'ALIFCell_0.input_weights': '0.000', 'ALIFCell_0.recurrent_weights': '0.000', 'ReadOut_0.readout_weights': '0.000'}
[2026-05-19 18:45:23,602][src.modRNN.training.alignment][INFO] -   align eprop @ epoch 101: cos {'ALIFCell_0.input_weights': '0.759', 'ALIFCell_0.recurrent_weights': '1.410', 'ReadOut_0.readout_weights': '0.000'}
[2026-05-19 18:45:24,893][src.modRNN.training.alignment][INFO] -   align diffusion_aligned @ epoch 101: cos {'ALIFCell_0.input_weights': '0.744', 'ALIFCell_0.recurrent_weights': '1.223', 'ReadOut_0.readout_weights': '0.000'}
[2026-05-19 18:45:27,062][src.modRNN.training.alignment][INFO] -   align diffusion_per_step @ epoch 101: cos {'ALIFCell_0.input_weights': '0.719', 'ALIFCell_0.recurrent_weights': '1.132', 'ReadOut_0.readout_weights': '0.000'}
[2026-05-19 18:45:28,331][src.modRNN.training.alignment][INFO] -   align diffusion_fixed @ epoch 101: cos {'ALIFCell_0.input_weights': '0.688', 'ALIFCell_0.recurrent_weights': '0.897', 'ReadOut_0.readout_weights': '0.000'}
[2026-05-19 18:45:59,928][src.modRNN.training.alignment][INFO] - epoch 125  train loss=0.6716  (rule: diffusion)
[2026-05-19 18:46:33,009][src.modRNN.training.alignment][INFO] - epoch 150  train loss=0.6469  (rule: diffusion)
[2026-05-19 18:46:35,763][src.modRNN.training.alignment][INFO] -   align BPTT @ epoch 151: cos {'ALIFCell_0.input_weights': '0.000', 'ALIFCell_0.recurrent_weights': '0.000', 'ReadOut_0.readout_weights': '0.000'}
[2026-05-19 18:46:36,767][src.modRNN.training.alignment][INFO] -   align eprop @ epoch 151: cos {'ALIFCell_0.input_weights': '1.186', 'ALIFCell_0.recurrent_weights': '1.199', 'ReadOut_0.readout_weights': '0.000'}
[2026-05-19 18:46:38,050][src.modRNN.training.alignment][INFO] -   align diffusion_aligned @ epoch 151: cos {'ALIFCell_0.input_weights': '1.128', 'ALIFCell_0.recurrent_weights': '1.081', 'ReadOut_0.readout_weights': '0.000'}
[2026-05-19 18:46:40,213][src.modRNN.training.alignment][INFO] -   align diffusion_per_step @ epoch 151: cos {'ALIFCell_0.input_weights': '1.164', 'ALIFCell_0.recurrent_weights': '1.121', 'ReadOut_0.readout_weights': '0.000'}
[2026-05-19 18:46:41,463][src.modRNN.training.alignment][INFO] -   align diffusion_fixed @ epoch 151: cos {'ALIFCell_0.input_weights': '1.146', 'ALIFCell_0.recurrent_weights': '1.131', 'ReadOut_0.readout_weights': '0.000'}
[2026-05-19 18:47:13,104][src.modRNN.training.alignment][INFO] - epoch 175  train loss=0.6399  (rule: diffusion)
[2026-05-19 18:47:46,126][src.modRNN.training.alignment][INFO] - epoch 200  train loss=0.6251  (rule: diffusion)
[2026-05-19 18:47:48,876][src.modRNN.training.alignment][INFO] -   align BPTT @ epoch 201: cos {'ALIFCell_0.input_weights': '0.000', 'ALIFCell_0.recurrent_weights': '0.000', 'ReadOut_0.readout_weights': '0.000'}
[2026-05-19 18:47:49,878][src.modRNN.training.alignment][INFO] -   align eprop @ epoch 201: cos {'ALIFCell_0.input_weights': '0.956', 'ALIFCell_0.recurrent_weights': '0.654', 'ReadOut_0.readout_weights': '0.000'}
[2026-05-19 18:47:51,163][src.modRNN.training.alignment][INFO] -   align diffusion_aligned @ epoch 201: cos {'ALIFCell_0.input_weights': '1.043', 'ALIFCell_0.recurrent_weights': '0.689', 'ReadOut_0.readout_weights': '0.000'}
[2026-05-19 18:47:53,328][src.modRNN.training.alignment][INFO] -   align diffusion_per_step @ epoch 201: cos {'ALIFCell_0.input_weights': '1.003', 'ALIFCell_0.recurrent_weights': '0.613', 'ReadOut_0.readout_weights': '0.000'}
[2026-05-19 18:47:54,581][src.modRNN.training.alignment][INFO] -   align diffusion_fixed @ epoch 201: cos {'ALIFCell_0.input_weights': '0.950', 'ALIFCell_0.recurrent_weights': '0.636', 'ReadOut_0.readout_weights': '0.000'}
[2026-05-19 18:48:26,378][src.modRNN.training.alignment][INFO] - epoch 225  train loss=0.6654  (rule: diffusion)
[2026-05-19 18:48:59,348][src.modRNN.training.alignment][INFO] - epoch 250  train loss=0.6685  (rule: diffusion)
[2026-05-19 18:49:02,104][src.modRNN.training.alignment][INFO] -   align BPTT @ epoch 251: cos {'ALIFCell_0.input_weights': '0.000', 'ALIFCell_0.recurrent_weights': '0.000', 'ReadOut_0.readout_weights': '0.000'}
[2026-05-19 18:49:03,109][src.modRNN.training.alignment][INFO] -   align eprop @ epoch 251: cos {'ALIFCell_0.input_weights': '0.853', 'ALIFCell_0.recurrent_weights': '0.898', 'ReadOut_0.readout_weights': '0.000'}
[2026-05-19 18:49:04,397][src.modRNN.training.alignment][INFO] -   align diffusion_aligned @ epoch 251: cos {'ALIFCell_0.input_weights': '0.779', 'ALIFCell_0.recurrent_weights': '0.713', 'ReadOut_0.readout_weights': '0.000'}
[2026-05-19 18:49:06,567][src.modRNN.training.alignment][INFO] -   align diffusion_per_step @ epoch 251: cos {'ALIFCell_0.input_weights': '0.862', 'ALIFCell_0.recurrent_weights': '0.792', 'ReadOut_0.readout_weights': '0.000'}
[2026-05-19 18:49:07,826][src.modRNN.training.alignment][INFO] -   align diffusion_fixed @ epoch 251: cos {'ALIFCell_0.input_weights': '0.809', 'ALIFCell_0.recurrent_weights': '0.778', 'ReadOut_0.readout_weights': '0.000'}
[2026-05-19 18:49:39,530][src.modRNN.training.alignment][INFO] - epoch 275  train loss=0.6146  (rule: diffusion)
[2026-05-19 18:50:12,497][src.modRNN.training.alignment][INFO] - epoch 300  train loss=0.6030  (rule: diffusion)
[2026-05-19 18:50:15,255][src.modRNN.training.alignment][INFO] -   align BPTT @ epoch 301: cos {'ALIFCell_0.input_weights': '0.000', 'ALIFCell_0.recurrent_weights': '0.000', 'ReadOut_0.readout_weights': '0.000'}
[2026-05-19 18:50:16,264][src.modRNN.training.alignment][INFO] -   align eprop @ epoch 301: cos {'ALIFCell_0.input_weights': '0.851', 'ALIFCell_0.recurrent_weights': '0.628', 'ReadOut_0.readout_weights': '0.000'}
[2026-05-19 18:50:17,556][src.modRNN.training.alignment][INFO] -   align diffusion_aligned @ epoch 301: cos {'ALIFCell_0.input_weights': '0.792', 'ALIFCell_0.recurrent_weights': '0.520', 'ReadOut_0.readout_weights': '0.000'}
[2026-05-19 18:50:19,725][src.modRNN.training.alignment][INFO] -   align diffusion_per_step @ epoch 301: cos {'ALIFCell_0.input_weights': '0.819', 'ALIFCell_0.recurrent_weights': '0.564', 'ReadOut_0.readout_weights': '0.000'}
[2026-05-19 18:50:20,984][src.modRNN.training.alignment][INFO] -   align diffusion_fixed @ epoch 301: cos {'ALIFCell_0.input_weights': '0.783', 'ALIFCell_0.recurrent_weights': '0.583', 'ReadOut_0.readout_weights': '0.000'}
[2026-05-19 18:50:52,643][src.modRNN.training.alignment][INFO] - epoch 325  train loss=0.5720  (rule: diffusion)
[2026-05-19 18:51:25,680][src.modRNN.training.alignment][INFO] - epoch 350  train loss=0.5679  (rule: diffusion)
[2026-05-19 18:51:28,444][src.modRNN.training.alignment][INFO] -   align BPTT @ epoch 351: cos {'ALIFCell_0.input_weights': '0.000', 'ALIFCell_0.recurrent_weights': '0.000', 'ReadOut_0.readout_weights': '0.000'}
[2026-05-19 18:51:29,451][src.modRNN.training.alignment][INFO] -   align eprop @ epoch 351: cos {'ALIFCell_0.input_weights': '0.889', 'ALIFCell_0.recurrent_weights': '1.071', 'ReadOut_0.readout_weights': '0.000'}
[2026-05-19 18:51:30,737][src.modRNN.training.alignment][INFO] -   align diffusion_aligned @ epoch 351: cos {'ALIFCell_0.input_weights': '1.087', 'ALIFCell_0.recurrent_weights': '1.111', 'ReadOut_0.readout_weights': '0.000'}
[2026-05-19 18:51:32,902][src.modRNN.training.alignment][INFO] -   align diffusion_per_step @ epoch 351: cos {'ALIFCell_0.input_weights': '1.127', 'ALIFCell_0.recurrent_weights': '1.157', 'ReadOut_0.readout_weights': '0.000'}
[2026-05-19 18:51:34,157][src.modRNN.training.alignment][INFO] -   align diffusion_fixed @ epoch 351: cos {'ALIFCell_0.input_weights': '1.034', 'ALIFCell_0.recurrent_weights': '1.110', 'ReadOut_0.readout_weights': '0.000'}
[2026-05-19 18:52:05,780][src.modRNN.training.alignment][INFO] - epoch 375  train loss=0.5592  (rule: diffusion)
[2026-05-19 18:52:38,836][src.modRNN.training.alignment][INFO] - epoch 400  train loss=0.5018  (rule: diffusion)
[2026-05-19 18:52:41,590][src.modRNN.training.alignment][INFO] -   align BPTT @ epoch 401: cos {'ALIFCell_0.input_weights': '0.000', 'ALIFCell_0.recurrent_weights': '0.000', 'ReadOut_0.readout_weights': '0.000'}
[2026-05-19 18:52:42,589][src.modRNN.training.alignment][INFO] -   align eprop @ epoch 401: cos {'ALIFCell_0.input_weights': '0.747', 'ALIFCell_0.recurrent_weights': '0.626', 'ReadOut_0.readout_weights': '0.000'}
[2026-05-19 18:52:43,869][src.modRNN.training.alignment][INFO] -   align diffusion_aligned @ epoch 401: cos {'ALIFCell_0.input_weights': '0.753', 'ALIFCell_0.recurrent_weights': '0.623', 'ReadOut_0.readout_weights': '0.000'}
[2026-05-19 18:52:46,031][src.modRNN.training.alignment][INFO] -   align diffusion_per_step @ epoch 401: cos {'ALIFCell_0.input_weights': '0.769', 'ALIFCell_0.recurrent_weights': '0.587', 'ReadOut_0.readout_weights': '0.000'}
[2026-05-19 18:52:47,285][src.modRNN.training.alignment][INFO] -   align diffusion_fixed @ epoch 401: cos {'ALIFCell_0.input_weights': '0.742', 'ALIFCell_0.recurrent_weights': '0.596', 'ReadOut_0.readout_weights': '0.000'}
[2026-05-19 18:53:18,911][src.modRNN.training.alignment][INFO] - epoch 425  train loss=0.5874  (rule: diffusion)
[2026-05-19 18:53:51,821][src.modRNN.training.alignment][INFO] - epoch 450  train loss=0.5934  (rule: diffusion)
[2026-05-19 18:53:54,572][src.modRNN.training.alignment][INFO] -   align BPTT @ epoch 451: cos {'ALIFCell_0.input_weights': '0.000', 'ALIFCell_0.recurrent_weights': '0.000', 'ReadOut_0.readout_weights': '0.000'}
[2026-05-19 18:53:55,572][src.modRNN.training.alignment][INFO] -   align eprop @ epoch 451: cos {'ALIFCell_0.input_weights': '1.011', 'ALIFCell_0.recurrent_weights': '0.837', 'ReadOut_0.readout_weights': '0.000'}
[2026-05-19 18:53:56,854][src.modRNN.training.alignment][INFO] -   align diffusion_aligned @ epoch 451: cos {'ALIFCell_0.input_weights': '1.045', 'ALIFCell_0.recurrent_weights': '0.815', 'ReadOut_0.readout_weights': '0.000'}
[2026-05-19 18:53:59,016][src.modRNN.training.alignment][INFO] -   align diffusion_per_step @ epoch 451: cos {'ALIFCell_0.input_weights': '1.100', 'ALIFCell_0.recurrent_weights': '0.804', 'ReadOut_0.readout_weights': '0.000'}
[2026-05-19 18:54:00,267][src.modRNN.training.alignment][INFO] -   align diffusion_fixed @ epoch 451: cos {'ALIFCell_0.input_weights': '1.052', 'ALIFCell_0.recurrent_weights': '0.790', 'ReadOut_0.readout_weights': '0.000'}
[2026-05-19 18:54:32,029][src.modRNN.training.alignment][INFO] - epoch 475  train loss=0.4536  (rule: diffusion)
[2026-05-19 18:55:04,923][src.modRNN.training.alignment][INFO] - epoch 500  train loss=0.5074  (rule: diffusion)
[2026-05-19 18:55:07,686][src.modRNN.training.alignment][INFO] -   align BPTT @ epoch 501: cos {'ALIFCell_0.input_weights': '0.000', 'ALIFCell_0.recurrent_weights': '0.000', 'ReadOut_0.readout_weights': '0.000'}
[2026-05-19 18:55:08,691][src.modRNN.training.alignment][INFO] -   align eprop @ epoch 501: cos {'ALIFCell_0.input_weights': '1.060', 'ALIFCell_0.recurrent_weights': '0.916', 'ReadOut_0.readout_weights': '0.000'}
[2026-05-19 18:55:09,982][src.modRNN.training.alignment][INFO] -   align diffusion_aligned @ epoch 501: cos {'ALIFCell_0.input_weights': '1.024', 'ALIFCell_0.recurrent_weights': '0.873', 'ReadOut_0.readout_weights': '0.000'}
[2026-05-19 18:55:12,150][src.modRNN.training.alignment][INFO] -   align diffusion_per_step @ epoch 501: cos {'ALIFCell_0.input_weights': '1.038', 'ALIFCell_0.recurrent_weights': '0.836', 'ReadOut_0.readout_weights': '0.000'}
[2026-05-19 18:55:13,410][src.modRNN.training.alignment][INFO] -   align diffusion_fixed @ epoch 501: cos {'ALIFCell_0.input_weights': '1.013', 'ALIFCell_0.recurrent_weights': '0.850', 'ReadOut_0.readout_weights': '0.000'}
[2026-05-19 18:55:45,066][src.modRNN.training.alignment][INFO] - epoch 525  train loss=0.5923  (rule: diffusion)
[2026-05-19 18:56:18,039][src.modRNN.training.alignment][INFO] - epoch 550  train loss=0.5751  (rule: diffusion)
[2026-05-19 18:56:20,801][src.modRNN.training.alignment][INFO] -   align BPTT @ epoch 551: cos {'ALIFCell_0.input_weights': '0.000', 'ALIFCell_0.recurrent_weights': '0.000', 'ReadOut_0.readout_weights': '0.000'}
[2026-05-19 18:56:21,808][src.modRNN.training.alignment][INFO] -   align eprop @ epoch 551: cos {'ALIFCell_0.input_weights': '0.938', 'ALIFCell_0.recurrent_weights': '1.001', 'ReadOut_0.readout_weights': '0.000'}
[2026-05-19 18:56:23,098][src.modRNN.training.alignment][INFO] -   align diffusion_aligned @ epoch 551: cos {'ALIFCell_0.input_weights': '0.834', 'ALIFCell_0.recurrent_weights': '0.974', 'ReadOut_0.readout_weights': '0.000'}
[2026-05-19 18:56:25,269][src.modRNN.training.alignment][INFO] -   align diffusion_per_step @ epoch 551: cos {'ALIFCell_0.input_weights': '0.901', 'ALIFCell_0.recurrent_weights': '1.011', 'ReadOut_0.readout_weights': '0.000'}
[2026-05-19 18:56:26,528][src.modRNN.training.alignment][INFO] -   align diffusion_fixed @ epoch 551: cos {'ALIFCell_0.input_weights': '0.913', 'ALIFCell_0.recurrent_weights': '1.043', 'ReadOut_0.readout_weights': '0.000'}
[2026-05-19 18:56:58,137][src.modRNN.training.alignment][INFO] - epoch 575  train loss=0.4410  (rule: diffusion)
[2026-05-19 18:57:31,262][src.modRNN.training.alignment][INFO] - epoch 600  train loss=0.4301  (rule: diffusion)
[2026-05-19 18:57:34,017][src.modRNN.training.alignment][INFO] -   align BPTT @ epoch 601: cos {'ALIFCell_0.input_weights': '0.000', 'ALIFCell_0.recurrent_weights': '0.000', 'ReadOut_0.readout_weights': '0.000'}
[2026-05-19 18:57:35,018][src.modRNN.training.alignment][INFO] -   align eprop @ epoch 601: cos {'ALIFCell_0.input_weights': '0.761', 'ALIFCell_0.recurrent_weights': '0.762', 'ReadOut_0.readout_weights': '0.000'}
[2026-05-19 18:57:36,299][src.modRNN.training.alignment][INFO] -   align diffusion_aligned @ epoch 601: cos {'ALIFCell_0.input_weights': '0.844', 'ALIFCell_0.recurrent_weights': '0.798', 'ReadOut_0.readout_weights': '0.000'}
[2026-05-19 18:57:38,460][src.modRNN.training.alignment][INFO] -   align diffusion_per_step @ epoch 601: cos {'ALIFCell_0.input_weights': '0.823', 'ALIFCell_0.recurrent_weights': '0.747', 'ReadOut_0.readout_weights': '0.000'}
[2026-05-19 18:57:39,712][src.modRNN.training.alignment][INFO] -   align diffusion_fixed @ epoch 601: cos {'ALIFCell_0.input_weights': '0.817', 'ALIFCell_0.recurrent_weights': '0.735', 'ReadOut_0.readout_weights': '0.000'}
[2026-05-19 18:58:11,340][src.modRNN.training.alignment][INFO] - epoch 625  train loss=0.3766  (rule: diffusion)
[2026-05-19 18:58:44,337][src.modRNN.training.alignment][INFO] - epoch 650  train loss=0.3822  (rule: diffusion)
[2026-05-19 18:58:47,090][src.modRNN.training.alignment][INFO] -   align BPTT @ epoch 651: cos {'ALIFCell_0.input_weights': '0.000', 'ALIFCell_0.recurrent_weights': '0.000', 'ReadOut_0.readout_weights': '0.000'}
[2026-05-19 18:58:48,093][src.modRNN.training.alignment][INFO] -   align eprop @ epoch 651: cos {'ALIFCell_0.input_weights': '0.870', 'ALIFCell_0.recurrent_weights': '1.033', 'ReadOut_0.readout_weights': '0.000'}
[2026-05-19 18:58:49,376][src.modRNN.training.alignment][INFO] -   align diffusion_aligned @ epoch 651: cos {'ALIFCell_0.input_weights': '0.926', 'ALIFCell_0.recurrent_weights': '0.998', 'ReadOut_0.readout_weights': '0.000'}
[2026-05-19 18:58:51,536][src.modRNN.training.alignment][INFO] -   align diffusion_per_step @ epoch 651: cos {'ALIFCell_0.input_weights': '0.941', 'ALIFCell_0.recurrent_weights': '0.980', 'ReadOut_0.readout_weights': '0.000'}
[2026-05-19 18:58:52,789][src.modRNN.training.alignment][INFO] -   align diffusion_fixed @ epoch 651: cos {'ALIFCell_0.input_weights': '0.894', 'ALIFCell_0.recurrent_weights': '1.037', 'ReadOut_0.readout_weights': '0.000'}
[2026-05-19 18:59:24,507][src.modRNN.training.alignment][INFO] - epoch 675  train loss=0.3539  (rule: diffusion)
[2026-05-19 18:59:57,439][src.modRNN.training.alignment][INFO] - epoch 700  train loss=0.2868  (rule: diffusion)
[2026-05-19 19:00:00,191][src.modRNN.training.alignment][INFO] -   align BPTT @ epoch 701: cos {'ALIFCell_0.input_weights': '0.000', 'ALIFCell_0.recurrent_weights': '0.000', 'ReadOut_0.readout_weights': '0.000'}
[2026-05-19 19:00:01,197][src.modRNN.training.alignment][INFO] -   align eprop @ epoch 701: cos {'ALIFCell_0.input_weights': '0.904', 'ALIFCell_0.recurrent_weights': '0.756', 'ReadOut_0.readout_weights': '0.000'}
[2026-05-19 19:00:02,490][src.modRNN.training.alignment][INFO] -   align diffusion_aligned @ epoch 701: cos {'ALIFCell_0.input_weights': '0.869', 'ALIFCell_0.recurrent_weights': '0.760', 'ReadOut_0.readout_weights': '0.000'}
[2026-05-19 19:00:04,660][src.modRNN.training.alignment][INFO] -   align diffusion_per_step @ epoch 701: cos {'ALIFCell_0.input_weights': '0.831', 'ALIFCell_0.recurrent_weights': '0.719', 'ReadOut_0.readout_weights': '0.000'}
[2026-05-19 19:00:05,917][src.modRNN.training.alignment][INFO] -   align diffusion_fixed @ epoch 701: cos {'ALIFCell_0.input_weights': '0.829', 'ALIFCell_0.recurrent_weights': '0.699', 'ReadOut_0.readout_weights': '0.000'}
[2026-05-19 19:00:37,654][src.modRNN.training.alignment][INFO] - epoch 725  train loss=0.3864  (rule: diffusion)
[2026-05-19 19:01:10,598][src.modRNN.training.alignment][INFO] - epoch 750  train loss=0.3165  (rule: diffusion)
[2026-05-19 19:01:13,359][src.modRNN.training.alignment][INFO] -   align BPTT @ epoch 751: cos {'ALIFCell_0.input_weights': '0.000', 'ALIFCell_0.recurrent_weights': '0.000', 'ReadOut_0.readout_weights': '0.000'}
[2026-05-19 19:01:14,365][src.modRNN.training.alignment][INFO] -   align eprop @ epoch 751: cos {'ALIFCell_0.input_weights': '1.023', 'ALIFCell_0.recurrent_weights': '0.879', 'ReadOut_0.readout_weights': '0.000'}
[2026-05-19 19:01:15,656][src.modRNN.training.alignment][INFO] -   align diffusion_aligned @ epoch 751: cos {'ALIFCell_0.input_weights': '0.972', 'ALIFCell_0.recurrent_weights': '0.848', 'ReadOut_0.readout_weights': '0.000'}
[2026-05-19 19:01:17,824][src.modRNN.training.alignment][INFO] -   align diffusion_per_step @ epoch 751: cos {'ALIFCell_0.input_weights': '0.982', 'ALIFCell_0.recurrent_weights': '0.849', 'ReadOut_0.readout_weights': '0.000'}
[2026-05-19 19:01:19,083][src.modRNN.training.alignment][INFO] -   align diffusion_fixed @ epoch 751: cos {'ALIFCell_0.input_weights': '1.015', 'ALIFCell_0.recurrent_weights': '0.916', 'ReadOut_0.readout_weights': '0.000'}
[2026-05-19 19:01:50,718][src.modRNN.training.alignment][INFO] - epoch 775  train loss=0.4888  (rule: diffusion)
[2026-05-19 19:02:23,758][src.modRNN.training.alignment][INFO] - epoch 800  train loss=0.4500  (rule: diffusion)
[2026-05-19 19:02:26,523][src.modRNN.training.alignment][INFO] -   align BPTT @ epoch 801: cos {'ALIFCell_0.input_weights': '0.000', 'ALIFCell_0.recurrent_weights': '0.000', 'ReadOut_0.readout_weights': '0.000'}
[2026-05-19 19:02:27,529][src.modRNN.training.alignment][INFO] -   align eprop @ epoch 801: cos {'ALIFCell_0.input_weights': '1.202', 'ALIFCell_0.recurrent_weights': '1.030', 'ReadOut_0.readout_weights': '0.000'}
[2026-05-19 19:02:28,819][src.modRNN.training.alignment][INFO] -   align diffusion_aligned @ epoch 801: cos {'ALIFCell_0.input_weights': '0.994', 'ALIFCell_0.recurrent_weights': '1.023', 'ReadOut_0.readout_weights': '0.000'}
[2026-05-19 19:02:30,991][src.modRNN.training.alignment][INFO] -   align diffusion_per_step @ epoch 801: cos {'ALIFCell_0.input_weights': '1.097', 'ALIFCell_0.recurrent_weights': '1.001', 'ReadOut_0.readout_weights': '0.000'}
[2026-05-19 19:02:32,248][src.modRNN.training.alignment][INFO] -   align diffusion_fixed @ epoch 801: cos {'ALIFCell_0.input_weights': '1.118', 'ALIFCell_0.recurrent_weights': '1.065', 'ReadOut_0.readout_weights': '0.000'}
[2026-05-19 19:03:03,815][src.modRNN.training.alignment][INFO] - epoch 825  train loss=0.3632  (rule: diffusion)
[2026-05-19 19:03:36,902][src.modRNN.training.alignment][INFO] - epoch 850  train loss=0.3695  (rule: diffusion)
[2026-05-19 19:03:39,658][src.modRNN.training.alignment][INFO] -   align BPTT @ epoch 851: cos {'ALIFCell_0.input_weights': '0.000', 'ALIFCell_0.recurrent_weights': '0.000', 'ReadOut_0.readout_weights': '0.000'}
[2026-05-19 19:03:40,661][src.modRNN.training.alignment][INFO] -   align eprop @ epoch 851: cos {'ALIFCell_0.input_weights': '0.502', 'ALIFCell_0.recurrent_weights': '0.831', 'ReadOut_0.readout_weights': '0.000'}
[2026-05-19 19:03:41,948][src.modRNN.training.alignment][INFO] -   align diffusion_aligned @ epoch 851: cos {'ALIFCell_0.input_weights': '0.621', 'ALIFCell_0.recurrent_weights': '0.826', 'ReadOut_0.readout_weights': '0.000'}
[2026-05-19 19:03:44,123][src.modRNN.training.alignment][INFO] -   align diffusion_per_step @ epoch 851: cos {'ALIFCell_0.input_weights': '0.544', 'ALIFCell_0.recurrent_weights': '0.789', 'ReadOut_0.readout_weights': '0.000'}
[2026-05-19 19:03:45,379][src.modRNN.training.alignment][INFO] -   align diffusion_fixed @ epoch 851: cos {'ALIFCell_0.input_weights': '0.574', 'ALIFCell_0.recurrent_weights': '0.804', 'ReadOut_0.readout_weights': '0.000'}
[2026-05-19 19:04:17,110][src.modRNN.training.alignment][INFO] - epoch 875  train loss=0.3342  (rule: diffusion)
[2026-05-19 19:04:50,056][src.modRNN.training.alignment][INFO] - epoch 900  train loss=0.4604  (rule: diffusion)
[2026-05-19 19:04:52,808][src.modRNN.training.alignment][INFO] -   align BPTT @ epoch 901: cos {'ALIFCell_0.input_weights': '0.000', 'ALIFCell_0.recurrent_weights': '0.000', 'ReadOut_0.readout_weights': '0.000'}
[2026-05-19 19:04:53,812][src.modRNN.training.alignment][INFO] -   align eprop @ epoch 901: cos {'ALIFCell_0.input_weights': '1.164', 'ALIFCell_0.recurrent_weights': '1.065', 'ReadOut_0.readout_weights': '0.000'}
[2026-05-19 19:04:55,096][src.modRNN.training.alignment][INFO] -   align diffusion_aligned @ epoch 901: cos {'ALIFCell_0.input_weights': '1.098', 'ALIFCell_0.recurrent_weights': '1.059', 'ReadOut_0.readout_weights': '0.000'}
[2026-05-19 19:04:57,271][src.modRNN.training.alignment][INFO] -   align diffusion_per_step @ epoch 901: cos {'ALIFCell_0.input_weights': '1.123', 'ALIFCell_0.recurrent_weights': '1.035', 'ReadOut_0.readout_weights': '0.000'}
[2026-05-19 19:04:58,527][src.modRNN.training.alignment][INFO] -   align diffusion_fixed @ epoch 901: cos {'ALIFCell_0.input_weights': '1.065', 'ALIFCell_0.recurrent_weights': '1.094', 'ReadOut_0.readout_weights': '0.000'}
[2026-05-19 19:05:30,263][src.modRNN.training.alignment][INFO] - epoch 925  train loss=0.3369  (rule: diffusion)
[2026-05-19 19:06:03,160][src.modRNN.training.alignment][INFO] - epoch 950  train loss=0.3077  (rule: diffusion)
[2026-05-19 19:06:05,924][src.modRNN.training.alignment][INFO] -   align BPTT @ epoch 951: cos {'ALIFCell_0.input_weights': '0.000', 'ALIFCell_0.recurrent_weights': '0.000', 'ReadOut_0.readout_weights': '0.000'}
[2026-05-19 19:06:06,931][src.modRNN.training.alignment][INFO] -   align eprop @ epoch 951: cos {'ALIFCell_0.input_weights': '0.783', 'ALIFCell_0.recurrent_weights': '1.216', 'ReadOut_0.readout_weights': '0.000'}
[2026-05-19 19:06:08,220][src.modRNN.training.alignment][INFO] -   align diffusion_aligned @ epoch 951: cos {'ALIFCell_0.input_weights': '0.777', 'ALIFCell_0.recurrent_weights': '1.174', 'ReadOut_0.readout_weights': '0.000'}
[2026-05-19 19:06:10,389][src.modRNN.training.alignment][INFO] -   align diffusion_per_step @ epoch 951: cos {'ALIFCell_0.input_weights': '0.754', 'ALIFCell_0.recurrent_weights': '1.123', 'ReadOut_0.readout_weights': '0.000'}
[2026-05-19 19:06:11,648][src.modRNN.training.alignment][INFO] -   align diffusion_fixed @ epoch 951: cos {'ALIFCell_0.input_weights': '0.745', 'ALIFCell_0.recurrent_weights': '1.104', 'ReadOut_0.readout_weights': '0.000'}
[2026-05-19 19:06:43,342][src.modRNN.training.alignment][INFO] - epoch 975  train loss=0.3166  (rule: diffusion)
[2026-05-19 19:07:16,326][src.modRNN.training.alignment][INFO] - epoch 1000  train loss=0.3047  (rule: diffusion)
[2026-05-19 19:07:19,092][src.modRNN.training.alignment][INFO] -   align BPTT @ epoch 1001: cos {'ALIFCell_0.input_weights': '0.000', 'ALIFCell_0.recurrent_weights': '0.000', 'ReadOut_0.readout_weights': '0.000'}
[2026-05-19 19:07:20,101][src.modRNN.training.alignment][INFO] -   align eprop @ epoch 1001: cos {'ALIFCell_0.input_weights': '1.227', 'ALIFCell_0.recurrent_weights': '1.008', 'ReadOut_0.readout_weights': '0.000'}
[2026-05-19 19:07:21,391][src.modRNN.training.alignment][INFO] -   align diffusion_aligned @ epoch 1001: cos {'ALIFCell_0.input_weights': '1.283', 'ALIFCell_0.recurrent_weights': '0.979', 'ReadOut_0.readout_weights': '0.000'}
[2026-05-19 19:07:23,565][src.modRNN.training.alignment][INFO] -   align diffusion_per_step @ epoch 1001: cos {'ALIFCell_0.input_weights': '1.272', 'ALIFCell_0.recurrent_weights': '0.949', 'ReadOut_0.readout_weights': '0.000'}
[2026-05-19 19:07:24,823][src.modRNN.training.alignment][INFO] -   align diffusion_fixed @ epoch 1001: cos {'ALIFCell_0.input_weights': '1.235', 'ALIFCell_0.recurrent_weights': '0.904', 'ReadOut_0.readout_weights': '0.000'}
[2026-05-19 19:07:56,436][src.modRNN.training.alignment][INFO] - epoch 1025  train loss=0.3169  (rule: diffusion)
[2026-05-19 19:08:29,511][src.modRNN.training.alignment][INFO] - epoch 1050  train loss=0.5028  (rule: diffusion)
[2026-05-19 19:08:32,269][src.modRNN.training.alignment][INFO] -   align BPTT @ epoch 1051: cos {'ALIFCell_0.input_weights': '0.000', 'ALIFCell_0.recurrent_weights': '0.000', 'ReadOut_0.readout_weights': '0.000'}
[2026-05-19 19:08:33,269][src.modRNN.training.alignment][INFO] -   align eprop @ epoch 1051: cos {'ALIFCell_0.input_weights': '0.609', 'ALIFCell_0.recurrent_weights': '0.859', 'ReadOut_0.readout_weights': '0.000'}
[2026-05-19 19:08:34,550][src.modRNN.training.alignment][INFO] -   align diffusion_aligned @ epoch 1051: cos {'ALIFCell_0.input_weights': '0.690', 'ALIFCell_0.recurrent_weights': '0.838', 'ReadOut_0.readout_weights': '0.000'}
[2026-05-19 19:08:36,713][src.modRNN.training.alignment][INFO] -   align diffusion_per_step @ epoch 1051: cos {'ALIFCell_0.input_weights': '0.584', 'ALIFCell_0.recurrent_weights': '0.830', 'ReadOut_0.readout_weights': '0.000'}
[2026-05-19 19:08:37,965][src.modRNN.training.alignment][INFO] -   align diffusion_fixed @ epoch 1051: cos {'ALIFCell_0.input_weights': '0.545', 'ALIFCell_0.recurrent_weights': '0.829', 'ReadOut_0.readout_weights': '0.000'}
[2026-05-19 19:09:09,536][src.modRNN.training.alignment][INFO] - epoch 1075  train loss=0.2932  (rule: diffusion)
[2026-05-19 19:09:42,537][src.modRNN.training.alignment][INFO] - epoch 1100  train loss=0.3712  (rule: diffusion)
[2026-05-19 19:09:45,287][src.modRNN.training.alignment][INFO] -   align BPTT @ epoch 1101: cos {'ALIFCell_0.input_weights': '0.000', 'ALIFCell_0.recurrent_weights': '0.000', 'ReadOut_0.readout_weights': '0.000'}
[2026-05-19 19:09:46,287][src.modRNN.training.alignment][INFO] -   align eprop @ epoch 1101: cos {'ALIFCell_0.input_weights': '1.086', 'ALIFCell_0.recurrent_weights': '1.123', 'ReadOut_0.readout_weights': '0.000'}
[2026-05-19 19:09:47,572][src.modRNN.training.alignment][INFO] -   align diffusion_aligned @ epoch 1101: cos {'ALIFCell_0.input_weights': '1.100', 'ALIFCell_0.recurrent_weights': '1.289', 'ReadOut_0.readout_weights': '0.000'}
[2026-05-19 19:09:49,734][src.modRNN.training.alignment][INFO] -   align diffusion_per_step @ epoch 1101: cos {'ALIFCell_0.input_weights': '1.114', 'ALIFCell_0.recurrent_weights': '1.156', 'ReadOut_0.readout_weights': '0.000'}
[2026-05-19 19:09:50,987][src.modRNN.training.alignment][INFO] -   align diffusion_fixed @ epoch 1101: cos {'ALIFCell_0.input_weights': '1.076', 'ALIFCell_0.recurrent_weights': '1.139', 'ReadOut_0.readout_weights': '0.000'}
[2026-05-19 19:10:22,701][src.modRNN.training.alignment][INFO] - epoch 1125  train loss=0.3746  (rule: diffusion)
[2026-05-19 19:10:55,607][src.modRNN.training.alignment][INFO] - epoch 1150  train loss=0.3542  (rule: diffusion)
[2026-05-19 19:10:58,359][src.modRNN.training.alignment][INFO] -   align BPTT @ epoch 1151: cos {'ALIFCell_0.input_weights': '0.000', 'ALIFCell_0.recurrent_weights': '0.000', 'ReadOut_0.readout_weights': '0.000'}
[2026-05-19 19:10:59,361][src.modRNN.training.alignment][INFO] -   align eprop @ epoch 1151: cos {'ALIFCell_0.input_weights': '0.947', 'ALIFCell_0.recurrent_weights': '1.027', 'ReadOut_0.readout_weights': '0.000'}
[2026-05-19 19:11:00,643][src.modRNN.training.alignment][INFO] -   align diffusion_aligned @ epoch 1151: cos {'ALIFCell_0.input_weights': '0.900', 'ALIFCell_0.recurrent_weights': '1.045', 'ReadOut_0.readout_weights': '0.000'}
[2026-05-19 19:11:02,813][src.modRNN.training.alignment][INFO] -   align diffusion_per_step @ epoch 1151: cos {'ALIFCell_0.input_weights': '0.924', 'ALIFCell_0.recurrent_weights': '1.067', 'ReadOut_0.readout_weights': '0.000'}
[2026-05-19 19:11:04,070][src.modRNN.training.alignment][INFO] -   align diffusion_fixed @ epoch 1151: cos {'ALIFCell_0.input_weights': '0.932', 'ALIFCell_0.recurrent_weights': '1.046', 'ReadOut_0.readout_weights': '0.000'}
[2026-05-19 19:11:35,785][src.modRNN.training.alignment][INFO] - epoch 1175  train loss=0.4392  (rule: diffusion)
[2026-05-19 19:12:08,679][src.modRNN.training.alignment][INFO] - epoch 1200  train loss=0.3996  (rule: diffusion)
[2026-05-19 19:12:11,437][src.modRNN.training.alignment][INFO] -   align BPTT @ epoch 1201: cos {'ALIFCell_0.input_weights': '0.000', 'ALIFCell_0.recurrent_weights': '0.000', 'ReadOut_0.readout_weights': '0.000'}
[2026-05-19 19:12:12,446][src.modRNN.training.alignment][INFO] -   align eprop @ epoch 1201: cos {'ALIFCell_0.input_weights': '1.362', 'ALIFCell_0.recurrent_weights': '1.259', 'ReadOut_0.readout_weights': '0.000'}
[2026-05-19 19:12:13,737][src.modRNN.training.alignment][INFO] -   align diffusion_aligned @ epoch 1201: cos {'ALIFCell_0.input_weights': '1.311', 'ALIFCell_0.recurrent_weights': '1.189', 'ReadOut_0.readout_weights': '0.000'}
[2026-05-19 19:12:15,907][src.modRNN.training.alignment][INFO] -   align diffusion_per_step @ epoch 1201: cos {'ALIFCell_0.input_weights': '1.343', 'ALIFCell_0.recurrent_weights': '1.244', 'ReadOut_0.readout_weights': '0.000'}
[2026-05-19 19:12:17,169][src.modRNN.training.alignment][INFO] -   align diffusion_fixed @ epoch 1201: cos {'ALIFCell_0.input_weights': '1.327', 'ALIFCell_0.recurrent_weights': '1.222', 'ReadOut_0.readout_weights': '0.000'}
[2026-05-19 19:12:48,813][src.modRNN.training.alignment][INFO] - epoch 1225  train loss=0.4689  (rule: diffusion)
[2026-05-19 19:13:21,807][src.modRNN.training.alignment][INFO] - epoch 1250  train loss=0.7043  (rule: diffusion)
[2026-05-19 19:13:24,571][src.modRNN.training.alignment][INFO] -   align BPTT @ epoch 1251: cos {'ALIFCell_0.input_weights': '0.000', 'ALIFCell_0.recurrent_weights': '0.000', 'ReadOut_0.readout_weights': '0.000'}
[2026-05-19 19:13:25,581][src.modRNN.training.alignment][INFO] -   align eprop @ epoch 1251: cos {'ALIFCell_0.input_weights': '0.757', 'ALIFCell_0.recurrent_weights': '0.832', 'ReadOut_0.readout_weights': '0.000'}
[2026-05-19 19:13:26,869][src.modRNN.training.alignment][INFO] -   align diffusion_aligned @ epoch 1251: cos {'ALIFCell_0.input_weights': '0.707', 'ALIFCell_0.recurrent_weights': '0.867', 'ReadOut_0.readout_weights': '0.000'}
[2026-05-19 19:13:29,039][src.modRNN.training.alignment][INFO] -   align diffusion_per_step @ epoch 1251: cos {'ALIFCell_0.input_weights': '0.727', 'ALIFCell_0.recurrent_weights': '0.837', 'ReadOut_0.readout_weights': '0.000'}
[2026-05-19 19:13:30,297][src.modRNN.training.alignment][INFO] -   align diffusion_fixed @ epoch 1251: cos {'ALIFCell_0.input_weights': '0.701', 'ALIFCell_0.recurrent_weights': '0.817', 'ReadOut_0.readout_weights': '0.000'}
[2026-05-19 19:14:01,864][src.modRNN.training.alignment][INFO] - epoch 1275  train loss=0.4524  (rule: diffusion)
[2026-05-19 19:14:34,940][src.modRNN.training.alignment][INFO] - epoch 1300  train loss=0.3215  (rule: diffusion)
[2026-05-19 19:14:37,693][src.modRNN.training.alignment][INFO] -   align BPTT @ epoch 1301: cos {'ALIFCell_0.input_weights': '0.000', 'ALIFCell_0.recurrent_weights': '0.000', 'ReadOut_0.readout_weights': '0.000'}
[2026-05-19 19:14:38,697][src.modRNN.training.alignment][INFO] -   align eprop @ epoch 1301: cos {'ALIFCell_0.input_weights': '1.186', 'ALIFCell_0.recurrent_weights': '0.942', 'ReadOut_0.readout_weights': '0.000'}
[2026-05-19 19:14:39,981][src.modRNN.training.alignment][INFO] -   align diffusion_aligned @ epoch 1301: cos {'ALIFCell_0.input_weights': '1.130', 'ALIFCell_0.recurrent_weights': '1.011', 'ReadOut_0.readout_weights': '0.000'}
[2026-05-19 19:14:42,143][src.modRNN.training.alignment][INFO] -   align diffusion_per_step @ epoch 1301: cos {'ALIFCell_0.input_weights': '1.079', 'ALIFCell_0.recurrent_weights': '0.936', 'ReadOut_0.readout_weights': '0.000'}
[2026-05-19 19:14:43,396][src.modRNN.training.alignment][INFO] -   align diffusion_fixed @ epoch 1301: cos {'ALIFCell_0.input_weights': '1.003', 'ALIFCell_0.recurrent_weights': '0.904', 'ReadOut_0.readout_weights': '0.000'}
[2026-05-19 19:15:15,024][src.modRNN.training.alignment][INFO] - epoch 1325  train loss=0.4254  (rule: diffusion)
[2026-05-19 19:15:48,001][src.modRNN.training.alignment][INFO] - epoch 1350  train loss=0.4616  (rule: diffusion)
[2026-05-19 19:15:50,754][src.modRNN.training.alignment][INFO] -   align BPTT @ epoch 1351: cos {'ALIFCell_0.input_weights': '0.000', 'ALIFCell_0.recurrent_weights': '0.000', 'ReadOut_0.readout_weights': '0.000'}
[2026-05-19 19:15:51,755][src.modRNN.training.alignment][INFO] -   align eprop @ epoch 1351: cos {'ALIFCell_0.input_weights': '1.435', 'ALIFCell_0.recurrent_weights': '1.274', 'ReadOut_0.readout_weights': '0.000'}
[2026-05-19 19:15:53,042][src.modRNN.training.alignment][INFO] -   align diffusion_aligned @ epoch 1351: cos {'ALIFCell_0.input_weights': '1.459', 'ALIFCell_0.recurrent_weights': '1.325', 'ReadOut_0.readout_weights': '0.000'}
[2026-05-19 19:15:55,208][src.modRNN.training.alignment][INFO] -   align diffusion_per_step @ epoch 1351: cos {'ALIFCell_0.input_weights': '1.405', 'ALIFCell_0.recurrent_weights': '1.269', 'ReadOut_0.readout_weights': '0.000'}
[2026-05-19 19:15:56,462][src.modRNN.training.alignment][INFO] -   align diffusion_fixed @ epoch 1351: cos {'ALIFCell_0.input_weights': '1.384', 'ALIFCell_0.recurrent_weights': '1.240', 'ReadOut_0.readout_weights': '0.000'}
[2026-05-19 19:16:28,224][src.modRNN.training.alignment][INFO] - epoch 1375  train loss=0.4149  (rule: diffusion)
[2026-05-19 19:17:01,114][src.modRNN.training.alignment][INFO] - epoch 1400  train loss=0.4527  (rule: diffusion)
[2026-05-19 19:17:03,878][src.modRNN.training.alignment][INFO] -   align BPTT @ epoch 1401: cos {'ALIFCell_0.input_weights': '0.000', 'ALIFCell_0.recurrent_weights': '0.000', 'ReadOut_0.readout_weights': '0.000'}
[2026-05-19 19:17:04,895][src.modRNN.training.alignment][INFO] -   align eprop @ epoch 1401: cos {'ALIFCell_0.input_weights': '1.226', 'ALIFCell_0.recurrent_weights': '0.921', 'ReadOut_0.readout_weights': '0.000'}
[2026-05-19 19:17:06,182][src.modRNN.training.alignment][INFO] -   align diffusion_aligned @ epoch 1401: cos {'ALIFCell_0.input_weights': '1.238', 'ALIFCell_0.recurrent_weights': '0.979', 'ReadOut_0.readout_weights': '0.000'}
[2026-05-19 19:17:08,350][src.modRNN.training.alignment][INFO] -   align diffusion_per_step @ epoch 1401: cos {'ALIFCell_0.input_weights': '1.258', 'ALIFCell_0.recurrent_weights': '0.982', 'ReadOut_0.readout_weights': '0.000'}
[2026-05-19 19:17:09,610][src.modRNN.training.alignment][INFO] -   align diffusion_fixed @ epoch 1401: cos {'ALIFCell_0.input_weights': '1.248', 'ALIFCell_0.recurrent_weights': '1.040', 'ReadOut_0.readout_weights': '0.000'}
[2026-05-19 19:17:41,329][src.modRNN.training.alignment][INFO] - epoch 1425  train loss=0.4453  (rule: diffusion)
[2026-05-19 19:18:14,306][src.modRNN.training.alignment][INFO] - epoch 1450  train loss=0.3907  (rule: diffusion)
[2026-05-19 19:18:17,067][src.modRNN.training.alignment][INFO] -   align BPTT @ epoch 1451: cos {'ALIFCell_0.input_weights': '0.000', 'ALIFCell_0.recurrent_weights': '0.000', 'ReadOut_0.readout_weights': '0.000'}
[2026-05-19 19:18:18,076][src.modRNN.training.alignment][INFO] -   align eprop @ epoch 1451: cos {'ALIFCell_0.input_weights': '1.291', 'ALIFCell_0.recurrent_weights': '1.068', 'ReadOut_0.readout_weights': '0.000'}
[2026-05-19 19:18:19,364][src.modRNN.training.alignment][INFO] -   align diffusion_aligned @ epoch 1451: cos {'ALIFCell_0.input_weights': '1.294', 'ALIFCell_0.recurrent_weights': '1.045', 'ReadOut_0.readout_weights': '0.000'}
[2026-05-19 19:18:21,533][src.modRNN.training.alignment][INFO] -   align diffusion_per_step @ epoch 1451: cos {'ALIFCell_0.input_weights': '1.268', 'ALIFCell_0.recurrent_weights': '1.072', 'ReadOut_0.readout_weights': '0.000'}
[2026-05-19 19:18:22,792][src.modRNN.training.alignment][INFO] -   align diffusion_fixed @ epoch 1451: cos {'ALIFCell_0.input_weights': '1.183', 'ALIFCell_0.recurrent_weights': '1.088', 'ReadOut_0.readout_weights': '0.000'}
[2026-05-19 19:18:54,411][src.modRNN.training.alignment][INFO] - epoch 1475  train loss=0.4308  (rule: diffusion)
[2026-05-19 19:19:27,441][src.modRNN.training.alignment][INFO] - epoch 1500  train loss=0.3659  (rule: diffusion)
[2026-05-19 19:19:30,205][src.modRNN.training.alignment][INFO] -   align BPTT @ epoch 1501: cos {'ALIFCell_0.input_weights': '0.000', 'ALIFCell_0.recurrent_weights': '0.000', 'ReadOut_0.readout_weights': '0.000'}
[2026-05-19 19:19:31,211][src.modRNN.training.alignment][INFO] -   align eprop @ epoch 1501: cos {'ALIFCell_0.input_weights': '1.065', 'ALIFCell_0.recurrent_weights': '0.936', 'ReadOut_0.readout_weights': '0.000'}
[2026-05-19 19:19:32,494][src.modRNN.training.alignment][INFO] -   align diffusion_aligned @ epoch 1501: cos {'ALIFCell_0.input_weights': '1.122', 'ALIFCell_0.recurrent_weights': '0.989', 'ReadOut_0.readout_weights': '0.000'}
[2026-05-19 19:19:34,656][src.modRNN.training.alignment][INFO] -   align diffusion_per_step @ epoch 1501: cos {'ALIFCell_0.input_weights': '1.048', 'ALIFCell_0.recurrent_weights': '0.952', 'ReadOut_0.readout_weights': '0.000'}
[2026-05-19 19:19:35,911][src.modRNN.training.alignment][INFO] -   align diffusion_fixed @ epoch 1501: cos {'ALIFCell_0.input_weights': '0.983', 'ALIFCell_0.recurrent_weights': '0.930', 'ReadOut_0.readout_weights': '0.000'}
[2026-05-19 19:20:07,497][src.modRNN.training.alignment][INFO] - epoch 1525  train loss=0.2250  (rule: diffusion)
[2026-05-19 19:20:40,529][src.modRNN.training.alignment][INFO] - epoch 1550  train loss=0.4467  (rule: diffusion)
[2026-05-19 19:20:43,279][src.modRNN.training.alignment][INFO] -   align BPTT @ epoch 1551: cos {'ALIFCell_0.input_weights': '0.000', 'ALIFCell_0.recurrent_weights': '0.000', 'ReadOut_0.readout_weights': '0.000'}
[2026-05-19 19:20:44,282][src.modRNN.training.alignment][INFO] -   align eprop @ epoch 1551: cos {'ALIFCell_0.input_weights': '0.757', 'ALIFCell_0.recurrent_weights': '0.873', 'ReadOut_0.readout_weights': '0.000'}
[2026-05-19 19:20:45,563][src.modRNN.training.alignment][INFO] -   align diffusion_aligned @ epoch 1551: cos {'ALIFCell_0.input_weights': '0.743', 'ALIFCell_0.recurrent_weights': '0.814', 'ReadOut_0.readout_weights': '0.000'}
[2026-05-19 19:20:47,728][src.modRNN.training.alignment][INFO] -   align diffusion_per_step @ epoch 1551: cos {'ALIFCell_0.input_weights': '0.762', 'ALIFCell_0.recurrent_weights': '0.847', 'ReadOut_0.readout_weights': '0.000'}
[2026-05-19 19:20:48,983][src.modRNN.training.alignment][INFO] -   align diffusion_fixed @ epoch 1551: cos {'ALIFCell_0.input_weights': '0.837', 'ALIFCell_0.recurrent_weights': '0.897', 'ReadOut_0.readout_weights': '0.000'}
[2026-05-19 19:21:20,717][src.modRNN.training.alignment][INFO] - epoch 1575  train loss=0.4624  (rule: diffusion)
[2026-05-19 19:21:53,695][src.modRNN.training.alignment][INFO] - epoch 1600  train loss=0.2740  (rule: diffusion)
[2026-05-19 19:21:56,455][src.modRNN.training.alignment][INFO] -   align BPTT @ epoch 1601: cos {'ALIFCell_0.input_weights': '0.000', 'ALIFCell_0.recurrent_weights': '0.000', 'ReadOut_0.readout_weights': '0.000'}
[2026-05-19 19:21:57,454][src.modRNN.training.alignment][INFO] -   align eprop @ epoch 1601: cos {'ALIFCell_0.input_weights': '1.040', 'ALIFCell_0.recurrent_weights': '0.933', 'ReadOut_0.readout_weights': '0.000'}
[2026-05-19 19:21:58,738][src.modRNN.training.alignment][INFO] -   align diffusion_aligned @ epoch 1601: cos {'ALIFCell_0.input_weights': '0.937', 'ALIFCell_0.recurrent_weights': '0.786', 'ReadOut_0.readout_weights': '0.000'}
[2026-05-19 19:22:00,901][src.modRNN.training.alignment][INFO] -   align diffusion_per_step @ epoch 1601: cos {'ALIFCell_0.input_weights': '0.925', 'ALIFCell_0.recurrent_weights': '0.954', 'ReadOut_0.readout_weights': '0.000'}
[2026-05-19 19:22:02,173][src.modRNN.training.alignment][INFO] -   align diffusion_fixed @ epoch 1601: cos {'ALIFCell_0.input_weights': '0.929', 'ALIFCell_0.recurrent_weights': '0.824', 'ReadOut_0.readout_weights': '0.000'}
[2026-05-19 19:22:33,977][src.modRNN.training.alignment][INFO] - epoch 1625  train loss=0.4127  (rule: diffusion)
[2026-05-19 19:23:06,996][src.modRNN.training.alignment][INFO] - epoch 1650  train loss=0.3275  (rule: diffusion)
[2026-05-19 19:23:09,762][src.modRNN.training.alignment][INFO] -   align BPTT @ epoch 1651: cos {'ALIFCell_0.input_weights': '0.000', 'ALIFCell_0.recurrent_weights': '0.000', 'ReadOut_0.readout_weights': '0.000'}
[2026-05-19 19:23:10,769][src.modRNN.training.alignment][INFO] -   align eprop @ epoch 1651: cos {'ALIFCell_0.input_weights': '0.865', 'ALIFCell_0.recurrent_weights': '1.150', 'ReadOut_0.readout_weights': '0.000'}
[2026-05-19 19:23:12,058][src.modRNN.training.alignment][INFO] -   align diffusion_aligned @ epoch 1651: cos {'ALIFCell_0.input_weights': '1.086', 'ALIFCell_0.recurrent_weights': '1.234', 'ReadOut_0.readout_weights': '0.000'}
[2026-05-19 19:23:14,224][src.modRNN.training.alignment][INFO] -   align diffusion_per_step @ epoch 1651: cos {'ALIFCell_0.input_weights': '0.898', 'ALIFCell_0.recurrent_weights': '1.147', 'ReadOut_0.readout_weights': '0.000'}
[2026-05-19 19:23:15,486][src.modRNN.training.alignment][INFO] -   align diffusion_fixed @ epoch 1651: cos {'ALIFCell_0.input_weights': '0.898', 'ALIFCell_0.recurrent_weights': '1.155', 'ReadOut_0.readout_weights': '0.000'}
[2026-05-19 19:23:47,264][src.modRNN.training.alignment][INFO] - epoch 1675  train loss=0.5454  (rule: diffusion)
[2026-05-19 19:24:20,366][src.modRNN.training.alignment][INFO] - epoch 1700  train loss=0.5048  (rule: diffusion)
[2026-05-19 19:24:23,137][src.modRNN.training.alignment][INFO] -   align BPTT @ epoch 1701: cos {'ALIFCell_0.input_weights': '0.000', 'ALIFCell_0.recurrent_weights': '0.000', 'ReadOut_0.readout_weights': '0.000'}
[2026-05-19 19:24:24,144][src.modRNN.training.alignment][INFO] -   align eprop @ epoch 1701: cos {'ALIFCell_0.input_weights': '0.875', 'ALIFCell_0.recurrent_weights': '0.896', 'ReadOut_0.readout_weights': '0.000'}
[2026-05-19 19:24:25,435][src.modRNN.training.alignment][INFO] -   align diffusion_aligned @ epoch 1701: cos {'ALIFCell_0.input_weights': '1.201', 'ALIFCell_0.recurrent_weights': '1.014', 'ReadOut_0.readout_weights': '0.000'}
[2026-05-19 19:24:27,604][src.modRNN.training.alignment][INFO] -   align diffusion_per_step @ epoch 1701: cos {'ALIFCell_0.input_weights': '0.995', 'ALIFCell_0.recurrent_weights': '0.925', 'ReadOut_0.readout_weights': '0.000'}
[2026-05-19 19:24:28,863][src.modRNN.training.alignment][INFO] -   align diffusion_fixed @ epoch 1701: cos {'ALIFCell_0.input_weights': '0.996', 'ALIFCell_0.recurrent_weights': '0.895', 'ReadOut_0.readout_weights': '0.000'}
[2026-05-19 19:25:00,446][src.modRNN.training.alignment][INFO] - epoch 1725  train loss=0.5874  (rule: diffusion)
[2026-05-19 19:25:33,529][src.modRNN.training.alignment][INFO] - epoch 1750  train loss=0.4372  (rule: diffusion)
[2026-05-19 19:25:36,279][src.modRNN.training.alignment][INFO] -   align BPTT @ epoch 1751: cos {'ALIFCell_0.input_weights': '0.000', 'ALIFCell_0.recurrent_weights': '0.000', 'ReadOut_0.readout_weights': '0.000'}
[2026-05-19 19:25:37,278][src.modRNN.training.alignment][INFO] -   align eprop @ epoch 1751: cos {'ALIFCell_0.input_weights': '0.989', 'ALIFCell_0.recurrent_weights': '0.870', 'ReadOut_0.readout_weights': '0.000'}
[2026-05-19 19:25:38,561][src.modRNN.training.alignment][INFO] -   align diffusion_aligned @ epoch 1751: cos {'ALIFCell_0.input_weights': '0.965', 'ALIFCell_0.recurrent_weights': '0.880', 'ReadOut_0.readout_weights': '0.000'}
[2026-05-19 19:25:40,726][src.modRNN.training.alignment][INFO] -   align diffusion_per_step @ epoch 1751: cos {'ALIFCell_0.input_weights': '0.914', 'ALIFCell_0.recurrent_weights': '0.820', 'ReadOut_0.readout_weights': '0.000'}
[2026-05-19 19:25:41,979][src.modRNN.training.alignment][INFO] -   align diffusion_fixed @ epoch 1751: cos {'ALIFCell_0.input_weights': '0.858', 'ALIFCell_0.recurrent_weights': '0.793', 'ReadOut_0.readout_weights': '0.000'}
[2026-05-19 19:26:13,621][src.modRNN.training.alignment][INFO] - epoch 1775  train loss=0.4077  (rule: diffusion)
[2026-05-19 19:26:46,623][src.modRNN.training.alignment][INFO] - epoch 1800  train loss=0.4035  (rule: diffusion)
[2026-05-19 19:26:49,381][src.modRNN.training.alignment][INFO] -   align BPTT @ epoch 1801: cos {'ALIFCell_0.input_weights': '0.000', 'ALIFCell_0.recurrent_weights': '0.000', 'ReadOut_0.readout_weights': '0.000'}
[2026-05-19 19:26:50,383][src.modRNN.training.alignment][INFO] -   align eprop @ epoch 1801: cos {'ALIFCell_0.input_weights': '0.498', 'ALIFCell_0.recurrent_weights': '0.588', 'ReadOut_0.readout_weights': '0.000'}
[2026-05-19 19:26:51,666][src.modRNN.training.alignment][INFO] -   align diffusion_aligned @ epoch 1801: cos {'ALIFCell_0.input_weights': '0.603', 'ALIFCell_0.recurrent_weights': '0.544', 'ReadOut_0.readout_weights': '0.000'}
[2026-05-19 19:26:53,827][src.modRNN.training.alignment][INFO] -   align diffusion_per_step @ epoch 1801: cos {'ALIFCell_0.input_weights': '0.445', 'ALIFCell_0.recurrent_weights': '0.478', 'ReadOut_0.readout_weights': '0.000'}
[2026-05-19 19:26:55,084][src.modRNN.training.alignment][INFO] -   align diffusion_fixed @ epoch 1801: cos {'ALIFCell_0.input_weights': '0.454', 'ALIFCell_0.recurrent_weights': '0.465', 'ReadOut_0.readout_weights': '0.000'}
[2026-05-19 19:27:26,824][src.modRNN.training.alignment][INFO] - epoch 1825  train loss=0.2884  (rule: diffusion)
[2026-05-19 19:27:59,716][src.modRNN.training.alignment][INFO] - epoch 1850  train loss=0.3291  (rule: diffusion)
[2026-05-19 19:28:02,469][src.modRNN.training.alignment][INFO] -   align BPTT @ epoch 1851: cos {'ALIFCell_0.input_weights': '0.000', 'ALIFCell_0.recurrent_weights': '0.000', 'ReadOut_0.readout_weights': '0.000'}
[2026-05-19 19:28:03,475][src.modRNN.training.alignment][INFO] -   align eprop @ epoch 1851: cos {'ALIFCell_0.input_weights': '0.643', 'ALIFCell_0.recurrent_weights': '0.625', 'ReadOut_0.readout_weights': '0.000'}
[2026-05-19 19:28:04,765][src.modRNN.training.alignment][INFO] -   align diffusion_aligned @ epoch 1851: cos {'ALIFCell_0.input_weights': '0.662', 'ALIFCell_0.recurrent_weights': '0.630', 'ReadOut_0.readout_weights': '0.000'}
[2026-05-19 19:28:06,935][src.modRNN.training.alignment][INFO] -   align diffusion_per_step @ epoch 1851: cos {'ALIFCell_0.input_weights': '0.690', 'ALIFCell_0.recurrent_weights': '0.617', 'ReadOut_0.readout_weights': '0.000'}
[2026-05-19 19:28:08,196][src.modRNN.training.alignment][INFO] -   align diffusion_fixed @ epoch 1851: cos {'ALIFCell_0.input_weights': '0.757', 'ALIFCell_0.recurrent_weights': '0.628', 'ReadOut_0.readout_weights': '0.000'}
[2026-05-19 19:28:39,915][src.modRNN.training.alignment][INFO] - epoch 1875  train loss=0.3347  (rule: diffusion)
[2026-05-19 19:29:12,842][src.modRNN.training.alignment][INFO] - epoch 1900  train loss=0.3691  (rule: diffusion)
[2026-05-19 19:29:15,608][src.modRNN.training.alignment][INFO] -   align BPTT @ epoch 1901: cos {'ALIFCell_0.input_weights': '0.000', 'ALIFCell_0.recurrent_weights': '0.000', 'ReadOut_0.readout_weights': '0.000'}
[2026-05-19 19:29:16,612][src.modRNN.training.alignment][INFO] -   align eprop @ epoch 1901: cos {'ALIFCell_0.input_weights': '0.662', 'ALIFCell_0.recurrent_weights': '0.674', 'ReadOut_0.readout_weights': '0.000'}
[2026-05-19 19:29:17,901][src.modRNN.training.alignment][INFO] -   align diffusion_aligned @ epoch 1901: cos {'ALIFCell_0.input_weights': '0.818', 'ALIFCell_0.recurrent_weights': '0.742', 'ReadOut_0.readout_weights': '0.000'}
[2026-05-19 19:29:20,072][src.modRNN.training.alignment][INFO] -   align diffusion_per_step @ epoch 1901: cos {'ALIFCell_0.input_weights': '0.703', 'ALIFCell_0.recurrent_weights': '0.626', 'ReadOut_0.readout_weights': '0.000'}
[2026-05-19 19:29:21,330][src.modRNN.training.alignment][INFO] -   align diffusion_fixed @ epoch 1901: cos {'ALIFCell_0.input_weights': '0.715', 'ALIFCell_0.recurrent_weights': '0.626', 'ReadOut_0.readout_weights': '0.000'}
[2026-05-19 19:29:52,893][src.modRNN.training.alignment][INFO] - epoch 1925  train loss=0.3859  (rule: diffusion)
[2026-05-19 19:30:25,914][src.modRNN.training.alignment][INFO] - epoch 1950  train loss=0.4734  (rule: diffusion)
[2026-05-19 19:30:28,672][src.modRNN.training.alignment][INFO] -   align BPTT @ epoch 1951: cos {'ALIFCell_0.input_weights': '0.000', 'ALIFCell_0.recurrent_weights': '0.000', 'ReadOut_0.readout_weights': '0.000'}
[2026-05-19 19:30:29,682][src.modRNN.training.alignment][INFO] -   align eprop @ epoch 1951: cos {'ALIFCell_0.input_weights': '1.014', 'ALIFCell_0.recurrent_weights': '0.711', 'ReadOut_0.readout_weights': '0.000'}
[2026-05-19 19:30:30,983][src.modRNN.training.alignment][INFO] -   align diffusion_aligned @ epoch 1951: cos {'ALIFCell_0.input_weights': '1.096', 'ALIFCell_0.recurrent_weights': '0.931', 'ReadOut_0.readout_weights': '0.000'}
[2026-05-19 19:30:33,147][src.modRNN.training.alignment][INFO] -   align diffusion_per_step @ epoch 1951: cos {'ALIFCell_0.input_weights': '1.097', 'ALIFCell_0.recurrent_weights': '0.810', 'ReadOut_0.readout_weights': '0.000'}
[2026-05-19 19:30:34,411][src.modRNN.training.alignment][INFO] -   align diffusion_fixed @ epoch 1951: cos {'ALIFCell_0.input_weights': '1.150', 'ALIFCell_0.recurrent_weights': '0.856', 'ReadOut_0.readout_weights': '0.000'}
[2026-05-19 19:31:06,026][src.modRNN.training.alignment][INFO] - epoch 1975  train loss=0.2831  (rule: diffusion)
[2026-05-19 19:31:39,051][src.modRNN.training.alignment][INFO] - epoch 2000  train loss=0.5504  (rule: diffusion)
[2026-05-19 19:31:41,809][src.modRNN.training.alignment][INFO] -   align BPTT @ epoch 2001: cos {'ALIFCell_0.input_weights': '0.000', 'ALIFCell_0.recurrent_weights': '0.000', 'ReadOut_0.readout_weights': '0.000'}
[2026-05-19 19:31:42,809][src.modRNN.training.alignment][INFO] -   align eprop @ epoch 2001: cos {'ALIFCell_0.input_weights': '1.099', 'ALIFCell_0.recurrent_weights': '1.131', 'ReadOut_0.readout_weights': '0.000'}
[2026-05-19 19:31:44,091][src.modRNN.training.alignment][INFO] -   align diffusion_aligned @ epoch 2001: cos {'ALIFCell_0.input_weights': '1.084', 'ALIFCell_0.recurrent_weights': '1.150', 'ReadOut_0.readout_weights': '0.000'}
[2026-05-19 19:31:46,251][src.modRNN.training.alignment][INFO] -   align diffusion_per_step @ epoch 2001: cos {'ALIFCell_0.input_weights': '1.067', 'ALIFCell_0.recurrent_weights': '1.124', 'ReadOut_0.readout_weights': '0.000'}
[2026-05-19 19:31:47,507][src.modRNN.training.alignment][INFO] -   align diffusion_fixed @ epoch 2001: cos {'ALIFCell_0.input_weights': '1.105', 'ALIFCell_0.recurrent_weights': '1.132', 'ReadOut_0.readout_weights': '0.000'}
[2026-05-19 19:31:47,540][src.modRNN.training.alignment][INFO] - Alignment experiment finished. Output dir: /mnt/lustre/work/martius/mot736/neuromodRNN/outputs/cue_accumulation/align_local_connectivity_diffusion_shuffle_fix/seed_987654
