[2026-05-20 23:09:29,086][jax._src.xla_bridge][INFO] - Unable to initialize backend 'rocm': module 'jaxlib.xla_extension' has no attribute 'GpuAllocatorConfig'
[2026-05-20 23:09:29,087][jax._src.xla_bridge][INFO] - Unable to initialize backend 'tpu': INTERNAL: Failed to open libtpu.so: libtpu.so: cannot open shared object file: No such file or directory
[2026-05-20 23:09:37,623][src.modRNN.training.alignment][INFO] - Starting alignment experiment: training with diffusion, measuring alignment of ['BPTT', 'eprop', 'diffusion_aligned', 'diffusion_per_step', 'diffusion_fixed'] every 50 epochs.
[2026-05-20 23:09:39,423][src.modRNN.training.alignment][INFO] - epoch 1  train loss=0.1438  (rule: diffusion)
[2026-05-20 23:09:40,674][src.modRNN.training.alignment][INFO] -   align BPTT @ epoch 1: cos {'ALIFCell_0.input_weights': '0.000', 'ALIFCell_0.recurrent_weights': '0.000', 'ReadOut_0.readout_weights': '0.000'}
[2026-05-20 23:09:41,761][src.modRNN.training.alignment][INFO] -   align eprop @ epoch 1: cos {'ALIFCell_0.input_weights': '0.454', 'ALIFCell_0.recurrent_weights': '0.473', 'ReadOut_0.readout_weights': '0.000'}
[2026-05-20 23:09:43,080][src.modRNN.training.alignment][INFO] -   align diffusion_aligned @ epoch 1: cos {'ALIFCell_0.input_weights': '0.615', 'ALIFCell_0.recurrent_weights': '0.623', 'ReadOut_0.readout_weights': '0.000'}
[2026-05-20 23:09:46,135][src.modRNN.training.alignment][INFO] -   align diffusion_per_step @ epoch 1: cos {'ALIFCell_0.input_weights': '0.481', 'ALIFCell_0.recurrent_weights': '0.504', 'ReadOut_0.readout_weights': '0.000'}
[2026-05-20 23:09:47,468][src.modRNN.training.alignment][INFO] -   align diffusion_fixed @ epoch 1: cos {'ALIFCell_0.input_weights': '0.579', 'ALIFCell_0.recurrent_weights': '0.608', 'ReadOut_0.readout_weights': '0.000'}
[2026-05-20 23:09:55,049][src.modRNN.training.alignment][INFO] - epoch 25  train loss=0.1272  (rule: diffusion)
[2026-05-20 23:10:02,967][src.modRNN.training.alignment][INFO] - epoch 50  train loss=0.0874  (rule: diffusion)
[2026-05-20 23:10:03,492][src.modRNN.training.alignment][INFO] -   align BPTT @ epoch 51: cos {'ALIFCell_0.input_weights': '0.000', 'ALIFCell_0.recurrent_weights': '0.000', 'ReadOut_0.readout_weights': '0.000'}
[2026-05-20 23:10:03,764][src.modRNN.training.alignment][INFO] -   align eprop @ epoch 51: cos {'ALIFCell_0.input_weights': '1.081', 'ALIFCell_0.recurrent_weights': '1.097', 'ReadOut_0.readout_weights': '0.000'}
[2026-05-20 23:10:04,075][src.modRNN.training.alignment][INFO] -   align diffusion_aligned @ epoch 51: cos {'ALIFCell_0.input_weights': '0.978', 'ALIFCell_0.recurrent_weights': '0.995', 'ReadOut_0.readout_weights': '0.000'}
[2026-05-20 23:10:04,533][src.modRNN.training.alignment][INFO] -   align diffusion_per_step @ epoch 51: cos {'ALIFCell_0.input_weights': '1.042', 'ALIFCell_0.recurrent_weights': '1.083', 'ReadOut_0.readout_weights': '0.000'}
[2026-05-20 23:10:04,843][src.modRNN.training.alignment][INFO] -   align diffusion_fixed @ epoch 51: cos {'ALIFCell_0.input_weights': '1.077', 'ALIFCell_0.recurrent_weights': '1.105', 'ReadOut_0.readout_weights': '0.000'}
[2026-05-20 23:10:12,482][src.modRNN.training.alignment][INFO] - epoch 75  train loss=0.1235  (rule: diffusion)
[2026-05-20 23:10:20,439][src.modRNN.training.alignment][INFO] - epoch 100  train loss=0.1368  (rule: diffusion)
[2026-05-20 23:10:20,961][src.modRNN.training.alignment][INFO] -   align BPTT @ epoch 101: cos {'ALIFCell_0.input_weights': '0.000', 'ALIFCell_0.recurrent_weights': '0.000', 'ReadOut_0.readout_weights': '0.000'}
[2026-05-20 23:10:21,229][src.modRNN.training.alignment][INFO] -   align eprop @ epoch 101: cos {'ALIFCell_0.input_weights': '0.824', 'ALIFCell_0.recurrent_weights': '0.812', 'ReadOut_0.readout_weights': '0.000'}
[2026-05-20 23:10:21,536][src.modRNN.training.alignment][INFO] -   align diffusion_aligned @ epoch 101: cos {'ALIFCell_0.input_weights': '0.911', 'ALIFCell_0.recurrent_weights': '0.874', 'ReadOut_0.readout_weights': '0.000'}
[2026-05-20 23:10:21,990][src.modRNN.training.alignment][INFO] -   align diffusion_per_step @ epoch 101: cos {'ALIFCell_0.input_weights': '0.845', 'ALIFCell_0.recurrent_weights': '0.826', 'ReadOut_0.readout_weights': '0.000'}
[2026-05-20 23:10:22,299][src.modRNN.training.alignment][INFO] -   align diffusion_fixed @ epoch 101: cos {'ALIFCell_0.input_weights': '0.973', 'ALIFCell_0.recurrent_weights': '0.950', 'ReadOut_0.readout_weights': '0.000'}
[2026-05-20 23:10:29,953][src.modRNN.training.alignment][INFO] - epoch 125  train loss=0.0957  (rule: diffusion)
[2026-05-20 23:10:37,877][src.modRNN.training.alignment][INFO] - epoch 150  train loss=0.1083  (rule: diffusion)
[2026-05-20 23:10:38,391][src.modRNN.training.alignment][INFO] -   align BPTT @ epoch 151: cos {'ALIFCell_0.input_weights': '0.000', 'ALIFCell_0.recurrent_weights': '0.000', 'ReadOut_0.readout_weights': '0.000'}
[2026-05-20 23:10:38,658][src.modRNN.training.alignment][INFO] -   align eprop @ epoch 151: cos {'ALIFCell_0.input_weights': '1.015', 'ALIFCell_0.recurrent_weights': '0.990', 'ReadOut_0.readout_weights': '0.000'}
[2026-05-20 23:10:38,964][src.modRNN.training.alignment][INFO] -   align diffusion_aligned @ epoch 151: cos {'ALIFCell_0.input_weights': '0.886', 'ALIFCell_0.recurrent_weights': '0.864', 'ReadOut_0.readout_weights': '0.000'}
[2026-05-20 23:10:39,417][src.modRNN.training.alignment][INFO] -   align diffusion_per_step @ epoch 151: cos {'ALIFCell_0.input_weights': '0.978', 'ALIFCell_0.recurrent_weights': '0.959', 'ReadOut_0.readout_weights': '0.000'}
[2026-05-20 23:10:39,725][src.modRNN.training.alignment][INFO] -   align diffusion_fixed @ epoch 151: cos {'ALIFCell_0.input_weights': '1.004', 'ALIFCell_0.recurrent_weights': '0.999', 'ReadOut_0.readout_weights': '0.000'}
[2026-05-20 23:10:47,328][src.modRNN.training.alignment][INFO] - epoch 175  train loss=0.0757  (rule: diffusion)
[2026-05-20 23:10:55,248][src.modRNN.training.alignment][INFO] - epoch 200  train loss=0.0660  (rule: diffusion)
[2026-05-20 23:10:55,765][src.modRNN.training.alignment][INFO] -   align BPTT @ epoch 201: cos {'ALIFCell_0.input_weights': '0.000', 'ALIFCell_0.recurrent_weights': '0.000', 'ReadOut_0.readout_weights': '0.000'}
[2026-05-20 23:10:56,033][src.modRNN.training.alignment][INFO] -   align eprop @ epoch 201: cos {'ALIFCell_0.input_weights': '0.929', 'ALIFCell_0.recurrent_weights': '0.919', 'ReadOut_0.readout_weights': '0.000'}
[2026-05-20 23:10:56,340][src.modRNN.training.alignment][INFO] -   align diffusion_aligned @ epoch 201: cos {'ALIFCell_0.input_weights': '0.835', 'ALIFCell_0.recurrent_weights': '0.845', 'ReadOut_0.readout_weights': '0.000'}
[2026-05-20 23:10:56,795][src.modRNN.training.alignment][INFO] -   align diffusion_per_step @ epoch 201: cos {'ALIFCell_0.input_weights': '0.900', 'ALIFCell_0.recurrent_weights': '0.899', 'ReadOut_0.readout_weights': '0.000'}
[2026-05-20 23:10:57,103][src.modRNN.training.alignment][INFO] -   align diffusion_fixed @ epoch 201: cos {'ALIFCell_0.input_weights': '0.924', 'ALIFCell_0.recurrent_weights': '0.938', 'ReadOut_0.readout_weights': '0.000'}
[2026-05-20 23:11:04,739][src.modRNN.training.alignment][INFO] - epoch 225  train loss=0.0607  (rule: diffusion)
[2026-05-20 23:11:12,718][src.modRNN.training.alignment][INFO] - epoch 250  train loss=0.0522  (rule: diffusion)
[2026-05-20 23:11:13,241][src.modRNN.training.alignment][INFO] -   align BPTT @ epoch 251: cos {'ALIFCell_0.input_weights': '0.000', 'ALIFCell_0.recurrent_weights': '0.000', 'ReadOut_0.readout_weights': '0.000'}
[2026-05-20 23:11:13,509][src.modRNN.training.alignment][INFO] -   align eprop @ epoch 251: cos {'ALIFCell_0.input_weights': '0.948', 'ALIFCell_0.recurrent_weights': '0.944', 'ReadOut_0.readout_weights': '0.000'}
[2026-05-20 23:11:13,818][src.modRNN.training.alignment][INFO] -   align diffusion_aligned @ epoch 251: cos {'ALIFCell_0.input_weights': '0.848', 'ALIFCell_0.recurrent_weights': '0.849', 'ReadOut_0.readout_weights': '0.000'}
[2026-05-20 23:11:14,273][src.modRNN.training.alignment][INFO] -   align diffusion_per_step @ epoch 251: cos {'ALIFCell_0.input_weights': '0.930', 'ALIFCell_0.recurrent_weights': '0.937', 'ReadOut_0.readout_weights': '0.000'}
[2026-05-20 23:11:14,584][src.modRNN.training.alignment][INFO] -   align diffusion_fixed @ epoch 251: cos {'ALIFCell_0.input_weights': '0.969', 'ALIFCell_0.recurrent_weights': '0.985', 'ReadOut_0.readout_weights': '0.000'}
[2026-05-20 23:11:22,266][src.modRNN.training.alignment][INFO] - epoch 275  train loss=0.0473  (rule: diffusion)
[2026-05-20 23:11:30,274][src.modRNN.training.alignment][INFO] - epoch 300  train loss=0.0585  (rule: diffusion)
[2026-05-20 23:11:30,799][src.modRNN.training.alignment][INFO] -   align BPTT @ epoch 301: cos {'ALIFCell_0.input_weights': '0.000', 'ALIFCell_0.recurrent_weights': '0.000', 'ReadOut_0.readout_weights': '0.000'}
[2026-05-20 23:11:31,068][src.modRNN.training.alignment][INFO] -   align eprop @ epoch 301: cos {'ALIFCell_0.input_weights': '0.806', 'ALIFCell_0.recurrent_weights': '0.794', 'ReadOut_0.readout_weights': '0.000'}
[2026-05-20 23:11:31,376][src.modRNN.training.alignment][INFO] -   align diffusion_aligned @ epoch 301: cos {'ALIFCell_0.input_weights': '0.725', 'ALIFCell_0.recurrent_weights': '0.717', 'ReadOut_0.readout_weights': '0.000'}
[2026-05-20 23:11:31,832][src.modRNN.training.alignment][INFO] -   align diffusion_per_step @ epoch 301: cos {'ALIFCell_0.input_weights': '0.782', 'ALIFCell_0.recurrent_weights': '0.779', 'ReadOut_0.readout_weights': '0.000'}
[2026-05-20 23:11:32,141][src.modRNN.training.alignment][INFO] -   align diffusion_fixed @ epoch 301: cos {'ALIFCell_0.input_weights': '0.817', 'ALIFCell_0.recurrent_weights': '0.834', 'ReadOut_0.readout_weights': '0.000'}
[2026-05-20 23:11:39,758][src.modRNN.training.alignment][INFO] - epoch 325  train loss=0.0543  (rule: diffusion)
[2026-05-20 23:11:47,695][src.modRNN.training.alignment][INFO] - epoch 350  train loss=0.0378  (rule: diffusion)
[2026-05-20 23:11:48,212][src.modRNN.training.alignment][INFO] -   align BPTT @ epoch 351: cos {'ALIFCell_0.input_weights': '0.000', 'ALIFCell_0.recurrent_weights': '0.000', 'ReadOut_0.readout_weights': '0.000'}
[2026-05-20 23:11:48,480][src.modRNN.training.alignment][INFO] -   align eprop @ epoch 351: cos {'ALIFCell_0.input_weights': '0.953', 'ALIFCell_0.recurrent_weights': '0.905', 'ReadOut_0.readout_weights': '0.000'}
[2026-05-20 23:11:48,787][src.modRNN.training.alignment][INFO] -   align diffusion_aligned @ epoch 351: cos {'ALIFCell_0.input_weights': '0.894', 'ALIFCell_0.recurrent_weights': '0.860', 'ReadOut_0.readout_weights': '0.000'}
[2026-05-20 23:11:49,243][src.modRNN.training.alignment][INFO] -   align diffusion_per_step @ epoch 351: cos {'ALIFCell_0.input_weights': '0.980', 'ALIFCell_0.recurrent_weights': '0.929', 'ReadOut_0.readout_weights': '0.000'}
[2026-05-20 23:11:49,552][src.modRNN.training.alignment][INFO] -   align diffusion_fixed @ epoch 351: cos {'ALIFCell_0.input_weights': '1.012', 'ALIFCell_0.recurrent_weights': '0.997', 'ReadOut_0.readout_weights': '0.000'}
[2026-05-20 23:11:57,161][src.modRNN.training.alignment][INFO] - epoch 375  train loss=0.0337  (rule: diffusion)
[2026-05-20 23:12:05,115][src.modRNN.training.alignment][INFO] - epoch 400  train loss=0.0293  (rule: diffusion)
[2026-05-20 23:12:05,639][src.modRNN.training.alignment][INFO] -   align BPTT @ epoch 401: cos {'ALIFCell_0.input_weights': '0.000', 'ALIFCell_0.recurrent_weights': '0.000', 'ReadOut_0.readout_weights': '0.000'}
[2026-05-20 23:12:05,908][src.modRNN.training.alignment][INFO] -   align eprop @ epoch 401: cos {'ALIFCell_0.input_weights': '0.958', 'ALIFCell_0.recurrent_weights': '0.980', 'ReadOut_0.readout_weights': '0.000'}
[2026-05-20 23:12:06,218][src.modRNN.training.alignment][INFO] -   align diffusion_aligned @ epoch 401: cos {'ALIFCell_0.input_weights': '0.844', 'ALIFCell_0.recurrent_weights': '0.869', 'ReadOut_0.readout_weights': '0.000'}
[2026-05-20 23:12:06,675][src.modRNN.training.alignment][INFO] -   align diffusion_per_step @ epoch 401: cos {'ALIFCell_0.input_weights': '0.944', 'ALIFCell_0.recurrent_weights': '0.968', 'ReadOut_0.readout_weights': '0.000'}
[2026-05-20 23:12:06,986][src.modRNN.training.alignment][INFO] -   align diffusion_fixed @ epoch 401: cos {'ALIFCell_0.input_weights': '0.947', 'ALIFCell_0.recurrent_weights': '0.980', 'ReadOut_0.readout_weights': '0.000'}
[2026-05-20 23:12:14,669][src.modRNN.training.alignment][INFO] - epoch 425  train loss=0.0246  (rule: diffusion)
[2026-05-20 23:12:22,665][src.modRNN.training.alignment][INFO] - epoch 450  train loss=0.0271  (rule: diffusion)
[2026-05-20 23:12:23,188][src.modRNN.training.alignment][INFO] -   align BPTT @ epoch 451: cos {'ALIFCell_0.input_weights': '0.000', 'ALIFCell_0.recurrent_weights': '0.000', 'ReadOut_0.readout_weights': '0.000'}
[2026-05-20 23:12:23,457][src.modRNN.training.alignment][INFO] -   align eprop @ epoch 451: cos {'ALIFCell_0.input_weights': '1.010', 'ALIFCell_0.recurrent_weights': '1.024', 'ReadOut_0.readout_weights': '0.000'}
[2026-05-20 23:12:23,766][src.modRNN.training.alignment][INFO] -   align diffusion_aligned @ epoch 451: cos {'ALIFCell_0.input_weights': '0.917', 'ALIFCell_0.recurrent_weights': '0.942', 'ReadOut_0.readout_weights': '0.000'}
[2026-05-20 23:12:24,222][src.modRNN.training.alignment][INFO] -   align diffusion_per_step @ epoch 451: cos {'ALIFCell_0.input_weights': '1.003', 'ALIFCell_0.recurrent_weights': '1.021', 'ReadOut_0.readout_weights': '0.000'}
[2026-05-20 23:12:24,532][src.modRNN.training.alignment][INFO] -   align diffusion_fixed @ epoch 451: cos {'ALIFCell_0.input_weights': '1.020', 'ALIFCell_0.recurrent_weights': '1.057', 'ReadOut_0.readout_weights': '0.000'}
[2026-05-20 23:12:32,189][src.modRNN.training.alignment][INFO] - epoch 475  train loss=0.0286  (rule: diffusion)
[2026-05-20 23:12:40,108][src.modRNN.training.alignment][INFO] - epoch 500  train loss=0.0225  (rule: diffusion)
[2026-05-20 23:12:40,626][src.modRNN.training.alignment][INFO] -   align BPTT @ epoch 501: cos {'ALIFCell_0.input_weights': '0.000', 'ALIFCell_0.recurrent_weights': '0.000', 'ReadOut_0.readout_weights': '0.000'}
[2026-05-20 23:12:40,892][src.modRNN.training.alignment][INFO] -   align eprop @ epoch 501: cos {'ALIFCell_0.input_weights': '0.879', 'ALIFCell_0.recurrent_weights': '0.923', 'ReadOut_0.readout_weights': '0.000'}
[2026-05-20 23:12:41,200][src.modRNN.training.alignment][INFO] -   align diffusion_aligned @ epoch 501: cos {'ALIFCell_0.input_weights': '0.764', 'ALIFCell_0.recurrent_weights': '0.811', 'ReadOut_0.readout_weights': '0.000'}
[2026-05-20 23:12:41,656][src.modRNN.training.alignment][INFO] -   align diffusion_per_step @ epoch 501: cos {'ALIFCell_0.input_weights': '0.859', 'ALIFCell_0.recurrent_weights': '0.909', 'ReadOut_0.readout_weights': '0.000'}
[2026-05-20 23:12:41,966][src.modRNN.training.alignment][INFO] -   align diffusion_fixed @ epoch 501: cos {'ALIFCell_0.input_weights': '0.896', 'ALIFCell_0.recurrent_weights': '0.954', 'ReadOut_0.readout_weights': '0.000'}
[2026-05-20 23:12:49,582][src.modRNN.training.alignment][INFO] - epoch 525  train loss=0.0753  (rule: diffusion)
[2026-05-20 23:12:57,520][src.modRNN.training.alignment][INFO] - epoch 550  train loss=0.0459  (rule: diffusion)
[2026-05-20 23:12:58,038][src.modRNN.training.alignment][INFO] -   align BPTT @ epoch 551: cos {'ALIFCell_0.input_weights': '0.000', 'ALIFCell_0.recurrent_weights': '0.000', 'ReadOut_0.readout_weights': '0.000'}
[2026-05-20 23:12:58,306][src.modRNN.training.alignment][INFO] -   align eprop @ epoch 551: cos {'ALIFCell_0.input_weights': '1.085', 'ALIFCell_0.recurrent_weights': '1.010', 'ReadOut_0.readout_weights': '0.000'}
[2026-05-20 23:12:58,613][src.modRNN.training.alignment][INFO] -   align diffusion_aligned @ epoch 551: cos {'ALIFCell_0.input_weights': '0.962', 'ALIFCell_0.recurrent_weights': '0.896', 'ReadOut_0.readout_weights': '0.000'}
[2026-05-20 23:12:59,069][src.modRNN.training.alignment][INFO] -   align diffusion_per_step @ epoch 551: cos {'ALIFCell_0.input_weights': '1.075', 'ALIFCell_0.recurrent_weights': '0.999', 'ReadOut_0.readout_weights': '0.000'}
[2026-05-20 23:12:59,379][src.modRNN.training.alignment][INFO] -   align diffusion_fixed @ epoch 551: cos {'ALIFCell_0.input_weights': '1.061', 'ALIFCell_0.recurrent_weights': '1.005', 'ReadOut_0.readout_weights': '0.000'}
[2026-05-20 23:13:07,049][src.modRNN.training.alignment][INFO] - epoch 575  train loss=0.0263  (rule: diffusion)
[2026-05-20 23:13:15,049][src.modRNN.training.alignment][INFO] - epoch 600  train loss=0.0200  (rule: diffusion)
[2026-05-20 23:13:15,574][src.modRNN.training.alignment][INFO] -   align BPTT @ epoch 601: cos {'ALIFCell_0.input_weights': '0.000', 'ALIFCell_0.recurrent_weights': '0.000', 'ReadOut_0.readout_weights': '0.000'}
[2026-05-20 23:13:15,842][src.modRNN.training.alignment][INFO] -   align eprop @ epoch 601: cos {'ALIFCell_0.input_weights': '1.001', 'ALIFCell_0.recurrent_weights': '1.081', 'ReadOut_0.readout_weights': '0.000'}
[2026-05-20 23:13:16,151][src.modRNN.training.alignment][INFO] -   align diffusion_aligned @ epoch 601: cos {'ALIFCell_0.input_weights': '0.924', 'ALIFCell_0.recurrent_weights': '0.999', 'ReadOut_0.readout_weights': '0.000'}
[2026-05-20 23:13:16,607][src.modRNN.training.alignment][INFO] -   align diffusion_per_step @ epoch 601: cos {'ALIFCell_0.input_weights': '0.997', 'ALIFCell_0.recurrent_weights': '1.093', 'ReadOut_0.readout_weights': '0.000'}
[2026-05-20 23:13:16,917][src.modRNN.training.alignment][INFO] -   align diffusion_fixed @ epoch 601: cos {'ALIFCell_0.input_weights': '1.025', 'ALIFCell_0.recurrent_weights': '1.136', 'ReadOut_0.readout_weights': '0.000'}
[2026-05-20 23:13:24,585][src.modRNN.training.alignment][INFO] - epoch 625  train loss=0.0185  (rule: diffusion)
[2026-05-20 23:13:32,556][src.modRNN.training.alignment][INFO] - epoch 650  train loss=0.0193  (rule: diffusion)
[2026-05-20 23:13:33,073][src.modRNN.training.alignment][INFO] -   align BPTT @ epoch 651: cos {'ALIFCell_0.input_weights': '0.000', 'ALIFCell_0.recurrent_weights': '0.000', 'ReadOut_0.readout_weights': '0.000'}
[2026-05-20 23:13:33,340][src.modRNN.training.alignment][INFO] -   align eprop @ epoch 651: cos {'ALIFCell_0.input_weights': '1.092', 'ALIFCell_0.recurrent_weights': '1.010', 'ReadOut_0.readout_weights': '0.000'}
[2026-05-20 23:13:33,647][src.modRNN.training.alignment][INFO] -   align diffusion_aligned @ epoch 651: cos {'ALIFCell_0.input_weights': '1.009', 'ALIFCell_0.recurrent_weights': '0.935', 'ReadOut_0.readout_weights': '0.000'}
[2026-05-20 23:13:34,102][src.modRNN.training.alignment][INFO] -   align diffusion_per_step @ epoch 651: cos {'ALIFCell_0.input_weights': '1.090', 'ALIFCell_0.recurrent_weights': '1.017', 'ReadOut_0.readout_weights': '0.000'}
[2026-05-20 23:13:34,410][src.modRNN.training.alignment][INFO] -   align diffusion_fixed @ epoch 651: cos {'ALIFCell_0.input_weights': '1.109', 'ALIFCell_0.recurrent_weights': '1.057', 'ReadOut_0.readout_weights': '0.000'}
[2026-05-20 23:13:42,041][src.modRNN.training.alignment][INFO] - epoch 675  train loss=0.0239  (rule: diffusion)
[2026-05-20 23:13:49,985][src.modRNN.training.alignment][INFO] - epoch 700  train loss=0.0194  (rule: diffusion)
[2026-05-20 23:13:50,503][src.modRNN.training.alignment][INFO] -   align BPTT @ epoch 701: cos {'ALIFCell_0.input_weights': '0.000', 'ALIFCell_0.recurrent_weights': '0.000', 'ReadOut_0.readout_weights': '0.000'}
[2026-05-20 23:13:50,771][src.modRNN.training.alignment][INFO] -   align eprop @ epoch 701: cos {'ALIFCell_0.input_weights': '0.865', 'ALIFCell_0.recurrent_weights': '0.912', 'ReadOut_0.readout_weights': '0.000'}
[2026-05-20 23:13:51,078][src.modRNN.training.alignment][INFO] -   align diffusion_aligned @ epoch 701: cos {'ALIFCell_0.input_weights': '0.718', 'ALIFCell_0.recurrent_weights': '0.771', 'ReadOut_0.readout_weights': '0.000'}
[2026-05-20 23:13:51,533][src.modRNN.training.alignment][INFO] -   align diffusion_per_step @ epoch 701: cos {'ALIFCell_0.input_weights': '0.837', 'ALIFCell_0.recurrent_weights': '0.890', 'ReadOut_0.readout_weights': '0.000'}
[2026-05-20 23:13:51,840][src.modRNN.training.alignment][INFO] -   align diffusion_fixed @ epoch 701: cos {'ALIFCell_0.input_weights': '0.879', 'ALIFCell_0.recurrent_weights': '0.956', 'ReadOut_0.readout_weights': '0.000'}
[2026-05-20 23:13:59,455][src.modRNN.training.alignment][INFO] - epoch 725  train loss=0.0165  (rule: diffusion)
[2026-05-20 23:14:07,429][src.modRNN.training.alignment][INFO] - epoch 750  train loss=0.0156  (rule: diffusion)
[2026-05-20 23:14:07,955][src.modRNN.training.alignment][INFO] -   align BPTT @ epoch 751: cos {'ALIFCell_0.input_weights': '0.000', 'ALIFCell_0.recurrent_weights': '0.000', 'ReadOut_0.readout_weights': '0.000'}
[2026-05-20 23:14:08,224][src.modRNN.training.alignment][INFO] -   align eprop @ epoch 751: cos {'ALIFCell_0.input_weights': '1.063', 'ALIFCell_0.recurrent_weights': '1.116', 'ReadOut_0.readout_weights': '0.000'}
[2026-05-20 23:14:08,532][src.modRNN.training.alignment][INFO] -   align diffusion_aligned @ epoch 751: cos {'ALIFCell_0.input_weights': '0.984', 'ALIFCell_0.recurrent_weights': '1.020', 'ReadOut_0.readout_weights': '0.000'}
[2026-05-20 23:14:08,989][src.modRNN.training.alignment][INFO] -   align diffusion_per_step @ epoch 751: cos {'ALIFCell_0.input_weights': '1.032', 'ALIFCell_0.recurrent_weights': '1.094', 'ReadOut_0.readout_weights': '0.000'}
[2026-05-20 23:14:09,298][src.modRNN.training.alignment][INFO] -   align diffusion_fixed @ epoch 751: cos {'ALIFCell_0.input_weights': '1.073', 'ALIFCell_0.recurrent_weights': '1.149', 'ReadOut_0.readout_weights': '0.000'}
[2026-05-20 23:14:16,960][src.modRNN.training.alignment][INFO] - epoch 775  train loss=0.0161  (rule: diffusion)
[2026-05-20 23:14:24,936][src.modRNN.training.alignment][INFO] - epoch 800  train loss=0.0140  (rule: diffusion)
[2026-05-20 23:14:25,459][src.modRNN.training.alignment][INFO] -   align BPTT @ epoch 801: cos {'ALIFCell_0.input_weights': '0.000', 'ALIFCell_0.recurrent_weights': '0.000', 'ReadOut_0.readout_weights': '0.000'}
[2026-05-20 23:14:25,728][src.modRNN.training.alignment][INFO] -   align eprop @ epoch 801: cos {'ALIFCell_0.input_weights': '0.852', 'ALIFCell_0.recurrent_weights': '0.905', 'ReadOut_0.readout_weights': '0.000'}
[2026-05-20 23:14:26,036][src.modRNN.training.alignment][INFO] -   align diffusion_aligned @ epoch 801: cos {'ALIFCell_0.input_weights': '0.718', 'ALIFCell_0.recurrent_weights': '0.772', 'ReadOut_0.readout_weights': '0.000'}
[2026-05-20 23:14:26,494][src.modRNN.training.alignment][INFO] -   align diffusion_per_step @ epoch 801: cos {'ALIFCell_0.input_weights': '0.824', 'ALIFCell_0.recurrent_weights': '0.883', 'ReadOut_0.readout_weights': '0.000'}
[2026-05-20 23:14:26,804][src.modRNN.training.alignment][INFO] -   align diffusion_fixed @ epoch 801: cos {'ALIFCell_0.input_weights': '0.875', 'ALIFCell_0.recurrent_weights': '0.952', 'ReadOut_0.readout_weights': '0.000'}
[2026-05-20 23:14:34,453][src.modRNN.training.alignment][INFO] - epoch 825  train loss=0.0158  (rule: diffusion)
[2026-05-20 23:14:42,393][src.modRNN.training.alignment][INFO] - epoch 850  train loss=0.0122  (rule: diffusion)
[2026-05-20 23:14:42,911][src.modRNN.training.alignment][INFO] -   align BPTT @ epoch 851: cos {'ALIFCell_0.input_weights': '0.000', 'ALIFCell_0.recurrent_weights': '0.000', 'ReadOut_0.readout_weights': '0.000'}
[2026-05-20 23:14:43,179][src.modRNN.training.alignment][INFO] -   align eprop @ epoch 851: cos {'ALIFCell_0.input_weights': '0.895', 'ALIFCell_0.recurrent_weights': '0.973', 'ReadOut_0.readout_weights': '0.000'}
[2026-05-20 23:14:43,487][src.modRNN.training.alignment][INFO] -   align diffusion_aligned @ epoch 851: cos {'ALIFCell_0.input_weights': '0.756', 'ALIFCell_0.recurrent_weights': '0.832', 'ReadOut_0.readout_weights': '0.000'}
[2026-05-20 23:14:43,942][src.modRNN.training.alignment][INFO] -   align diffusion_per_step @ epoch 851: cos {'ALIFCell_0.input_weights': '0.869', 'ALIFCell_0.recurrent_weights': '0.949', 'ReadOut_0.readout_weights': '0.000'}
[2026-05-20 23:14:44,251][src.modRNN.training.alignment][INFO] -   align diffusion_fixed @ epoch 851: cos {'ALIFCell_0.input_weights': '0.906', 'ALIFCell_0.recurrent_weights': '1.007', 'ReadOut_0.readout_weights': '0.000'}
[2026-05-20 23:14:51,870][src.modRNN.training.alignment][INFO] - epoch 875  train loss=0.0185  (rule: diffusion)
[2026-05-20 23:14:59,806][src.modRNN.training.alignment][INFO] - epoch 900  train loss=0.1192  (rule: diffusion)
[2026-05-20 23:15:00,325][src.modRNN.training.alignment][INFO] -   align BPTT @ epoch 901: cos {'ALIFCell_0.input_weights': '0.000', 'ALIFCell_0.recurrent_weights': '0.000', 'ReadOut_0.readout_weights': '0.000'}
[2026-05-20 23:15:00,592][src.modRNN.training.alignment][INFO] -   align eprop @ epoch 901: cos {'ALIFCell_0.input_weights': '0.964', 'ALIFCell_0.recurrent_weights': '0.917', 'ReadOut_0.readout_weights': '0.000'}
[2026-05-20 23:15:00,901][src.modRNN.training.alignment][INFO] -   align diffusion_aligned @ epoch 901: cos {'ALIFCell_0.input_weights': '0.883', 'ALIFCell_0.recurrent_weights': '0.846', 'ReadOut_0.readout_weights': '0.000'}
[2026-05-20 23:15:01,357][src.modRNN.training.alignment][INFO] -   align diffusion_per_step @ epoch 901: cos {'ALIFCell_0.input_weights': '0.931', 'ALIFCell_0.recurrent_weights': '0.888', 'ReadOut_0.readout_weights': '0.000'}
[2026-05-20 23:15:01,667][src.modRNN.training.alignment][INFO] -   align diffusion_fixed @ epoch 901: cos {'ALIFCell_0.input_weights': '0.937', 'ALIFCell_0.recurrent_weights': '0.927', 'ReadOut_0.readout_weights': '0.000'}
[2026-05-20 23:15:09,364][src.modRNN.training.alignment][INFO] - epoch 925  train loss=0.0857  (rule: diffusion)
[2026-05-20 23:15:17,362][src.modRNN.training.alignment][INFO] - epoch 950  train loss=0.0461  (rule: diffusion)
[2026-05-20 23:15:17,887][src.modRNN.training.alignment][INFO] -   align BPTT @ epoch 951: cos {'ALIFCell_0.input_weights': '0.000', 'ALIFCell_0.recurrent_weights': '0.000', 'ReadOut_0.readout_weights': '0.000'}
[2026-05-20 23:15:18,156][src.modRNN.training.alignment][INFO] -   align eprop @ epoch 951: cos {'ALIFCell_0.input_weights': '0.820', 'ALIFCell_0.recurrent_weights': '0.902', 'ReadOut_0.readout_weights': '0.000'}
[2026-05-20 23:15:18,465][src.modRNN.training.alignment][INFO] -   align diffusion_aligned @ epoch 951: cos {'ALIFCell_0.input_weights': '0.718', 'ALIFCell_0.recurrent_weights': '0.782', 'ReadOut_0.readout_weights': '0.000'}
[2026-05-20 23:15:18,921][src.modRNN.training.alignment][INFO] -   align diffusion_per_step @ epoch 951: cos {'ALIFCell_0.input_weights': '0.798', 'ALIFCell_0.recurrent_weights': '0.868', 'ReadOut_0.readout_weights': '0.000'}
[2026-05-20 23:15:19,230][src.modRNN.training.alignment][INFO] -   align diffusion_fixed @ epoch 951: cos {'ALIFCell_0.input_weights': '0.854', 'ALIFCell_0.recurrent_weights': '0.951', 'ReadOut_0.readout_weights': '0.000'}
[2026-05-20 23:15:26,897][src.modRNN.training.alignment][INFO] - epoch 975  train loss=0.0404  (rule: diffusion)
[2026-05-20 23:15:34,858][src.modRNN.training.alignment][INFO] - epoch 1000  train loss=0.0206  (rule: diffusion)
[2026-05-20 23:15:35,376][src.modRNN.training.alignment][INFO] -   align BPTT @ epoch 1001: cos {'ALIFCell_0.input_weights': '0.000', 'ALIFCell_0.recurrent_weights': '0.000', 'ReadOut_0.readout_weights': '0.000'}
[2026-05-20 23:15:35,643][src.modRNN.training.alignment][INFO] -   align eprop @ epoch 1001: cos {'ALIFCell_0.input_weights': '0.813', 'ALIFCell_0.recurrent_weights': '0.882', 'ReadOut_0.readout_weights': '0.000'}
[2026-05-20 23:15:35,951][src.modRNN.training.alignment][INFO] -   align diffusion_aligned @ epoch 1001: cos {'ALIFCell_0.input_weights': '0.688', 'ALIFCell_0.recurrent_weights': '0.746', 'ReadOut_0.readout_weights': '0.000'}
[2026-05-20 23:15:36,407][src.modRNN.training.alignment][INFO] -   align diffusion_per_step @ epoch 1001: cos {'ALIFCell_0.input_weights': '0.781', 'ALIFCell_0.recurrent_weights': '0.858', 'ReadOut_0.readout_weights': '0.000'}
[2026-05-20 23:15:36,716][src.modRNN.training.alignment][INFO] -   align diffusion_fixed @ epoch 1001: cos {'ALIFCell_0.input_weights': '0.821', 'ALIFCell_0.recurrent_weights': '0.924', 'ReadOut_0.readout_weights': '0.000'}
[2026-05-20 23:15:44,332][src.modRNN.training.alignment][INFO] - epoch 1025  train loss=0.0185  (rule: diffusion)
[2026-05-20 23:15:52,257][src.modRNN.training.alignment][INFO] - epoch 1050  train loss=0.0181  (rule: diffusion)
[2026-05-20 23:15:52,775][src.modRNN.training.alignment][INFO] -   align BPTT @ epoch 1051: cos {'ALIFCell_0.input_weights': '0.000', 'ALIFCell_0.recurrent_weights': '0.000', 'ReadOut_0.readout_weights': '0.000'}
[2026-05-20 23:15:53,042][src.modRNN.training.alignment][INFO] -   align eprop @ epoch 1051: cos {'ALIFCell_0.input_weights': '0.883', 'ALIFCell_0.recurrent_weights': '0.867', 'ReadOut_0.readout_weights': '0.000'}
[2026-05-20 23:15:53,349][src.modRNN.training.alignment][INFO] -   align diffusion_aligned @ epoch 1051: cos {'ALIFCell_0.input_weights': '0.755', 'ALIFCell_0.recurrent_weights': '0.730', 'ReadOut_0.readout_weights': '0.000'}
[2026-05-20 23:15:53,805][src.modRNN.training.alignment][INFO] -   align diffusion_per_step @ epoch 1051: cos {'ALIFCell_0.input_weights': '0.859', 'ALIFCell_0.recurrent_weights': '0.849', 'ReadOut_0.readout_weights': '0.000'}
[2026-05-20 23:15:54,113][src.modRNN.training.alignment][INFO] -   align diffusion_fixed @ epoch 1051: cos {'ALIFCell_0.input_weights': '0.912', 'ALIFCell_0.recurrent_weights': '0.919', 'ReadOut_0.readout_weights': '0.000'}
[2026-05-20 23:16:01,722][src.modRNN.training.alignment][INFO] - epoch 1075  train loss=0.0145  (rule: diffusion)
[2026-05-20 23:16:09,703][src.modRNN.training.alignment][INFO] - epoch 1100  train loss=0.0170  (rule: diffusion)
[2026-05-20 23:16:10,226][src.modRNN.training.alignment][INFO] -   align BPTT @ epoch 1101: cos {'ALIFCell_0.input_weights': '0.000', 'ALIFCell_0.recurrent_weights': '0.000', 'ReadOut_0.readout_weights': '0.000'}
[2026-05-20 23:16:10,495][src.modRNN.training.alignment][INFO] -   align eprop @ epoch 1101: cos {'ALIFCell_0.input_weights': '0.915', 'ALIFCell_0.recurrent_weights': '0.961', 'ReadOut_0.readout_weights': '0.000'}
[2026-05-20 23:16:10,804][src.modRNN.training.alignment][INFO] -   align diffusion_aligned @ epoch 1101: cos {'ALIFCell_0.input_weights': '0.779', 'ALIFCell_0.recurrent_weights': '0.813', 'ReadOut_0.readout_weights': '0.000'}
[2026-05-20 23:16:11,261][src.modRNN.training.alignment][INFO] -   align diffusion_per_step @ epoch 1101: cos {'ALIFCell_0.input_weights': '0.882', 'ALIFCell_0.recurrent_weights': '0.926', 'ReadOut_0.readout_weights': '0.000'}
[2026-05-20 23:16:11,571][src.modRNN.training.alignment][INFO] -   align diffusion_fixed @ epoch 1101: cos {'ALIFCell_0.input_weights': '0.918', 'ALIFCell_0.recurrent_weights': '0.979', 'ReadOut_0.readout_weights': '0.000'}
[2026-05-20 23:16:19,243][src.modRNN.training.alignment][INFO] - epoch 1125  train loss=0.0155  (rule: diffusion)
[2026-05-20 23:16:27,236][src.modRNN.training.alignment][INFO] - epoch 1150  train loss=0.0152  (rule: diffusion)
[2026-05-20 23:16:27,761][src.modRNN.training.alignment][INFO] -   align BPTT @ epoch 1151: cos {'ALIFCell_0.input_weights': '0.000', 'ALIFCell_0.recurrent_weights': '0.000', 'ReadOut_0.readout_weights': '0.000'}
[2026-05-20 23:16:28,030][src.modRNN.training.alignment][INFO] -   align eprop @ epoch 1151: cos {'ALIFCell_0.input_weights': '0.934', 'ALIFCell_0.recurrent_weights': '0.923', 'ReadOut_0.readout_weights': '0.000'}
[2026-05-20 23:16:28,338][src.modRNN.training.alignment][INFO] -   align diffusion_aligned @ epoch 1151: cos {'ALIFCell_0.input_weights': '0.804', 'ALIFCell_0.recurrent_weights': '0.794', 'ReadOut_0.readout_weights': '0.000'}
[2026-05-20 23:16:28,794][src.modRNN.training.alignment][INFO] -   align diffusion_per_step @ epoch 1151: cos {'ALIFCell_0.input_weights': '0.897', 'ALIFCell_0.recurrent_weights': '0.891', 'ReadOut_0.readout_weights': '0.000'}
[2026-05-20 23:16:29,105][src.modRNN.training.alignment][INFO] -   align diffusion_fixed @ epoch 1151: cos {'ALIFCell_0.input_weights': '0.922', 'ALIFCell_0.recurrent_weights': '0.939', 'ReadOut_0.readout_weights': '0.000'}
[2026-05-20 23:16:36,726][src.modRNN.training.alignment][INFO] - epoch 1175  train loss=0.0131  (rule: diffusion)
[2026-05-20 23:16:44,653][src.modRNN.training.alignment][INFO] - epoch 1200  train loss=0.0126  (rule: diffusion)
[2026-05-20 23:16:45,169][src.modRNN.training.alignment][INFO] -   align BPTT @ epoch 1201: cos {'ALIFCell_0.input_weights': '0.000', 'ALIFCell_0.recurrent_weights': '0.000', 'ReadOut_0.readout_weights': '0.000'}
[2026-05-20 23:16:45,436][src.modRNN.training.alignment][INFO] -   align eprop @ epoch 1201: cos {'ALIFCell_0.input_weights': '0.822', 'ALIFCell_0.recurrent_weights': '0.823', 'ReadOut_0.readout_weights': '0.000'}
[2026-05-20 23:16:45,744][src.modRNN.training.alignment][INFO] -   align diffusion_aligned @ epoch 1201: cos {'ALIFCell_0.input_weights': '0.695', 'ALIFCell_0.recurrent_weights': '0.702', 'ReadOut_0.readout_weights': '0.000'}
[2026-05-20 23:16:46,200][src.modRNN.training.alignment][INFO] -   align diffusion_per_step @ epoch 1201: cos {'ALIFCell_0.input_weights': '0.797', 'ALIFCell_0.recurrent_weights': '0.811', 'ReadOut_0.readout_weights': '0.000'}
[2026-05-20 23:16:46,508][src.modRNN.training.alignment][INFO] -   align diffusion_fixed @ epoch 1201: cos {'ALIFCell_0.input_weights': '0.838', 'ALIFCell_0.recurrent_weights': '0.873', 'ReadOut_0.readout_weights': '0.000'}
[2026-05-20 23:16:54,131][src.modRNN.training.alignment][INFO] - epoch 1225  train loss=0.0125  (rule: diffusion)
[2026-05-20 23:17:02,060][src.modRNN.training.alignment][INFO] - epoch 1250  train loss=0.0489  (rule: diffusion)
[2026-05-20 23:17:02,584][src.modRNN.training.alignment][INFO] -   align BPTT @ epoch 1251: cos {'ALIFCell_0.input_weights': '0.000', 'ALIFCell_0.recurrent_weights': '0.000', 'ReadOut_0.readout_weights': '0.000'}
[2026-05-20 23:17:02,853][src.modRNN.training.alignment][INFO] -   align eprop @ epoch 1251: cos {'ALIFCell_0.input_weights': '0.847', 'ALIFCell_0.recurrent_weights': '0.875', 'ReadOut_0.readout_weights': '0.000'}
[2026-05-20 23:17:03,161][src.modRNN.training.alignment][INFO] -   align diffusion_aligned @ epoch 1251: cos {'ALIFCell_0.input_weights': '0.756', 'ALIFCell_0.recurrent_weights': '0.783', 'ReadOut_0.readout_weights': '0.000'}
[2026-05-20 23:17:03,618][src.modRNN.training.alignment][INFO] -   align diffusion_per_step @ epoch 1251: cos {'ALIFCell_0.input_weights': '0.826', 'ALIFCell_0.recurrent_weights': '0.867', 'ReadOut_0.readout_weights': '0.000'}
[2026-05-20 23:17:03,928][src.modRNN.training.alignment][INFO] -   align diffusion_fixed @ epoch 1251: cos {'ALIFCell_0.input_weights': '0.866', 'ALIFCell_0.recurrent_weights': '0.944', 'ReadOut_0.readout_weights': '0.000'}
[2026-05-20 23:17:11,590][src.modRNN.training.alignment][INFO] - epoch 1275  train loss=0.0238  (rule: diffusion)
[2026-05-20 23:17:19,571][src.modRNN.training.alignment][INFO] - epoch 1300  train loss=0.1084  (rule: diffusion)
[2026-05-20 23:17:20,096][src.modRNN.training.alignment][INFO] -   align BPTT @ epoch 1301: cos {'ALIFCell_0.input_weights': '0.000', 'ALIFCell_0.recurrent_weights': '0.000', 'ReadOut_0.readout_weights': '0.000'}
[2026-05-20 23:17:20,364][src.modRNN.training.alignment][INFO] -   align eprop @ epoch 1301: cos {'ALIFCell_0.input_weights': '0.600', 'ALIFCell_0.recurrent_weights': '0.686', 'ReadOut_0.readout_weights': '0.000'}
[2026-05-20 23:17:20,673][src.modRNN.training.alignment][INFO] -   align diffusion_aligned @ epoch 1301: cos {'ALIFCell_0.input_weights': '0.537', 'ALIFCell_0.recurrent_weights': '0.612', 'ReadOut_0.readout_weights': '0.000'}
[2026-05-20 23:17:21,130][src.modRNN.training.alignment][INFO] -   align diffusion_per_step @ epoch 1301: cos {'ALIFCell_0.input_weights': '0.591', 'ALIFCell_0.recurrent_weights': '0.700', 'ReadOut_0.readout_weights': '0.000'}
[2026-05-20 23:17:21,439][src.modRNN.training.alignment][INFO] -   align diffusion_fixed @ epoch 1301: cos {'ALIFCell_0.input_weights': '0.639', 'ALIFCell_0.recurrent_weights': '0.794', 'ReadOut_0.readout_weights': '0.000'}
[2026-05-20 23:17:29,112][src.modRNN.training.alignment][INFO] - epoch 1325  train loss=0.0317  (rule: diffusion)
[2026-05-20 23:17:37,058][src.modRNN.training.alignment][INFO] - epoch 1350  train loss=0.0185  (rule: diffusion)
[2026-05-20 23:17:37,576][src.modRNN.training.alignment][INFO] -   align BPTT @ epoch 1351: cos {'ALIFCell_0.input_weights': '0.000', 'ALIFCell_0.recurrent_weights': '0.000', 'ReadOut_0.readout_weights': '0.000'}
[2026-05-20 23:17:37,843][src.modRNN.training.alignment][INFO] -   align eprop @ epoch 1351: cos {'ALIFCell_0.input_weights': '0.948', 'ALIFCell_0.recurrent_weights': '0.998', 'ReadOut_0.readout_weights': '0.000'}
[2026-05-20 23:17:38,151][src.modRNN.training.alignment][INFO] -   align diffusion_aligned @ epoch 1351: cos {'ALIFCell_0.input_weights': '0.887', 'ALIFCell_0.recurrent_weights': '0.972', 'ReadOut_0.readout_weights': '0.000'}
[2026-05-20 23:17:38,607][src.modRNN.training.alignment][INFO] -   align diffusion_per_step @ epoch 1351: cos {'ALIFCell_0.input_weights': '0.922', 'ALIFCell_0.recurrent_weights': '0.983', 'ReadOut_0.readout_weights': '0.000'}
[2026-05-20 23:17:38,915][src.modRNN.training.alignment][INFO] -   align diffusion_fixed @ epoch 1351: cos {'ALIFCell_0.input_weights': '0.980', 'ALIFCell_0.recurrent_weights': '1.067', 'ReadOut_0.readout_weights': '0.000'}
[2026-05-20 23:17:46,549][src.modRNN.training.alignment][INFO] - epoch 1375  train loss=0.0173  (rule: diffusion)
[2026-05-20 23:17:54,504][src.modRNN.training.alignment][INFO] - epoch 1400  train loss=0.0149  (rule: diffusion)
[2026-05-20 23:17:55,023][src.modRNN.training.alignment][INFO] -   align BPTT @ epoch 1401: cos {'ALIFCell_0.input_weights': '0.000', 'ALIFCell_0.recurrent_weights': '0.000', 'ReadOut_0.readout_weights': '0.000'}
[2026-05-20 23:17:55,291][src.modRNN.training.alignment][INFO] -   align eprop @ epoch 1401: cos {'ALIFCell_0.input_weights': '0.777', 'ALIFCell_0.recurrent_weights': '0.870', 'ReadOut_0.readout_weights': '0.000'}
[2026-05-20 23:17:55,598][src.modRNN.training.alignment][INFO] -   align diffusion_aligned @ epoch 1401: cos {'ALIFCell_0.input_weights': '0.673', 'ALIFCell_0.recurrent_weights': '0.750', 'ReadOut_0.readout_weights': '0.000'}
[2026-05-20 23:17:56,054][src.modRNN.training.alignment][INFO] -   align diffusion_per_step @ epoch 1401: cos {'ALIFCell_0.input_weights': '0.747', 'ALIFCell_0.recurrent_weights': '0.847', 'ReadOut_0.readout_weights': '0.000'}
[2026-05-20 23:17:56,362][src.modRNN.training.alignment][INFO] -   align diffusion_fixed @ epoch 1401: cos {'ALIFCell_0.input_weights': '0.817', 'ALIFCell_0.recurrent_weights': '0.945', 'ReadOut_0.readout_weights': '0.000'}
[2026-05-20 23:18:03,984][src.modRNN.training.alignment][INFO] - epoch 1425  train loss=0.0143  (rule: diffusion)
[2026-05-20 23:18:11,966][src.modRNN.training.alignment][INFO] - epoch 1450  train loss=0.0123  (rule: diffusion)
[2026-05-20 23:18:12,491][src.modRNN.training.alignment][INFO] -   align BPTT @ epoch 1451: cos {'ALIFCell_0.input_weights': '0.000', 'ALIFCell_0.recurrent_weights': '0.000', 'ReadOut_0.readout_weights': '0.000'}
[2026-05-20 23:18:12,759][src.modRNN.training.alignment][INFO] -   align eprop @ epoch 1451: cos {'ALIFCell_0.input_weights': '0.961', 'ALIFCell_0.recurrent_weights': '1.018', 'ReadOut_0.readout_weights': '0.000'}
[2026-05-20 23:18:13,068][src.modRNN.training.alignment][INFO] -   align diffusion_aligned @ epoch 1451: cos {'ALIFCell_0.input_weights': '0.894', 'ALIFCell_0.recurrent_weights': '0.930', 'ReadOut_0.readout_weights': '0.000'}
[2026-05-20 23:18:13,525][src.modRNN.training.alignment][INFO] -   align diffusion_per_step @ epoch 1451: cos {'ALIFCell_0.input_weights': '0.940', 'ALIFCell_0.recurrent_weights': '0.999', 'ReadOut_0.readout_weights': '0.000'}
[2026-05-20 23:18:13,835][src.modRNN.training.alignment][INFO] -   align diffusion_fixed @ epoch 1451: cos {'ALIFCell_0.input_weights': '0.996', 'ALIFCell_0.recurrent_weights': '1.074', 'ReadOut_0.readout_weights': '0.000'}
[2026-05-20 23:18:21,509][src.modRNN.training.alignment][INFO] - epoch 1475  train loss=0.0126  (rule: diffusion)
[2026-05-20 23:18:29,500][src.modRNN.training.alignment][INFO] - epoch 1500  train loss=0.0114  (rule: diffusion)
[2026-05-20 23:18:30,024][src.modRNN.training.alignment][INFO] -   align BPTT @ epoch 1501: cos {'ALIFCell_0.input_weights': '0.000', 'ALIFCell_0.recurrent_weights': '0.000', 'ReadOut_0.readout_weights': '0.000'}
[2026-05-20 23:18:30,293][src.modRNN.training.alignment][INFO] -   align eprop @ epoch 1501: cos {'ALIFCell_0.input_weights': '0.826', 'ALIFCell_0.recurrent_weights': '0.880', 'ReadOut_0.readout_weights': '0.000'}
[2026-05-20 23:18:30,602][src.modRNN.training.alignment][INFO] -   align diffusion_aligned @ epoch 1501: cos {'ALIFCell_0.input_weights': '0.689', 'ALIFCell_0.recurrent_weights': '0.734', 'ReadOut_0.readout_weights': '0.000'}
[2026-05-20 23:18:31,059][src.modRNN.training.alignment][INFO] -   align diffusion_per_step @ epoch 1501: cos {'ALIFCell_0.input_weights': '0.781', 'ALIFCell_0.recurrent_weights': '0.843', 'ReadOut_0.readout_weights': '0.000'}
[2026-05-20 23:18:31,368][src.modRNN.training.alignment][INFO] -   align diffusion_fixed @ epoch 1501: cos {'ALIFCell_0.input_weights': '0.836', 'ALIFCell_0.recurrent_weights': '0.931', 'ReadOut_0.readout_weights': '0.000'}
[2026-05-20 23:18:38,981][src.modRNN.training.alignment][INFO] - epoch 1525  train loss=0.0122  (rule: diffusion)
[2026-05-20 23:18:46,910][src.modRNN.training.alignment][INFO] - epoch 1550  train loss=0.0102  (rule: diffusion)
[2026-05-20 23:18:47,427][src.modRNN.training.alignment][INFO] -   align BPTT @ epoch 1551: cos {'ALIFCell_0.input_weights': '0.000', 'ALIFCell_0.recurrent_weights': '0.000', 'ReadOut_0.readout_weights': '0.000'}
[2026-05-20 23:18:47,696][src.modRNN.training.alignment][INFO] -   align eprop @ epoch 1551: cos {'ALIFCell_0.input_weights': '1.080', 'ALIFCell_0.recurrent_weights': '0.998', 'ReadOut_0.readout_weights': '0.000'}
[2026-05-20 23:18:48,003][src.modRNN.training.alignment][INFO] -   align diffusion_aligned @ epoch 1551: cos {'ALIFCell_0.input_weights': '1.022', 'ALIFCell_0.recurrent_weights': '0.944', 'ReadOut_0.readout_weights': '0.000'}
[2026-05-20 23:18:48,460][src.modRNN.training.alignment][INFO] -   align diffusion_per_step @ epoch 1551: cos {'ALIFCell_0.input_weights': '1.066', 'ALIFCell_0.recurrent_weights': '0.969', 'ReadOut_0.readout_weights': '0.000'}
[2026-05-20 23:18:48,769][src.modRNN.training.alignment][INFO] -   align diffusion_fixed @ epoch 1551: cos {'ALIFCell_0.input_weights': '1.137', 'ALIFCell_0.recurrent_weights': '1.075', 'ReadOut_0.readout_weights': '0.000'}
[2026-05-20 23:18:56,381][src.modRNN.training.alignment][INFO] - epoch 1575  train loss=0.0105  (rule: diffusion)
[2026-05-20 23:19:04,327][src.modRNN.training.alignment][INFO] - epoch 1600  train loss=0.0104  (rule: diffusion)
[2026-05-20 23:19:04,851][src.modRNN.training.alignment][INFO] -   align BPTT @ epoch 1601: cos {'ALIFCell_0.input_weights': '0.000', 'ALIFCell_0.recurrent_weights': '0.000', 'ReadOut_0.readout_weights': '0.000'}
[2026-05-20 23:19:05,120][src.modRNN.training.alignment][INFO] -   align eprop @ epoch 1601: cos {'ALIFCell_0.input_weights': '0.945', 'ALIFCell_0.recurrent_weights': '0.990', 'ReadOut_0.readout_weights': '0.000'}
[2026-05-20 23:19:05,429][src.modRNN.training.alignment][INFO] -   align diffusion_aligned @ epoch 1601: cos {'ALIFCell_0.input_weights': '0.851', 'ALIFCell_0.recurrent_weights': '0.882', 'ReadOut_0.readout_weights': '0.000'}
[2026-05-20 23:19:05,887][src.modRNN.training.alignment][INFO] -   align diffusion_per_step @ epoch 1601: cos {'ALIFCell_0.input_weights': '0.923', 'ALIFCell_0.recurrent_weights': '0.973', 'ReadOut_0.readout_weights': '0.000'}
[2026-05-20 23:19:06,197][src.modRNN.training.alignment][INFO] -   align diffusion_fixed @ epoch 1601: cos {'ALIFCell_0.input_weights': '0.977', 'ALIFCell_0.recurrent_weights': '1.052', 'ReadOut_0.readout_weights': '0.000'}
[2026-05-20 23:19:13,880][src.modRNN.training.alignment][INFO] - epoch 1625  train loss=0.0093  (rule: diffusion)
[2026-05-20 23:19:21,886][src.modRNN.training.alignment][INFO] - epoch 1650  train loss=0.0126  (rule: diffusion)
[2026-05-20 23:19:22,410][src.modRNN.training.alignment][INFO] -   align BPTT @ epoch 1651: cos {'ALIFCell_0.input_weights': '0.000', 'ALIFCell_0.recurrent_weights': '0.000', 'ReadOut_0.readout_weights': '0.000'}
[2026-05-20 23:19:22,679][src.modRNN.training.alignment][INFO] -   align eprop @ epoch 1651: cos {'ALIFCell_0.input_weights': '1.078', 'ALIFCell_0.recurrent_weights': '1.083', 'ReadOut_0.readout_weights': '0.000'}
[2026-05-20 23:19:22,989][src.modRNN.training.alignment][INFO] -   align diffusion_aligned @ epoch 1651: cos {'ALIFCell_0.input_weights': '0.951', 'ALIFCell_0.recurrent_weights': '0.950', 'ReadOut_0.readout_weights': '0.000'}
[2026-05-20 23:19:23,446][src.modRNN.training.alignment][INFO] -   align diffusion_per_step @ epoch 1651: cos {'ALIFCell_0.input_weights': '1.056', 'ALIFCell_0.recurrent_weights': '1.062', 'ReadOut_0.readout_weights': '0.000'}
[2026-05-20 23:19:23,755][src.modRNN.training.alignment][INFO] -   align diffusion_fixed @ epoch 1651: cos {'ALIFCell_0.input_weights': '1.114', 'ALIFCell_0.recurrent_weights': '1.140', 'ReadOut_0.readout_weights': '0.000'}
[2026-05-20 23:19:31,434][src.modRNN.training.alignment][INFO] - epoch 1675  train loss=0.0103  (rule: diffusion)
[2026-05-20 23:19:39,381][src.modRNN.training.alignment][INFO] - epoch 1700  train loss=0.0094  (rule: diffusion)
[2026-05-20 23:19:39,899][src.modRNN.training.alignment][INFO] -   align BPTT @ epoch 1701: cos {'ALIFCell_0.input_weights': '0.000', 'ALIFCell_0.recurrent_weights': '0.000', 'ReadOut_0.readout_weights': '0.000'}
[2026-05-20 23:19:40,165][src.modRNN.training.alignment][INFO] -   align eprop @ epoch 1701: cos {'ALIFCell_0.input_weights': '1.048', 'ALIFCell_0.recurrent_weights': '1.048', 'ReadOut_0.readout_weights': '0.000'}
[2026-05-20 23:19:40,473][src.modRNN.training.alignment][INFO] -   align diffusion_aligned @ epoch 1701: cos {'ALIFCell_0.input_weights': '0.924', 'ALIFCell_0.recurrent_weights': '0.900', 'ReadOut_0.readout_weights': '0.000'}
[2026-05-20 23:19:40,930][src.modRNN.training.alignment][INFO] -   align diffusion_per_step @ epoch 1701: cos {'ALIFCell_0.input_weights': '1.031', 'ALIFCell_0.recurrent_weights': '1.033', 'ReadOut_0.readout_weights': '0.000'}
[2026-05-20 23:19:41,238][src.modRNN.training.alignment][INFO] -   align diffusion_fixed @ epoch 1701: cos {'ALIFCell_0.input_weights': '1.086', 'ALIFCell_0.recurrent_weights': '1.116', 'ReadOut_0.readout_weights': '0.000'}
[2026-05-20 23:19:48,867][src.modRNN.training.alignment][INFO] - epoch 1725  train loss=0.0107  (rule: diffusion)
[2026-05-20 23:19:56,802][src.modRNN.training.alignment][INFO] - epoch 1750  train loss=0.0096  (rule: diffusion)
[2026-05-20 23:19:57,319][src.modRNN.training.alignment][INFO] -   align BPTT @ epoch 1751: cos {'ALIFCell_0.input_weights': '0.000', 'ALIFCell_0.recurrent_weights': '0.000', 'ReadOut_0.readout_weights': '0.000'}
[2026-05-20 23:19:57,586][src.modRNN.training.alignment][INFO] -   align eprop @ epoch 1751: cos {'ALIFCell_0.input_weights': '0.997', 'ALIFCell_0.recurrent_weights': '1.014', 'ReadOut_0.readout_weights': '0.000'}
[2026-05-20 23:19:57,894][src.modRNN.training.alignment][INFO] -   align diffusion_aligned @ epoch 1751: cos {'ALIFCell_0.input_weights': '0.900', 'ALIFCell_0.recurrent_weights': '0.904', 'ReadOut_0.readout_weights': '0.000'}
[2026-05-20 23:19:58,349][src.modRNN.training.alignment][INFO] -   align diffusion_per_step @ epoch 1751: cos {'ALIFCell_0.input_weights': '0.975', 'ALIFCell_0.recurrent_weights': '0.993', 'ReadOut_0.readout_weights': '0.000'}
[2026-05-20 23:19:58,658][src.modRNN.training.alignment][INFO] -   align diffusion_fixed @ epoch 1751: cos {'ALIFCell_0.input_weights': '1.043', 'ALIFCell_0.recurrent_weights': '1.099', 'ReadOut_0.readout_weights': '0.000'}
[2026-05-20 23:20:06,326][src.modRNN.training.alignment][INFO] - epoch 1775  train loss=0.0106  (rule: diffusion)
[2026-05-20 23:20:14,321][src.modRNN.training.alignment][INFO] - epoch 1800  train loss=0.0088  (rule: diffusion)
[2026-05-20 23:20:14,845][src.modRNN.training.alignment][INFO] -   align BPTT @ epoch 1801: cos {'ALIFCell_0.input_weights': '0.000', 'ALIFCell_0.recurrent_weights': '0.000', 'ReadOut_0.readout_weights': '0.000'}
[2026-05-20 23:20:15,114][src.modRNN.training.alignment][INFO] -   align eprop @ epoch 1801: cos {'ALIFCell_0.input_weights': '1.135', 'ALIFCell_0.recurrent_weights': '1.162', 'ReadOut_0.readout_weights': '0.000'}
[2026-05-20 23:20:15,423][src.modRNN.training.alignment][INFO] -   align diffusion_aligned @ epoch 1801: cos {'ALIFCell_0.input_weights': '1.001', 'ALIFCell_0.recurrent_weights': '1.004', 'ReadOut_0.readout_weights': '0.000'}
[2026-05-20 23:20:15,879][src.modRNN.training.alignment][INFO] -   align diffusion_per_step @ epoch 1801: cos {'ALIFCell_0.input_weights': '1.155', 'ALIFCell_0.recurrent_weights': '1.164', 'ReadOut_0.readout_weights': '0.000'}
[2026-05-20 23:20:16,189][src.modRNN.training.alignment][INFO] -   align diffusion_fixed @ epoch 1801: cos {'ALIFCell_0.input_weights': '1.171', 'ALIFCell_0.recurrent_weights': '1.217', 'ReadOut_0.readout_weights': '0.000'}
[2026-05-20 23:20:23,859][src.modRNN.training.alignment][INFO] - epoch 1825  train loss=0.0092  (rule: diffusion)
[2026-05-20 23:20:31,843][src.modRNN.training.alignment][INFO] - epoch 1850  train loss=0.0082  (rule: diffusion)
[2026-05-20 23:20:32,362][src.modRNN.training.alignment][INFO] -   align BPTT @ epoch 1851: cos {'ALIFCell_0.input_weights': '0.000', 'ALIFCell_0.recurrent_weights': '0.000', 'ReadOut_0.readout_weights': '0.000'}
[2026-05-20 23:20:32,629][src.modRNN.training.alignment][INFO] -   align eprop @ epoch 1851: cos {'ALIFCell_0.input_weights': '1.021', 'ALIFCell_0.recurrent_weights': '1.050', 'ReadOut_0.readout_weights': '0.000'}
[2026-05-20 23:20:32,937][src.modRNN.training.alignment][INFO] -   align diffusion_aligned @ epoch 1851: cos {'ALIFCell_0.input_weights': '0.919', 'ALIFCell_0.recurrent_weights': '0.932', 'ReadOut_0.readout_weights': '0.000'}
[2026-05-20 23:20:33,393][src.modRNN.training.alignment][INFO] -   align diffusion_per_step @ epoch 1851: cos {'ALIFCell_0.input_weights': '0.995', 'ALIFCell_0.recurrent_weights': '1.029', 'ReadOut_0.readout_weights': '0.000'}
[2026-05-20 23:20:33,702][src.modRNN.training.alignment][INFO] -   align diffusion_fixed @ epoch 1851: cos {'ALIFCell_0.input_weights': '1.059', 'ALIFCell_0.recurrent_weights': '1.136', 'ReadOut_0.readout_weights': '0.000'}
[2026-05-20 23:20:41,329][src.modRNN.training.alignment][INFO] - epoch 1875  train loss=0.0076  (rule: diffusion)
[2026-05-20 23:20:49,271][src.modRNN.training.alignment][INFO] - epoch 1900  train loss=0.0076  (rule: diffusion)
[2026-05-20 23:20:49,790][src.modRNN.training.alignment][INFO] -   align BPTT @ epoch 1901: cos {'ALIFCell_0.input_weights': '0.000', 'ALIFCell_0.recurrent_weights': '0.000', 'ReadOut_0.readout_weights': '0.000'}
[2026-05-20 23:20:50,058][src.modRNN.training.alignment][INFO] -   align eprop @ epoch 1901: cos {'ALIFCell_0.input_weights': '1.161', 'ALIFCell_0.recurrent_weights': '1.135', 'ReadOut_0.readout_weights': '0.000'}
[2026-05-20 23:20:50,366][src.modRNN.training.alignment][INFO] -   align diffusion_aligned @ epoch 1901: cos {'ALIFCell_0.input_weights': '0.994', 'ALIFCell_0.recurrent_weights': '0.961', 'ReadOut_0.readout_weights': '0.000'}
[2026-05-20 23:20:50,822][src.modRNN.training.alignment][INFO] -   align diffusion_per_step @ epoch 1901: cos {'ALIFCell_0.input_weights': '1.144', 'ALIFCell_0.recurrent_weights': '1.118', 'ReadOut_0.readout_weights': '0.000'}
[2026-05-20 23:20:51,131][src.modRNN.training.alignment][INFO] -   align diffusion_fixed @ epoch 1901: cos {'ALIFCell_0.input_weights': '1.186', 'ALIFCell_0.recurrent_weights': '1.215', 'ReadOut_0.readout_weights': '0.000'}
[2026-05-20 23:20:58,747][src.modRNN.training.alignment][INFO] - epoch 1925  train loss=0.0091  (rule: diffusion)
[2026-05-20 23:21:06,725][src.modRNN.training.alignment][INFO] - epoch 1950  train loss=0.0082  (rule: diffusion)
[2026-05-20 23:21:07,249][src.modRNN.training.alignment][INFO] -   align BPTT @ epoch 1951: cos {'ALIFCell_0.input_weights': '0.000', 'ALIFCell_0.recurrent_weights': '0.000', 'ReadOut_0.readout_weights': '0.000'}
[2026-05-20 23:21:07,517][src.modRNN.training.alignment][INFO] -   align eprop @ epoch 1951: cos {'ALIFCell_0.input_weights': '1.043', 'ALIFCell_0.recurrent_weights': '1.163', 'ReadOut_0.readout_weights': '0.000'}
[2026-05-20 23:21:07,826][src.modRNN.training.alignment][INFO] -   align diffusion_aligned @ epoch 1951: cos {'ALIFCell_0.input_weights': '0.968', 'ALIFCell_0.recurrent_weights': '1.065', 'ReadOut_0.readout_weights': '0.000'}
[2026-05-20 23:21:08,283][src.modRNN.training.alignment][INFO] -   align diffusion_per_step @ epoch 1951: cos {'ALIFCell_0.input_weights': '1.042', 'ALIFCell_0.recurrent_weights': '1.164', 'ReadOut_0.readout_weights': '0.000'}
[2026-05-20 23:21:08,593][src.modRNN.training.alignment][INFO] -   align diffusion_fixed @ epoch 1951: cos {'ALIFCell_0.input_weights': '1.091', 'ALIFCell_0.recurrent_weights': '1.245', 'ReadOut_0.readout_weights': '0.000'}
[2026-05-20 23:21:16,269][src.modRNN.training.alignment][INFO] - epoch 1975  train loss=0.0122  (rule: diffusion)
[2026-05-20 23:21:24,261][src.modRNN.training.alignment][INFO] - epoch 2000  train loss=0.0071  (rule: diffusion)
[2026-05-20 23:21:24,784][src.modRNN.training.alignment][INFO] -   align BPTT @ epoch 2001: cos {'ALIFCell_0.input_weights': '0.000', 'ALIFCell_0.recurrent_weights': '0.000', 'ReadOut_0.readout_weights': '0.000'}
[2026-05-20 23:21:25,053][src.modRNN.training.alignment][INFO] -   align eprop @ epoch 2001: cos {'ALIFCell_0.input_weights': '1.028', 'ALIFCell_0.recurrent_weights': '1.053', 'ReadOut_0.readout_weights': '0.000'}
[2026-05-20 23:21:25,362][src.modRNN.training.alignment][INFO] -   align diffusion_aligned @ epoch 2001: cos {'ALIFCell_0.input_weights': '0.910', 'ALIFCell_0.recurrent_weights': '0.910', 'ReadOut_0.readout_weights': '0.000'}
[2026-05-20 23:21:25,819][src.modRNN.training.alignment][INFO] -   align diffusion_per_step @ epoch 2001: cos {'ALIFCell_0.input_weights': '1.004', 'ALIFCell_0.recurrent_weights': '1.033', 'ReadOut_0.readout_weights': '0.000'}
[2026-05-20 23:21:26,129][src.modRNN.training.alignment][INFO] -   align diffusion_fixed @ epoch 2001: cos {'ALIFCell_0.input_weights': '1.079', 'ALIFCell_0.recurrent_weights': '1.149', 'ReadOut_0.readout_weights': '0.000'}
[2026-05-20 23:21:26,162][src.modRNN.training.alignment][INFO] - Alignment experiment finished. Output dir: /mnt/lustre/work/martius/mot736/neuromodRNN/outputs/pattern_generation/align_local_connectivity_diffusion/seed_155904
