[2026-05-19 23:43:11,648][jax._src.xla_bridge][INFO] - Unable to initialize backend 'rocm': module 'jaxlib.xla_extension' has no attribute 'GpuAllocatorConfig'
[2026-05-19 23:43:11,650][jax._src.xla_bridge][INFO] - Unable to initialize backend 'tpu': INTERNAL: Failed to open libtpu.so: libtpu.so: cannot open shared object file: No such file or directory
[2026-05-19 23:43:23,035][src.modRNN.training.alignment][INFO] - Starting alignment experiment: training with diffusion, measuring alignment of ['BPTT', 'eprop', 'diffusion_aligned', 'diffusion_per_step', 'diffusion_fixed'] every 50 epochs.
[2026-05-19 23:43:28,501][src.modRNN.training.alignment][INFO] - epoch 1  train loss=0.1978  (rule: diffusion)
[2026-05-19 23:43:29,744][src.modRNN.training.alignment][INFO] -   align BPTT @ epoch 1: cos {'ALIFCell_0.input_weights': '0.000', 'ALIFCell_0.recurrent_weights': '0.000', 'ReadOut_0.readout_weights': '0.000'}
[2026-05-19 23:43:30,910][src.modRNN.training.alignment][INFO] -   align eprop @ epoch 1: cos {'ALIFCell_0.input_weights': '0.692', 'ALIFCell_0.recurrent_weights': '0.606', 'ReadOut_0.readout_weights': '0.000'}
[2026-05-19 23:43:32,106][src.modRNN.training.alignment][INFO] -   align diffusion_aligned @ epoch 1: cos {'ALIFCell_0.input_weights': '0.832', 'ALIFCell_0.recurrent_weights': '0.781', 'ReadOut_0.readout_weights': '0.000'}
[2026-05-19 23:43:35,116][src.modRNN.training.alignment][INFO] -   align diffusion_per_step @ epoch 1: cos {'ALIFCell_0.input_weights': '0.721', 'ALIFCell_0.recurrent_weights': '0.641', 'ReadOut_0.readout_weights': '0.000'}
[2026-05-19 23:43:36,463][src.modRNN.training.alignment][INFO] -   align diffusion_fixed @ epoch 1: cos {'ALIFCell_0.input_weights': '0.878', 'ALIFCell_0.recurrent_weights': '0.857', 'ReadOut_0.readout_weights': '0.000'}
[2026-05-19 23:43:44,096][src.modRNN.training.alignment][INFO] - epoch 25  train loss=0.1770  (rule: diffusion)
[2026-05-19 23:43:52,052][src.modRNN.training.alignment][INFO] - epoch 50  train loss=0.1867  (rule: diffusion)
[2026-05-19 23:43:52,575][src.modRNN.training.alignment][INFO] -   align BPTT @ epoch 51: cos {'ALIFCell_0.input_weights': '0.000', 'ALIFCell_0.recurrent_weights': '0.000', 'ReadOut_0.readout_weights': '0.000'}
[2026-05-19 23:43:52,846][src.modRNN.training.alignment][INFO] -   align eprop @ epoch 51: cos {'ALIFCell_0.input_weights': '0.926', 'ALIFCell_0.recurrent_weights': '0.962', 'ReadOut_0.readout_weights': '0.000'}
[2026-05-19 23:43:53,159][src.modRNN.training.alignment][INFO] -   align diffusion_aligned @ epoch 51: cos {'ALIFCell_0.input_weights': '1.006', 'ALIFCell_0.recurrent_weights': '1.041', 'ReadOut_0.readout_weights': '0.000'}
[2026-05-19 23:43:53,620][src.modRNN.training.alignment][INFO] -   align diffusion_per_step @ epoch 51: cos {'ALIFCell_0.input_weights': '0.938', 'ALIFCell_0.recurrent_weights': '0.974', 'ReadOut_0.readout_weights': '0.000'}
[2026-05-19 23:43:53,933][src.modRNN.training.alignment][INFO] -   align diffusion_fixed @ epoch 51: cos {'ALIFCell_0.input_weights': '0.951', 'ALIFCell_0.recurrent_weights': '0.972', 'ReadOut_0.readout_weights': '0.000'}
[2026-05-19 23:44:01,573][src.modRNN.training.alignment][INFO] - epoch 75  train loss=0.1360  (rule: diffusion)
[2026-05-19 23:44:09,531][src.modRNN.training.alignment][INFO] - epoch 100  train loss=0.1159  (rule: diffusion)
[2026-05-19 23:44:10,052][src.modRNN.training.alignment][INFO] -   align BPTT @ epoch 101: cos {'ALIFCell_0.input_weights': '0.000', 'ALIFCell_0.recurrent_weights': '0.000', 'ReadOut_0.readout_weights': '0.000'}
[2026-05-19 23:44:10,321][src.modRNN.training.alignment][INFO] -   align eprop @ epoch 101: cos {'ALIFCell_0.input_weights': '1.277', 'ALIFCell_0.recurrent_weights': '1.278', 'ReadOut_0.readout_weights': '0.000'}
[2026-05-19 23:44:10,631][src.modRNN.training.alignment][INFO] -   align diffusion_aligned @ epoch 101: cos {'ALIFCell_0.input_weights': '1.311', 'ALIFCell_0.recurrent_weights': '1.308', 'ReadOut_0.readout_weights': '0.000'}
[2026-05-19 23:44:11,089][src.modRNN.training.alignment][INFO] -   align diffusion_per_step @ epoch 101: cos {'ALIFCell_0.input_weights': '1.269', 'ALIFCell_0.recurrent_weights': '1.272', 'ReadOut_0.readout_weights': '0.000'}
[2026-05-19 23:44:11,400][src.modRNN.training.alignment][INFO] -   align diffusion_fixed @ epoch 101: cos {'ALIFCell_0.input_weights': '1.180', 'ALIFCell_0.recurrent_weights': '1.201', 'ReadOut_0.readout_weights': '0.000'}
[2026-05-19 23:44:19,066][src.modRNN.training.alignment][INFO] - epoch 125  train loss=0.0965  (rule: diffusion)
[2026-05-19 23:44:27,056][src.modRNN.training.alignment][INFO] - epoch 150  train loss=0.0971  (rule: diffusion)
[2026-05-19 23:44:27,577][src.modRNN.training.alignment][INFO] -   align BPTT @ epoch 151: cos {'ALIFCell_0.input_weights': '0.000', 'ALIFCell_0.recurrent_weights': '0.000', 'ReadOut_0.readout_weights': '0.000'}
[2026-05-19 23:44:27,848][src.modRNN.training.alignment][INFO] -   align eprop @ epoch 151: cos {'ALIFCell_0.input_weights': '1.188', 'ALIFCell_0.recurrent_weights': '1.199', 'ReadOut_0.readout_weights': '0.000'}
[2026-05-19 23:44:28,160][src.modRNN.training.alignment][INFO] -   align diffusion_aligned @ epoch 151: cos {'ALIFCell_0.input_weights': '1.211', 'ALIFCell_0.recurrent_weights': '1.218', 'ReadOut_0.readout_weights': '0.000'}
[2026-05-19 23:44:28,619][src.modRNN.training.alignment][INFO] -   align diffusion_per_step @ epoch 151: cos {'ALIFCell_0.input_weights': '1.170', 'ALIFCell_0.recurrent_weights': '1.181', 'ReadOut_0.readout_weights': '0.000'}
[2026-05-19 23:44:28,932][src.modRNN.training.alignment][INFO] -   align diffusion_fixed @ epoch 151: cos {'ALIFCell_0.input_weights': '1.072', 'ALIFCell_0.recurrent_weights': '1.105', 'ReadOut_0.readout_weights': '0.000'}
[2026-05-19 23:44:36,609][src.modRNN.training.alignment][INFO] - epoch 175  train loss=0.0836  (rule: diffusion)
[2026-05-19 23:44:44,602][src.modRNN.training.alignment][INFO] - epoch 200  train loss=0.1937  (rule: diffusion)
[2026-05-19 23:44:45,125][src.modRNN.training.alignment][INFO] -   align BPTT @ epoch 201: cos {'ALIFCell_0.input_weights': '0.000', 'ALIFCell_0.recurrent_weights': '0.000', 'ReadOut_0.readout_weights': '0.000'}
[2026-05-19 23:44:45,393][src.modRNN.training.alignment][INFO] -   align eprop @ epoch 201: cos {'ALIFCell_0.input_weights': '1.176', 'ALIFCell_0.recurrent_weights': '1.159', 'ReadOut_0.readout_weights': '0.000'}
[2026-05-19 23:44:45,705][src.modRNN.training.alignment][INFO] -   align diffusion_aligned @ epoch 201: cos {'ALIFCell_0.input_weights': '1.196', 'ALIFCell_0.recurrent_weights': '1.171', 'ReadOut_0.readout_weights': '0.000'}
[2026-05-19 23:44:46,167][src.modRNN.training.alignment][INFO] -   align diffusion_per_step @ epoch 201: cos {'ALIFCell_0.input_weights': '1.152', 'ALIFCell_0.recurrent_weights': '1.135', 'ReadOut_0.readout_weights': '0.000'}
[2026-05-19 23:44:46,479][src.modRNN.training.alignment][INFO] -   align diffusion_fixed @ epoch 201: cos {'ALIFCell_0.input_weights': '1.059', 'ALIFCell_0.recurrent_weights': '1.068', 'ReadOut_0.readout_weights': '0.000'}
[2026-05-19 23:44:54,161][src.modRNN.training.alignment][INFO] - epoch 225  train loss=0.0898  (rule: diffusion)
[2026-05-19 23:45:02,168][src.modRNN.training.alignment][INFO] - epoch 250  train loss=0.0699  (rule: diffusion)
[2026-05-19 23:45:02,691][src.modRNN.training.alignment][INFO] -   align BPTT @ epoch 251: cos {'ALIFCell_0.input_weights': '0.000', 'ALIFCell_0.recurrent_weights': '0.000', 'ReadOut_0.readout_weights': '0.000'}
[2026-05-19 23:45:02,961][src.modRNN.training.alignment][INFO] -   align eprop @ epoch 251: cos {'ALIFCell_0.input_weights': '1.159', 'ALIFCell_0.recurrent_weights': '1.129', 'ReadOut_0.readout_weights': '0.000'}
[2026-05-19 23:45:03,274][src.modRNN.training.alignment][INFO] -   align diffusion_aligned @ epoch 251: cos {'ALIFCell_0.input_weights': '1.175', 'ALIFCell_0.recurrent_weights': '1.144', 'ReadOut_0.readout_weights': '0.000'}
[2026-05-19 23:45:03,734][src.modRNN.training.alignment][INFO] -   align diffusion_per_step @ epoch 251: cos {'ALIFCell_0.input_weights': '1.135', 'ALIFCell_0.recurrent_weights': '1.106', 'ReadOut_0.readout_weights': '0.000'}
[2026-05-19 23:45:04,047][src.modRNN.training.alignment][INFO] -   align diffusion_fixed @ epoch 251: cos {'ALIFCell_0.input_weights': '1.034', 'ALIFCell_0.recurrent_weights': '1.033', 'ReadOut_0.readout_weights': '0.000'}
[2026-05-19 23:45:11,724][src.modRNN.training.alignment][INFO] - epoch 275  train loss=0.0575  (rule: diffusion)
[2026-05-19 23:45:19,720][src.modRNN.training.alignment][INFO] - epoch 300  train loss=0.0530  (rule: diffusion)
[2026-05-19 23:45:20,241][src.modRNN.training.alignment][INFO] -   align BPTT @ epoch 301: cos {'ALIFCell_0.input_weights': '0.000', 'ALIFCell_0.recurrent_weights': '0.000', 'ReadOut_0.readout_weights': '0.000'}
[2026-05-19 23:45:20,510][src.modRNN.training.alignment][INFO] -   align eprop @ epoch 301: cos {'ALIFCell_0.input_weights': '1.190', 'ALIFCell_0.recurrent_weights': '1.199', 'ReadOut_0.readout_weights': '0.000'}
[2026-05-19 23:45:20,822][src.modRNN.training.alignment][INFO] -   align diffusion_aligned @ epoch 301: cos {'ALIFCell_0.input_weights': '1.199', 'ALIFCell_0.recurrent_weights': '1.208', 'ReadOut_0.readout_weights': '0.000'}
[2026-05-19 23:45:21,283][src.modRNN.training.alignment][INFO] -   align diffusion_per_step @ epoch 301: cos {'ALIFCell_0.input_weights': '1.161', 'ALIFCell_0.recurrent_weights': '1.169', 'ReadOut_0.readout_weights': '0.000'}
[2026-05-19 23:45:21,595][src.modRNN.training.alignment][INFO] -   align diffusion_fixed @ epoch 301: cos {'ALIFCell_0.input_weights': '1.081', 'ALIFCell_0.recurrent_weights': '1.109', 'ReadOut_0.readout_weights': '0.000'}
[2026-05-19 23:45:29,271][src.modRNN.training.alignment][INFO] - epoch 325  train loss=0.0793  (rule: diffusion)
[2026-05-19 23:45:37,272][src.modRNN.training.alignment][INFO] - epoch 350  train loss=0.0712  (rule: diffusion)
[2026-05-19 23:45:37,794][src.modRNN.training.alignment][INFO] -   align BPTT @ epoch 351: cos {'ALIFCell_0.input_weights': '0.000', 'ALIFCell_0.recurrent_weights': '0.000', 'ReadOut_0.readout_weights': '0.000'}
[2026-05-19 23:45:38,064][src.modRNN.training.alignment][INFO] -   align eprop @ epoch 351: cos {'ALIFCell_0.input_weights': '1.178', 'ALIFCell_0.recurrent_weights': '1.179', 'ReadOut_0.readout_weights': '0.000'}
[2026-05-19 23:45:38,377][src.modRNN.training.alignment][INFO] -   align diffusion_aligned @ epoch 351: cos {'ALIFCell_0.input_weights': '1.175', 'ALIFCell_0.recurrent_weights': '1.180', 'ReadOut_0.readout_weights': '0.000'}
[2026-05-19 23:45:38,837][src.modRNN.training.alignment][INFO] -   align diffusion_per_step @ epoch 351: cos {'ALIFCell_0.input_weights': '1.147', 'ALIFCell_0.recurrent_weights': '1.147', 'ReadOut_0.readout_weights': '0.000'}
[2026-05-19 23:45:39,150][src.modRNN.training.alignment][INFO] -   align diffusion_fixed @ epoch 351: cos {'ALIFCell_0.input_weights': '1.055', 'ALIFCell_0.recurrent_weights': '1.078', 'ReadOut_0.readout_weights': '0.000'}
[2026-05-19 23:45:46,834][src.modRNN.training.alignment][INFO] - epoch 375  train loss=0.0507  (rule: diffusion)
[2026-05-19 23:45:54,837][src.modRNN.training.alignment][INFO] - epoch 400  train loss=0.0592  (rule: diffusion)
[2026-05-19 23:45:55,360][src.modRNN.training.alignment][INFO] -   align BPTT @ epoch 401: cos {'ALIFCell_0.input_weights': '0.000', 'ALIFCell_0.recurrent_weights': '0.000', 'ReadOut_0.readout_weights': '0.000'}
[2026-05-19 23:45:55,630][src.modRNN.training.alignment][INFO] -   align eprop @ epoch 401: cos {'ALIFCell_0.input_weights': '1.209', 'ALIFCell_0.recurrent_weights': '1.217', 'ReadOut_0.readout_weights': '0.000'}
[2026-05-19 23:45:55,943][src.modRNN.training.alignment][INFO] -   align diffusion_aligned @ epoch 401: cos {'ALIFCell_0.input_weights': '1.226', 'ALIFCell_0.recurrent_weights': '1.238', 'ReadOut_0.readout_weights': '0.000'}
[2026-05-19 23:45:56,404][src.modRNN.training.alignment][INFO] -   align diffusion_per_step @ epoch 401: cos {'ALIFCell_0.input_weights': '1.175', 'ALIFCell_0.recurrent_weights': '1.185', 'ReadOut_0.readout_weights': '0.000'}
[2026-05-19 23:45:56,717][src.modRNN.training.alignment][INFO] -   align diffusion_fixed @ epoch 401: cos {'ALIFCell_0.input_weights': '1.094', 'ALIFCell_0.recurrent_weights': '1.124', 'ReadOut_0.readout_weights': '0.000'}
[2026-05-19 23:46:04,392][src.modRNN.training.alignment][INFO] - epoch 425  train loss=0.0599  (rule: diffusion)
[2026-05-19 23:46:12,387][src.modRNN.training.alignment][INFO] - epoch 450  train loss=0.0841  (rule: diffusion)
[2026-05-19 23:46:12,909][src.modRNN.training.alignment][INFO] -   align BPTT @ epoch 451: cos {'ALIFCell_0.input_weights': '0.000', 'ALIFCell_0.recurrent_weights': '0.000', 'ReadOut_0.readout_weights': '0.000'}
[2026-05-19 23:46:13,179][src.modRNN.training.alignment][INFO] -   align eprop @ epoch 451: cos {'ALIFCell_0.input_weights': '1.188', 'ALIFCell_0.recurrent_weights': '1.187', 'ReadOut_0.readout_weights': '0.000'}
[2026-05-19 23:46:13,492][src.modRNN.training.alignment][INFO] -   align diffusion_aligned @ epoch 451: cos {'ALIFCell_0.input_weights': '1.202', 'ALIFCell_0.recurrent_weights': '1.200', 'ReadOut_0.readout_weights': '0.000'}
[2026-05-19 23:46:13,952][src.modRNN.training.alignment][INFO] -   align diffusion_per_step @ epoch 451: cos {'ALIFCell_0.input_weights': '1.154', 'ALIFCell_0.recurrent_weights': '1.156', 'ReadOut_0.readout_weights': '0.000'}
[2026-05-19 23:46:14,264][src.modRNN.training.alignment][INFO] -   align diffusion_fixed @ epoch 451: cos {'ALIFCell_0.input_weights': '1.078', 'ALIFCell_0.recurrent_weights': '1.101', 'ReadOut_0.readout_weights': '0.000'}
[2026-05-19 23:46:21,961][src.modRNN.training.alignment][INFO] - epoch 475  train loss=0.0927  (rule: diffusion)
[2026-05-19 23:46:29,976][src.modRNN.training.alignment][INFO] - epoch 500  train loss=0.0748  (rule: diffusion)
[2026-05-19 23:46:30,498][src.modRNN.training.alignment][INFO] -   align BPTT @ epoch 501: cos {'ALIFCell_0.input_weights': '0.000', 'ALIFCell_0.recurrent_weights': '0.000', 'ReadOut_0.readout_weights': '0.000'}
[2026-05-19 23:46:30,767][src.modRNN.training.alignment][INFO] -   align eprop @ epoch 501: cos {'ALIFCell_0.input_weights': '1.195', 'ALIFCell_0.recurrent_weights': '1.181', 'ReadOut_0.readout_weights': '0.000'}
[2026-05-19 23:46:31,079][src.modRNN.training.alignment][INFO] -   align diffusion_aligned @ epoch 501: cos {'ALIFCell_0.input_weights': '1.196', 'ALIFCell_0.recurrent_weights': '1.179', 'ReadOut_0.readout_weights': '0.000'}
[2026-05-19 23:46:31,539][src.modRNN.training.alignment][INFO] -   align diffusion_per_step @ epoch 501: cos {'ALIFCell_0.input_weights': '1.167', 'ALIFCell_0.recurrent_weights': '1.154', 'ReadOut_0.readout_weights': '0.000'}
[2026-05-19 23:46:31,850][src.modRNN.training.alignment][INFO] -   align diffusion_fixed @ epoch 501: cos {'ALIFCell_0.input_weights': '1.097', 'ALIFCell_0.recurrent_weights': '1.101', 'ReadOut_0.readout_weights': '0.000'}
[2026-05-19 23:46:39,542][src.modRNN.training.alignment][INFO] - epoch 525  train loss=0.0415  (rule: diffusion)
[2026-05-19 23:46:47,557][src.modRNN.training.alignment][INFO] - epoch 550  train loss=0.0350  (rule: diffusion)
[2026-05-19 23:46:48,079][src.modRNN.training.alignment][INFO] -   align BPTT @ epoch 551: cos {'ALIFCell_0.input_weights': '0.000', 'ALIFCell_0.recurrent_weights': '0.000', 'ReadOut_0.readout_weights': '0.000'}
[2026-05-19 23:46:48,350][src.modRNN.training.alignment][INFO] -   align eprop @ epoch 551: cos {'ALIFCell_0.input_weights': '1.166', 'ALIFCell_0.recurrent_weights': '1.203', 'ReadOut_0.readout_weights': '0.000'}
[2026-05-19 23:46:48,662][src.modRNN.training.alignment][INFO] -   align diffusion_aligned @ epoch 551: cos {'ALIFCell_0.input_weights': '1.193', 'ALIFCell_0.recurrent_weights': '1.227', 'ReadOut_0.readout_weights': '0.000'}
[2026-05-19 23:46:49,123][src.modRNN.training.alignment][INFO] -   align diffusion_per_step @ epoch 551: cos {'ALIFCell_0.input_weights': '1.141', 'ALIFCell_0.recurrent_weights': '1.178', 'ReadOut_0.readout_weights': '0.000'}
[2026-05-19 23:46:49,435][src.modRNN.training.alignment][INFO] -   align diffusion_fixed @ epoch 551: cos {'ALIFCell_0.input_weights': '1.065', 'ALIFCell_0.recurrent_weights': '1.122', 'ReadOut_0.readout_weights': '0.000'}
[2026-05-19 23:46:57,114][src.modRNN.training.alignment][INFO] - epoch 575  train loss=0.0339  (rule: diffusion)
[2026-05-19 23:47:05,108][src.modRNN.training.alignment][INFO] - epoch 600  train loss=0.0295  (rule: diffusion)
[2026-05-19 23:47:05,631][src.modRNN.training.alignment][INFO] -   align BPTT @ epoch 601: cos {'ALIFCell_0.input_weights': '0.000', 'ALIFCell_0.recurrent_weights': '0.000', 'ReadOut_0.readout_weights': '0.000'}
[2026-05-19 23:47:05,901][src.modRNN.training.alignment][INFO] -   align eprop @ epoch 601: cos {'ALIFCell_0.input_weights': '1.241', 'ALIFCell_0.recurrent_weights': '1.238', 'ReadOut_0.readout_weights': '0.000'}
[2026-05-19 23:47:06,213][src.modRNN.training.alignment][INFO] -   align diffusion_aligned @ epoch 601: cos {'ALIFCell_0.input_weights': '1.246', 'ALIFCell_0.recurrent_weights': '1.249', 'ReadOut_0.readout_weights': '0.000'}
[2026-05-19 23:47:06,674][src.modRNN.training.alignment][INFO] -   align diffusion_per_step @ epoch 601: cos {'ALIFCell_0.input_weights': '1.209', 'ALIFCell_0.recurrent_weights': '1.213', 'ReadOut_0.readout_weights': '0.000'}
[2026-05-19 23:47:06,986][src.modRNN.training.alignment][INFO] -   align diffusion_fixed @ epoch 601: cos {'ALIFCell_0.input_weights': '1.123', 'ALIFCell_0.recurrent_weights': '1.147', 'ReadOut_0.readout_weights': '0.000'}
[2026-05-19 23:47:14,676][src.modRNN.training.alignment][INFO] - epoch 625  train loss=0.0318  (rule: diffusion)
[2026-05-19 23:47:22,690][src.modRNN.training.alignment][INFO] - epoch 650  train loss=0.0286  (rule: diffusion)
[2026-05-19 23:47:23,213][src.modRNN.training.alignment][INFO] -   align BPTT @ epoch 651: cos {'ALIFCell_0.input_weights': '0.000', 'ALIFCell_0.recurrent_weights': '0.000', 'ReadOut_0.readout_weights': '0.000'}
[2026-05-19 23:47:23,483][src.modRNN.training.alignment][INFO] -   align eprop @ epoch 651: cos {'ALIFCell_0.input_weights': '1.254', 'ALIFCell_0.recurrent_weights': '1.249', 'ReadOut_0.readout_weights': '0.000'}
[2026-05-19 23:47:23,796][src.modRNN.training.alignment][INFO] -   align diffusion_aligned @ epoch 651: cos {'ALIFCell_0.input_weights': '1.258', 'ALIFCell_0.recurrent_weights': '1.261', 'ReadOut_0.readout_weights': '0.000'}
[2026-05-19 23:47:24,256][src.modRNN.training.alignment][INFO] -   align diffusion_per_step @ epoch 651: cos {'ALIFCell_0.input_weights': '1.219', 'ALIFCell_0.recurrent_weights': '1.221', 'ReadOut_0.readout_weights': '0.000'}
[2026-05-19 23:47:24,569][src.modRNN.training.alignment][INFO] -   align diffusion_fixed @ epoch 651: cos {'ALIFCell_0.input_weights': '1.149', 'ALIFCell_0.recurrent_weights': '1.172', 'ReadOut_0.readout_weights': '0.000'}
[2026-05-19 23:47:32,245][src.modRNN.training.alignment][INFO] - epoch 675  train loss=0.0263  (rule: diffusion)
[2026-05-19 23:47:40,253][src.modRNN.training.alignment][INFO] - epoch 700  train loss=0.0246  (rule: diffusion)
[2026-05-19 23:47:40,778][src.modRNN.training.alignment][INFO] -   align BPTT @ epoch 701: cos {'ALIFCell_0.input_weights': '0.000', 'ALIFCell_0.recurrent_weights': '0.000', 'ReadOut_0.readout_weights': '0.000'}
[2026-05-19 23:47:41,049][src.modRNN.training.alignment][INFO] -   align eprop @ epoch 701: cos {'ALIFCell_0.input_weights': '1.270', 'ALIFCell_0.recurrent_weights': '1.286', 'ReadOut_0.readout_weights': '0.000'}
[2026-05-19 23:47:41,363][src.modRNN.training.alignment][INFO] -   align diffusion_aligned @ epoch 701: cos {'ALIFCell_0.input_weights': '1.303', 'ALIFCell_0.recurrent_weights': '1.302', 'ReadOut_0.readout_weights': '0.000'}
[2026-05-19 23:47:41,825][src.modRNN.training.alignment][INFO] -   align diffusion_per_step @ epoch 701: cos {'ALIFCell_0.input_weights': '1.254', 'ALIFCell_0.recurrent_weights': '1.271', 'ReadOut_0.readout_weights': '0.000'}
[2026-05-19 23:47:42,138][src.modRNN.training.alignment][INFO] -   align diffusion_fixed @ epoch 701: cos {'ALIFCell_0.input_weights': '1.179', 'ALIFCell_0.recurrent_weights': '1.209', 'ReadOut_0.readout_weights': '0.000'}
[2026-05-19 23:47:49,840][src.modRNN.training.alignment][INFO] - epoch 725  train loss=0.0308  (rule: diffusion)
[2026-05-19 23:47:57,853][src.modRNN.training.alignment][INFO] - epoch 750  train loss=0.0223  (rule: diffusion)
[2026-05-19 23:47:58,378][src.modRNN.training.alignment][INFO] -   align BPTT @ epoch 751: cos {'ALIFCell_0.input_weights': '0.000', 'ALIFCell_0.recurrent_weights': '0.000', 'ReadOut_0.readout_weights': '0.000'}
[2026-05-19 23:47:58,648][src.modRNN.training.alignment][INFO] -   align eprop @ epoch 751: cos {'ALIFCell_0.input_weights': '1.220', 'ALIFCell_0.recurrent_weights': '1.215', 'ReadOut_0.readout_weights': '0.000'}
[2026-05-19 23:47:58,962][src.modRNN.training.alignment][INFO] -   align diffusion_aligned @ epoch 751: cos {'ALIFCell_0.input_weights': '1.219', 'ALIFCell_0.recurrent_weights': '1.212', 'ReadOut_0.readout_weights': '0.000'}
[2026-05-19 23:47:59,425][src.modRNN.training.alignment][INFO] -   align diffusion_per_step @ epoch 751: cos {'ALIFCell_0.input_weights': '1.183', 'ALIFCell_0.recurrent_weights': '1.185', 'ReadOut_0.readout_weights': '0.000'}
[2026-05-19 23:47:59,739][src.modRNN.training.alignment][INFO] -   align diffusion_fixed @ epoch 751: cos {'ALIFCell_0.input_weights': '1.113', 'ALIFCell_0.recurrent_weights': '1.138', 'ReadOut_0.readout_weights': '0.000'}
[2026-05-19 23:48:07,443][src.modRNN.training.alignment][INFO] - epoch 775  train loss=0.0223  (rule: diffusion)
[2026-05-19 23:48:15,466][src.modRNN.training.alignment][INFO] - epoch 800  train loss=0.0212  (rule: diffusion)
[2026-05-19 23:48:15,991][src.modRNN.training.alignment][INFO] -   align BPTT @ epoch 801: cos {'ALIFCell_0.input_weights': '0.000', 'ALIFCell_0.recurrent_weights': '0.000', 'ReadOut_0.readout_weights': '0.000'}
[2026-05-19 23:48:16,261][src.modRNN.training.alignment][INFO] -   align eprop @ epoch 801: cos {'ALIFCell_0.input_weights': '1.210', 'ALIFCell_0.recurrent_weights': '1.172', 'ReadOut_0.readout_weights': '0.000'}
[2026-05-19 23:48:16,574][src.modRNN.training.alignment][INFO] -   align diffusion_aligned @ epoch 801: cos {'ALIFCell_0.input_weights': '1.228', 'ALIFCell_0.recurrent_weights': '1.202', 'ReadOut_0.readout_weights': '0.000'}
[2026-05-19 23:48:17,036][src.modRNN.training.alignment][INFO] -   align diffusion_per_step @ epoch 801: cos {'ALIFCell_0.input_weights': '1.188', 'ALIFCell_0.recurrent_weights': '1.157', 'ReadOut_0.readout_weights': '0.000'}
[2026-05-19 23:48:17,350][src.modRNN.training.alignment][INFO] -   align diffusion_fixed @ epoch 801: cos {'ALIFCell_0.input_weights': '1.122', 'ALIFCell_0.recurrent_weights': '1.097', 'ReadOut_0.readout_weights': '0.000'}
[2026-05-19 23:48:25,058][src.modRNN.training.alignment][INFO] - epoch 825  train loss=0.0216  (rule: diffusion)
[2026-05-19 23:48:33,092][src.modRNN.training.alignment][INFO] - epoch 850  train loss=0.0197  (rule: diffusion)
[2026-05-19 23:48:33,617][src.modRNN.training.alignment][INFO] -   align BPTT @ epoch 851: cos {'ALIFCell_0.input_weights': '0.000', 'ALIFCell_0.recurrent_weights': '0.000', 'ReadOut_0.readout_weights': '0.000'}
[2026-05-19 23:48:33,887][src.modRNN.training.alignment][INFO] -   align eprop @ epoch 851: cos {'ALIFCell_0.input_weights': '1.160', 'ALIFCell_0.recurrent_weights': '1.162', 'ReadOut_0.readout_weights': '0.000'}
[2026-05-19 23:48:34,201][src.modRNN.training.alignment][INFO] -   align diffusion_aligned @ epoch 851: cos {'ALIFCell_0.input_weights': '1.166', 'ALIFCell_0.recurrent_weights': '1.158', 'ReadOut_0.readout_weights': '0.000'}
[2026-05-19 23:48:34,664][src.modRNN.training.alignment][INFO] -   align diffusion_per_step @ epoch 851: cos {'ALIFCell_0.input_weights': '1.131', 'ALIFCell_0.recurrent_weights': '1.141', 'ReadOut_0.readout_weights': '0.000'}
[2026-05-19 23:48:34,978][src.modRNN.training.alignment][INFO] -   align diffusion_fixed @ epoch 851: cos {'ALIFCell_0.input_weights': '1.048', 'ALIFCell_0.recurrent_weights': '1.087', 'ReadOut_0.readout_weights': '0.000'}
[2026-05-19 23:48:42,684][src.modRNN.training.alignment][INFO] - epoch 875  train loss=0.0173  (rule: diffusion)
[2026-05-19 23:48:50,707][src.modRNN.training.alignment][INFO] - epoch 900  train loss=0.0376  (rule: diffusion)
[2026-05-19 23:48:51,230][src.modRNN.training.alignment][INFO] -   align BPTT @ epoch 901: cos {'ALIFCell_0.input_weights': '0.000', 'ALIFCell_0.recurrent_weights': '0.000', 'ReadOut_0.readout_weights': '0.000'}
[2026-05-19 23:48:51,500][src.modRNN.training.alignment][INFO] -   align eprop @ epoch 901: cos {'ALIFCell_0.input_weights': '1.224', 'ALIFCell_0.recurrent_weights': '1.213', 'ReadOut_0.readout_weights': '0.000'}
[2026-05-19 23:48:51,814][src.modRNN.training.alignment][INFO] -   align diffusion_aligned @ epoch 901: cos {'ALIFCell_0.input_weights': '1.224', 'ALIFCell_0.recurrent_weights': '1.213', 'ReadOut_0.readout_weights': '0.000'}
[2026-05-19 23:48:52,277][src.modRNN.training.alignment][INFO] -   align diffusion_per_step @ epoch 901: cos {'ALIFCell_0.input_weights': '1.175', 'ALIFCell_0.recurrent_weights': '1.174', 'ReadOut_0.readout_weights': '0.000'}
[2026-05-19 23:48:52,591][src.modRNN.training.alignment][INFO] -   align diffusion_fixed @ epoch 901: cos {'ALIFCell_0.input_weights': '1.107', 'ALIFCell_0.recurrent_weights': '1.136', 'ReadOut_0.readout_weights': '0.000'}
[2026-05-19 23:49:00,292][src.modRNN.training.alignment][INFO] - epoch 925  train loss=0.1740  (rule: diffusion)
[2026-05-19 23:49:08,316][src.modRNN.training.alignment][INFO] - epoch 950  train loss=0.1312  (rule: diffusion)
[2026-05-19 23:49:08,839][src.modRNN.training.alignment][INFO] -   align BPTT @ epoch 951: cos {'ALIFCell_0.input_weights': '0.000', 'ALIFCell_0.recurrent_weights': '0.000', 'ReadOut_0.readout_weights': '0.000'}
[2026-05-19 23:49:09,110][src.modRNN.training.alignment][INFO] -   align eprop @ epoch 951: cos {'ALIFCell_0.input_weights': '1.089', 'ALIFCell_0.recurrent_weights': '1.025', 'ReadOut_0.readout_weights': '0.000'}
[2026-05-19 23:49:09,424][src.modRNN.training.alignment][INFO] -   align diffusion_aligned @ epoch 951: cos {'ALIFCell_0.input_weights': '1.098', 'ALIFCell_0.recurrent_weights': '1.029', 'ReadOut_0.readout_weights': '0.000'}
[2026-05-19 23:49:09,885][src.modRNN.training.alignment][INFO] -   align diffusion_per_step @ epoch 951: cos {'ALIFCell_0.input_weights': '1.053', 'ALIFCell_0.recurrent_weights': '0.997', 'ReadOut_0.readout_weights': '0.000'}
[2026-05-19 23:49:10,198][src.modRNN.training.alignment][INFO] -   align diffusion_fixed @ epoch 951: cos {'ALIFCell_0.input_weights': '0.981', 'ALIFCell_0.recurrent_weights': '0.952', 'ReadOut_0.readout_weights': '0.000'}
[2026-05-19 23:49:17,909][src.modRNN.training.alignment][INFO] - epoch 975  train loss=0.0826  (rule: diffusion)
[2026-05-19 23:49:25,949][src.modRNN.training.alignment][INFO] - epoch 1000  train loss=0.0694  (rule: diffusion)
[2026-05-19 23:49:26,474][src.modRNN.training.alignment][INFO] -   align BPTT @ epoch 1001: cos {'ALIFCell_0.input_weights': '0.000', 'ALIFCell_0.recurrent_weights': '0.000', 'ReadOut_0.readout_weights': '0.000'}
[2026-05-19 23:49:26,744][src.modRNN.training.alignment][INFO] -   align eprop @ epoch 1001: cos {'ALIFCell_0.input_weights': '1.226', 'ALIFCell_0.recurrent_weights': '1.095', 'ReadOut_0.readout_weights': '0.000'}
[2026-05-19 23:49:27,058][src.modRNN.training.alignment][INFO] -   align diffusion_aligned @ epoch 1001: cos {'ALIFCell_0.input_weights': '1.357', 'ALIFCell_0.recurrent_weights': '1.194', 'ReadOut_0.readout_weights': '0.000'}
[2026-05-19 23:49:27,520][src.modRNN.training.alignment][INFO] -   align diffusion_per_step @ epoch 1001: cos {'ALIFCell_0.input_weights': '1.181', 'ALIFCell_0.recurrent_weights': '1.054', 'ReadOut_0.readout_weights': '0.000'}
[2026-05-19 23:49:27,834][src.modRNN.training.alignment][INFO] -   align diffusion_fixed @ epoch 1001: cos {'ALIFCell_0.input_weights': '1.156', 'ALIFCell_0.recurrent_weights': '1.032', 'ReadOut_0.readout_weights': '0.000'}
[2026-05-19 23:49:35,544][src.modRNN.training.alignment][INFO] - epoch 1025  train loss=0.0624  (rule: diffusion)
[2026-05-19 23:49:43,579][src.modRNN.training.alignment][INFO] - epoch 1050  train loss=0.0570  (rule: diffusion)
[2026-05-19 23:49:44,102][src.modRNN.training.alignment][INFO] -   align BPTT @ epoch 1051: cos {'ALIFCell_0.input_weights': '0.000', 'ALIFCell_0.recurrent_weights': '0.000', 'ReadOut_0.readout_weights': '0.000'}
[2026-05-19 23:49:44,372][src.modRNN.training.alignment][INFO] -   align eprop @ epoch 1051: cos {'ALIFCell_0.input_weights': '1.123', 'ALIFCell_0.recurrent_weights': '1.078', 'ReadOut_0.readout_weights': '0.000'}
[2026-05-19 23:49:44,686][src.modRNN.training.alignment][INFO] -   align diffusion_aligned @ epoch 1051: cos {'ALIFCell_0.input_weights': '1.129', 'ALIFCell_0.recurrent_weights': '1.085', 'ReadOut_0.readout_weights': '0.000'}
[2026-05-19 23:49:45,149][src.modRNN.training.alignment][INFO] -   align diffusion_per_step @ epoch 1051: cos {'ALIFCell_0.input_weights': '1.083', 'ALIFCell_0.recurrent_weights': '1.045', 'ReadOut_0.readout_weights': '0.000'}
[2026-05-19 23:49:45,463][src.modRNN.training.alignment][INFO] -   align diffusion_fixed @ epoch 1051: cos {'ALIFCell_0.input_weights': '0.990', 'ALIFCell_0.recurrent_weights': '0.972', 'ReadOut_0.readout_weights': '0.000'}
[2026-05-19 23:49:53,172][src.modRNN.training.alignment][INFO] - epoch 1075  train loss=0.0496  (rule: diffusion)
[2026-05-19 23:50:01,201][src.modRNN.training.alignment][INFO] - epoch 1100  train loss=0.0465  (rule: diffusion)
[2026-05-19 23:50:01,726][src.modRNN.training.alignment][INFO] -   align BPTT @ epoch 1101: cos {'ALIFCell_0.input_weights': '0.000', 'ALIFCell_0.recurrent_weights': '0.000', 'ReadOut_0.readout_weights': '0.000'}
[2026-05-19 23:50:01,998][src.modRNN.training.alignment][INFO] -   align eprop @ epoch 1101: cos {'ALIFCell_0.input_weights': '1.102', 'ALIFCell_0.recurrent_weights': '1.021', 'ReadOut_0.readout_weights': '0.000'}
[2026-05-19 23:50:02,312][src.modRNN.training.alignment][INFO] -   align diffusion_aligned @ epoch 1101: cos {'ALIFCell_0.input_weights': '1.117', 'ALIFCell_0.recurrent_weights': '1.039', 'ReadOut_0.readout_weights': '0.000'}
[2026-05-19 23:50:02,774][src.modRNN.training.alignment][INFO] -   align diffusion_per_step @ epoch 1101: cos {'ALIFCell_0.input_weights': '1.089', 'ALIFCell_0.recurrent_weights': '1.013', 'ReadOut_0.readout_weights': '0.000'}
[2026-05-19 23:50:03,088][src.modRNN.training.alignment][INFO] -   align diffusion_fixed @ epoch 1101: cos {'ALIFCell_0.input_weights': '1.072', 'ALIFCell_0.recurrent_weights': '1.015', 'ReadOut_0.readout_weights': '0.000'}
[2026-05-19 23:50:10,794][src.modRNN.training.alignment][INFO] - epoch 1125  train loss=0.0495  (rule: diffusion)
[2026-05-19 23:50:18,822][src.modRNN.training.alignment][INFO] - epoch 1150  train loss=0.0525  (rule: diffusion)
[2026-05-19 23:50:19,347][src.modRNN.training.alignment][INFO] -   align BPTT @ epoch 1151: cos {'ALIFCell_0.input_weights': '0.000', 'ALIFCell_0.recurrent_weights': '0.000', 'ReadOut_0.readout_weights': '0.000'}
[2026-05-19 23:50:19,617][src.modRNN.training.alignment][INFO] -   align eprop @ epoch 1151: cos {'ALIFCell_0.input_weights': '1.136', 'ALIFCell_0.recurrent_weights': '1.086', 'ReadOut_0.readout_weights': '0.000'}
[2026-05-19 23:50:19,930][src.modRNN.training.alignment][INFO] -   align diffusion_aligned @ epoch 1151: cos {'ALIFCell_0.input_weights': '1.124', 'ALIFCell_0.recurrent_weights': '1.076', 'ReadOut_0.readout_weights': '0.000'}
[2026-05-19 23:50:20,393][src.modRNN.training.alignment][INFO] -   align diffusion_per_step @ epoch 1151: cos {'ALIFCell_0.input_weights': '1.096', 'ALIFCell_0.recurrent_weights': '1.053', 'ReadOut_0.readout_weights': '0.000'}
[2026-05-19 23:50:20,706][src.modRNN.training.alignment][INFO] -   align diffusion_fixed @ epoch 1151: cos {'ALIFCell_0.input_weights': '1.004', 'ALIFCell_0.recurrent_weights': '0.974', 'ReadOut_0.readout_weights': '0.000'}
[2026-05-19 23:50:28,417][src.modRNN.training.alignment][INFO] - epoch 1175  train loss=0.0616  (rule: diffusion)
[2026-05-19 23:50:36,445][src.modRNN.training.alignment][INFO] - epoch 1200  train loss=0.0442  (rule: diffusion)
[2026-05-19 23:50:36,970][src.modRNN.training.alignment][INFO] -   align BPTT @ epoch 1201: cos {'ALIFCell_0.input_weights': '0.000', 'ALIFCell_0.recurrent_weights': '0.000', 'ReadOut_0.readout_weights': '0.000'}
[2026-05-19 23:50:37,240][src.modRNN.training.alignment][INFO] -   align eprop @ epoch 1201: cos {'ALIFCell_0.input_weights': '1.118', 'ALIFCell_0.recurrent_weights': '1.073', 'ReadOut_0.readout_weights': '0.000'}
[2026-05-19 23:50:37,554][src.modRNN.training.alignment][INFO] -   align diffusion_aligned @ epoch 1201: cos {'ALIFCell_0.input_weights': '1.106', 'ALIFCell_0.recurrent_weights': '1.059', 'ReadOut_0.readout_weights': '0.000'}
[2026-05-19 23:50:38,015][src.modRNN.training.alignment][INFO] -   align diffusion_per_step @ epoch 1201: cos {'ALIFCell_0.input_weights': '1.076', 'ALIFCell_0.recurrent_weights': '1.040', 'ReadOut_0.readout_weights': '0.000'}
[2026-05-19 23:50:38,329][src.modRNN.training.alignment][INFO] -   align diffusion_fixed @ epoch 1201: cos {'ALIFCell_0.input_weights': '0.990', 'ALIFCell_0.recurrent_weights': '0.979', 'ReadOut_0.readout_weights': '0.000'}
[2026-05-19 23:50:46,036][src.modRNN.training.alignment][INFO] - epoch 1225  train loss=0.0521  (rule: diffusion)
[2026-05-19 23:50:54,067][src.modRNN.training.alignment][INFO] - epoch 1250  train loss=0.0386  (rule: diffusion)
[2026-05-19 23:50:54,591][src.modRNN.training.alignment][INFO] -   align BPTT @ epoch 1251: cos {'ALIFCell_0.input_weights': '0.000', 'ALIFCell_0.recurrent_weights': '0.000', 'ReadOut_0.readout_weights': '0.000'}
[2026-05-19 23:50:54,861][src.modRNN.training.alignment][INFO] -   align eprop @ epoch 1251: cos {'ALIFCell_0.input_weights': '1.230', 'ALIFCell_0.recurrent_weights': '1.195', 'ReadOut_0.readout_weights': '0.000'}
[2026-05-19 23:50:55,176][src.modRNN.training.alignment][INFO] -   align diffusion_aligned @ epoch 1251: cos {'ALIFCell_0.input_weights': '1.328', 'ALIFCell_0.recurrent_weights': '1.280', 'ReadOut_0.readout_weights': '0.000'}
[2026-05-19 23:50:55,638][src.modRNN.training.alignment][INFO] -   align diffusion_per_step @ epoch 1251: cos {'ALIFCell_0.input_weights': '1.192', 'ALIFCell_0.recurrent_weights': '1.169', 'ReadOut_0.readout_weights': '0.000'}
[2026-05-19 23:50:55,952][src.modRNN.training.alignment][INFO] -   align diffusion_fixed @ epoch 1251: cos {'ALIFCell_0.input_weights': '1.159', 'ALIFCell_0.recurrent_weights': '1.161', 'ReadOut_0.readout_weights': '0.000'}
[2026-05-19 23:51:03,661][src.modRNN.training.alignment][INFO] - epoch 1275  train loss=0.0389  (rule: diffusion)
[2026-05-19 23:51:11,689][src.modRNN.training.alignment][INFO] - epoch 1300  train loss=0.0354  (rule: diffusion)
[2026-05-19 23:51:12,212][src.modRNN.training.alignment][INFO] -   align BPTT @ epoch 1301: cos {'ALIFCell_0.input_weights': '0.000', 'ALIFCell_0.recurrent_weights': '0.000', 'ReadOut_0.readout_weights': '0.000'}
[2026-05-19 23:51:12,483][src.modRNN.training.alignment][INFO] -   align eprop @ epoch 1301: cos {'ALIFCell_0.input_weights': '1.055', 'ALIFCell_0.recurrent_weights': '0.992', 'ReadOut_0.readout_weights': '0.000'}
[2026-05-19 23:51:12,797][src.modRNN.training.alignment][INFO] -   align diffusion_aligned @ epoch 1301: cos {'ALIFCell_0.input_weights': '1.094', 'ALIFCell_0.recurrent_weights': '1.030', 'ReadOut_0.readout_weights': '0.000'}
[2026-05-19 23:51:13,260][src.modRNN.training.alignment][INFO] -   align diffusion_per_step @ epoch 1301: cos {'ALIFCell_0.input_weights': '1.050', 'ALIFCell_0.recurrent_weights': '0.988', 'ReadOut_0.readout_weights': '0.000'}
[2026-05-19 23:51:13,574][src.modRNN.training.alignment][INFO] -   align diffusion_fixed @ epoch 1301: cos {'ALIFCell_0.input_weights': '1.090', 'ALIFCell_0.recurrent_weights': '1.030', 'ReadOut_0.readout_weights': '0.000'}
[2026-05-19 23:51:21,281][src.modRNN.training.alignment][INFO] - epoch 1325  train loss=0.0348  (rule: diffusion)
[2026-05-19 23:51:29,305][src.modRNN.training.alignment][INFO] - epoch 1350  train loss=0.1584  (rule: diffusion)
[2026-05-19 23:51:29,829][src.modRNN.training.alignment][INFO] -   align BPTT @ epoch 1351: cos {'ALIFCell_0.input_weights': '0.000', 'ALIFCell_0.recurrent_weights': '0.000', 'ReadOut_0.readout_weights': '0.000'}
[2026-05-19 23:51:30,101][src.modRNN.training.alignment][INFO] -   align eprop @ epoch 1351: cos {'ALIFCell_0.input_weights': '0.945', 'ALIFCell_0.recurrent_weights': '0.870', 'ReadOut_0.readout_weights': '0.000'}
[2026-05-19 23:51:30,414][src.modRNN.training.alignment][INFO] -   align diffusion_aligned @ epoch 1351: cos {'ALIFCell_0.input_weights': '1.072', 'ALIFCell_0.recurrent_weights': '0.988', 'ReadOut_0.readout_weights': '0.000'}
[2026-05-19 23:51:30,877][src.modRNN.training.alignment][INFO] -   align diffusion_per_step @ epoch 1351: cos {'ALIFCell_0.input_weights': '0.954', 'ALIFCell_0.recurrent_weights': '0.874', 'ReadOut_0.readout_weights': '0.000'}
[2026-05-19 23:51:31,190][src.modRNN.training.alignment][INFO] -   align diffusion_fixed @ epoch 1351: cos {'ALIFCell_0.input_weights': '1.069', 'ALIFCell_0.recurrent_weights': '0.983', 'ReadOut_0.readout_weights': '0.000'}
[2026-05-19 23:51:38,897][src.modRNN.training.alignment][INFO] - epoch 1375  train loss=0.1156  (rule: diffusion)
[2026-05-19 23:51:46,927][src.modRNN.training.alignment][INFO] - epoch 1400  train loss=0.0524  (rule: diffusion)
[2026-05-19 23:51:47,452][src.modRNN.training.alignment][INFO] -   align BPTT @ epoch 1401: cos {'ALIFCell_0.input_weights': '0.000', 'ALIFCell_0.recurrent_weights': '0.000', 'ReadOut_0.readout_weights': '0.000'}
[2026-05-19 23:51:47,722][src.modRNN.training.alignment][INFO] -   align eprop @ epoch 1401: cos {'ALIFCell_0.input_weights': '1.169', 'ALIFCell_0.recurrent_weights': '1.123', 'ReadOut_0.readout_weights': '0.000'}
[2026-05-19 23:51:48,036][src.modRNN.training.alignment][INFO] -   align diffusion_aligned @ epoch 1401: cos {'ALIFCell_0.input_weights': '1.124', 'ALIFCell_0.recurrent_weights': '1.089', 'ReadOut_0.readout_weights': '0.000'}
[2026-05-19 23:51:48,500][src.modRNN.training.alignment][INFO] -   align diffusion_per_step @ epoch 1401: cos {'ALIFCell_0.input_weights': '1.130', 'ALIFCell_0.recurrent_weights': '1.091', 'ReadOut_0.readout_weights': '0.000'}
[2026-05-19 23:51:48,813][src.modRNN.training.alignment][INFO] -   align diffusion_fixed @ epoch 1401: cos {'ALIFCell_0.input_weights': '1.014', 'ALIFCell_0.recurrent_weights': '0.995', 'ReadOut_0.readout_weights': '0.000'}
[2026-05-19 23:51:56,512][src.modRNN.training.alignment][INFO] - epoch 1425  train loss=0.2017  (rule: diffusion)
[2026-05-19 23:52:04,533][src.modRNN.training.alignment][INFO] - epoch 1450  train loss=0.1574  (rule: diffusion)
[2026-05-19 23:52:05,056][src.modRNN.training.alignment][INFO] -   align BPTT @ epoch 1451: cos {'ALIFCell_0.input_weights': '0.000', 'ALIFCell_0.recurrent_weights': '0.000', 'ReadOut_0.readout_weights': '0.000'}
[2026-05-19 23:52:05,328][src.modRNN.training.alignment][INFO] -   align eprop @ epoch 1451: cos {'ALIFCell_0.input_weights': '0.849', 'ALIFCell_0.recurrent_weights': '0.787', 'ReadOut_0.readout_weights': '0.000'}
[2026-05-19 23:52:05,641][src.modRNN.training.alignment][INFO] -   align diffusion_aligned @ epoch 1451: cos {'ALIFCell_0.input_weights': '0.839', 'ALIFCell_0.recurrent_weights': '0.784', 'ReadOut_0.readout_weights': '0.000'}
[2026-05-19 23:52:06,103][src.modRNN.training.alignment][INFO] -   align diffusion_per_step @ epoch 1451: cos {'ALIFCell_0.input_weights': '0.813', 'ALIFCell_0.recurrent_weights': '0.763', 'ReadOut_0.readout_weights': '0.000'}
[2026-05-19 23:52:06,417][src.modRNN.training.alignment][INFO] -   align diffusion_fixed @ epoch 1451: cos {'ALIFCell_0.input_weights': '0.812', 'ALIFCell_0.recurrent_weights': '0.771', 'ReadOut_0.readout_weights': '0.000'}
[2026-05-19 23:52:14,107][src.modRNN.training.alignment][INFO] - epoch 1475  train loss=0.0801  (rule: diffusion)
[2026-05-19 23:52:22,120][src.modRNN.training.alignment][INFO] - epoch 1500  train loss=0.0570  (rule: diffusion)
[2026-05-19 23:52:22,644][src.modRNN.training.alignment][INFO] -   align BPTT @ epoch 1501: cos {'ALIFCell_0.input_weights': '0.000', 'ALIFCell_0.recurrent_weights': '0.000', 'ReadOut_0.readout_weights': '0.000'}
[2026-05-19 23:52:22,915][src.modRNN.training.alignment][INFO] -   align eprop @ epoch 1501: cos {'ALIFCell_0.input_weights': '0.936', 'ALIFCell_0.recurrent_weights': '0.847', 'ReadOut_0.readout_weights': '0.000'}
[2026-05-19 23:52:23,228][src.modRNN.training.alignment][INFO] -   align diffusion_aligned @ epoch 1501: cos {'ALIFCell_0.input_weights': '0.884', 'ALIFCell_0.recurrent_weights': '0.829', 'ReadOut_0.readout_weights': '0.000'}
[2026-05-19 23:52:23,689][src.modRNN.training.alignment][INFO] -   align diffusion_per_step @ epoch 1501: cos {'ALIFCell_0.input_weights': '0.887', 'ALIFCell_0.recurrent_weights': '0.817', 'ReadOut_0.readout_weights': '0.000'}
[2026-05-19 23:52:24,002][src.modRNN.training.alignment][INFO] -   align diffusion_fixed @ epoch 1501: cos {'ALIFCell_0.input_weights': '0.836', 'ALIFCell_0.recurrent_weights': '0.801', 'ReadOut_0.readout_weights': '0.000'}
[2026-05-19 23:52:31,707][src.modRNN.training.alignment][INFO] - epoch 1525  train loss=0.0534  (rule: diffusion)
[2026-05-19 23:52:39,736][src.modRNN.training.alignment][INFO] - epoch 1550  train loss=0.0467  (rule: diffusion)
[2026-05-19 23:52:40,259][src.modRNN.training.alignment][INFO] -   align BPTT @ epoch 1551: cos {'ALIFCell_0.input_weights': '0.000', 'ALIFCell_0.recurrent_weights': '0.000', 'ReadOut_0.readout_weights': '0.000'}
[2026-05-19 23:52:40,530][src.modRNN.training.alignment][INFO] -   align eprop @ epoch 1551: cos {'ALIFCell_0.input_weights': '1.018', 'ALIFCell_0.recurrent_weights': '0.949', 'ReadOut_0.readout_weights': '0.000'}
[2026-05-19 23:52:40,843][src.modRNN.training.alignment][INFO] -   align diffusion_aligned @ epoch 1551: cos {'ALIFCell_0.input_weights': '0.958', 'ALIFCell_0.recurrent_weights': '0.915', 'ReadOut_0.readout_weights': '0.000'}
[2026-05-19 23:52:41,305][src.modRNN.training.alignment][INFO] -   align diffusion_per_step @ epoch 1551: cos {'ALIFCell_0.input_weights': '0.979', 'ALIFCell_0.recurrent_weights': '0.922', 'ReadOut_0.readout_weights': '0.000'}
[2026-05-19 23:52:41,619][src.modRNN.training.alignment][INFO] -   align diffusion_fixed @ epoch 1551: cos {'ALIFCell_0.input_weights': '0.916', 'ALIFCell_0.recurrent_weights': '0.881', 'ReadOut_0.readout_weights': '0.000'}
[2026-05-19 23:52:49,327][src.modRNN.training.alignment][INFO] - epoch 1575  train loss=0.0410  (rule: diffusion)
[2026-05-19 23:52:57,348][src.modRNN.training.alignment][INFO] - epoch 1600  train loss=0.0480  (rule: diffusion)
[2026-05-19 23:52:57,871][src.modRNN.training.alignment][INFO] -   align BPTT @ epoch 1601: cos {'ALIFCell_0.input_weights': '0.000', 'ALIFCell_0.recurrent_weights': '0.000', 'ReadOut_0.readout_weights': '0.000'}
[2026-05-19 23:52:58,141][src.modRNN.training.alignment][INFO] -   align eprop @ epoch 1601: cos {'ALIFCell_0.input_weights': '1.130', 'ALIFCell_0.recurrent_weights': '1.078', 'ReadOut_0.readout_weights': '0.000'}
[2026-05-19 23:52:58,454][src.modRNN.training.alignment][INFO] -   align diffusion_aligned @ epoch 1601: cos {'ALIFCell_0.input_weights': '1.111', 'ALIFCell_0.recurrent_weights': '1.069', 'ReadOut_0.readout_weights': '0.000'}
[2026-05-19 23:52:58,917][src.modRNN.training.alignment][INFO] -   align diffusion_per_step @ epoch 1601: cos {'ALIFCell_0.input_weights': '1.090', 'ALIFCell_0.recurrent_weights': '1.048', 'ReadOut_0.readout_weights': '0.000'}
[2026-05-19 23:52:59,230][src.modRNN.training.alignment][INFO] -   align diffusion_fixed @ epoch 1601: cos {'ALIFCell_0.input_weights': '1.007', 'ALIFCell_0.recurrent_weights': '0.988', 'ReadOut_0.readout_weights': '0.000'}
[2026-05-19 23:53:06,931][src.modRNN.training.alignment][INFO] - epoch 1625  train loss=0.0509  (rule: diffusion)
[2026-05-19 23:53:14,948][src.modRNN.training.alignment][INFO] - epoch 1650  train loss=0.0378  (rule: diffusion)
[2026-05-19 23:53:15,471][src.modRNN.training.alignment][INFO] -   align BPTT @ epoch 1651: cos {'ALIFCell_0.input_weights': '0.000', 'ALIFCell_0.recurrent_weights': '0.000', 'ReadOut_0.readout_weights': '0.000'}
[2026-05-19 23:53:15,742][src.modRNN.training.alignment][INFO] -   align eprop @ epoch 1651: cos {'ALIFCell_0.input_weights': '1.108', 'ALIFCell_0.recurrent_weights': '1.058', 'ReadOut_0.readout_weights': '0.000'}
[2026-05-19 23:53:16,055][src.modRNN.training.alignment][INFO] -   align diffusion_aligned @ epoch 1651: cos {'ALIFCell_0.input_weights': '1.010', 'ALIFCell_0.recurrent_weights': '0.987', 'ReadOut_0.readout_weights': '0.000'}
[2026-05-19 23:53:16,518][src.modRNN.training.alignment][INFO] -   align diffusion_per_step @ epoch 1651: cos {'ALIFCell_0.input_weights': '1.064', 'ALIFCell_0.recurrent_weights': '1.024', 'ReadOut_0.readout_weights': '0.000'}
[2026-05-19 23:53:16,832][src.modRNN.training.alignment][INFO] -   align diffusion_fixed @ epoch 1651: cos {'ALIFCell_0.input_weights': '1.029', 'ALIFCell_0.recurrent_weights': '1.009', 'ReadOut_0.readout_weights': '0.000'}
[2026-05-19 23:53:24,523][src.modRNN.training.alignment][INFO] - epoch 1675  train loss=0.0344  (rule: diffusion)
[2026-05-19 23:53:32,535][src.modRNN.training.alignment][INFO] - epoch 1700  train loss=0.0347  (rule: diffusion)
[2026-05-19 23:53:33,057][src.modRNN.training.alignment][INFO] -   align BPTT @ epoch 1701: cos {'ALIFCell_0.input_weights': '0.000', 'ALIFCell_0.recurrent_weights': '0.000', 'ReadOut_0.readout_weights': '0.000'}
[2026-05-19 23:53:33,328][src.modRNN.training.alignment][INFO] -   align eprop @ epoch 1701: cos {'ALIFCell_0.input_weights': '1.135', 'ALIFCell_0.recurrent_weights': '1.092', 'ReadOut_0.readout_weights': '0.000'}
[2026-05-19 23:53:33,642][src.modRNN.training.alignment][INFO] -   align diffusion_aligned @ epoch 1701: cos {'ALIFCell_0.input_weights': '1.108', 'ALIFCell_0.recurrent_weights': '1.080', 'ReadOut_0.readout_weights': '0.000'}
[2026-05-19 23:53:34,104][src.modRNN.training.alignment][INFO] -   align diffusion_per_step @ epoch 1701: cos {'ALIFCell_0.input_weights': '1.089', 'ALIFCell_0.recurrent_weights': '1.055', 'ReadOut_0.readout_weights': '0.000'}
[2026-05-19 23:53:34,417][src.modRNN.training.alignment][INFO] -   align diffusion_fixed @ epoch 1701: cos {'ALIFCell_0.input_weights': '1.036', 'ALIFCell_0.recurrent_weights': '1.023', 'ReadOut_0.readout_weights': '0.000'}
[2026-05-19 23:53:42,127][src.modRNN.training.alignment][INFO] - epoch 1725  train loss=0.0316  (rule: diffusion)
[2026-05-19 23:53:50,159][src.modRNN.training.alignment][INFO] - epoch 1750  train loss=0.0314  (rule: diffusion)
[2026-05-19 23:53:50,684][src.modRNN.training.alignment][INFO] -   align BPTT @ epoch 1751: cos {'ALIFCell_0.input_weights': '0.000', 'ALIFCell_0.recurrent_weights': '0.000', 'ReadOut_0.readout_weights': '0.000'}
[2026-05-19 23:53:50,954][src.modRNN.training.alignment][INFO] -   align eprop @ epoch 1751: cos {'ALIFCell_0.input_weights': '1.065', 'ALIFCell_0.recurrent_weights': '0.988', 'ReadOut_0.readout_weights': '0.000'}
[2026-05-19 23:53:51,268][src.modRNN.training.alignment][INFO] -   align diffusion_aligned @ epoch 1751: cos {'ALIFCell_0.input_weights': '0.991', 'ALIFCell_0.recurrent_weights': '0.927', 'ReadOut_0.readout_weights': '0.000'}
[2026-05-19 23:53:51,731][src.modRNN.training.alignment][INFO] -   align diffusion_per_step @ epoch 1751: cos {'ALIFCell_0.input_weights': '1.018', 'ALIFCell_0.recurrent_weights': '0.955', 'ReadOut_0.readout_weights': '0.000'}
[2026-05-19 23:53:52,045][src.modRNN.training.alignment][INFO] -   align diffusion_fixed @ epoch 1751: cos {'ALIFCell_0.input_weights': '0.943', 'ALIFCell_0.recurrent_weights': '0.900', 'ReadOut_0.readout_weights': '0.000'}
[2026-05-19 23:53:59,755][src.modRNN.training.alignment][INFO] - epoch 1775  train loss=0.0287  (rule: diffusion)
[2026-05-19 23:54:07,784][src.modRNN.training.alignment][INFO] - epoch 1800  train loss=0.0284  (rule: diffusion)
[2026-05-19 23:54:08,307][src.modRNN.training.alignment][INFO] -   align BPTT @ epoch 1801: cos {'ALIFCell_0.input_weights': '0.000', 'ALIFCell_0.recurrent_weights': '0.000', 'ReadOut_0.readout_weights': '0.000'}
[2026-05-19 23:54:08,577][src.modRNN.training.alignment][INFO] -   align eprop @ epoch 1801: cos {'ALIFCell_0.input_weights': '1.023', 'ALIFCell_0.recurrent_weights': '0.950', 'ReadOut_0.readout_weights': '0.000'}
[2026-05-19 23:54:08,892][src.modRNN.training.alignment][INFO] -   align diffusion_aligned @ epoch 1801: cos {'ALIFCell_0.input_weights': '0.988', 'ALIFCell_0.recurrent_weights': '0.921', 'ReadOut_0.readout_weights': '0.000'}
[2026-05-19 23:54:09,354][src.modRNN.training.alignment][INFO] -   align diffusion_per_step @ epoch 1801: cos {'ALIFCell_0.input_weights': '0.978', 'ALIFCell_0.recurrent_weights': '0.918', 'ReadOut_0.readout_weights': '0.000'}
[2026-05-19 23:54:09,668][src.modRNN.training.alignment][INFO] -   align diffusion_fixed @ epoch 1801: cos {'ALIFCell_0.input_weights': '0.913', 'ALIFCell_0.recurrent_weights': '0.878', 'ReadOut_0.readout_weights': '0.000'}
[2026-05-19 23:54:17,364][src.modRNN.training.alignment][INFO] - epoch 1825  train loss=0.0531  (rule: diffusion)
[2026-05-19 23:54:25,382][src.modRNN.training.alignment][INFO] - epoch 1850  train loss=0.0451  (rule: diffusion)
[2026-05-19 23:54:25,906][src.modRNN.training.alignment][INFO] -   align BPTT @ epoch 1851: cos {'ALIFCell_0.input_weights': '0.000', 'ALIFCell_0.recurrent_weights': '0.000', 'ReadOut_0.readout_weights': '0.000'}
[2026-05-19 23:54:26,176][src.modRNN.training.alignment][INFO] -   align eprop @ epoch 1851: cos {'ALIFCell_0.input_weights': '0.919', 'ALIFCell_0.recurrent_weights': '0.833', 'ReadOut_0.readout_weights': '0.000'}
[2026-05-19 23:54:26,490][src.modRNN.training.alignment][INFO] -   align diffusion_aligned @ epoch 1851: cos {'ALIFCell_0.input_weights': '0.869', 'ALIFCell_0.recurrent_weights': '0.798', 'ReadOut_0.readout_weights': '0.000'}
[2026-05-19 23:54:26,952][src.modRNN.training.alignment][INFO] -   align diffusion_per_step @ epoch 1851: cos {'ALIFCell_0.input_weights': '0.906', 'ALIFCell_0.recurrent_weights': '0.826', 'ReadOut_0.readout_weights': '0.000'}
[2026-05-19 23:54:27,266][src.modRNN.training.alignment][INFO] -   align diffusion_fixed @ epoch 1851: cos {'ALIFCell_0.input_weights': '0.890', 'ALIFCell_0.recurrent_weights': '0.829', 'ReadOut_0.readout_weights': '0.000'}
[2026-05-19 23:54:34,976][src.modRNN.training.alignment][INFO] - epoch 1875  train loss=0.0300  (rule: diffusion)
[2026-05-19 23:54:43,010][src.modRNN.training.alignment][INFO] - epoch 1900  train loss=0.0415  (rule: diffusion)
[2026-05-19 23:54:43,534][src.modRNN.training.alignment][INFO] -   align BPTT @ epoch 1901: cos {'ALIFCell_0.input_weights': '0.000', 'ALIFCell_0.recurrent_weights': '0.000', 'ReadOut_0.readout_weights': '0.000'}
[2026-05-19 23:54:43,805][src.modRNN.training.alignment][INFO] -   align eprop @ epoch 1901: cos {'ALIFCell_0.input_weights': '1.047', 'ALIFCell_0.recurrent_weights': '0.985', 'ReadOut_0.readout_weights': '0.000'}
[2026-05-19 23:54:44,118][src.modRNN.training.alignment][INFO] -   align diffusion_aligned @ epoch 1901: cos {'ALIFCell_0.input_weights': '1.019', 'ALIFCell_0.recurrent_weights': '0.959', 'ReadOut_0.readout_weights': '0.000'}
[2026-05-19 23:54:44,581][src.modRNN.training.alignment][INFO] -   align diffusion_per_step @ epoch 1901: cos {'ALIFCell_0.input_weights': '1.025', 'ALIFCell_0.recurrent_weights': '0.966', 'ReadOut_0.readout_weights': '0.000'}
[2026-05-19 23:54:44,894][src.modRNN.training.alignment][INFO] -   align diffusion_fixed @ epoch 1901: cos {'ALIFCell_0.input_weights': '0.923', 'ALIFCell_0.recurrent_weights': '0.886', 'ReadOut_0.readout_weights': '0.000'}
[2026-05-19 23:54:52,614][src.modRNN.training.alignment][INFO] - epoch 1925  train loss=0.0338  (rule: diffusion)
[2026-05-19 23:55:00,662][src.modRNN.training.alignment][INFO] - epoch 1950  train loss=0.0326  (rule: diffusion)
[2026-05-19 23:55:01,188][src.modRNN.training.alignment][INFO] -   align BPTT @ epoch 1951: cos {'ALIFCell_0.input_weights': '0.000', 'ALIFCell_0.recurrent_weights': '0.000', 'ReadOut_0.readout_weights': '0.000'}
[2026-05-19 23:55:01,458][src.modRNN.training.alignment][INFO] -   align eprop @ epoch 1951: cos {'ALIFCell_0.input_weights': '1.012', 'ALIFCell_0.recurrent_weights': '0.948', 'ReadOut_0.readout_weights': '0.000'}
[2026-05-19 23:55:01,773][src.modRNN.training.alignment][INFO] -   align diffusion_aligned @ epoch 1951: cos {'ALIFCell_0.input_weights': '0.967', 'ALIFCell_0.recurrent_weights': '0.921', 'ReadOut_0.readout_weights': '0.000'}
[2026-05-19 23:55:02,235][src.modRNN.training.alignment][INFO] -   align diffusion_per_step @ epoch 1951: cos {'ALIFCell_0.input_weights': '0.973', 'ALIFCell_0.recurrent_weights': '0.921', 'ReadOut_0.readout_weights': '0.000'}
[2026-05-19 23:55:02,549][src.modRNN.training.alignment][INFO] -   align diffusion_fixed @ epoch 1951: cos {'ALIFCell_0.input_weights': '0.931', 'ALIFCell_0.recurrent_weights': '0.902', 'ReadOut_0.readout_weights': '0.000'}
[2026-05-19 23:55:10,276][src.modRNN.training.alignment][INFO] - epoch 1975  train loss=0.0261  (rule: diffusion)
[2026-05-19 23:55:18,323][src.modRNN.training.alignment][INFO] - epoch 2000  train loss=0.0419  (rule: diffusion)
[2026-05-19 23:55:18,849][src.modRNN.training.alignment][INFO] -   align BPTT @ epoch 2001: cos {'ALIFCell_0.input_weights': '0.000', 'ALIFCell_0.recurrent_weights': '0.000', 'ReadOut_0.readout_weights': '0.000'}
[2026-05-19 23:55:19,119][src.modRNN.training.alignment][INFO] -   align eprop @ epoch 2001: cos {'ALIFCell_0.input_weights': '1.199', 'ALIFCell_0.recurrent_weights': '1.094', 'ReadOut_0.readout_weights': '0.000'}
[2026-05-19 23:55:19,432][src.modRNN.training.alignment][INFO] -   align diffusion_aligned @ epoch 2001: cos {'ALIFCell_0.input_weights': '1.223', 'ALIFCell_0.recurrent_weights': '1.125', 'ReadOut_0.readout_weights': '0.000'}
[2026-05-19 23:55:19,895][src.modRNN.training.alignment][INFO] -   align diffusion_per_step @ epoch 2001: cos {'ALIFCell_0.input_weights': '1.184', 'ALIFCell_0.recurrent_weights': '1.090', 'ReadOut_0.readout_weights': '0.000'}
[2026-05-19 23:55:20,208][src.modRNN.training.alignment][INFO] -   align diffusion_fixed @ epoch 2001: cos {'ALIFCell_0.input_weights': '1.115', 'ALIFCell_0.recurrent_weights': '1.052', 'ReadOut_0.readout_weights': '0.000'}
[2026-05-19 23:55:20,659][src.modRNN.training.alignment][INFO] - Alignment experiment finished. Output dir: /mnt/lustre/work/martius/mot736/neuromodRNN/outputs/pattern_generation/align_local_connectivity_diffusion_shuffle_fix/seed_987654
