[2026-06-02 21:43:41,987][jax._src.xla_bridge][INFO] - Unable to initialize backend 'rocm': module 'jaxlib.xla_extension' has no attribute 'GpuAllocatorConfig'
[2026-06-02 21:43:41,997][jax._src.xla_bridge][INFO] - Unable to initialize backend 'tpu': INTERNAL: Failed to open libtpu.so: libtpu.so: cannot open shared object file: No such file or directory
[2026-06-02 21:43:50,284][src.modRNN.training.alignment][INFO] - Starting alignment experiment: training with diffusion, measuring alignment of ['BPTT', 'eprop', 'diffusion_aligned', 'diffusion_per_step', 'diffusion_fixed'] every 50 epochs.
[2026-06-02 21:43:54,470][src.modRNN.training.alignment][INFO] - epoch 1  train loss=0.1170  (rule: diffusion)
[2026-06-02 21:43:55,741][src.modRNN.training.alignment][INFO] -   align BPTT @ epoch 1: cos {'ALIFCell_0.input_weights': '0.000', 'ALIFCell_0.recurrent_weights': '0.000', 'ReadOut_0.readout_weights': '0.000'}
[2026-06-02 21:43:56,818][src.modRNN.training.alignment][INFO] -   align eprop @ epoch 1: cos {'ALIFCell_0.input_weights': '0.845', 'ALIFCell_0.recurrent_weights': '0.675', 'ReadOut_0.readout_weights': '0.000'}
[2026-06-02 21:43:58,119][src.modRNN.training.alignment][INFO] -   align diffusion_aligned @ epoch 1: cos {'ALIFCell_0.input_weights': '0.921', 'ALIFCell_0.recurrent_weights': '0.826', 'ReadOut_0.readout_weights': '0.000'}
[2026-06-02 21:44:01,064][src.modRNN.training.alignment][INFO] -   align diffusion_per_step @ epoch 1: cos {'ALIFCell_0.input_weights': '0.841', 'ALIFCell_0.recurrent_weights': '0.671', 'ReadOut_0.readout_weights': '0.000'}
[2026-06-02 21:44:02,478][src.modRNN.training.alignment][INFO] -   align diffusion_fixed @ epoch 1: cos {'ALIFCell_0.input_weights': '0.920', 'ALIFCell_0.recurrent_weights': '0.788', 'ReadOut_0.readout_weights': '0.000'}
[2026-06-02 21:44:10,145][src.modRNN.training.alignment][INFO] - epoch 25  train loss=0.0816  (rule: diffusion)
[2026-06-02 21:44:18,142][src.modRNN.training.alignment][INFO] - epoch 50  train loss=0.0707  (rule: diffusion)
[2026-06-02 21:44:18,675][src.modRNN.training.alignment][INFO] -   align BPTT @ epoch 51: cos {'ALIFCell_0.input_weights': '0.000', 'ALIFCell_0.recurrent_weights': '0.000', 'ReadOut_0.readout_weights': '0.000'}
[2026-06-02 21:44:18,946][src.modRNN.training.alignment][INFO] -   align eprop @ epoch 51: cos {'ALIFCell_0.input_weights': '0.841', 'ALIFCell_0.recurrent_weights': '0.934', 'ReadOut_0.readout_weights': '0.000'}
[2026-06-02 21:44:19,260][src.modRNN.training.alignment][INFO] -   align diffusion_aligned @ epoch 51: cos {'ALIFCell_0.input_weights': '0.941', 'ALIFCell_0.recurrent_weights': '0.975', 'ReadOut_0.readout_weights': '0.000'}
[2026-06-02 21:44:19,721][src.modRNN.training.alignment][INFO] -   align diffusion_per_step @ epoch 51: cos {'ALIFCell_0.input_weights': '0.838', 'ALIFCell_0.recurrent_weights': '0.933', 'ReadOut_0.readout_weights': '0.000'}
[2026-06-02 21:44:20,035][src.modRNN.training.alignment][INFO] -   align diffusion_fixed @ epoch 51: cos {'ALIFCell_0.input_weights': '0.748', 'ALIFCell_0.recurrent_weights': '0.804', 'ReadOut_0.readout_weights': '0.000'}
[2026-06-02 21:44:27,710][src.modRNN.training.alignment][INFO] - epoch 75  train loss=0.0598  (rule: diffusion)
[2026-06-02 21:44:35,706][src.modRNN.training.alignment][INFO] - epoch 100  train loss=0.0520  (rule: diffusion)
[2026-06-02 21:44:36,232][src.modRNN.training.alignment][INFO] -   align BPTT @ epoch 101: cos {'ALIFCell_0.input_weights': '0.000', 'ALIFCell_0.recurrent_weights': '0.000', 'ReadOut_0.readout_weights': '0.000'}
[2026-06-02 21:44:36,501][src.modRNN.training.alignment][INFO] -   align eprop @ epoch 101: cos {'ALIFCell_0.input_weights': '0.945', 'ALIFCell_0.recurrent_weights': '0.972', 'ReadOut_0.readout_weights': '0.000'}
[2026-06-02 21:44:36,813][src.modRNN.training.alignment][INFO] -   align diffusion_aligned @ epoch 101: cos {'ALIFCell_0.input_weights': '1.056', 'ALIFCell_0.recurrent_weights': '1.046', 'ReadOut_0.readout_weights': '0.000'}
[2026-06-02 21:44:37,274][src.modRNN.training.alignment][INFO] -   align diffusion_per_step @ epoch 101: cos {'ALIFCell_0.input_weights': '0.941', 'ALIFCell_0.recurrent_weights': '0.968', 'ReadOut_0.readout_weights': '0.000'}
[2026-06-02 21:44:37,586][src.modRNN.training.alignment][INFO] -   align diffusion_fixed @ epoch 101: cos {'ALIFCell_0.input_weights': '0.843', 'ALIFCell_0.recurrent_weights': '0.857', 'ReadOut_0.readout_weights': '0.000'}
[2026-06-02 21:44:45,247][src.modRNN.training.alignment][INFO] - epoch 125  train loss=0.0509  (rule: diffusion)
[2026-06-02 21:44:53,225][src.modRNN.training.alignment][INFO] - epoch 150  train loss=0.0430  (rule: diffusion)
[2026-06-02 21:44:53,750][src.modRNN.training.alignment][INFO] -   align BPTT @ epoch 151: cos {'ALIFCell_0.input_weights': '0.000', 'ALIFCell_0.recurrent_weights': '0.000', 'ReadOut_0.readout_weights': '0.000'}
[2026-06-02 21:44:54,020][src.modRNN.training.alignment][INFO] -   align eprop @ epoch 151: cos {'ALIFCell_0.input_weights': '0.926', 'ALIFCell_0.recurrent_weights': '0.899', 'ReadOut_0.readout_weights': '0.000'}
[2026-06-02 21:44:54,331][src.modRNN.training.alignment][INFO] -   align diffusion_aligned @ epoch 151: cos {'ALIFCell_0.input_weights': '0.990', 'ALIFCell_0.recurrent_weights': '0.945', 'ReadOut_0.readout_weights': '0.000'}
[2026-06-02 21:44:54,793][src.modRNN.training.alignment][INFO] -   align diffusion_per_step @ epoch 151: cos {'ALIFCell_0.input_weights': '0.923', 'ALIFCell_0.recurrent_weights': '0.897', 'ReadOut_0.readout_weights': '0.000'}
[2026-06-02 21:44:55,105][src.modRNN.training.alignment][INFO] -   align diffusion_fixed @ epoch 151: cos {'ALIFCell_0.input_weights': '0.817', 'ALIFCell_0.recurrent_weights': '0.789', 'ReadOut_0.readout_weights': '0.000'}
[2026-06-02 21:45:02,785][src.modRNN.training.alignment][INFO] - epoch 175  train loss=0.0388  (rule: diffusion)
[2026-06-02 21:45:10,829][src.modRNN.training.alignment][INFO] - epoch 200  train loss=0.0338  (rule: diffusion)
[2026-06-02 21:45:11,362][src.modRNN.training.alignment][INFO] -   align BPTT @ epoch 201: cos {'ALIFCell_0.input_weights': '0.000', 'ALIFCell_0.recurrent_weights': '0.000', 'ReadOut_0.readout_weights': '0.000'}
[2026-06-02 21:45:11,633][src.modRNN.training.alignment][INFO] -   align eprop @ epoch 201: cos {'ALIFCell_0.input_weights': '0.956', 'ALIFCell_0.recurrent_weights': '0.925', 'ReadOut_0.readout_weights': '0.000'}
[2026-06-02 21:45:11,948][src.modRNN.training.alignment][INFO] -   align diffusion_aligned @ epoch 201: cos {'ALIFCell_0.input_weights': '1.002', 'ALIFCell_0.recurrent_weights': '0.952', 'ReadOut_0.readout_weights': '0.000'}
[2026-06-02 21:45:12,412][src.modRNN.training.alignment][INFO] -   align diffusion_per_step @ epoch 201: cos {'ALIFCell_0.input_weights': '0.953', 'ALIFCell_0.recurrent_weights': '0.923', 'ReadOut_0.readout_weights': '0.000'}
[2026-06-02 21:45:12,727][src.modRNN.training.alignment][INFO] -   align diffusion_fixed @ epoch 201: cos {'ALIFCell_0.input_weights': '0.876', 'ALIFCell_0.recurrent_weights': '0.830', 'ReadOut_0.readout_weights': '0.000'}
[2026-06-02 21:45:20,457][src.modRNN.training.alignment][INFO] - epoch 225  train loss=0.0438  (rule: diffusion)
[2026-06-02 21:45:28,503][src.modRNN.training.alignment][INFO] - epoch 250  train loss=0.0278  (rule: diffusion)
[2026-06-02 21:45:29,035][src.modRNN.training.alignment][INFO] -   align BPTT @ epoch 251: cos {'ALIFCell_0.input_weights': '0.000', 'ALIFCell_0.recurrent_weights': '0.000', 'ReadOut_0.readout_weights': '0.000'}
[2026-06-02 21:45:29,306][src.modRNN.training.alignment][INFO] -   align eprop @ epoch 251: cos {'ALIFCell_0.input_weights': '0.989', 'ALIFCell_0.recurrent_weights': '0.972', 'ReadOut_0.readout_weights': '0.000'}
[2026-06-02 21:45:29,621][src.modRNN.training.alignment][INFO] -   align diffusion_aligned @ epoch 251: cos {'ALIFCell_0.input_weights': '1.047', 'ALIFCell_0.recurrent_weights': '1.006', 'ReadOut_0.readout_weights': '0.000'}
[2026-06-02 21:45:30,086][src.modRNN.training.alignment][INFO] -   align diffusion_per_step @ epoch 251: cos {'ALIFCell_0.input_weights': '0.985', 'ALIFCell_0.recurrent_weights': '0.969', 'ReadOut_0.readout_weights': '0.000'}
[2026-06-02 21:45:30,401][src.modRNN.training.alignment][INFO] -   align diffusion_fixed @ epoch 251: cos {'ALIFCell_0.input_weights': '0.881', 'ALIFCell_0.recurrent_weights': '0.859', 'ReadOut_0.readout_weights': '0.000'}
[2026-06-02 21:45:38,099][src.modRNN.training.alignment][INFO] - epoch 275  train loss=0.0299  (rule: diffusion)
[2026-06-02 21:45:46,129][src.modRNN.training.alignment][INFO] - epoch 300  train loss=0.0256  (rule: diffusion)
[2026-06-02 21:45:46,657][src.modRNN.training.alignment][INFO] -   align BPTT @ epoch 301: cos {'ALIFCell_0.input_weights': '0.000', 'ALIFCell_0.recurrent_weights': '0.000', 'ReadOut_0.readout_weights': '0.000'}
[2026-06-02 21:45:46,927][src.modRNN.training.alignment][INFO] -   align eprop @ epoch 301: cos {'ALIFCell_0.input_weights': '1.000', 'ALIFCell_0.recurrent_weights': '0.968', 'ReadOut_0.readout_weights': '0.000'}
[2026-06-02 21:45:47,241][src.modRNN.training.alignment][INFO] -   align diffusion_aligned @ epoch 301: cos {'ALIFCell_0.input_weights': '1.055', 'ALIFCell_0.recurrent_weights': '1.003', 'ReadOut_0.readout_weights': '0.000'}
[2026-06-02 21:45:47,707][src.modRNN.training.alignment][INFO] -   align diffusion_per_step @ epoch 301: cos {'ALIFCell_0.input_weights': '0.998', 'ALIFCell_0.recurrent_weights': '0.967', 'ReadOut_0.readout_weights': '0.000'}
[2026-06-02 21:45:48,021][src.modRNN.training.alignment][INFO] -   align diffusion_fixed @ epoch 301: cos {'ALIFCell_0.input_weights': '0.907', 'ALIFCell_0.recurrent_weights': '0.872', 'ReadOut_0.readout_weights': '0.000'}
[2026-06-02 21:45:55,730][src.modRNN.training.alignment][INFO] - epoch 325  train loss=0.0220  (rule: diffusion)
[2026-06-02 21:46:03,773][src.modRNN.training.alignment][INFO] - epoch 350  train loss=0.0239  (rule: diffusion)
[2026-06-02 21:46:04,306][src.modRNN.training.alignment][INFO] -   align BPTT @ epoch 351: cos {'ALIFCell_0.input_weights': '0.000', 'ALIFCell_0.recurrent_weights': '0.000', 'ReadOut_0.readout_weights': '0.000'}
[2026-06-02 21:46:04,579][src.modRNN.training.alignment][INFO] -   align eprop @ epoch 351: cos {'ALIFCell_0.input_weights': '1.009', 'ALIFCell_0.recurrent_weights': '0.962', 'ReadOut_0.readout_weights': '0.000'}
[2026-06-02 21:46:04,894][src.modRNN.training.alignment][INFO] -   align diffusion_aligned @ epoch 351: cos {'ALIFCell_0.input_weights': '1.065', 'ALIFCell_0.recurrent_weights': '1.013', 'ReadOut_0.readout_weights': '0.000'}
[2026-06-02 21:46:05,361][src.modRNN.training.alignment][INFO] -   align diffusion_per_step @ epoch 351: cos {'ALIFCell_0.input_weights': '1.004', 'ALIFCell_0.recurrent_weights': '0.958', 'ReadOut_0.readout_weights': '0.000'}
[2026-06-02 21:46:05,677][src.modRNN.training.alignment][INFO] -   align diffusion_fixed @ epoch 351: cos {'ALIFCell_0.input_weights': '0.912', 'ALIFCell_0.recurrent_weights': '0.867', 'ReadOut_0.readout_weights': '0.000'}
[2026-06-02 21:46:13,434][src.modRNN.training.alignment][INFO] - epoch 375  train loss=0.0223  (rule: diffusion)
[2026-06-02 21:46:21,513][src.modRNN.training.alignment][INFO] - epoch 400  train loss=0.0202  (rule: diffusion)
[2026-06-02 21:46:22,049][src.modRNN.training.alignment][INFO] -   align BPTT @ epoch 401: cos {'ALIFCell_0.input_weights': '0.000', 'ALIFCell_0.recurrent_weights': '0.000', 'ReadOut_0.readout_weights': '0.000'}
[2026-06-02 21:46:22,321][src.modRNN.training.alignment][INFO] -   align eprop @ epoch 401: cos {'ALIFCell_0.input_weights': '0.995', 'ALIFCell_0.recurrent_weights': '0.944', 'ReadOut_0.readout_weights': '0.000'}
[2026-06-02 21:46:22,636][src.modRNN.training.alignment][INFO] -   align diffusion_aligned @ epoch 401: cos {'ALIFCell_0.input_weights': '1.058', 'ALIFCell_0.recurrent_weights': '0.985', 'ReadOut_0.readout_weights': '0.000'}
[2026-06-02 21:46:23,105][src.modRNN.training.alignment][INFO] -   align diffusion_per_step @ epoch 401: cos {'ALIFCell_0.input_weights': '0.992', 'ALIFCell_0.recurrent_weights': '0.941', 'ReadOut_0.readout_weights': '0.000'}
[2026-06-02 21:46:23,420][src.modRNN.training.alignment][INFO] -   align diffusion_fixed @ epoch 401: cos {'ALIFCell_0.input_weights': '0.904', 'ALIFCell_0.recurrent_weights': '0.860', 'ReadOut_0.readout_weights': '0.000'}
[2026-06-02 21:46:31,173][src.modRNN.training.alignment][INFO] - epoch 425  train loss=0.0185  (rule: diffusion)
[2026-06-02 21:46:39,208][src.modRNN.training.alignment][INFO] - epoch 450  train loss=0.0214  (rule: diffusion)
[2026-06-02 21:46:39,737][src.modRNN.training.alignment][INFO] -   align BPTT @ epoch 451: cos {'ALIFCell_0.input_weights': '0.000', 'ALIFCell_0.recurrent_weights': '0.000', 'ReadOut_0.readout_weights': '0.000'}
[2026-06-02 21:46:40,008][src.modRNN.training.alignment][INFO] -   align eprop @ epoch 451: cos {'ALIFCell_0.input_weights': '1.023', 'ALIFCell_0.recurrent_weights': '0.964', 'ReadOut_0.readout_weights': '0.000'}
[2026-06-02 21:46:40,321][src.modRNN.training.alignment][INFO] -   align diffusion_aligned @ epoch 451: cos {'ALIFCell_0.input_weights': '1.088', 'ALIFCell_0.recurrent_weights': '1.009', 'ReadOut_0.readout_weights': '0.000'}
[2026-06-02 21:46:40,787][src.modRNN.training.alignment][INFO] -   align diffusion_per_step @ epoch 451: cos {'ALIFCell_0.input_weights': '1.019', 'ALIFCell_0.recurrent_weights': '0.961', 'ReadOut_0.readout_weights': '0.000'}
[2026-06-02 21:46:41,101][src.modRNN.training.alignment][INFO] -   align diffusion_fixed @ epoch 451: cos {'ALIFCell_0.input_weights': '0.928', 'ALIFCell_0.recurrent_weights': '0.882', 'ReadOut_0.readout_weights': '0.000'}
[2026-06-02 21:46:48,861][src.modRNN.training.alignment][INFO] - epoch 475  train loss=0.0175  (rule: diffusion)
[2026-06-02 21:46:56,975][src.modRNN.training.alignment][INFO] - epoch 500  train loss=0.0193  (rule: diffusion)
[2026-06-02 21:46:57,512][src.modRNN.training.alignment][INFO] -   align BPTT @ epoch 501: cos {'ALIFCell_0.input_weights': '0.000', 'ALIFCell_0.recurrent_weights': '0.000', 'ReadOut_0.readout_weights': '0.000'}
[2026-06-02 21:46:57,785][src.modRNN.training.alignment][INFO] -   align eprop @ epoch 501: cos {'ALIFCell_0.input_weights': '1.008', 'ALIFCell_0.recurrent_weights': '1.006', 'ReadOut_0.readout_weights': '0.000'}
[2026-06-02 21:46:58,100][src.modRNN.training.alignment][INFO] -   align diffusion_aligned @ epoch 501: cos {'ALIFCell_0.input_weights': '1.041', 'ALIFCell_0.recurrent_weights': '1.048', 'ReadOut_0.readout_weights': '0.000'}
[2026-06-02 21:46:58,566][src.modRNN.training.alignment][INFO] -   align diffusion_per_step @ epoch 501: cos {'ALIFCell_0.input_weights': '1.003', 'ALIFCell_0.recurrent_weights': '1.002', 'ReadOut_0.readout_weights': '0.000'}
[2026-06-02 21:46:58,884][src.modRNN.training.alignment][INFO] -   align diffusion_fixed @ epoch 501: cos {'ALIFCell_0.input_weights': '0.950', 'ALIFCell_0.recurrent_weights': '0.959', 'ReadOut_0.readout_weights': '0.000'}
[2026-06-02 21:47:06,740][src.modRNN.training.alignment][INFO] - epoch 525  train loss=0.0252  (rule: diffusion)
[2026-06-02 21:47:14,956][src.modRNN.training.alignment][INFO] - epoch 550  train loss=0.0231  (rule: diffusion)
[2026-06-02 21:47:15,498][src.modRNN.training.alignment][INFO] -   align BPTT @ epoch 551: cos {'ALIFCell_0.input_weights': '0.000', 'ALIFCell_0.recurrent_weights': '0.000', 'ReadOut_0.readout_weights': '0.000'}
[2026-06-02 21:47:15,773][src.modRNN.training.alignment][INFO] -   align eprop @ epoch 551: cos {'ALIFCell_0.input_weights': '1.092', 'ALIFCell_0.recurrent_weights': '1.034', 'ReadOut_0.readout_weights': '0.000'}
[2026-06-02 21:47:16,091][src.modRNN.training.alignment][INFO] -   align diffusion_aligned @ epoch 551: cos {'ALIFCell_0.input_weights': '1.206', 'ALIFCell_0.recurrent_weights': '1.095', 'ReadOut_0.readout_weights': '0.000'}
[2026-06-02 21:47:16,558][src.modRNN.training.alignment][INFO] -   align diffusion_per_step @ epoch 551: cos {'ALIFCell_0.input_weights': '1.082', 'ALIFCell_0.recurrent_weights': '1.032', 'ReadOut_0.readout_weights': '0.000'}
[2026-06-02 21:47:16,878][src.modRNN.training.alignment][INFO] -   align diffusion_fixed @ epoch 551: cos {'ALIFCell_0.input_weights': '1.077', 'ALIFCell_0.recurrent_weights': '1.009', 'ReadOut_0.readout_weights': '0.000'}
[2026-06-02 21:47:24,766][src.modRNN.training.alignment][INFO] - epoch 575  train loss=0.0167  (rule: diffusion)
[2026-06-02 21:47:33,007][src.modRNN.training.alignment][INFO] - epoch 600  train loss=0.0245  (rule: diffusion)
[2026-06-02 21:47:33,546][src.modRNN.training.alignment][INFO] -   align BPTT @ epoch 601: cos {'ALIFCell_0.input_weights': '0.000', 'ALIFCell_0.recurrent_weights': '0.000', 'ReadOut_0.readout_weights': '0.000'}
[2026-06-02 21:47:33,821][src.modRNN.training.alignment][INFO] -   align eprop @ epoch 601: cos {'ALIFCell_0.input_weights': '1.007', 'ALIFCell_0.recurrent_weights': '0.948', 'ReadOut_0.readout_weights': '0.000'}
[2026-06-02 21:47:34,140][src.modRNN.training.alignment][INFO] -   align diffusion_aligned @ epoch 601: cos {'ALIFCell_0.input_weights': '1.063', 'ALIFCell_0.recurrent_weights': '0.989', 'ReadOut_0.readout_weights': '0.000'}
[2026-06-02 21:47:34,606][src.modRNN.training.alignment][INFO] -   align diffusion_per_step @ epoch 601: cos {'ALIFCell_0.input_weights': '1.003', 'ALIFCell_0.recurrent_weights': '0.945', 'ReadOut_0.readout_weights': '0.000'}
[2026-06-02 21:47:34,926][src.modRNN.training.alignment][INFO] -   align diffusion_fixed @ epoch 601: cos {'ALIFCell_0.input_weights': '0.925', 'ALIFCell_0.recurrent_weights': '0.885', 'ReadOut_0.readout_weights': '0.000'}
[2026-06-02 21:47:42,796][src.modRNN.training.alignment][INFO] - epoch 625  train loss=0.0172  (rule: diffusion)
[2026-06-02 21:47:51,000][src.modRNN.training.alignment][INFO] - epoch 650  train loss=0.0147  (rule: diffusion)
[2026-06-02 21:47:51,536][src.modRNN.training.alignment][INFO] -   align BPTT @ epoch 651: cos {'ALIFCell_0.input_weights': '0.000', 'ALIFCell_0.recurrent_weights': '0.000', 'ReadOut_0.readout_weights': '0.000'}
[2026-06-02 21:47:51,814][src.modRNN.training.alignment][INFO] -   align eprop @ epoch 651: cos {'ALIFCell_0.input_weights': '0.995', 'ALIFCell_0.recurrent_weights': '0.954', 'ReadOut_0.readout_weights': '0.000'}
[2026-06-02 21:47:52,138][src.modRNN.training.alignment][INFO] -   align diffusion_aligned @ epoch 651: cos {'ALIFCell_0.input_weights': '1.038', 'ALIFCell_0.recurrent_weights': '0.987', 'ReadOut_0.readout_weights': '0.000'}
[2026-06-02 21:47:52,604][src.modRNN.training.alignment][INFO] -   align diffusion_per_step @ epoch 651: cos {'ALIFCell_0.input_weights': '0.991', 'ALIFCell_0.recurrent_weights': '0.951', 'ReadOut_0.readout_weights': '0.000'}
[2026-06-02 21:47:52,924][src.modRNN.training.alignment][INFO] -   align diffusion_fixed @ epoch 651: cos {'ALIFCell_0.input_weights': '0.938', 'ALIFCell_0.recurrent_weights': '0.901', 'ReadOut_0.readout_weights': '0.000'}
[2026-06-02 21:48:00,853][src.modRNN.training.alignment][INFO] - epoch 675  train loss=0.0196  (rule: diffusion)
[2026-06-02 21:48:09,161][src.modRNN.training.alignment][INFO] - epoch 700  train loss=0.0173  (rule: diffusion)
[2026-06-02 21:48:09,706][src.modRNN.training.alignment][INFO] -   align BPTT @ epoch 701: cos {'ALIFCell_0.input_weights': '0.000', 'ALIFCell_0.recurrent_weights': '0.000', 'ReadOut_0.readout_weights': '0.000'}
[2026-06-02 21:48:09,985][src.modRNN.training.alignment][INFO] -   align eprop @ epoch 701: cos {'ALIFCell_0.input_weights': '0.996', 'ALIFCell_0.recurrent_weights': '0.949', 'ReadOut_0.readout_weights': '0.000'}
[2026-06-02 21:48:10,308][src.modRNN.training.alignment][INFO] -   align diffusion_aligned @ epoch 701: cos {'ALIFCell_0.input_weights': '1.047', 'ALIFCell_0.recurrent_weights': '0.987', 'ReadOut_0.readout_weights': '0.000'}
[2026-06-02 21:48:10,775][src.modRNN.training.alignment][INFO] -   align diffusion_per_step @ epoch 701: cos {'ALIFCell_0.input_weights': '0.992', 'ALIFCell_0.recurrent_weights': '0.946', 'ReadOut_0.readout_weights': '0.000'}
[2026-06-02 21:48:11,101][src.modRNN.training.alignment][INFO] -   align diffusion_fixed @ epoch 701: cos {'ALIFCell_0.input_weights': '0.923', 'ALIFCell_0.recurrent_weights': '0.892', 'ReadOut_0.readout_weights': '0.000'}
[2026-06-02 21:48:19,077][src.modRNN.training.alignment][INFO] - epoch 725  train loss=0.0174  (rule: diffusion)
[2026-06-02 21:48:27,378][src.modRNN.training.alignment][INFO] - epoch 750  train loss=0.0218  (rule: diffusion)
[2026-06-02 21:48:27,927][src.modRNN.training.alignment][INFO] -   align BPTT @ epoch 751: cos {'ALIFCell_0.input_weights': '0.000', 'ALIFCell_0.recurrent_weights': '0.000', 'ReadOut_0.readout_weights': '0.000'}
[2026-06-02 21:48:28,204][src.modRNN.training.alignment][INFO] -   align eprop @ epoch 751: cos {'ALIFCell_0.input_weights': '0.995', 'ALIFCell_0.recurrent_weights': '0.950', 'ReadOut_0.readout_weights': '0.000'}
[2026-06-02 21:48:28,529][src.modRNN.training.alignment][INFO] -   align diffusion_aligned @ epoch 751: cos {'ALIFCell_0.input_weights': '1.051', 'ALIFCell_0.recurrent_weights': '0.997', 'ReadOut_0.readout_weights': '0.000'}
[2026-06-02 21:48:28,997][src.modRNN.training.alignment][INFO] -   align diffusion_per_step @ epoch 751: cos {'ALIFCell_0.input_weights': '0.992', 'ALIFCell_0.recurrent_weights': '0.947', 'ReadOut_0.readout_weights': '0.000'}
[2026-06-02 21:48:29,319][src.modRNN.training.alignment][INFO] -   align diffusion_fixed @ epoch 751: cos {'ALIFCell_0.input_weights': '0.921', 'ALIFCell_0.recurrent_weights': '0.887', 'ReadOut_0.readout_weights': '0.000'}
[2026-06-02 21:48:37,284][src.modRNN.training.alignment][INFO] - epoch 775  train loss=0.0148  (rule: diffusion)
[2026-06-02 21:48:45,566][src.modRNN.training.alignment][INFO] - epoch 800  train loss=0.0136  (rule: diffusion)
[2026-06-02 21:48:46,105][src.modRNN.training.alignment][INFO] -   align BPTT @ epoch 801: cos {'ALIFCell_0.input_weights': '0.000', 'ALIFCell_0.recurrent_weights': '0.000', 'ReadOut_0.readout_weights': '0.000'}
[2026-06-02 21:48:46,383][src.modRNN.training.alignment][INFO] -   align eprop @ epoch 801: cos {'ALIFCell_0.input_weights': '0.986', 'ALIFCell_0.recurrent_weights': '0.926', 'ReadOut_0.readout_weights': '0.000'}
[2026-06-02 21:48:46,706][src.modRNN.training.alignment][INFO] -   align diffusion_aligned @ epoch 801: cos {'ALIFCell_0.input_weights': '1.051', 'ALIFCell_0.recurrent_weights': '0.983', 'ReadOut_0.readout_weights': '0.000'}
[2026-06-02 21:48:47,174][src.modRNN.training.alignment][INFO] -   align diffusion_per_step @ epoch 801: cos {'ALIFCell_0.input_weights': '0.981', 'ALIFCell_0.recurrent_weights': '0.923', 'ReadOut_0.readout_weights': '0.000'}
[2026-06-02 21:48:47,497][src.modRNN.training.alignment][INFO] -   align diffusion_fixed @ epoch 801: cos {'ALIFCell_0.input_weights': '0.913', 'ALIFCell_0.recurrent_weights': '0.881', 'ReadOut_0.readout_weights': '0.000'}
[2026-06-02 21:48:55,431][src.modRNN.training.alignment][INFO] - epoch 825  train loss=0.0167  (rule: diffusion)
[2026-06-02 21:49:03,691][src.modRNN.training.alignment][INFO] - epoch 850  train loss=0.0127  (rule: diffusion)
[2026-06-02 21:49:04,239][src.modRNN.training.alignment][INFO] -   align BPTT @ epoch 851: cos {'ALIFCell_0.input_weights': '0.000', 'ALIFCell_0.recurrent_weights': '0.000', 'ReadOut_0.readout_weights': '0.000'}
[2026-06-02 21:49:04,517][src.modRNN.training.alignment][INFO] -   align eprop @ epoch 851: cos {'ALIFCell_0.input_weights': '1.099', 'ALIFCell_0.recurrent_weights': '1.085', 'ReadOut_0.readout_weights': '0.000'}
[2026-06-02 21:49:04,841][src.modRNN.training.alignment][INFO] -   align diffusion_aligned @ epoch 851: cos {'ALIFCell_0.input_weights': '1.216', 'ALIFCell_0.recurrent_weights': '1.192', 'ReadOut_0.readout_weights': '0.000'}
[2026-06-02 21:49:05,308][src.modRNN.training.alignment][INFO] -   align diffusion_per_step @ epoch 851: cos {'ALIFCell_0.input_weights': '1.092', 'ALIFCell_0.recurrent_weights': '1.081', 'ReadOut_0.readout_weights': '0.000'}
[2026-06-02 21:49:05,630][src.modRNN.training.alignment][INFO] -   align diffusion_fixed @ epoch 851: cos {'ALIFCell_0.input_weights': '1.061', 'ALIFCell_0.recurrent_weights': '1.055', 'ReadOut_0.readout_weights': '0.000'}
[2026-06-02 21:49:13,588][src.modRNN.training.alignment][INFO] - epoch 875  train loss=0.0114  (rule: diffusion)
[2026-06-02 21:49:21,876][src.modRNN.training.alignment][INFO] - epoch 900  train loss=0.0130  (rule: diffusion)
[2026-06-02 21:49:22,421][src.modRNN.training.alignment][INFO] -   align BPTT @ epoch 901: cos {'ALIFCell_0.input_weights': '0.000', 'ALIFCell_0.recurrent_weights': '0.000', 'ReadOut_0.readout_weights': '0.000'}
[2026-06-02 21:49:22,698][src.modRNN.training.alignment][INFO] -   align eprop @ epoch 901: cos {'ALIFCell_0.input_weights': '1.123', 'ALIFCell_0.recurrent_weights': '1.072', 'ReadOut_0.readout_weights': '0.000'}
[2026-06-02 21:49:23,023][src.modRNN.training.alignment][INFO] -   align diffusion_aligned @ epoch 901: cos {'ALIFCell_0.input_weights': '1.152', 'ALIFCell_0.recurrent_weights': '1.110', 'ReadOut_0.readout_weights': '0.000'}
[2026-06-02 21:49:23,492][src.modRNN.training.alignment][INFO] -   align diffusion_per_step @ epoch 901: cos {'ALIFCell_0.input_weights': '1.125', 'ALIFCell_0.recurrent_weights': '1.076', 'ReadOut_0.readout_weights': '0.000'}
[2026-06-02 21:49:23,819][src.modRNN.training.alignment][INFO] -   align diffusion_fixed @ epoch 901: cos {'ALIFCell_0.input_weights': '1.091', 'ALIFCell_0.recurrent_weights': '1.063', 'ReadOut_0.readout_weights': '0.000'}
[2026-06-02 21:49:31,797][src.modRNN.training.alignment][INFO] - epoch 925  train loss=0.0112  (rule: diffusion)
[2026-06-02 21:49:40,065][src.modRNN.training.alignment][INFO] - epoch 950  train loss=0.0111  (rule: diffusion)
[2026-06-02 21:49:40,605][src.modRNN.training.alignment][INFO] -   align BPTT @ epoch 951: cos {'ALIFCell_0.input_weights': '0.000', 'ALIFCell_0.recurrent_weights': '0.000', 'ReadOut_0.readout_weights': '0.000'}
[2026-06-02 21:49:40,882][src.modRNN.training.alignment][INFO] -   align eprop @ epoch 951: cos {'ALIFCell_0.input_weights': '0.971', 'ALIFCell_0.recurrent_weights': '0.909', 'ReadOut_0.readout_weights': '0.000'}
[2026-06-02 21:49:41,205][src.modRNN.training.alignment][INFO] -   align diffusion_aligned @ epoch 951: cos {'ALIFCell_0.input_weights': '1.044', 'ALIFCell_0.recurrent_weights': '0.978', 'ReadOut_0.readout_weights': '0.000'}
[2026-06-02 21:49:41,673][src.modRNN.training.alignment][INFO] -   align diffusion_per_step @ epoch 951: cos {'ALIFCell_0.input_weights': '0.967', 'ALIFCell_0.recurrent_weights': '0.907', 'ReadOut_0.readout_weights': '0.000'}
[2026-06-02 21:49:41,996][src.modRNN.training.alignment][INFO] -   align diffusion_fixed @ epoch 951: cos {'ALIFCell_0.input_weights': '0.903', 'ALIFCell_0.recurrent_weights': '0.865', 'ReadOut_0.readout_weights': '0.000'}
[2026-06-02 21:49:49,945][src.modRNN.training.alignment][INFO] - epoch 975  train loss=0.0161  (rule: diffusion)
[2026-06-02 21:49:58,255][src.modRNN.training.alignment][INFO] - epoch 1000  train loss=0.0115  (rule: diffusion)
[2026-06-02 21:49:58,796][src.modRNN.training.alignment][INFO] -   align BPTT @ epoch 1001: cos {'ALIFCell_0.input_weights': '0.000', 'ALIFCell_0.recurrent_weights': '0.000', 'ReadOut_0.readout_weights': '0.000'}
[2026-06-02 21:49:59,075][src.modRNN.training.alignment][INFO] -   align eprop @ epoch 1001: cos {'ALIFCell_0.input_weights': '0.954', 'ALIFCell_0.recurrent_weights': '0.879', 'ReadOut_0.readout_weights': '0.000'}
[2026-06-02 21:49:59,399][src.modRNN.training.alignment][INFO] -   align diffusion_aligned @ epoch 1001: cos {'ALIFCell_0.input_weights': '1.014', 'ALIFCell_0.recurrent_weights': '0.942', 'ReadOut_0.readout_weights': '0.000'}
[2026-06-02 21:49:59,867][src.modRNN.training.alignment][INFO] -   align diffusion_per_step @ epoch 1001: cos {'ALIFCell_0.input_weights': '0.950', 'ALIFCell_0.recurrent_weights': '0.876', 'ReadOut_0.readout_weights': '0.000'}
[2026-06-02 21:50:00,188][src.modRNN.training.alignment][INFO] -   align diffusion_fixed @ epoch 1001: cos {'ALIFCell_0.input_weights': '0.885', 'ALIFCell_0.recurrent_weights': '0.841', 'ReadOut_0.readout_weights': '0.000'}
[2026-06-02 21:50:08,160][src.modRNN.training.alignment][INFO] - epoch 1025  train loss=0.0115  (rule: diffusion)
[2026-06-02 21:50:16,465][src.modRNN.training.alignment][INFO] - epoch 1050  train loss=0.0107  (rule: diffusion)
[2026-06-02 21:50:17,011][src.modRNN.training.alignment][INFO] -   align BPTT @ epoch 1051: cos {'ALIFCell_0.input_weights': '0.000', 'ALIFCell_0.recurrent_weights': '0.000', 'ReadOut_0.readout_weights': '0.000'}
[2026-06-02 21:50:17,289][src.modRNN.training.alignment][INFO] -   align eprop @ epoch 1051: cos {'ALIFCell_0.input_weights': '0.949', 'ALIFCell_0.recurrent_weights': '0.891', 'ReadOut_0.readout_weights': '0.000'}
[2026-06-02 21:50:17,614][src.modRNN.training.alignment][INFO] -   align diffusion_aligned @ epoch 1051: cos {'ALIFCell_0.input_weights': '1.010', 'ALIFCell_0.recurrent_weights': '0.960', 'ReadOut_0.readout_weights': '0.000'}
[2026-06-02 21:50:18,082][src.modRNN.training.alignment][INFO] -   align diffusion_per_step @ epoch 1051: cos {'ALIFCell_0.input_weights': '0.944', 'ALIFCell_0.recurrent_weights': '0.887', 'ReadOut_0.readout_weights': '0.000'}
[2026-06-02 21:50:18,408][src.modRNN.training.alignment][INFO] -   align diffusion_fixed @ epoch 1051: cos {'ALIFCell_0.input_weights': '0.888', 'ALIFCell_0.recurrent_weights': '0.864', 'ReadOut_0.readout_weights': '0.000'}
[2026-06-02 21:50:26,365][src.modRNN.training.alignment][INFO] - epoch 1075  train loss=0.0127  (rule: diffusion)
[2026-06-02 21:50:34,662][src.modRNN.training.alignment][INFO] - epoch 1100  train loss=0.0115  (rule: diffusion)
[2026-06-02 21:50:35,200][src.modRNN.training.alignment][INFO] -   align BPTT @ epoch 1101: cos {'ALIFCell_0.input_weights': '0.000', 'ALIFCell_0.recurrent_weights': '0.000', 'ReadOut_0.readout_weights': '0.000'}
[2026-06-02 21:50:35,477][src.modRNN.training.alignment][INFO] -   align eprop @ epoch 1101: cos {'ALIFCell_0.input_weights': '0.944', 'ALIFCell_0.recurrent_weights': '0.873', 'ReadOut_0.readout_weights': '0.000'}
[2026-06-02 21:50:35,797][src.modRNN.training.alignment][INFO] -   align diffusion_aligned @ epoch 1101: cos {'ALIFCell_0.input_weights': '0.997', 'ALIFCell_0.recurrent_weights': '0.931', 'ReadOut_0.readout_weights': '0.000'}
[2026-06-02 21:50:36,265][src.modRNN.training.alignment][INFO] -   align diffusion_per_step @ epoch 1101: cos {'ALIFCell_0.input_weights': '0.940', 'ALIFCell_0.recurrent_weights': '0.870', 'ReadOut_0.readout_weights': '0.000'}
[2026-06-02 21:50:36,587][src.modRNN.training.alignment][INFO] -   align diffusion_fixed @ epoch 1101: cos {'ALIFCell_0.input_weights': '0.886', 'ALIFCell_0.recurrent_weights': '0.846', 'ReadOut_0.readout_weights': '0.000'}
[2026-06-02 21:50:44,513][src.modRNN.training.alignment][INFO] - epoch 1125  train loss=0.0095  (rule: diffusion)
[2026-06-02 21:50:52,783][src.modRNN.training.alignment][INFO] - epoch 1150  train loss=0.0121  (rule: diffusion)
[2026-06-02 21:50:53,322][src.modRNN.training.alignment][INFO] -   align BPTT @ epoch 1151: cos {'ALIFCell_0.input_weights': '0.000', 'ALIFCell_0.recurrent_weights': '0.000', 'ReadOut_0.readout_weights': '0.000'}
[2026-06-02 21:50:53,598][src.modRNN.training.alignment][INFO] -   align eprop @ epoch 1151: cos {'ALIFCell_0.input_weights': '0.969', 'ALIFCell_0.recurrent_weights': '0.904', 'ReadOut_0.readout_weights': '0.000'}
[2026-06-02 21:50:53,923][src.modRNN.training.alignment][INFO] -   align diffusion_aligned @ epoch 1151: cos {'ALIFCell_0.input_weights': '1.036', 'ALIFCell_0.recurrent_weights': '0.977', 'ReadOut_0.readout_weights': '0.000'}
[2026-06-02 21:50:54,390][src.modRNN.training.alignment][INFO] -   align diffusion_per_step @ epoch 1151: cos {'ALIFCell_0.input_weights': '0.965', 'ALIFCell_0.recurrent_weights': '0.901', 'ReadOut_0.readout_weights': '0.000'}
[2026-06-02 21:50:54,714][src.modRNN.training.alignment][INFO] -   align diffusion_fixed @ epoch 1151: cos {'ALIFCell_0.input_weights': '0.906', 'ALIFCell_0.recurrent_weights': '0.871', 'ReadOut_0.readout_weights': '0.000'}
[2026-06-02 21:51:02,648][src.modRNN.training.alignment][INFO] - epoch 1175  train loss=0.0108  (rule: diffusion)
[2026-06-02 21:51:10,950][src.modRNN.training.alignment][INFO] - epoch 1200  train loss=0.0129  (rule: diffusion)
[2026-06-02 21:51:11,496][src.modRNN.training.alignment][INFO] -   align BPTT @ epoch 1201: cos {'ALIFCell_0.input_weights': '0.000', 'ALIFCell_0.recurrent_weights': '0.000', 'ReadOut_0.readout_weights': '0.000'}
[2026-06-02 21:51:11,775][src.modRNN.training.alignment][INFO] -   align eprop @ epoch 1201: cos {'ALIFCell_0.input_weights': '1.124', 'ALIFCell_0.recurrent_weights': '1.088', 'ReadOut_0.readout_weights': '0.000'}
[2026-06-02 21:51:12,098][src.modRNN.training.alignment][INFO] -   align diffusion_aligned @ epoch 1201: cos {'ALIFCell_0.input_weights': '1.174', 'ALIFCell_0.recurrent_weights': '1.116', 'ReadOut_0.readout_weights': '0.000'}
[2026-06-02 21:51:12,566][src.modRNN.training.alignment][INFO] -   align diffusion_per_step @ epoch 1201: cos {'ALIFCell_0.input_weights': '1.126', 'ALIFCell_0.recurrent_weights': '1.090', 'ReadOut_0.readout_weights': '0.000'}
[2026-06-02 21:51:12,890][src.modRNN.training.alignment][INFO] -   align diffusion_fixed @ epoch 1201: cos {'ALIFCell_0.input_weights': '1.032', 'ALIFCell_0.recurrent_weights': '1.043', 'ReadOut_0.readout_weights': '0.000'}
[2026-06-02 21:51:20,823][src.modRNN.training.alignment][INFO] - epoch 1225  train loss=0.0108  (rule: diffusion)
[2026-06-02 21:51:29,109][src.modRNN.training.alignment][INFO] - epoch 1250  train loss=0.0105  (rule: diffusion)
[2026-06-02 21:51:29,654][src.modRNN.training.alignment][INFO] -   align BPTT @ epoch 1251: cos {'ALIFCell_0.input_weights': '0.000', 'ALIFCell_0.recurrent_weights': '0.000', 'ReadOut_0.readout_weights': '0.000'}
[2026-06-02 21:51:29,932][src.modRNN.training.alignment][INFO] -   align eprop @ epoch 1251: cos {'ALIFCell_0.input_weights': '0.979', 'ALIFCell_0.recurrent_weights': '0.912', 'ReadOut_0.readout_weights': '0.000'}
[2026-06-02 21:51:30,256][src.modRNN.training.alignment][INFO] -   align diffusion_aligned @ epoch 1251: cos {'ALIFCell_0.input_weights': '1.025', 'ALIFCell_0.recurrent_weights': '0.958', 'ReadOut_0.readout_weights': '0.000'}
[2026-06-02 21:51:30,724][src.modRNN.training.alignment][INFO] -   align diffusion_per_step @ epoch 1251: cos {'ALIFCell_0.input_weights': '0.975', 'ALIFCell_0.recurrent_weights': '0.909', 'ReadOut_0.readout_weights': '0.000'}
[2026-06-02 21:51:31,045][src.modRNN.training.alignment][INFO] -   align diffusion_fixed @ epoch 1251: cos {'ALIFCell_0.input_weights': '0.928', 'ALIFCell_0.recurrent_weights': '0.886', 'ReadOut_0.readout_weights': '0.000'}
[2026-06-02 21:51:38,968][src.modRNN.training.alignment][INFO] - epoch 1275  train loss=0.0098  (rule: diffusion)
[2026-06-02 21:51:47,241][src.modRNN.training.alignment][INFO] - epoch 1300  train loss=0.0115  (rule: diffusion)
[2026-06-02 21:51:47,781][src.modRNN.training.alignment][INFO] -   align BPTT @ epoch 1301: cos {'ALIFCell_0.input_weights': '0.000', 'ALIFCell_0.recurrent_weights': '0.000', 'ReadOut_0.readout_weights': '0.000'}
[2026-06-02 21:51:48,059][src.modRNN.training.alignment][INFO] -   align eprop @ epoch 1301: cos {'ALIFCell_0.input_weights': '1.025', 'ALIFCell_0.recurrent_weights': '0.967', 'ReadOut_0.readout_weights': '0.000'}
[2026-06-02 21:51:48,382][src.modRNN.training.alignment][INFO] -   align diffusion_aligned @ epoch 1301: cos {'ALIFCell_0.input_weights': '1.059', 'ALIFCell_0.recurrent_weights': '1.011', 'ReadOut_0.readout_weights': '0.000'}
[2026-06-02 21:51:48,849][src.modRNN.training.alignment][INFO] -   align diffusion_per_step @ epoch 1301: cos {'ALIFCell_0.input_weights': '1.025', 'ALIFCell_0.recurrent_weights': '0.969', 'ReadOut_0.readout_weights': '0.000'}
[2026-06-02 21:51:49,174][src.modRNN.training.alignment][INFO] -   align diffusion_fixed @ epoch 1301: cos {'ALIFCell_0.input_weights': '0.939', 'ALIFCell_0.recurrent_weights': '0.887', 'ReadOut_0.readout_weights': '0.000'}
[2026-06-02 21:51:57,102][src.modRNN.training.alignment][INFO] - epoch 1325  train loss=0.0101  (rule: diffusion)
[2026-06-02 21:52:05,382][src.modRNN.training.alignment][INFO] - epoch 1350  train loss=0.0185  (rule: diffusion)
[2026-06-02 21:52:05,926][src.modRNN.training.alignment][INFO] -   align BPTT @ epoch 1351: cos {'ALIFCell_0.input_weights': '0.000', 'ALIFCell_0.recurrent_weights': '0.000', 'ReadOut_0.readout_weights': '0.000'}
[2026-06-02 21:52:06,205][src.modRNN.training.alignment][INFO] -   align eprop @ epoch 1351: cos {'ALIFCell_0.input_weights': '0.939', 'ALIFCell_0.recurrent_weights': '0.870', 'ReadOut_0.readout_weights': '0.000'}
[2026-06-02 21:52:06,530][src.modRNN.training.alignment][INFO] -   align diffusion_aligned @ epoch 1351: cos {'ALIFCell_0.input_weights': '0.974', 'ALIFCell_0.recurrent_weights': '0.919', 'ReadOut_0.readout_weights': '0.000'}
[2026-06-02 21:52:06,998][src.modRNN.training.alignment][INFO] -   align diffusion_per_step @ epoch 1351: cos {'ALIFCell_0.input_weights': '0.935', 'ALIFCell_0.recurrent_weights': '0.867', 'ReadOut_0.readout_weights': '0.000'}
[2026-06-02 21:52:07,321][src.modRNN.training.alignment][INFO] -   align diffusion_fixed @ epoch 1351: cos {'ALIFCell_0.input_weights': '0.868', 'ALIFCell_0.recurrent_weights': '0.840', 'ReadOut_0.readout_weights': '0.000'}
[2026-06-02 21:52:15,292][src.modRNN.training.alignment][INFO] - epoch 1375  train loss=0.0108  (rule: diffusion)
[2026-06-02 21:52:23,595][src.modRNN.training.alignment][INFO] - epoch 1400  train loss=0.0131  (rule: diffusion)
[2026-06-02 21:52:24,139][src.modRNN.training.alignment][INFO] -   align BPTT @ epoch 1401: cos {'ALIFCell_0.input_weights': '0.000', 'ALIFCell_0.recurrent_weights': '0.000', 'ReadOut_0.readout_weights': '0.000'}
[2026-06-02 21:52:24,418][src.modRNN.training.alignment][INFO] -   align eprop @ epoch 1401: cos {'ALIFCell_0.input_weights': '0.950', 'ALIFCell_0.recurrent_weights': '0.876', 'ReadOut_0.readout_weights': '0.000'}
[2026-06-02 21:52:24,743][src.modRNN.training.alignment][INFO] -   align diffusion_aligned @ epoch 1401: cos {'ALIFCell_0.input_weights': '0.985', 'ALIFCell_0.recurrent_weights': '0.923', 'ReadOut_0.readout_weights': '0.000'}
[2026-06-02 21:52:25,211][src.modRNN.training.alignment][INFO] -   align diffusion_per_step @ epoch 1401: cos {'ALIFCell_0.input_weights': '0.947', 'ALIFCell_0.recurrent_weights': '0.874', 'ReadOut_0.readout_weights': '0.000'}
[2026-06-02 21:52:25,533][src.modRNN.training.alignment][INFO] -   align diffusion_fixed @ epoch 1401: cos {'ALIFCell_0.input_weights': '0.875', 'ALIFCell_0.recurrent_weights': '0.842', 'ReadOut_0.readout_weights': '0.000'}
[2026-06-02 21:52:33,503][src.modRNN.training.alignment][INFO] - epoch 1425  train loss=0.0107  (rule: diffusion)
[2026-06-02 21:52:41,813][src.modRNN.training.alignment][INFO] - epoch 1450  train loss=0.0103  (rule: diffusion)
[2026-06-02 21:52:42,352][src.modRNN.training.alignment][INFO] -   align BPTT @ epoch 1451: cos {'ALIFCell_0.input_weights': '0.000', 'ALIFCell_0.recurrent_weights': '0.000', 'ReadOut_0.readout_weights': '0.000'}
[2026-06-02 21:52:42,629][src.modRNN.training.alignment][INFO] -   align eprop @ epoch 1451: cos {'ALIFCell_0.input_weights': '0.945', 'ALIFCell_0.recurrent_weights': '0.882', 'ReadOut_0.readout_weights': '0.000'}
[2026-06-02 21:52:42,953][src.modRNN.training.alignment][INFO] -   align diffusion_aligned @ epoch 1451: cos {'ALIFCell_0.input_weights': '0.971', 'ALIFCell_0.recurrent_weights': '0.911', 'ReadOut_0.readout_weights': '0.000'}
[2026-06-02 21:52:43,420][src.modRNN.training.alignment][INFO] -   align diffusion_per_step @ epoch 1451: cos {'ALIFCell_0.input_weights': '0.940', 'ALIFCell_0.recurrent_weights': '0.877', 'ReadOut_0.readout_weights': '0.000'}
[2026-06-02 21:52:43,744][src.modRNN.training.alignment][INFO] -   align diffusion_fixed @ epoch 1451: cos {'ALIFCell_0.input_weights': '0.860', 'ALIFCell_0.recurrent_weights': '0.840', 'ReadOut_0.readout_weights': '0.000'}
[2026-06-02 21:52:51,747][src.modRNN.training.alignment][INFO] - epoch 1475  train loss=0.0108  (rule: diffusion)
[2026-06-02 21:53:00,116][src.modRNN.training.alignment][INFO] - epoch 1500  train loss=0.0134  (rule: diffusion)
[2026-06-02 21:53:00,658][src.modRNN.training.alignment][INFO] -   align BPTT @ epoch 1501: cos {'ALIFCell_0.input_weights': '0.000', 'ALIFCell_0.recurrent_weights': '0.000', 'ReadOut_0.readout_weights': '0.000'}
[2026-06-02 21:53:00,938][src.modRNN.training.alignment][INFO] -   align eprop @ epoch 1501: cos {'ALIFCell_0.input_weights': '0.970', 'ALIFCell_0.recurrent_weights': '0.913', 'ReadOut_0.readout_weights': '0.000'}
[2026-06-02 21:53:01,265][src.modRNN.training.alignment][INFO] -   align diffusion_aligned @ epoch 1501: cos {'ALIFCell_0.input_weights': '1.018', 'ALIFCell_0.recurrent_weights': '0.969', 'ReadOut_0.readout_weights': '0.000'}
[2026-06-02 21:53:01,745][src.modRNN.training.alignment][INFO] -   align diffusion_per_step @ epoch 1501: cos {'ALIFCell_0.input_weights': '0.968', 'ALIFCell_0.recurrent_weights': '0.912', 'ReadOut_0.readout_weights': '0.000'}
[2026-06-02 21:53:02,073][src.modRNN.training.alignment][INFO] -   align diffusion_fixed @ epoch 1501: cos {'ALIFCell_0.input_weights': '0.893', 'ALIFCell_0.recurrent_weights': '0.865', 'ReadOut_0.readout_weights': '0.000'}
[2026-06-02 21:53:10,103][src.modRNN.training.alignment][INFO] - epoch 1525  train loss=0.0112  (rule: diffusion)
[2026-06-02 21:53:18,459][src.modRNN.training.alignment][INFO] - epoch 1550  train loss=0.0125  (rule: diffusion)
[2026-06-02 21:53:19,009][src.modRNN.training.alignment][INFO] -   align BPTT @ epoch 1551: cos {'ALIFCell_0.input_weights': '0.000', 'ALIFCell_0.recurrent_weights': '0.000', 'ReadOut_0.readout_weights': '0.000'}
[2026-06-02 21:53:19,287][src.modRNN.training.alignment][INFO] -   align eprop @ epoch 1551: cos {'ALIFCell_0.input_weights': '0.969', 'ALIFCell_0.recurrent_weights': '0.897', 'ReadOut_0.readout_weights': '0.000'}
[2026-06-02 21:53:19,614][src.modRNN.training.alignment][INFO] -   align diffusion_aligned @ epoch 1551: cos {'ALIFCell_0.input_weights': '0.980', 'ALIFCell_0.recurrent_weights': '0.919', 'ReadOut_0.readout_weights': '0.000'}
[2026-06-02 21:53:20,081][src.modRNN.training.alignment][INFO] -   align diffusion_per_step @ epoch 1551: cos {'ALIFCell_0.input_weights': '0.965', 'ALIFCell_0.recurrent_weights': '0.894', 'ReadOut_0.readout_weights': '0.000'}
[2026-06-02 21:53:20,406][src.modRNN.training.alignment][INFO] -   align diffusion_fixed @ epoch 1551: cos {'ALIFCell_0.input_weights': '0.891', 'ALIFCell_0.recurrent_weights': '0.863', 'ReadOut_0.readout_weights': '0.000'}
[2026-06-02 21:53:28,419][src.modRNN.training.alignment][INFO] - epoch 1575  train loss=0.0108  (rule: diffusion)
[2026-06-02 21:53:36,712][src.modRNN.training.alignment][INFO] - epoch 1600  train loss=0.0095  (rule: diffusion)
[2026-06-02 21:53:37,253][src.modRNN.training.alignment][INFO] -   align BPTT @ epoch 1601: cos {'ALIFCell_0.input_weights': '0.000', 'ALIFCell_0.recurrent_weights': '0.000', 'ReadOut_0.readout_weights': '0.000'}
[2026-06-02 21:53:37,531][src.modRNN.training.alignment][INFO] -   align eprop @ epoch 1601: cos {'ALIFCell_0.input_weights': '0.946', 'ALIFCell_0.recurrent_weights': '0.886', 'ReadOut_0.readout_weights': '0.000'}
[2026-06-02 21:53:37,855][src.modRNN.training.alignment][INFO] -   align diffusion_aligned @ epoch 1601: cos {'ALIFCell_0.input_weights': '0.979', 'ALIFCell_0.recurrent_weights': '0.947', 'ReadOut_0.readout_weights': '0.000'}
[2026-06-02 21:53:38,322][src.modRNN.training.alignment][INFO] -   align diffusion_per_step @ epoch 1601: cos {'ALIFCell_0.input_weights': '0.943', 'ALIFCell_0.recurrent_weights': '0.885', 'ReadOut_0.readout_weights': '0.000'}
[2026-06-02 21:53:38,646][src.modRNN.training.alignment][INFO] -   align diffusion_fixed @ epoch 1601: cos {'ALIFCell_0.input_weights': '0.862', 'ALIFCell_0.recurrent_weights': '0.828', 'ReadOut_0.readout_weights': '0.000'}
[2026-06-02 21:53:46,586][src.modRNN.training.alignment][INFO] - epoch 1625  train loss=0.0109  (rule: diffusion)
[2026-06-02 21:53:54,845][src.modRNN.training.alignment][INFO] - epoch 1650  train loss=0.0090  (rule: diffusion)
[2026-06-02 21:53:55,383][src.modRNN.training.alignment][INFO] -   align BPTT @ epoch 1651: cos {'ALIFCell_0.input_weights': '0.000', 'ALIFCell_0.recurrent_weights': '0.000', 'ReadOut_0.readout_weights': '0.000'}
[2026-06-02 21:53:55,660][src.modRNN.training.alignment][INFO] -   align eprop @ epoch 1651: cos {'ALIFCell_0.input_weights': '0.975', 'ALIFCell_0.recurrent_weights': '0.907', 'ReadOut_0.readout_weights': '0.000'}
[2026-06-02 21:53:55,983][src.modRNN.training.alignment][INFO] -   align diffusion_aligned @ epoch 1651: cos {'ALIFCell_0.input_weights': '1.030', 'ALIFCell_0.recurrent_weights': '0.972', 'ReadOut_0.readout_weights': '0.000'}
[2026-06-02 21:53:56,450][src.modRNN.training.alignment][INFO] -   align diffusion_per_step @ epoch 1651: cos {'ALIFCell_0.input_weights': '0.971', 'ALIFCell_0.recurrent_weights': '0.904', 'ReadOut_0.readout_weights': '0.000'}
[2026-06-02 21:53:56,771][src.modRNN.training.alignment][INFO] -   align diffusion_fixed @ epoch 1651: cos {'ALIFCell_0.input_weights': '0.902', 'ALIFCell_0.recurrent_weights': '0.872', 'ReadOut_0.readout_weights': '0.000'}
[2026-06-02 21:54:04,678][src.modRNN.training.alignment][INFO] - epoch 1675  train loss=0.0108  (rule: diffusion)
[2026-06-02 21:54:12,950][src.modRNN.training.alignment][INFO] - epoch 1700  train loss=0.0132  (rule: diffusion)
[2026-06-02 21:54:13,496][src.modRNN.training.alignment][INFO] -   align BPTT @ epoch 1701: cos {'ALIFCell_0.input_weights': '0.000', 'ALIFCell_0.recurrent_weights': '0.000', 'ReadOut_0.readout_weights': '0.000'}
[2026-06-02 21:54:13,775][src.modRNN.training.alignment][INFO] -   align eprop @ epoch 1701: cos {'ALIFCell_0.input_weights': '0.985', 'ALIFCell_0.recurrent_weights': '0.904', 'ReadOut_0.readout_weights': '0.000'}
[2026-06-02 21:54:14,098][src.modRNN.training.alignment][INFO] -   align diffusion_aligned @ epoch 1701: cos {'ALIFCell_0.input_weights': '1.009', 'ALIFCell_0.recurrent_weights': '0.930', 'ReadOut_0.readout_weights': '0.000'}
[2026-06-02 21:54:14,567][src.modRNN.training.alignment][INFO] -   align diffusion_per_step @ epoch 1701: cos {'ALIFCell_0.input_weights': '0.982', 'ALIFCell_0.recurrent_weights': '0.903', 'ReadOut_0.readout_weights': '0.000'}
[2026-06-02 21:54:14,889][src.modRNN.training.alignment][INFO] -   align diffusion_fixed @ epoch 1701: cos {'ALIFCell_0.input_weights': '0.904', 'ALIFCell_0.recurrent_weights': '0.863', 'ReadOut_0.readout_weights': '0.000'}
[2026-06-02 21:54:22,900][src.modRNN.training.alignment][INFO] - epoch 1725  train loss=0.0098  (rule: diffusion)
[2026-06-02 21:54:31,229][src.modRNN.training.alignment][INFO] - epoch 1750  train loss=0.0092  (rule: diffusion)
[2026-06-02 21:54:31,771][src.modRNN.training.alignment][INFO] -   align BPTT @ epoch 1751: cos {'ALIFCell_0.input_weights': '0.000', 'ALIFCell_0.recurrent_weights': '0.000', 'ReadOut_0.readout_weights': '0.000'}
[2026-06-02 21:54:32,048][src.modRNN.training.alignment][INFO] -   align eprop @ epoch 1751: cos {'ALIFCell_0.input_weights': '0.973', 'ALIFCell_0.recurrent_weights': '0.896', 'ReadOut_0.readout_weights': '0.000'}
[2026-06-02 21:54:32,372][src.modRNN.training.alignment][INFO] -   align diffusion_aligned @ epoch 1751: cos {'ALIFCell_0.input_weights': '0.984', 'ALIFCell_0.recurrent_weights': '0.917', 'ReadOut_0.readout_weights': '0.000'}
[2026-06-02 21:54:32,839][src.modRNN.training.alignment][INFO] -   align diffusion_per_step @ epoch 1751: cos {'ALIFCell_0.input_weights': '0.969', 'ALIFCell_0.recurrent_weights': '0.894', 'ReadOut_0.readout_weights': '0.000'}
[2026-06-02 21:54:33,165][src.modRNN.training.alignment][INFO] -   align diffusion_fixed @ epoch 1751: cos {'ALIFCell_0.input_weights': '0.884', 'ALIFCell_0.recurrent_weights': '0.856', 'ReadOut_0.readout_weights': '0.000'}
[2026-06-02 21:54:41,162][src.modRNN.training.alignment][INFO] - epoch 1775  train loss=0.0107  (rule: diffusion)
[2026-06-02 21:54:49,468][src.modRNN.training.alignment][INFO] - epoch 1800  train loss=0.0101  (rule: diffusion)
[2026-06-02 21:54:50,007][src.modRNN.training.alignment][INFO] -   align BPTT @ epoch 1801: cos {'ALIFCell_0.input_weights': '0.000', 'ALIFCell_0.recurrent_weights': '0.000', 'ReadOut_0.readout_weights': '0.000'}
[2026-06-02 21:54:50,285][src.modRNN.training.alignment][INFO] -   align eprop @ epoch 1801: cos {'ALIFCell_0.input_weights': '1.016', 'ALIFCell_0.recurrent_weights': '0.876', 'ReadOut_0.readout_weights': '0.000'}
[2026-06-02 21:54:50,611][src.modRNN.training.alignment][INFO] -   align diffusion_aligned @ epoch 1801: cos {'ALIFCell_0.input_weights': '1.031', 'ALIFCell_0.recurrent_weights': '0.910', 'ReadOut_0.readout_weights': '0.000'}
[2026-06-02 21:54:51,079][src.modRNN.training.alignment][INFO] -   align diffusion_per_step @ epoch 1801: cos {'ALIFCell_0.input_weights': '1.015', 'ALIFCell_0.recurrent_weights': '0.875', 'ReadOut_0.readout_weights': '0.000'}
[2026-06-02 21:54:51,402][src.modRNN.training.alignment][INFO] -   align diffusion_fixed @ epoch 1801: cos {'ALIFCell_0.input_weights': '0.902', 'ALIFCell_0.recurrent_weights': '0.859', 'ReadOut_0.readout_weights': '0.000'}
[2026-06-02 21:54:59,333][src.modRNN.training.alignment][INFO] - epoch 1825  train loss=0.0128  (rule: diffusion)
[2026-06-02 21:55:07,656][src.modRNN.training.alignment][INFO] - epoch 1850  train loss=0.0083  (rule: diffusion)
[2026-06-02 21:55:08,201][src.modRNN.training.alignment][INFO] -   align BPTT @ epoch 1851: cos {'ALIFCell_0.input_weights': '0.000', 'ALIFCell_0.recurrent_weights': '0.000', 'ReadOut_0.readout_weights': '0.000'}
[2026-06-02 21:55:08,480][src.modRNN.training.alignment][INFO] -   align eprop @ epoch 1851: cos {'ALIFCell_0.input_weights': '0.983', 'ALIFCell_0.recurrent_weights': '0.895', 'ReadOut_0.readout_weights': '0.000'}
[2026-06-02 21:55:08,806][src.modRNN.training.alignment][INFO] -   align diffusion_aligned @ epoch 1851: cos {'ALIFCell_0.input_weights': '1.009', 'ALIFCell_0.recurrent_weights': '0.937', 'ReadOut_0.readout_weights': '0.000'}
[2026-06-02 21:55:09,274][src.modRNN.training.alignment][INFO] -   align diffusion_per_step @ epoch 1851: cos {'ALIFCell_0.input_weights': '0.980', 'ALIFCell_0.recurrent_weights': '0.893', 'ReadOut_0.readout_weights': '0.000'}
[2026-06-02 21:55:09,599][src.modRNN.training.alignment][INFO] -   align diffusion_fixed @ epoch 1851: cos {'ALIFCell_0.input_weights': '0.893', 'ALIFCell_0.recurrent_weights': '0.862', 'ReadOut_0.readout_weights': '0.000'}
[2026-06-02 21:55:17,598][src.modRNN.training.alignment][INFO] - epoch 1875  train loss=0.0084  (rule: diffusion)
[2026-06-02 21:55:25,926][src.modRNN.training.alignment][INFO] - epoch 1900  train loss=0.0078  (rule: diffusion)
[2026-06-02 21:55:26,475][src.modRNN.training.alignment][INFO] -   align BPTT @ epoch 1901: cos {'ALIFCell_0.input_weights': '0.000', 'ALIFCell_0.recurrent_weights': '0.000', 'ReadOut_0.readout_weights': '0.000'}
[2026-06-02 21:55:26,754][src.modRNN.training.alignment][INFO] -   align eprop @ epoch 1901: cos {'ALIFCell_0.input_weights': '1.012', 'ALIFCell_0.recurrent_weights': '0.956', 'ReadOut_0.readout_weights': '0.000'}
[2026-06-02 21:55:27,078][src.modRNN.training.alignment][INFO] -   align diffusion_aligned @ epoch 1901: cos {'ALIFCell_0.input_weights': '1.065', 'ALIFCell_0.recurrent_weights': '0.997', 'ReadOut_0.readout_weights': '0.000'}
[2026-06-02 21:55:27,545][src.modRNN.training.alignment][INFO] -   align diffusion_per_step @ epoch 1901: cos {'ALIFCell_0.input_weights': '1.008', 'ALIFCell_0.recurrent_weights': '0.951', 'ReadOut_0.readout_weights': '0.000'}
[2026-06-02 21:55:27,869][src.modRNN.training.alignment][INFO] -   align diffusion_fixed @ epoch 1901: cos {'ALIFCell_0.input_weights': '0.919', 'ALIFCell_0.recurrent_weights': '0.908', 'ReadOut_0.readout_weights': '0.000'}
[2026-06-02 21:55:35,850][src.modRNN.training.alignment][INFO] - epoch 1925  train loss=0.0076  (rule: diffusion)
[2026-06-02 21:55:44,182][src.modRNN.training.alignment][INFO] - epoch 1950  train loss=0.0082  (rule: diffusion)
[2026-06-02 21:55:44,727][src.modRNN.training.alignment][INFO] -   align BPTT @ epoch 1951: cos {'ALIFCell_0.input_weights': '0.000', 'ALIFCell_0.recurrent_weights': '0.000', 'ReadOut_0.readout_weights': '0.000'}
[2026-06-02 21:55:45,005][src.modRNN.training.alignment][INFO] -   align eprop @ epoch 1951: cos {'ALIFCell_0.input_weights': '1.027', 'ALIFCell_0.recurrent_weights': '0.890', 'ReadOut_0.readout_weights': '0.000'}
[2026-06-02 21:55:45,329][src.modRNN.training.alignment][INFO] -   align diffusion_aligned @ epoch 1951: cos {'ALIFCell_0.input_weights': '1.014', 'ALIFCell_0.recurrent_weights': '0.875', 'ReadOut_0.readout_weights': '0.000'}
[2026-06-02 21:55:45,797][src.modRNN.training.alignment][INFO] -   align diffusion_per_step @ epoch 1951: cos {'ALIFCell_0.input_weights': '1.021', 'ALIFCell_0.recurrent_weights': '0.885', 'ReadOut_0.readout_weights': '0.000'}
[2026-06-02 21:55:46,120][src.modRNN.training.alignment][INFO] -   align diffusion_fixed @ epoch 1951: cos {'ALIFCell_0.input_weights': '0.931', 'ALIFCell_0.recurrent_weights': '0.879', 'ReadOut_0.readout_weights': '0.000'}
[2026-06-02 21:55:54,105][src.modRNN.training.alignment][INFO] - epoch 1975  train loss=0.0088  (rule: diffusion)
[2026-06-02 21:56:02,428][src.modRNN.training.alignment][INFO] - epoch 2000  train loss=0.0085  (rule: diffusion)
[2026-06-02 21:56:02,976][src.modRNN.training.alignment][INFO] -   align BPTT @ epoch 2001: cos {'ALIFCell_0.input_weights': '0.000', 'ALIFCell_0.recurrent_weights': '0.000', 'ReadOut_0.readout_weights': '0.000'}
[2026-06-02 21:56:03,256][src.modRNN.training.alignment][INFO] -   align eprop @ epoch 2001: cos {'ALIFCell_0.input_weights': '0.964', 'ALIFCell_0.recurrent_weights': '0.855', 'ReadOut_0.readout_weights': '0.000'}
[2026-06-02 21:56:03,583][src.modRNN.training.alignment][INFO] -   align diffusion_aligned @ epoch 2001: cos {'ALIFCell_0.input_weights': '0.992', 'ALIFCell_0.recurrent_weights': '0.914', 'ReadOut_0.readout_weights': '0.000'}
[2026-06-02 21:56:04,050][src.modRNN.training.alignment][INFO] -   align diffusion_per_step @ epoch 2001: cos {'ALIFCell_0.input_weights': '0.965', 'ALIFCell_0.recurrent_weights': '0.855', 'ReadOut_0.readout_weights': '0.000'}
[2026-06-02 21:56:04,382][src.modRNN.training.alignment][INFO] -   align diffusion_fixed @ epoch 2001: cos {'ALIFCell_0.input_weights': '0.871', 'ALIFCell_0.recurrent_weights': '0.832', 'ReadOut_0.readout_weights': '0.000'}
[2026-06-02 21:56:04,418][src.modRNN.training.alignment][INFO] - Alignment experiment finished. Output dir: /mnt/lustre/work/martius/mot736/neuromodRNN/outputs/pattern_generation/align_nn_connectivity_diffusion_fixed/seed_14572
