[2026-06-02 19:28:49,528][jax._src.xla_bridge][INFO] - Unable to initialize backend 'rocm': module 'jaxlib.xla_extension' has no attribute 'GpuAllocatorConfig'
[2026-06-02 19:28:49,535][jax._src.xla_bridge][INFO] - Unable to initialize backend 'tpu': INTERNAL: Failed to open libtpu.so: libtpu.so: cannot open shared object file: No such file or directory
[2026-06-02 19:28:58,617][src.modRNN.training.alignment][INFO] - Starting alignment experiment: training with diffusion, measuring alignment of ['BPTT', 'eprop', 'diffusion_aligned', 'diffusion_per_step', 'diffusion_fixed'] every 50 epochs.
[2026-06-02 19:29:04,147][src.modRNN.training.alignment][INFO] - epoch 1  train loss=0.6931  (rule: diffusion)
[2026-06-02 19:29:06,774][src.modRNN.training.alignment][INFO] -   align BPTT @ epoch 1: cos {'ALIFCell_0.input_weights': '0.000', 'ALIFCell_0.recurrent_weights': '0.000', 'ReadOut_0.readout_weights': '0.000'}
[2026-06-02 19:29:08,557][src.modRNN.training.alignment][INFO] -   align eprop @ epoch 1: cos {'ALIFCell_0.input_weights': '0.145', 'ALIFCell_0.recurrent_weights': '0.300', 'ReadOut_0.readout_weights': '0.000'}
[2026-06-02 19:29:10,921][src.modRNN.training.alignment][INFO] -   align diffusion_aligned @ epoch 1: cos {'ALIFCell_0.input_weights': '0.335', 'ALIFCell_0.recurrent_weights': '0.947', 'ReadOut_0.readout_weights': '0.000'}
[2026-06-02 19:29:15,617][src.modRNN.training.alignment][INFO] -   align diffusion_per_step @ epoch 1: cos {'ALIFCell_0.input_weights': '0.306', 'ALIFCell_0.recurrent_weights': '0.830', 'ReadOut_0.readout_weights': '0.000'}
[2026-06-02 19:29:18,004][src.modRNN.training.alignment][INFO] -   align diffusion_fixed @ epoch 1: cos {'ALIFCell_0.input_weights': '0.392', 'ALIFCell_0.recurrent_weights': '1.157', 'ReadOut_0.readout_weights': '0.000'}
[2026-06-02 19:29:49,994][src.modRNN.training.alignment][INFO] - epoch 25  train loss=0.6932  (rule: diffusion)
[2026-06-02 19:30:23,482][src.modRNN.training.alignment][INFO] - epoch 50  train loss=0.6931  (rule: diffusion)
[2026-06-02 19:30:26,246][src.modRNN.training.alignment][INFO] -   align BPTT @ epoch 51: cos {'ALIFCell_0.input_weights': '0.000', 'ALIFCell_0.recurrent_weights': '0.000', 'ReadOut_0.readout_weights': '0.000'}
[2026-06-02 19:30:27,239][src.modRNN.training.alignment][INFO] -   align eprop @ epoch 51: cos {'ALIFCell_0.input_weights': '0.389', 'ALIFCell_0.recurrent_weights': '0.254', 'ReadOut_0.readout_weights': '0.000'}
[2026-06-02 19:30:28,536][src.modRNN.training.alignment][INFO] -   align diffusion_aligned @ epoch 51: cos {'ALIFCell_0.input_weights': '0.587', 'ALIFCell_0.recurrent_weights': '1.194', 'ReadOut_0.readout_weights': '0.000'}
[2026-06-02 19:30:30,693][src.modRNN.training.alignment][INFO] -   align diffusion_per_step @ epoch 51: cos {'ALIFCell_0.input_weights': '0.486', 'ALIFCell_0.recurrent_weights': '0.809', 'ReadOut_0.readout_weights': '0.000'}
[2026-06-02 19:30:31,959][src.modRNN.training.alignment][INFO] -   align diffusion_fixed @ epoch 51: cos {'ALIFCell_0.input_weights': '0.590', 'ALIFCell_0.recurrent_weights': '1.243', 'ReadOut_0.readout_weights': '0.000'}
[2026-06-02 19:31:04,212][src.modRNN.training.alignment][INFO] - epoch 75  train loss=0.6931  (rule: diffusion)
[2026-06-02 19:31:37,914][src.modRNN.training.alignment][INFO] - epoch 100  train loss=0.6924  (rule: diffusion)
[2026-06-02 19:31:40,694][src.modRNN.training.alignment][INFO] -   align BPTT @ epoch 101: cos {'ALIFCell_0.input_weights': '0.000', 'ALIFCell_0.recurrent_weights': '0.000', 'ReadOut_0.readout_weights': '0.000'}
[2026-06-02 19:31:41,690][src.modRNN.training.alignment][INFO] -   align eprop @ epoch 101: cos {'ALIFCell_0.input_weights': '1.278', 'ALIFCell_0.recurrent_weights': '1.047', 'ReadOut_0.readout_weights': '0.000'}
[2026-06-02 19:31:42,992][src.modRNN.training.alignment][INFO] -   align diffusion_aligned @ epoch 101: cos {'ALIFCell_0.input_weights': '1.291', 'ALIFCell_0.recurrent_weights': '1.189', 'ReadOut_0.readout_weights': '0.000'}
[2026-06-02 19:31:45,161][src.modRNN.training.alignment][INFO] -   align diffusion_per_step @ epoch 101: cos {'ALIFCell_0.input_weights': '1.340', 'ALIFCell_0.recurrent_weights': '1.451', 'ReadOut_0.readout_weights': '0.000'}
[2026-06-02 19:31:46,436][src.modRNN.training.alignment][INFO] -   align diffusion_fixed @ epoch 101: cos {'ALIFCell_0.input_weights': '1.361', 'ALIFCell_0.recurrent_weights': '1.399', 'ReadOut_0.readout_weights': '0.000'}
[2026-06-02 19:32:18,847][src.modRNN.training.alignment][INFO] - epoch 125  train loss=0.6900  (rule: diffusion)
[2026-06-02 19:32:52,584][src.modRNN.training.alignment][INFO] - epoch 150  train loss=0.7040  (rule: diffusion)
[2026-06-02 19:32:55,364][src.modRNN.training.alignment][INFO] -   align BPTT @ epoch 151: cos {'ALIFCell_0.input_weights': '0.000', 'ALIFCell_0.recurrent_weights': '0.000', 'ReadOut_0.readout_weights': '0.000'}
[2026-06-02 19:32:56,361][src.modRNN.training.alignment][INFO] -   align eprop @ epoch 151: cos {'ALIFCell_0.input_weights': '0.881', 'ALIFCell_0.recurrent_weights': '0.952', 'ReadOut_0.readout_weights': '0.000'}
[2026-06-02 19:32:57,666][src.modRNN.training.alignment][INFO] -   align diffusion_aligned @ epoch 151: cos {'ALIFCell_0.input_weights': '0.784', 'ALIFCell_0.recurrent_weights': '0.862', 'ReadOut_0.readout_weights': '0.000'}
[2026-06-02 19:32:59,836][src.modRNN.training.alignment][INFO] -   align diffusion_per_step @ epoch 151: cos {'ALIFCell_0.input_weights': '0.883', 'ALIFCell_0.recurrent_weights': '0.890', 'ReadOut_0.readout_weights': '0.000'}
[2026-06-02 19:33:01,108][src.modRNN.training.alignment][INFO] -   align diffusion_fixed @ epoch 151: cos {'ALIFCell_0.input_weights': '0.964', 'ALIFCell_0.recurrent_weights': '0.951', 'ReadOut_0.readout_weights': '0.000'}
[2026-06-02 19:33:33,524][src.modRNN.training.alignment][INFO] - epoch 175  train loss=0.6468  (rule: diffusion)
[2026-06-02 19:34:07,273][src.modRNN.training.alignment][INFO] - epoch 200  train loss=0.6283  (rule: diffusion)
[2026-06-02 19:34:10,051][src.modRNN.training.alignment][INFO] -   align BPTT @ epoch 201: cos {'ALIFCell_0.input_weights': '0.000', 'ALIFCell_0.recurrent_weights': '0.000', 'ReadOut_0.readout_weights': '0.000'}
[2026-06-02 19:34:11,049][src.modRNN.training.alignment][INFO] -   align eprop @ epoch 201: cos {'ALIFCell_0.input_weights': '0.963', 'ALIFCell_0.recurrent_weights': '0.734', 'ReadOut_0.readout_weights': '0.000'}
[2026-06-02 19:34:12,355][src.modRNN.training.alignment][INFO] -   align diffusion_aligned @ epoch 201: cos {'ALIFCell_0.input_weights': '1.005', 'ALIFCell_0.recurrent_weights': '0.639', 'ReadOut_0.readout_weights': '0.000'}
[2026-06-02 19:34:14,523][src.modRNN.training.alignment][INFO] -   align diffusion_per_step @ epoch 201: cos {'ALIFCell_0.input_weights': '1.142', 'ALIFCell_0.recurrent_weights': '0.646', 'ReadOut_0.readout_weights': '0.000'}
[2026-06-02 19:34:15,795][src.modRNN.training.alignment][INFO] -   align diffusion_fixed @ epoch 201: cos {'ALIFCell_0.input_weights': '1.155', 'ALIFCell_0.recurrent_weights': '0.685', 'ReadOut_0.readout_weights': '0.000'}
[2026-06-02 19:34:48,145][src.modRNN.training.alignment][INFO] - epoch 225  train loss=0.6050  (rule: diffusion)
[2026-06-02 19:35:21,801][src.modRNN.training.alignment][INFO] - epoch 250  train loss=0.6172  (rule: diffusion)
[2026-06-02 19:35:24,582][src.modRNN.training.alignment][INFO] -   align BPTT @ epoch 251: cos {'ALIFCell_0.input_weights': '0.000', 'ALIFCell_0.recurrent_weights': '0.000', 'ReadOut_0.readout_weights': '0.000'}
[2026-06-02 19:35:25,576][src.modRNN.training.alignment][INFO] -   align eprop @ epoch 251: cos {'ALIFCell_0.input_weights': '1.061', 'ALIFCell_0.recurrent_weights': '1.121', 'ReadOut_0.readout_weights': '0.000'}
[2026-06-02 19:35:26,881][src.modRNN.training.alignment][INFO] -   align diffusion_aligned @ epoch 251: cos {'ALIFCell_0.input_weights': '1.056', 'ALIFCell_0.recurrent_weights': '1.028', 'ReadOut_0.readout_weights': '0.000'}
[2026-06-02 19:35:29,052][src.modRNN.training.alignment][INFO] -   align diffusion_per_step @ epoch 251: cos {'ALIFCell_0.input_weights': '1.109', 'ALIFCell_0.recurrent_weights': '1.132', 'ReadOut_0.readout_weights': '0.000'}
[2026-06-02 19:35:30,323][src.modRNN.training.alignment][INFO] -   align diffusion_fixed @ epoch 251: cos {'ALIFCell_0.input_weights': '1.102', 'ALIFCell_0.recurrent_weights': '1.148', 'ReadOut_0.readout_weights': '0.000'}
[2026-06-02 19:36:02,703][src.modRNN.training.alignment][INFO] - epoch 275  train loss=0.6250  (rule: diffusion)
[2026-06-02 19:36:36,388][src.modRNN.training.alignment][INFO] - epoch 300  train loss=0.5238  (rule: diffusion)
[2026-06-02 19:36:39,170][src.modRNN.training.alignment][INFO] -   align BPTT @ epoch 301: cos {'ALIFCell_0.input_weights': '0.000', 'ALIFCell_0.recurrent_weights': '0.000', 'ReadOut_0.readout_weights': '0.000'}
[2026-06-02 19:36:40,166][src.modRNN.training.alignment][INFO] -   align eprop @ epoch 301: cos {'ALIFCell_0.input_weights': '0.979', 'ALIFCell_0.recurrent_weights': '1.023', 'ReadOut_0.readout_weights': '0.000'}
[2026-06-02 19:36:41,467][src.modRNN.training.alignment][INFO] -   align diffusion_aligned @ epoch 301: cos {'ALIFCell_0.input_weights': '0.875', 'ALIFCell_0.recurrent_weights': '0.872', 'ReadOut_0.readout_weights': '0.000'}
[2026-06-02 19:36:43,639][src.modRNN.training.alignment][INFO] -   align diffusion_per_step @ epoch 301: cos {'ALIFCell_0.input_weights': '0.952', 'ALIFCell_0.recurrent_weights': '0.979', 'ReadOut_0.readout_weights': '0.000'}
[2026-06-02 19:36:44,911][src.modRNN.training.alignment][INFO] -   align diffusion_fixed @ epoch 301: cos {'ALIFCell_0.input_weights': '0.997', 'ALIFCell_0.recurrent_weights': '1.106', 'ReadOut_0.readout_weights': '0.000'}
[2026-06-02 19:37:17,313][src.modRNN.training.alignment][INFO] - epoch 325  train loss=0.5827  (rule: diffusion)
[2026-06-02 19:37:50,990][src.modRNN.training.alignment][INFO] - epoch 350  train loss=0.4718  (rule: diffusion)
[2026-06-02 19:37:53,770][src.modRNN.training.alignment][INFO] -   align BPTT @ epoch 351: cos {'ALIFCell_0.input_weights': '0.000', 'ALIFCell_0.recurrent_weights': '0.000', 'ReadOut_0.readout_weights': '0.000'}
[2026-06-02 19:37:54,766][src.modRNN.training.alignment][INFO] -   align eprop @ epoch 351: cos {'ALIFCell_0.input_weights': '1.079', 'ALIFCell_0.recurrent_weights': '1.081', 'ReadOut_0.readout_weights': '0.000'}
[2026-06-02 19:37:56,069][src.modRNN.training.alignment][INFO] -   align diffusion_aligned @ epoch 351: cos {'ALIFCell_0.input_weights': '1.000', 'ALIFCell_0.recurrent_weights': '0.922', 'ReadOut_0.readout_weights': '0.000'}
[2026-06-02 19:37:58,239][src.modRNN.training.alignment][INFO] -   align diffusion_per_step @ epoch 351: cos {'ALIFCell_0.input_weights': '1.196', 'ALIFCell_0.recurrent_weights': '1.057', 'ReadOut_0.readout_weights': '0.000'}
[2026-06-02 19:37:59,513][src.modRNN.training.alignment][INFO] -   align diffusion_fixed @ epoch 351: cos {'ALIFCell_0.input_weights': '1.331', 'ALIFCell_0.recurrent_weights': '1.109', 'ReadOut_0.readout_weights': '0.000'}
[2026-06-02 19:38:31,945][src.modRNN.training.alignment][INFO] - epoch 375  train loss=0.5049  (rule: diffusion)
[2026-06-02 19:39:05,645][src.modRNN.training.alignment][INFO] - epoch 400  train loss=0.4415  (rule: diffusion)
[2026-06-02 19:39:08,429][src.modRNN.training.alignment][INFO] -   align BPTT @ epoch 401: cos {'ALIFCell_0.input_weights': '0.000', 'ALIFCell_0.recurrent_weights': '0.000', 'ReadOut_0.readout_weights': '0.000'}
[2026-06-02 19:39:09,423][src.modRNN.training.alignment][INFO] -   align eprop @ epoch 401: cos {'ALIFCell_0.input_weights': '1.204', 'ALIFCell_0.recurrent_weights': '0.953', 'ReadOut_0.readout_weights': '0.000'}
[2026-06-02 19:39:10,725][src.modRNN.training.alignment][INFO] -   align diffusion_aligned @ epoch 401: cos {'ALIFCell_0.input_weights': '1.012', 'ALIFCell_0.recurrent_weights': '0.653', 'ReadOut_0.readout_weights': '0.000'}
[2026-06-02 19:39:12,891][src.modRNN.training.alignment][INFO] -   align diffusion_per_step @ epoch 401: cos {'ALIFCell_0.input_weights': '1.219', 'ALIFCell_0.recurrent_weights': '0.862', 'ReadOut_0.readout_weights': '0.000'}
[2026-06-02 19:39:14,159][src.modRNN.training.alignment][INFO] -   align diffusion_fixed @ epoch 401: cos {'ALIFCell_0.input_weights': '1.339', 'ALIFCell_0.recurrent_weights': '0.803', 'ReadOut_0.readout_weights': '0.000'}
[2026-06-02 19:39:46,460][src.modRNN.training.alignment][INFO] - epoch 425  train loss=0.4337  (rule: diffusion)
[2026-06-02 19:40:20,159][src.modRNN.training.alignment][INFO] - epoch 450  train loss=0.3139  (rule: diffusion)
[2026-06-02 19:40:22,937][src.modRNN.training.alignment][INFO] -   align BPTT @ epoch 451: cos {'ALIFCell_0.input_weights': '0.000', 'ALIFCell_0.recurrent_weights': '0.000', 'ReadOut_0.readout_weights': '0.000'}
[2026-06-02 19:40:23,933][src.modRNN.training.alignment][INFO] -   align eprop @ epoch 451: cos {'ALIFCell_0.input_weights': '0.954', 'ALIFCell_0.recurrent_weights': '1.229', 'ReadOut_0.readout_weights': '0.000'}
[2026-06-02 19:40:25,236][src.modRNN.training.alignment][INFO] -   align diffusion_aligned @ epoch 451: cos {'ALIFCell_0.input_weights': '0.925', 'ALIFCell_0.recurrent_weights': '1.009', 'ReadOut_0.readout_weights': '0.000'}
[2026-06-02 19:40:27,406][src.modRNN.training.alignment][INFO] -   align diffusion_per_step @ epoch 451: cos {'ALIFCell_0.input_weights': '0.938', 'ALIFCell_0.recurrent_weights': '1.158', 'ReadOut_0.readout_weights': '0.000'}
[2026-06-02 19:40:28,678][src.modRNN.training.alignment][INFO] -   align diffusion_fixed @ epoch 451: cos {'ALIFCell_0.input_weights': '0.972', 'ALIFCell_0.recurrent_weights': '1.123', 'ReadOut_0.readout_weights': '0.000'}
[2026-06-02 19:41:01,015][src.modRNN.training.alignment][INFO] - epoch 475  train loss=0.4811  (rule: diffusion)
[2026-06-02 19:41:34,697][src.modRNN.training.alignment][INFO] - epoch 500  train loss=0.5033  (rule: diffusion)
[2026-06-02 19:41:37,479][src.modRNN.training.alignment][INFO] -   align BPTT @ epoch 501: cos {'ALIFCell_0.input_weights': '0.000', 'ALIFCell_0.recurrent_weights': '0.000', 'ReadOut_0.readout_weights': '0.000'}
[2026-06-02 19:41:38,476][src.modRNN.training.alignment][INFO] -   align eprop @ epoch 501: cos {'ALIFCell_0.input_weights': '0.989', 'ALIFCell_0.recurrent_weights': '1.030', 'ReadOut_0.readout_weights': '0.000'}
[2026-06-02 19:41:39,778][src.modRNN.training.alignment][INFO] -   align diffusion_aligned @ epoch 501: cos {'ALIFCell_0.input_weights': '0.966', 'ALIFCell_0.recurrent_weights': '0.927', 'ReadOut_0.readout_weights': '0.000'}
[2026-06-02 19:41:41,947][src.modRNN.training.alignment][INFO] -   align diffusion_per_step @ epoch 501: cos {'ALIFCell_0.input_weights': '0.969', 'ALIFCell_0.recurrent_weights': '0.979', 'ReadOut_0.readout_weights': '0.000'}
[2026-06-02 19:41:43,219][src.modRNN.training.alignment][INFO] -   align diffusion_fixed @ epoch 501: cos {'ALIFCell_0.input_weights': '0.972', 'ALIFCell_0.recurrent_weights': '0.950', 'ReadOut_0.readout_weights': '0.000'}
[2026-06-02 19:42:15,544][src.modRNN.training.alignment][INFO] - epoch 525  train loss=0.3721  (rule: diffusion)
[2026-06-02 19:42:49,234][src.modRNN.training.alignment][INFO] - epoch 550  train loss=0.4970  (rule: diffusion)
[2026-06-02 19:42:52,014][src.modRNN.training.alignment][INFO] -   align BPTT @ epoch 551: cos {'ALIFCell_0.input_weights': '0.000', 'ALIFCell_0.recurrent_weights': '0.000', 'ReadOut_0.readout_weights': '0.000'}
[2026-06-02 19:42:53,011][src.modRNN.training.alignment][INFO] -   align eprop @ epoch 551: cos {'ALIFCell_0.input_weights': '1.197', 'ALIFCell_0.recurrent_weights': '1.033', 'ReadOut_0.readout_weights': '0.000'}
[2026-06-02 19:42:54,316][src.modRNN.training.alignment][INFO] -   align diffusion_aligned @ epoch 551: cos {'ALIFCell_0.input_weights': '1.132', 'ALIFCell_0.recurrent_weights': '0.926', 'ReadOut_0.readout_weights': '0.000'}
[2026-06-02 19:42:56,487][src.modRNN.training.alignment][INFO] -   align diffusion_per_step @ epoch 551: cos {'ALIFCell_0.input_weights': '1.209', 'ALIFCell_0.recurrent_weights': '1.024', 'ReadOut_0.readout_weights': '0.000'}
[2026-06-02 19:42:57,757][src.modRNN.training.alignment][INFO] -   align diffusion_fixed @ epoch 551: cos {'ALIFCell_0.input_weights': '1.195', 'ALIFCell_0.recurrent_weights': '1.038', 'ReadOut_0.readout_weights': '0.000'}
[2026-06-02 19:43:30,103][src.modRNN.training.alignment][INFO] - epoch 575  train loss=0.3275  (rule: diffusion)
[2026-06-02 19:44:03,774][src.modRNN.training.alignment][INFO] - epoch 600  train loss=0.3673  (rule: diffusion)
[2026-06-02 19:44:06,555][src.modRNN.training.alignment][INFO] -   align BPTT @ epoch 601: cos {'ALIFCell_0.input_weights': '0.000', 'ALIFCell_0.recurrent_weights': '0.000', 'ReadOut_0.readout_weights': '0.000'}
[2026-06-02 19:44:07,552][src.modRNN.training.alignment][INFO] -   align eprop @ epoch 601: cos {'ALIFCell_0.input_weights': '0.911', 'ALIFCell_0.recurrent_weights': '1.145', 'ReadOut_0.readout_weights': '0.000'}
[2026-06-02 19:44:08,855][src.modRNN.training.alignment][INFO] -   align diffusion_aligned @ epoch 601: cos {'ALIFCell_0.input_weights': '0.848', 'ALIFCell_0.recurrent_weights': '1.045', 'ReadOut_0.readout_weights': '0.000'}
[2026-06-02 19:44:11,023][src.modRNN.training.alignment][INFO] -   align diffusion_per_step @ epoch 601: cos {'ALIFCell_0.input_weights': '0.879', 'ALIFCell_0.recurrent_weights': '1.159', 'ReadOut_0.readout_weights': '0.000'}
[2026-06-02 19:44:12,294][src.modRNN.training.alignment][INFO] -   align diffusion_fixed @ epoch 601: cos {'ALIFCell_0.input_weights': '0.877', 'ALIFCell_0.recurrent_weights': '1.195', 'ReadOut_0.readout_weights': '0.000'}
[2026-06-02 19:44:44,632][src.modRNN.training.alignment][INFO] - epoch 625  train loss=0.3608  (rule: diffusion)
[2026-06-02 19:45:18,387][src.modRNN.training.alignment][INFO] - epoch 650  train loss=0.4105  (rule: diffusion)
[2026-06-02 19:45:21,172][src.modRNN.training.alignment][INFO] -   align BPTT @ epoch 651: cos {'ALIFCell_0.input_weights': '0.000', 'ALIFCell_0.recurrent_weights': '0.000', 'ReadOut_0.readout_weights': '0.000'}
[2026-06-02 19:45:22,170][src.modRNN.training.alignment][INFO] -   align eprop @ epoch 651: cos {'ALIFCell_0.input_weights': '0.733', 'ALIFCell_0.recurrent_weights': '1.060', 'ReadOut_0.readout_weights': '0.000'}
[2026-06-02 19:45:23,475][src.modRNN.training.alignment][INFO] -   align diffusion_aligned @ epoch 651: cos {'ALIFCell_0.input_weights': '0.576', 'ALIFCell_0.recurrent_weights': '0.901', 'ReadOut_0.readout_weights': '0.000'}
[2026-06-02 19:45:25,646][src.modRNN.training.alignment][INFO] -   align diffusion_per_step @ epoch 651: cos {'ALIFCell_0.input_weights': '0.696', 'ALIFCell_0.recurrent_weights': '1.091', 'ReadOut_0.readout_weights': '0.000'}
[2026-06-02 19:45:26,915][src.modRNN.training.alignment][INFO] -   align diffusion_fixed @ epoch 651: cos {'ALIFCell_0.input_weights': '0.695', 'ALIFCell_0.recurrent_weights': '1.179', 'ReadOut_0.readout_weights': '0.000'}
[2026-06-02 19:45:59,256][src.modRNN.training.alignment][INFO] - epoch 675  train loss=0.3729  (rule: diffusion)
[2026-06-02 19:46:32,983][src.modRNN.training.alignment][INFO] - epoch 700  train loss=0.4167  (rule: diffusion)
[2026-06-02 19:46:35,762][src.modRNN.training.alignment][INFO] -   align BPTT @ epoch 701: cos {'ALIFCell_0.input_weights': '0.000', 'ALIFCell_0.recurrent_weights': '0.000', 'ReadOut_0.readout_weights': '0.000'}
[2026-06-02 19:46:36,761][src.modRNN.training.alignment][INFO] -   align eprop @ epoch 701: cos {'ALIFCell_0.input_weights': '0.706', 'ALIFCell_0.recurrent_weights': '1.102', 'ReadOut_0.readout_weights': '0.000'}
[2026-06-02 19:46:38,063][src.modRNN.training.alignment][INFO] -   align diffusion_aligned @ epoch 701: cos {'ALIFCell_0.input_weights': '0.703', 'ALIFCell_0.recurrent_weights': '1.002', 'ReadOut_0.readout_weights': '0.000'}
[2026-06-02 19:46:40,232][src.modRNN.training.alignment][INFO] -   align diffusion_per_step @ epoch 701: cos {'ALIFCell_0.input_weights': '0.725', 'ALIFCell_0.recurrent_weights': '1.099', 'ReadOut_0.readout_weights': '0.000'}
[2026-06-02 19:46:41,503][src.modRNN.training.alignment][INFO] -   align diffusion_fixed @ epoch 701: cos {'ALIFCell_0.input_weights': '0.729', 'ALIFCell_0.recurrent_weights': '1.070', 'ReadOut_0.readout_weights': '0.000'}
[2026-06-02 19:47:13,853][src.modRNN.training.alignment][INFO] - epoch 725  train loss=0.3462  (rule: diffusion)
[2026-06-02 19:47:47,528][src.modRNN.training.alignment][INFO] - epoch 750  train loss=0.3182  (rule: diffusion)
[2026-06-02 19:47:50,307][src.modRNN.training.alignment][INFO] -   align BPTT @ epoch 751: cos {'ALIFCell_0.input_weights': '0.000', 'ALIFCell_0.recurrent_weights': '0.000', 'ReadOut_0.readout_weights': '0.000'}
[2026-06-02 19:47:51,303][src.modRNN.training.alignment][INFO] -   align eprop @ epoch 751: cos {'ALIFCell_0.input_weights': '0.733', 'ALIFCell_0.recurrent_weights': '1.042', 'ReadOut_0.readout_weights': '0.000'}
[2026-06-02 19:47:52,603][src.modRNN.training.alignment][INFO] -   align diffusion_aligned @ epoch 751: cos {'ALIFCell_0.input_weights': '0.621', 'ALIFCell_0.recurrent_weights': '0.802', 'ReadOut_0.readout_weights': '0.000'}
[2026-06-02 19:47:54,770][src.modRNN.training.alignment][INFO] -   align diffusion_per_step @ epoch 751: cos {'ALIFCell_0.input_weights': '0.679', 'ALIFCell_0.recurrent_weights': '0.975', 'ReadOut_0.readout_weights': '0.000'}
[2026-06-02 19:47:56,041][src.modRNN.training.alignment][INFO] -   align diffusion_fixed @ epoch 751: cos {'ALIFCell_0.input_weights': '0.685', 'ALIFCell_0.recurrent_weights': '1.022', 'ReadOut_0.readout_weights': '0.000'}
[2026-06-02 19:48:28,401][src.modRNN.training.alignment][INFO] - epoch 775  train loss=0.3391  (rule: diffusion)
[2026-06-02 19:49:02,118][src.modRNN.training.alignment][INFO] - epoch 800  train loss=0.4095  (rule: diffusion)
[2026-06-02 19:49:04,903][src.modRNN.training.alignment][INFO] -   align BPTT @ epoch 801: cos {'ALIFCell_0.input_weights': '0.000', 'ALIFCell_0.recurrent_weights': '0.000', 'ReadOut_0.readout_weights': '0.000'}
[2026-06-02 19:49:05,901][src.modRNN.training.alignment][INFO] -   align eprop @ epoch 801: cos {'ALIFCell_0.input_weights': '1.152', 'ALIFCell_0.recurrent_weights': '1.239', 'ReadOut_0.readout_weights': '0.000'}
[2026-06-02 19:49:07,206][src.modRNN.training.alignment][INFO] -   align diffusion_aligned @ epoch 801: cos {'ALIFCell_0.input_weights': '1.031', 'ALIFCell_0.recurrent_weights': '0.848', 'ReadOut_0.readout_weights': '0.000'}
[2026-06-02 19:49:09,376][src.modRNN.training.alignment][INFO] -   align diffusion_per_step @ epoch 801: cos {'ALIFCell_0.input_weights': '1.092', 'ALIFCell_0.recurrent_weights': '1.084', 'ReadOut_0.readout_weights': '0.000'}
[2026-06-02 19:49:10,650][src.modRNN.training.alignment][INFO] -   align diffusion_fixed @ epoch 801: cos {'ALIFCell_0.input_weights': '1.110', 'ALIFCell_0.recurrent_weights': '1.067', 'ReadOut_0.readout_weights': '0.000'}
[2026-06-02 19:49:43,031][src.modRNN.training.alignment][INFO] - epoch 825  train loss=0.4703  (rule: diffusion)
[2026-06-02 19:50:16,746][src.modRNN.training.alignment][INFO] - epoch 850  train loss=0.3676  (rule: diffusion)
[2026-06-02 19:50:19,529][src.modRNN.training.alignment][INFO] -   align BPTT @ epoch 851: cos {'ALIFCell_0.input_weights': '0.000', 'ALIFCell_0.recurrent_weights': '0.000', 'ReadOut_0.readout_weights': '0.000'}
[2026-06-02 19:50:20,526][src.modRNN.training.alignment][INFO] -   align eprop @ epoch 851: cos {'ALIFCell_0.input_weights': '0.946', 'ALIFCell_0.recurrent_weights': '1.003', 'ReadOut_0.readout_weights': '0.000'}
[2026-06-02 19:50:21,830][src.modRNN.training.alignment][INFO] -   align diffusion_aligned @ epoch 851: cos {'ALIFCell_0.input_weights': '0.982', 'ALIFCell_0.recurrent_weights': '0.980', 'ReadOut_0.readout_weights': '0.000'}
[2026-06-02 19:50:23,999][src.modRNN.training.alignment][INFO] -   align diffusion_per_step @ epoch 851: cos {'ALIFCell_0.input_weights': '0.982', 'ALIFCell_0.recurrent_weights': '1.130', 'ReadOut_0.readout_weights': '0.000'}
[2026-06-02 19:50:25,268][src.modRNN.training.alignment][INFO] -   align diffusion_fixed @ epoch 851: cos {'ALIFCell_0.input_weights': '1.019', 'ALIFCell_0.recurrent_weights': '1.374', 'ReadOut_0.readout_weights': '0.000'}
[2026-06-02 19:50:57,645][src.modRNN.training.alignment][INFO] - epoch 875  train loss=0.4429  (rule: diffusion)
[2026-06-02 19:51:31,365][src.modRNN.training.alignment][INFO] - epoch 900  train loss=0.2963  (rule: diffusion)
[2026-06-02 19:51:34,141][src.modRNN.training.alignment][INFO] -   align BPTT @ epoch 901: cos {'ALIFCell_0.input_weights': '0.000', 'ALIFCell_0.recurrent_weights': '0.000', 'ReadOut_0.readout_weights': '0.000'}
[2026-06-02 19:51:35,138][src.modRNN.training.alignment][INFO] -   align eprop @ epoch 901: cos {'ALIFCell_0.input_weights': '0.796', 'ALIFCell_0.recurrent_weights': '0.959', 'ReadOut_0.readout_weights': '0.000'}
[2026-06-02 19:51:36,441][src.modRNN.training.alignment][INFO] -   align diffusion_aligned @ epoch 901: cos {'ALIFCell_0.input_weights': '0.672', 'ALIFCell_0.recurrent_weights': '0.831', 'ReadOut_0.readout_weights': '0.000'}
[2026-06-02 19:51:38,618][src.modRNN.training.alignment][INFO] -   align diffusion_per_step @ epoch 901: cos {'ALIFCell_0.input_weights': '0.727', 'ALIFCell_0.recurrent_weights': '0.915', 'ReadOut_0.readout_weights': '0.000'}
[2026-06-02 19:51:39,886][src.modRNN.training.alignment][INFO] -   align diffusion_fixed @ epoch 901: cos {'ALIFCell_0.input_weights': '0.749', 'ALIFCell_0.recurrent_weights': '0.967', 'ReadOut_0.readout_weights': '0.000'}
[2026-06-02 19:52:12,257][src.modRNN.training.alignment][INFO] - epoch 925  train loss=0.4364  (rule: diffusion)
[2026-06-02 19:52:45,993][src.modRNN.training.alignment][INFO] - epoch 950  train loss=0.4921  (rule: diffusion)
[2026-06-02 19:52:48,772][src.modRNN.training.alignment][INFO] -   align BPTT @ epoch 951: cos {'ALIFCell_0.input_weights': '0.000', 'ALIFCell_0.recurrent_weights': '0.000', 'ReadOut_0.readout_weights': '0.000'}
[2026-06-02 19:52:49,766][src.modRNN.training.alignment][INFO] -   align eprop @ epoch 951: cos {'ALIFCell_0.input_weights': '0.941', 'ALIFCell_0.recurrent_weights': '0.923', 'ReadOut_0.readout_weights': '0.000'}
[2026-06-02 19:52:51,070][src.modRNN.training.alignment][INFO] -   align diffusion_aligned @ epoch 951: cos {'ALIFCell_0.input_weights': '0.869', 'ALIFCell_0.recurrent_weights': '0.884', 'ReadOut_0.readout_weights': '0.000'}
[2026-06-02 19:52:53,236][src.modRNN.training.alignment][INFO] -   align diffusion_per_step @ epoch 951: cos {'ALIFCell_0.input_weights': '0.943', 'ALIFCell_0.recurrent_weights': '0.890', 'ReadOut_0.readout_weights': '0.000'}
[2026-06-02 19:52:54,506][src.modRNN.training.alignment][INFO] -   align diffusion_fixed @ epoch 951: cos {'ALIFCell_0.input_weights': '0.905', 'ALIFCell_0.recurrent_weights': '0.915', 'ReadOut_0.readout_weights': '0.000'}
[2026-06-02 19:53:26,876][src.modRNN.training.alignment][INFO] - epoch 975  train loss=0.3917  (rule: diffusion)
[2026-06-02 19:54:00,565][src.modRNN.training.alignment][INFO] - epoch 1000  train loss=0.4049  (rule: diffusion)
[2026-06-02 19:54:03,347][src.modRNN.training.alignment][INFO] -   align BPTT @ epoch 1001: cos {'ALIFCell_0.input_weights': '0.000', 'ALIFCell_0.recurrent_weights': '0.000', 'ReadOut_0.readout_weights': '0.000'}
[2026-06-02 19:54:04,343][src.modRNN.training.alignment][INFO] -   align eprop @ epoch 1001: cos {'ALIFCell_0.input_weights': '1.099', 'ALIFCell_0.recurrent_weights': '1.275', 'ReadOut_0.readout_weights': '0.000'}
[2026-06-02 19:54:05,648][src.modRNN.training.alignment][INFO] -   align diffusion_aligned @ epoch 1001: cos {'ALIFCell_0.input_weights': '0.893', 'ALIFCell_0.recurrent_weights': '1.008', 'ReadOut_0.readout_weights': '0.000'}
[2026-06-02 19:54:07,818][src.modRNN.training.alignment][INFO] -   align diffusion_per_step @ epoch 1001: cos {'ALIFCell_0.input_weights': '0.993', 'ALIFCell_0.recurrent_weights': '1.135', 'ReadOut_0.readout_weights': '0.000'}
[2026-06-02 19:54:09,088][src.modRNN.training.alignment][INFO] -   align diffusion_fixed @ epoch 1001: cos {'ALIFCell_0.input_weights': '1.064', 'ALIFCell_0.recurrent_weights': '1.220', 'ReadOut_0.readout_weights': '0.000'}
[2026-06-02 19:54:41,415][src.modRNN.training.alignment][INFO] - epoch 1025  train loss=0.3182  (rule: diffusion)
[2026-06-02 19:55:15,089][src.modRNN.training.alignment][INFO] - epoch 1050  train loss=0.2842  (rule: diffusion)
[2026-06-02 19:55:17,869][src.modRNN.training.alignment][INFO] -   align BPTT @ epoch 1051: cos {'ALIFCell_0.input_weights': '0.000', 'ALIFCell_0.recurrent_weights': '0.000', 'ReadOut_0.readout_weights': '0.000'}
[2026-06-02 19:55:18,868][src.modRNN.training.alignment][INFO] -   align eprop @ epoch 1051: cos {'ALIFCell_0.input_weights': '0.581', 'ALIFCell_0.recurrent_weights': '0.835', 'ReadOut_0.readout_weights': '0.000'}
[2026-06-02 19:55:20,169][src.modRNN.training.alignment][INFO] -   align diffusion_aligned @ epoch 1051: cos {'ALIFCell_0.input_weights': '0.537', 'ALIFCell_0.recurrent_weights': '0.717', 'ReadOut_0.readout_weights': '0.000'}
[2026-06-02 19:55:22,339][src.modRNN.training.alignment][INFO] -   align diffusion_per_step @ epoch 1051: cos {'ALIFCell_0.input_weights': '0.557', 'ALIFCell_0.recurrent_weights': '0.773', 'ReadOut_0.readout_weights': '0.000'}
[2026-06-02 19:55:23,612][src.modRNN.training.alignment][INFO] -   align diffusion_fixed @ epoch 1051: cos {'ALIFCell_0.input_weights': '0.554', 'ALIFCell_0.recurrent_weights': '0.831', 'ReadOut_0.readout_weights': '0.000'}
[2026-06-02 19:55:55,911][src.modRNN.training.alignment][INFO] - epoch 1075  train loss=0.3109  (rule: diffusion)
[2026-06-02 19:56:29,590][src.modRNN.training.alignment][INFO] - epoch 1100  train loss=0.3798  (rule: diffusion)
[2026-06-02 19:56:32,376][src.modRNN.training.alignment][INFO] -   align BPTT @ epoch 1101: cos {'ALIFCell_0.input_weights': '0.000', 'ALIFCell_0.recurrent_weights': '0.000', 'ReadOut_0.readout_weights': '0.000'}
[2026-06-02 19:56:33,374][src.modRNN.training.alignment][INFO] -   align eprop @ epoch 1101: cos {'ALIFCell_0.input_weights': '0.687', 'ALIFCell_0.recurrent_weights': '1.007', 'ReadOut_0.readout_weights': '0.000'}
[2026-06-02 19:56:34,681][src.modRNN.training.alignment][INFO] -   align diffusion_aligned @ epoch 1101: cos {'ALIFCell_0.input_weights': '0.678', 'ALIFCell_0.recurrent_weights': '0.982', 'ReadOut_0.readout_weights': '0.000'}
[2026-06-02 19:56:36,850][src.modRNN.training.alignment][INFO] -   align diffusion_per_step @ epoch 1101: cos {'ALIFCell_0.input_weights': '0.711', 'ALIFCell_0.recurrent_weights': '1.046', 'ReadOut_0.readout_weights': '0.000'}
[2026-06-02 19:56:38,122][src.modRNN.training.alignment][INFO] -   align diffusion_fixed @ epoch 1101: cos {'ALIFCell_0.input_weights': '0.708', 'ALIFCell_0.recurrent_weights': '1.073', 'ReadOut_0.readout_weights': '0.000'}
[2026-06-02 19:57:10,476][src.modRNN.training.alignment][INFO] - epoch 1125  train loss=0.2940  (rule: diffusion)
[2026-06-02 19:57:44,178][src.modRNN.training.alignment][INFO] - epoch 1150  train loss=0.3523  (rule: diffusion)
[2026-06-02 19:57:46,961][src.modRNN.training.alignment][INFO] -   align BPTT @ epoch 1151: cos {'ALIFCell_0.input_weights': '0.000', 'ALIFCell_0.recurrent_weights': '0.000', 'ReadOut_0.readout_weights': '0.000'}
[2026-06-02 19:57:47,954][src.modRNN.training.alignment][INFO] -   align eprop @ epoch 1151: cos {'ALIFCell_0.input_weights': '0.804', 'ALIFCell_0.recurrent_weights': '1.069', 'ReadOut_0.readout_weights': '0.000'}
[2026-06-02 19:57:49,257][src.modRNN.training.alignment][INFO] -   align diffusion_aligned @ epoch 1151: cos {'ALIFCell_0.input_weights': '0.764', 'ALIFCell_0.recurrent_weights': '1.028', 'ReadOut_0.readout_weights': '0.000'}
[2026-06-02 19:57:51,425][src.modRNN.training.alignment][INFO] -   align diffusion_per_step @ epoch 1151: cos {'ALIFCell_0.input_weights': '0.819', 'ALIFCell_0.recurrent_weights': '1.078', 'ReadOut_0.readout_weights': '0.000'}
[2026-06-02 19:57:52,695][src.modRNN.training.alignment][INFO] -   align diffusion_fixed @ epoch 1151: cos {'ALIFCell_0.input_weights': '0.854', 'ALIFCell_0.recurrent_weights': '1.134', 'ReadOut_0.readout_weights': '0.000'}
[2026-06-02 19:58:25,031][src.modRNN.training.alignment][INFO] - epoch 1175  train loss=0.4045  (rule: diffusion)
[2026-06-02 19:58:58,691][src.modRNN.training.alignment][INFO] - epoch 1200  train loss=0.4045  (rule: diffusion)
[2026-06-02 19:59:01,470][src.modRNN.training.alignment][INFO] -   align BPTT @ epoch 1201: cos {'ALIFCell_0.input_weights': '0.000', 'ALIFCell_0.recurrent_weights': '0.000', 'ReadOut_0.readout_weights': '0.000'}
[2026-06-02 19:59:02,479][src.modRNN.training.alignment][INFO] -   align eprop @ epoch 1201: cos {'ALIFCell_0.input_weights': '1.083', 'ALIFCell_0.recurrent_weights': '1.278', 'ReadOut_0.readout_weights': '0.000'}
[2026-06-02 19:59:03,782][src.modRNN.training.alignment][INFO] -   align diffusion_aligned @ epoch 1201: cos {'ALIFCell_0.input_weights': '0.982', 'ALIFCell_0.recurrent_weights': '1.178', 'ReadOut_0.readout_weights': '0.000'}
[2026-06-02 19:59:05,950][src.modRNN.training.alignment][INFO] -   align diffusion_per_step @ epoch 1201: cos {'ALIFCell_0.input_weights': '1.023', 'ALIFCell_0.recurrent_weights': '1.318', 'ReadOut_0.readout_weights': '0.000'}
[2026-06-02 19:59:07,218][src.modRNN.training.alignment][INFO] -   align diffusion_fixed @ epoch 1201: cos {'ALIFCell_0.input_weights': '1.131', 'ALIFCell_0.recurrent_weights': '1.553', 'ReadOut_0.readout_weights': '0.000'}
[2026-06-02 19:59:39,532][src.modRNN.training.alignment][INFO] - epoch 1225  train loss=0.5215  (rule: diffusion)
[2026-06-02 20:00:13,216][src.modRNN.training.alignment][INFO] - epoch 1250  train loss=0.3777  (rule: diffusion)
[2026-06-02 20:00:15,998][src.modRNN.training.alignment][INFO] -   align BPTT @ epoch 1251: cos {'ALIFCell_0.input_weights': '0.000', 'ALIFCell_0.recurrent_weights': '0.000', 'ReadOut_0.readout_weights': '0.000'}
[2026-06-02 20:00:16,995][src.modRNN.training.alignment][INFO] -   align eprop @ epoch 1251: cos {'ALIFCell_0.input_weights': '0.917', 'ALIFCell_0.recurrent_weights': '0.981', 'ReadOut_0.readout_weights': '0.000'}
[2026-06-02 20:00:18,299][src.modRNN.training.alignment][INFO] -   align diffusion_aligned @ epoch 1251: cos {'ALIFCell_0.input_weights': '0.898', 'ALIFCell_0.recurrent_weights': '0.904', 'ReadOut_0.readout_weights': '0.000'}
[2026-06-02 20:00:20,471][src.modRNN.training.alignment][INFO] -   align diffusion_per_step @ epoch 1251: cos {'ALIFCell_0.input_weights': '0.964', 'ALIFCell_0.recurrent_weights': '0.956', 'ReadOut_0.readout_weights': '0.000'}
[2026-06-02 20:00:21,744][src.modRNN.training.alignment][INFO] -   align diffusion_fixed @ epoch 1251: cos {'ALIFCell_0.input_weights': '0.986', 'ALIFCell_0.recurrent_weights': '1.040', 'ReadOut_0.readout_weights': '0.000'}
[2026-06-02 20:00:54,075][src.modRNN.training.alignment][INFO] - epoch 1275  train loss=0.3375  (rule: diffusion)
[2026-06-02 20:01:27,806][src.modRNN.training.alignment][INFO] - epoch 1300  train loss=0.2249  (rule: diffusion)
[2026-06-02 20:01:30,589][src.modRNN.training.alignment][INFO] -   align BPTT @ epoch 1301: cos {'ALIFCell_0.input_weights': '0.000', 'ALIFCell_0.recurrent_weights': '0.000', 'ReadOut_0.readout_weights': '0.000'}
[2026-06-02 20:01:31,584][src.modRNN.training.alignment][INFO] -   align eprop @ epoch 1301: cos {'ALIFCell_0.input_weights': '1.004', 'ALIFCell_0.recurrent_weights': '1.006', 'ReadOut_0.readout_weights': '0.000'}
[2026-06-02 20:01:32,886][src.modRNN.training.alignment][INFO] -   align diffusion_aligned @ epoch 1301: cos {'ALIFCell_0.input_weights': '0.837', 'ALIFCell_0.recurrent_weights': '0.915', 'ReadOut_0.readout_weights': '0.000'}
[2026-06-02 20:01:35,053][src.modRNN.training.alignment][INFO] -   align diffusion_per_step @ epoch 1301: cos {'ALIFCell_0.input_weights': '1.017', 'ALIFCell_0.recurrent_weights': '1.041', 'ReadOut_0.readout_weights': '0.000'}
[2026-06-02 20:01:36,322][src.modRNN.training.alignment][INFO] -   align diffusion_fixed @ epoch 1301: cos {'ALIFCell_0.input_weights': '1.127', 'ALIFCell_0.recurrent_weights': '1.126', 'ReadOut_0.readout_weights': '0.000'}
[2026-06-02 20:02:08,652][src.modRNN.training.alignment][INFO] - epoch 1325  train loss=0.3118  (rule: diffusion)
[2026-06-02 20:02:42,320][src.modRNN.training.alignment][INFO] - epoch 1350  train loss=0.2736  (rule: diffusion)
[2026-06-02 20:02:45,100][src.modRNN.training.alignment][INFO] -   align BPTT @ epoch 1351: cos {'ALIFCell_0.input_weights': '0.000', 'ALIFCell_0.recurrent_weights': '0.000', 'ReadOut_0.readout_weights': '0.000'}
[2026-06-02 20:02:46,097][src.modRNN.training.alignment][INFO] -   align eprop @ epoch 1351: cos {'ALIFCell_0.input_weights': '1.147', 'ALIFCell_0.recurrent_weights': '1.181', 'ReadOut_0.readout_weights': '0.000'}
[2026-06-02 20:02:47,404][src.modRNN.training.alignment][INFO] -   align diffusion_aligned @ epoch 1351: cos {'ALIFCell_0.input_weights': '1.013', 'ALIFCell_0.recurrent_weights': '1.016', 'ReadOut_0.readout_weights': '0.000'}
[2026-06-02 20:02:49,576][src.modRNN.training.alignment][INFO] -   align diffusion_per_step @ epoch 1351: cos {'ALIFCell_0.input_weights': '1.157', 'ALIFCell_0.recurrent_weights': '1.334', 'ReadOut_0.readout_weights': '0.000'}
[2026-06-02 20:02:50,848][src.modRNN.training.alignment][INFO] -   align diffusion_fixed @ epoch 1351: cos {'ALIFCell_0.input_weights': '1.215', 'ALIFCell_0.recurrent_weights': '1.468', 'ReadOut_0.readout_weights': '0.000'}
[2026-06-02 20:03:23,194][src.modRNN.training.alignment][INFO] - epoch 1375  train loss=0.2956  (rule: diffusion)
[2026-06-02 20:03:56,873][src.modRNN.training.alignment][INFO] - epoch 1400  train loss=0.2954  (rule: diffusion)
[2026-06-02 20:03:59,656][src.modRNN.training.alignment][INFO] -   align BPTT @ epoch 1401: cos {'ALIFCell_0.input_weights': '0.000', 'ALIFCell_0.recurrent_weights': '0.000', 'ReadOut_0.readout_weights': '0.000'}
[2026-06-02 20:04:00,653][src.modRNN.training.alignment][INFO] -   align eprop @ epoch 1401: cos {'ALIFCell_0.input_weights': '1.210', 'ALIFCell_0.recurrent_weights': '1.206', 'ReadOut_0.readout_weights': '0.000'}
[2026-06-02 20:04:01,964][src.modRNN.training.alignment][INFO] -   align diffusion_aligned @ epoch 1401: cos {'ALIFCell_0.input_weights': '0.997', 'ALIFCell_0.recurrent_weights': '1.154', 'ReadOut_0.readout_weights': '0.000'}
[2026-06-02 20:04:04,134][src.modRNN.training.alignment][INFO] -   align diffusion_per_step @ epoch 1401: cos {'ALIFCell_0.input_weights': '1.117', 'ALIFCell_0.recurrent_weights': '1.270', 'ReadOut_0.readout_weights': '0.000'}
[2026-06-02 20:04:05,407][src.modRNN.training.alignment][INFO] -   align diffusion_fixed @ epoch 1401: cos {'ALIFCell_0.input_weights': '1.245', 'ALIFCell_0.recurrent_weights': '1.444', 'ReadOut_0.readout_weights': '0.000'}
[2026-06-02 20:04:37,747][src.modRNN.training.alignment][INFO] - epoch 1425  train loss=0.3107  (rule: diffusion)
[2026-06-02 20:05:11,426][src.modRNN.training.alignment][INFO] - epoch 1450  train loss=0.2774  (rule: diffusion)
[2026-06-02 20:05:14,208][src.modRNN.training.alignment][INFO] -   align BPTT @ epoch 1451: cos {'ALIFCell_0.input_weights': '0.000', 'ALIFCell_0.recurrent_weights': '0.000', 'ReadOut_0.readout_weights': '0.000'}
[2026-06-02 20:05:15,205][src.modRNN.training.alignment][INFO] -   align eprop @ epoch 1451: cos {'ALIFCell_0.input_weights': '1.007', 'ALIFCell_0.recurrent_weights': '1.063', 'ReadOut_0.readout_weights': '0.000'}
[2026-06-02 20:05:16,509][src.modRNN.training.alignment][INFO] -   align diffusion_aligned @ epoch 1451: cos {'ALIFCell_0.input_weights': '0.918', 'ALIFCell_0.recurrent_weights': '0.960', 'ReadOut_0.readout_weights': '0.000'}
[2026-06-02 20:05:18,681][src.modRNN.training.alignment][INFO] -   align diffusion_per_step @ epoch 1451: cos {'ALIFCell_0.input_weights': '1.160', 'ALIFCell_0.recurrent_weights': '1.193', 'ReadOut_0.readout_weights': '0.000'}
[2026-06-02 20:05:19,952][src.modRNN.training.alignment][INFO] -   align diffusion_fixed @ epoch 1451: cos {'ALIFCell_0.input_weights': '1.180', 'ALIFCell_0.recurrent_weights': '1.349', 'ReadOut_0.readout_weights': '0.000'}
[2026-06-02 20:05:52,281][src.modRNN.training.alignment][INFO] - epoch 1475  train loss=0.3527  (rule: diffusion)
[2026-06-02 20:06:25,929][src.modRNN.training.alignment][INFO] - epoch 1500  train loss=0.2173  (rule: diffusion)
[2026-06-02 20:06:28,714][src.modRNN.training.alignment][INFO] -   align BPTT @ epoch 1501: cos {'ALIFCell_0.input_weights': '0.000', 'ALIFCell_0.recurrent_weights': '0.000', 'ReadOut_0.readout_weights': '0.000'}
[2026-06-02 20:06:29,709][src.modRNN.training.alignment][INFO] -   align eprop @ epoch 1501: cos {'ALIFCell_0.input_weights': '1.338', 'ALIFCell_0.recurrent_weights': '1.493', 'ReadOut_0.readout_weights': '0.000'}
[2026-06-02 20:06:31,015][src.modRNN.training.alignment][INFO] -   align diffusion_aligned @ epoch 1501: cos {'ALIFCell_0.input_weights': '1.228', 'ALIFCell_0.recurrent_weights': '1.461', 'ReadOut_0.readout_weights': '0.000'}
[2026-06-02 20:06:33,186][src.modRNN.training.alignment][INFO] -   align diffusion_per_step @ epoch 1501: cos {'ALIFCell_0.input_weights': '1.267', 'ALIFCell_0.recurrent_weights': '1.511', 'ReadOut_0.readout_weights': '0.000'}
[2026-06-02 20:06:34,461][src.modRNN.training.alignment][INFO] -   align diffusion_fixed @ epoch 1501: cos {'ALIFCell_0.input_weights': '1.347', 'ALIFCell_0.recurrent_weights': '1.576', 'ReadOut_0.readout_weights': '0.000'}
[2026-06-02 20:07:06,823][src.modRNN.training.alignment][INFO] - epoch 1525  train loss=0.2594  (rule: diffusion)
[2026-06-02 20:07:40,524][src.modRNN.training.alignment][INFO] - epoch 1550  train loss=0.3063  (rule: diffusion)
[2026-06-02 20:07:43,307][src.modRNN.training.alignment][INFO] -   align BPTT @ epoch 1551: cos {'ALIFCell_0.input_weights': '0.000', 'ALIFCell_0.recurrent_weights': '0.000', 'ReadOut_0.readout_weights': '0.000'}
[2026-06-02 20:07:44,306][src.modRNN.training.alignment][INFO] -   align eprop @ epoch 1551: cos {'ALIFCell_0.input_weights': '1.259', 'ALIFCell_0.recurrent_weights': '1.176', 'ReadOut_0.readout_weights': '0.000'}
[2026-06-02 20:07:45,609][src.modRNN.training.alignment][INFO] -   align diffusion_aligned @ epoch 1551: cos {'ALIFCell_0.input_weights': '1.220', 'ALIFCell_0.recurrent_weights': '1.112', 'ReadOut_0.readout_weights': '0.000'}
[2026-06-02 20:07:47,774][src.modRNN.training.alignment][INFO] -   align diffusion_per_step @ epoch 1551: cos {'ALIFCell_0.input_weights': '1.271', 'ALIFCell_0.recurrent_weights': '1.269', 'ReadOut_0.readout_weights': '0.000'}
[2026-06-02 20:07:49,046][src.modRNN.training.alignment][INFO] -   align diffusion_fixed @ epoch 1551: cos {'ALIFCell_0.input_weights': '1.259', 'ALIFCell_0.recurrent_weights': '1.423', 'ReadOut_0.readout_weights': '0.000'}
[2026-06-02 20:08:21,387][src.modRNN.training.alignment][INFO] - epoch 1575  train loss=0.2185  (rule: diffusion)
[2026-06-02 20:08:55,072][src.modRNN.training.alignment][INFO] - epoch 1600  train loss=0.3246  (rule: diffusion)
[2026-06-02 20:08:57,855][src.modRNN.training.alignment][INFO] -   align BPTT @ epoch 1601: cos {'ALIFCell_0.input_weights': '0.000', 'ALIFCell_0.recurrent_weights': '0.000', 'ReadOut_0.readout_weights': '0.000'}
[2026-06-02 20:08:58,850][src.modRNN.training.alignment][INFO] -   align eprop @ epoch 1601: cos {'ALIFCell_0.input_weights': '1.110', 'ALIFCell_0.recurrent_weights': '1.261', 'ReadOut_0.readout_weights': '0.000'}
[2026-06-02 20:09:00,152][src.modRNN.training.alignment][INFO] -   align diffusion_aligned @ epoch 1601: cos {'ALIFCell_0.input_weights': '0.791', 'ALIFCell_0.recurrent_weights': '1.162', 'ReadOut_0.readout_weights': '0.000'}
[2026-06-02 20:09:02,320][src.modRNN.training.alignment][INFO] -   align diffusion_per_step @ epoch 1601: cos {'ALIFCell_0.input_weights': '0.941', 'ALIFCell_0.recurrent_weights': '1.240', 'ReadOut_0.readout_weights': '0.000'}
[2026-06-02 20:09:03,598][src.modRNN.training.alignment][INFO] -   align diffusion_fixed @ epoch 1601: cos {'ALIFCell_0.input_weights': '1.012', 'ALIFCell_0.recurrent_weights': '1.368', 'ReadOut_0.readout_weights': '0.000'}
[2026-06-02 20:09:35,962][src.modRNN.training.alignment][INFO] - epoch 1625  train loss=0.4074  (rule: diffusion)
[2026-06-02 20:10:09,621][src.modRNN.training.alignment][INFO] - epoch 1650  train loss=0.2697  (rule: diffusion)
[2026-06-02 20:10:12,406][src.modRNN.training.alignment][INFO] -   align BPTT @ epoch 1651: cos {'ALIFCell_0.input_weights': '0.000', 'ALIFCell_0.recurrent_weights': '0.000', 'ReadOut_0.readout_weights': '0.000'}
[2026-06-02 20:10:13,403][src.modRNN.training.alignment][INFO] -   align eprop @ epoch 1651: cos {'ALIFCell_0.input_weights': '0.624', 'ALIFCell_0.recurrent_weights': '0.853', 'ReadOut_0.readout_weights': '0.000'}
[2026-06-02 20:10:14,707][src.modRNN.training.alignment][INFO] -   align diffusion_aligned @ epoch 1651: cos {'ALIFCell_0.input_weights': '0.583', 'ALIFCell_0.recurrent_weights': '0.753', 'ReadOut_0.readout_weights': '0.000'}
[2026-06-02 20:10:16,875][src.modRNN.training.alignment][INFO] -   align diffusion_per_step @ epoch 1651: cos {'ALIFCell_0.input_weights': '0.611', 'ALIFCell_0.recurrent_weights': '0.849', 'ReadOut_0.readout_weights': '0.000'}
[2026-06-02 20:10:18,144][src.modRNN.training.alignment][INFO] -   align diffusion_fixed @ epoch 1651: cos {'ALIFCell_0.input_weights': '0.626', 'ALIFCell_0.recurrent_weights': '0.962', 'ReadOut_0.readout_weights': '0.000'}
[2026-06-02 20:10:50,441][src.modRNN.training.alignment][INFO] - epoch 1675  train loss=0.4770  (rule: diffusion)
[2026-06-02 20:11:24,125][src.modRNN.training.alignment][INFO] - epoch 1700  train loss=0.3460  (rule: diffusion)
[2026-06-02 20:11:26,905][src.modRNN.training.alignment][INFO] -   align BPTT @ epoch 1701: cos {'ALIFCell_0.input_weights': '0.000', 'ALIFCell_0.recurrent_weights': '0.000', 'ReadOut_0.readout_weights': '0.000'}
[2026-06-02 20:11:27,899][src.modRNN.training.alignment][INFO] -   align eprop @ epoch 1701: cos {'ALIFCell_0.input_weights': '1.253', 'ALIFCell_0.recurrent_weights': '0.918', 'ReadOut_0.readout_weights': '0.000'}
[2026-06-02 20:11:29,203][src.modRNN.training.alignment][INFO] -   align diffusion_aligned @ epoch 1701: cos {'ALIFCell_0.input_weights': '1.049', 'ALIFCell_0.recurrent_weights': '0.879', 'ReadOut_0.readout_weights': '0.000'}
[2026-06-02 20:11:31,374][src.modRNN.training.alignment][INFO] -   align diffusion_per_step @ epoch 1701: cos {'ALIFCell_0.input_weights': '1.267', 'ALIFCell_0.recurrent_weights': '0.958', 'ReadOut_0.readout_weights': '0.000'}
[2026-06-02 20:11:32,644][src.modRNN.training.alignment][INFO] -   align diffusion_fixed @ epoch 1701: cos {'ALIFCell_0.input_weights': '1.449', 'ALIFCell_0.recurrent_weights': '1.007', 'ReadOut_0.readout_weights': '0.000'}
[2026-06-02 20:12:05,016][src.modRNN.training.alignment][INFO] - epoch 1725  train loss=0.3919  (rule: diffusion)
[2026-06-02 20:12:38,717][src.modRNN.training.alignment][INFO] - epoch 1750  train loss=0.3476  (rule: diffusion)
[2026-06-02 20:12:41,496][src.modRNN.training.alignment][INFO] -   align BPTT @ epoch 1751: cos {'ALIFCell_0.input_weights': '0.000', 'ALIFCell_0.recurrent_weights': '0.000', 'ReadOut_0.readout_weights': '0.000'}
[2026-06-02 20:12:42,492][src.modRNN.training.alignment][INFO] -   align eprop @ epoch 1751: cos {'ALIFCell_0.input_weights': '0.983', 'ALIFCell_0.recurrent_weights': '0.892', 'ReadOut_0.readout_weights': '0.000'}
[2026-06-02 20:12:43,793][src.modRNN.training.alignment][INFO] -   align diffusion_aligned @ epoch 1751: cos {'ALIFCell_0.input_weights': '0.773', 'ALIFCell_0.recurrent_weights': '0.776', 'ReadOut_0.readout_weights': '0.000'}
[2026-06-02 20:12:45,962][src.modRNN.training.alignment][INFO] -   align diffusion_per_step @ epoch 1751: cos {'ALIFCell_0.input_weights': '0.955', 'ALIFCell_0.recurrent_weights': '0.875', 'ReadOut_0.readout_weights': '0.000'}
[2026-06-02 20:12:47,232][src.modRNN.training.alignment][INFO] -   align diffusion_fixed @ epoch 1751: cos {'ALIFCell_0.input_weights': '1.009', 'ALIFCell_0.recurrent_weights': '0.929', 'ReadOut_0.readout_weights': '0.000'}
[2026-06-02 20:13:19,589][src.modRNN.training.alignment][INFO] - epoch 1775  train loss=0.4156  (rule: diffusion)
[2026-06-02 20:13:53,301][src.modRNN.training.alignment][INFO] - epoch 1800  train loss=0.2927  (rule: diffusion)
[2026-06-02 20:13:56,081][src.modRNN.training.alignment][INFO] -   align BPTT @ epoch 1801: cos {'ALIFCell_0.input_weights': '0.000', 'ALIFCell_0.recurrent_weights': '0.000', 'ReadOut_0.readout_weights': '0.000'}
[2026-06-02 20:13:57,078][src.modRNN.training.alignment][INFO] -   align eprop @ epoch 1801: cos {'ALIFCell_0.input_weights': '0.794', 'ALIFCell_0.recurrent_weights': '0.568', 'ReadOut_0.readout_weights': '0.000'}
[2026-06-02 20:13:58,382][src.modRNN.training.alignment][INFO] -   align diffusion_aligned @ epoch 1801: cos {'ALIFCell_0.input_weights': '0.735', 'ALIFCell_0.recurrent_weights': '0.554', 'ReadOut_0.readout_weights': '0.000'}
[2026-06-02 20:14:00,552][src.modRNN.training.alignment][INFO] -   align diffusion_per_step @ epoch 1801: cos {'ALIFCell_0.input_weights': '0.723', 'ALIFCell_0.recurrent_weights': '0.555', 'ReadOut_0.readout_weights': '0.000'}
[2026-06-02 20:14:01,831][src.modRNN.training.alignment][INFO] -   align diffusion_fixed @ epoch 1801: cos {'ALIFCell_0.input_weights': '0.812', 'ALIFCell_0.recurrent_weights': '0.647', 'ReadOut_0.readout_weights': '0.000'}
[2026-06-02 20:14:34,177][src.modRNN.training.alignment][INFO] - epoch 1825  train loss=0.3089  (rule: diffusion)
[2026-06-02 20:15:07,880][src.modRNN.training.alignment][INFO] - epoch 1850  train loss=0.3775  (rule: diffusion)
[2026-06-02 20:15:10,659][src.modRNN.training.alignment][INFO] -   align BPTT @ epoch 1851: cos {'ALIFCell_0.input_weights': '0.000', 'ALIFCell_0.recurrent_weights': '0.000', 'ReadOut_0.readout_weights': '0.000'}
[2026-06-02 20:15:11,652][src.modRNN.training.alignment][INFO] -   align eprop @ epoch 1851: cos {'ALIFCell_0.input_weights': '1.002', 'ALIFCell_0.recurrent_weights': '1.004', 'ReadOut_0.readout_weights': '0.000'}
[2026-06-02 20:15:12,955][src.modRNN.training.alignment][INFO] -   align diffusion_aligned @ epoch 1851: cos {'ALIFCell_0.input_weights': '0.969', 'ALIFCell_0.recurrent_weights': '0.995', 'ReadOut_0.readout_weights': '0.000'}
[2026-06-02 20:15:15,125][src.modRNN.training.alignment][INFO] -   align diffusion_per_step @ epoch 1851: cos {'ALIFCell_0.input_weights': '1.011', 'ALIFCell_0.recurrent_weights': '0.996', 'ReadOut_0.readout_weights': '0.000'}
[2026-06-02 20:15:16,396][src.modRNN.training.alignment][INFO] -   align diffusion_fixed @ epoch 1851: cos {'ALIFCell_0.input_weights': '1.047', 'ALIFCell_0.recurrent_weights': '1.040', 'ReadOut_0.readout_weights': '0.000'}
[2026-06-02 20:15:48,756][src.modRNN.training.alignment][INFO] - epoch 1875  train loss=0.2396  (rule: diffusion)
[2026-06-02 20:16:22,429][src.modRNN.training.alignment][INFO] - epoch 1900  train loss=0.1822  (rule: diffusion)
[2026-06-02 20:16:25,213][src.modRNN.training.alignment][INFO] -   align BPTT @ epoch 1901: cos {'ALIFCell_0.input_weights': '0.000', 'ALIFCell_0.recurrent_weights': '0.000', 'ReadOut_0.readout_weights': '0.000'}
[2026-06-02 20:16:26,221][src.modRNN.training.alignment][INFO] -   align eprop @ epoch 1901: cos {'ALIFCell_0.input_weights': '1.206', 'ALIFCell_0.recurrent_weights': '1.229', 'ReadOut_0.readout_weights': '0.000'}
[2026-06-02 20:16:27,528][src.modRNN.training.alignment][INFO] -   align diffusion_aligned @ epoch 1901: cos {'ALIFCell_0.input_weights': '1.061', 'ALIFCell_0.recurrent_weights': '1.103', 'ReadOut_0.readout_weights': '0.000'}
[2026-06-02 20:16:29,701][src.modRNN.training.alignment][INFO] -   align diffusion_per_step @ epoch 1901: cos {'ALIFCell_0.input_weights': '1.157', 'ALIFCell_0.recurrent_weights': '1.202', 'ReadOut_0.readout_weights': '0.000'}
[2026-06-02 20:16:30,975][src.modRNN.training.alignment][INFO] -   align diffusion_fixed @ epoch 1901: cos {'ALIFCell_0.input_weights': '1.172', 'ALIFCell_0.recurrent_weights': '1.205', 'ReadOut_0.readout_weights': '0.000'}
[2026-06-02 20:17:03,318][src.modRNN.training.alignment][INFO] - epoch 1925  train loss=0.3021  (rule: diffusion)
[2026-06-02 20:17:37,003][src.modRNN.training.alignment][INFO] - epoch 1950  train loss=0.2527  (rule: diffusion)
[2026-06-02 20:17:39,778][src.modRNN.training.alignment][INFO] -   align BPTT @ epoch 1951: cos {'ALIFCell_0.input_weights': '0.000', 'ALIFCell_0.recurrent_weights': '0.000', 'ReadOut_0.readout_weights': '0.000'}
[2026-06-02 20:17:40,775][src.modRNN.training.alignment][INFO] -   align eprop @ epoch 1951: cos {'ALIFCell_0.input_weights': '1.377', 'ALIFCell_0.recurrent_weights': '1.361', 'ReadOut_0.readout_weights': '0.000'}
[2026-06-02 20:17:42,077][src.modRNN.training.alignment][INFO] -   align diffusion_aligned @ epoch 1951: cos {'ALIFCell_0.input_weights': '1.378', 'ALIFCell_0.recurrent_weights': '1.355', 'ReadOut_0.readout_weights': '0.000'}
[2026-06-02 20:17:44,245][src.modRNN.training.alignment][INFO] -   align diffusion_per_step @ epoch 1951: cos {'ALIFCell_0.input_weights': '1.456', 'ALIFCell_0.recurrent_weights': '1.395', 'ReadOut_0.readout_weights': '0.000'}
[2026-06-02 20:17:45,516][src.modRNN.training.alignment][INFO] -   align diffusion_fixed @ epoch 1951: cos {'ALIFCell_0.input_weights': '1.415', 'ALIFCell_0.recurrent_weights': '1.383', 'ReadOut_0.readout_weights': '0.000'}
[2026-06-02 20:18:17,910][src.modRNN.training.alignment][INFO] - epoch 1975  train loss=0.1468  (rule: diffusion)
[2026-06-02 20:18:51,633][src.modRNN.training.alignment][INFO] - epoch 2000  train loss=0.2050  (rule: diffusion)
[2026-06-02 20:18:54,414][src.modRNN.training.alignment][INFO] -   align BPTT @ epoch 2001: cos {'ALIFCell_0.input_weights': '0.000', 'ALIFCell_0.recurrent_weights': '0.000', 'ReadOut_0.readout_weights': '0.000'}
[2026-06-02 20:18:55,412][src.modRNN.training.alignment][INFO] -   align eprop @ epoch 2001: cos {'ALIFCell_0.input_weights': '0.836', 'ALIFCell_0.recurrent_weights': '0.778', 'ReadOut_0.readout_weights': '0.000'}
[2026-06-02 20:18:56,716][src.modRNN.training.alignment][INFO] -   align diffusion_aligned @ epoch 2001: cos {'ALIFCell_0.input_weights': '0.800', 'ALIFCell_0.recurrent_weights': '0.773', 'ReadOut_0.readout_weights': '0.000'}
[2026-06-02 20:18:58,886][src.modRNN.training.alignment][INFO] -   align diffusion_per_step @ epoch 2001: cos {'ALIFCell_0.input_weights': '0.831', 'ALIFCell_0.recurrent_weights': '0.806', 'ReadOut_0.readout_weights': '0.000'}
[2026-06-02 20:19:00,158][src.modRNN.training.alignment][INFO] -   align diffusion_fixed @ epoch 2001: cos {'ALIFCell_0.input_weights': '0.870', 'ALIFCell_0.recurrent_weights': '0.819', 'ReadOut_0.readout_weights': '0.000'}
[2026-06-02 20:19:00,215][src.modRNN.training.alignment][INFO] - Alignment experiment finished. Output dir: /mnt/lustre/work/martius/mot736/neuromodRNN/outputs/cue_accumulation/align_nn_connectivity_diffusion_aligned/seed_13
