[2026-06-02 17:46:21,687][jax._src.xla_bridge][INFO] - Unable to initialize backend 'rocm': module 'jaxlib.xla_extension' has no attribute 'GpuAllocatorConfig'
[2026-06-02 17:46:21,688][jax._src.xla_bridge][INFO] - Unable to initialize backend 'tpu': INTERNAL: Failed to open libtpu.so: libtpu.so: cannot open shared object file: No such file or directory
[2026-06-02 17:46:29,539][src.modRNN.training.alignment][INFO] - Starting alignment experiment: training with diffusion, measuring alignment of ['BPTT', 'eprop', 'diffusion_aligned', 'diffusion_per_step', 'diffusion_fixed'] every 50 epochs.
[2026-06-02 17:46:31,622][src.modRNN.training.alignment][INFO] - epoch 1  train loss=0.1372  (rule: diffusion)
[2026-06-02 17:46:33,010][src.modRNN.training.alignment][INFO] -   align BPTT @ epoch 1: cos {'ALIFCell_0.input_weights': '0.000', 'ALIFCell_0.recurrent_weights': '0.000', 'ReadOut_0.readout_weights': '0.000'}
[2026-06-02 17:46:34,142][src.modRNN.training.alignment][INFO] -   align eprop @ epoch 1: cos {'ALIFCell_0.input_weights': '0.467', 'ALIFCell_0.recurrent_weights': '0.505', 'ReadOut_0.readout_weights': '0.000'}
[2026-06-02 17:46:35,541][src.modRNN.training.alignment][INFO] -   align diffusion_aligned @ epoch 1: cos {'ALIFCell_0.input_weights': '0.608', 'ALIFCell_0.recurrent_weights': '0.648', 'ReadOut_0.readout_weights': '0.000'}
[2026-06-02 17:46:38,786][src.modRNN.training.alignment][INFO] -   align diffusion_per_step @ epoch 1: cos {'ALIFCell_0.input_weights': '0.484', 'ALIFCell_0.recurrent_weights': '0.528', 'ReadOut_0.readout_weights': '0.000'}
[2026-06-02 17:46:40,227][src.modRNN.training.alignment][INFO] -   align diffusion_fixed @ epoch 1: cos {'ALIFCell_0.input_weights': '0.619', 'ALIFCell_0.recurrent_weights': '0.708', 'ReadOut_0.readout_weights': '0.000'}
[2026-06-02 17:46:47,984][src.modRNN.training.alignment][INFO] - epoch 25  train loss=0.0936  (rule: diffusion)
[2026-06-02 17:46:56,135][src.modRNN.training.alignment][INFO] - epoch 50  train loss=0.0606  (rule: diffusion)
[2026-06-02 17:46:56,682][src.modRNN.training.alignment][INFO] -   align BPTT @ epoch 51: cos {'ALIFCell_0.input_weights': '0.000', 'ALIFCell_0.recurrent_weights': '0.000', 'ReadOut_0.readout_weights': '0.000'}
[2026-06-02 17:46:56,957][src.modRNN.training.alignment][INFO] -   align eprop @ epoch 51: cos {'ALIFCell_0.input_weights': '0.809', 'ALIFCell_0.recurrent_weights': '0.797', 'ReadOut_0.readout_weights': '0.000'}
[2026-06-02 17:46:57,278][src.modRNN.training.alignment][INFO] -   align diffusion_aligned @ epoch 51: cos {'ALIFCell_0.input_weights': '0.687', 'ALIFCell_0.recurrent_weights': '0.664', 'ReadOut_0.readout_weights': '0.000'}
[2026-06-02 17:46:57,751][src.modRNN.training.alignment][INFO] -   align diffusion_per_step @ epoch 51: cos {'ALIFCell_0.input_weights': '0.793', 'ALIFCell_0.recurrent_weights': '0.784', 'ReadOut_0.readout_weights': '0.000'}
[2026-06-02 17:46:58,069][src.modRNN.training.alignment][INFO] -   align diffusion_fixed @ epoch 51: cos {'ALIFCell_0.input_weights': '0.887', 'ALIFCell_0.recurrent_weights': '0.920', 'ReadOut_0.readout_weights': '0.000'}
[2026-06-02 17:47:05,929][src.modRNN.training.alignment][INFO] - epoch 75  train loss=0.0506  (rule: diffusion)
[2026-06-02 17:47:14,085][src.modRNN.training.alignment][INFO] - epoch 100  train loss=0.0443  (rule: diffusion)
[2026-06-02 17:47:14,631][src.modRNN.training.alignment][INFO] -   align BPTT @ epoch 101: cos {'ALIFCell_0.input_weights': '0.000', 'ALIFCell_0.recurrent_weights': '0.000', 'ReadOut_0.readout_weights': '0.000'}
[2026-06-02 17:47:14,906][src.modRNN.training.alignment][INFO] -   align eprop @ epoch 101: cos {'ALIFCell_0.input_weights': '0.816', 'ALIFCell_0.recurrent_weights': '0.917', 'ReadOut_0.readout_weights': '0.000'}
[2026-06-02 17:47:15,224][src.modRNN.training.alignment][INFO] -   align diffusion_aligned @ epoch 101: cos {'ALIFCell_0.input_weights': '0.724', 'ALIFCell_0.recurrent_weights': '0.808', 'ReadOut_0.readout_weights': '0.000'}
[2026-06-02 17:47:15,699][src.modRNN.training.alignment][INFO] -   align diffusion_per_step @ epoch 101: cos {'ALIFCell_0.input_weights': '0.802', 'ALIFCell_0.recurrent_weights': '0.916', 'ReadOut_0.readout_weights': '0.000'}
[2026-06-02 17:47:16,015][src.modRNN.training.alignment][INFO] -   align diffusion_fixed @ epoch 101: cos {'ALIFCell_0.input_weights': '0.871', 'ALIFCell_0.recurrent_weights': '0.997', 'ReadOut_0.readout_weights': '0.000'}
[2026-06-02 17:47:23,833][src.modRNN.training.alignment][INFO] - epoch 125  train loss=0.0420  (rule: diffusion)
[2026-06-02 17:47:32,023][src.modRNN.training.alignment][INFO] - epoch 150  train loss=0.0357  (rule: diffusion)
[2026-06-02 17:47:32,574][src.modRNN.training.alignment][INFO] -   align BPTT @ epoch 151: cos {'ALIFCell_0.input_weights': '0.000', 'ALIFCell_0.recurrent_weights': '0.000', 'ReadOut_0.readout_weights': '0.000'}
[2026-06-02 17:47:32,852][src.modRNN.training.alignment][INFO] -   align eprop @ epoch 151: cos {'ALIFCell_0.input_weights': '0.856', 'ALIFCell_0.recurrent_weights': '0.876', 'ReadOut_0.readout_weights': '0.000'}
[2026-06-02 17:47:33,172][src.modRNN.training.alignment][INFO] -   align diffusion_aligned @ epoch 151: cos {'ALIFCell_0.input_weights': '0.755', 'ALIFCell_0.recurrent_weights': '0.735', 'ReadOut_0.readout_weights': '0.000'}
[2026-06-02 17:47:33,648][src.modRNN.training.alignment][INFO] -   align diffusion_per_step @ epoch 151: cos {'ALIFCell_0.input_weights': '0.858', 'ALIFCell_0.recurrent_weights': '0.879', 'ReadOut_0.readout_weights': '0.000'}
[2026-06-02 17:47:33,965][src.modRNN.training.alignment][INFO] -   align diffusion_fixed @ epoch 151: cos {'ALIFCell_0.input_weights': '0.905', 'ALIFCell_0.recurrent_weights': '0.937', 'ReadOut_0.readout_weights': '0.000'}
[2026-06-02 17:47:41,881][src.modRNN.training.alignment][INFO] - epoch 175  train loss=0.0312  (rule: diffusion)
[2026-06-02 17:47:50,114][src.modRNN.training.alignment][INFO] - epoch 200  train loss=0.0557  (rule: diffusion)
[2026-06-02 17:47:50,659][src.modRNN.training.alignment][INFO] -   align BPTT @ epoch 201: cos {'ALIFCell_0.input_weights': '0.000', 'ALIFCell_0.recurrent_weights': '0.000', 'ReadOut_0.readout_weights': '0.000'}
[2026-06-02 17:47:50,936][src.modRNN.training.alignment][INFO] -   align eprop @ epoch 201: cos {'ALIFCell_0.input_weights': '0.896', 'ALIFCell_0.recurrent_weights': '0.878', 'ReadOut_0.readout_weights': '0.000'}
[2026-06-02 17:47:51,259][src.modRNN.training.alignment][INFO] -   align diffusion_aligned @ epoch 201: cos {'ALIFCell_0.input_weights': '0.790', 'ALIFCell_0.recurrent_weights': '0.747', 'ReadOut_0.readout_weights': '0.000'}
[2026-06-02 17:47:51,737][src.modRNN.training.alignment][INFO] -   align diffusion_per_step @ epoch 201: cos {'ALIFCell_0.input_weights': '0.904', 'ALIFCell_0.recurrent_weights': '0.898', 'ReadOut_0.readout_weights': '0.000'}
[2026-06-02 17:47:52,056][src.modRNN.training.alignment][INFO] -   align diffusion_fixed @ epoch 201: cos {'ALIFCell_0.input_weights': '0.948', 'ALIFCell_0.recurrent_weights': '0.964', 'ReadOut_0.readout_weights': '0.000'}
[2026-06-02 17:47:59,995][src.modRNN.training.alignment][INFO] - epoch 225  train loss=0.0314  (rule: diffusion)
[2026-06-02 17:48:08,297][src.modRNN.training.alignment][INFO] - epoch 250  train loss=0.0279  (rule: diffusion)
[2026-06-02 17:48:08,846][src.modRNN.training.alignment][INFO] -   align BPTT @ epoch 251: cos {'ALIFCell_0.input_weights': '0.000', 'ALIFCell_0.recurrent_weights': '0.000', 'ReadOut_0.readout_weights': '0.000'}
[2026-06-02 17:48:09,126][src.modRNN.training.alignment][INFO] -   align eprop @ epoch 251: cos {'ALIFCell_0.input_weights': '0.926', 'ALIFCell_0.recurrent_weights': '0.929', 'ReadOut_0.readout_weights': '0.000'}
[2026-06-02 17:48:09,450][src.modRNN.training.alignment][INFO] -   align diffusion_aligned @ epoch 251: cos {'ALIFCell_0.input_weights': '0.817', 'ALIFCell_0.recurrent_weights': '0.780', 'ReadOut_0.readout_weights': '0.000'}
[2026-06-02 17:48:09,931][src.modRNN.training.alignment][INFO] -   align diffusion_per_step @ epoch 251: cos {'ALIFCell_0.input_weights': '0.930', 'ALIFCell_0.recurrent_weights': '0.939', 'ReadOut_0.readout_weights': '0.000'}
[2026-06-02 17:48:10,253][src.modRNN.training.alignment][INFO] -   align diffusion_fixed @ epoch 251: cos {'ALIFCell_0.input_weights': '0.981', 'ALIFCell_0.recurrent_weights': '1.011', 'ReadOut_0.readout_weights': '0.000'}
[2026-06-02 17:48:18,274][src.modRNN.training.alignment][INFO] - epoch 275  train loss=0.0234  (rule: diffusion)
[2026-06-02 17:48:26,640][src.modRNN.training.alignment][INFO] - epoch 300  train loss=0.0198  (rule: diffusion)
[2026-06-02 17:48:27,203][src.modRNN.training.alignment][INFO] -   align BPTT @ epoch 301: cos {'ALIFCell_0.input_weights': '0.000', 'ALIFCell_0.recurrent_weights': '0.000', 'ReadOut_0.readout_weights': '0.000'}
[2026-06-02 17:48:27,480][src.modRNN.training.alignment][INFO] -   align eprop @ epoch 301: cos {'ALIFCell_0.input_weights': '1.016', 'ALIFCell_0.recurrent_weights': '0.918', 'ReadOut_0.readout_weights': '0.000'}
[2026-06-02 17:48:27,802][src.modRNN.training.alignment][INFO] -   align diffusion_aligned @ epoch 301: cos {'ALIFCell_0.input_weights': '0.911', 'ALIFCell_0.recurrent_weights': '0.819', 'ReadOut_0.readout_weights': '0.000'}
[2026-06-02 17:48:28,296][src.modRNN.training.alignment][INFO] -   align diffusion_per_step @ epoch 301: cos {'ALIFCell_0.input_weights': '1.016', 'ALIFCell_0.recurrent_weights': '0.912', 'ReadOut_0.readout_weights': '0.000'}
[2026-06-02 17:48:28,618][src.modRNN.training.alignment][INFO] -   align diffusion_fixed @ epoch 301: cos {'ALIFCell_0.input_weights': '1.036', 'ALIFCell_0.recurrent_weights': '0.985', 'ReadOut_0.readout_weights': '0.000'}
[2026-06-02 17:48:36,626][src.modRNN.training.alignment][INFO] - epoch 325  train loss=0.0202  (rule: diffusion)
[2026-06-02 17:48:44,968][src.modRNN.training.alignment][INFO] - epoch 350  train loss=0.0212  (rule: diffusion)
[2026-06-02 17:48:45,522][src.modRNN.training.alignment][INFO] -   align BPTT @ epoch 351: cos {'ALIFCell_0.input_weights': '0.000', 'ALIFCell_0.recurrent_weights': '0.000', 'ReadOut_0.readout_weights': '0.000'}
[2026-06-02 17:48:45,799][src.modRNN.training.alignment][INFO] -   align eprop @ epoch 351: cos {'ALIFCell_0.input_weights': '0.932', 'ALIFCell_0.recurrent_weights': '0.924', 'ReadOut_0.readout_weights': '0.000'}
[2026-06-02 17:48:46,124][src.modRNN.training.alignment][INFO] -   align diffusion_aligned @ epoch 351: cos {'ALIFCell_0.input_weights': '0.827', 'ALIFCell_0.recurrent_weights': '0.788', 'ReadOut_0.readout_weights': '0.000'}
[2026-06-02 17:48:46,609][src.modRNN.training.alignment][INFO] -   align diffusion_per_step @ epoch 351: cos {'ALIFCell_0.input_weights': '0.931', 'ALIFCell_0.recurrent_weights': '0.926', 'ReadOut_0.readout_weights': '0.000'}
[2026-06-02 17:48:46,931][src.modRNN.training.alignment][INFO] -   align diffusion_fixed @ epoch 351: cos {'ALIFCell_0.input_weights': '0.984', 'ALIFCell_0.recurrent_weights': '1.006', 'ReadOut_0.readout_weights': '0.000'}
[2026-06-02 17:48:54,958][src.modRNN.training.alignment][INFO] - epoch 375  train loss=0.0298  (rule: diffusion)
[2026-06-02 17:49:03,325][src.modRNN.training.alignment][INFO] - epoch 400  train loss=0.0201  (rule: diffusion)
[2026-06-02 17:49:03,883][src.modRNN.training.alignment][INFO] -   align BPTT @ epoch 401: cos {'ALIFCell_0.input_weights': '0.000', 'ALIFCell_0.recurrent_weights': '0.000', 'ReadOut_0.readout_weights': '0.000'}
[2026-06-02 17:49:04,162][src.modRNN.training.alignment][INFO] -   align eprop @ epoch 401: cos {'ALIFCell_0.input_weights': '0.957', 'ALIFCell_0.recurrent_weights': '0.957', 'ReadOut_0.readout_weights': '0.000'}
[2026-06-02 17:49:04,487][src.modRNN.training.alignment][INFO] -   align diffusion_aligned @ epoch 401: cos {'ALIFCell_0.input_weights': '0.827', 'ALIFCell_0.recurrent_weights': '0.812', 'ReadOut_0.readout_weights': '0.000'}
[2026-06-02 17:49:04,982][src.modRNN.training.alignment][INFO] -   align diffusion_per_step @ epoch 401: cos {'ALIFCell_0.input_weights': '0.952', 'ALIFCell_0.recurrent_weights': '0.925', 'ReadOut_0.readout_weights': '0.000'}
[2026-06-02 17:49:05,303][src.modRNN.training.alignment][INFO] -   align diffusion_fixed @ epoch 401: cos {'ALIFCell_0.input_weights': '1.001', 'ALIFCell_0.recurrent_weights': '1.012', 'ReadOut_0.readout_weights': '0.000'}
[2026-06-02 17:49:13,363][src.modRNN.training.alignment][INFO] - epoch 425  train loss=0.0150  (rule: diffusion)
[2026-06-02 17:49:21,782][src.modRNN.training.alignment][INFO] - epoch 450  train loss=0.0145  (rule: diffusion)
[2026-06-02 17:49:22,346][src.modRNN.training.alignment][INFO] -   align BPTT @ epoch 451: cos {'ALIFCell_0.input_weights': '0.000', 'ALIFCell_0.recurrent_weights': '0.000', 'ReadOut_0.readout_weights': '0.000'}
[2026-06-02 17:49:22,633][src.modRNN.training.alignment][INFO] -   align eprop @ epoch 451: cos {'ALIFCell_0.input_weights': '0.928', 'ALIFCell_0.recurrent_weights': '0.942', 'ReadOut_0.readout_weights': '0.000'}
[2026-06-02 17:49:22,958][src.modRNN.training.alignment][INFO] -   align diffusion_aligned @ epoch 451: cos {'ALIFCell_0.input_weights': '0.843', 'ALIFCell_0.recurrent_weights': '0.820', 'ReadOut_0.readout_weights': '0.000'}
[2026-06-02 17:49:23,439][src.modRNN.training.alignment][INFO] -   align diffusion_per_step @ epoch 451: cos {'ALIFCell_0.input_weights': '0.927', 'ALIFCell_0.recurrent_weights': '0.958', 'ReadOut_0.readout_weights': '0.000'}
[2026-06-02 17:49:23,763][src.modRNN.training.alignment][INFO] -   align diffusion_fixed @ epoch 451: cos {'ALIFCell_0.input_weights': '0.979', 'ALIFCell_0.recurrent_weights': '1.028', 'ReadOut_0.readout_weights': '0.000'}
[2026-06-02 17:49:31,844][src.modRNN.training.alignment][INFO] - epoch 475  train loss=0.0141  (rule: diffusion)
[2026-06-02 17:49:40,277][src.modRNN.training.alignment][INFO] - epoch 500  train loss=0.0129  (rule: diffusion)
[2026-06-02 17:49:40,831][src.modRNN.training.alignment][INFO] -   align BPTT @ epoch 501: cos {'ALIFCell_0.input_weights': '0.000', 'ALIFCell_0.recurrent_weights': '0.000', 'ReadOut_0.readout_weights': '0.000'}
[2026-06-02 17:49:41,108][src.modRNN.training.alignment][INFO] -   align eprop @ epoch 501: cos {'ALIFCell_0.input_weights': '0.958', 'ALIFCell_0.recurrent_weights': '0.964', 'ReadOut_0.readout_weights': '0.000'}
[2026-06-02 17:49:41,438][src.modRNN.training.alignment][INFO] -   align diffusion_aligned @ epoch 501: cos {'ALIFCell_0.input_weights': '0.868', 'ALIFCell_0.recurrent_weights': '0.852', 'ReadOut_0.readout_weights': '0.000'}
[2026-06-02 17:49:41,927][src.modRNN.training.alignment][INFO] -   align diffusion_per_step @ epoch 501: cos {'ALIFCell_0.input_weights': '0.956', 'ALIFCell_0.recurrent_weights': '0.962', 'ReadOut_0.readout_weights': '0.000'}
[2026-06-02 17:49:42,249][src.modRNN.training.alignment][INFO] -   align diffusion_fixed @ epoch 501: cos {'ALIFCell_0.input_weights': '1.003', 'ALIFCell_0.recurrent_weights': '1.035', 'ReadOut_0.readout_weights': '0.000'}
[2026-06-02 17:49:50,329][src.modRNN.training.alignment][INFO] - epoch 525  train loss=0.0122  (rule: diffusion)
[2026-06-02 17:49:58,772][src.modRNN.training.alignment][INFO] - epoch 550  train loss=0.0127  (rule: diffusion)
[2026-06-02 17:49:59,348][src.modRNN.training.alignment][INFO] -   align BPTT @ epoch 551: cos {'ALIFCell_0.input_weights': '0.000', 'ALIFCell_0.recurrent_weights': '0.000', 'ReadOut_0.readout_weights': '0.000'}
[2026-06-02 17:49:59,629][src.modRNN.training.alignment][INFO] -   align eprop @ epoch 551: cos {'ALIFCell_0.input_weights': '0.953', 'ALIFCell_0.recurrent_weights': '0.944', 'ReadOut_0.readout_weights': '0.000'}
[2026-06-02 17:49:59,963][src.modRNN.training.alignment][INFO] -   align diffusion_aligned @ epoch 551: cos {'ALIFCell_0.input_weights': '0.848', 'ALIFCell_0.recurrent_weights': '0.813', 'ReadOut_0.readout_weights': '0.000'}
[2026-06-02 17:50:00,457][src.modRNN.training.alignment][INFO] -   align diffusion_per_step @ epoch 551: cos {'ALIFCell_0.input_weights': '0.948', 'ALIFCell_0.recurrent_weights': '0.943', 'ReadOut_0.readout_weights': '0.000'}
[2026-06-02 17:50:00,782][src.modRNN.training.alignment][INFO] -   align diffusion_fixed @ epoch 551: cos {'ALIFCell_0.input_weights': '0.994', 'ALIFCell_0.recurrent_weights': '1.021', 'ReadOut_0.readout_weights': '0.000'}
[2026-06-02 17:50:08,922][src.modRNN.training.alignment][INFO] - epoch 575  train loss=0.0115  (rule: diffusion)
[2026-06-02 17:50:17,419][src.modRNN.training.alignment][INFO] - epoch 600  train loss=0.0183  (rule: diffusion)
[2026-06-02 17:50:17,984][src.modRNN.training.alignment][INFO] -   align BPTT @ epoch 601: cos {'ALIFCell_0.input_weights': '0.000', 'ALIFCell_0.recurrent_weights': '0.000', 'ReadOut_0.readout_weights': '0.000'}
[2026-06-02 17:50:18,269][src.modRNN.training.alignment][INFO] -   align eprop @ epoch 601: cos {'ALIFCell_0.input_weights': '0.951', 'ALIFCell_0.recurrent_weights': '0.934', 'ReadOut_0.readout_weights': '0.000'}
[2026-06-02 17:50:18,592][src.modRNN.training.alignment][INFO] -   align diffusion_aligned @ epoch 601: cos {'ALIFCell_0.input_weights': '0.848', 'ALIFCell_0.recurrent_weights': '0.803', 'ReadOut_0.readout_weights': '0.000'}
[2026-06-02 17:50:19,092][src.modRNN.training.alignment][INFO] -   align diffusion_per_step @ epoch 601: cos {'ALIFCell_0.input_weights': '0.947', 'ALIFCell_0.recurrent_weights': '0.937', 'ReadOut_0.readout_weights': '0.000'}
[2026-06-02 17:50:19,417][src.modRNN.training.alignment][INFO] -   align diffusion_fixed @ epoch 601: cos {'ALIFCell_0.input_weights': '1.000', 'ALIFCell_0.recurrent_weights': '1.018', 'ReadOut_0.readout_weights': '0.000'}
[2026-06-02 17:50:27,541][src.modRNN.training.alignment][INFO] - epoch 625  train loss=0.0103  (rule: diffusion)
[2026-06-02 17:50:35,955][src.modRNN.training.alignment][INFO] - epoch 650  train loss=0.0261  (rule: diffusion)
[2026-06-02 17:50:36,512][src.modRNN.training.alignment][INFO] -   align BPTT @ epoch 651: cos {'ALIFCell_0.input_weights': '0.000', 'ALIFCell_0.recurrent_weights': '0.000', 'ReadOut_0.readout_weights': '0.000'}
[2026-06-02 17:50:36,789][src.modRNN.training.alignment][INFO] -   align eprop @ epoch 651: cos {'ALIFCell_0.input_weights': '0.960', 'ALIFCell_0.recurrent_weights': '0.950', 'ReadOut_0.readout_weights': '0.000'}
[2026-06-02 17:50:37,115][src.modRNN.training.alignment][INFO] -   align diffusion_aligned @ epoch 651: cos {'ALIFCell_0.input_weights': '0.845', 'ALIFCell_0.recurrent_weights': '0.820', 'ReadOut_0.readout_weights': '0.000'}
[2026-06-02 17:50:37,603][src.modRNN.training.alignment][INFO] -   align diffusion_per_step @ epoch 651: cos {'ALIFCell_0.input_weights': '0.946', 'ALIFCell_0.recurrent_weights': '0.931', 'ReadOut_0.readout_weights': '0.000'}
[2026-06-02 17:50:37,928][src.modRNN.training.alignment][INFO] -   align diffusion_fixed @ epoch 651: cos {'ALIFCell_0.input_weights': '0.986', 'ALIFCell_0.recurrent_weights': '1.004', 'ReadOut_0.readout_weights': '0.000'}
[2026-06-02 17:50:46,046][src.modRNN.training.alignment][INFO] - epoch 675  train loss=0.0157  (rule: diffusion)
[2026-06-02 17:50:54,485][src.modRNN.training.alignment][INFO] - epoch 700  train loss=0.0135  (rule: diffusion)
[2026-06-02 17:50:55,045][src.modRNN.training.alignment][INFO] -   align BPTT @ epoch 701: cos {'ALIFCell_0.input_weights': '0.000', 'ALIFCell_0.recurrent_weights': '0.000', 'ReadOut_0.readout_weights': '0.000'}
[2026-06-02 17:50:55,325][src.modRNN.training.alignment][INFO] -   align eprop @ epoch 701: cos {'ALIFCell_0.input_weights': '0.973', 'ALIFCell_0.recurrent_weights': '1.021', 'ReadOut_0.readout_weights': '0.000'}
[2026-06-02 17:50:55,660][src.modRNN.training.alignment][INFO] -   align diffusion_aligned @ epoch 701: cos {'ALIFCell_0.input_weights': '0.825', 'ALIFCell_0.recurrent_weights': '0.843', 'ReadOut_0.readout_weights': '0.000'}
[2026-06-02 17:50:56,152][src.modRNN.training.alignment][INFO] -   align diffusion_per_step @ epoch 701: cos {'ALIFCell_0.input_weights': '0.960', 'ALIFCell_0.recurrent_weights': '1.021', 'ReadOut_0.readout_weights': '0.000'}
[2026-06-02 17:50:56,482][src.modRNN.training.alignment][INFO] -   align diffusion_fixed @ epoch 701: cos {'ALIFCell_0.input_weights': '1.027', 'ALIFCell_0.recurrent_weights': '1.095', 'ReadOut_0.readout_weights': '0.000'}
[2026-06-02 17:51:04,568][src.modRNN.training.alignment][INFO] - epoch 725  train loss=0.0178  (rule: diffusion)
[2026-06-02 17:51:13,043][src.modRNN.training.alignment][INFO] - epoch 750  train loss=0.0100  (rule: diffusion)
[2026-06-02 17:51:13,601][src.modRNN.training.alignment][INFO] -   align BPTT @ epoch 751: cos {'ALIFCell_0.input_weights': '0.000', 'ALIFCell_0.recurrent_weights': '0.000', 'ReadOut_0.readout_weights': '0.000'}
[2026-06-02 17:51:13,895][src.modRNN.training.alignment][INFO] -   align eprop @ epoch 751: cos {'ALIFCell_0.input_weights': '0.951', 'ALIFCell_0.recurrent_weights': '0.941', 'ReadOut_0.readout_weights': '0.000'}
[2026-06-02 17:51:14,221][src.modRNN.training.alignment][INFO] -   align diffusion_aligned @ epoch 751: cos {'ALIFCell_0.input_weights': '0.838', 'ALIFCell_0.recurrent_weights': '0.808', 'ReadOut_0.readout_weights': '0.000'}
[2026-06-02 17:51:14,718][src.modRNN.training.alignment][INFO] -   align diffusion_per_step @ epoch 751: cos {'ALIFCell_0.input_weights': '0.937', 'ALIFCell_0.recurrent_weights': '0.938', 'ReadOut_0.readout_weights': '0.000'}
[2026-06-02 17:51:15,042][src.modRNN.training.alignment][INFO] -   align diffusion_fixed @ epoch 751: cos {'ALIFCell_0.input_weights': '0.993', 'ALIFCell_0.recurrent_weights': '1.017', 'ReadOut_0.readout_weights': '0.000'}
[2026-06-02 17:51:23,165][src.modRNN.training.alignment][INFO] - epoch 775  train loss=0.0091  (rule: diffusion)
[2026-06-02 17:51:31,634][src.modRNN.training.alignment][INFO] - epoch 800  train loss=0.0129  (rule: diffusion)
[2026-06-02 17:51:32,204][src.modRNN.training.alignment][INFO] -   align BPTT @ epoch 801: cos {'ALIFCell_0.input_weights': '0.000', 'ALIFCell_0.recurrent_weights': '0.000', 'ReadOut_0.readout_weights': '0.000'}
[2026-06-02 17:51:32,493][src.modRNN.training.alignment][INFO] -   align eprop @ epoch 801: cos {'ALIFCell_0.input_weights': '1.007', 'ALIFCell_0.recurrent_weights': '0.946', 'ReadOut_0.readout_weights': '0.000'}
[2026-06-02 17:51:32,817][src.modRNN.training.alignment][INFO] -   align diffusion_aligned @ epoch 801: cos {'ALIFCell_0.input_weights': '0.896', 'ALIFCell_0.recurrent_weights': '0.824', 'ReadOut_0.readout_weights': '0.000'}
[2026-06-02 17:51:33,305][src.modRNN.training.alignment][INFO] -   align diffusion_per_step @ epoch 801: cos {'ALIFCell_0.input_weights': '0.994', 'ALIFCell_0.recurrent_weights': '0.935', 'ReadOut_0.readout_weights': '0.000'}
[2026-06-02 17:51:33,629][src.modRNN.training.alignment][INFO] -   align diffusion_fixed @ epoch 801: cos {'ALIFCell_0.input_weights': '1.030', 'ALIFCell_0.recurrent_weights': '1.013', 'ReadOut_0.readout_weights': '0.000'}
[2026-06-02 17:51:41,738][src.modRNN.training.alignment][INFO] - epoch 825  train loss=0.0112  (rule: diffusion)
[2026-06-02 17:51:50,184][src.modRNN.training.alignment][INFO] - epoch 850  train loss=0.0084  (rule: diffusion)
[2026-06-02 17:51:50,758][src.modRNN.training.alignment][INFO] -   align BPTT @ epoch 851: cos {'ALIFCell_0.input_weights': '0.000', 'ALIFCell_0.recurrent_weights': '0.000', 'ReadOut_0.readout_weights': '0.000'}
[2026-06-02 17:51:51,043][src.modRNN.training.alignment][INFO] -   align eprop @ epoch 851: cos {'ALIFCell_0.input_weights': '0.962', 'ALIFCell_0.recurrent_weights': '0.986', 'ReadOut_0.readout_weights': '0.000'}
[2026-06-02 17:51:51,378][src.modRNN.training.alignment][INFO] -   align diffusion_aligned @ epoch 851: cos {'ALIFCell_0.input_weights': '0.853', 'ALIFCell_0.recurrent_weights': '0.870', 'ReadOut_0.readout_weights': '0.000'}
[2026-06-02 17:51:51,880][src.modRNN.training.alignment][INFO] -   align diffusion_per_step @ epoch 851: cos {'ALIFCell_0.input_weights': '0.941', 'ALIFCell_0.recurrent_weights': '0.967', 'ReadOut_0.readout_weights': '0.000'}
[2026-06-02 17:51:52,205][src.modRNN.training.alignment][INFO] -   align diffusion_fixed @ epoch 851: cos {'ALIFCell_0.input_weights': '0.987', 'ALIFCell_0.recurrent_weights': '1.038', 'ReadOut_0.readout_weights': '0.000'}
[2026-06-02 17:52:00,357][src.modRNN.training.alignment][INFO] - epoch 875  train loss=0.0090  (rule: diffusion)
[2026-06-02 17:52:08,884][src.modRNN.training.alignment][INFO] - epoch 900  train loss=0.0138  (rule: diffusion)
[2026-06-02 17:52:09,449][src.modRNN.training.alignment][INFO] -   align BPTT @ epoch 901: cos {'ALIFCell_0.input_weights': '0.000', 'ALIFCell_0.recurrent_weights': '0.000', 'ReadOut_0.readout_weights': '0.000'}
[2026-06-02 17:52:09,737][src.modRNN.training.alignment][INFO] -   align eprop @ epoch 901: cos {'ALIFCell_0.input_weights': '1.023', 'ALIFCell_0.recurrent_weights': '0.985', 'ReadOut_0.readout_weights': '0.000'}
[2026-06-02 17:52:10,066][src.modRNN.training.alignment][INFO] -   align diffusion_aligned @ epoch 901: cos {'ALIFCell_0.input_weights': '0.983', 'ALIFCell_0.recurrent_weights': '0.925', 'ReadOut_0.readout_weights': '0.000'}
[2026-06-02 17:52:10,572][src.modRNN.training.alignment][INFO] -   align diffusion_per_step @ epoch 901: cos {'ALIFCell_0.input_weights': '1.019', 'ALIFCell_0.recurrent_weights': '0.989', 'ReadOut_0.readout_weights': '0.000'}
[2026-06-02 17:52:10,900][src.modRNN.training.alignment][INFO] -   align diffusion_fixed @ epoch 901: cos {'ALIFCell_0.input_weights': '1.092', 'ALIFCell_0.recurrent_weights': '1.066', 'ReadOut_0.readout_weights': '0.000'}
[2026-06-02 17:52:19,087][src.modRNN.training.alignment][INFO] - epoch 925  train loss=0.0094  (rule: diffusion)
[2026-06-02 17:52:27,610][src.modRNN.training.alignment][INFO] - epoch 950  train loss=0.0096  (rule: diffusion)
[2026-06-02 17:52:28,176][src.modRNN.training.alignment][INFO] -   align BPTT @ epoch 951: cos {'ALIFCell_0.input_weights': '0.000', 'ALIFCell_0.recurrent_weights': '0.000', 'ReadOut_0.readout_weights': '0.000'}
[2026-06-02 17:52:28,454][src.modRNN.training.alignment][INFO] -   align eprop @ epoch 951: cos {'ALIFCell_0.input_weights': '1.019', 'ALIFCell_0.recurrent_weights': '0.983', 'ReadOut_0.readout_weights': '0.000'}
[2026-06-02 17:52:28,792][src.modRNN.training.alignment][INFO] -   align diffusion_aligned @ epoch 951: cos {'ALIFCell_0.input_weights': '0.892', 'ALIFCell_0.recurrent_weights': '0.860', 'ReadOut_0.readout_weights': '0.000'}
[2026-06-02 17:52:29,279][src.modRNN.training.alignment][INFO] -   align diffusion_per_step @ epoch 951: cos {'ALIFCell_0.input_weights': '1.002', 'ALIFCell_0.recurrent_weights': '0.963', 'ReadOut_0.readout_weights': '0.000'}
[2026-06-02 17:52:29,615][src.modRNN.training.alignment][INFO] -   align diffusion_fixed @ epoch 951: cos {'ALIFCell_0.input_weights': '1.017', 'ALIFCell_0.recurrent_weights': '1.014', 'ReadOut_0.readout_weights': '0.000'}
[2026-06-02 17:52:37,791][src.modRNN.training.alignment][INFO] - epoch 975  train loss=0.0076  (rule: diffusion)
[2026-06-02 17:52:46,332][src.modRNN.training.alignment][INFO] - epoch 1000  train loss=0.0079  (rule: diffusion)
[2026-06-02 17:52:46,908][src.modRNN.training.alignment][INFO] -   align BPTT @ epoch 1001: cos {'ALIFCell_0.input_weights': '0.000', 'ALIFCell_0.recurrent_weights': '0.000', 'ReadOut_0.readout_weights': '0.000'}
[2026-06-02 17:52:47,193][src.modRNN.training.alignment][INFO] -   align eprop @ epoch 1001: cos {'ALIFCell_0.input_weights': '0.989', 'ALIFCell_0.recurrent_weights': '0.974', 'ReadOut_0.readout_weights': '0.000'}
[2026-06-02 17:52:47,517][src.modRNN.training.alignment][INFO] -   align diffusion_aligned @ epoch 1001: cos {'ALIFCell_0.input_weights': '0.890', 'ALIFCell_0.recurrent_weights': '0.867', 'ReadOut_0.readout_weights': '0.000'}
[2026-06-02 17:52:48,034][src.modRNN.training.alignment][INFO] -   align diffusion_per_step @ epoch 1001: cos {'ALIFCell_0.input_weights': '0.977', 'ALIFCell_0.recurrent_weights': '0.974', 'ReadOut_0.readout_weights': '0.000'}
[2026-06-02 17:52:48,357][src.modRNN.training.alignment][INFO] -   align diffusion_fixed @ epoch 1001: cos {'ALIFCell_0.input_weights': '1.026', 'ALIFCell_0.recurrent_weights': '1.056', 'ReadOut_0.readout_weights': '0.000'}
[2026-06-02 17:52:56,560][src.modRNN.training.alignment][INFO] - epoch 1025  train loss=0.0088  (rule: diffusion)
[2026-06-02 17:53:05,096][src.modRNN.training.alignment][INFO] - epoch 1050  train loss=0.0079  (rule: diffusion)
[2026-06-02 17:53:05,651][src.modRNN.training.alignment][INFO] -   align BPTT @ epoch 1051: cos {'ALIFCell_0.input_weights': '0.000', 'ALIFCell_0.recurrent_weights': '0.000', 'ReadOut_0.readout_weights': '0.000'}
[2026-06-02 17:53:05,943][src.modRNN.training.alignment][INFO] -   align eprop @ epoch 1051: cos {'ALIFCell_0.input_weights': '1.059', 'ALIFCell_0.recurrent_weights': '0.974', 'ReadOut_0.readout_weights': '0.000'}
[2026-06-02 17:53:06,268][src.modRNN.training.alignment][INFO] -   align diffusion_aligned @ epoch 1051: cos {'ALIFCell_0.input_weights': '0.933', 'ALIFCell_0.recurrent_weights': '0.864', 'ReadOut_0.readout_weights': '0.000'}
[2026-06-02 17:53:06,766][src.modRNN.training.alignment][INFO] -   align diffusion_per_step @ epoch 1051: cos {'ALIFCell_0.input_weights': '1.038', 'ALIFCell_0.recurrent_weights': '0.965', 'ReadOut_0.readout_weights': '0.000'}
[2026-06-02 17:53:07,089][src.modRNN.training.alignment][INFO] -   align diffusion_fixed @ epoch 1051: cos {'ALIFCell_0.input_weights': '1.086', 'ALIFCell_0.recurrent_weights': '1.081', 'ReadOut_0.readout_weights': '0.000'}
[2026-06-02 17:53:15,275][src.modRNN.training.alignment][INFO] - epoch 1075  train loss=0.0073  (rule: diffusion)
[2026-06-02 17:53:23,791][src.modRNN.training.alignment][INFO] - epoch 1100  train loss=0.0069  (rule: diffusion)
[2026-06-02 17:53:24,371][src.modRNN.training.alignment][INFO] -   align BPTT @ epoch 1101: cos {'ALIFCell_0.input_weights': '0.000', 'ALIFCell_0.recurrent_weights': '0.000', 'ReadOut_0.readout_weights': '0.000'}
[2026-06-02 17:53:24,653][src.modRNN.training.alignment][INFO] -   align eprop @ epoch 1101: cos {'ALIFCell_0.input_weights': '0.989', 'ALIFCell_0.recurrent_weights': '0.953', 'ReadOut_0.readout_weights': '0.000'}
[2026-06-02 17:53:24,977][src.modRNN.training.alignment][INFO] -   align diffusion_aligned @ epoch 1101: cos {'ALIFCell_0.input_weights': '0.872', 'ALIFCell_0.recurrent_weights': '0.835', 'ReadOut_0.readout_weights': '0.000'}
[2026-06-02 17:53:25,498][src.modRNN.training.alignment][INFO] -   align diffusion_per_step @ epoch 1101: cos {'ALIFCell_0.input_weights': '0.977', 'ALIFCell_0.recurrent_weights': '0.950', 'ReadOut_0.readout_weights': '0.000'}
[2026-06-02 17:53:25,816][src.modRNN.training.alignment][INFO] -   align diffusion_fixed @ epoch 1101: cos {'ALIFCell_0.input_weights': '1.026', 'ALIFCell_0.recurrent_weights': '1.033', 'ReadOut_0.readout_weights': '0.000'}
[2026-06-02 17:53:33,981][src.modRNN.training.alignment][INFO] - epoch 1125  train loss=0.0061  (rule: diffusion)
[2026-06-02 17:53:42,525][src.modRNN.training.alignment][INFO] - epoch 1150  train loss=0.0066  (rule: diffusion)
[2026-06-02 17:53:43,081][src.modRNN.training.alignment][INFO] -   align BPTT @ epoch 1151: cos {'ALIFCell_0.input_weights': '0.000', 'ALIFCell_0.recurrent_weights': '0.000', 'ReadOut_0.readout_weights': '0.000'}
[2026-06-02 17:53:43,366][src.modRNN.training.alignment][INFO] -   align eprop @ epoch 1151: cos {'ALIFCell_0.input_weights': '1.015', 'ALIFCell_0.recurrent_weights': '0.976', 'ReadOut_0.readout_weights': '0.000'}
[2026-06-02 17:53:43,706][src.modRNN.training.alignment][INFO] -   align diffusion_aligned @ epoch 1151: cos {'ALIFCell_0.input_weights': '0.896', 'ALIFCell_0.recurrent_weights': '0.859', 'ReadOut_0.readout_weights': '0.000'}
[2026-06-02 17:53:44,198][src.modRNN.training.alignment][INFO] -   align diffusion_per_step @ epoch 1151: cos {'ALIFCell_0.input_weights': '1.002', 'ALIFCell_0.recurrent_weights': '0.967', 'ReadOut_0.readout_weights': '0.000'}
[2026-06-02 17:53:44,523][src.modRNN.training.alignment][INFO] -   align diffusion_fixed @ epoch 1151: cos {'ALIFCell_0.input_weights': '1.044', 'ALIFCell_0.recurrent_weights': '1.043', 'ReadOut_0.readout_weights': '0.000'}
[2026-06-02 17:53:52,759][src.modRNN.training.alignment][INFO] - epoch 1175  train loss=0.0144  (rule: diffusion)
[2026-06-02 17:54:01,222][src.modRNN.training.alignment][INFO] - epoch 1200  train loss=0.0071  (rule: diffusion)
[2026-06-02 17:54:01,825][src.modRNN.training.alignment][INFO] -   align BPTT @ epoch 1201: cos {'ALIFCell_0.input_weights': '0.000', 'ALIFCell_0.recurrent_weights': '0.000', 'ReadOut_0.readout_weights': '0.000'}
[2026-06-02 17:54:02,109][src.modRNN.training.alignment][INFO] -   align eprop @ epoch 1201: cos {'ALIFCell_0.input_weights': '1.056', 'ALIFCell_0.recurrent_weights': '0.990', 'ReadOut_0.readout_weights': '0.000'}
[2026-06-02 17:54:02,442][src.modRNN.training.alignment][INFO] -   align diffusion_aligned @ epoch 1201: cos {'ALIFCell_0.input_weights': '0.992', 'ALIFCell_0.recurrent_weights': '0.911', 'ReadOut_0.readout_weights': '0.000'}
[2026-06-02 17:54:02,938][src.modRNN.training.alignment][INFO] -   align diffusion_per_step @ epoch 1201: cos {'ALIFCell_0.input_weights': '1.026', 'ALIFCell_0.recurrent_weights': '0.949', 'ReadOut_0.readout_weights': '0.000'}
[2026-06-02 17:54:03,259][src.modRNN.training.alignment][INFO] -   align diffusion_fixed @ epoch 1201: cos {'ALIFCell_0.input_weights': '1.057', 'ALIFCell_0.recurrent_weights': '1.002', 'ReadOut_0.readout_weights': '0.000'}
[2026-06-02 17:54:11,443][src.modRNN.training.alignment][INFO] - epoch 1225  train loss=0.0060  (rule: diffusion)
[2026-06-02 17:54:19,913][src.modRNN.training.alignment][INFO] - epoch 1250  train loss=0.0069  (rule: diffusion)
[2026-06-02 17:54:20,484][src.modRNN.training.alignment][INFO] -   align BPTT @ epoch 1251: cos {'ALIFCell_0.input_weights': '0.000', 'ALIFCell_0.recurrent_weights': '0.000', 'ReadOut_0.readout_weights': '0.000'}
[2026-06-02 17:54:20,770][src.modRNN.training.alignment][INFO] -   align eprop @ epoch 1251: cos {'ALIFCell_0.input_weights': '0.981', 'ALIFCell_0.recurrent_weights': '0.946', 'ReadOut_0.readout_weights': '0.000'}
[2026-06-02 17:54:21,092][src.modRNN.training.alignment][INFO] -   align diffusion_aligned @ epoch 1251: cos {'ALIFCell_0.input_weights': '0.872', 'ALIFCell_0.recurrent_weights': '0.830', 'ReadOut_0.readout_weights': '0.000'}
[2026-06-02 17:54:21,594][src.modRNN.training.alignment][INFO] -   align diffusion_per_step @ epoch 1251: cos {'ALIFCell_0.input_weights': '0.965', 'ALIFCell_0.recurrent_weights': '0.945', 'ReadOut_0.readout_weights': '0.000'}
[2026-06-02 17:54:21,917][src.modRNN.training.alignment][INFO] -   align diffusion_fixed @ epoch 1251: cos {'ALIFCell_0.input_weights': '1.030', 'ALIFCell_0.recurrent_weights': '1.046', 'ReadOut_0.readout_weights': '0.000'}
[2026-06-02 17:54:30,101][src.modRNN.training.alignment][INFO] - epoch 1275  train loss=0.0054  (rule: diffusion)
[2026-06-02 17:54:38,533][src.modRNN.training.alignment][INFO] - epoch 1300  train loss=0.0055  (rule: diffusion)
[2026-06-02 17:54:39,091][src.modRNN.training.alignment][INFO] -   align BPTT @ epoch 1301: cos {'ALIFCell_0.input_weights': '0.000', 'ALIFCell_0.recurrent_weights': '0.000', 'ReadOut_0.readout_weights': '0.000'}
[2026-06-02 17:54:39,372][src.modRNN.training.alignment][INFO] -   align eprop @ epoch 1301: cos {'ALIFCell_0.input_weights': '1.004', 'ALIFCell_0.recurrent_weights': '0.957', 'ReadOut_0.readout_weights': '0.000'}
[2026-06-02 17:54:39,706][src.modRNN.training.alignment][INFO] -   align diffusion_aligned @ epoch 1301: cos {'ALIFCell_0.input_weights': '0.929', 'ALIFCell_0.recurrent_weights': '0.879', 'ReadOut_0.readout_weights': '0.000'}
[2026-06-02 17:54:40,198][src.modRNN.training.alignment][INFO] -   align diffusion_per_step @ epoch 1301: cos {'ALIFCell_0.input_weights': '0.996', 'ALIFCell_0.recurrent_weights': '0.955', 'ReadOut_0.readout_weights': '0.000'}
[2026-06-02 17:54:40,518][src.modRNN.training.alignment][INFO] -   align diffusion_fixed @ epoch 1301: cos {'ALIFCell_0.input_weights': '1.031', 'ALIFCell_0.recurrent_weights': '1.017', 'ReadOut_0.readout_weights': '0.000'}
[2026-06-02 17:54:48,624][src.modRNN.training.alignment][INFO] - epoch 1325  train loss=0.0096  (rule: diffusion)
[2026-06-02 17:54:57,059][src.modRNN.training.alignment][INFO] - epoch 1350  train loss=0.0062  (rule: diffusion)
[2026-06-02 17:54:57,628][src.modRNN.training.alignment][INFO] -   align BPTT @ epoch 1351: cos {'ALIFCell_0.input_weights': '0.000', 'ALIFCell_0.recurrent_weights': '0.000', 'ReadOut_0.readout_weights': '0.000'}
[2026-06-02 17:54:57,907][src.modRNN.training.alignment][INFO] -   align eprop @ epoch 1351: cos {'ALIFCell_0.input_weights': '0.970', 'ALIFCell_0.recurrent_weights': '0.927', 'ReadOut_0.readout_weights': '0.000'}
[2026-06-02 17:54:58,231][src.modRNN.training.alignment][INFO] -   align diffusion_aligned @ epoch 1351: cos {'ALIFCell_0.input_weights': '0.859', 'ALIFCell_0.recurrent_weights': '0.809', 'ReadOut_0.readout_weights': '0.000'}
[2026-06-02 17:54:58,721][src.modRNN.training.alignment][INFO] -   align diffusion_per_step @ epoch 1351: cos {'ALIFCell_0.input_weights': '0.953', 'ALIFCell_0.recurrent_weights': '0.926', 'ReadOut_0.readout_weights': '0.000'}
[2026-06-02 17:54:59,041][src.modRNN.training.alignment][INFO] -   align diffusion_fixed @ epoch 1351: cos {'ALIFCell_0.input_weights': '1.026', 'ALIFCell_0.recurrent_weights': '1.040', 'ReadOut_0.readout_weights': '0.000'}
[2026-06-02 17:55:07,183][src.modRNN.training.alignment][INFO] - epoch 1375  train loss=0.0060  (rule: diffusion)
[2026-06-02 17:55:15,629][src.modRNN.training.alignment][INFO] - epoch 1400  train loss=0.0051  (rule: diffusion)
[2026-06-02 17:55:16,178][src.modRNN.training.alignment][INFO] -   align BPTT @ epoch 1401: cos {'ALIFCell_0.input_weights': '0.000', 'ALIFCell_0.recurrent_weights': '0.000', 'ReadOut_0.readout_weights': '0.000'}
[2026-06-02 17:55:16,463][src.modRNN.training.alignment][INFO] -   align eprop @ epoch 1401: cos {'ALIFCell_0.input_weights': '1.130', 'ALIFCell_0.recurrent_weights': '0.997', 'ReadOut_0.readout_weights': '0.000'}
[2026-06-02 17:55:16,798][src.modRNN.training.alignment][INFO] -   align diffusion_aligned @ epoch 1401: cos {'ALIFCell_0.input_weights': '1.037', 'ALIFCell_0.recurrent_weights': '0.923', 'ReadOut_0.readout_weights': '0.000'}
[2026-06-02 17:55:17,297][src.modRNN.training.alignment][INFO] -   align diffusion_per_step @ epoch 1401: cos {'ALIFCell_0.input_weights': '1.112', 'ALIFCell_0.recurrent_weights': '0.966', 'ReadOut_0.readout_weights': '0.000'}
[2026-06-02 17:55:17,621][src.modRNN.training.alignment][INFO] -   align diffusion_fixed @ epoch 1401: cos {'ALIFCell_0.input_weights': '1.128', 'ALIFCell_0.recurrent_weights': '1.031', 'ReadOut_0.readout_weights': '0.000'}
[2026-06-02 17:55:25,734][src.modRNN.training.alignment][INFO] - epoch 1425  train loss=0.0058  (rule: diffusion)
[2026-06-02 17:55:34,174][src.modRNN.training.alignment][INFO] - epoch 1450  train loss=0.0076  (rule: diffusion)
[2026-06-02 17:55:34,745][src.modRNN.training.alignment][INFO] -   align BPTT @ epoch 1451: cos {'ALIFCell_0.input_weights': '0.000', 'ALIFCell_0.recurrent_weights': '0.000', 'ReadOut_0.readout_weights': '0.000'}
[2026-06-02 17:55:35,021][src.modRNN.training.alignment][INFO] -   align eprop @ epoch 1451: cos {'ALIFCell_0.input_weights': '0.982', 'ALIFCell_0.recurrent_weights': '0.900', 'ReadOut_0.readout_weights': '0.000'}
[2026-06-02 17:55:35,357][src.modRNN.training.alignment][INFO] -   align diffusion_aligned @ epoch 1451: cos {'ALIFCell_0.input_weights': '0.861', 'ALIFCell_0.recurrent_weights': '0.789', 'ReadOut_0.readout_weights': '0.000'}
[2026-06-02 17:55:35,845][src.modRNN.training.alignment][INFO] -   align diffusion_per_step @ epoch 1451: cos {'ALIFCell_0.input_weights': '0.957', 'ALIFCell_0.recurrent_weights': '0.892', 'ReadOut_0.readout_weights': '0.000'}
[2026-06-02 17:55:36,177][src.modRNN.training.alignment][INFO] -   align diffusion_fixed @ epoch 1451: cos {'ALIFCell_0.input_weights': '1.022', 'ALIFCell_0.recurrent_weights': '0.994', 'ReadOut_0.readout_weights': '0.000'}
[2026-06-02 17:55:44,296][src.modRNN.training.alignment][INFO] - epoch 1475  train loss=0.0068  (rule: diffusion)
[2026-06-02 17:55:52,766][src.modRNN.training.alignment][INFO] - epoch 1500  train loss=0.0063  (rule: diffusion)
[2026-06-02 17:55:53,338][src.modRNN.training.alignment][INFO] -   align BPTT @ epoch 1501: cos {'ALIFCell_0.input_weights': '0.000', 'ALIFCell_0.recurrent_weights': '0.000', 'ReadOut_0.readout_weights': '0.000'}
[2026-06-02 17:55:53,620][src.modRNN.training.alignment][INFO] -   align eprop @ epoch 1501: cos {'ALIFCell_0.input_weights': '0.954', 'ALIFCell_0.recurrent_weights': '0.943', 'ReadOut_0.readout_weights': '0.000'}
[2026-06-02 17:55:53,947][src.modRNN.training.alignment][INFO] -   align diffusion_aligned @ epoch 1501: cos {'ALIFCell_0.input_weights': '0.842', 'ALIFCell_0.recurrent_weights': '0.854', 'ReadOut_0.readout_weights': '0.000'}
[2026-06-02 17:55:54,434][src.modRNN.training.alignment][INFO] -   align diffusion_per_step @ epoch 1501: cos {'ALIFCell_0.input_weights': '0.936', 'ALIFCell_0.recurrent_weights': '0.925', 'ReadOut_0.readout_weights': '0.000'}
[2026-06-02 17:55:54,759][src.modRNN.training.alignment][INFO] -   align diffusion_fixed @ epoch 1501: cos {'ALIFCell_0.input_weights': '1.013', 'ALIFCell_0.recurrent_weights': '1.033', 'ReadOut_0.readout_weights': '0.000'}
[2026-06-02 17:56:02,881][src.modRNN.training.alignment][INFO] - epoch 1525  train loss=0.0071  (rule: diffusion)
[2026-06-02 17:56:11,310][src.modRNN.training.alignment][INFO] - epoch 1550  train loss=0.0072  (rule: diffusion)
[2026-06-02 17:56:11,877][src.modRNN.training.alignment][INFO] -   align BPTT @ epoch 1551: cos {'ALIFCell_0.input_weights': '0.000', 'ALIFCell_0.recurrent_weights': '0.000', 'ReadOut_0.readout_weights': '0.000'}
[2026-06-02 17:56:12,164][src.modRNN.training.alignment][INFO] -   align eprop @ epoch 1551: cos {'ALIFCell_0.input_weights': '0.962', 'ALIFCell_0.recurrent_weights': '0.917', 'ReadOut_0.readout_weights': '0.000'}
[2026-06-02 17:56:12,487][src.modRNN.training.alignment][INFO] -   align diffusion_aligned @ epoch 1551: cos {'ALIFCell_0.input_weights': '0.848', 'ALIFCell_0.recurrent_weights': '0.795', 'ReadOut_0.readout_weights': '0.000'}
[2026-06-02 17:56:12,979][src.modRNN.training.alignment][INFO] -   align diffusion_per_step @ epoch 1551: cos {'ALIFCell_0.input_weights': '0.940', 'ALIFCell_0.recurrent_weights': '0.919', 'ReadOut_0.readout_weights': '0.000'}
[2026-06-02 17:56:13,303][src.modRNN.training.alignment][INFO] -   align diffusion_fixed @ epoch 1551: cos {'ALIFCell_0.input_weights': '0.999', 'ALIFCell_0.recurrent_weights': '1.021', 'ReadOut_0.readout_weights': '0.000'}
[2026-06-02 17:56:21,424][src.modRNN.training.alignment][INFO] - epoch 1575  train loss=0.0065  (rule: diffusion)
[2026-06-02 17:56:29,896][src.modRNN.training.alignment][INFO] - epoch 1600  train loss=0.0074  (rule: diffusion)
[2026-06-02 17:56:30,471][src.modRNN.training.alignment][INFO] -   align BPTT @ epoch 1601: cos {'ALIFCell_0.input_weights': '0.000', 'ALIFCell_0.recurrent_weights': '0.000', 'ReadOut_0.readout_weights': '0.000'}
[2026-06-02 17:56:30,749][src.modRNN.training.alignment][INFO] -   align eprop @ epoch 1601: cos {'ALIFCell_0.input_weights': '0.952', 'ALIFCell_0.recurrent_weights': '0.951', 'ReadOut_0.readout_weights': '0.000'}
[2026-06-02 17:56:31,084][src.modRNN.training.alignment][INFO] -   align diffusion_aligned @ epoch 1601: cos {'ALIFCell_0.input_weights': '0.830', 'ALIFCell_0.recurrent_weights': '0.817', 'ReadOut_0.readout_weights': '0.000'}
[2026-06-02 17:56:31,573][src.modRNN.training.alignment][INFO] -   align diffusion_per_step @ epoch 1601: cos {'ALIFCell_0.input_weights': '0.936', 'ALIFCell_0.recurrent_weights': '0.953', 'ReadOut_0.readout_weights': '0.000'}
[2026-06-02 17:56:31,896][src.modRNN.training.alignment][INFO] -   align diffusion_fixed @ epoch 1601: cos {'ALIFCell_0.input_weights': '0.997', 'ALIFCell_0.recurrent_weights': '1.043', 'ReadOut_0.readout_weights': '0.000'}
[2026-06-02 17:56:39,989][src.modRNN.training.alignment][INFO] - epoch 1625  train loss=0.0056  (rule: diffusion)
[2026-06-02 17:56:48,448][src.modRNN.training.alignment][INFO] - epoch 1650  train loss=0.0070  (rule: diffusion)
[2026-06-02 17:56:49,005][src.modRNN.training.alignment][INFO] -   align BPTT @ epoch 1651: cos {'ALIFCell_0.input_weights': '0.000', 'ALIFCell_0.recurrent_weights': '0.000', 'ReadOut_0.readout_weights': '0.000'}
[2026-06-02 17:56:49,286][src.modRNN.training.alignment][INFO] -   align eprop @ epoch 1651: cos {'ALIFCell_0.input_weights': '0.972', 'ALIFCell_0.recurrent_weights': '0.930', 'ReadOut_0.readout_weights': '0.000'}
[2026-06-02 17:56:49,612][src.modRNN.training.alignment][INFO] -   align diffusion_aligned @ epoch 1651: cos {'ALIFCell_0.input_weights': '0.842', 'ALIFCell_0.recurrent_weights': '0.787', 'ReadOut_0.readout_weights': '0.000'}
[2026-06-02 17:56:50,115][src.modRNN.training.alignment][INFO] -   align diffusion_per_step @ epoch 1651: cos {'ALIFCell_0.input_weights': '0.955', 'ALIFCell_0.recurrent_weights': '0.943', 'ReadOut_0.readout_weights': '0.000'}
[2026-06-02 17:56:50,437][src.modRNN.training.alignment][INFO] -   align diffusion_fixed @ epoch 1651: cos {'ALIFCell_0.input_weights': '1.019', 'ALIFCell_0.recurrent_weights': '1.050', 'ReadOut_0.readout_weights': '0.000'}
[2026-06-02 17:56:58,521][src.modRNN.training.alignment][INFO] - epoch 1675  train loss=0.0058  (rule: diffusion)
[2026-06-02 17:57:06,951][src.modRNN.training.alignment][INFO] - epoch 1700  train loss=0.0058  (rule: diffusion)
[2026-06-02 17:57:07,516][src.modRNN.training.alignment][INFO] -   align BPTT @ epoch 1701: cos {'ALIFCell_0.input_weights': '0.000', 'ALIFCell_0.recurrent_weights': '0.000', 'ReadOut_0.readout_weights': '0.000'}
[2026-06-02 17:57:07,803][src.modRNN.training.alignment][INFO] -   align eprop @ epoch 1701: cos {'ALIFCell_0.input_weights': '0.939', 'ALIFCell_0.recurrent_weights': '0.892', 'ReadOut_0.readout_weights': '0.000'}
[2026-06-02 17:57:08,139][src.modRNN.training.alignment][INFO] -   align diffusion_aligned @ epoch 1701: cos {'ALIFCell_0.input_weights': '0.824', 'ALIFCell_0.recurrent_weights': '0.777', 'ReadOut_0.readout_weights': '0.000'}
[2026-06-02 17:57:08,628][src.modRNN.training.alignment][INFO] -   align diffusion_per_step @ epoch 1701: cos {'ALIFCell_0.input_weights': '0.918', 'ALIFCell_0.recurrent_weights': '0.886', 'ReadOut_0.readout_weights': '0.000'}
[2026-06-02 17:57:08,949][src.modRNN.training.alignment][INFO] -   align diffusion_fixed @ epoch 1701: cos {'ALIFCell_0.input_weights': '0.986', 'ALIFCell_0.recurrent_weights': '0.996', 'ReadOut_0.readout_weights': '0.000'}
[2026-06-02 17:57:17,064][src.modRNN.training.alignment][INFO] - epoch 1725  train loss=0.0077  (rule: diffusion)
[2026-06-02 17:57:25,527][src.modRNN.training.alignment][INFO] - epoch 1750  train loss=0.0058  (rule: diffusion)
[2026-06-02 17:57:26,093][src.modRNN.training.alignment][INFO] -   align BPTT @ epoch 1751: cos {'ALIFCell_0.input_weights': '0.000', 'ALIFCell_0.recurrent_weights': '0.000', 'ReadOut_0.readout_weights': '0.000'}
[2026-06-02 17:57:26,375][src.modRNN.training.alignment][INFO] -   align eprop @ epoch 1751: cos {'ALIFCell_0.input_weights': '0.932', 'ALIFCell_0.recurrent_weights': '0.884', 'ReadOut_0.readout_weights': '0.001'}
[2026-06-02 17:57:26,701][src.modRNN.training.alignment][INFO] -   align diffusion_aligned @ epoch 1751: cos {'ALIFCell_0.input_weights': '0.820', 'ALIFCell_0.recurrent_weights': '0.778', 'ReadOut_0.readout_weights': '0.001'}
[2026-06-02 17:57:27,193][src.modRNN.training.alignment][INFO] -   align diffusion_per_step @ epoch 1751: cos {'ALIFCell_0.input_weights': '0.907', 'ALIFCell_0.recurrent_weights': '0.874', 'ReadOut_0.readout_weights': '0.001'}
[2026-06-02 17:57:27,519][src.modRNN.training.alignment][INFO] -   align diffusion_fixed @ epoch 1751: cos {'ALIFCell_0.input_weights': '0.978', 'ALIFCell_0.recurrent_weights': '0.996', 'ReadOut_0.readout_weights': '0.001'}
[2026-06-02 17:57:35,662][src.modRNN.training.alignment][INFO] - epoch 1775  train loss=0.0090  (rule: diffusion)
[2026-06-02 17:57:44,197][src.modRNN.training.alignment][INFO] - epoch 1800  train loss=0.0076  (rule: diffusion)
[2026-06-02 17:57:44,759][src.modRNN.training.alignment][INFO] -   align BPTT @ epoch 1801: cos {'ALIFCell_0.input_weights': '0.000', 'ALIFCell_0.recurrent_weights': '0.000', 'ReadOut_0.readout_weights': '0.000'}
[2026-06-02 17:57:45,044][src.modRNN.training.alignment][INFO] -   align eprop @ epoch 1801: cos {'ALIFCell_0.input_weights': '0.933', 'ALIFCell_0.recurrent_weights': '0.898', 'ReadOut_0.readout_weights': '0.000'}
[2026-06-02 17:57:45,385][src.modRNN.training.alignment][INFO] -   align diffusion_aligned @ epoch 1801: cos {'ALIFCell_0.input_weights': '0.820', 'ALIFCell_0.recurrent_weights': '0.785', 'ReadOut_0.readout_weights': '0.000'}
[2026-06-02 17:57:45,878][src.modRNN.training.alignment][INFO] -   align diffusion_per_step @ epoch 1801: cos {'ALIFCell_0.input_weights': '0.911', 'ALIFCell_0.recurrent_weights': '0.893', 'ReadOut_0.readout_weights': '0.000'}
[2026-06-02 17:57:46,213][src.modRNN.training.alignment][INFO] -   align diffusion_fixed @ epoch 1801: cos {'ALIFCell_0.input_weights': '0.978', 'ALIFCell_0.recurrent_weights': '1.006', 'ReadOut_0.readout_weights': '0.000'}
[2026-06-02 17:57:54,340][src.modRNN.training.alignment][INFO] - epoch 1825  train loss=0.0046  (rule: diffusion)
[2026-06-02 17:58:02,868][src.modRNN.training.alignment][INFO] - epoch 1850  train loss=0.0043  (rule: diffusion)
[2026-06-02 17:58:03,434][src.modRNN.training.alignment][INFO] -   align BPTT @ epoch 1851: cos {'ALIFCell_0.input_weights': '0.000', 'ALIFCell_0.recurrent_weights': '0.000', 'ReadOut_0.readout_weights': '0.000'}
[2026-06-02 17:58:03,712][src.modRNN.training.alignment][INFO] -   align eprop @ epoch 1851: cos {'ALIFCell_0.input_weights': '0.928', 'ALIFCell_0.recurrent_weights': '0.900', 'ReadOut_0.readout_weights': '0.000'}
[2026-06-02 17:58:04,048][src.modRNN.training.alignment][INFO] -   align diffusion_aligned @ epoch 1851: cos {'ALIFCell_0.input_weights': '0.811', 'ALIFCell_0.recurrent_weights': '0.787', 'ReadOut_0.readout_weights': '0.000'}
[2026-06-02 17:58:04,537][src.modRNN.training.alignment][INFO] -   align diffusion_per_step @ epoch 1851: cos {'ALIFCell_0.input_weights': '0.904', 'ALIFCell_0.recurrent_weights': '0.892', 'ReadOut_0.readout_weights': '0.000'}
[2026-06-02 17:58:04,859][src.modRNN.training.alignment][INFO] -   align diffusion_fixed @ epoch 1851: cos {'ALIFCell_0.input_weights': '0.971', 'ALIFCell_0.recurrent_weights': '1.006', 'ReadOut_0.readout_weights': '0.000'}
[2026-06-02 17:58:12,975][src.modRNN.training.alignment][INFO] - epoch 1875  train loss=0.0114  (rule: diffusion)
[2026-06-02 17:58:21,418][src.modRNN.training.alignment][INFO] - epoch 1900  train loss=0.0089  (rule: diffusion)
[2026-06-02 17:58:21,982][src.modRNN.training.alignment][INFO] -   align BPTT @ epoch 1901: cos {'ALIFCell_0.input_weights': '0.000', 'ALIFCell_0.recurrent_weights': '0.000', 'ReadOut_0.readout_weights': '0.000'}
[2026-06-02 17:58:22,268][src.modRNN.training.alignment][INFO] -   align eprop @ epoch 1901: cos {'ALIFCell_0.input_weights': '0.904', 'ALIFCell_0.recurrent_weights': '0.832', 'ReadOut_0.readout_weights': '0.000'}
[2026-06-02 17:58:22,595][src.modRNN.training.alignment][INFO] -   align diffusion_aligned @ epoch 1901: cos {'ALIFCell_0.input_weights': '0.784', 'ALIFCell_0.recurrent_weights': '0.734', 'ReadOut_0.readout_weights': '0.000'}
[2026-06-02 17:58:23,099][src.modRNN.training.alignment][INFO] -   align diffusion_per_step @ epoch 1901: cos {'ALIFCell_0.input_weights': '0.877', 'ALIFCell_0.recurrent_weights': '0.815', 'ReadOut_0.readout_weights': '0.000'}
[2026-06-02 17:58:23,426][src.modRNN.training.alignment][INFO] -   align diffusion_fixed @ epoch 1901: cos {'ALIFCell_0.input_weights': '0.944', 'ALIFCell_0.recurrent_weights': '0.941', 'ReadOut_0.readout_weights': '0.000'}
[2026-06-02 17:58:31,573][src.modRNN.training.alignment][INFO] - epoch 1925  train loss=0.0179  (rule: diffusion)
[2026-06-02 17:58:40,089][src.modRNN.training.alignment][INFO] - epoch 1950  train loss=0.0050  (rule: diffusion)
[2026-06-02 17:58:40,648][src.modRNN.training.alignment][INFO] -   align BPTT @ epoch 1951: cos {'ALIFCell_0.input_weights': '0.000', 'ALIFCell_0.recurrent_weights': '0.000', 'ReadOut_0.readout_weights': '0.000'}
[2026-06-02 17:58:40,932][src.modRNN.training.alignment][INFO] -   align eprop @ epoch 1951: cos {'ALIFCell_0.input_weights': '0.912', 'ALIFCell_0.recurrent_weights': '0.860', 'ReadOut_0.readout_weights': '0.000'}
[2026-06-02 17:58:41,272][src.modRNN.training.alignment][INFO] -   align diffusion_aligned @ epoch 1951: cos {'ALIFCell_0.input_weights': '0.797', 'ALIFCell_0.recurrent_weights': '0.755', 'ReadOut_0.readout_weights': '0.000'}
[2026-06-02 17:58:41,762][src.modRNN.training.alignment][INFO] -   align diffusion_per_step @ epoch 1951: cos {'ALIFCell_0.input_weights': '0.886', 'ALIFCell_0.recurrent_weights': '0.849', 'ReadOut_0.readout_weights': '0.000'}
[2026-06-02 17:58:42,087][src.modRNN.training.alignment][INFO] -   align diffusion_fixed @ epoch 1951: cos {'ALIFCell_0.input_weights': '0.957', 'ALIFCell_0.recurrent_weights': '0.981', 'ReadOut_0.readout_weights': '0.000'}
[2026-06-02 17:58:50,259][src.modRNN.training.alignment][INFO] - epoch 1975  train loss=0.0045  (rule: diffusion)
[2026-06-02 17:58:58,743][src.modRNN.training.alignment][INFO] - epoch 2000  train loss=0.0051  (rule: diffusion)
[2026-06-02 17:58:59,302][src.modRNN.training.alignment][INFO] -   align BPTT @ epoch 2001: cos {'ALIFCell_0.input_weights': '0.000', 'ALIFCell_0.recurrent_weights': '0.000', 'ReadOut_0.readout_weights': '0.000'}
[2026-06-02 17:58:59,588][src.modRNN.training.alignment][INFO] -   align eprop @ epoch 2001: cos {'ALIFCell_0.input_weights': '0.921', 'ALIFCell_0.recurrent_weights': '0.870', 'ReadOut_0.readout_weights': '0.000'}
[2026-06-02 17:58:59,918][src.modRNN.training.alignment][INFO] -   align diffusion_aligned @ epoch 2001: cos {'ALIFCell_0.input_weights': '0.806', 'ALIFCell_0.recurrent_weights': '0.771', 'ReadOut_0.readout_weights': '0.000'}
[2026-06-02 17:59:00,412][src.modRNN.training.alignment][INFO] -   align diffusion_per_step @ epoch 2001: cos {'ALIFCell_0.input_weights': '0.896', 'ALIFCell_0.recurrent_weights': '0.869', 'ReadOut_0.readout_weights': '0.000'}
[2026-06-02 17:59:00,739][src.modRNN.training.alignment][INFO] -   align diffusion_fixed @ epoch 2001: cos {'ALIFCell_0.input_weights': '0.968', 'ALIFCell_0.recurrent_weights': '0.998', 'ReadOut_0.readout_weights': '0.000'}
[2026-06-02 17:59:00,789][src.modRNN.training.alignment][INFO] - Alignment experiment finished. Output dir: /mnt/lustre/work/martius/mot736/neuromodRNN/outputs/pattern_generation/pattern_generation_align_nn_connectivity_diffusion_aligned/seed_111
