[2026-05-20 11:23:01,337][jax._src.xla_bridge][INFO] - Unable to initialize backend 'rocm': module 'jaxlib.xla_extension' has no attribute 'GpuAllocatorConfig'
[2026-05-20 11:23:01,346][jax._src.xla_bridge][INFO] - Unable to initialize backend 'tpu': INTERNAL: Failed to open libtpu.so: libtpu.so: cannot open shared object file: No such file or directory
[2026-05-20 11:23:11,964][src.modRNN.training.alignment][INFO] - Starting alignment experiment: training with diffusion, measuring alignment of ['BPTT', 'eprop', 'diffusion_aligned', 'diffusion_per_step', 'diffusion_fixed'] every 50 epochs.
[2026-05-20 11:23:17,534][src.modRNN.training.alignment][INFO] - epoch 1  train loss=0.6932  (rule: diffusion)
[2026-05-20 11:23:20,188][src.modRNN.training.alignment][INFO] -   align BPTT @ epoch 1: cos {'ALIFCell_0.input_weights': '0.000', 'ALIFCell_0.recurrent_weights': '0.000', 'ReadOut_0.readout_weights': '0.000'}
[2026-05-20 11:23:21,942][src.modRNN.training.alignment][INFO] -   align eprop @ epoch 1: cos {'ALIFCell_0.input_weights': '1.148', 'ALIFCell_0.recurrent_weights': '0.452', 'ReadOut_0.readout_weights': '0.000'}
[2026-05-20 11:23:24,143][src.modRNN.training.alignment][INFO] -   align diffusion_aligned @ epoch 1: cos {'ALIFCell_0.input_weights': '1.036', 'ALIFCell_0.recurrent_weights': '0.892', 'ReadOut_0.readout_weights': '0.000'}
[2026-05-20 11:23:28,703][src.modRNN.training.alignment][INFO] -   align diffusion_per_step @ epoch 1: cos {'ALIFCell_0.input_weights': '1.133', 'ALIFCell_0.recurrent_weights': '0.771', 'ReadOut_0.readout_weights': '0.000'}
[2026-05-20 11:23:31,009][src.modRNN.training.alignment][INFO] -   align diffusion_fixed @ epoch 1: cos {'ALIFCell_0.input_weights': '1.184', 'ALIFCell_0.recurrent_weights': '0.848', 'ReadOut_0.readout_weights': '0.000'}
[2026-05-20 11:24:01,881][src.modRNN.training.alignment][INFO] - epoch 25  train loss=0.6933  (rule: diffusion)
[2026-05-20 11:24:34,480][src.modRNN.training.alignment][INFO] - epoch 50  train loss=0.6931  (rule: diffusion)
[2026-05-20 11:24:37,179][src.modRNN.training.alignment][INFO] -   align BPTT @ epoch 51: cos {'ALIFCell_0.input_weights': '0.000', 'ALIFCell_0.recurrent_weights': '0.000', 'ReadOut_0.readout_weights': '0.000'}
[2026-05-20 11:24:38,160][src.modRNN.training.alignment][INFO] -   align eprop @ epoch 51: cos {'ALIFCell_0.input_weights': '0.691', 'ALIFCell_0.recurrent_weights': '0.491', 'ReadOut_0.readout_weights': '0.000'}
[2026-05-20 11:24:39,421][src.modRNN.training.alignment][INFO] -   align diffusion_aligned @ epoch 51: cos {'ALIFCell_0.input_weights': '0.871', 'ALIFCell_0.recurrent_weights': '0.974', 'ReadOut_0.readout_weights': '0.000'}
[2026-05-20 11:24:41,546][src.modRNN.training.alignment][INFO] -   align diffusion_per_step @ epoch 51: cos {'ALIFCell_0.input_weights': '0.862', 'ALIFCell_0.recurrent_weights': '0.838', 'ReadOut_0.readout_weights': '0.000'}
[2026-05-20 11:24:42,788][src.modRNN.training.alignment][INFO] -   align diffusion_fixed @ epoch 51: cos {'ALIFCell_0.input_weights': '0.886', 'ALIFCell_0.recurrent_weights': '0.891', 'ReadOut_0.readout_weights': '0.000'}
[2026-05-20 11:25:14,043][src.modRNN.training.alignment][INFO] - epoch 75  train loss=0.6931  (rule: diffusion)
[2026-05-20 11:25:46,775][src.modRNN.training.alignment][INFO] - epoch 100  train loss=0.6879  (rule: diffusion)
[2026-05-20 11:25:49,488][src.modRNN.training.alignment][INFO] -   align BPTT @ epoch 101: cos {'ALIFCell_0.input_weights': '0.000', 'ALIFCell_0.recurrent_weights': '0.000', 'ReadOut_0.readout_weights': '0.000'}
[2026-05-20 11:25:50,478][src.modRNN.training.alignment][INFO] -   align eprop @ epoch 101: cos {'ALIFCell_0.input_weights': '0.747', 'ALIFCell_0.recurrent_weights': '0.962', 'ReadOut_0.readout_weights': '0.000'}
[2026-05-20 11:25:51,750][src.modRNN.training.alignment][INFO] -   align diffusion_aligned @ epoch 101: cos {'ALIFCell_0.input_weights': '0.733', 'ALIFCell_0.recurrent_weights': '0.644', 'ReadOut_0.readout_weights': '0.000'}
[2026-05-20 11:25:53,897][src.modRNN.training.alignment][INFO] -   align diffusion_per_step @ epoch 101: cos {'ALIFCell_0.input_weights': '0.788', 'ALIFCell_0.recurrent_weights': '0.741', 'ReadOut_0.readout_weights': '0.000'}
[2026-05-20 11:25:55,148][src.modRNN.training.alignment][INFO] -   align diffusion_fixed @ epoch 101: cos {'ALIFCell_0.input_weights': '0.803', 'ALIFCell_0.recurrent_weights': '0.877', 'ReadOut_0.readout_weights': '0.000'}
[2026-05-20 11:26:26,654][src.modRNN.training.alignment][INFO] - epoch 125  train loss=0.6634  (rule: diffusion)
[2026-05-20 11:26:59,317][src.modRNN.training.alignment][INFO] - epoch 150  train loss=0.6910  (rule: diffusion)
[2026-05-20 11:27:02,033][src.modRNN.training.alignment][INFO] -   align BPTT @ epoch 151: cos {'ALIFCell_0.input_weights': '0.000', 'ALIFCell_0.recurrent_weights': '0.000', 'ReadOut_0.readout_weights': '0.000'}
[2026-05-20 11:27:03,028][src.modRNN.training.alignment][INFO] -   align eprop @ epoch 151: cos {'ALIFCell_0.input_weights': '1.078', 'ALIFCell_0.recurrent_weights': '0.707', 'ReadOut_0.readout_weights': '0.000'}
[2026-05-20 11:27:04,309][src.modRNN.training.alignment][INFO] -   align diffusion_aligned @ epoch 151: cos {'ALIFCell_0.input_weights': '1.338', 'ALIFCell_0.recurrent_weights': '0.700', 'ReadOut_0.readout_weights': '0.000'}
[2026-05-20 11:27:06,460][src.modRNN.training.alignment][INFO] -   align diffusion_per_step @ epoch 151: cos {'ALIFCell_0.input_weights': '1.403', 'ALIFCell_0.recurrent_weights': '0.747', 'ReadOut_0.readout_weights': '0.000'}
[2026-05-20 11:27:07,719][src.modRNN.training.alignment][INFO] -   align diffusion_fixed @ epoch 151: cos {'ALIFCell_0.input_weights': '1.405', 'ALIFCell_0.recurrent_weights': '0.734', 'ReadOut_0.readout_weights': '0.000'}
[2026-05-20 11:27:39,179][src.modRNN.training.alignment][INFO] - epoch 175  train loss=0.6925  (rule: diffusion)
[2026-05-20 11:28:11,871][src.modRNN.training.alignment][INFO] - epoch 200  train loss=0.7436  (rule: diffusion)
[2026-05-20 11:28:14,591][src.modRNN.training.alignment][INFO] -   align BPTT @ epoch 201: cos {'ALIFCell_0.input_weights': '0.000', 'ALIFCell_0.recurrent_weights': '0.000', 'ReadOut_0.readout_weights': '0.000'}
[2026-05-20 11:28:15,585][src.modRNN.training.alignment][INFO] -   align eprop @ epoch 201: cos {'ALIFCell_0.input_weights': '0.798', 'ALIFCell_0.recurrent_weights': '0.729', 'ReadOut_0.readout_weights': '0.000'}
[2026-05-20 11:28:16,867][src.modRNN.training.alignment][INFO] -   align diffusion_aligned @ epoch 201: cos {'ALIFCell_0.input_weights': '0.902', 'ALIFCell_0.recurrent_weights': '0.725', 'ReadOut_0.readout_weights': '0.000'}
[2026-05-20 11:28:19,020][src.modRNN.training.alignment][INFO] -   align diffusion_per_step @ epoch 201: cos {'ALIFCell_0.input_weights': '0.813', 'ALIFCell_0.recurrent_weights': '0.674', 'ReadOut_0.readout_weights': '0.000'}
[2026-05-20 11:28:20,277][src.modRNN.training.alignment][INFO] -   align diffusion_fixed @ epoch 201: cos {'ALIFCell_0.input_weights': '0.856', 'ALIFCell_0.recurrent_weights': '0.676', 'ReadOut_0.readout_weights': '0.000'}
[2026-05-20 11:28:51,698][src.modRNN.training.alignment][INFO] - epoch 225  train loss=0.7202  (rule: diffusion)
[2026-05-20 11:29:24,506][src.modRNN.training.alignment][INFO] - epoch 250  train loss=0.6286  (rule: diffusion)
[2026-05-20 11:29:27,241][src.modRNN.training.alignment][INFO] -   align BPTT @ epoch 251: cos {'ALIFCell_0.input_weights': '0.000', 'ALIFCell_0.recurrent_weights': '0.000', 'ReadOut_0.readout_weights': '0.000'}
[2026-05-20 11:29:28,238][src.modRNN.training.alignment][INFO] -   align eprop @ epoch 251: cos {'ALIFCell_0.input_weights': '1.085', 'ALIFCell_0.recurrent_weights': '0.726', 'ReadOut_0.readout_weights': '0.000'}
[2026-05-20 11:29:29,525][src.modRNN.training.alignment][INFO] -   align diffusion_aligned @ epoch 251: cos {'ALIFCell_0.input_weights': '1.078', 'ALIFCell_0.recurrent_weights': '0.742', 'ReadOut_0.readout_weights': '0.000'}
[2026-05-20 11:29:31,678][src.modRNN.training.alignment][INFO] -   align diffusion_per_step @ epoch 251: cos {'ALIFCell_0.input_weights': '1.181', 'ALIFCell_0.recurrent_weights': '0.738', 'ReadOut_0.readout_weights': '0.000'}
[2026-05-20 11:29:32,929][src.modRNN.training.alignment][INFO] -   align diffusion_fixed @ epoch 251: cos {'ALIFCell_0.input_weights': '1.072', 'ALIFCell_0.recurrent_weights': '0.767', 'ReadOut_0.readout_weights': '0.000'}
[2026-05-20 11:30:04,299][src.modRNN.training.alignment][INFO] - epoch 275  train loss=0.5816  (rule: diffusion)
[2026-05-20 11:30:37,140][src.modRNN.training.alignment][INFO] - epoch 300  train loss=0.5929  (rule: diffusion)
[2026-05-20 11:30:39,861][src.modRNN.training.alignment][INFO] -   align BPTT @ epoch 301: cos {'ALIFCell_0.input_weights': '0.000', 'ALIFCell_0.recurrent_weights': '0.000', 'ReadOut_0.readout_weights': '0.000'}
[2026-05-20 11:30:40,851][src.modRNN.training.alignment][INFO] -   align eprop @ epoch 301: cos {'ALIFCell_0.input_weights': '1.291', 'ALIFCell_0.recurrent_weights': '1.052', 'ReadOut_0.readout_weights': '0.000'}
[2026-05-20 11:30:42,124][src.modRNN.training.alignment][INFO] -   align diffusion_aligned @ epoch 301: cos {'ALIFCell_0.input_weights': '1.303', 'ALIFCell_0.recurrent_weights': '0.991', 'ReadOut_0.readout_weights': '0.000'}
[2026-05-20 11:30:44,268][src.modRNN.training.alignment][INFO] -   align diffusion_per_step @ epoch 301: cos {'ALIFCell_0.input_weights': '1.451', 'ALIFCell_0.recurrent_weights': '0.931', 'ReadOut_0.readout_weights': '0.000'}
[2026-05-20 11:30:45,518][src.modRNN.training.alignment][INFO] -   align diffusion_fixed @ epoch 301: cos {'ALIFCell_0.input_weights': '1.197', 'ALIFCell_0.recurrent_weights': '0.928', 'ReadOut_0.readout_weights': '0.000'}
[2026-05-20 11:31:16,969][src.modRNN.training.alignment][INFO] - epoch 325  train loss=0.5443  (rule: diffusion)
[2026-05-20 11:31:49,712][src.modRNN.training.alignment][INFO] - epoch 350  train loss=0.6431  (rule: diffusion)
[2026-05-20 11:31:52,432][src.modRNN.training.alignment][INFO] -   align BPTT @ epoch 351: cos {'ALIFCell_0.input_weights': '0.000', 'ALIFCell_0.recurrent_weights': '0.000', 'ReadOut_0.readout_weights': '0.000'}
[2026-05-20 11:31:53,421][src.modRNN.training.alignment][INFO] -   align eprop @ epoch 351: cos {'ALIFCell_0.input_weights': '1.063', 'ALIFCell_0.recurrent_weights': '0.791', 'ReadOut_0.readout_weights': '0.000'}
[2026-05-20 11:31:54,696][src.modRNN.training.alignment][INFO] -   align diffusion_aligned @ epoch 351: cos {'ALIFCell_0.input_weights': '1.264', 'ALIFCell_0.recurrent_weights': '0.767', 'ReadOut_0.readout_weights': '0.000'}
[2026-05-20 11:31:56,840][src.modRNN.training.alignment][INFO] -   align diffusion_per_step @ epoch 351: cos {'ALIFCell_0.input_weights': '1.396', 'ALIFCell_0.recurrent_weights': '0.744', 'ReadOut_0.readout_weights': '0.000'}
[2026-05-20 11:31:58,090][src.modRNN.training.alignment][INFO] -   align diffusion_fixed @ epoch 351: cos {'ALIFCell_0.input_weights': '1.003', 'ALIFCell_0.recurrent_weights': '0.759', 'ReadOut_0.readout_weights': '0.000'}
[2026-05-20 11:32:29,628][src.modRNN.training.alignment][INFO] - epoch 375  train loss=0.6899  (rule: diffusion)
[2026-05-20 11:33:02,284][src.modRNN.training.alignment][INFO] - epoch 400  train loss=0.7038  (rule: diffusion)
[2026-05-20 11:33:05,015][src.modRNN.training.alignment][INFO] -   align BPTT @ epoch 401: cos {'ALIFCell_0.input_weights': '0.000', 'ALIFCell_0.recurrent_weights': '0.000', 'ReadOut_0.readout_weights': '0.000'}
[2026-05-20 11:33:06,018][src.modRNN.training.alignment][INFO] -   align eprop @ epoch 401: cos {'ALIFCell_0.input_weights': '1.190', 'ALIFCell_0.recurrent_weights': '0.927', 'ReadOut_0.readout_weights': '0.000'}
[2026-05-20 11:33:07,297][src.modRNN.training.alignment][INFO] -   align diffusion_aligned @ epoch 401: cos {'ALIFCell_0.input_weights': '1.162', 'ALIFCell_0.recurrent_weights': '1.067', 'ReadOut_0.readout_weights': '0.000'}
[2026-05-20 11:33:09,450][src.modRNN.training.alignment][INFO] -   align diffusion_per_step @ epoch 401: cos {'ALIFCell_0.input_weights': '1.175', 'ALIFCell_0.recurrent_weights': '0.918', 'ReadOut_0.readout_weights': '0.000'}
[2026-05-20 11:33:10,703][src.modRNN.training.alignment][INFO] -   align diffusion_fixed @ epoch 401: cos {'ALIFCell_0.input_weights': '1.154', 'ALIFCell_0.recurrent_weights': '0.907', 'ReadOut_0.readout_weights': '0.000'}
[2026-05-20 11:33:42,162][src.modRNN.training.alignment][INFO] - epoch 425  train loss=0.6753  (rule: diffusion)
[2026-05-20 11:34:14,899][src.modRNN.training.alignment][INFO] - epoch 450  train loss=0.6399  (rule: diffusion)
[2026-05-20 11:34:17,626][src.modRNN.training.alignment][INFO] -   align BPTT @ epoch 451: cos {'ALIFCell_0.input_weights': '0.000', 'ALIFCell_0.recurrent_weights': '0.000', 'ReadOut_0.readout_weights': '0.000'}
[2026-05-20 11:34:18,620][src.modRNN.training.alignment][INFO] -   align eprop @ epoch 451: cos {'ALIFCell_0.input_weights': '1.288', 'ALIFCell_0.recurrent_weights': '1.011', 'ReadOut_0.readout_weights': '0.000'}
[2026-05-20 11:34:19,901][src.modRNN.training.alignment][INFO] -   align diffusion_aligned @ epoch 451: cos {'ALIFCell_0.input_weights': '1.283', 'ALIFCell_0.recurrent_weights': '1.114', 'ReadOut_0.readout_weights': '0.000'}
[2026-05-20 11:34:22,053][src.modRNN.training.alignment][INFO] -   align diffusion_per_step @ epoch 451: cos {'ALIFCell_0.input_weights': '1.311', 'ALIFCell_0.recurrent_weights': '1.074', 'ReadOut_0.readout_weights': '0.000'}
[2026-05-20 11:34:23,310][src.modRNN.training.alignment][INFO] -   align diffusion_fixed @ epoch 451: cos {'ALIFCell_0.input_weights': '1.276', 'ALIFCell_0.recurrent_weights': '1.094', 'ReadOut_0.readout_weights': '0.000'}
[2026-05-20 11:34:54,719][src.modRNN.training.alignment][INFO] - epoch 475  train loss=0.6287  (rule: diffusion)
[2026-05-20 11:35:27,532][src.modRNN.training.alignment][INFO] - epoch 500  train loss=0.6268  (rule: diffusion)
[2026-05-20 11:35:30,262][src.modRNN.training.alignment][INFO] -   align BPTT @ epoch 501: cos {'ALIFCell_0.input_weights': '0.000', 'ALIFCell_0.recurrent_weights': '0.000', 'ReadOut_0.readout_weights': '0.000'}
[2026-05-20 11:35:31,255][src.modRNN.training.alignment][INFO] -   align eprop @ epoch 501: cos {'ALIFCell_0.input_weights': '1.108', 'ALIFCell_0.recurrent_weights': '0.998', 'ReadOut_0.readout_weights': '0.000'}
[2026-05-20 11:35:32,529][src.modRNN.training.alignment][INFO] -   align diffusion_aligned @ epoch 501: cos {'ALIFCell_0.input_weights': '1.294', 'ALIFCell_0.recurrent_weights': '1.077', 'ReadOut_0.readout_weights': '0.000'}
[2026-05-20 11:35:34,675][src.modRNN.training.alignment][INFO] -   align diffusion_per_step @ epoch 501: cos {'ALIFCell_0.input_weights': '1.331', 'ALIFCell_0.recurrent_weights': '1.089', 'ReadOut_0.readout_weights': '0.000'}
[2026-05-20 11:35:35,921][src.modRNN.training.alignment][INFO] -   align diffusion_fixed @ epoch 501: cos {'ALIFCell_0.input_weights': '1.196', 'ALIFCell_0.recurrent_weights': '1.111', 'ReadOut_0.readout_weights': '0.000'}
[2026-05-20 11:36:07,298][src.modRNN.training.alignment][INFO] - epoch 525  train loss=0.5905  (rule: diffusion)
[2026-05-20 11:36:40,127][src.modRNN.training.alignment][INFO] - epoch 550  train loss=0.6956  (rule: diffusion)
[2026-05-20 11:36:42,846][src.modRNN.training.alignment][INFO] -   align BPTT @ epoch 551: cos {'ALIFCell_0.input_weights': '0.000', 'ALIFCell_0.recurrent_weights': '0.000', 'ReadOut_0.readout_weights': '0.000'}
[2026-05-20 11:36:43,834][src.modRNN.training.alignment][INFO] -   align eprop @ epoch 551: cos {'ALIFCell_0.input_weights': '0.936', 'ALIFCell_0.recurrent_weights': '0.905', 'ReadOut_0.readout_weights': '0.000'}
[2026-05-20 11:36:45,105][src.modRNN.training.alignment][INFO] -   align diffusion_aligned @ epoch 551: cos {'ALIFCell_0.input_weights': '0.909', 'ALIFCell_0.recurrent_weights': '0.926', 'ReadOut_0.readout_weights': '0.000'}
[2026-05-20 11:36:47,252][src.modRNN.training.alignment][INFO] -   align diffusion_per_step @ epoch 551: cos {'ALIFCell_0.input_weights': '0.954', 'ALIFCell_0.recurrent_weights': '0.895', 'ReadOut_0.readout_weights': '0.000'}
[2026-05-20 11:36:48,502][src.modRNN.training.alignment][INFO] -   align diffusion_fixed @ epoch 551: cos {'ALIFCell_0.input_weights': '0.966', 'ALIFCell_0.recurrent_weights': '0.842', 'ReadOut_0.readout_weights': '0.000'}
[2026-05-20 11:37:19,969][src.modRNN.training.alignment][INFO] - epoch 575  train loss=0.4989  (rule: diffusion)
[2026-05-20 11:37:52,679][src.modRNN.training.alignment][INFO] - epoch 600  train loss=0.4433  (rule: diffusion)
[2026-05-20 11:37:55,396][src.modRNN.training.alignment][INFO] -   align BPTT @ epoch 601: cos {'ALIFCell_0.input_weights': '0.000', 'ALIFCell_0.recurrent_weights': '0.000', 'ReadOut_0.readout_weights': '0.000'}
[2026-05-20 11:37:56,384][src.modRNN.training.alignment][INFO] -   align eprop @ epoch 601: cos {'ALIFCell_0.input_weights': '0.944', 'ALIFCell_0.recurrent_weights': '1.108', 'ReadOut_0.readout_weights': '0.000'}
[2026-05-20 11:37:57,656][src.modRNN.training.alignment][INFO] -   align diffusion_aligned @ epoch 601: cos {'ALIFCell_0.input_weights': '0.967', 'ALIFCell_0.recurrent_weights': '1.142', 'ReadOut_0.readout_weights': '0.000'}
[2026-05-20 11:37:59,798][src.modRNN.training.alignment][INFO] -   align diffusion_per_step @ epoch 601: cos {'ALIFCell_0.input_weights': '0.956', 'ALIFCell_0.recurrent_weights': '1.111', 'ReadOut_0.readout_weights': '0.000'}
[2026-05-20 11:38:01,046][src.modRNN.training.alignment][INFO] -   align diffusion_fixed @ epoch 601: cos {'ALIFCell_0.input_weights': '0.867', 'ALIFCell_0.recurrent_weights': '1.091', 'ReadOut_0.readout_weights': '0.000'}
[2026-05-20 11:38:32,609][src.modRNN.training.alignment][INFO] - epoch 625  train loss=0.5197  (rule: diffusion)
[2026-05-20 11:39:05,257][src.modRNN.training.alignment][INFO] - epoch 650  train loss=0.4798  (rule: diffusion)
[2026-05-20 11:39:07,984][src.modRNN.training.alignment][INFO] -   align BPTT @ epoch 651: cos {'ALIFCell_0.input_weights': '0.000', 'ALIFCell_0.recurrent_weights': '0.000', 'ReadOut_0.readout_weights': '0.000'}
[2026-05-20 11:39:08,975][src.modRNN.training.alignment][INFO] -   align eprop @ epoch 651: cos {'ALIFCell_0.input_weights': '1.051', 'ALIFCell_0.recurrent_weights': '0.772', 'ReadOut_0.readout_weights': '0.000'}
[2026-05-20 11:39:10,252][src.modRNN.training.alignment][INFO] -   align diffusion_aligned @ epoch 651: cos {'ALIFCell_0.input_weights': '1.009', 'ALIFCell_0.recurrent_weights': '0.702', 'ReadOut_0.readout_weights': '0.000'}
[2026-05-20 11:39:12,399][src.modRNN.training.alignment][INFO] -   align diffusion_per_step @ epoch 651: cos {'ALIFCell_0.input_weights': '1.006', 'ALIFCell_0.recurrent_weights': '0.666', 'ReadOut_0.readout_weights': '0.000'}
[2026-05-20 11:39:13,650][src.modRNN.training.alignment][INFO] -   align diffusion_fixed @ epoch 651: cos {'ALIFCell_0.input_weights': '1.055', 'ALIFCell_0.recurrent_weights': '0.677', 'ReadOut_0.readout_weights': '0.000'}
[2026-05-20 11:39:45,107][src.modRNN.training.alignment][INFO] - epoch 675  train loss=0.5071  (rule: diffusion)
[2026-05-20 11:40:17,880][src.modRNN.training.alignment][INFO] - epoch 700  train loss=0.5277  (rule: diffusion)
[2026-05-20 11:40:20,609][src.modRNN.training.alignment][INFO] -   align BPTT @ epoch 701: cos {'ALIFCell_0.input_weights': '0.000', 'ALIFCell_0.recurrent_weights': '0.000', 'ReadOut_0.readout_weights': '0.000'}
[2026-05-20 11:40:21,605][src.modRNN.training.alignment][INFO] -   align eprop @ epoch 701: cos {'ALIFCell_0.input_weights': '1.192', 'ALIFCell_0.recurrent_weights': '0.922', 'ReadOut_0.readout_weights': '0.000'}
[2026-05-20 11:40:22,888][src.modRNN.training.alignment][INFO] -   align diffusion_aligned @ epoch 701: cos {'ALIFCell_0.input_weights': '1.154', 'ALIFCell_0.recurrent_weights': '0.948', 'ReadOut_0.readout_weights': '0.000'}
[2026-05-20 11:40:25,041][src.modRNN.training.alignment][INFO] -   align diffusion_per_step @ epoch 701: cos {'ALIFCell_0.input_weights': '1.164', 'ALIFCell_0.recurrent_weights': '0.891', 'ReadOut_0.readout_weights': '0.000'}
[2026-05-20 11:40:26,298][src.modRNN.training.alignment][INFO] -   align diffusion_fixed @ epoch 701: cos {'ALIFCell_0.input_weights': '1.114', 'ALIFCell_0.recurrent_weights': '0.890', 'ReadOut_0.readout_weights': '0.000'}
[2026-05-20 11:40:57,685][src.modRNN.training.alignment][INFO] - epoch 725  train loss=0.4682  (rule: diffusion)
[2026-05-20 11:41:30,576][src.modRNN.training.alignment][INFO] - epoch 750  train loss=0.4028  (rule: diffusion)
[2026-05-20 11:41:33,301][src.modRNN.training.alignment][INFO] -   align BPTT @ epoch 751: cos {'ALIFCell_0.input_weights': '0.000', 'ALIFCell_0.recurrent_weights': '0.000', 'ReadOut_0.readout_weights': '0.000'}
[2026-05-20 11:41:34,289][src.modRNN.training.alignment][INFO] -   align eprop @ epoch 751: cos {'ALIFCell_0.input_weights': '1.173', 'ALIFCell_0.recurrent_weights': '1.124', 'ReadOut_0.readout_weights': '0.000'}
[2026-05-20 11:41:35,562][src.modRNN.training.alignment][INFO] -   align diffusion_aligned @ epoch 751: cos {'ALIFCell_0.input_weights': '1.271', 'ALIFCell_0.recurrent_weights': '1.141', 'ReadOut_0.readout_weights': '0.000'}
[2026-05-20 11:41:37,707][src.modRNN.training.alignment][INFO] -   align diffusion_per_step @ epoch 751: cos {'ALIFCell_0.input_weights': '1.347', 'ALIFCell_0.recurrent_weights': '1.128', 'ReadOut_0.readout_weights': '0.000'}
[2026-05-20 11:41:38,957][src.modRNN.training.alignment][INFO] -   align diffusion_fixed @ epoch 751: cos {'ALIFCell_0.input_weights': '1.241', 'ALIFCell_0.recurrent_weights': '1.159', 'ReadOut_0.readout_weights': '0.000'}
[2026-05-20 11:42:10,345][src.modRNN.training.alignment][INFO] - epoch 775  train loss=0.4077  (rule: diffusion)
[2026-05-20 11:42:43,147][src.modRNN.training.alignment][INFO] - epoch 800  train loss=0.3965  (rule: diffusion)
[2026-05-20 11:42:45,869][src.modRNN.training.alignment][INFO] -   align BPTT @ epoch 801: cos {'ALIFCell_0.input_weights': '0.000', 'ALIFCell_0.recurrent_weights': '0.000', 'ReadOut_0.readout_weights': '0.000'}
[2026-05-20 11:42:46,857][src.modRNN.training.alignment][INFO] -   align eprop @ epoch 801: cos {'ALIFCell_0.input_weights': '0.952', 'ALIFCell_0.recurrent_weights': '0.909', 'ReadOut_0.readout_weights': '0.000'}
[2026-05-20 11:42:48,128][src.modRNN.training.alignment][INFO] -   align diffusion_aligned @ epoch 801: cos {'ALIFCell_0.input_weights': '0.839', 'ALIFCell_0.recurrent_weights': '0.867', 'ReadOut_0.readout_weights': '0.000'}
[2026-05-20 11:42:50,272][src.modRNN.training.alignment][INFO] -   align diffusion_per_step @ epoch 801: cos {'ALIFCell_0.input_weights': '0.879', 'ALIFCell_0.recurrent_weights': '0.850', 'ReadOut_0.readout_weights': '0.000'}
[2026-05-20 11:42:51,521][src.modRNN.training.alignment][INFO] -   align diffusion_fixed @ epoch 801: cos {'ALIFCell_0.input_weights': '0.940', 'ALIFCell_0.recurrent_weights': '0.857', 'ReadOut_0.readout_weights': '0.000'}
[2026-05-20 11:43:23,062][src.modRNN.training.alignment][INFO] - epoch 825  train loss=0.4204  (rule: diffusion)
[2026-05-20 11:43:55,751][src.modRNN.training.alignment][INFO] - epoch 850  train loss=0.3654  (rule: diffusion)
[2026-05-20 11:43:58,469][src.modRNN.training.alignment][INFO] -   align BPTT @ epoch 851: cos {'ALIFCell_0.input_weights': '0.000', 'ALIFCell_0.recurrent_weights': '0.000', 'ReadOut_0.readout_weights': '0.000'}
[2026-05-20 11:43:59,456][src.modRNN.training.alignment][INFO] -   align eprop @ epoch 851: cos {'ALIFCell_0.input_weights': '1.148', 'ALIFCell_0.recurrent_weights': '1.034', 'ReadOut_0.readout_weights': '0.000'}
[2026-05-20 11:44:00,730][src.modRNN.training.alignment][INFO] -   align diffusion_aligned @ epoch 851: cos {'ALIFCell_0.input_weights': '1.090', 'ALIFCell_0.recurrent_weights': '0.962', 'ReadOut_0.readout_weights': '0.000'}
[2026-05-20 11:44:02,875][src.modRNN.training.alignment][INFO] -   align diffusion_per_step @ epoch 851: cos {'ALIFCell_0.input_weights': '1.188', 'ALIFCell_0.recurrent_weights': '0.955', 'ReadOut_0.readout_weights': '0.000'}
[2026-05-20 11:44:04,129][src.modRNN.training.alignment][INFO] -   align diffusion_fixed @ epoch 851: cos {'ALIFCell_0.input_weights': '1.016', 'ALIFCell_0.recurrent_weights': '0.919', 'ReadOut_0.readout_weights': '0.000'}
[2026-05-20 11:44:35,653][src.modRNN.training.alignment][INFO] - epoch 875  train loss=0.7183  (rule: diffusion)
[2026-05-20 11:45:08,361][src.modRNN.training.alignment][INFO] - epoch 900  train loss=0.6080  (rule: diffusion)
[2026-05-20 11:45:11,093][src.modRNN.training.alignment][INFO] -   align BPTT @ epoch 901: cos {'ALIFCell_0.input_weights': '0.000', 'ALIFCell_0.recurrent_weights': '0.000', 'ReadOut_0.readout_weights': '0.000'}
[2026-05-20 11:45:12,085][src.modRNN.training.alignment][INFO] -   align eprop @ epoch 901: cos {'ALIFCell_0.input_weights': '1.152', 'ALIFCell_0.recurrent_weights': '1.220', 'ReadOut_0.readout_weights': '0.000'}
[2026-05-20 11:45:13,364][src.modRNN.training.alignment][INFO] -   align diffusion_aligned @ epoch 901: cos {'ALIFCell_0.input_weights': '1.121', 'ALIFCell_0.recurrent_weights': '1.105', 'ReadOut_0.readout_weights': '0.000'}
[2026-05-20 11:45:15,514][src.modRNN.training.alignment][INFO] -   align diffusion_per_step @ epoch 901: cos {'ALIFCell_0.input_weights': '1.151', 'ALIFCell_0.recurrent_weights': '1.112', 'ReadOut_0.readout_weights': '0.000'}
[2026-05-20 11:45:16,768][src.modRNN.training.alignment][INFO] -   align diffusion_fixed @ epoch 901: cos {'ALIFCell_0.input_weights': '1.106', 'ALIFCell_0.recurrent_weights': '1.022', 'ReadOut_0.readout_weights': '0.000'}
[2026-05-20 11:45:48,167][src.modRNN.training.alignment][INFO] - epoch 925  train loss=0.5761  (rule: diffusion)
[2026-05-20 11:46:20,905][src.modRNN.training.alignment][INFO] - epoch 950  train loss=0.6351  (rule: diffusion)
[2026-05-20 11:46:23,625][src.modRNN.training.alignment][INFO] -   align BPTT @ epoch 951: cos {'ALIFCell_0.input_weights': '0.000', 'ALIFCell_0.recurrent_weights': '0.000', 'ReadOut_0.readout_weights': '0.000'}
[2026-05-20 11:46:24,619][src.modRNN.training.alignment][INFO] -   align eprop @ epoch 951: cos {'ALIFCell_0.input_weights': '1.016', 'ALIFCell_0.recurrent_weights': '0.952', 'ReadOut_0.readout_weights': '0.000'}
[2026-05-20 11:46:25,896][src.modRNN.training.alignment][INFO] -   align diffusion_aligned @ epoch 951: cos {'ALIFCell_0.input_weights': '0.933', 'ALIFCell_0.recurrent_weights': '0.913', 'ReadOut_0.readout_weights': '0.000'}
[2026-05-20 11:46:28,044][src.modRNN.training.alignment][INFO] -   align diffusion_per_step @ epoch 951: cos {'ALIFCell_0.input_weights': '0.967', 'ALIFCell_0.recurrent_weights': '0.901', 'ReadOut_0.readout_weights': '0.000'}
[2026-05-20 11:46:29,298][src.modRNN.training.alignment][INFO] -   align diffusion_fixed @ epoch 951: cos {'ALIFCell_0.input_weights': '1.019', 'ALIFCell_0.recurrent_weights': '0.890', 'ReadOut_0.readout_weights': '0.000'}
[2026-05-20 11:47:00,677][src.modRNN.training.alignment][INFO] - epoch 975  train loss=0.5718  (rule: diffusion)
[2026-05-20 11:47:33,512][src.modRNN.training.alignment][INFO] - epoch 1000  train loss=0.6024  (rule: diffusion)
[2026-05-20 11:47:36,230][src.modRNN.training.alignment][INFO] -   align BPTT @ epoch 1001: cos {'ALIFCell_0.input_weights': '0.000', 'ALIFCell_0.recurrent_weights': '0.000', 'ReadOut_0.readout_weights': '0.000'}
[2026-05-20 11:47:37,217][src.modRNN.training.alignment][INFO] -   align eprop @ epoch 1001: cos {'ALIFCell_0.input_weights': '1.008', 'ALIFCell_0.recurrent_weights': '1.273', 'ReadOut_0.readout_weights': '0.000'}
[2026-05-20 11:47:38,490][src.modRNN.training.alignment][INFO] -   align diffusion_aligned @ epoch 1001: cos {'ALIFCell_0.input_weights': '0.926', 'ALIFCell_0.recurrent_weights': '1.141', 'ReadOut_0.readout_weights': '0.000'}
[2026-05-20 11:47:40,633][src.modRNN.training.alignment][INFO] -   align diffusion_per_step @ epoch 1001: cos {'ALIFCell_0.input_weights': '0.951', 'ALIFCell_0.recurrent_weights': '1.113', 'ReadOut_0.readout_weights': '0.000'}
[2026-05-20 11:47:41,881][src.modRNN.training.alignment][INFO] -   align diffusion_fixed @ epoch 1001: cos {'ALIFCell_0.input_weights': '1.020', 'ALIFCell_0.recurrent_weights': '1.043', 'ReadOut_0.readout_weights': '0.000'}
[2026-05-20 11:48:13,284][src.modRNN.training.alignment][INFO] - epoch 1025  train loss=0.6072  (rule: diffusion)
[2026-05-20 11:48:46,064][src.modRNN.training.alignment][INFO] - epoch 1050  train loss=0.4957  (rule: diffusion)
[2026-05-20 11:48:48,784][src.modRNN.training.alignment][INFO] -   align BPTT @ epoch 1051: cos {'ALIFCell_0.input_weights': '0.000', 'ALIFCell_0.recurrent_weights': '0.000', 'ReadOut_0.readout_weights': '0.000'}
[2026-05-20 11:48:49,770][src.modRNN.training.alignment][INFO] -   align eprop @ epoch 1051: cos {'ALIFCell_0.input_weights': '1.160', 'ALIFCell_0.recurrent_weights': '1.194', 'ReadOut_0.readout_weights': '0.000'}
[2026-05-20 11:48:51,042][src.modRNN.training.alignment][INFO] -   align diffusion_aligned @ epoch 1051: cos {'ALIFCell_0.input_weights': '1.241', 'ALIFCell_0.recurrent_weights': '1.278', 'ReadOut_0.readout_weights': '0.000'}
[2026-05-20 11:48:53,187][src.modRNN.training.alignment][INFO] -   align diffusion_per_step @ epoch 1051: cos {'ALIFCell_0.input_weights': '1.166', 'ALIFCell_0.recurrent_weights': '1.279', 'ReadOut_0.readout_weights': '0.000'}
[2026-05-20 11:48:54,437][src.modRNN.training.alignment][INFO] -   align diffusion_fixed @ epoch 1051: cos {'ALIFCell_0.input_weights': '1.094', 'ALIFCell_0.recurrent_weights': '1.307', 'ReadOut_0.readout_weights': '0.000'}
[2026-05-20 11:49:25,942][src.modRNN.training.alignment][INFO] - epoch 1075  train loss=0.4171  (rule: diffusion)
[2026-05-20 11:49:58,616][src.modRNN.training.alignment][INFO] - epoch 1100  train loss=0.4251  (rule: diffusion)
[2026-05-20 11:50:01,334][src.modRNN.training.alignment][INFO] -   align BPTT @ epoch 1101: cos {'ALIFCell_0.input_weights': '0.000', 'ALIFCell_0.recurrent_weights': '0.000', 'ReadOut_0.readout_weights': '0.000'}
[2026-05-20 11:50:02,327][src.modRNN.training.alignment][INFO] -   align eprop @ epoch 1101: cos {'ALIFCell_0.input_weights': '1.113', 'ALIFCell_0.recurrent_weights': '1.347', 'ReadOut_0.readout_weights': '0.000'}
[2026-05-20 11:50:03,605][src.modRNN.training.alignment][INFO] -   align diffusion_aligned @ epoch 1101: cos {'ALIFCell_0.input_weights': '1.232', 'ALIFCell_0.recurrent_weights': '1.348', 'ReadOut_0.readout_weights': '0.000'}
[2026-05-20 11:50:05,754][src.modRNN.training.alignment][INFO] -   align diffusion_per_step @ epoch 1101: cos {'ALIFCell_0.input_weights': '1.234', 'ALIFCell_0.recurrent_weights': '1.339', 'ReadOut_0.readout_weights': '0.000'}
[2026-05-20 11:50:07,018][src.modRNN.training.alignment][INFO] -   align diffusion_fixed @ epoch 1101: cos {'ALIFCell_0.input_weights': '1.243', 'ALIFCell_0.recurrent_weights': '1.291', 'ReadOut_0.readout_weights': '0.000'}
[2026-05-20 11:50:38,563][src.modRNN.training.alignment][INFO] - epoch 1125  train loss=0.3747  (rule: diffusion)
[2026-05-20 11:51:11,258][src.modRNN.training.alignment][INFO] - epoch 1150  train loss=0.4192  (rule: diffusion)
[2026-05-20 11:51:13,986][src.modRNN.training.alignment][INFO] -   align BPTT @ epoch 1151: cos {'ALIFCell_0.input_weights': '0.000', 'ALIFCell_0.recurrent_weights': '0.000', 'ReadOut_0.readout_weights': '0.000'}
[2026-05-20 11:51:14,989][src.modRNN.training.alignment][INFO] -   align eprop @ epoch 1151: cos {'ALIFCell_0.input_weights': '1.274', 'ALIFCell_0.recurrent_weights': '1.086', 'ReadOut_0.readout_weights': '0.000'}
[2026-05-20 11:51:16,266][src.modRNN.training.alignment][INFO] -   align diffusion_aligned @ epoch 1151: cos {'ALIFCell_0.input_weights': '1.213', 'ALIFCell_0.recurrent_weights': '1.089', 'ReadOut_0.readout_weights': '0.000'}
[2026-05-20 11:51:18,416][src.modRNN.training.alignment][INFO] -   align diffusion_per_step @ epoch 1151: cos {'ALIFCell_0.input_weights': '1.204', 'ALIFCell_0.recurrent_weights': '1.083', 'ReadOut_0.readout_weights': '0.000'}
[2026-05-20 11:51:19,670][src.modRNN.training.alignment][INFO] -   align diffusion_fixed @ epoch 1151: cos {'ALIFCell_0.input_weights': '1.146', 'ALIFCell_0.recurrent_weights': '1.032', 'ReadOut_0.readout_weights': '0.000'}
[2026-05-20 11:51:51,092][src.modRNN.training.alignment][INFO] - epoch 1175  train loss=0.4103  (rule: diffusion)
[2026-05-20 11:52:23,920][src.modRNN.training.alignment][INFO] - epoch 1200  train loss=0.2849  (rule: diffusion)
[2026-05-20 11:52:26,648][src.modRNN.training.alignment][INFO] -   align BPTT @ epoch 1201: cos {'ALIFCell_0.input_weights': '0.000', 'ALIFCell_0.recurrent_weights': '0.000', 'ReadOut_0.readout_weights': '0.000'}
[2026-05-20 11:52:27,643][src.modRNN.training.alignment][INFO] -   align eprop @ epoch 1201: cos {'ALIFCell_0.input_weights': '1.347', 'ALIFCell_0.recurrent_weights': '1.277', 'ReadOut_0.readout_weights': '0.000'}
[2026-05-20 11:52:28,919][src.modRNN.training.alignment][INFO] -   align diffusion_aligned @ epoch 1201: cos {'ALIFCell_0.input_weights': '1.436', 'ALIFCell_0.recurrent_weights': '1.249', 'ReadOut_0.readout_weights': '0.000'}
[2026-05-20 11:52:31,068][src.modRNN.training.alignment][INFO] -   align diffusion_per_step @ epoch 1201: cos {'ALIFCell_0.input_weights': '1.458', 'ALIFCell_0.recurrent_weights': '1.282', 'ReadOut_0.readout_weights': '0.000'}
[2026-05-20 11:52:32,315][src.modRNN.training.alignment][INFO] -   align diffusion_fixed @ epoch 1201: cos {'ALIFCell_0.input_weights': '1.336', 'ALIFCell_0.recurrent_weights': '1.316', 'ReadOut_0.readout_weights': '0.000'}
[2026-05-20 11:53:03,662][src.modRNN.training.alignment][INFO] - epoch 1225  train loss=0.4331  (rule: diffusion)
[2026-05-20 11:53:36,469][src.modRNN.training.alignment][INFO] - epoch 1250  train loss=0.4408  (rule: diffusion)
[2026-05-20 11:53:39,192][src.modRNN.training.alignment][INFO] -   align BPTT @ epoch 1251: cos {'ALIFCell_0.input_weights': '0.000', 'ALIFCell_0.recurrent_weights': '0.000', 'ReadOut_0.readout_weights': '0.000'}
[2026-05-20 11:53:40,181][src.modRNN.training.alignment][INFO] -   align eprop @ epoch 1251: cos {'ALIFCell_0.input_weights': '1.365', 'ALIFCell_0.recurrent_weights': '1.216', 'ReadOut_0.readout_weights': '0.000'}
[2026-05-20 11:53:41,453][src.modRNN.training.alignment][INFO] -   align diffusion_aligned @ epoch 1251: cos {'ALIFCell_0.input_weights': '1.536', 'ALIFCell_0.recurrent_weights': '1.317', 'ReadOut_0.readout_weights': '0.000'}
[2026-05-20 11:53:43,598][src.modRNN.training.alignment][INFO] -   align diffusion_per_step @ epoch 1251: cos {'ALIFCell_0.input_weights': '1.495', 'ALIFCell_0.recurrent_weights': '1.274', 'ReadOut_0.readout_weights': '0.000'}
[2026-05-20 11:53:44,847][src.modRNN.training.alignment][INFO] -   align diffusion_fixed @ epoch 1251: cos {'ALIFCell_0.input_weights': '1.404', 'ALIFCell_0.recurrent_weights': '1.278', 'ReadOut_0.readout_weights': '0.000'}
[2026-05-20 11:54:16,298][src.modRNN.training.alignment][INFO] - epoch 1275  train loss=0.4455  (rule: diffusion)
[2026-05-20 11:54:49,051][src.modRNN.training.alignment][INFO] - epoch 1300  train loss=0.3810  (rule: diffusion)
[2026-05-20 11:54:51,769][src.modRNN.training.alignment][INFO] -   align BPTT @ epoch 1301: cos {'ALIFCell_0.input_weights': '0.000', 'ALIFCell_0.recurrent_weights': '0.000', 'ReadOut_0.readout_weights': '0.000'}
[2026-05-20 11:54:52,754][src.modRNN.training.alignment][INFO] -   align eprop @ epoch 1301: cos {'ALIFCell_0.input_weights': '1.302', 'ALIFCell_0.recurrent_weights': '1.253', 'ReadOut_0.readout_weights': '0.000'}
[2026-05-20 11:54:54,028][src.modRNN.training.alignment][INFO] -   align diffusion_aligned @ epoch 1301: cos {'ALIFCell_0.input_weights': '1.434', 'ALIFCell_0.recurrent_weights': '1.376', 'ReadOut_0.readout_weights': '0.000'}
[2026-05-20 11:54:56,174][src.modRNN.training.alignment][INFO] -   align diffusion_per_step @ epoch 1301: cos {'ALIFCell_0.input_weights': '1.404', 'ALIFCell_0.recurrent_weights': '1.351', 'ReadOut_0.readout_weights': '0.000'}
[2026-05-20 11:54:57,425][src.modRNN.training.alignment][INFO] -   align diffusion_fixed @ epoch 1301: cos {'ALIFCell_0.input_weights': '1.318', 'ALIFCell_0.recurrent_weights': '1.302', 'ReadOut_0.readout_weights': '0.000'}
[2026-05-20 11:55:28,972][src.modRNN.training.alignment][INFO] - epoch 1325  train loss=0.3240  (rule: diffusion)
[2026-05-20 11:56:01,634][src.modRNN.training.alignment][INFO] - epoch 1350  train loss=0.3486  (rule: diffusion)
[2026-05-20 11:56:04,363][src.modRNN.training.alignment][INFO] -   align BPTT @ epoch 1351: cos {'ALIFCell_0.input_weights': '0.000', 'ALIFCell_0.recurrent_weights': '0.000', 'ReadOut_0.readout_weights': '0.000'}
[2026-05-20 11:56:05,356][src.modRNN.training.alignment][INFO] -   align eprop @ epoch 1351: cos {'ALIFCell_0.input_weights': '1.238', 'ALIFCell_0.recurrent_weights': '0.984', 'ReadOut_0.readout_weights': '0.000'}
[2026-05-20 11:56:06,635][src.modRNN.training.alignment][INFO] -   align diffusion_aligned @ epoch 1351: cos {'ALIFCell_0.input_weights': '1.410', 'ALIFCell_0.recurrent_weights': '1.237', 'ReadOut_0.readout_weights': '0.000'}
[2026-05-20 11:56:08,785][src.modRNN.training.alignment][INFO] -   align diffusion_per_step @ epoch 1351: cos {'ALIFCell_0.input_weights': '1.418', 'ALIFCell_0.recurrent_weights': '1.173', 'ReadOut_0.readout_weights': '0.000'}
[2026-05-20 11:56:10,038][src.modRNN.training.alignment][INFO] -   align diffusion_fixed @ epoch 1351: cos {'ALIFCell_0.input_weights': '1.313', 'ALIFCell_0.recurrent_weights': '1.140', 'ReadOut_0.readout_weights': '0.000'}
[2026-05-20 11:56:41,530][src.modRNN.training.alignment][INFO] - epoch 1375  train loss=0.2373  (rule: diffusion)
[2026-05-20 11:57:14,234][src.modRNN.training.alignment][INFO] - epoch 1400  train loss=0.2956  (rule: diffusion)
[2026-05-20 11:57:16,963][src.modRNN.training.alignment][INFO] -   align BPTT @ epoch 1401: cos {'ALIFCell_0.input_weights': '0.000', 'ALIFCell_0.recurrent_weights': '0.000', 'ReadOut_0.readout_weights': '0.000'}
[2026-05-20 11:57:17,957][src.modRNN.training.alignment][INFO] -   align eprop @ epoch 1401: cos {'ALIFCell_0.input_weights': '1.177', 'ALIFCell_0.recurrent_weights': '1.161', 'ReadOut_0.readout_weights': '0.000'}
[2026-05-20 11:57:19,236][src.modRNN.training.alignment][INFO] -   align diffusion_aligned @ epoch 1401: cos {'ALIFCell_0.input_weights': '1.284', 'ALIFCell_0.recurrent_weights': '1.235', 'ReadOut_0.readout_weights': '0.000'}
[2026-05-20 11:57:21,387][src.modRNN.training.alignment][INFO] -   align diffusion_per_step @ epoch 1401: cos {'ALIFCell_0.input_weights': '1.269', 'ALIFCell_0.recurrent_weights': '1.219', 'ReadOut_0.readout_weights': '0.000'}
[2026-05-20 11:57:22,643][src.modRNN.training.alignment][INFO] -   align diffusion_fixed @ epoch 1401: cos {'ALIFCell_0.input_weights': '1.236', 'ALIFCell_0.recurrent_weights': '1.207', 'ReadOut_0.readout_weights': '0.000'}
[2026-05-20 11:57:54,019][src.modRNN.training.alignment][INFO] - epoch 1425  train loss=0.5014  (rule: diffusion)
[2026-05-20 11:58:26,812][src.modRNN.training.alignment][INFO] - epoch 1450  train loss=0.2213  (rule: diffusion)
[2026-05-20 11:58:29,533][src.modRNN.training.alignment][INFO] -   align BPTT @ epoch 1451: cos {'ALIFCell_0.input_weights': '0.000', 'ALIFCell_0.recurrent_weights': '0.000', 'ReadOut_0.readout_weights': '0.000'}
[2026-05-20 11:58:30,527][src.modRNN.training.alignment][INFO] -   align eprop @ epoch 1451: cos {'ALIFCell_0.input_weights': '1.138', 'ALIFCell_0.recurrent_weights': '1.144', 'ReadOut_0.readout_weights': '0.000'}
[2026-05-20 11:58:31,802][src.modRNN.training.alignment][INFO] -   align diffusion_aligned @ epoch 1451: cos {'ALIFCell_0.input_weights': '1.220', 'ALIFCell_0.recurrent_weights': '1.288', 'ReadOut_0.readout_weights': '0.000'}
[2026-05-20 11:58:33,948][src.modRNN.training.alignment][INFO] -   align diffusion_per_step @ epoch 1451: cos {'ALIFCell_0.input_weights': '1.275', 'ALIFCell_0.recurrent_weights': '1.260', 'ReadOut_0.readout_weights': '0.000'}
[2026-05-20 11:58:35,196][src.modRNN.training.alignment][INFO] -   align diffusion_fixed @ epoch 1451: cos {'ALIFCell_0.input_weights': '1.218', 'ALIFCell_0.recurrent_weights': '1.255', 'ReadOut_0.readout_weights': '0.000'}
[2026-05-20 11:59:06,563][src.modRNN.training.alignment][INFO] - epoch 1475  train loss=0.2521  (rule: diffusion)
[2026-05-20 11:59:39,381][src.modRNN.training.alignment][INFO] - epoch 1500  train loss=0.2936  (rule: diffusion)
[2026-05-20 11:59:42,100][src.modRNN.training.alignment][INFO] -   align BPTT @ epoch 1501: cos {'ALIFCell_0.input_weights': '0.000', 'ALIFCell_0.recurrent_weights': '0.000', 'ReadOut_0.readout_weights': '0.000'}
[2026-05-20 11:59:43,090][src.modRNN.training.alignment][INFO] -   align eprop @ epoch 1501: cos {'ALIFCell_0.input_weights': '1.089', 'ALIFCell_0.recurrent_weights': '1.189', 'ReadOut_0.readout_weights': '0.000'}
[2026-05-20 11:59:44,361][src.modRNN.training.alignment][INFO] -   align diffusion_aligned @ epoch 1501: cos {'ALIFCell_0.input_weights': '1.266', 'ALIFCell_0.recurrent_weights': '1.256', 'ReadOut_0.readout_weights': '0.000'}
[2026-05-20 11:59:46,501][src.modRNN.training.alignment][INFO] -   align diffusion_per_step @ epoch 1501: cos {'ALIFCell_0.input_weights': '1.236', 'ALIFCell_0.recurrent_weights': '1.225', 'ReadOut_0.readout_weights': '0.000'}
[2026-05-20 11:59:47,751][src.modRNN.training.alignment][INFO] -   align diffusion_fixed @ epoch 1501: cos {'ALIFCell_0.input_weights': '1.160', 'ALIFCell_0.recurrent_weights': '1.219', 'ReadOut_0.readout_weights': '0.000'}
[2026-05-20 12:00:19,204][src.modRNN.training.alignment][INFO] - epoch 1525  train loss=0.2359  (rule: diffusion)
[2026-05-20 12:00:51,940][src.modRNN.training.alignment][INFO] - epoch 1550  train loss=0.2789  (rule: diffusion)
[2026-05-20 12:00:54,663][src.modRNN.training.alignment][INFO] -   align BPTT @ epoch 1551: cos {'ALIFCell_0.input_weights': '0.000', 'ALIFCell_0.recurrent_weights': '0.000', 'ReadOut_0.readout_weights': '0.000'}
[2026-05-20 12:00:55,651][src.modRNN.training.alignment][INFO] -   align eprop @ epoch 1551: cos {'ALIFCell_0.input_weights': '1.287', 'ALIFCell_0.recurrent_weights': '1.021', 'ReadOut_0.readout_weights': '0.000'}
[2026-05-20 12:00:56,924][src.modRNN.training.alignment][INFO] -   align diffusion_aligned @ epoch 1551: cos {'ALIFCell_0.input_weights': '1.411', 'ALIFCell_0.recurrent_weights': '1.248', 'ReadOut_0.readout_weights': '0.000'}
[2026-05-20 12:00:59,068][src.modRNN.training.alignment][INFO] -   align diffusion_per_step @ epoch 1551: cos {'ALIFCell_0.input_weights': '1.385', 'ALIFCell_0.recurrent_weights': '1.197', 'ReadOut_0.readout_weights': '0.000'}
[2026-05-20 12:01:00,318][src.modRNN.training.alignment][INFO] -   align diffusion_fixed @ epoch 1551: cos {'ALIFCell_0.input_weights': '1.218', 'ALIFCell_0.recurrent_weights': '1.104', 'ReadOut_0.readout_weights': '0.000'}
[2026-05-20 12:01:31,893][src.modRNN.training.alignment][INFO] - epoch 1575  train loss=0.4442  (rule: diffusion)
[2026-05-20 12:02:04,603][src.modRNN.training.alignment][INFO] - epoch 1600  train loss=0.3412  (rule: diffusion)
[2026-05-20 12:02:07,331][src.modRNN.training.alignment][INFO] -   align BPTT @ epoch 1601: cos {'ALIFCell_0.input_weights': '0.000', 'ALIFCell_0.recurrent_weights': '0.000', 'ReadOut_0.readout_weights': '0.000'}
[2026-05-20 12:02:08,326][src.modRNN.training.alignment][INFO] -   align eprop @ epoch 1601: cos {'ALIFCell_0.input_weights': '1.224', 'ALIFCell_0.recurrent_weights': '1.165', 'ReadOut_0.readout_weights': '0.000'}
[2026-05-20 12:02:09,604][src.modRNN.training.alignment][INFO] -   align diffusion_aligned @ epoch 1601: cos {'ALIFCell_0.input_weights': '1.362', 'ALIFCell_0.recurrent_weights': '1.339', 'ReadOut_0.readout_weights': '0.000'}
[2026-05-20 12:02:11,755][src.modRNN.training.alignment][INFO] -   align diffusion_per_step @ epoch 1601: cos {'ALIFCell_0.input_weights': '1.354', 'ALIFCell_0.recurrent_weights': '1.285', 'ReadOut_0.readout_weights': '0.000'}
[2026-05-20 12:02:13,011][src.modRNN.training.alignment][INFO] -   align diffusion_fixed @ epoch 1601: cos {'ALIFCell_0.input_weights': '1.227', 'ALIFCell_0.recurrent_weights': '1.232', 'ReadOut_0.readout_weights': '0.000'}
[2026-05-20 12:02:44,474][src.modRNN.training.alignment][INFO] - epoch 1625  train loss=0.3264  (rule: diffusion)
[2026-05-20 12:03:17,201][src.modRNN.training.alignment][INFO] - epoch 1650  train loss=0.5147  (rule: diffusion)
[2026-05-20 12:03:19,931][src.modRNN.training.alignment][INFO] -   align BPTT @ epoch 1651: cos {'ALIFCell_0.input_weights': '0.000', 'ALIFCell_0.recurrent_weights': '0.000', 'ReadOut_0.readout_weights': '0.000'}
[2026-05-20 12:03:20,926][src.modRNN.training.alignment][INFO] -   align eprop @ epoch 1651: cos {'ALIFCell_0.input_weights': '1.222', 'ALIFCell_0.recurrent_weights': '1.113', 'ReadOut_0.readout_weights': '0.000'}
[2026-05-20 12:03:22,205][src.modRNN.training.alignment][INFO] -   align diffusion_aligned @ epoch 1651: cos {'ALIFCell_0.input_weights': '1.224', 'ALIFCell_0.recurrent_weights': '1.254', 'ReadOut_0.readout_weights': '0.000'}
[2026-05-20 12:03:24,357][src.modRNN.training.alignment][INFO] -   align diffusion_per_step @ epoch 1651: cos {'ALIFCell_0.input_weights': '1.169', 'ALIFCell_0.recurrent_weights': '1.219', 'ReadOut_0.readout_weights': '0.000'}
[2026-05-20 12:03:25,610][src.modRNN.training.alignment][INFO] -   align diffusion_fixed @ epoch 1651: cos {'ALIFCell_0.input_weights': '1.131', 'ALIFCell_0.recurrent_weights': '1.175', 'ReadOut_0.readout_weights': '0.000'}
[2026-05-20 12:03:56,982][src.modRNN.training.alignment][INFO] - epoch 1675  train loss=0.3301  (rule: diffusion)
[2026-05-20 12:04:29,824][src.modRNN.training.alignment][INFO] - epoch 1700  train loss=0.2196  (rule: diffusion)
[2026-05-20 12:04:32,551][src.modRNN.training.alignment][INFO] -   align BPTT @ epoch 1701: cos {'ALIFCell_0.input_weights': '0.000', 'ALIFCell_0.recurrent_weights': '0.000', 'ReadOut_0.readout_weights': '0.000'}
[2026-05-20 12:04:33,541][src.modRNN.training.alignment][INFO] -   align eprop @ epoch 1701: cos {'ALIFCell_0.input_weights': '1.234', 'ALIFCell_0.recurrent_weights': '1.092', 'ReadOut_0.readout_weights': '0.000'}
[2026-05-20 12:04:34,827][src.modRNN.training.alignment][INFO] -   align diffusion_aligned @ epoch 1701: cos {'ALIFCell_0.input_weights': '1.337', 'ALIFCell_0.recurrent_weights': '1.243', 'ReadOut_0.readout_weights': '0.000'}
[2026-05-20 12:04:36,973][src.modRNN.training.alignment][INFO] -   align diffusion_per_step @ epoch 1701: cos {'ALIFCell_0.input_weights': '1.311', 'ALIFCell_0.recurrent_weights': '1.213', 'ReadOut_0.readout_weights': '0.000'}
[2026-05-20 12:04:38,230][src.modRNN.training.alignment][INFO] -   align diffusion_fixed @ epoch 1701: cos {'ALIFCell_0.input_weights': '1.220', 'ALIFCell_0.recurrent_weights': '1.150', 'ReadOut_0.readout_weights': '0.000'}
[2026-05-20 12:05:09,631][src.modRNN.training.alignment][INFO] - epoch 1725  train loss=0.2936  (rule: diffusion)
[2026-05-20 12:05:42,416][src.modRNN.training.alignment][INFO] - epoch 1750  train loss=0.3139  (rule: diffusion)
[2026-05-20 12:05:45,134][src.modRNN.training.alignment][INFO] -   align BPTT @ epoch 1751: cos {'ALIFCell_0.input_weights': '0.000', 'ALIFCell_0.recurrent_weights': '0.000', 'ReadOut_0.readout_weights': '0.000'}
[2026-05-20 12:05:46,124][src.modRNN.training.alignment][INFO] -   align eprop @ epoch 1751: cos {'ALIFCell_0.input_weights': '1.155', 'ALIFCell_0.recurrent_weights': '1.056', 'ReadOut_0.readout_weights': '0.000'}
[2026-05-20 12:05:47,398][src.modRNN.training.alignment][INFO] -   align diffusion_aligned @ epoch 1751: cos {'ALIFCell_0.input_weights': '1.454', 'ALIFCell_0.recurrent_weights': '1.217', 'ReadOut_0.readout_weights': '0.000'}
[2026-05-20 12:05:49,545][src.modRNN.training.alignment][INFO] -   align diffusion_per_step @ epoch 1751: cos {'ALIFCell_0.input_weights': '1.378', 'ALIFCell_0.recurrent_weights': '1.158', 'ReadOut_0.readout_weights': '0.000'}
[2026-05-20 12:05:50,795][src.modRNN.training.alignment][INFO] -   align diffusion_fixed @ epoch 1751: cos {'ALIFCell_0.input_weights': '1.165', 'ALIFCell_0.recurrent_weights': '1.066', 'ReadOut_0.readout_weights': '0.000'}
[2026-05-20 12:06:22,270][src.modRNN.training.alignment][INFO] - epoch 1775  train loss=0.3429  (rule: diffusion)
[2026-05-20 12:06:54,989][src.modRNN.training.alignment][INFO] - epoch 1800  train loss=0.3041  (rule: diffusion)
[2026-05-20 12:06:57,709][src.modRNN.training.alignment][INFO] -   align BPTT @ epoch 1801: cos {'ALIFCell_0.input_weights': '0.000', 'ALIFCell_0.recurrent_weights': '0.000', 'ReadOut_0.readout_weights': '0.000'}
[2026-05-20 12:06:58,697][src.modRNN.training.alignment][INFO] -   align eprop @ epoch 1801: cos {'ALIFCell_0.input_weights': '1.058', 'ALIFCell_0.recurrent_weights': '1.124', 'ReadOut_0.readout_weights': '0.000'}
[2026-05-20 12:06:59,968][src.modRNN.training.alignment][INFO] -   align diffusion_aligned @ epoch 1801: cos {'ALIFCell_0.input_weights': '1.129', 'ALIFCell_0.recurrent_weights': '1.294', 'ReadOut_0.readout_weights': '0.000'}
[2026-05-20 12:07:02,120][src.modRNN.training.alignment][INFO] -   align diffusion_per_step @ epoch 1801: cos {'ALIFCell_0.input_weights': '1.110', 'ALIFCell_0.recurrent_weights': '1.255', 'ReadOut_0.readout_weights': '0.000'}
[2026-05-20 12:07:03,375][src.modRNN.training.alignment][INFO] -   align diffusion_fixed @ epoch 1801: cos {'ALIFCell_0.input_weights': '1.108', 'ALIFCell_0.recurrent_weights': '1.173', 'ReadOut_0.readout_weights': '0.000'}
[2026-05-20 12:07:34,907][src.modRNN.training.alignment][INFO] - epoch 1825  train loss=0.3036  (rule: diffusion)
[2026-05-20 12:08:07,580][src.modRNN.training.alignment][INFO] - epoch 1850  train loss=0.2830  (rule: diffusion)
[2026-05-20 12:08:10,310][src.modRNN.training.alignment][INFO] -   align BPTT @ epoch 1851: cos {'ALIFCell_0.input_weights': '0.000', 'ALIFCell_0.recurrent_weights': '0.000', 'ReadOut_0.readout_weights': '0.000'}
[2026-05-20 12:08:11,305][src.modRNN.training.alignment][INFO] -   align eprop @ epoch 1851: cos {'ALIFCell_0.input_weights': '1.151', 'ALIFCell_0.recurrent_weights': '0.996', 'ReadOut_0.readout_weights': '0.000'}
[2026-05-20 12:08:12,584][src.modRNN.training.alignment][INFO] -   align diffusion_aligned @ epoch 1851: cos {'ALIFCell_0.input_weights': '1.271', 'ALIFCell_0.recurrent_weights': '1.130', 'ReadOut_0.readout_weights': '0.000'}
[2026-05-20 12:08:14,735][src.modRNN.training.alignment][INFO] -   align diffusion_per_step @ epoch 1851: cos {'ALIFCell_0.input_weights': '1.250', 'ALIFCell_0.recurrent_weights': '1.101', 'ReadOut_0.readout_weights': '0.000'}
[2026-05-20 12:08:15,989][src.modRNN.training.alignment][INFO] -   align diffusion_fixed @ epoch 1851: cos {'ALIFCell_0.input_weights': '1.094', 'ALIFCell_0.recurrent_weights': '0.989', 'ReadOut_0.readout_weights': '0.000'}
[2026-05-20 12:08:47,461][src.modRNN.training.alignment][INFO] - epoch 1875  train loss=0.2171  (rule: diffusion)
[2026-05-20 12:09:20,248][src.modRNN.training.alignment][INFO] - epoch 1900  train loss=0.3205  (rule: diffusion)
[2026-05-20 12:09:22,978][src.modRNN.training.alignment][INFO] -   align BPTT @ epoch 1901: cos {'ALIFCell_0.input_weights': '0.000', 'ALIFCell_0.recurrent_weights': '0.000', 'ReadOut_0.readout_weights': '0.000'}
[2026-05-20 12:09:23,973][src.modRNN.training.alignment][INFO] -   align eprop @ epoch 1901: cos {'ALIFCell_0.input_weights': '1.159', 'ALIFCell_0.recurrent_weights': '0.991', 'ReadOut_0.readout_weights': '0.000'}
[2026-05-20 12:09:25,250][src.modRNN.training.alignment][INFO] -   align diffusion_aligned @ epoch 1901: cos {'ALIFCell_0.input_weights': '1.314', 'ALIFCell_0.recurrent_weights': '1.161', 'ReadOut_0.readout_weights': '0.000'}
[2026-05-20 12:09:27,401][src.modRNN.training.alignment][INFO] -   align diffusion_per_step @ epoch 1901: cos {'ALIFCell_0.input_weights': '1.286', 'ALIFCell_0.recurrent_weights': '1.122', 'ReadOut_0.readout_weights': '0.000'}
[2026-05-20 12:09:28,656][src.modRNN.training.alignment][INFO] -   align diffusion_fixed @ epoch 1901: cos {'ALIFCell_0.input_weights': '1.121', 'ALIFCell_0.recurrent_weights': '1.053', 'ReadOut_0.readout_weights': '0.000'}
[2026-05-20 12:10:00,043][src.modRNN.training.alignment][INFO] - epoch 1925  train loss=0.2393  (rule: diffusion)
[2026-05-20 12:10:32,903][src.modRNN.training.alignment][INFO] - epoch 1950  train loss=0.2953  (rule: diffusion)
[2026-05-20 12:10:35,621][src.modRNN.training.alignment][INFO] -   align BPTT @ epoch 1951: cos {'ALIFCell_0.input_weights': '0.000', 'ALIFCell_0.recurrent_weights': '0.000', 'ReadOut_0.readout_weights': '0.000'}
[2026-05-20 12:10:36,610][src.modRNN.training.alignment][INFO] -   align eprop @ epoch 1951: cos {'ALIFCell_0.input_weights': '1.331', 'ALIFCell_0.recurrent_weights': '1.170', 'ReadOut_0.readout_weights': '0.000'}
[2026-05-20 12:10:37,883][src.modRNN.training.alignment][INFO] -   align diffusion_aligned @ epoch 1951: cos {'ALIFCell_0.input_weights': '1.420', 'ALIFCell_0.recurrent_weights': '1.247', 'ReadOut_0.readout_weights': '0.000'}
[2026-05-20 12:10:40,028][src.modRNN.training.alignment][INFO] -   align diffusion_per_step @ epoch 1951: cos {'ALIFCell_0.input_weights': '1.354', 'ALIFCell_0.recurrent_weights': '1.218', 'ReadOut_0.readout_weights': '0.000'}
[2026-05-20 12:10:41,279][src.modRNN.training.alignment][INFO] -   align diffusion_fixed @ epoch 1951: cos {'ALIFCell_0.input_weights': '1.261', 'ALIFCell_0.recurrent_weights': '1.122', 'ReadOut_0.readout_weights': '0.000'}
[2026-05-20 12:11:12,688][src.modRNN.training.alignment][INFO] - epoch 1975  train loss=0.1968  (rule: diffusion)
[2026-05-20 12:11:45,429][src.modRNN.training.alignment][INFO] - epoch 2000  train loss=0.2960  (rule: diffusion)
[2026-05-20 12:11:48,144][src.modRNN.training.alignment][INFO] -   align BPTT @ epoch 2001: cos {'ALIFCell_0.input_weights': '0.000', 'ALIFCell_0.recurrent_weights': '0.000', 'ReadOut_0.readout_weights': '0.000'}
[2026-05-20 12:11:49,133][src.modRNN.training.alignment][INFO] -   align eprop @ epoch 2001: cos {'ALIFCell_0.input_weights': '1.308', 'ALIFCell_0.recurrent_weights': '1.258', 'ReadOut_0.readout_weights': '0.000'}
[2026-05-20 12:11:50,404][src.modRNN.training.alignment][INFO] -   align diffusion_aligned @ epoch 2001: cos {'ALIFCell_0.input_weights': '1.386', 'ALIFCell_0.recurrent_weights': '1.370', 'ReadOut_0.readout_weights': '0.000'}
[2026-05-20 12:11:52,545][src.modRNN.training.alignment][INFO] -   align diffusion_per_step @ epoch 2001: cos {'ALIFCell_0.input_weights': '1.319', 'ALIFCell_0.recurrent_weights': '1.330', 'ReadOut_0.readout_weights': '0.000'}
[2026-05-20 12:11:53,793][src.modRNN.training.alignment][INFO] -   align diffusion_fixed @ epoch 2001: cos {'ALIFCell_0.input_weights': '1.171', 'ALIFCell_0.recurrent_weights': '1.230', 'ReadOut_0.readout_weights': '0.000'}
[2026-05-20 12:11:53,838][src.modRNN.training.alignment][INFO] - Alignment experiment finished. Output dir: /mnt/lustre/work/martius/mot736/neuromodRNN/outputs/cue_accumulation/align_local_connectivity_diffusion_shuffle_fix/seed_642757423
