[2026-05-19 20:06:39,472][jax._src.xla_bridge][INFO] - Unable to initialize backend 'rocm': module 'jaxlib.xla_extension' has no attribute 'GpuAllocatorConfig'
[2026-05-19 20:06:39,474][jax._src.xla_bridge][INFO] - Unable to initialize backend 'tpu': INTERNAL: Failed to open libtpu.so: libtpu.so: cannot open shared object file: No such file or directory
[2026-05-19 20:06:47,824][src.modRNN.training.alignment][INFO] - Starting alignment experiment: training with diffusion, measuring alignment of ['BPTT', 'eprop', 'diffusion_aligned', 'diffusion_per_step', 'diffusion_fixed'] every 50 epochs.
[2026-05-19 20:06:51,008][src.modRNN.training.alignment][INFO] - epoch 1  train loss=0.6931  (rule: diffusion)
[2026-05-19 20:06:52,912][src.modRNN.training.alignment][INFO] -   align BPTT @ epoch 1: cos {'ALIFCell_0.input_weights': '0.000', 'ALIFCell_0.recurrent_weights': '0.000', 'ReadOut_0.readout_weights': '0.000'}
[2026-05-19 20:06:54,184][src.modRNN.training.alignment][INFO] -   align eprop @ epoch 1: cos {'ALIFCell_0.input_weights': '0.201', 'ALIFCell_0.recurrent_weights': '0.230', 'ReadOut_0.readout_weights': '0.000'}
[2026-05-19 20:06:55,698][src.modRNN.training.alignment][INFO] -   align diffusion_aligned @ epoch 1: cos {'ALIFCell_0.input_weights': '0.335', 'ALIFCell_0.recurrent_weights': '0.431', 'ReadOut_0.readout_weights': '0.000'}
[2026-05-19 20:06:59,059][src.modRNN.training.alignment][INFO] -   align diffusion_per_step @ epoch 1: cos {'ALIFCell_0.input_weights': '0.245', 'ALIFCell_0.recurrent_weights': '0.270', 'ReadOut_0.readout_weights': '0.000'}
[2026-05-19 20:07:00,678][src.modRNN.training.alignment][INFO] -   align diffusion_fixed @ epoch 1: cos {'ALIFCell_0.input_weights': '0.309', 'ALIFCell_0.recurrent_weights': '0.412', 'ReadOut_0.readout_weights': '0.000'}
[2026-05-19 20:07:18,299][src.modRNN.training.alignment][INFO] - epoch 25  train loss=0.6931  (rule: diffusion)
[2026-05-19 20:07:36,695][src.modRNN.training.alignment][INFO] - epoch 50  train loss=0.6931  (rule: diffusion)
[2026-05-19 20:07:38,180][src.modRNN.training.alignment][INFO] -   align BPTT @ epoch 51: cos {'ALIFCell_0.input_weights': '0.000', 'ALIFCell_0.recurrent_weights': '0.000', 'ReadOut_0.readout_weights': '0.000'}
[2026-05-19 20:07:38,733][src.modRNN.training.alignment][INFO] -   align eprop @ epoch 51: cos {'ALIFCell_0.input_weights': '0.413', 'ALIFCell_0.recurrent_weights': '0.308', 'ReadOut_0.readout_weights': '0.000'}
[2026-05-19 20:07:39,424][src.modRNN.training.alignment][INFO] -   align diffusion_aligned @ epoch 51: cos {'ALIFCell_0.input_weights': '0.491', 'ALIFCell_0.recurrent_weights': '0.402', 'ReadOut_0.readout_weights': '0.000'}
[2026-05-19 20:07:40,595][src.modRNN.training.alignment][INFO] -   align diffusion_per_step @ epoch 51: cos {'ALIFCell_0.input_weights': '0.458', 'ALIFCell_0.recurrent_weights': '0.321', 'ReadOut_0.readout_weights': '0.000'}
[2026-05-19 20:07:41,278][src.modRNN.training.alignment][INFO] -   align diffusion_fixed @ epoch 51: cos {'ALIFCell_0.input_weights': '0.544', 'ALIFCell_0.recurrent_weights': '0.471', 'ReadOut_0.readout_weights': '0.000'}
[2026-05-19 20:07:58,984][src.modRNN.training.alignment][INFO] - epoch 75  train loss=0.6931  (rule: diffusion)
[2026-05-19 20:08:17,506][src.modRNN.training.alignment][INFO] - epoch 100  train loss=0.6932  (rule: diffusion)
[2026-05-19 20:08:19,000][src.modRNN.training.alignment][INFO] -   align BPTT @ epoch 101: cos {'ALIFCell_0.input_weights': '0.000', 'ALIFCell_0.recurrent_weights': '0.000', 'ReadOut_0.readout_weights': '0.000'}
[2026-05-19 20:08:19,557][src.modRNN.training.alignment][INFO] -   align eprop @ epoch 101: cos {'ALIFCell_0.input_weights': '0.535', 'ALIFCell_0.recurrent_weights': '0.572', 'ReadOut_0.readout_weights': '0.000'}
[2026-05-19 20:08:20,252][src.modRNN.training.alignment][INFO] -   align diffusion_aligned @ epoch 101: cos {'ALIFCell_0.input_weights': '0.567', 'ALIFCell_0.recurrent_weights': '0.550', 'ReadOut_0.readout_weights': '0.000'}
[2026-05-19 20:08:21,430][src.modRNN.training.alignment][INFO] -   align diffusion_per_step @ epoch 101: cos {'ALIFCell_0.input_weights': '0.525', 'ALIFCell_0.recurrent_weights': '0.562', 'ReadOut_0.readout_weights': '0.000'}
[2026-05-19 20:08:22,115][src.modRNN.training.alignment][INFO] -   align diffusion_fixed @ epoch 101: cos {'ALIFCell_0.input_weights': '0.568', 'ALIFCell_0.recurrent_weights': '0.511', 'ReadOut_0.readout_weights': '0.000'}
[2026-05-19 20:08:39,931][src.modRNN.training.alignment][INFO] - epoch 125  train loss=0.6714  (rule: diffusion)
[2026-05-19 20:08:58,512][src.modRNN.training.alignment][INFO] - epoch 150  train loss=0.6272  (rule: diffusion)
[2026-05-19 20:09:00,013][src.modRNN.training.alignment][INFO] -   align BPTT @ epoch 151: cos {'ALIFCell_0.input_weights': '0.000', 'ALIFCell_0.recurrent_weights': '0.000', 'ReadOut_0.readout_weights': '0.000'}
[2026-05-19 20:09:00,573][src.modRNN.training.alignment][INFO] -   align eprop @ epoch 151: cos {'ALIFCell_0.input_weights': '0.985', 'ALIFCell_0.recurrent_weights': '0.910', 'ReadOut_0.readout_weights': '0.000'}
[2026-05-19 20:09:01,274][src.modRNN.training.alignment][INFO] -   align diffusion_aligned @ epoch 151: cos {'ALIFCell_0.input_weights': '1.085', 'ALIFCell_0.recurrent_weights': '0.944', 'ReadOut_0.readout_weights': '0.000'}
[2026-05-19 20:09:02,467][src.modRNN.training.alignment][INFO] -   align diffusion_per_step @ epoch 151: cos {'ALIFCell_0.input_weights': '1.024', 'ALIFCell_0.recurrent_weights': '0.908', 'ReadOut_0.readout_weights': '0.000'}
[2026-05-19 20:09:03,157][src.modRNN.training.alignment][INFO] -   align diffusion_fixed @ epoch 151: cos {'ALIFCell_0.input_weights': '0.929', 'ALIFCell_0.recurrent_weights': '0.849', 'ReadOut_0.readout_weights': '0.000'}
[2026-05-19 20:09:21,050][src.modRNN.training.alignment][INFO] - epoch 175  train loss=0.6551  (rule: diffusion)
[2026-05-19 20:09:39,676][src.modRNN.training.alignment][INFO] - epoch 200  train loss=0.6551  (rule: diffusion)
[2026-05-19 20:09:41,178][src.modRNN.training.alignment][INFO] -   align BPTT @ epoch 201: cos {'ALIFCell_0.input_weights': '0.000', 'ALIFCell_0.recurrent_weights': '0.000', 'ReadOut_0.readout_weights': '0.000'}
[2026-05-19 20:09:41,738][src.modRNN.training.alignment][INFO] -   align eprop @ epoch 201: cos {'ALIFCell_0.input_weights': '0.933', 'ALIFCell_0.recurrent_weights': '1.026', 'ReadOut_0.readout_weights': '0.000'}
[2026-05-19 20:09:42,440][src.modRNN.training.alignment][INFO] -   align diffusion_aligned @ epoch 201: cos {'ALIFCell_0.input_weights': '0.948', 'ALIFCell_0.recurrent_weights': '1.014', 'ReadOut_0.readout_weights': '0.000'}
[2026-05-19 20:09:43,629][src.modRNN.training.alignment][INFO] -   align diffusion_per_step @ epoch 201: cos {'ALIFCell_0.input_weights': '0.909', 'ALIFCell_0.recurrent_weights': '0.937', 'ReadOut_0.readout_weights': '0.000'}
[2026-05-19 20:09:44,319][src.modRNN.training.alignment][INFO] -   align diffusion_fixed @ epoch 201: cos {'ALIFCell_0.input_weights': '0.932', 'ALIFCell_0.recurrent_weights': '0.965', 'ReadOut_0.readout_weights': '0.000'}
[2026-05-19 20:10:02,309][src.modRNN.training.alignment][INFO] - epoch 225  train loss=0.5399  (rule: diffusion)
[2026-05-19 20:10:20,981][src.modRNN.training.alignment][INFO] - epoch 250  train loss=0.4828  (rule: diffusion)
[2026-05-19 20:10:22,484][src.modRNN.training.alignment][INFO] -   align BPTT @ epoch 251: cos {'ALIFCell_0.input_weights': '0.000', 'ALIFCell_0.recurrent_weights': '0.000', 'ReadOut_0.readout_weights': '0.000'}
[2026-05-19 20:10:23,046][src.modRNN.training.alignment][INFO] -   align eprop @ epoch 251: cos {'ALIFCell_0.input_weights': '0.755', 'ALIFCell_0.recurrent_weights': '1.046', 'ReadOut_0.readout_weights': '0.000'}
[2026-05-19 20:10:23,748][src.modRNN.training.alignment][INFO] -   align diffusion_aligned @ epoch 251: cos {'ALIFCell_0.input_weights': '0.757', 'ALIFCell_0.recurrent_weights': '1.105', 'ReadOut_0.readout_weights': '0.000'}
[2026-05-19 20:10:24,938][src.modRNN.training.alignment][INFO] -   align diffusion_per_step @ epoch 251: cos {'ALIFCell_0.input_weights': '0.715', 'ALIFCell_0.recurrent_weights': '0.980', 'ReadOut_0.readout_weights': '0.000'}
[2026-05-19 20:10:25,629][src.modRNN.training.alignment][INFO] -   align diffusion_fixed @ epoch 251: cos {'ALIFCell_0.input_weights': '0.737', 'ALIFCell_0.recurrent_weights': '0.927', 'ReadOut_0.readout_weights': '0.000'}
[2026-05-19 20:10:43,537][src.modRNN.training.alignment][INFO] - epoch 275  train loss=0.4531  (rule: diffusion)
[2026-05-19 20:11:02,195][src.modRNN.training.alignment][INFO] - epoch 300  train loss=0.4992  (rule: diffusion)
[2026-05-19 20:11:03,703][src.modRNN.training.alignment][INFO] -   align BPTT @ epoch 301: cos {'ALIFCell_0.input_weights': '0.000', 'ALIFCell_0.recurrent_weights': '0.000', 'ReadOut_0.readout_weights': '0.000'}
[2026-05-19 20:11:04,262][src.modRNN.training.alignment][INFO] -   align eprop @ epoch 301: cos {'ALIFCell_0.input_weights': '0.713', 'ALIFCell_0.recurrent_weights': '0.897', 'ReadOut_0.readout_weights': '0.000'}
[2026-05-19 20:11:04,964][src.modRNN.training.alignment][INFO] -   align diffusion_aligned @ epoch 301: cos {'ALIFCell_0.input_weights': '0.712', 'ALIFCell_0.recurrent_weights': '1.145', 'ReadOut_0.readout_weights': '0.000'}
[2026-05-19 20:11:06,152][src.modRNN.training.alignment][INFO] -   align diffusion_per_step @ epoch 301: cos {'ALIFCell_0.input_weights': '0.698', 'ALIFCell_0.recurrent_weights': '0.923', 'ReadOut_0.readout_weights': '0.000'}
[2026-05-19 20:11:06,844][src.modRNN.training.alignment][INFO] -   align diffusion_fixed @ epoch 301: cos {'ALIFCell_0.input_weights': '0.719', 'ALIFCell_0.recurrent_weights': '1.361', 'ReadOut_0.readout_weights': '0.000'}
[2026-05-19 20:11:24,768][src.modRNN.training.alignment][INFO] - epoch 325  train loss=0.4469  (rule: diffusion)
[2026-05-19 20:11:43,476][src.modRNN.training.alignment][INFO] - epoch 350  train loss=0.3847  (rule: diffusion)
[2026-05-19 20:11:44,991][src.modRNN.training.alignment][INFO] -   align BPTT @ epoch 351: cos {'ALIFCell_0.input_weights': '0.000', 'ALIFCell_0.recurrent_weights': '0.000', 'ReadOut_0.readout_weights': '0.000'}
[2026-05-19 20:11:45,556][src.modRNN.training.alignment][INFO] -   align eprop @ epoch 351: cos {'ALIFCell_0.input_weights': '0.430', 'ALIFCell_0.recurrent_weights': '0.826', 'ReadOut_0.readout_weights': '0.000'}
[2026-05-19 20:11:46,264][src.modRNN.training.alignment][INFO] -   align diffusion_aligned @ epoch 351: cos {'ALIFCell_0.input_weights': '0.535', 'ALIFCell_0.recurrent_weights': '0.900', 'ReadOut_0.readout_weights': '0.000'}
[2026-05-19 20:11:47,462][src.modRNN.training.alignment][INFO] -   align diffusion_per_step @ epoch 351: cos {'ALIFCell_0.input_weights': '0.456', 'ALIFCell_0.recurrent_weights': '0.757', 'ReadOut_0.readout_weights': '0.000'}
[2026-05-19 20:11:48,162][src.modRNN.training.alignment][INFO] -   align diffusion_fixed @ epoch 351: cos {'ALIFCell_0.input_weights': '0.415', 'ALIFCell_0.recurrent_weights': '0.710', 'ReadOut_0.readout_weights': '0.000'}
[2026-05-19 20:12:06,185][src.modRNN.training.alignment][INFO] - epoch 375  train loss=0.2983  (rule: diffusion)
[2026-05-19 20:12:24,974][src.modRNN.training.alignment][INFO] - epoch 400  train loss=0.5374  (rule: diffusion)
[2026-05-19 20:12:26,491][src.modRNN.training.alignment][INFO] -   align BPTT @ epoch 401: cos {'ALIFCell_0.input_weights': '0.000', 'ALIFCell_0.recurrent_weights': '0.000', 'ReadOut_0.readout_weights': '0.000'}
[2026-05-19 20:12:27,056][src.modRNN.training.alignment][INFO] -   align eprop @ epoch 401: cos {'ALIFCell_0.input_weights': '0.800', 'ALIFCell_0.recurrent_weights': '1.145', 'ReadOut_0.readout_weights': '0.000'}
[2026-05-19 20:12:27,765][src.modRNN.training.alignment][INFO] -   align diffusion_aligned @ epoch 401: cos {'ALIFCell_0.input_weights': '0.779', 'ALIFCell_0.recurrent_weights': '1.070', 'ReadOut_0.readout_weights': '0.000'}
[2026-05-19 20:12:28,963][src.modRNN.training.alignment][INFO] -   align diffusion_per_step @ epoch 401: cos {'ALIFCell_0.input_weights': '0.771', 'ALIFCell_0.recurrent_weights': '1.101', 'ReadOut_0.readout_weights': '0.000'}
[2026-05-19 20:12:29,661][src.modRNN.training.alignment][INFO] -   align diffusion_fixed @ epoch 401: cos {'ALIFCell_0.input_weights': '0.664', 'ALIFCell_0.recurrent_weights': '1.049', 'ReadOut_0.readout_weights': '0.000'}
[2026-05-19 20:12:47,686][src.modRNN.training.alignment][INFO] - epoch 425  train loss=0.6337  (rule: diffusion)
[2026-05-19 20:13:06,474][src.modRNN.training.alignment][INFO] - epoch 450  train loss=0.3981  (rule: diffusion)
[2026-05-19 20:13:07,991][src.modRNN.training.alignment][INFO] -   align BPTT @ epoch 451: cos {'ALIFCell_0.input_weights': '0.000', 'ALIFCell_0.recurrent_weights': '0.000', 'ReadOut_0.readout_weights': '0.000'}
[2026-05-19 20:13:08,555][src.modRNN.training.alignment][INFO] -   align eprop @ epoch 451: cos {'ALIFCell_0.input_weights': '0.984', 'ALIFCell_0.recurrent_weights': '0.884', 'ReadOut_0.readout_weights': '0.000'}
[2026-05-19 20:13:09,262][src.modRNN.training.alignment][INFO] -   align diffusion_aligned @ epoch 451: cos {'ALIFCell_0.input_weights': '1.008', 'ALIFCell_0.recurrent_weights': '0.871', 'ReadOut_0.readout_weights': '0.000'}
[2026-05-19 20:13:10,461][src.modRNN.training.alignment][INFO] -   align diffusion_per_step @ epoch 451: cos {'ALIFCell_0.input_weights': '1.005', 'ALIFCell_0.recurrent_weights': '0.867', 'ReadOut_0.readout_weights': '0.000'}
[2026-05-19 20:13:11,157][src.modRNN.training.alignment][INFO] -   align diffusion_fixed @ epoch 451: cos {'ALIFCell_0.input_weights': '0.958', 'ALIFCell_0.recurrent_weights': '0.998', 'ReadOut_0.readout_weights': '0.000'}
[2026-05-19 20:13:29,237][src.modRNN.training.alignment][INFO] - epoch 475  train loss=0.4519  (rule: diffusion)
[2026-05-19 20:13:48,039][src.modRNN.training.alignment][INFO] - epoch 500  train loss=0.3447  (rule: diffusion)
[2026-05-19 20:13:49,554][src.modRNN.training.alignment][INFO] -   align BPTT @ epoch 501: cos {'ALIFCell_0.input_weights': '0.000', 'ALIFCell_0.recurrent_weights': '0.000', 'ReadOut_0.readout_weights': '0.000'}
[2026-05-19 20:13:50,120][src.modRNN.training.alignment][INFO] -   align eprop @ epoch 501: cos {'ALIFCell_0.input_weights': '0.961', 'ALIFCell_0.recurrent_weights': '1.030', 'ReadOut_0.readout_weights': '0.000'}
[2026-05-19 20:13:50,832][src.modRNN.training.alignment][INFO] -   align diffusion_aligned @ epoch 501: cos {'ALIFCell_0.input_weights': '1.076', 'ALIFCell_0.recurrent_weights': '1.226', 'ReadOut_0.readout_weights': '0.000'}
[2026-05-19 20:13:52,032][src.modRNN.training.alignment][INFO] -   align diffusion_per_step @ epoch 501: cos {'ALIFCell_0.input_weights': '0.994', 'ALIFCell_0.recurrent_weights': '1.110', 'ReadOut_0.readout_weights': '0.000'}
[2026-05-19 20:13:52,729][src.modRNN.training.alignment][INFO] -   align diffusion_fixed @ epoch 501: cos {'ALIFCell_0.input_weights': '0.938', 'ALIFCell_0.recurrent_weights': '1.139', 'ReadOut_0.readout_weights': '0.000'}
[2026-05-19 20:14:10,807][src.modRNN.training.alignment][INFO] - epoch 525  train loss=0.3072  (rule: diffusion)
[2026-05-19 20:14:29,665][src.modRNN.training.alignment][INFO] - epoch 550  train loss=0.3958  (rule: diffusion)
[2026-05-19 20:14:31,183][src.modRNN.training.alignment][INFO] -   align BPTT @ epoch 551: cos {'ALIFCell_0.input_weights': '0.000', 'ALIFCell_0.recurrent_weights': '0.000', 'ReadOut_0.readout_weights': '0.000'}
[2026-05-19 20:14:31,749][src.modRNN.training.alignment][INFO] -   align eprop @ epoch 551: cos {'ALIFCell_0.input_weights': '0.881', 'ALIFCell_0.recurrent_weights': '0.914', 'ReadOut_0.readout_weights': '0.000'}
[2026-05-19 20:14:32,464][src.modRNN.training.alignment][INFO] -   align diffusion_aligned @ epoch 551: cos {'ALIFCell_0.input_weights': '0.934', 'ALIFCell_0.recurrent_weights': '0.937', 'ReadOut_0.readout_weights': '0.000'}
[2026-05-19 20:14:33,665][src.modRNN.training.alignment][INFO] -   align diffusion_per_step @ epoch 551: cos {'ALIFCell_0.input_weights': '0.925', 'ALIFCell_0.recurrent_weights': '0.914', 'ReadOut_0.readout_weights': '0.000'}
[2026-05-19 20:14:34,362][src.modRNN.training.alignment][INFO] -   align diffusion_fixed @ epoch 551: cos {'ALIFCell_0.input_weights': '0.847', 'ALIFCell_0.recurrent_weights': '0.840', 'ReadOut_0.readout_weights': '0.000'}
[2026-05-19 20:14:52,458][src.modRNN.training.alignment][INFO] - epoch 575  train loss=0.6893  (rule: diffusion)
[2026-05-19 20:15:11,287][src.modRNN.training.alignment][INFO] - epoch 600  train loss=0.6287  (rule: diffusion)
[2026-05-19 20:15:12,806][src.modRNN.training.alignment][INFO] -   align BPTT @ epoch 601: cos {'ALIFCell_0.input_weights': '0.000', 'ALIFCell_0.recurrent_weights': '0.000', 'ReadOut_0.readout_weights': '0.000'}
[2026-05-19 20:15:13,370][src.modRNN.training.alignment][INFO] -   align eprop @ epoch 601: cos {'ALIFCell_0.input_weights': '0.776', 'ALIFCell_0.recurrent_weights': '0.937', 'ReadOut_0.readout_weights': '0.000'}
[2026-05-19 20:15:14,079][src.modRNN.training.alignment][INFO] -   align diffusion_aligned @ epoch 601: cos {'ALIFCell_0.input_weights': '0.805', 'ALIFCell_0.recurrent_weights': '0.950', 'ReadOut_0.readout_weights': '0.000'}
[2026-05-19 20:15:15,279][src.modRNN.training.alignment][INFO] -   align diffusion_per_step @ epoch 601: cos {'ALIFCell_0.input_weights': '0.790', 'ALIFCell_0.recurrent_weights': '0.926', 'ReadOut_0.readout_weights': '0.000'}
[2026-05-19 20:15:15,983][src.modRNN.training.alignment][INFO] -   align diffusion_fixed @ epoch 601: cos {'ALIFCell_0.input_weights': '0.780', 'ALIFCell_0.recurrent_weights': '0.906', 'ReadOut_0.readout_weights': '0.000'}
[2026-05-19 20:15:34,308][src.modRNN.training.alignment][INFO] - epoch 625  train loss=0.6127  (rule: diffusion)
[2026-05-19 20:15:53,369][src.modRNN.training.alignment][INFO] - epoch 650  train loss=0.7505  (rule: diffusion)
[2026-05-19 20:15:54,889][src.modRNN.training.alignment][INFO] -   align BPTT @ epoch 651: cos {'ALIFCell_0.input_weights': '0.000', 'ALIFCell_0.recurrent_weights': '0.000', 'ReadOut_0.readout_weights': '0.000'}
[2026-05-19 20:15:55,458][src.modRNN.training.alignment][INFO] -   align eprop @ epoch 651: cos {'ALIFCell_0.input_weights': '0.940', 'ALIFCell_0.recurrent_weights': '0.971', 'ReadOut_0.readout_weights': '0.000'}
[2026-05-19 20:15:56,171][src.modRNN.training.alignment][INFO] -   align diffusion_aligned @ epoch 651: cos {'ALIFCell_0.input_weights': '0.926', 'ALIFCell_0.recurrent_weights': '0.915', 'ReadOut_0.readout_weights': '0.000'}
[2026-05-19 20:15:57,371][src.modRNN.training.alignment][INFO] -   align diffusion_per_step @ epoch 651: cos {'ALIFCell_0.input_weights': '0.925', 'ALIFCell_0.recurrent_weights': '0.975', 'ReadOut_0.readout_weights': '0.000'}
[2026-05-19 20:15:58,072][src.modRNN.training.alignment][INFO] -   align diffusion_fixed @ epoch 651: cos {'ALIFCell_0.input_weights': '0.846', 'ALIFCell_0.recurrent_weights': '0.925', 'ReadOut_0.readout_weights': '0.000'}
[2026-05-19 20:16:16,373][src.modRNN.training.alignment][INFO] - epoch 675  train loss=0.6964  (rule: diffusion)
[2026-05-19 20:16:35,450][src.modRNN.training.alignment][INFO] - epoch 700  train loss=0.6032  (rule: diffusion)
[2026-05-19 20:16:36,976][src.modRNN.training.alignment][INFO] -   align BPTT @ epoch 701: cos {'ALIFCell_0.input_weights': '0.000', 'ALIFCell_0.recurrent_weights': '0.000', 'ReadOut_0.readout_weights': '0.000'}
[2026-05-19 20:16:37,543][src.modRNN.training.alignment][INFO] -   align eprop @ epoch 701: cos {'ALIFCell_0.input_weights': '0.845', 'ALIFCell_0.recurrent_weights': '1.061', 'ReadOut_0.readout_weights': '0.000'}
[2026-05-19 20:16:38,253][src.modRNN.training.alignment][INFO] -   align diffusion_aligned @ epoch 701: cos {'ALIFCell_0.input_weights': '0.854', 'ALIFCell_0.recurrent_weights': '1.146', 'ReadOut_0.readout_weights': '0.000'}
[2026-05-19 20:16:39,452][src.modRNN.training.alignment][INFO] -   align diffusion_per_step @ epoch 701: cos {'ALIFCell_0.input_weights': '0.881', 'ALIFCell_0.recurrent_weights': '1.086', 'ReadOut_0.readout_weights': '0.000'}
[2026-05-19 20:16:40,155][src.modRNN.training.alignment][INFO] -   align diffusion_fixed @ epoch 701: cos {'ALIFCell_0.input_weights': '0.823', 'ALIFCell_0.recurrent_weights': '0.955', 'ReadOut_0.readout_weights': '0.000'}
[2026-05-19 20:16:58,240][src.modRNN.training.alignment][INFO] - epoch 725  train loss=0.5031  (rule: diffusion)
[2026-05-19 20:17:17,122][src.modRNN.training.alignment][INFO] - epoch 750  train loss=0.6794  (rule: diffusion)
[2026-05-19 20:17:18,647][src.modRNN.training.alignment][INFO] -   align BPTT @ epoch 751: cos {'ALIFCell_0.input_weights': '0.000', 'ALIFCell_0.recurrent_weights': '0.000', 'ReadOut_0.readout_weights': '0.000'}
[2026-05-19 20:17:19,214][src.modRNN.training.alignment][INFO] -   align eprop @ epoch 751: cos {'ALIFCell_0.input_weights': '1.040', 'ALIFCell_0.recurrent_weights': '1.024', 'ReadOut_0.readout_weights': '0.000'}
[2026-05-19 20:17:19,924][src.modRNN.training.alignment][INFO] -   align diffusion_aligned @ epoch 751: cos {'ALIFCell_0.input_weights': '1.081', 'ALIFCell_0.recurrent_weights': '1.060', 'ReadOut_0.readout_weights': '0.000'}
[2026-05-19 20:17:21,126][src.modRNN.training.alignment][INFO] -   align diffusion_per_step @ epoch 751: cos {'ALIFCell_0.input_weights': '1.017', 'ALIFCell_0.recurrent_weights': '0.977', 'ReadOut_0.readout_weights': '0.000'}
[2026-05-19 20:17:21,827][src.modRNN.training.alignment][INFO] -   align diffusion_fixed @ epoch 751: cos {'ALIFCell_0.input_weights': '0.894', 'ALIFCell_0.recurrent_weights': '0.943', 'ReadOut_0.readout_weights': '0.000'}
[2026-05-19 20:17:39,933][src.modRNN.training.alignment][INFO] - epoch 775  train loss=0.6531  (rule: diffusion)
[2026-05-19 20:17:58,818][src.modRNN.training.alignment][INFO] - epoch 800  train loss=0.6293  (rule: diffusion)
[2026-05-19 20:18:00,338][src.modRNN.training.alignment][INFO] -   align BPTT @ epoch 801: cos {'ALIFCell_0.input_weights': '0.000', 'ALIFCell_0.recurrent_weights': '0.000', 'ReadOut_0.readout_weights': '0.000'}
[2026-05-19 20:18:00,904][src.modRNN.training.alignment][INFO] -   align eprop @ epoch 801: cos {'ALIFCell_0.input_weights': '0.961', 'ALIFCell_0.recurrent_weights': '1.070', 'ReadOut_0.readout_weights': '0.000'}
[2026-05-19 20:18:01,620][src.modRNN.training.alignment][INFO] -   align diffusion_aligned @ epoch 801: cos {'ALIFCell_0.input_weights': '0.960', 'ALIFCell_0.recurrent_weights': '1.057', 'ReadOut_0.readout_weights': '0.000'}
[2026-05-19 20:18:02,828][src.modRNN.training.alignment][INFO] -   align diffusion_per_step @ epoch 801: cos {'ALIFCell_0.input_weights': '0.956', 'ALIFCell_0.recurrent_weights': '1.055', 'ReadOut_0.readout_weights': '0.000'}
[2026-05-19 20:18:03,526][src.modRNN.training.alignment][INFO] -   align diffusion_fixed @ epoch 801: cos {'ALIFCell_0.input_weights': '0.911', 'ALIFCell_0.recurrent_weights': '1.034', 'ReadOut_0.readout_weights': '0.000'}
[2026-05-19 20:18:21,694][src.modRNN.training.alignment][INFO] - epoch 825  train loss=0.5823  (rule: diffusion)
[2026-05-19 20:18:40,654][src.modRNN.training.alignment][INFO] - epoch 850  train loss=0.6166  (rule: diffusion)
[2026-05-19 20:18:42,173][src.modRNN.training.alignment][INFO] -   align BPTT @ epoch 851: cos {'ALIFCell_0.input_weights': '0.000', 'ALIFCell_0.recurrent_weights': '0.000', 'ReadOut_0.readout_weights': '0.000'}
[2026-05-19 20:18:42,742][src.modRNN.training.alignment][INFO] -   align eprop @ epoch 851: cos {'ALIFCell_0.input_weights': '1.177', 'ALIFCell_0.recurrent_weights': '1.003', 'ReadOut_0.readout_weights': '0.001'}
[2026-05-19 20:18:43,462][src.modRNN.training.alignment][INFO] -   align diffusion_aligned @ epoch 851: cos {'ALIFCell_0.input_weights': '1.238', 'ALIFCell_0.recurrent_weights': '1.029', 'ReadOut_0.readout_weights': '0.001'}
[2026-05-19 20:18:44,670][src.modRNN.training.alignment][INFO] -   align diffusion_per_step @ epoch 851: cos {'ALIFCell_0.input_weights': '1.252', 'ALIFCell_0.recurrent_weights': '1.037', 'ReadOut_0.readout_weights': '0.001'}
[2026-05-19 20:18:45,373][src.modRNN.training.alignment][INFO] -   align diffusion_fixed @ epoch 851: cos {'ALIFCell_0.input_weights': '1.081', 'ALIFCell_0.recurrent_weights': '1.042', 'ReadOut_0.readout_weights': '0.001'}
[2026-05-19 20:19:03,525][src.modRNN.training.alignment][INFO] - epoch 875  train loss=0.6660  (rule: diffusion)
[2026-05-19 20:19:22,447][src.modRNN.training.alignment][INFO] - epoch 900  train loss=0.6598  (rule: diffusion)
[2026-05-19 20:19:23,979][src.modRNN.training.alignment][INFO] -   align BPTT @ epoch 901: cos {'ALIFCell_0.input_weights': '0.000', 'ALIFCell_0.recurrent_weights': '0.000', 'ReadOut_0.readout_weights': '0.000'}
[2026-05-19 20:19:24,547][src.modRNN.training.alignment][INFO] -   align eprop @ epoch 901: cos {'ALIFCell_0.input_weights': '0.907', 'ALIFCell_0.recurrent_weights': '1.006', 'ReadOut_0.readout_weights': '0.000'}
[2026-05-19 20:19:25,261][src.modRNN.training.alignment][INFO] -   align diffusion_aligned @ epoch 901: cos {'ALIFCell_0.input_weights': '0.859', 'ALIFCell_0.recurrent_weights': '0.978', 'ReadOut_0.readout_weights': '0.000'}
[2026-05-19 20:19:26,468][src.modRNN.training.alignment][INFO] -   align diffusion_per_step @ epoch 901: cos {'ALIFCell_0.input_weights': '0.901', 'ALIFCell_0.recurrent_weights': '1.018', 'ReadOut_0.readout_weights': '0.000'}
[2026-05-19 20:19:27,170][src.modRNN.training.alignment][INFO] -   align diffusion_fixed @ epoch 901: cos {'ALIFCell_0.input_weights': '0.764', 'ALIFCell_0.recurrent_weights': '0.927', 'ReadOut_0.readout_weights': '0.000'}
[2026-05-19 20:19:45,354][src.modRNN.training.alignment][INFO] - epoch 925  train loss=0.6094  (rule: diffusion)
[2026-05-19 20:20:04,312][src.modRNN.training.alignment][INFO] - epoch 950  train loss=0.5368  (rule: diffusion)
[2026-05-19 20:20:05,837][src.modRNN.training.alignment][INFO] -   align BPTT @ epoch 951: cos {'ALIFCell_0.input_weights': '0.000', 'ALIFCell_0.recurrent_weights': '0.000', 'ReadOut_0.readout_weights': '0.000'}
[2026-05-19 20:20:06,411][src.modRNN.training.alignment][INFO] -   align eprop @ epoch 951: cos {'ALIFCell_0.input_weights': '0.964', 'ALIFCell_0.recurrent_weights': '0.990', 'ReadOut_0.readout_weights': '0.000'}
[2026-05-19 20:20:07,121][src.modRNN.training.alignment][INFO] -   align diffusion_aligned @ epoch 951: cos {'ALIFCell_0.input_weights': '1.017', 'ALIFCell_0.recurrent_weights': '0.872', 'ReadOut_0.readout_weights': '0.000'}
[2026-05-19 20:20:08,324][src.modRNN.training.alignment][INFO] -   align diffusion_per_step @ epoch 951: cos {'ALIFCell_0.input_weights': '1.003', 'ALIFCell_0.recurrent_weights': '1.095', 'ReadOut_0.readout_weights': '0.000'}
[2026-05-19 20:20:09,031][src.modRNN.training.alignment][INFO] -   align diffusion_fixed @ epoch 951: cos {'ALIFCell_0.input_weights': '0.903', 'ALIFCell_0.recurrent_weights': '0.903', 'ReadOut_0.readout_weights': '0.000'}
[2026-05-19 20:20:27,223][src.modRNN.training.alignment][INFO] - epoch 975  train loss=0.8094  (rule: diffusion)
[2026-05-19 20:20:46,165][src.modRNN.training.alignment][INFO] - epoch 1000  train loss=0.5177  (rule: diffusion)
[2026-05-19 20:20:47,684][src.modRNN.training.alignment][INFO] -   align BPTT @ epoch 1001: cos {'ALIFCell_0.input_weights': '0.000', 'ALIFCell_0.recurrent_weights': '0.000', 'ReadOut_0.readout_weights': '0.000'}
[2026-05-19 20:20:48,254][src.modRNN.training.alignment][INFO] -   align eprop @ epoch 1001: cos {'ALIFCell_0.input_weights': '0.818', 'ALIFCell_0.recurrent_weights': '0.862', 'ReadOut_0.readout_weights': '0.000'}
[2026-05-19 20:20:48,971][src.modRNN.training.alignment][INFO] -   align diffusion_aligned @ epoch 1001: cos {'ALIFCell_0.input_weights': '0.857', 'ALIFCell_0.recurrent_weights': '0.924', 'ReadOut_0.readout_weights': '0.000'}
[2026-05-19 20:20:50,177][src.modRNN.training.alignment][INFO] -   align diffusion_per_step @ epoch 1001: cos {'ALIFCell_0.input_weights': '0.830', 'ALIFCell_0.recurrent_weights': '0.830', 'ReadOut_0.readout_weights': '0.000'}
[2026-05-19 20:20:50,879][src.modRNN.training.alignment][INFO] -   align diffusion_fixed @ epoch 1001: cos {'ALIFCell_0.input_weights': '0.763', 'ALIFCell_0.recurrent_weights': '0.859', 'ReadOut_0.readout_weights': '0.000'}
[2026-05-19 20:21:09,048][src.modRNN.training.alignment][INFO] - epoch 1025  train loss=0.6605  (rule: diffusion)
[2026-05-19 20:21:27,969][src.modRNN.training.alignment][INFO] - epoch 1050  train loss=0.4731  (rule: diffusion)
[2026-05-19 20:21:29,492][src.modRNN.training.alignment][INFO] -   align BPTT @ epoch 1051: cos {'ALIFCell_0.input_weights': '0.000', 'ALIFCell_0.recurrent_weights': '0.000', 'ReadOut_0.readout_weights': '0.000'}
[2026-05-19 20:21:30,061][src.modRNN.training.alignment][INFO] -   align eprop @ epoch 1051: cos {'ALIFCell_0.input_weights': '0.921', 'ALIFCell_0.recurrent_weights': '0.833', 'ReadOut_0.readout_weights': '0.000'}
[2026-05-19 20:21:30,775][src.modRNN.training.alignment][INFO] -   align diffusion_aligned @ epoch 1051: cos {'ALIFCell_0.input_weights': '1.004', 'ALIFCell_0.recurrent_weights': '0.860', 'ReadOut_0.readout_weights': '0.000'}
[2026-05-19 20:21:31,977][src.modRNN.training.alignment][INFO] -   align diffusion_per_step @ epoch 1051: cos {'ALIFCell_0.input_weights': '0.967', 'ALIFCell_0.recurrent_weights': '0.817', 'ReadOut_0.readout_weights': '0.000'}
[2026-05-19 20:21:32,680][src.modRNN.training.alignment][INFO] -   align diffusion_fixed @ epoch 1051: cos {'ALIFCell_0.input_weights': '0.867', 'ALIFCell_0.recurrent_weights': '0.754', 'ReadOut_0.readout_weights': '0.000'}
[2026-05-19 20:21:50,806][src.modRNN.training.alignment][INFO] - epoch 1075  train loss=0.6835  (rule: diffusion)
[2026-05-19 20:22:09,700][src.modRNN.training.alignment][INFO] - epoch 1100  train loss=0.6776  (rule: diffusion)
[2026-05-19 20:22:11,219][src.modRNN.training.alignment][INFO] -   align BPTT @ epoch 1101: cos {'ALIFCell_0.input_weights': '0.000', 'ALIFCell_0.recurrent_weights': '0.000', 'ReadOut_0.readout_weights': '0.000'}
[2026-05-19 20:22:11,786][src.modRNN.training.alignment][INFO] -   align eprop @ epoch 1101: cos {'ALIFCell_0.input_weights': '0.740', 'ALIFCell_0.recurrent_weights': '1.104', 'ReadOut_0.readout_weights': '0.000'}
[2026-05-19 20:22:12,497][src.modRNN.training.alignment][INFO] -   align diffusion_aligned @ epoch 1101: cos {'ALIFCell_0.input_weights': '0.762', 'ALIFCell_0.recurrent_weights': '1.034', 'ReadOut_0.readout_weights': '0.000'}
[2026-05-19 20:22:13,699][src.modRNN.training.alignment][INFO] -   align diffusion_per_step @ epoch 1101: cos {'ALIFCell_0.input_weights': '0.765', 'ALIFCell_0.recurrent_weights': '1.111', 'ReadOut_0.readout_weights': '0.000'}
[2026-05-19 20:22:14,399][src.modRNN.training.alignment][INFO] -   align diffusion_fixed @ epoch 1101: cos {'ALIFCell_0.input_weights': '0.691', 'ALIFCell_0.recurrent_weights': '0.971', 'ReadOut_0.readout_weights': '0.000'}
[2026-05-19 20:22:32,528][src.modRNN.training.alignment][INFO] - epoch 1125  train loss=0.5328  (rule: diffusion)
[2026-05-19 20:22:51,371][src.modRNN.training.alignment][INFO] - epoch 1150  train loss=0.5396  (rule: diffusion)
[2026-05-19 20:22:52,893][src.modRNN.training.alignment][INFO] -   align BPTT @ epoch 1151: cos {'ALIFCell_0.input_weights': '0.000', 'ALIFCell_0.recurrent_weights': '0.000', 'ReadOut_0.readout_weights': '0.000'}
[2026-05-19 20:22:53,464][src.modRNN.training.alignment][INFO] -   align eprop @ epoch 1151: cos {'ALIFCell_0.input_weights': '0.687', 'ALIFCell_0.recurrent_weights': '0.712', 'ReadOut_0.readout_weights': '0.000'}
[2026-05-19 20:22:54,173][src.modRNN.training.alignment][INFO] -   align diffusion_aligned @ epoch 1151: cos {'ALIFCell_0.input_weights': '0.735', 'ALIFCell_0.recurrent_weights': '0.824', 'ReadOut_0.readout_weights': '0.000'}
[2026-05-19 20:22:55,372][src.modRNN.training.alignment][INFO] -   align diffusion_per_step @ epoch 1151: cos {'ALIFCell_0.input_weights': '0.691', 'ALIFCell_0.recurrent_weights': '0.750', 'ReadOut_0.readout_weights': '0.000'}
[2026-05-19 20:22:56,077][src.modRNN.training.alignment][INFO] -   align diffusion_fixed @ epoch 1151: cos {'ALIFCell_0.input_weights': '0.640', 'ALIFCell_0.recurrent_weights': '0.679', 'ReadOut_0.readout_weights': '0.000'}
[2026-05-19 20:23:14,182][src.modRNN.training.alignment][INFO] - epoch 1175  train loss=0.5655  (rule: diffusion)
[2026-05-19 20:23:33,044][src.modRNN.training.alignment][INFO] - epoch 1200  train loss=0.6850  (rule: diffusion)
[2026-05-19 20:23:34,565][src.modRNN.training.alignment][INFO] -   align BPTT @ epoch 1201: cos {'ALIFCell_0.input_weights': '0.000', 'ALIFCell_0.recurrent_weights': '0.000', 'ReadOut_0.readout_weights': '0.000'}
[2026-05-19 20:23:35,134][src.modRNN.training.alignment][INFO] -   align eprop @ epoch 1201: cos {'ALIFCell_0.input_weights': '1.031', 'ALIFCell_0.recurrent_weights': '0.888', 'ReadOut_0.readout_weights': '0.000'}
[2026-05-19 20:23:35,846][src.modRNN.training.alignment][INFO] -   align diffusion_aligned @ epoch 1201: cos {'ALIFCell_0.input_weights': '1.047', 'ALIFCell_0.recurrent_weights': '0.915', 'ReadOut_0.readout_weights': '0.000'}
[2026-05-19 20:23:37,050][src.modRNN.training.alignment][INFO] -   align diffusion_per_step @ epoch 1201: cos {'ALIFCell_0.input_weights': '1.060', 'ALIFCell_0.recurrent_weights': '0.886', 'ReadOut_0.readout_weights': '0.000'}
[2026-05-19 20:23:37,749][src.modRNN.training.alignment][INFO] -   align diffusion_fixed @ epoch 1201: cos {'ALIFCell_0.input_weights': '0.961', 'ALIFCell_0.recurrent_weights': '0.806', 'ReadOut_0.readout_weights': '0.000'}
[2026-05-19 20:23:55,823][src.modRNN.training.alignment][INFO] - epoch 1225  train loss=0.6872  (rule: diffusion)
[2026-05-19 20:24:14,684][src.modRNN.training.alignment][INFO] - epoch 1250  train loss=0.6425  (rule: diffusion)
[2026-05-19 20:24:16,203][src.modRNN.training.alignment][INFO] -   align BPTT @ epoch 1251: cos {'ALIFCell_0.input_weights': '0.000', 'ALIFCell_0.recurrent_weights': '0.000', 'ReadOut_0.readout_weights': '0.000'}
[2026-05-19 20:24:16,767][src.modRNN.training.alignment][INFO] -   align eprop @ epoch 1251: cos {'ALIFCell_0.input_weights': '0.821', 'ALIFCell_0.recurrent_weights': '1.059', 'ReadOut_0.readout_weights': '0.000'}
[2026-05-19 20:24:17,478][src.modRNN.training.alignment][INFO] -   align diffusion_aligned @ epoch 1251: cos {'ALIFCell_0.input_weights': '0.804', 'ALIFCell_0.recurrent_weights': '1.083', 'ReadOut_0.readout_weights': '0.000'}
[2026-05-19 20:24:18,681][src.modRNN.training.alignment][INFO] -   align diffusion_per_step @ epoch 1251: cos {'ALIFCell_0.input_weights': '0.822', 'ALIFCell_0.recurrent_weights': '1.088', 'ReadOut_0.readout_weights': '0.000'}
[2026-05-19 20:24:19,378][src.modRNN.training.alignment][INFO] -   align diffusion_fixed @ epoch 1251: cos {'ALIFCell_0.input_weights': '0.759', 'ALIFCell_0.recurrent_weights': '1.005', 'ReadOut_0.readout_weights': '0.000'}
[2026-05-19 20:24:37,472][src.modRNN.training.alignment][INFO] - epoch 1275  train loss=0.6999  (rule: diffusion)
[2026-05-19 20:24:56,293][src.modRNN.training.alignment][INFO] - epoch 1300  train loss=0.6709  (rule: diffusion)
[2026-05-19 20:24:57,812][src.modRNN.training.alignment][INFO] -   align BPTT @ epoch 1301: cos {'ALIFCell_0.input_weights': '0.000', 'ALIFCell_0.recurrent_weights': '0.000', 'ReadOut_0.readout_weights': '0.000'}
[2026-05-19 20:24:58,381][src.modRNN.training.alignment][INFO] -   align eprop @ epoch 1301: cos {'ALIFCell_0.input_weights': '0.961', 'ALIFCell_0.recurrent_weights': '0.973', 'ReadOut_0.readout_weights': '0.000'}
[2026-05-19 20:24:59,089][src.modRNN.training.alignment][INFO] -   align diffusion_aligned @ epoch 1301: cos {'ALIFCell_0.input_weights': '0.967', 'ALIFCell_0.recurrent_weights': '0.971', 'ReadOut_0.readout_weights': '0.000'}
[2026-05-19 20:25:00,289][src.modRNN.training.alignment][INFO] -   align diffusion_per_step @ epoch 1301: cos {'ALIFCell_0.input_weights': '0.965', 'ALIFCell_0.recurrent_weights': '0.967', 'ReadOut_0.readout_weights': '0.000'}
[2026-05-19 20:25:00,990][src.modRNN.training.alignment][INFO] -   align diffusion_fixed @ epoch 1301: cos {'ALIFCell_0.input_weights': '0.890', 'ALIFCell_0.recurrent_weights': '0.967', 'ReadOut_0.readout_weights': '0.000'}
[2026-05-19 20:25:19,079][src.modRNN.training.alignment][INFO] - epoch 1325  train loss=0.6279  (rule: diffusion)
[2026-05-19 20:25:37,892][src.modRNN.training.alignment][INFO] - epoch 1350  train loss=0.5593  (rule: diffusion)
[2026-05-19 20:25:39,409][src.modRNN.training.alignment][INFO] -   align BPTT @ epoch 1351: cos {'ALIFCell_0.input_weights': '0.000', 'ALIFCell_0.recurrent_weights': '0.000', 'ReadOut_0.readout_weights': '0.000'}
[2026-05-19 20:25:39,975][src.modRNN.training.alignment][INFO] -   align eprop @ epoch 1351: cos {'ALIFCell_0.input_weights': '1.120', 'ALIFCell_0.recurrent_weights': '1.450', 'ReadOut_0.readout_weights': '0.000'}
[2026-05-19 20:25:40,683][src.modRNN.training.alignment][INFO] -   align diffusion_aligned @ epoch 1351: cos {'ALIFCell_0.input_weights': '1.129', 'ALIFCell_0.recurrent_weights': '1.291', 'ReadOut_0.readout_weights': '0.000'}
[2026-05-19 20:25:41,884][src.modRNN.training.alignment][INFO] -   align diffusion_per_step @ epoch 1351: cos {'ALIFCell_0.input_weights': '1.107', 'ALIFCell_0.recurrent_weights': '1.352', 'ReadOut_0.readout_weights': '0.000'}
[2026-05-19 20:25:42,582][src.modRNN.training.alignment][INFO] -   align diffusion_fixed @ epoch 1351: cos {'ALIFCell_0.input_weights': '0.915', 'ALIFCell_0.recurrent_weights': '1.023', 'ReadOut_0.readout_weights': '0.000'}
[2026-05-19 20:26:00,624][src.modRNN.training.alignment][INFO] - epoch 1375  train loss=0.5091  (rule: diffusion)
[2026-05-19 20:26:19,465][src.modRNN.training.alignment][INFO] - epoch 1400  train loss=0.5830  (rule: diffusion)
[2026-05-19 20:26:20,983][src.modRNN.training.alignment][INFO] -   align BPTT @ epoch 1401: cos {'ALIFCell_0.input_weights': '0.000', 'ALIFCell_0.recurrent_weights': '0.000', 'ReadOut_0.readout_weights': '0.000'}
[2026-05-19 20:26:21,549][src.modRNN.training.alignment][INFO] -   align eprop @ epoch 1401: cos {'ALIFCell_0.input_weights': '1.291', 'ALIFCell_0.recurrent_weights': '1.328', 'ReadOut_0.readout_weights': '0.001'}
[2026-05-19 20:26:22,260][src.modRNN.training.alignment][INFO] -   align diffusion_aligned @ epoch 1401: cos {'ALIFCell_0.input_weights': '1.293', 'ALIFCell_0.recurrent_weights': '1.294', 'ReadOut_0.readout_weights': '0.001'}
[2026-05-19 20:26:23,459][src.modRNN.training.alignment][INFO] -   align diffusion_per_step @ epoch 1401: cos {'ALIFCell_0.input_weights': '1.290', 'ALIFCell_0.recurrent_weights': '1.300', 'ReadOut_0.readout_weights': '0.001'}
[2026-05-19 20:26:24,156][src.modRNN.training.alignment][INFO] -   align diffusion_fixed @ epoch 1401: cos {'ALIFCell_0.input_weights': '1.267', 'ALIFCell_0.recurrent_weights': '1.318', 'ReadOut_0.readout_weights': '0.001'}
[2026-05-19 20:26:42,270][src.modRNN.training.alignment][INFO] - epoch 1425  train loss=0.5917  (rule: diffusion)
[2026-05-19 20:27:01,128][src.modRNN.training.alignment][INFO] - epoch 1450  train loss=0.6028  (rule: diffusion)
[2026-05-19 20:27:02,674][src.modRNN.training.alignment][INFO] -   align BPTT @ epoch 1451: cos {'ALIFCell_0.input_weights': '0.000', 'ALIFCell_0.recurrent_weights': '0.000', 'ReadOut_0.readout_weights': '0.000'}
[2026-05-19 20:27:03,243][src.modRNN.training.alignment][INFO] -   align eprop @ epoch 1451: cos {'ALIFCell_0.input_weights': '0.965', 'ALIFCell_0.recurrent_weights': '0.838', 'ReadOut_0.readout_weights': '0.000'}
[2026-05-19 20:27:03,956][src.modRNN.training.alignment][INFO] -   align diffusion_aligned @ epoch 1451: cos {'ALIFCell_0.input_weights': '0.974', 'ALIFCell_0.recurrent_weights': '0.837', 'ReadOut_0.readout_weights': '0.000'}
[2026-05-19 20:27:05,154][src.modRNN.training.alignment][INFO] -   align diffusion_per_step @ epoch 1451: cos {'ALIFCell_0.input_weights': '0.955', 'ALIFCell_0.recurrent_weights': '0.826', 'ReadOut_0.readout_weights': '0.000'}
[2026-05-19 20:27:05,856][src.modRNN.training.alignment][INFO] -   align diffusion_fixed @ epoch 1451: cos {'ALIFCell_0.input_weights': '0.927', 'ALIFCell_0.recurrent_weights': '0.806', 'ReadOut_0.readout_weights': '0.000'}
[2026-05-19 20:27:23,919][src.modRNN.training.alignment][INFO] - epoch 1475  train loss=0.2967  (rule: diffusion)
[2026-05-19 20:27:42,746][src.modRNN.training.alignment][INFO] - epoch 1500  train loss=0.4151  (rule: diffusion)
[2026-05-19 20:27:44,261][src.modRNN.training.alignment][INFO] -   align BPTT @ epoch 1501: cos {'ALIFCell_0.input_weights': '0.000', 'ALIFCell_0.recurrent_weights': '0.000', 'ReadOut_0.readout_weights': '0.000'}
[2026-05-19 20:27:44,828][src.modRNN.training.alignment][INFO] -   align eprop @ epoch 1501: cos {'ALIFCell_0.input_weights': '0.702', 'ALIFCell_0.recurrent_weights': '0.749', 'ReadOut_0.readout_weights': '0.000'}
[2026-05-19 20:27:45,538][src.modRNN.training.alignment][INFO] -   align diffusion_aligned @ epoch 1501: cos {'ALIFCell_0.input_weights': '0.853', 'ALIFCell_0.recurrent_weights': '0.818', 'ReadOut_0.readout_weights': '0.000'}
[2026-05-19 20:27:46,738][src.modRNN.training.alignment][INFO] -   align diffusion_per_step @ epoch 1501: cos {'ALIFCell_0.input_weights': '0.776', 'ALIFCell_0.recurrent_weights': '0.801', 'ReadOut_0.readout_weights': '0.000'}
[2026-05-19 20:27:47,439][src.modRNN.training.alignment][INFO] -   align diffusion_fixed @ epoch 1501: cos {'ALIFCell_0.input_weights': '0.753', 'ALIFCell_0.recurrent_weights': '0.800', 'ReadOut_0.readout_weights': '0.000'}
[2026-05-19 20:28:05,545][src.modRNN.training.alignment][INFO] - epoch 1525  train loss=0.4010  (rule: diffusion)
[2026-05-19 20:28:24,388][src.modRNN.training.alignment][INFO] - epoch 1550  train loss=0.4421  (rule: diffusion)
[2026-05-19 20:28:25,907][src.modRNN.training.alignment][INFO] -   align BPTT @ epoch 1551: cos {'ALIFCell_0.input_weights': '0.000', 'ALIFCell_0.recurrent_weights': '0.000', 'ReadOut_0.readout_weights': '0.000'}
[2026-05-19 20:28:26,473][src.modRNN.training.alignment][INFO] -   align eprop @ epoch 1551: cos {'ALIFCell_0.input_weights': '0.823', 'ALIFCell_0.recurrent_weights': '0.925', 'ReadOut_0.readout_weights': '0.000'}
[2026-05-19 20:28:27,189][src.modRNN.training.alignment][INFO] -   align diffusion_aligned @ epoch 1551: cos {'ALIFCell_0.input_weights': '0.956', 'ALIFCell_0.recurrent_weights': '0.984', 'ReadOut_0.readout_weights': '0.000'}
[2026-05-19 20:28:28,386][src.modRNN.training.alignment][INFO] -   align diffusion_per_step @ epoch 1551: cos {'ALIFCell_0.input_weights': '0.903', 'ALIFCell_0.recurrent_weights': '0.977', 'ReadOut_0.readout_weights': '0.000'}
[2026-05-19 20:28:29,089][src.modRNN.training.alignment][INFO] -   align diffusion_fixed @ epoch 1551: cos {'ALIFCell_0.input_weights': '0.749', 'ALIFCell_0.recurrent_weights': '0.843', 'ReadOut_0.readout_weights': '0.000'}
[2026-05-19 20:28:47,159][src.modRNN.training.alignment][INFO] - epoch 1575  train loss=0.4496  (rule: diffusion)
[2026-05-19 20:29:05,963][src.modRNN.training.alignment][INFO] - epoch 1600  train loss=0.5039  (rule: diffusion)
[2026-05-19 20:29:07,481][src.modRNN.training.alignment][INFO] -   align BPTT @ epoch 1601: cos {'ALIFCell_0.input_weights': '0.000', 'ALIFCell_0.recurrent_weights': '0.000', 'ReadOut_0.readout_weights': '0.000'}
[2026-05-19 20:29:08,045][src.modRNN.training.alignment][INFO] -   align eprop @ epoch 1601: cos {'ALIFCell_0.input_weights': '1.483', 'ALIFCell_0.recurrent_weights': '1.551', 'ReadOut_0.readout_weights': '0.000'}
[2026-05-19 20:29:08,756][src.modRNN.training.alignment][INFO] -   align diffusion_aligned @ epoch 1601: cos {'ALIFCell_0.input_weights': '1.483', 'ALIFCell_0.recurrent_weights': '1.531', 'ReadOut_0.readout_weights': '0.000'}
[2026-05-19 20:29:09,953][src.modRNN.training.alignment][INFO] -   align diffusion_per_step @ epoch 1601: cos {'ALIFCell_0.input_weights': '1.477', 'ALIFCell_0.recurrent_weights': '1.584', 'ReadOut_0.readout_weights': '0.000'}
[2026-05-19 20:29:10,652][src.modRNN.training.alignment][INFO] -   align diffusion_fixed @ epoch 1601: cos {'ALIFCell_0.input_weights': '1.473', 'ALIFCell_0.recurrent_weights': '1.515', 'ReadOut_0.readout_weights': '0.000'}
[2026-05-19 20:29:28,762][src.modRNN.training.alignment][INFO] - epoch 1625  train loss=0.6529  (rule: diffusion)
[2026-05-19 20:29:47,596][src.modRNN.training.alignment][INFO] - epoch 1650  train loss=0.3082  (rule: diffusion)
[2026-05-19 20:29:49,116][src.modRNN.training.alignment][INFO] -   align BPTT @ epoch 1651: cos {'ALIFCell_0.input_weights': '0.000', 'ALIFCell_0.recurrent_weights': '0.000', 'ReadOut_0.readout_weights': '0.000'}
[2026-05-19 20:29:49,681][src.modRNN.training.alignment][INFO] -   align eprop @ epoch 1651: cos {'ALIFCell_0.input_weights': '1.287', 'ALIFCell_0.recurrent_weights': '1.453', 'ReadOut_0.readout_weights': '0.000'}
[2026-05-19 20:29:50,396][src.modRNN.training.alignment][INFO] -   align diffusion_aligned @ epoch 1651: cos {'ALIFCell_0.input_weights': '1.258', 'ALIFCell_0.recurrent_weights': '1.450', 'ReadOut_0.readout_weights': '0.000'}
[2026-05-19 20:29:51,595][src.modRNN.training.alignment][INFO] -   align diffusion_per_step @ epoch 1651: cos {'ALIFCell_0.input_weights': '1.268', 'ALIFCell_0.recurrent_weights': '1.446', 'ReadOut_0.readout_weights': '0.000'}
[2026-05-19 20:29:52,294][src.modRNN.training.alignment][INFO] -   align diffusion_fixed @ epoch 1651: cos {'ALIFCell_0.input_weights': '1.267', 'ALIFCell_0.recurrent_weights': '1.510', 'ReadOut_0.readout_weights': '0.000'}
[2026-05-19 20:30:10,435][src.modRNN.training.alignment][INFO] - epoch 1675  train loss=0.3395  (rule: diffusion)
[2026-05-19 20:30:29,375][src.modRNN.training.alignment][INFO] - epoch 1700  train loss=0.4472  (rule: diffusion)
[2026-05-19 20:30:30,892][src.modRNN.training.alignment][INFO] -   align BPTT @ epoch 1701: cos {'ALIFCell_0.input_weights': '0.000', 'ALIFCell_0.recurrent_weights': '0.000', 'ReadOut_0.readout_weights': '0.000'}
[2026-05-19 20:30:31,463][src.modRNN.training.alignment][INFO] -   align eprop @ epoch 1701: cos {'ALIFCell_0.input_weights': '0.793', 'ALIFCell_0.recurrent_weights': '0.884', 'ReadOut_0.readout_weights': '0.001'}
[2026-05-19 20:30:32,176][src.modRNN.training.alignment][INFO] -   align diffusion_aligned @ epoch 1701: cos {'ALIFCell_0.input_weights': '0.843', 'ALIFCell_0.recurrent_weights': '0.912', 'ReadOut_0.readout_weights': '0.001'}
[2026-05-19 20:30:33,374][src.modRNN.training.alignment][INFO] -   align diffusion_per_step @ epoch 1701: cos {'ALIFCell_0.input_weights': '0.839', 'ALIFCell_0.recurrent_weights': '0.917', 'ReadOut_0.readout_weights': '0.001'}
[2026-05-19 20:30:34,074][src.modRNN.training.alignment][INFO] -   align diffusion_fixed @ epoch 1701: cos {'ALIFCell_0.input_weights': '0.829', 'ALIFCell_0.recurrent_weights': '0.910', 'ReadOut_0.readout_weights': '0.001'}
[2026-05-19 20:30:52,248][src.modRNN.training.alignment][INFO] - epoch 1725  train loss=0.5832  (rule: diffusion)
[2026-05-19 20:31:11,202][src.modRNN.training.alignment][INFO] - epoch 1750  train loss=0.8030  (rule: diffusion)
[2026-05-19 20:31:12,728][src.modRNN.training.alignment][INFO] -   align BPTT @ epoch 1751: cos {'ALIFCell_0.input_weights': '0.000', 'ALIFCell_0.recurrent_weights': '0.000', 'ReadOut_0.readout_weights': '0.000'}
[2026-05-19 20:31:13,296][src.modRNN.training.alignment][INFO] -   align eprop @ epoch 1751: cos {'ALIFCell_0.input_weights': '1.010', 'ALIFCell_0.recurrent_weights': '1.151', 'ReadOut_0.readout_weights': '0.000'}
[2026-05-19 20:31:14,014][src.modRNN.training.alignment][INFO] -   align diffusion_aligned @ epoch 1751: cos {'ALIFCell_0.input_weights': '1.019', 'ALIFCell_0.recurrent_weights': '1.170', 'ReadOut_0.readout_weights': '0.000'}
[2026-05-19 20:31:15,214][src.modRNN.training.alignment][INFO] -   align diffusion_per_step @ epoch 1751: cos {'ALIFCell_0.input_weights': '0.981', 'ALIFCell_0.recurrent_weights': '1.081', 'ReadOut_0.readout_weights': '0.000'}
[2026-05-19 20:31:15,912][src.modRNN.training.alignment][INFO] -   align diffusion_fixed @ epoch 1751: cos {'ALIFCell_0.input_weights': '0.979', 'ALIFCell_0.recurrent_weights': '1.184', 'ReadOut_0.readout_weights': '0.000'}
[2026-05-19 20:31:34,032][src.modRNN.training.alignment][INFO] - epoch 1775  train loss=0.6778  (rule: diffusion)
[2026-05-19 20:31:52,849][src.modRNN.training.alignment][INFO] - epoch 1800  train loss=0.6537  (rule: diffusion)
[2026-05-19 20:31:54,365][src.modRNN.training.alignment][INFO] -   align BPTT @ epoch 1801: cos {'ALIFCell_0.input_weights': '0.000', 'ALIFCell_0.recurrent_weights': '0.000', 'ReadOut_0.readout_weights': '0.000'}
[2026-05-19 20:31:54,930][src.modRNN.training.alignment][INFO] -   align eprop @ epoch 1801: cos {'ALIFCell_0.input_weights': '0.810', 'ALIFCell_0.recurrent_weights': '0.942', 'ReadOut_0.readout_weights': '0.000'}
[2026-05-19 20:31:55,642][src.modRNN.training.alignment][INFO] -   align diffusion_aligned @ epoch 1801: cos {'ALIFCell_0.input_weights': '0.826', 'ALIFCell_0.recurrent_weights': '0.955', 'ReadOut_0.readout_weights': '0.000'}
[2026-05-19 20:31:56,843][src.modRNN.training.alignment][INFO] -   align diffusion_per_step @ epoch 1801: cos {'ALIFCell_0.input_weights': '0.814', 'ALIFCell_0.recurrent_weights': '0.912', 'ReadOut_0.readout_weights': '0.000'}
[2026-05-19 20:31:57,543][src.modRNN.training.alignment][INFO] -   align diffusion_fixed @ epoch 1801: cos {'ALIFCell_0.input_weights': '0.904', 'ALIFCell_0.recurrent_weights': '0.902', 'ReadOut_0.readout_weights': '0.000'}
[2026-05-19 20:32:15,632][src.modRNN.training.alignment][INFO] - epoch 1825  train loss=0.6567  (rule: diffusion)
[2026-05-19 20:32:34,475][src.modRNN.training.alignment][INFO] - epoch 1850  train loss=0.6684  (rule: diffusion)
[2026-05-19 20:32:35,990][src.modRNN.training.alignment][INFO] -   align BPTT @ epoch 1851: cos {'ALIFCell_0.input_weights': '0.000', 'ALIFCell_0.recurrent_weights': '0.000', 'ReadOut_0.readout_weights': '0.000'}
[2026-05-19 20:32:36,559][src.modRNN.training.alignment][INFO] -   align eprop @ epoch 1851: cos {'ALIFCell_0.input_weights': '0.778', 'ALIFCell_0.recurrent_weights': '0.792', 'ReadOut_0.readout_weights': '0.000'}
[2026-05-19 20:32:37,274][src.modRNN.training.alignment][INFO] -   align diffusion_aligned @ epoch 1851: cos {'ALIFCell_0.input_weights': '0.688', 'ALIFCell_0.recurrent_weights': '0.746', 'ReadOut_0.readout_weights': '0.000'}
[2026-05-19 20:32:38,474][src.modRNN.training.alignment][INFO] -   align diffusion_per_step @ epoch 1851: cos {'ALIFCell_0.input_weights': '0.748', 'ALIFCell_0.recurrent_weights': '0.789', 'ReadOut_0.readout_weights': '0.000'}
[2026-05-19 20:32:39,171][src.modRNN.training.alignment][INFO] -   align diffusion_fixed @ epoch 1851: cos {'ALIFCell_0.input_weights': '0.735', 'ALIFCell_0.recurrent_weights': '0.712', 'ReadOut_0.readout_weights': '0.000'}
[2026-05-19 20:32:57,238][src.modRNN.training.alignment][INFO] - epoch 1875  train loss=0.6749  (rule: diffusion)
[2026-05-19 20:33:16,096][src.modRNN.training.alignment][INFO] - epoch 1900  train loss=0.6703  (rule: diffusion)
[2026-05-19 20:33:17,616][src.modRNN.training.alignment][INFO] -   align BPTT @ epoch 1901: cos {'ALIFCell_0.input_weights': '0.000', 'ALIFCell_0.recurrent_weights': '0.000', 'ReadOut_0.readout_weights': '0.000'}
[2026-05-19 20:33:18,185][src.modRNN.training.alignment][INFO] -   align eprop @ epoch 1901: cos {'ALIFCell_0.input_weights': '0.986', 'ALIFCell_0.recurrent_weights': '0.963', 'ReadOut_0.readout_weights': '0.000'}
[2026-05-19 20:33:18,902][src.modRNN.training.alignment][INFO] -   align diffusion_aligned @ epoch 1901: cos {'ALIFCell_0.input_weights': '0.847', 'ALIFCell_0.recurrent_weights': '0.953', 'ReadOut_0.readout_weights': '0.000'}
[2026-05-19 20:33:20,104][src.modRNN.training.alignment][INFO] -   align diffusion_per_step @ epoch 1901: cos {'ALIFCell_0.input_weights': '0.944', 'ALIFCell_0.recurrent_weights': '1.001', 'ReadOut_0.readout_weights': '0.000'}
[2026-05-19 20:33:20,806][src.modRNN.training.alignment][INFO] -   align diffusion_fixed @ epoch 1901: cos {'ALIFCell_0.input_weights': '0.898', 'ALIFCell_0.recurrent_weights': '0.718', 'ReadOut_0.readout_weights': '0.000'}
[2026-05-19 20:33:39,023][src.modRNN.training.alignment][INFO] - epoch 1925  train loss=0.6870  (rule: diffusion)
[2026-05-19 20:33:58,005][src.modRNN.training.alignment][INFO] - epoch 1950  train loss=0.6776  (rule: diffusion)
[2026-05-19 20:33:59,528][src.modRNN.training.alignment][INFO] -   align BPTT @ epoch 1951: cos {'ALIFCell_0.input_weights': '0.000', 'ALIFCell_0.recurrent_weights': '0.000', 'ReadOut_0.readout_weights': '0.000'}
[2026-05-19 20:34:00,103][src.modRNN.training.alignment][INFO] -   align eprop @ epoch 1951: cos {'ALIFCell_0.input_weights': '0.602', 'ALIFCell_0.recurrent_weights': '0.713', 'ReadOut_0.readout_weights': '0.000'}
[2026-05-19 20:34:00,811][src.modRNN.training.alignment][INFO] -   align diffusion_aligned @ epoch 1951: cos {'ALIFCell_0.input_weights': '0.559', 'ALIFCell_0.recurrent_weights': '0.669', 'ReadOut_0.readout_weights': '0.000'}
[2026-05-19 20:34:02,012][src.modRNN.training.alignment][INFO] -   align diffusion_per_step @ epoch 1951: cos {'ALIFCell_0.input_weights': '0.569', 'ALIFCell_0.recurrent_weights': '0.699', 'ReadOut_0.readout_weights': '0.000'}
[2026-05-19 20:34:02,713][src.modRNN.training.alignment][INFO] -   align diffusion_fixed @ epoch 1951: cos {'ALIFCell_0.input_weights': '0.555', 'ALIFCell_0.recurrent_weights': '0.587', 'ReadOut_0.readout_weights': '0.000'}
[2026-05-19 20:34:20,864][src.modRNN.training.alignment][INFO] - epoch 1975  train loss=0.6356  (rule: diffusion)
[2026-05-19 20:34:39,761][src.modRNN.training.alignment][INFO] - epoch 2000  train loss=0.6428  (rule: diffusion)
[2026-05-19 20:34:41,284][src.modRNN.training.alignment][INFO] -   align BPTT @ epoch 2001: cos {'ALIFCell_0.input_weights': '0.000', 'ALIFCell_0.recurrent_weights': '0.000', 'ReadOut_0.readout_weights': '0.000'}
[2026-05-19 20:34:41,854][src.modRNN.training.alignment][INFO] -   align eprop @ epoch 2001: cos {'ALIFCell_0.input_weights': '0.989', 'ALIFCell_0.recurrent_weights': '1.098', 'ReadOut_0.readout_weights': '0.000'}
[2026-05-19 20:34:42,565][src.modRNN.training.alignment][INFO] -   align diffusion_aligned @ epoch 2001: cos {'ALIFCell_0.input_weights': '0.911', 'ALIFCell_0.recurrent_weights': '0.892', 'ReadOut_0.readout_weights': '0.000'}
[2026-05-19 20:34:43,768][src.modRNN.training.alignment][INFO] -   align diffusion_per_step @ epoch 2001: cos {'ALIFCell_0.input_weights': '0.977', 'ALIFCell_0.recurrent_weights': '1.040', 'ReadOut_0.readout_weights': '0.000'}
[2026-05-19 20:34:44,467][src.modRNN.training.alignment][INFO] -   align diffusion_fixed @ epoch 2001: cos {'ALIFCell_0.input_weights': '0.876', 'ALIFCell_0.recurrent_weights': '0.760', 'ReadOut_0.readout_weights': '0.000'}
[2026-05-19 20:34:44,507][src.modRNN.training.alignment][INFO] - Alignment experiment finished. Output dir: /mnt/lustre/work/martius/mot736/neuromodRNN/outputs/delayed_match/align_local_connectivity_diffusion_shuffle_fix/seed_33
