[2026-06-02 17:46:21,211][jax._src.xla_bridge][INFO] - Unable to initialize backend 'rocm': module 'jaxlib.xla_extension' has no attribute 'GpuAllocatorConfig'
[2026-06-02 17:46:21,212][jax._src.xla_bridge][INFO] - Unable to initialize backend 'tpu': INTERNAL: Failed to open libtpu.so: libtpu.so: cannot open shared object file: No such file or directory
[2026-06-02 17:46:28,072][src.modRNN.training.alignment][INFO] - Starting alignment experiment: training with diffusion, measuring alignment of ['BPTT', 'eprop', 'diffusion_aligned', 'diffusion_per_step', 'diffusion_fixed'] every 50 epochs.
[2026-06-02 17:46:29,960][src.modRNN.training.alignment][INFO] - epoch 1  train loss=0.1094  (rule: diffusion)
[2026-06-02 17:46:31,242][src.modRNN.training.alignment][INFO] -   align BPTT @ epoch 1: cos {'ALIFCell_0.input_weights': '0.000', 'ALIFCell_0.recurrent_weights': '0.000', 'ReadOut_0.readout_weights': '0.000'}
[2026-06-02 17:46:32,329][src.modRNN.training.alignment][INFO] -   align eprop @ epoch 1: cos {'ALIFCell_0.input_weights': '0.541', 'ALIFCell_0.recurrent_weights': '0.466', 'ReadOut_0.readout_weights': '0.000'}
[2026-06-02 17:46:33,638][src.modRNN.training.alignment][INFO] -   align diffusion_aligned @ epoch 1: cos {'ALIFCell_0.input_weights': '0.700', 'ALIFCell_0.recurrent_weights': '0.694', 'ReadOut_0.readout_weights': '0.000'}
[2026-06-02 17:46:36,661][src.modRNN.training.alignment][INFO] -   align diffusion_per_step @ epoch 1: cos {'ALIFCell_0.input_weights': '0.542', 'ALIFCell_0.recurrent_weights': '0.468', 'ReadOut_0.readout_weights': '0.000'}
[2026-06-02 17:46:37,989][src.modRNN.training.alignment][INFO] -   align diffusion_fixed @ epoch 1: cos {'ALIFCell_0.input_weights': '0.680', 'ALIFCell_0.recurrent_weights': '0.687', 'ReadOut_0.readout_weights': '0.000'}
[2026-06-02 17:46:45,614][src.modRNN.training.alignment][INFO] - epoch 25  train loss=0.1148  (rule: diffusion)
[2026-06-02 17:46:53,575][src.modRNN.training.alignment][INFO] - epoch 50  train loss=0.0624  (rule: diffusion)
[2026-06-02 17:46:54,102][src.modRNN.training.alignment][INFO] -   align BPTT @ epoch 51: cos {'ALIFCell_0.input_weights': '0.000', 'ALIFCell_0.recurrent_weights': '0.000', 'ReadOut_0.readout_weights': '0.000'}
[2026-06-02 17:46:54,371][src.modRNN.training.alignment][INFO] -   align eprop @ epoch 51: cos {'ALIFCell_0.input_weights': '0.804', 'ALIFCell_0.recurrent_weights': '0.812', 'ReadOut_0.readout_weights': '0.000'}
[2026-06-02 17:46:54,683][src.modRNN.training.alignment][INFO] -   align diffusion_aligned @ epoch 51: cos {'ALIFCell_0.input_weights': '0.747', 'ALIFCell_0.recurrent_weights': '0.760', 'ReadOut_0.readout_weights': '0.000'}
[2026-06-02 17:46:55,144][src.modRNN.training.alignment][INFO] -   align diffusion_per_step @ epoch 51: cos {'ALIFCell_0.input_weights': '0.790', 'ALIFCell_0.recurrent_weights': '0.800', 'ReadOut_0.readout_weights': '0.000'}
[2026-06-02 17:46:55,452][src.modRNN.training.alignment][INFO] -   align diffusion_fixed @ epoch 51: cos {'ALIFCell_0.input_weights': '0.834', 'ALIFCell_0.recurrent_weights': '0.867', 'ReadOut_0.readout_weights': '0.000'}
[2026-06-02 17:47:03,089][src.modRNN.training.alignment][INFO] - epoch 75  train loss=0.0546  (rule: diffusion)
[2026-06-02 17:47:11,047][src.modRNN.training.alignment][INFO] - epoch 100  train loss=0.0449  (rule: diffusion)
[2026-06-02 17:47:11,571][src.modRNN.training.alignment][INFO] -   align BPTT @ epoch 101: cos {'ALIFCell_0.input_weights': '0.000', 'ALIFCell_0.recurrent_weights': '0.000', 'ReadOut_0.readout_weights': '0.000'}
[2026-06-02 17:47:11,839][src.modRNN.training.alignment][INFO] -   align eprop @ epoch 101: cos {'ALIFCell_0.input_weights': '0.980', 'ALIFCell_0.recurrent_weights': '0.996', 'ReadOut_0.readout_weights': '0.000'}
[2026-06-02 17:47:12,149][src.modRNN.training.alignment][INFO] -   align diffusion_aligned @ epoch 101: cos {'ALIFCell_0.input_weights': '0.930', 'ALIFCell_0.recurrent_weights': '0.950', 'ReadOut_0.readout_weights': '0.000'}
[2026-06-02 17:47:12,609][src.modRNN.training.alignment][INFO] -   align diffusion_per_step @ epoch 101: cos {'ALIFCell_0.input_weights': '0.968', 'ALIFCell_0.recurrent_weights': '0.995', 'ReadOut_0.readout_weights': '0.000'}
[2026-06-02 17:47:12,914][src.modRNN.training.alignment][INFO] -   align diffusion_fixed @ epoch 101: cos {'ALIFCell_0.input_weights': '1.018', 'ALIFCell_0.recurrent_weights': '1.055', 'ReadOut_0.readout_weights': '0.000'}
[2026-06-02 17:47:20,558][src.modRNN.training.alignment][INFO] - epoch 125  train loss=0.0462  (rule: diffusion)
[2026-06-02 17:47:28,548][src.modRNN.training.alignment][INFO] - epoch 150  train loss=0.0380  (rule: diffusion)
[2026-06-02 17:47:29,072][src.modRNN.training.alignment][INFO] -   align BPTT @ epoch 151: cos {'ALIFCell_0.input_weights': '0.000', 'ALIFCell_0.recurrent_weights': '0.000', 'ReadOut_0.readout_weights': '0.000'}
[2026-06-02 17:47:29,341][src.modRNN.training.alignment][INFO] -   align eprop @ epoch 151: cos {'ALIFCell_0.input_weights': '0.863', 'ALIFCell_0.recurrent_weights': '0.884', 'ReadOut_0.readout_weights': '0.000'}
[2026-06-02 17:47:29,652][src.modRNN.training.alignment][INFO] -   align diffusion_aligned @ epoch 151: cos {'ALIFCell_0.input_weights': '0.792', 'ALIFCell_0.recurrent_weights': '0.793', 'ReadOut_0.readout_weights': '0.000'}
[2026-06-02 17:47:30,114][src.modRNN.training.alignment][INFO] -   align diffusion_per_step @ epoch 151: cos {'ALIFCell_0.input_weights': '0.849', 'ALIFCell_0.recurrent_weights': '0.871', 'ReadOut_0.readout_weights': '0.000'}
[2026-06-02 17:47:30,420][src.modRNN.training.alignment][INFO] -   align diffusion_fixed @ epoch 151: cos {'ALIFCell_0.input_weights': '0.903', 'ALIFCell_0.recurrent_weights': '0.955', 'ReadOut_0.readout_weights': '0.000'}
[2026-06-02 17:47:38,079][src.modRNN.training.alignment][INFO] - epoch 175  train loss=0.0323  (rule: diffusion)
[2026-06-02 17:47:46,059][src.modRNN.training.alignment][INFO] - epoch 200  train loss=0.0296  (rule: diffusion)
[2026-06-02 17:47:46,583][src.modRNN.training.alignment][INFO] -   align BPTT @ epoch 201: cos {'ALIFCell_0.input_weights': '0.000', 'ALIFCell_0.recurrent_weights': '0.000', 'ReadOut_0.readout_weights': '0.000'}
[2026-06-02 17:47:46,851][src.modRNN.training.alignment][INFO] -   align eprop @ epoch 201: cos {'ALIFCell_0.input_weights': '0.801', 'ALIFCell_0.recurrent_weights': '0.840', 'ReadOut_0.readout_weights': '0.000'}
[2026-06-02 17:47:47,163][src.modRNN.training.alignment][INFO] -   align diffusion_aligned @ epoch 201: cos {'ALIFCell_0.input_weights': '0.728', 'ALIFCell_0.recurrent_weights': '0.755', 'ReadOut_0.readout_weights': '0.000'}
[2026-06-02 17:47:47,625][src.modRNN.training.alignment][INFO] -   align diffusion_per_step @ epoch 201: cos {'ALIFCell_0.input_weights': '0.789', 'ALIFCell_0.recurrent_weights': '0.830', 'ReadOut_0.readout_weights': '0.000'}
[2026-06-02 17:47:47,932][src.modRNN.training.alignment][INFO] -   align diffusion_fixed @ epoch 201: cos {'ALIFCell_0.input_weights': '0.841', 'ALIFCell_0.recurrent_weights': '0.905', 'ReadOut_0.readout_weights': '0.000'}
[2026-06-02 17:47:55,598][src.modRNN.training.alignment][INFO] - epoch 225  train loss=0.0325  (rule: diffusion)
[2026-06-02 17:48:03,582][src.modRNN.training.alignment][INFO] - epoch 250  train loss=0.0300  (rule: diffusion)
[2026-06-02 17:48:04,106][src.modRNN.training.alignment][INFO] -   align BPTT @ epoch 251: cos {'ALIFCell_0.input_weights': '0.000', 'ALIFCell_0.recurrent_weights': '0.000', 'ReadOut_0.readout_weights': '0.000'}
[2026-06-02 17:48:04,374][src.modRNN.training.alignment][INFO] -   align eprop @ epoch 251: cos {'ALIFCell_0.input_weights': '0.828', 'ALIFCell_0.recurrent_weights': '0.864', 'ReadOut_0.readout_weights': '0.000'}
[2026-06-02 17:48:04,685][src.modRNN.training.alignment][INFO] -   align diffusion_aligned @ epoch 251: cos {'ALIFCell_0.input_weights': '0.754', 'ALIFCell_0.recurrent_weights': '0.786', 'ReadOut_0.readout_weights': '0.000'}
[2026-06-02 17:48:05,148][src.modRNN.training.alignment][INFO] -   align diffusion_per_step @ epoch 251: cos {'ALIFCell_0.input_weights': '0.817', 'ALIFCell_0.recurrent_weights': '0.854', 'ReadOut_0.readout_weights': '0.000'}
[2026-06-02 17:48:05,454][src.modRNN.training.alignment][INFO] -   align diffusion_fixed @ epoch 251: cos {'ALIFCell_0.input_weights': '0.872', 'ALIFCell_0.recurrent_weights': '0.924', 'ReadOut_0.readout_weights': '0.000'}
[2026-06-02 17:48:13,130][src.modRNN.training.alignment][INFO] - epoch 275  train loss=0.0254  (rule: diffusion)
[2026-06-02 17:48:21,119][src.modRNN.training.alignment][INFO] - epoch 300  train loss=0.0222  (rule: diffusion)
[2026-06-02 17:48:21,643][src.modRNN.training.alignment][INFO] -   align BPTT @ epoch 301: cos {'ALIFCell_0.input_weights': '0.000', 'ALIFCell_0.recurrent_weights': '0.000', 'ReadOut_0.readout_weights': '0.000'}
[2026-06-02 17:48:21,912][src.modRNN.training.alignment][INFO] -   align eprop @ epoch 301: cos {'ALIFCell_0.input_weights': '0.926', 'ALIFCell_0.recurrent_weights': '0.906', 'ReadOut_0.readout_weights': '0.000'}
[2026-06-02 17:48:22,223][src.modRNN.training.alignment][INFO] -   align diffusion_aligned @ epoch 301: cos {'ALIFCell_0.input_weights': '0.876', 'ALIFCell_0.recurrent_weights': '0.826', 'ReadOut_0.readout_weights': '0.000'}
[2026-06-02 17:48:22,686][src.modRNN.training.alignment][INFO] -   align diffusion_per_step @ epoch 301: cos {'ALIFCell_0.input_weights': '0.916', 'ALIFCell_0.recurrent_weights': '0.884', 'ReadOut_0.readout_weights': '0.000'}
[2026-06-02 17:48:22,992][src.modRNN.training.alignment][INFO] -   align diffusion_fixed @ epoch 301: cos {'ALIFCell_0.input_weights': '0.967', 'ALIFCell_0.recurrent_weights': '0.960', 'ReadOut_0.readout_weights': '0.000'}
[2026-06-02 17:48:30,667][src.modRNN.training.alignment][INFO] - epoch 325  train loss=0.0335  (rule: diffusion)
[2026-06-02 17:48:38,664][src.modRNN.training.alignment][INFO] - epoch 350  train loss=0.0197  (rule: diffusion)
[2026-06-02 17:48:39,190][src.modRNN.training.alignment][INFO] -   align BPTT @ epoch 351: cos {'ALIFCell_0.input_weights': '0.000', 'ALIFCell_0.recurrent_weights': '0.000', 'ReadOut_0.readout_weights': '0.000'}
[2026-06-02 17:48:39,458][src.modRNN.training.alignment][INFO] -   align eprop @ epoch 351: cos {'ALIFCell_0.input_weights': '0.956', 'ALIFCell_0.recurrent_weights': '1.026', 'ReadOut_0.readout_weights': '0.000'}
[2026-06-02 17:48:39,770][src.modRNN.training.alignment][INFO] -   align diffusion_aligned @ epoch 351: cos {'ALIFCell_0.input_weights': '0.924', 'ALIFCell_0.recurrent_weights': '0.977', 'ReadOut_0.readout_weights': '0.000'}
[2026-06-02 17:48:40,234][src.modRNN.training.alignment][INFO] -   align diffusion_per_step @ epoch 351: cos {'ALIFCell_0.input_weights': '0.957', 'ALIFCell_0.recurrent_weights': '1.031', 'ReadOut_0.readout_weights': '0.000'}
[2026-06-02 17:48:40,541][src.modRNN.training.alignment][INFO] -   align diffusion_fixed @ epoch 351: cos {'ALIFCell_0.input_weights': '1.002', 'ALIFCell_0.recurrent_weights': '1.061', 'ReadOut_0.readout_weights': '0.000'}
[2026-06-02 17:48:48,214][src.modRNN.training.alignment][INFO] - epoch 375  train loss=0.0191  (rule: diffusion)
[2026-06-02 17:48:56,209][src.modRNN.training.alignment][INFO] - epoch 400  train loss=0.0172  (rule: diffusion)
[2026-06-02 17:48:56,733][src.modRNN.training.alignment][INFO] -   align BPTT @ epoch 401: cos {'ALIFCell_0.input_weights': '0.000', 'ALIFCell_0.recurrent_weights': '0.000', 'ReadOut_0.readout_weights': '0.000'}
[2026-06-02 17:48:57,001][src.modRNN.training.alignment][INFO] -   align eprop @ epoch 401: cos {'ALIFCell_0.input_weights': '0.852', 'ALIFCell_0.recurrent_weights': '0.883', 'ReadOut_0.readout_weights': '0.000'}
[2026-06-02 17:48:57,313][src.modRNN.training.alignment][INFO] -   align diffusion_aligned @ epoch 401: cos {'ALIFCell_0.input_weights': '0.782', 'ALIFCell_0.recurrent_weights': '0.809', 'ReadOut_0.readout_weights': '0.000'}
[2026-06-02 17:48:57,775][src.modRNN.training.alignment][INFO] -   align diffusion_per_step @ epoch 401: cos {'ALIFCell_0.input_weights': '0.842', 'ALIFCell_0.recurrent_weights': '0.871', 'ReadOut_0.readout_weights': '0.000'}
[2026-06-02 17:48:58,082][src.modRNN.training.alignment][INFO] -   align diffusion_fixed @ epoch 401: cos {'ALIFCell_0.input_weights': '0.900', 'ALIFCell_0.recurrent_weights': '0.947', 'ReadOut_0.readout_weights': '0.000'}
[2026-06-02 17:49:05,758][src.modRNN.training.alignment][INFO] - epoch 425  train loss=0.0193  (rule: diffusion)
[2026-06-02 17:49:13,758][src.modRNN.training.alignment][INFO] - epoch 450  train loss=0.0229  (rule: diffusion)
[2026-06-02 17:49:14,283][src.modRNN.training.alignment][INFO] -   align BPTT @ epoch 451: cos {'ALIFCell_0.input_weights': '0.000', 'ALIFCell_0.recurrent_weights': '0.000', 'ReadOut_0.readout_weights': '0.000'}
[2026-06-02 17:49:14,551][src.modRNN.training.alignment][INFO] -   align eprop @ epoch 451: cos {'ALIFCell_0.input_weights': '0.850', 'ALIFCell_0.recurrent_weights': '0.873', 'ReadOut_0.readout_weights': '0.000'}
[2026-06-02 17:49:14,862][src.modRNN.training.alignment][INFO] -   align diffusion_aligned @ epoch 451: cos {'ALIFCell_0.input_weights': '0.788', 'ALIFCell_0.recurrent_weights': '0.810', 'ReadOut_0.readout_weights': '0.000'}
[2026-06-02 17:49:15,324][src.modRNN.training.alignment][INFO] -   align diffusion_per_step @ epoch 451: cos {'ALIFCell_0.input_weights': '0.843', 'ALIFCell_0.recurrent_weights': '0.863', 'ReadOut_0.readout_weights': '0.000'}
[2026-06-02 17:49:15,630][src.modRNN.training.alignment][INFO] -   align diffusion_fixed @ epoch 451: cos {'ALIFCell_0.input_weights': '0.896', 'ALIFCell_0.recurrent_weights': '0.934', 'ReadOut_0.readout_weights': '0.000'}
[2026-06-02 17:49:23,305][src.modRNN.training.alignment][INFO] - epoch 475  train loss=0.0159  (rule: diffusion)
[2026-06-02 17:49:31,294][src.modRNN.training.alignment][INFO] - epoch 500  train loss=0.0185  (rule: diffusion)
[2026-06-02 17:49:31,818][src.modRNN.training.alignment][INFO] -   align BPTT @ epoch 501: cos {'ALIFCell_0.input_weights': '0.000', 'ALIFCell_0.recurrent_weights': '0.000', 'ReadOut_0.readout_weights': '0.000'}
[2026-06-02 17:49:32,086][src.modRNN.training.alignment][INFO] -   align eprop @ epoch 501: cos {'ALIFCell_0.input_weights': '0.860', 'ALIFCell_0.recurrent_weights': '0.881', 'ReadOut_0.readout_weights': '0.000'}
[2026-06-02 17:49:32,398][src.modRNN.training.alignment][INFO] -   align diffusion_aligned @ epoch 501: cos {'ALIFCell_0.input_weights': '0.804', 'ALIFCell_0.recurrent_weights': '0.813', 'ReadOut_0.readout_weights': '0.000'}
[2026-06-02 17:49:32,862][src.modRNN.training.alignment][INFO] -   align diffusion_per_step @ epoch 501: cos {'ALIFCell_0.input_weights': '0.853', 'ALIFCell_0.recurrent_weights': '0.872', 'ReadOut_0.readout_weights': '0.000'}
[2026-06-02 17:49:33,169][src.modRNN.training.alignment][INFO] -   align diffusion_fixed @ epoch 501: cos {'ALIFCell_0.input_weights': '0.901', 'ALIFCell_0.recurrent_weights': '0.933', 'ReadOut_0.readout_weights': '0.000'}
[2026-06-02 17:49:40,842][src.modRNN.training.alignment][INFO] - epoch 525  train loss=0.0168  (rule: diffusion)
[2026-06-02 17:49:48,836][src.modRNN.training.alignment][INFO] - epoch 550  train loss=0.0179  (rule: diffusion)
[2026-06-02 17:49:49,360][src.modRNN.training.alignment][INFO] -   align BPTT @ epoch 551: cos {'ALIFCell_0.input_weights': '0.000', 'ALIFCell_0.recurrent_weights': '0.000', 'ReadOut_0.readout_weights': '0.000'}
[2026-06-02 17:49:49,629][src.modRNN.training.alignment][INFO] -   align eprop @ epoch 551: cos {'ALIFCell_0.input_weights': '0.852', 'ALIFCell_0.recurrent_weights': '0.871', 'ReadOut_0.readout_weights': '0.000'}
[2026-06-02 17:49:49,941][src.modRNN.training.alignment][INFO] -   align diffusion_aligned @ epoch 551: cos {'ALIFCell_0.input_weights': '0.792', 'ALIFCell_0.recurrent_weights': '0.805', 'ReadOut_0.readout_weights': '0.000'}
[2026-06-02 17:49:50,403][src.modRNN.training.alignment][INFO] -   align diffusion_per_step @ epoch 551: cos {'ALIFCell_0.input_weights': '0.847', 'ALIFCell_0.recurrent_weights': '0.865', 'ReadOut_0.readout_weights': '0.000'}
[2026-06-02 17:49:50,710][src.modRNN.training.alignment][INFO] -   align diffusion_fixed @ epoch 551: cos {'ALIFCell_0.input_weights': '0.893', 'ALIFCell_0.recurrent_weights': '0.920', 'ReadOut_0.readout_weights': '0.000'}
[2026-06-02 17:49:58,385][src.modRNN.training.alignment][INFO] - epoch 575  train loss=0.0146  (rule: diffusion)
[2026-06-02 17:50:06,379][src.modRNN.training.alignment][INFO] - epoch 600  train loss=0.0139  (rule: diffusion)
[2026-06-02 17:50:06,903][src.modRNN.training.alignment][INFO] -   align BPTT @ epoch 601: cos {'ALIFCell_0.input_weights': '0.000', 'ALIFCell_0.recurrent_weights': '0.000', 'ReadOut_0.readout_weights': '0.000'}
[2026-06-02 17:50:07,171][src.modRNN.training.alignment][INFO] -   align eprop @ epoch 601: cos {'ALIFCell_0.input_weights': '0.870', 'ALIFCell_0.recurrent_weights': '0.875', 'ReadOut_0.readout_weights': '0.000'}
[2026-06-02 17:50:07,482][src.modRNN.training.alignment][INFO] -   align diffusion_aligned @ epoch 601: cos {'ALIFCell_0.input_weights': '0.833', 'ALIFCell_0.recurrent_weights': '0.836', 'ReadOut_0.readout_weights': '0.000'}
[2026-06-02 17:50:07,944][src.modRNN.training.alignment][INFO] -   align diffusion_per_step @ epoch 601: cos {'ALIFCell_0.input_weights': '0.867', 'ALIFCell_0.recurrent_weights': '0.865', 'ReadOut_0.readout_weights': '0.000'}
[2026-06-02 17:50:08,250][src.modRNN.training.alignment][INFO] -   align diffusion_fixed @ epoch 601: cos {'ALIFCell_0.input_weights': '0.902', 'ALIFCell_0.recurrent_weights': '0.921', 'ReadOut_0.readout_weights': '0.000'}
[2026-06-02 17:50:15,939][src.modRNN.training.alignment][INFO] - epoch 625  train loss=0.0123  (rule: diffusion)
[2026-06-02 17:50:23,968][src.modRNN.training.alignment][INFO] - epoch 650  train loss=0.0107  (rule: diffusion)
[2026-06-02 17:50:24,494][src.modRNN.training.alignment][INFO] -   align BPTT @ epoch 651: cos {'ALIFCell_0.input_weights': '0.000', 'ALIFCell_0.recurrent_weights': '0.000', 'ReadOut_0.readout_weights': '0.000'}
[2026-06-02 17:50:24,764][src.modRNN.training.alignment][INFO] -   align eprop @ epoch 651: cos {'ALIFCell_0.input_weights': '0.856', 'ALIFCell_0.recurrent_weights': '0.862', 'ReadOut_0.readout_weights': '0.000'}
[2026-06-02 17:50:25,077][src.modRNN.training.alignment][INFO] -   align diffusion_aligned @ epoch 651: cos {'ALIFCell_0.input_weights': '0.814', 'ALIFCell_0.recurrent_weights': '0.827', 'ReadOut_0.readout_weights': '0.000'}
[2026-06-02 17:50:25,541][src.modRNN.training.alignment][INFO] -   align diffusion_per_step @ epoch 651: cos {'ALIFCell_0.input_weights': '0.852', 'ALIFCell_0.recurrent_weights': '0.857', 'ReadOut_0.readout_weights': '0.000'}
[2026-06-02 17:50:25,849][src.modRNN.training.alignment][INFO] -   align diffusion_fixed @ epoch 651: cos {'ALIFCell_0.input_weights': '0.900', 'ALIFCell_0.recurrent_weights': '0.910', 'ReadOut_0.readout_weights': '0.000'}
[2026-06-02 17:50:33,568][src.modRNN.training.alignment][INFO] - epoch 675  train loss=0.0136  (rule: diffusion)
[2026-06-02 17:50:41,605][src.modRNN.training.alignment][INFO] - epoch 700  train loss=0.0138  (rule: diffusion)
[2026-06-02 17:50:42,133][src.modRNN.training.alignment][INFO] -   align BPTT @ epoch 701: cos {'ALIFCell_0.input_weights': '0.000', 'ALIFCell_0.recurrent_weights': '0.000', 'ReadOut_0.readout_weights': '0.000'}
[2026-06-02 17:50:42,403][src.modRNN.training.alignment][INFO] -   align eprop @ epoch 701: cos {'ALIFCell_0.input_weights': '0.864', 'ALIFCell_0.recurrent_weights': '0.903', 'ReadOut_0.readout_weights': '0.000'}
[2026-06-02 17:50:42,715][src.modRNN.training.alignment][INFO] -   align diffusion_aligned @ epoch 701: cos {'ALIFCell_0.input_weights': '0.809', 'ALIFCell_0.recurrent_weights': '0.830', 'ReadOut_0.readout_weights': '0.000'}
[2026-06-02 17:50:43,180][src.modRNN.training.alignment][INFO] -   align diffusion_per_step @ epoch 701: cos {'ALIFCell_0.input_weights': '0.857', 'ALIFCell_0.recurrent_weights': '0.892', 'ReadOut_0.readout_weights': '0.000'}
[2026-06-02 17:50:43,487][src.modRNN.training.alignment][INFO] -   align diffusion_fixed @ epoch 701: cos {'ALIFCell_0.input_weights': '0.898', 'ALIFCell_0.recurrent_weights': '0.945', 'ReadOut_0.readout_weights': '0.000'}
[2026-06-02 17:50:51,192][src.modRNN.training.alignment][INFO] - epoch 725  train loss=0.0105  (rule: diffusion)
[2026-06-02 17:50:59,224][src.modRNN.training.alignment][INFO] - epoch 750  train loss=0.0109  (rule: diffusion)
[2026-06-02 17:50:59,750][src.modRNN.training.alignment][INFO] -   align BPTT @ epoch 751: cos {'ALIFCell_0.input_weights': '0.000', 'ALIFCell_0.recurrent_weights': '0.000', 'ReadOut_0.readout_weights': '0.000'}
[2026-06-02 17:51:00,019][src.modRNN.training.alignment][INFO] -   align eprop @ epoch 751: cos {'ALIFCell_0.input_weights': '0.874', 'ALIFCell_0.recurrent_weights': '0.880', 'ReadOut_0.readout_weights': '0.000'}
[2026-06-02 17:51:00,332][src.modRNN.training.alignment][INFO] -   align diffusion_aligned @ epoch 751: cos {'ALIFCell_0.input_weights': '0.820', 'ALIFCell_0.recurrent_weights': '0.823', 'ReadOut_0.readout_weights': '0.000'}
[2026-06-02 17:51:00,797][src.modRNN.training.alignment][INFO] -   align diffusion_per_step @ epoch 751: cos {'ALIFCell_0.input_weights': '0.868', 'ALIFCell_0.recurrent_weights': '0.872', 'ReadOut_0.readout_weights': '0.000'}
[2026-06-02 17:51:01,104][src.modRNN.training.alignment][INFO] -   align diffusion_fixed @ epoch 751: cos {'ALIFCell_0.input_weights': '0.905', 'ALIFCell_0.recurrent_weights': '0.922', 'ReadOut_0.readout_weights': '0.000'}
[2026-06-02 17:51:08,812][src.modRNN.training.alignment][INFO] - epoch 775  train loss=0.0100  (rule: diffusion)
[2026-06-02 17:51:16,831][src.modRNN.training.alignment][INFO] - epoch 800  train loss=0.0148  (rule: diffusion)
[2026-06-02 17:51:17,358][src.modRNN.training.alignment][INFO] -   align BPTT @ epoch 801: cos {'ALIFCell_0.input_weights': '0.000', 'ALIFCell_0.recurrent_weights': '0.000', 'ReadOut_0.readout_weights': '0.000'}
[2026-06-02 17:51:17,628][src.modRNN.training.alignment][INFO] -   align eprop @ epoch 801: cos {'ALIFCell_0.input_weights': '0.875', 'ALIFCell_0.recurrent_weights': '0.897', 'ReadOut_0.readout_weights': '0.000'}
[2026-06-02 17:51:17,941][src.modRNN.training.alignment][INFO] -   align diffusion_aligned @ epoch 801: cos {'ALIFCell_0.input_weights': '0.826', 'ALIFCell_0.recurrent_weights': '0.831', 'ReadOut_0.readout_weights': '0.000'}
[2026-06-02 17:51:18,406][src.modRNN.training.alignment][INFO] -   align diffusion_per_step @ epoch 801: cos {'ALIFCell_0.input_weights': '0.869', 'ALIFCell_0.recurrent_weights': '0.885', 'ReadOut_0.readout_weights': '0.000'}
[2026-06-02 17:51:18,713][src.modRNN.training.alignment][INFO] -   align diffusion_fixed @ epoch 801: cos {'ALIFCell_0.input_weights': '0.900', 'ALIFCell_0.recurrent_weights': '0.929', 'ReadOut_0.readout_weights': '0.000'}
[2026-06-02 17:51:26,420][src.modRNN.training.alignment][INFO] - epoch 825  train loss=0.0132  (rule: diffusion)
[2026-06-02 17:51:34,454][src.modRNN.training.alignment][INFO] - epoch 850  train loss=0.0108  (rule: diffusion)
[2026-06-02 17:51:34,980][src.modRNN.training.alignment][INFO] -   align BPTT @ epoch 851: cos {'ALIFCell_0.input_weights': '0.000', 'ALIFCell_0.recurrent_weights': '0.000', 'ReadOut_0.readout_weights': '0.000'}
[2026-06-02 17:51:35,250][src.modRNN.training.alignment][INFO] -   align eprop @ epoch 851: cos {'ALIFCell_0.input_weights': '0.873', 'ALIFCell_0.recurrent_weights': '0.902', 'ReadOut_0.readout_weights': '0.000'}
[2026-06-02 17:51:35,563][src.modRNN.training.alignment][INFO] -   align diffusion_aligned @ epoch 851: cos {'ALIFCell_0.input_weights': '0.821', 'ALIFCell_0.recurrent_weights': '0.833', 'ReadOut_0.readout_weights': '0.000'}
[2026-06-02 17:51:36,028][src.modRNN.training.alignment][INFO] -   align diffusion_per_step @ epoch 851: cos {'ALIFCell_0.input_weights': '0.867', 'ALIFCell_0.recurrent_weights': '0.891', 'ReadOut_0.readout_weights': '0.000'}
[2026-06-02 17:51:36,337][src.modRNN.training.alignment][INFO] -   align diffusion_fixed @ epoch 851: cos {'ALIFCell_0.input_weights': '0.899', 'ALIFCell_0.recurrent_weights': '0.938', 'ReadOut_0.readout_weights': '0.000'}
[2026-06-02 17:51:44,050][src.modRNN.training.alignment][INFO] - epoch 875  train loss=0.0103  (rule: diffusion)
[2026-06-02 17:51:52,082][src.modRNN.training.alignment][INFO] - epoch 900  train loss=0.0112  (rule: diffusion)
[2026-06-02 17:51:52,608][src.modRNN.training.alignment][INFO] -   align BPTT @ epoch 901: cos {'ALIFCell_0.input_weights': '0.000', 'ALIFCell_0.recurrent_weights': '0.000', 'ReadOut_0.readout_weights': '0.000'}
[2026-06-02 17:51:52,877][src.modRNN.training.alignment][INFO] -   align eprop @ epoch 901: cos {'ALIFCell_0.input_weights': '0.848', 'ALIFCell_0.recurrent_weights': '0.872', 'ReadOut_0.readout_weights': '0.000'}
[2026-06-02 17:51:53,191][src.modRNN.training.alignment][INFO] -   align diffusion_aligned @ epoch 901: cos {'ALIFCell_0.input_weights': '0.811', 'ALIFCell_0.recurrent_weights': '0.841', 'ReadOut_0.readout_weights': '0.000'}
[2026-06-02 17:51:53,655][src.modRNN.training.alignment][INFO] -   align diffusion_per_step @ epoch 901: cos {'ALIFCell_0.input_weights': '0.842', 'ALIFCell_0.recurrent_weights': '0.864', 'ReadOut_0.readout_weights': '0.000'}
[2026-06-02 17:51:53,963][src.modRNN.training.alignment][INFO] -   align diffusion_fixed @ epoch 901: cos {'ALIFCell_0.input_weights': '0.877', 'ALIFCell_0.recurrent_weights': '0.903', 'ReadOut_0.readout_weights': '0.000'}
[2026-06-02 17:52:01,661][src.modRNN.training.alignment][INFO] - epoch 925  train loss=0.0092  (rule: diffusion)
[2026-06-02 17:52:09,687][src.modRNN.training.alignment][INFO] - epoch 950  train loss=0.0097  (rule: diffusion)
[2026-06-02 17:52:10,213][src.modRNN.training.alignment][INFO] -   align BPTT @ epoch 951: cos {'ALIFCell_0.input_weights': '0.000', 'ALIFCell_0.recurrent_weights': '0.000', 'ReadOut_0.readout_weights': '0.000'}
[2026-06-02 17:52:10,483][src.modRNN.training.alignment][INFO] -   align eprop @ epoch 951: cos {'ALIFCell_0.input_weights': '0.847', 'ALIFCell_0.recurrent_weights': '0.869', 'ReadOut_0.readout_weights': '0.000'}
[2026-06-02 17:52:10,795][src.modRNN.training.alignment][INFO] -   align diffusion_aligned @ epoch 951: cos {'ALIFCell_0.input_weights': '0.803', 'ALIFCell_0.recurrent_weights': '0.828', 'ReadOut_0.readout_weights': '0.000'}
[2026-06-02 17:52:11,259][src.modRNN.training.alignment][INFO] -   align diffusion_per_step @ epoch 951: cos {'ALIFCell_0.input_weights': '0.843', 'ALIFCell_0.recurrent_weights': '0.862', 'ReadOut_0.readout_weights': '0.000'}
[2026-06-02 17:52:11,566][src.modRNN.training.alignment][INFO] -   align diffusion_fixed @ epoch 951: cos {'ALIFCell_0.input_weights': '0.879', 'ALIFCell_0.recurrent_weights': '0.908', 'ReadOut_0.readout_weights': '0.000'}
[2026-06-02 17:52:19,276][src.modRNN.training.alignment][INFO] - epoch 975  train loss=0.0097  (rule: diffusion)
[2026-06-02 17:52:27,312][src.modRNN.training.alignment][INFO] - epoch 1000  train loss=0.0077  (rule: diffusion)
[2026-06-02 17:52:27,838][src.modRNN.training.alignment][INFO] -   align BPTT @ epoch 1001: cos {'ALIFCell_0.input_weights': '0.000', 'ALIFCell_0.recurrent_weights': '0.000', 'ReadOut_0.readout_weights': '0.000'}
[2026-06-02 17:52:28,108][src.modRNN.training.alignment][INFO] -   align eprop @ epoch 1001: cos {'ALIFCell_0.input_weights': '0.853', 'ALIFCell_0.recurrent_weights': '0.889', 'ReadOut_0.readout_weights': '0.000'}
[2026-06-02 17:52:28,421][src.modRNN.training.alignment][INFO] -   align diffusion_aligned @ epoch 1001: cos {'ALIFCell_0.input_weights': '0.802', 'ALIFCell_0.recurrent_weights': '0.833', 'ReadOut_0.readout_weights': '0.000'}
[2026-06-02 17:52:28,885][src.modRNN.training.alignment][INFO] -   align diffusion_per_step @ epoch 1001: cos {'ALIFCell_0.input_weights': '0.847', 'ALIFCell_0.recurrent_weights': '0.882', 'ReadOut_0.readout_weights': '0.000'}
[2026-06-02 17:52:29,192][src.modRNN.training.alignment][INFO] -   align diffusion_fixed @ epoch 1001: cos {'ALIFCell_0.input_weights': '0.890', 'ALIFCell_0.recurrent_weights': '0.933', 'ReadOut_0.readout_weights': '0.000'}
[2026-06-02 17:52:36,884][src.modRNN.training.alignment][INFO] - epoch 1025  train loss=0.0074  (rule: diffusion)
[2026-06-02 17:52:44,899][src.modRNN.training.alignment][INFO] - epoch 1050  train loss=0.0112  (rule: diffusion)
[2026-06-02 17:52:45,425][src.modRNN.training.alignment][INFO] -   align BPTT @ epoch 1051: cos {'ALIFCell_0.input_weights': '0.000', 'ALIFCell_0.recurrent_weights': '0.000', 'ReadOut_0.readout_weights': '0.000'}
[2026-06-02 17:52:45,695][src.modRNN.training.alignment][INFO] -   align eprop @ epoch 1051: cos {'ALIFCell_0.input_weights': '0.847', 'ALIFCell_0.recurrent_weights': '0.876', 'ReadOut_0.readout_weights': '0.000'}
[2026-06-02 17:52:46,007][src.modRNN.training.alignment][INFO] -   align diffusion_aligned @ epoch 1051: cos {'ALIFCell_0.input_weights': '0.801', 'ALIFCell_0.recurrent_weights': '0.831', 'ReadOut_0.readout_weights': '0.000'}
[2026-06-02 17:52:46,473][src.modRNN.training.alignment][INFO] -   align diffusion_per_step @ epoch 1051: cos {'ALIFCell_0.input_weights': '0.841', 'ALIFCell_0.recurrent_weights': '0.868', 'ReadOut_0.readout_weights': '0.000'}
[2026-06-02 17:52:46,780][src.modRNN.training.alignment][INFO] -   align diffusion_fixed @ epoch 1051: cos {'ALIFCell_0.input_weights': '0.878', 'ALIFCell_0.recurrent_weights': '0.913', 'ReadOut_0.readout_weights': '0.000'}
[2026-06-02 17:52:54,488][src.modRNN.training.alignment][INFO] - epoch 1075  train loss=0.0081  (rule: diffusion)
[2026-06-02 17:53:02,516][src.modRNN.training.alignment][INFO] - epoch 1100  train loss=0.0161  (rule: diffusion)
[2026-06-02 17:53:03,043][src.modRNN.training.alignment][INFO] -   align BPTT @ epoch 1101: cos {'ALIFCell_0.input_weights': '0.000', 'ALIFCell_0.recurrent_weights': '0.000', 'ReadOut_0.readout_weights': '0.000'}
[2026-06-02 17:53:03,313][src.modRNN.training.alignment][INFO] -   align eprop @ epoch 1101: cos {'ALIFCell_0.input_weights': '0.848', 'ALIFCell_0.recurrent_weights': '0.868', 'ReadOut_0.readout_weights': '0.000'}
[2026-06-02 17:53:03,625][src.modRNN.training.alignment][INFO] -   align diffusion_aligned @ epoch 1101: cos {'ALIFCell_0.input_weights': '0.804', 'ALIFCell_0.recurrent_weights': '0.828', 'ReadOut_0.readout_weights': '0.000'}
[2026-06-02 17:53:04,091][src.modRNN.training.alignment][INFO] -   align diffusion_per_step @ epoch 1101: cos {'ALIFCell_0.input_weights': '0.843', 'ALIFCell_0.recurrent_weights': '0.861', 'ReadOut_0.readout_weights': '0.000'}
[2026-06-02 17:53:04,398][src.modRNN.training.alignment][INFO] -   align diffusion_fixed @ epoch 1101: cos {'ALIFCell_0.input_weights': '0.880', 'ALIFCell_0.recurrent_weights': '0.909', 'ReadOut_0.readout_weights': '0.000'}
[2026-06-02 17:53:12,102][src.modRNN.training.alignment][INFO] - epoch 1125  train loss=0.0074  (rule: diffusion)
[2026-06-02 17:53:20,130][src.modRNN.training.alignment][INFO] - epoch 1150  train loss=0.0073  (rule: diffusion)
[2026-06-02 17:53:20,658][src.modRNN.training.alignment][INFO] -   align BPTT @ epoch 1151: cos {'ALIFCell_0.input_weights': '0.000', 'ALIFCell_0.recurrent_weights': '0.000', 'ReadOut_0.readout_weights': '0.000'}
[2026-06-02 17:53:20,928][src.modRNN.training.alignment][INFO] -   align eprop @ epoch 1151: cos {'ALIFCell_0.input_weights': '0.828', 'ALIFCell_0.recurrent_weights': '0.876', 'ReadOut_0.readout_weights': '0.000'}
[2026-06-02 17:53:21,241][src.modRNN.training.alignment][INFO] -   align diffusion_aligned @ epoch 1151: cos {'ALIFCell_0.input_weights': '0.786', 'ALIFCell_0.recurrent_weights': '0.850', 'ReadOut_0.readout_weights': '0.000'}
[2026-06-02 17:53:21,706][src.modRNN.training.alignment][INFO] -   align diffusion_per_step @ epoch 1151: cos {'ALIFCell_0.input_weights': '0.822', 'ALIFCell_0.recurrent_weights': '0.869', 'ReadOut_0.readout_weights': '0.000'}
[2026-06-02 17:53:22,014][src.modRNN.training.alignment][INFO] -   align diffusion_fixed @ epoch 1151: cos {'ALIFCell_0.input_weights': '0.870', 'ALIFCell_0.recurrent_weights': '0.927', 'ReadOut_0.readout_weights': '0.000'}
[2026-06-02 17:53:29,710][src.modRNN.training.alignment][INFO] - epoch 1175  train loss=0.0085  (rule: diffusion)
[2026-06-02 17:53:37,731][src.modRNN.training.alignment][INFO] - epoch 1200  train loss=0.0069  (rule: diffusion)
[2026-06-02 17:53:38,260][src.modRNN.training.alignment][INFO] -   align BPTT @ epoch 1201: cos {'ALIFCell_0.input_weights': '0.000', 'ALIFCell_0.recurrent_weights': '0.000', 'ReadOut_0.readout_weights': '0.000'}
[2026-06-02 17:53:38,529][src.modRNN.training.alignment][INFO] -   align eprop @ epoch 1201: cos {'ALIFCell_0.input_weights': '0.869', 'ALIFCell_0.recurrent_weights': '0.897', 'ReadOut_0.readout_weights': '0.000'}
[2026-06-02 17:53:38,842][src.modRNN.training.alignment][INFO] -   align diffusion_aligned @ epoch 1201: cos {'ALIFCell_0.input_weights': '0.823', 'ALIFCell_0.recurrent_weights': '0.850', 'ReadOut_0.readout_weights': '0.000'}
[2026-06-02 17:53:39,306][src.modRNN.training.alignment][INFO] -   align diffusion_per_step @ epoch 1201: cos {'ALIFCell_0.input_weights': '0.865', 'ALIFCell_0.recurrent_weights': '0.892', 'ReadOut_0.readout_weights': '0.000'}
[2026-06-02 17:53:39,614][src.modRNN.training.alignment][INFO] -   align diffusion_fixed @ epoch 1201: cos {'ALIFCell_0.input_weights': '0.897', 'ALIFCell_0.recurrent_weights': '0.933', 'ReadOut_0.readout_weights': '0.000'}
[2026-06-02 17:53:47,315][src.modRNN.training.alignment][INFO] - epoch 1225  train loss=0.0119  (rule: diffusion)
[2026-06-02 17:53:55,342][src.modRNN.training.alignment][INFO] - epoch 1250  train loss=0.0081  (rule: diffusion)
[2026-06-02 17:53:55,869][src.modRNN.training.alignment][INFO] -   align BPTT @ epoch 1251: cos {'ALIFCell_0.input_weights': '0.000', 'ALIFCell_0.recurrent_weights': '0.000', 'ReadOut_0.readout_weights': '0.000'}
[2026-06-02 17:53:56,139][src.modRNN.training.alignment][INFO] -   align eprop @ epoch 1251: cos {'ALIFCell_0.input_weights': '0.841', 'ALIFCell_0.recurrent_weights': '0.868', 'ReadOut_0.readout_weights': '0.000'}
[2026-06-02 17:53:56,451][src.modRNN.training.alignment][INFO] -   align diffusion_aligned @ epoch 1251: cos {'ALIFCell_0.input_weights': '0.795', 'ALIFCell_0.recurrent_weights': '0.827', 'ReadOut_0.readout_weights': '0.000'}
[2026-06-02 17:53:56,916][src.modRNN.training.alignment][INFO] -   align diffusion_per_step @ epoch 1251: cos {'ALIFCell_0.input_weights': '0.838', 'ALIFCell_0.recurrent_weights': '0.864', 'ReadOut_0.readout_weights': '0.000'}
[2026-06-02 17:53:57,223][src.modRNN.training.alignment][INFO] -   align diffusion_fixed @ epoch 1251: cos {'ALIFCell_0.input_weights': '0.878', 'ALIFCell_0.recurrent_weights': '0.916', 'ReadOut_0.readout_weights': '0.000'}
[2026-06-02 17:54:04,924][src.modRNN.training.alignment][INFO] - epoch 1275  train loss=0.0073  (rule: diffusion)
[2026-06-02 17:54:12,942][src.modRNN.training.alignment][INFO] - epoch 1300  train loss=0.0067  (rule: diffusion)
[2026-06-02 17:54:13,468][src.modRNN.training.alignment][INFO] -   align BPTT @ epoch 1301: cos {'ALIFCell_0.input_weights': '0.000', 'ALIFCell_0.recurrent_weights': '0.000', 'ReadOut_0.readout_weights': '0.000'}
[2026-06-02 17:54:13,738][src.modRNN.training.alignment][INFO] -   align eprop @ epoch 1301: cos {'ALIFCell_0.input_weights': '0.827', 'ALIFCell_0.recurrent_weights': '0.858', 'ReadOut_0.readout_weights': '0.000'}
[2026-06-02 17:54:14,051][src.modRNN.training.alignment][INFO] -   align diffusion_aligned @ epoch 1301: cos {'ALIFCell_0.input_weights': '0.779', 'ALIFCell_0.recurrent_weights': '0.810', 'ReadOut_0.readout_weights': '0.000'}
[2026-06-02 17:54:14,515][src.modRNN.training.alignment][INFO] -   align diffusion_per_step @ epoch 1301: cos {'ALIFCell_0.input_weights': '0.821', 'ALIFCell_0.recurrent_weights': '0.852', 'ReadOut_0.readout_weights': '0.000'}
[2026-06-02 17:54:14,822][src.modRNN.training.alignment][INFO] -   align diffusion_fixed @ epoch 1301: cos {'ALIFCell_0.input_weights': '0.861', 'ALIFCell_0.recurrent_weights': '0.900', 'ReadOut_0.readout_weights': '0.000'}
[2026-06-02 17:54:22,515][src.modRNN.training.alignment][INFO] - epoch 1325  train loss=0.0076  (rule: diffusion)
[2026-06-02 17:54:30,530][src.modRNN.training.alignment][INFO] - epoch 1350  train loss=0.0086  (rule: diffusion)
[2026-06-02 17:54:31,056][src.modRNN.training.alignment][INFO] -   align BPTT @ epoch 1351: cos {'ALIFCell_0.input_weights': '0.000', 'ALIFCell_0.recurrent_weights': '0.000', 'ReadOut_0.readout_weights': '0.000'}
[2026-06-02 17:54:31,326][src.modRNN.training.alignment][INFO] -   align eprop @ epoch 1351: cos {'ALIFCell_0.input_weights': '0.824', 'ALIFCell_0.recurrent_weights': '0.851', 'ReadOut_0.readout_weights': '0.000'}
[2026-06-02 17:54:31,639][src.modRNN.training.alignment][INFO] -   align diffusion_aligned @ epoch 1351: cos {'ALIFCell_0.input_weights': '0.776', 'ALIFCell_0.recurrent_weights': '0.807', 'ReadOut_0.readout_weights': '0.000'}
[2026-06-02 17:54:32,103][src.modRNN.training.alignment][INFO] -   align diffusion_per_step @ epoch 1351: cos {'ALIFCell_0.input_weights': '0.819', 'ALIFCell_0.recurrent_weights': '0.845', 'ReadOut_0.readout_weights': '0.000'}
[2026-06-02 17:54:32,411][src.modRNN.training.alignment][INFO] -   align diffusion_fixed @ epoch 1351: cos {'ALIFCell_0.input_weights': '0.855', 'ALIFCell_0.recurrent_weights': '0.890', 'ReadOut_0.readout_weights': '0.000'}
[2026-06-02 17:54:40,122][src.modRNN.training.alignment][INFO] - epoch 1375  train loss=0.0061  (rule: diffusion)
[2026-06-02 17:54:48,159][src.modRNN.training.alignment][INFO] - epoch 1400  train loss=0.0148  (rule: diffusion)
[2026-06-02 17:54:48,686][src.modRNN.training.alignment][INFO] -   align BPTT @ epoch 1401: cos {'ALIFCell_0.input_weights': '0.000', 'ALIFCell_0.recurrent_weights': '0.000', 'ReadOut_0.readout_weights': '0.000'}
[2026-06-02 17:54:48,956][src.modRNN.training.alignment][INFO] -   align eprop @ epoch 1401: cos {'ALIFCell_0.input_weights': '0.820', 'ALIFCell_0.recurrent_weights': '0.845', 'ReadOut_0.readout_weights': '0.000'}
[2026-06-02 17:54:49,268][src.modRNN.training.alignment][INFO] -   align diffusion_aligned @ epoch 1401: cos {'ALIFCell_0.input_weights': '0.778', 'ALIFCell_0.recurrent_weights': '0.808', 'ReadOut_0.readout_weights': '0.000'}
[2026-06-02 17:54:49,733][src.modRNN.training.alignment][INFO] -   align diffusion_per_step @ epoch 1401: cos {'ALIFCell_0.input_weights': '0.816', 'ALIFCell_0.recurrent_weights': '0.839', 'ReadOut_0.readout_weights': '0.000'}
[2026-06-02 17:54:50,041][src.modRNN.training.alignment][INFO] -   align diffusion_fixed @ epoch 1401: cos {'ALIFCell_0.input_weights': '0.854', 'ALIFCell_0.recurrent_weights': '0.884', 'ReadOut_0.readout_weights': '0.000'}
[2026-06-02 17:54:57,744][src.modRNN.training.alignment][INFO] - epoch 1425  train loss=0.0088  (rule: diffusion)
[2026-06-02 17:55:05,766][src.modRNN.training.alignment][INFO] - epoch 1450  train loss=0.0081  (rule: diffusion)
[2026-06-02 17:55:06,293][src.modRNN.training.alignment][INFO] -   align BPTT @ epoch 1451: cos {'ALIFCell_0.input_weights': '0.000', 'ALIFCell_0.recurrent_weights': '0.000', 'ReadOut_0.readout_weights': '0.000'}
[2026-06-02 17:55:06,563][src.modRNN.training.alignment][INFO] -   align eprop @ epoch 1451: cos {'ALIFCell_0.input_weights': '0.830', 'ALIFCell_0.recurrent_weights': '0.846', 'ReadOut_0.readout_weights': '0.000'}
[2026-06-02 17:55:06,875][src.modRNN.training.alignment][INFO] -   align diffusion_aligned @ epoch 1451: cos {'ALIFCell_0.input_weights': '0.786', 'ALIFCell_0.recurrent_weights': '0.808', 'ReadOut_0.readout_weights': '0.000'}
[2026-06-02 17:55:07,339][src.modRNN.training.alignment][INFO] -   align diffusion_per_step @ epoch 1451: cos {'ALIFCell_0.input_weights': '0.826', 'ALIFCell_0.recurrent_weights': '0.841', 'ReadOut_0.readout_weights': '0.000'}
[2026-06-02 17:55:07,646][src.modRNN.training.alignment][INFO] -   align diffusion_fixed @ epoch 1451: cos {'ALIFCell_0.input_weights': '0.864', 'ALIFCell_0.recurrent_weights': '0.890', 'ReadOut_0.readout_weights': '0.000'}
[2026-06-02 17:55:15,356][src.modRNN.training.alignment][INFO] - epoch 1475  train loss=0.0062  (rule: diffusion)
[2026-06-02 17:55:23,392][src.modRNN.training.alignment][INFO] - epoch 1500  train loss=0.0075  (rule: diffusion)
[2026-06-02 17:55:23,919][src.modRNN.training.alignment][INFO] -   align BPTT @ epoch 1501: cos {'ALIFCell_0.input_weights': '0.000', 'ALIFCell_0.recurrent_weights': '0.000', 'ReadOut_0.readout_weights': '0.000'}
[2026-06-02 17:55:24,190][src.modRNN.training.alignment][INFO] -   align eprop @ epoch 1501: cos {'ALIFCell_0.input_weights': '0.835', 'ALIFCell_0.recurrent_weights': '0.847', 'ReadOut_0.readout_weights': '0.000'}
[2026-06-02 17:55:24,502][src.modRNN.training.alignment][INFO] -   align diffusion_aligned @ epoch 1501: cos {'ALIFCell_0.input_weights': '0.795', 'ALIFCell_0.recurrent_weights': '0.812', 'ReadOut_0.readout_weights': '0.000'}
[2026-06-02 17:55:24,967][src.modRNN.training.alignment][INFO] -   align diffusion_per_step @ epoch 1501: cos {'ALIFCell_0.input_weights': '0.830', 'ALIFCell_0.recurrent_weights': '0.841', 'ReadOut_0.readout_weights': '0.000'}
[2026-06-02 17:55:25,274][src.modRNN.training.alignment][INFO] -   align diffusion_fixed @ epoch 1501: cos {'ALIFCell_0.input_weights': '0.868', 'ALIFCell_0.recurrent_weights': '0.896', 'ReadOut_0.readout_weights': '0.000'}
[2026-06-02 17:55:32,986][src.modRNN.training.alignment][INFO] - epoch 1525  train loss=0.0078  (rule: diffusion)
[2026-06-02 17:55:41,024][src.modRNN.training.alignment][INFO] - epoch 1550  train loss=0.0058  (rule: diffusion)
[2026-06-02 17:55:41,552][src.modRNN.training.alignment][INFO] -   align BPTT @ epoch 1551: cos {'ALIFCell_0.input_weights': '0.000', 'ALIFCell_0.recurrent_weights': '0.000', 'ReadOut_0.readout_weights': '0.000'}
[2026-06-02 17:55:41,821][src.modRNN.training.alignment][INFO] -   align eprop @ epoch 1551: cos {'ALIFCell_0.input_weights': '1.036', 'ALIFCell_0.recurrent_weights': '1.049', 'ReadOut_0.readout_weights': '0.000'}
[2026-06-02 17:55:42,133][src.modRNN.training.alignment][INFO] -   align diffusion_aligned @ epoch 1551: cos {'ALIFCell_0.input_weights': '0.969', 'ALIFCell_0.recurrent_weights': '0.973', 'ReadOut_0.readout_weights': '0.000'}
[2026-06-02 17:55:42,599][src.modRNN.training.alignment][INFO] -   align diffusion_per_step @ epoch 1551: cos {'ALIFCell_0.input_weights': '1.029', 'ALIFCell_0.recurrent_weights': '1.043', 'ReadOut_0.readout_weights': '0.000'}
[2026-06-02 17:55:42,907][src.modRNN.training.alignment][INFO] -   align diffusion_fixed @ epoch 1551: cos {'ALIFCell_0.input_weights': '1.063', 'ALIFCell_0.recurrent_weights': '1.077', 'ReadOut_0.readout_weights': '0.000'}
[2026-06-02 17:55:50,619][src.modRNN.training.alignment][INFO] - epoch 1575  train loss=0.0091  (rule: diffusion)
[2026-06-02 17:55:58,656][src.modRNN.training.alignment][INFO] - epoch 1600  train loss=0.0065  (rule: diffusion)
[2026-06-02 17:55:59,185][src.modRNN.training.alignment][INFO] -   align BPTT @ epoch 1601: cos {'ALIFCell_0.input_weights': '0.000', 'ALIFCell_0.recurrent_weights': '0.000', 'ReadOut_0.readout_weights': '0.000'}
[2026-06-02 17:55:59,454][src.modRNN.training.alignment][INFO] -   align eprop @ epoch 1601: cos {'ALIFCell_0.input_weights': '0.830', 'ALIFCell_0.recurrent_weights': '0.846', 'ReadOut_0.readout_weights': '0.000'}
[2026-06-02 17:55:59,767][src.modRNN.training.alignment][INFO] -   align diffusion_aligned @ epoch 1601: cos {'ALIFCell_0.input_weights': '0.788', 'ALIFCell_0.recurrent_weights': '0.812', 'ReadOut_0.readout_weights': '0.000'}
[2026-06-02 17:56:00,231][src.modRNN.training.alignment][INFO] -   align diffusion_per_step @ epoch 1601: cos {'ALIFCell_0.input_weights': '0.827', 'ALIFCell_0.recurrent_weights': '0.843', 'ReadOut_0.readout_weights': '0.000'}
[2026-06-02 17:56:00,540][src.modRNN.training.alignment][INFO] -   align diffusion_fixed @ epoch 1601: cos {'ALIFCell_0.input_weights': '0.867', 'ALIFCell_0.recurrent_weights': '0.897', 'ReadOut_0.readout_weights': '0.000'}
[2026-06-02 17:56:08,258][src.modRNN.training.alignment][INFO] - epoch 1625  train loss=0.0105  (rule: diffusion)
[2026-06-02 17:56:16,300][src.modRNN.training.alignment][INFO] - epoch 1650  train loss=0.0057  (rule: diffusion)
[2026-06-02 17:56:16,828][src.modRNN.training.alignment][INFO] -   align BPTT @ epoch 1651: cos {'ALIFCell_0.input_weights': '0.000', 'ALIFCell_0.recurrent_weights': '0.000', 'ReadOut_0.readout_weights': '0.000'}
[2026-06-02 17:56:17,097][src.modRNN.training.alignment][INFO] -   align eprop @ epoch 1651: cos {'ALIFCell_0.input_weights': '0.826', 'ALIFCell_0.recurrent_weights': '0.848', 'ReadOut_0.readout_weights': '0.000'}
[2026-06-02 17:56:17,410][src.modRNN.training.alignment][INFO] -   align diffusion_aligned @ epoch 1651: cos {'ALIFCell_0.input_weights': '0.787', 'ALIFCell_0.recurrent_weights': '0.814', 'ReadOut_0.readout_weights': '0.000'}
[2026-06-02 17:56:17,874][src.modRNN.training.alignment][INFO] -   align diffusion_per_step @ epoch 1651: cos {'ALIFCell_0.input_weights': '0.823', 'ALIFCell_0.recurrent_weights': '0.845', 'ReadOut_0.readout_weights': '0.000'}
[2026-06-02 17:56:18,182][src.modRNN.training.alignment][INFO] -   align diffusion_fixed @ epoch 1651: cos {'ALIFCell_0.input_weights': '0.864', 'ALIFCell_0.recurrent_weights': '0.898', 'ReadOut_0.readout_weights': '0.000'}
[2026-06-02 17:56:25,891][src.modRNN.training.alignment][INFO] - epoch 1675  train loss=0.0095  (rule: diffusion)
[2026-06-02 17:56:33,923][src.modRNN.training.alignment][INFO] - epoch 1700  train loss=0.0073  (rule: diffusion)
[2026-06-02 17:56:34,451][src.modRNN.training.alignment][INFO] -   align BPTT @ epoch 1701: cos {'ALIFCell_0.input_weights': '0.000', 'ALIFCell_0.recurrent_weights': '0.000', 'ReadOut_0.readout_weights': '0.000'}
[2026-06-02 17:56:34,721][src.modRNN.training.alignment][INFO] -   align eprop @ epoch 1701: cos {'ALIFCell_0.input_weights': '0.840', 'ALIFCell_0.recurrent_weights': '0.850', 'ReadOut_0.readout_weights': '0.000'}
[2026-06-02 17:56:35,035][src.modRNN.training.alignment][INFO] -   align diffusion_aligned @ epoch 1701: cos {'ALIFCell_0.input_weights': '0.800', 'ALIFCell_0.recurrent_weights': '0.817', 'ReadOut_0.readout_weights': '0.000'}
[2026-06-02 17:56:35,499][src.modRNN.training.alignment][INFO] -   align diffusion_per_step @ epoch 1701: cos {'ALIFCell_0.input_weights': '0.837', 'ALIFCell_0.recurrent_weights': '0.847', 'ReadOut_0.readout_weights': '0.000'}
[2026-06-02 17:56:35,807][src.modRNN.training.alignment][INFO] -   align diffusion_fixed @ epoch 1701: cos {'ALIFCell_0.input_weights': '0.881', 'ALIFCell_0.recurrent_weights': '0.901', 'ReadOut_0.readout_weights': '0.000'}
[2026-06-02 17:56:43,515][src.modRNN.training.alignment][INFO] - epoch 1725  train loss=0.0162  (rule: diffusion)
[2026-06-02 17:56:51,542][src.modRNN.training.alignment][INFO] - epoch 1750  train loss=0.0075  (rule: diffusion)
[2026-06-02 17:56:52,070][src.modRNN.training.alignment][INFO] -   align BPTT @ epoch 1751: cos {'ALIFCell_0.input_weights': '0.000', 'ALIFCell_0.recurrent_weights': '0.000', 'ReadOut_0.readout_weights': '0.000'}
[2026-06-02 17:56:52,340][src.modRNN.training.alignment][INFO] -   align eprop @ epoch 1751: cos {'ALIFCell_0.input_weights': '0.833', 'ALIFCell_0.recurrent_weights': '0.854', 'ReadOut_0.readout_weights': '0.001'}
[2026-06-02 17:56:52,653][src.modRNN.training.alignment][INFO] -   align diffusion_aligned @ epoch 1751: cos {'ALIFCell_0.input_weights': '0.798', 'ALIFCell_0.recurrent_weights': '0.821', 'ReadOut_0.readout_weights': '0.001'}
[2026-06-02 17:56:53,116][src.modRNN.training.alignment][INFO] -   align diffusion_per_step @ epoch 1751: cos {'ALIFCell_0.input_weights': '0.830', 'ALIFCell_0.recurrent_weights': '0.851', 'ReadOut_0.readout_weights': '0.001'}
[2026-06-02 17:56:53,423][src.modRNN.training.alignment][INFO] -   align diffusion_fixed @ epoch 1751: cos {'ALIFCell_0.input_weights': '0.870', 'ALIFCell_0.recurrent_weights': '0.905', 'ReadOut_0.readout_weights': '0.001'}
[2026-06-02 17:57:01,124][src.modRNN.training.alignment][INFO] - epoch 1775  train loss=0.0059  (rule: diffusion)
[2026-06-02 17:57:09,148][src.modRNN.training.alignment][INFO] - epoch 1800  train loss=0.0075  (rule: diffusion)
[2026-06-02 17:57:09,676][src.modRNN.training.alignment][INFO] -   align BPTT @ epoch 1801: cos {'ALIFCell_0.input_weights': '0.000', 'ALIFCell_0.recurrent_weights': '0.000', 'ReadOut_0.readout_weights': '0.000'}
[2026-06-02 17:57:09,946][src.modRNN.training.alignment][INFO] -   align eprop @ epoch 1801: cos {'ALIFCell_0.input_weights': '0.851', 'ALIFCell_0.recurrent_weights': '0.872', 'ReadOut_0.readout_weights': '0.000'}
[2026-06-02 17:57:10,260][src.modRNN.training.alignment][INFO] -   align diffusion_aligned @ epoch 1801: cos {'ALIFCell_0.input_weights': '0.812', 'ALIFCell_0.recurrent_weights': '0.833', 'ReadOut_0.readout_weights': '0.000'}
[2026-06-02 17:57:10,725][src.modRNN.training.alignment][INFO] -   align diffusion_per_step @ epoch 1801: cos {'ALIFCell_0.input_weights': '0.848', 'ALIFCell_0.recurrent_weights': '0.868', 'ReadOut_0.readout_weights': '0.000'}
[2026-06-02 17:57:11,033][src.modRNN.training.alignment][INFO] -   align diffusion_fixed @ epoch 1801: cos {'ALIFCell_0.input_weights': '0.887', 'ALIFCell_0.recurrent_weights': '0.910', 'ReadOut_0.readout_weights': '0.000'}
[2026-06-02 17:57:18,726][src.modRNN.training.alignment][INFO] - epoch 1825  train loss=0.0079  (rule: diffusion)
[2026-06-02 17:57:26,743][src.modRNN.training.alignment][INFO] - epoch 1850  train loss=0.0072  (rule: diffusion)
[2026-06-02 17:57:27,272][src.modRNN.training.alignment][INFO] -   align BPTT @ epoch 1851: cos {'ALIFCell_0.input_weights': '0.000', 'ALIFCell_0.recurrent_weights': '0.000', 'ReadOut_0.readout_weights': '0.000'}
[2026-06-02 17:57:27,542][src.modRNN.training.alignment][INFO] -   align eprop @ epoch 1851: cos {'ALIFCell_0.input_weights': '0.926', 'ALIFCell_0.recurrent_weights': '0.983', 'ReadOut_0.readout_weights': '0.000'}
[2026-06-02 17:57:27,855][src.modRNN.training.alignment][INFO] -   align diffusion_aligned @ epoch 1851: cos {'ALIFCell_0.input_weights': '0.883', 'ALIFCell_0.recurrent_weights': '0.924', 'ReadOut_0.readout_weights': '0.000'}
[2026-06-02 17:57:28,319][src.modRNN.training.alignment][INFO] -   align diffusion_per_step @ epoch 1851: cos {'ALIFCell_0.input_weights': '0.920', 'ALIFCell_0.recurrent_weights': '0.976', 'ReadOut_0.readout_weights': '0.000'}
[2026-06-02 17:57:28,628][src.modRNN.training.alignment][INFO] -   align diffusion_fixed @ epoch 1851: cos {'ALIFCell_0.input_weights': '0.951', 'ALIFCell_0.recurrent_weights': '1.016', 'ReadOut_0.readout_weights': '0.000'}
[2026-06-02 17:57:36,330][src.modRNN.training.alignment][INFO] - epoch 1875  train loss=0.0064  (rule: diffusion)
[2026-06-02 17:57:44,353][src.modRNN.training.alignment][INFO] - epoch 1900  train loss=0.0065  (rule: diffusion)
[2026-06-02 17:57:44,880][src.modRNN.training.alignment][INFO] -   align BPTT @ epoch 1901: cos {'ALIFCell_0.input_weights': '0.000', 'ALIFCell_0.recurrent_weights': '0.000', 'ReadOut_0.readout_weights': '0.000'}
[2026-06-02 17:57:45,150][src.modRNN.training.alignment][INFO] -   align eprop @ epoch 1901: cos {'ALIFCell_0.input_weights': '0.849', 'ALIFCell_0.recurrent_weights': '0.875', 'ReadOut_0.readout_weights': '0.000'}
[2026-06-02 17:57:45,463][src.modRNN.training.alignment][INFO] -   align diffusion_aligned @ epoch 1901: cos {'ALIFCell_0.input_weights': '0.814', 'ALIFCell_0.recurrent_weights': '0.841', 'ReadOut_0.readout_weights': '0.000'}
[2026-06-02 17:57:45,927][src.modRNN.training.alignment][INFO] -   align diffusion_per_step @ epoch 1901: cos {'ALIFCell_0.input_weights': '0.846', 'ALIFCell_0.recurrent_weights': '0.873', 'ReadOut_0.readout_weights': '0.000'}
[2026-06-02 17:57:46,235][src.modRNN.training.alignment][INFO] -   align diffusion_fixed @ epoch 1901: cos {'ALIFCell_0.input_weights': '0.885', 'ALIFCell_0.recurrent_weights': '0.918', 'ReadOut_0.readout_weights': '0.000'}
[2026-06-02 17:57:53,939][src.modRNN.training.alignment][INFO] - epoch 1925  train loss=0.0062  (rule: diffusion)
[2026-06-02 17:58:01,965][src.modRNN.training.alignment][INFO] - epoch 1950  train loss=0.0057  (rule: diffusion)
[2026-06-02 17:58:02,493][src.modRNN.training.alignment][INFO] -   align BPTT @ epoch 1951: cos {'ALIFCell_0.input_weights': '0.000', 'ALIFCell_0.recurrent_weights': '0.000', 'ReadOut_0.readout_weights': '0.000'}
[2026-06-02 17:58:02,764][src.modRNN.training.alignment][INFO] -   align eprop @ epoch 1951: cos {'ALIFCell_0.input_weights': '0.844', 'ALIFCell_0.recurrent_weights': '0.873', 'ReadOut_0.readout_weights': '0.000'}
[2026-06-02 17:58:03,077][src.modRNN.training.alignment][INFO] -   align diffusion_aligned @ epoch 1951: cos {'ALIFCell_0.input_weights': '0.810', 'ALIFCell_0.recurrent_weights': '0.839', 'ReadOut_0.readout_weights': '0.000'}
[2026-06-02 17:58:03,541][src.modRNN.training.alignment][INFO] -   align diffusion_per_step @ epoch 1951: cos {'ALIFCell_0.input_weights': '0.842', 'ALIFCell_0.recurrent_weights': '0.871', 'ReadOut_0.readout_weights': '0.000'}
[2026-06-02 17:58:03,848][src.modRNN.training.alignment][INFO] -   align diffusion_fixed @ epoch 1951: cos {'ALIFCell_0.input_weights': '0.883', 'ALIFCell_0.recurrent_weights': '0.920', 'ReadOut_0.readout_weights': '0.000'}
[2026-06-02 17:58:11,550][src.modRNN.training.alignment][INFO] - epoch 1975  train loss=0.0057  (rule: diffusion)
[2026-06-02 17:58:19,576][src.modRNN.training.alignment][INFO] - epoch 2000  train loss=0.0095  (rule: diffusion)
[2026-06-02 17:58:20,105][src.modRNN.training.alignment][INFO] -   align BPTT @ epoch 2001: cos {'ALIFCell_0.input_weights': '0.000', 'ALIFCell_0.recurrent_weights': '0.000', 'ReadOut_0.readout_weights': '0.000'}
[2026-06-02 17:58:20,375][src.modRNN.training.alignment][INFO] -   align eprop @ epoch 2001: cos {'ALIFCell_0.input_weights': '0.850', 'ALIFCell_0.recurrent_weights': '0.875', 'ReadOut_0.readout_weights': '0.000'}
[2026-06-02 17:58:20,688][src.modRNN.training.alignment][INFO] -   align diffusion_aligned @ epoch 2001: cos {'ALIFCell_0.input_weights': '0.831', 'ALIFCell_0.recurrent_weights': '0.853', 'ReadOut_0.readout_weights': '0.000'}
[2026-06-02 17:58:21,152][src.modRNN.training.alignment][INFO] -   align diffusion_per_step @ epoch 2001: cos {'ALIFCell_0.input_weights': '0.847', 'ALIFCell_0.recurrent_weights': '0.873', 'ReadOut_0.readout_weights': '0.000'}
[2026-06-02 17:58:21,460][src.modRNN.training.alignment][INFO] -   align diffusion_fixed @ epoch 2001: cos {'ALIFCell_0.input_weights': '0.885', 'ALIFCell_0.recurrent_weights': '0.923', 'ReadOut_0.readout_weights': '0.000'}
[2026-06-02 17:58:21,490][src.modRNN.training.alignment][INFO] - Alignment experiment finished. Output dir: /mnt/lustre/work/martius/mot736/neuromodRNN/outputs/pattern_generation/pattern_generation_align_nn_connectivity_diffusion_aligned/seed_555
