[2026-05-20 16:29:07,636][jax._src.xla_bridge][INFO] - Unable to initialize backend 'rocm': module 'jaxlib.xla_extension' has no attribute 'GpuAllocatorConfig'
[2026-05-20 16:29:07,644][jax._src.xla_bridge][INFO] - Unable to initialize backend 'tpu': INTERNAL: Failed to open libtpu.so: libtpu.so: cannot open shared object file: No such file or directory
[2026-05-20 16:29:17,488][src.modRNN.training.alignment][INFO] - Starting alignment experiment: training with diffusion, measuring alignment of ['BPTT', 'eprop', 'diffusion_aligned', 'diffusion_per_step', 'diffusion_fixed'] every 50 epochs.
[2026-05-20 16:29:22,027][src.modRNN.training.alignment][INFO] - epoch 1  train loss=0.6932  (rule: diffusion)
[2026-05-20 16:29:23,944][src.modRNN.training.alignment][INFO] -   align BPTT @ epoch 1: cos {'ALIFCell_0.input_weights': '0.000', 'ALIFCell_0.recurrent_weights': '0.000', 'ReadOut_0.readout_weights': '0.000'}
[2026-05-20 16:29:25,425][src.modRNN.training.alignment][INFO] -   align eprop @ epoch 1: cos {'ALIFCell_0.input_weights': '0.384', 'ALIFCell_0.recurrent_weights': '0.263', 'ReadOut_0.readout_weights': '0.000'}
[2026-05-20 16:29:27,018][src.modRNN.training.alignment][INFO] -   align diffusion_aligned @ epoch 1: cos {'ALIFCell_0.input_weights': '0.602', 'ALIFCell_0.recurrent_weights': '0.389', 'ReadOut_0.readout_weights': '0.000'}
[2026-05-20 16:29:30,616][src.modRNN.training.alignment][INFO] -   align diffusion_per_step @ epoch 1: cos {'ALIFCell_0.input_weights': '0.496', 'ALIFCell_0.recurrent_weights': '0.370', 'ReadOut_0.readout_weights': '0.000'}
[2026-05-20 16:29:32,291][src.modRNN.training.alignment][INFO] -   align diffusion_fixed @ epoch 1: cos {'ALIFCell_0.input_weights': '0.487', 'ALIFCell_0.recurrent_weights': '0.421', 'ReadOut_0.readout_weights': '0.000'}
[2026-05-20 16:29:49,473][src.modRNN.training.alignment][INFO] - epoch 25  train loss=0.6931  (rule: diffusion)
[2026-05-20 16:30:07,568][src.modRNN.training.alignment][INFO] - epoch 50  train loss=0.6931  (rule: diffusion)
[2026-05-20 16:30:09,034][src.modRNN.training.alignment][INFO] -   align BPTT @ epoch 51: cos {'ALIFCell_0.input_weights': '0.000', 'ALIFCell_0.recurrent_weights': '0.000', 'ReadOut_0.readout_weights': '0.000'}
[2026-05-20 16:30:09,585][src.modRNN.training.alignment][INFO] -   align eprop @ epoch 51: cos {'ALIFCell_0.input_weights': '0.524', 'ALIFCell_0.recurrent_weights': '0.801', 'ReadOut_0.readout_weights': '0.000'}
[2026-05-20 16:30:10,262][src.modRNN.training.alignment][INFO] -   align diffusion_aligned @ epoch 51: cos {'ALIFCell_0.input_weights': '0.622', 'ALIFCell_0.recurrent_weights': '0.836', 'ReadOut_0.readout_weights': '0.000'}
[2026-05-20 16:30:11,418][src.modRNN.training.alignment][INFO] -   align diffusion_per_step @ epoch 51: cos {'ALIFCell_0.input_weights': '0.586', 'ALIFCell_0.recurrent_weights': '0.824', 'ReadOut_0.readout_weights': '0.000'}
[2026-05-20 16:30:12,083][src.modRNN.training.alignment][INFO] -   align diffusion_fixed @ epoch 51: cos {'ALIFCell_0.input_weights': '0.633', 'ALIFCell_0.recurrent_weights': '0.876', 'ReadOut_0.readout_weights': '0.000'}
[2026-05-20 16:30:29,442][src.modRNN.training.alignment][INFO] - epoch 75  train loss=0.6931  (rule: diffusion)
[2026-05-20 16:30:47,530][src.modRNN.training.alignment][INFO] - epoch 100  train loss=0.6929  (rule: diffusion)
[2026-05-20 16:30:48,994][src.modRNN.training.alignment][INFO] -   align BPTT @ epoch 101: cos {'ALIFCell_0.input_weights': '0.000', 'ALIFCell_0.recurrent_weights': '0.000', 'ReadOut_0.readout_weights': '0.000'}
[2026-05-20 16:30:49,546][src.modRNN.training.alignment][INFO] -   align eprop @ epoch 101: cos {'ALIFCell_0.input_weights': '0.710', 'ALIFCell_0.recurrent_weights': '0.894', 'ReadOut_0.readout_weights': '0.000'}
[2026-05-20 16:30:50,224][src.modRNN.training.alignment][INFO] -   align diffusion_aligned @ epoch 101: cos {'ALIFCell_0.input_weights': '0.704', 'ALIFCell_0.recurrent_weights': '0.923', 'ReadOut_0.readout_weights': '0.000'}
[2026-05-20 16:30:51,380][src.modRNN.training.alignment][INFO] -   align diffusion_per_step @ epoch 101: cos {'ALIFCell_0.input_weights': '0.742', 'ALIFCell_0.recurrent_weights': '0.938', 'ReadOut_0.readout_weights': '0.000'}
[2026-05-20 16:30:52,044][src.modRNN.training.alignment][INFO] -   align diffusion_fixed @ epoch 101: cos {'ALIFCell_0.input_weights': '0.787', 'ALIFCell_0.recurrent_weights': '1.050', 'ReadOut_0.readout_weights': '0.000'}
[2026-05-20 16:31:09,444][src.modRNN.training.alignment][INFO] - epoch 125  train loss=0.6403  (rule: diffusion)
[2026-05-20 16:31:27,536][src.modRNN.training.alignment][INFO] - epoch 150  train loss=0.5750  (rule: diffusion)
[2026-05-20 16:31:29,001][src.modRNN.training.alignment][INFO] -   align BPTT @ epoch 151: cos {'ALIFCell_0.input_weights': '0.000', 'ALIFCell_0.recurrent_weights': '0.000', 'ReadOut_0.readout_weights': '0.000'}
[2026-05-20 16:31:29,551][src.modRNN.training.alignment][INFO] -   align eprop @ epoch 151: cos {'ALIFCell_0.input_weights': '0.673', 'ALIFCell_0.recurrent_weights': '0.735', 'ReadOut_0.readout_weights': '0.000'}
[2026-05-20 16:31:30,229][src.modRNN.training.alignment][INFO] -   align diffusion_aligned @ epoch 151: cos {'ALIFCell_0.input_weights': '0.667', 'ALIFCell_0.recurrent_weights': '0.758', 'ReadOut_0.readout_weights': '0.000'}
[2026-05-20 16:31:31,386][src.modRNN.training.alignment][INFO] -   align diffusion_per_step @ epoch 151: cos {'ALIFCell_0.input_weights': '0.972', 'ALIFCell_0.recurrent_weights': '1.067', 'ReadOut_0.readout_weights': '0.000'}
[2026-05-20 16:31:32,053][src.modRNN.training.alignment][INFO] -   align diffusion_fixed @ epoch 151: cos {'ALIFCell_0.input_weights': '1.060', 'ALIFCell_0.recurrent_weights': '1.203', 'ReadOut_0.readout_weights': '0.000'}
[2026-05-20 16:31:49,376][src.modRNN.training.alignment][INFO] - epoch 175  train loss=0.5053  (rule: diffusion)
[2026-05-20 16:32:07,445][src.modRNN.training.alignment][INFO] - epoch 200  train loss=0.5329  (rule: diffusion)
[2026-05-20 16:32:08,918][src.modRNN.training.alignment][INFO] -   align BPTT @ epoch 201: cos {'ALIFCell_0.input_weights': '0.000', 'ALIFCell_0.recurrent_weights': '0.000', 'ReadOut_0.readout_weights': '0.000'}
[2026-05-20 16:32:09,471][src.modRNN.training.alignment][INFO] -   align eprop @ epoch 201: cos {'ALIFCell_0.input_weights': '0.644', 'ALIFCell_0.recurrent_weights': '0.787', 'ReadOut_0.readout_weights': '0.000'}
[2026-05-20 16:32:10,152][src.modRNN.training.alignment][INFO] -   align diffusion_aligned @ epoch 201: cos {'ALIFCell_0.input_weights': '0.624', 'ALIFCell_0.recurrent_weights': '0.739', 'ReadOut_0.readout_weights': '0.000'}
[2026-05-20 16:32:11,316][src.modRNN.training.alignment][INFO] -   align diffusion_per_step @ epoch 201: cos {'ALIFCell_0.input_weights': '0.730', 'ALIFCell_0.recurrent_weights': '0.833', 'ReadOut_0.readout_weights': '0.000'}
[2026-05-20 16:32:11,986][src.modRNN.training.alignment][INFO] -   align diffusion_fixed @ epoch 201: cos {'ALIFCell_0.input_weights': '0.718', 'ALIFCell_0.recurrent_weights': '0.870', 'ReadOut_0.readout_weights': '0.000'}
[2026-05-20 16:32:29,461][src.modRNN.training.alignment][INFO] - epoch 225  train loss=0.5189  (rule: diffusion)
[2026-05-20 16:32:47,619][src.modRNN.training.alignment][INFO] - epoch 250  train loss=0.4692  (rule: diffusion)
[2026-05-20 16:32:49,090][src.modRNN.training.alignment][INFO] -   align BPTT @ epoch 251: cos {'ALIFCell_0.input_weights': '0.000', 'ALIFCell_0.recurrent_weights': '0.000', 'ReadOut_0.readout_weights': '0.000'}
[2026-05-20 16:32:49,643][src.modRNN.training.alignment][INFO] -   align eprop @ epoch 251: cos {'ALIFCell_0.input_weights': '0.777', 'ALIFCell_0.recurrent_weights': '0.654', 'ReadOut_0.readout_weights': '0.000'}
[2026-05-20 16:32:50,325][src.modRNN.training.alignment][INFO] -   align diffusion_aligned @ epoch 251: cos {'ALIFCell_0.input_weights': '0.762', 'ALIFCell_0.recurrent_weights': '0.739', 'ReadOut_0.readout_weights': '0.000'}
[2026-05-20 16:32:51,488][src.modRNN.training.alignment][INFO] -   align diffusion_per_step @ epoch 251: cos {'ALIFCell_0.input_weights': '0.813', 'ALIFCell_0.recurrent_weights': '0.722', 'ReadOut_0.readout_weights': '0.000'}
[2026-05-20 16:32:52,156][src.modRNN.training.alignment][INFO] -   align diffusion_fixed @ epoch 251: cos {'ALIFCell_0.input_weights': '0.871', 'ALIFCell_0.recurrent_weights': '0.746', 'ReadOut_0.readout_weights': '0.000'}
[2026-05-20 16:33:09,582][src.modRNN.training.alignment][INFO] - epoch 275  train loss=0.5476  (rule: diffusion)
[2026-05-20 16:33:27,732][src.modRNN.training.alignment][INFO] - epoch 300  train loss=0.5377  (rule: diffusion)
[2026-05-20 16:33:29,203][src.modRNN.training.alignment][INFO] -   align BPTT @ epoch 301: cos {'ALIFCell_0.input_weights': '0.000', 'ALIFCell_0.recurrent_weights': '0.000', 'ReadOut_0.readout_weights': '0.000'}
[2026-05-20 16:33:29,755][src.modRNN.training.alignment][INFO] -   align eprop @ epoch 301: cos {'ALIFCell_0.input_weights': '0.668', 'ALIFCell_0.recurrent_weights': '0.691', 'ReadOut_0.readout_weights': '0.000'}
[2026-05-20 16:33:30,435][src.modRNN.training.alignment][INFO] -   align diffusion_aligned @ epoch 301: cos {'ALIFCell_0.input_weights': '0.658', 'ALIFCell_0.recurrent_weights': '0.734', 'ReadOut_0.readout_weights': '0.000'}
[2026-05-20 16:33:31,598][src.modRNN.training.alignment][INFO] -   align diffusion_per_step @ epoch 301: cos {'ALIFCell_0.input_weights': '0.704', 'ALIFCell_0.recurrent_weights': '0.784', 'ReadOut_0.readout_weights': '0.000'}
[2026-05-20 16:33:32,267][src.modRNN.training.alignment][INFO] -   align diffusion_fixed @ epoch 301: cos {'ALIFCell_0.input_weights': '0.736', 'ALIFCell_0.recurrent_weights': '0.861', 'ReadOut_0.readout_weights': '0.000'}
[2026-05-20 16:33:49,682][src.modRNN.training.alignment][INFO] - epoch 325  train loss=0.6388  (rule: diffusion)
[2026-05-20 16:34:07,877][src.modRNN.training.alignment][INFO] - epoch 350  train loss=0.5452  (rule: diffusion)
[2026-05-20 16:34:09,350][src.modRNN.training.alignment][INFO] -   align BPTT @ epoch 351: cos {'ALIFCell_0.input_weights': '0.000', 'ALIFCell_0.recurrent_weights': '0.000', 'ReadOut_0.readout_weights': '0.000'}
[2026-05-20 16:34:09,901][src.modRNN.training.alignment][INFO] -   align eprop @ epoch 351: cos {'ALIFCell_0.input_weights': '0.967', 'ALIFCell_0.recurrent_weights': '0.926', 'ReadOut_0.readout_weights': '0.000'}
[2026-05-20 16:34:10,580][src.modRNN.training.alignment][INFO] -   align diffusion_aligned @ epoch 351: cos {'ALIFCell_0.input_weights': '0.973', 'ALIFCell_0.recurrent_weights': '0.935', 'ReadOut_0.readout_weights': '0.000'}
[2026-05-20 16:34:11,743][src.modRNN.training.alignment][INFO] -   align diffusion_per_step @ epoch 351: cos {'ALIFCell_0.input_weights': '0.907', 'ALIFCell_0.recurrent_weights': '0.849', 'ReadOut_0.readout_weights': '0.000'}
[2026-05-20 16:34:12,410][src.modRNN.training.alignment][INFO] -   align diffusion_fixed @ epoch 351: cos {'ALIFCell_0.input_weights': '0.901', 'ALIFCell_0.recurrent_weights': '0.870', 'ReadOut_0.readout_weights': '0.000'}
[2026-05-20 16:34:29,890][src.modRNN.training.alignment][INFO] - epoch 375  train loss=0.4766  (rule: diffusion)
[2026-05-20 16:34:48,059][src.modRNN.training.alignment][INFO] - epoch 400  train loss=0.3911  (rule: diffusion)
[2026-05-20 16:34:49,530][src.modRNN.training.alignment][INFO] -   align BPTT @ epoch 401: cos {'ALIFCell_0.input_weights': '0.000', 'ALIFCell_0.recurrent_weights': '0.000', 'ReadOut_0.readout_weights': '0.000'}
[2026-05-20 16:34:50,081][src.modRNN.training.alignment][INFO] -   align eprop @ epoch 401: cos {'ALIFCell_0.input_weights': '0.702', 'ALIFCell_0.recurrent_weights': '0.981', 'ReadOut_0.readout_weights': '0.000'}
[2026-05-20 16:34:50,764][src.modRNN.training.alignment][INFO] -   align diffusion_aligned @ epoch 401: cos {'ALIFCell_0.input_weights': '0.754', 'ALIFCell_0.recurrent_weights': '1.019', 'ReadOut_0.readout_weights': '0.000'}
[2026-05-20 16:34:51,926][src.modRNN.training.alignment][INFO] -   align diffusion_per_step @ epoch 401: cos {'ALIFCell_0.input_weights': '0.834', 'ALIFCell_0.recurrent_weights': '1.146', 'ReadOut_0.readout_weights': '0.000'}
[2026-05-20 16:34:52,595][src.modRNN.training.alignment][INFO] -   align diffusion_fixed @ epoch 401: cos {'ALIFCell_0.input_weights': '0.784', 'ALIFCell_0.recurrent_weights': '1.089', 'ReadOut_0.readout_weights': '0.000'}
[2026-05-20 16:35:10,027][src.modRNN.training.alignment][INFO] - epoch 425  train loss=0.3405  (rule: diffusion)
[2026-05-20 16:35:28,193][src.modRNN.training.alignment][INFO] - epoch 450  train loss=0.4050  (rule: diffusion)
[2026-05-20 16:35:29,665][src.modRNN.training.alignment][INFO] -   align BPTT @ epoch 451: cos {'ALIFCell_0.input_weights': '0.000', 'ALIFCell_0.recurrent_weights': '0.000', 'ReadOut_0.readout_weights': '0.000'}
[2026-05-20 16:35:30,218][src.modRNN.training.alignment][INFO] -   align eprop @ epoch 451: cos {'ALIFCell_0.input_weights': '0.771', 'ALIFCell_0.recurrent_weights': '1.077', 'ReadOut_0.readout_weights': '0.000'}
[2026-05-20 16:35:30,897][src.modRNN.training.alignment][INFO] -   align diffusion_aligned @ epoch 451: cos {'ALIFCell_0.input_weights': '0.876', 'ALIFCell_0.recurrent_weights': '1.169', 'ReadOut_0.readout_weights': '0.000'}
[2026-05-20 16:35:32,061][src.modRNN.training.alignment][INFO] -   align diffusion_per_step @ epoch 451: cos {'ALIFCell_0.input_weights': '0.914', 'ALIFCell_0.recurrent_weights': '1.182', 'ReadOut_0.readout_weights': '0.000'}
[2026-05-20 16:35:32,729][src.modRNN.training.alignment][INFO] -   align diffusion_fixed @ epoch 451: cos {'ALIFCell_0.input_weights': '0.917', 'ALIFCell_0.recurrent_weights': '1.169', 'ReadOut_0.readout_weights': '0.000'}
[2026-05-20 16:35:50,148][src.modRNN.training.alignment][INFO] - epoch 475  train loss=0.4215  (rule: diffusion)
[2026-05-20 16:36:08,330][src.modRNN.training.alignment][INFO] - epoch 500  train loss=0.3687  (rule: diffusion)
[2026-05-20 16:36:09,804][src.modRNN.training.alignment][INFO] -   align BPTT @ epoch 501: cos {'ALIFCell_0.input_weights': '0.000', 'ALIFCell_0.recurrent_weights': '0.000', 'ReadOut_0.readout_weights': '0.000'}
[2026-05-20 16:36:10,358][src.modRNN.training.alignment][INFO] -   align eprop @ epoch 501: cos {'ALIFCell_0.input_weights': '0.947', 'ALIFCell_0.recurrent_weights': '1.096', 'ReadOut_0.readout_weights': '0.000'}
[2026-05-20 16:36:11,042][src.modRNN.training.alignment][INFO] -   align diffusion_aligned @ epoch 501: cos {'ALIFCell_0.input_weights': '0.993', 'ALIFCell_0.recurrent_weights': '1.117', 'ReadOut_0.readout_weights': '0.000'}
[2026-05-20 16:36:12,206][src.modRNN.training.alignment][INFO] -   align diffusion_per_step @ epoch 501: cos {'ALIFCell_0.input_weights': '0.998', 'ALIFCell_0.recurrent_weights': '1.177', 'ReadOut_0.readout_weights': '0.000'}
[2026-05-20 16:36:12,874][src.modRNN.training.alignment][INFO] -   align diffusion_fixed @ epoch 501: cos {'ALIFCell_0.input_weights': '1.007', 'ALIFCell_0.recurrent_weights': '1.171', 'ReadOut_0.readout_weights': '0.000'}
[2026-05-20 16:36:30,353][src.modRNN.training.alignment][INFO] - epoch 525  train loss=0.2605  (rule: diffusion)
[2026-05-20 16:36:48,518][src.modRNN.training.alignment][INFO] - epoch 550  train loss=0.3266  (rule: diffusion)
[2026-05-20 16:36:49,988][src.modRNN.training.alignment][INFO] -   align BPTT @ epoch 551: cos {'ALIFCell_0.input_weights': '0.000', 'ALIFCell_0.recurrent_weights': '0.000', 'ReadOut_0.readout_weights': '0.000'}
[2026-05-20 16:36:50,538][src.modRNN.training.alignment][INFO] -   align eprop @ epoch 551: cos {'ALIFCell_0.input_weights': '0.981', 'ALIFCell_0.recurrent_weights': '0.857', 'ReadOut_0.readout_weights': '0.000'}
[2026-05-20 16:36:51,219][src.modRNN.training.alignment][INFO] -   align diffusion_aligned @ epoch 551: cos {'ALIFCell_0.input_weights': '1.007', 'ALIFCell_0.recurrent_weights': '0.851', 'ReadOut_0.readout_weights': '0.000'}
[2026-05-20 16:36:52,385][src.modRNN.training.alignment][INFO] -   align diffusion_per_step @ epoch 551: cos {'ALIFCell_0.input_weights': '1.099', 'ALIFCell_0.recurrent_weights': '0.968', 'ReadOut_0.readout_weights': '0.000'}
[2026-05-20 16:36:53,056][src.modRNN.training.alignment][INFO] -   align diffusion_fixed @ epoch 551: cos {'ALIFCell_0.input_weights': '1.044', 'ALIFCell_0.recurrent_weights': '0.992', 'ReadOut_0.readout_weights': '0.000'}
[2026-05-20 16:37:10,503][src.modRNN.training.alignment][INFO] - epoch 575  train loss=0.3096  (rule: diffusion)
[2026-05-20 16:37:28,701][src.modRNN.training.alignment][INFO] - epoch 600  train loss=0.1522  (rule: diffusion)
[2026-05-20 16:37:30,174][src.modRNN.training.alignment][INFO] -   align BPTT @ epoch 601: cos {'ALIFCell_0.input_weights': '0.000', 'ALIFCell_0.recurrent_weights': '0.000', 'ReadOut_0.readout_weights': '0.000'}
[2026-05-20 16:37:30,726][src.modRNN.training.alignment][INFO] -   align eprop @ epoch 601: cos {'ALIFCell_0.input_weights': '0.781', 'ALIFCell_0.recurrent_weights': '0.714', 'ReadOut_0.readout_weights': '0.000'}
[2026-05-20 16:37:31,405][src.modRNN.training.alignment][INFO] -   align diffusion_aligned @ epoch 601: cos {'ALIFCell_0.input_weights': '0.848', 'ALIFCell_0.recurrent_weights': '0.783', 'ReadOut_0.readout_weights': '0.000'}
[2026-05-20 16:37:32,567][src.modRNN.training.alignment][INFO] -   align diffusion_per_step @ epoch 601: cos {'ALIFCell_0.input_weights': '0.869', 'ALIFCell_0.recurrent_weights': '0.806', 'ReadOut_0.readout_weights': '0.000'}
[2026-05-20 16:37:33,235][src.modRNN.training.alignment][INFO] -   align diffusion_fixed @ epoch 601: cos {'ALIFCell_0.input_weights': '0.863', 'ALIFCell_0.recurrent_weights': '0.879', 'ReadOut_0.readout_weights': '0.000'}
[2026-05-20 16:37:50,688][src.modRNN.training.alignment][INFO] - epoch 625  train loss=0.0966  (rule: diffusion)
[2026-05-20 16:38:08,931][src.modRNN.training.alignment][INFO] - epoch 650  train loss=0.0884  (rule: diffusion)
[2026-05-20 16:38:10,405][src.modRNN.training.alignment][INFO] -   align BPTT @ epoch 651: cos {'ALIFCell_0.input_weights': '0.000', 'ALIFCell_0.recurrent_weights': '0.000', 'ReadOut_0.readout_weights': '0.000'}
[2026-05-20 16:38:10,956][src.modRNN.training.alignment][INFO] -   align eprop @ epoch 651: cos {'ALIFCell_0.input_weights': '0.335', 'ALIFCell_0.recurrent_weights': '0.499', 'ReadOut_0.readout_weights': '0.000'}
[2026-05-20 16:38:11,638][src.modRNN.training.alignment][INFO] -   align diffusion_aligned @ epoch 651: cos {'ALIFCell_0.input_weights': '0.435', 'ALIFCell_0.recurrent_weights': '0.671', 'ReadOut_0.readout_weights': '0.000'}
[2026-05-20 16:38:12,801][src.modRNN.training.alignment][INFO] -   align diffusion_per_step @ epoch 651: cos {'ALIFCell_0.input_weights': '0.403', 'ALIFCell_0.recurrent_weights': '1.078', 'ReadOut_0.readout_weights': '0.000'}
[2026-05-20 16:38:13,470][src.modRNN.training.alignment][INFO] -   align diffusion_fixed @ epoch 651: cos {'ALIFCell_0.input_weights': '0.457', 'ALIFCell_0.recurrent_weights': '0.853', 'ReadOut_0.readout_weights': '0.000'}
[2026-05-20 16:38:30,944][src.modRNN.training.alignment][INFO] - epoch 675  train loss=0.0774  (rule: diffusion)
[2026-05-20 16:38:49,118][src.modRNN.training.alignment][INFO] - epoch 700  train loss=0.0855  (rule: diffusion)
[2026-05-20 16:38:50,590][src.modRNN.training.alignment][INFO] -   align BPTT @ epoch 701: cos {'ALIFCell_0.input_weights': '0.000', 'ALIFCell_0.recurrent_weights': '0.000', 'ReadOut_0.readout_weights': '0.000'}
[2026-05-20 16:38:51,147][src.modRNN.training.alignment][INFO] -   align eprop @ epoch 701: cos {'ALIFCell_0.input_weights': '0.396', 'ALIFCell_0.recurrent_weights': '0.814', 'ReadOut_0.readout_weights': '0.000'}
[2026-05-20 16:38:51,830][src.modRNN.training.alignment][INFO] -   align diffusion_aligned @ epoch 701: cos {'ALIFCell_0.input_weights': '0.558', 'ALIFCell_0.recurrent_weights': '0.762', 'ReadOut_0.readout_weights': '0.000'}
[2026-05-20 16:38:52,992][src.modRNN.training.alignment][INFO] -   align diffusion_per_step @ epoch 701: cos {'ALIFCell_0.input_weights': '0.482', 'ALIFCell_0.recurrent_weights': '0.800', 'ReadOut_0.readout_weights': '0.000'}
[2026-05-20 16:38:53,663][src.modRNN.training.alignment][INFO] -   align diffusion_fixed @ epoch 701: cos {'ALIFCell_0.input_weights': '0.554', 'ALIFCell_0.recurrent_weights': '0.821', 'ReadOut_0.readout_weights': '0.000'}
[2026-05-20 16:39:11,118][src.modRNN.training.alignment][INFO] - epoch 725  train loss=0.0908  (rule: diffusion)
[2026-05-20 16:39:29,331][src.modRNN.training.alignment][INFO] - epoch 750  train loss=0.0654  (rule: diffusion)
[2026-05-20 16:39:30,804][src.modRNN.training.alignment][INFO] -   align BPTT @ epoch 751: cos {'ALIFCell_0.input_weights': '0.000', 'ALIFCell_0.recurrent_weights': '0.000', 'ReadOut_0.readout_weights': '0.000'}
[2026-05-20 16:39:31,355][src.modRNN.training.alignment][INFO] -   align eprop @ epoch 751: cos {'ALIFCell_0.input_weights': '0.250', 'ALIFCell_0.recurrent_weights': '1.099', 'ReadOut_0.readout_weights': '0.000'}
[2026-05-20 16:39:32,036][src.modRNN.training.alignment][INFO] -   align diffusion_aligned @ epoch 751: cos {'ALIFCell_0.input_weights': '0.461', 'ALIFCell_0.recurrent_weights': '1.115', 'ReadOut_0.readout_weights': '0.000'}
[2026-05-20 16:39:33,199][src.modRNN.training.alignment][INFO] -   align diffusion_per_step @ epoch 751: cos {'ALIFCell_0.input_weights': '0.316', 'ALIFCell_0.recurrent_weights': '1.130', 'ReadOut_0.readout_weights': '0.000'}
[2026-05-20 16:39:33,868][src.modRNN.training.alignment][INFO] -   align diffusion_fixed @ epoch 751: cos {'ALIFCell_0.input_weights': '0.430', 'ALIFCell_0.recurrent_weights': '1.163', 'ReadOut_0.readout_weights': '0.000'}
[2026-05-20 16:39:51,290][src.modRNN.training.alignment][INFO] - epoch 775  train loss=0.0465  (rule: diffusion)
[2026-05-20 16:40:09,468][src.modRNN.training.alignment][INFO] - epoch 800  train loss=0.0496  (rule: diffusion)
[2026-05-20 16:40:10,943][src.modRNN.training.alignment][INFO] -   align BPTT @ epoch 801: cos {'ALIFCell_0.input_weights': '0.000', 'ALIFCell_0.recurrent_weights': '0.000', 'ReadOut_0.readout_weights': '0.000'}
[2026-05-20 16:40:11,496][src.modRNN.training.alignment][INFO] -   align eprop @ epoch 801: cos {'ALIFCell_0.input_weights': '0.223', 'ALIFCell_0.recurrent_weights': '0.470', 'ReadOut_0.readout_weights': '0.000'}
[2026-05-20 16:40:12,176][src.modRNN.training.alignment][INFO] -   align diffusion_aligned @ epoch 801: cos {'ALIFCell_0.input_weights': '0.417', 'ALIFCell_0.recurrent_weights': '0.614', 'ReadOut_0.readout_weights': '0.000'}
[2026-05-20 16:40:13,340][src.modRNN.training.alignment][INFO] -   align diffusion_per_step @ epoch 801: cos {'ALIFCell_0.input_weights': '0.304', 'ALIFCell_0.recurrent_weights': '0.582', 'ReadOut_0.readout_weights': '0.000'}
[2026-05-20 16:40:14,009][src.modRNN.training.alignment][INFO] -   align diffusion_fixed @ epoch 801: cos {'ALIFCell_0.input_weights': '0.343', 'ALIFCell_0.recurrent_weights': '0.505', 'ReadOut_0.readout_weights': '0.000'}
[2026-05-20 16:40:31,546][src.modRNN.training.alignment][INFO] - epoch 825  train loss=0.0858  (rule: diffusion)
[2026-05-20 16:40:49,748][src.modRNN.training.alignment][INFO] - epoch 850  train loss=0.0363  (rule: diffusion)
[2026-05-20 16:40:51,222][src.modRNN.training.alignment][INFO] -   align BPTT @ epoch 851: cos {'ALIFCell_0.input_weights': '0.000', 'ALIFCell_0.recurrent_weights': '0.000', 'ReadOut_0.readout_weights': '0.000'}
[2026-05-20 16:40:51,772][src.modRNN.training.alignment][INFO] -   align eprop @ epoch 851: cos {'ALIFCell_0.input_weights': '0.244', 'ALIFCell_0.recurrent_weights': '0.299', 'ReadOut_0.readout_weights': '0.000'}
[2026-05-20 16:40:52,453][src.modRNN.training.alignment][INFO] -   align diffusion_aligned @ epoch 851: cos {'ALIFCell_0.input_weights': '0.413', 'ALIFCell_0.recurrent_weights': '0.392', 'ReadOut_0.readout_weights': '0.000'}
[2026-05-20 16:40:53,614][src.modRNN.training.alignment][INFO] -   align diffusion_per_step @ epoch 851: cos {'ALIFCell_0.input_weights': '0.287', 'ALIFCell_0.recurrent_weights': '0.388', 'ReadOut_0.readout_weights': '0.000'}
[2026-05-20 16:40:54,282][src.modRNN.training.alignment][INFO] -   align diffusion_fixed @ epoch 851: cos {'ALIFCell_0.input_weights': '0.344', 'ALIFCell_0.recurrent_weights': '0.360', 'ReadOut_0.readout_weights': '0.000'}
[2026-05-20 16:41:11,721][src.modRNN.training.alignment][INFO] - epoch 875  train loss=0.0832  (rule: diffusion)
[2026-05-20 16:41:29,900][src.modRNN.training.alignment][INFO] - epoch 900  train loss=0.0354  (rule: diffusion)
[2026-05-20 16:41:31,373][src.modRNN.training.alignment][INFO] -   align BPTT @ epoch 901: cos {'ALIFCell_0.input_weights': '0.000', 'ALIFCell_0.recurrent_weights': '0.000', 'ReadOut_0.readout_weights': '0.000'}
[2026-05-20 16:41:31,927][src.modRNN.training.alignment][INFO] -   align eprop @ epoch 901: cos {'ALIFCell_0.input_weights': '0.230', 'ALIFCell_0.recurrent_weights': '0.436', 'ReadOut_0.readout_weights': '0.000'}
[2026-05-20 16:41:32,608][src.modRNN.training.alignment][INFO] -   align diffusion_aligned @ epoch 901: cos {'ALIFCell_0.input_weights': '0.405', 'ALIFCell_0.recurrent_weights': '0.630', 'ReadOut_0.readout_weights': '0.000'}
[2026-05-20 16:41:33,772][src.modRNN.training.alignment][INFO] -   align diffusion_per_step @ epoch 901: cos {'ALIFCell_0.input_weights': '0.281', 'ALIFCell_0.recurrent_weights': '0.516', 'ReadOut_0.readout_weights': '0.000'}
[2026-05-20 16:41:34,442][src.modRNN.training.alignment][INFO] -   align diffusion_fixed @ epoch 901: cos {'ALIFCell_0.input_weights': '0.358', 'ALIFCell_0.recurrent_weights': '0.465', 'ReadOut_0.readout_weights': '0.000'}
[2026-05-20 16:41:51,913][src.modRNN.training.alignment][INFO] - epoch 925  train loss=0.0360  (rule: diffusion)
[2026-05-20 16:42:10,166][src.modRNN.training.alignment][INFO] - epoch 950  train loss=0.0324  (rule: diffusion)
[2026-05-20 16:42:11,639][src.modRNN.training.alignment][INFO] -   align BPTT @ epoch 951: cos {'ALIFCell_0.input_weights': '0.000', 'ALIFCell_0.recurrent_weights': '0.000', 'ReadOut_0.readout_weights': '0.000'}
[2026-05-20 16:42:12,191][src.modRNN.training.alignment][INFO] -   align eprop @ epoch 951: cos {'ALIFCell_0.input_weights': '0.298', 'ALIFCell_0.recurrent_weights': '0.401', 'ReadOut_0.readout_weights': '0.000'}
[2026-05-20 16:42:12,874][src.modRNN.training.alignment][INFO] -   align diffusion_aligned @ epoch 951: cos {'ALIFCell_0.input_weights': '0.553', 'ALIFCell_0.recurrent_weights': '0.534', 'ReadOut_0.readout_weights': '0.000'}
[2026-05-20 16:42:14,037][src.modRNN.training.alignment][INFO] -   align diffusion_per_step @ epoch 951: cos {'ALIFCell_0.input_weights': '0.431', 'ALIFCell_0.recurrent_weights': '0.495', 'ReadOut_0.readout_weights': '0.000'}
[2026-05-20 16:42:14,705][src.modRNN.training.alignment][INFO] -   align diffusion_fixed @ epoch 951: cos {'ALIFCell_0.input_weights': '0.447', 'ALIFCell_0.recurrent_weights': '0.358', 'ReadOut_0.readout_weights': '0.000'}
[2026-05-20 16:42:32,170][src.modRNN.training.alignment][INFO] - epoch 975  train loss=0.0255  (rule: diffusion)
[2026-05-20 16:42:50,316][src.modRNN.training.alignment][INFO] - epoch 1000  train loss=0.0548  (rule: diffusion)
[2026-05-20 16:42:51,786][src.modRNN.training.alignment][INFO] -   align BPTT @ epoch 1001: cos {'ALIFCell_0.input_weights': '0.000', 'ALIFCell_0.recurrent_weights': '0.000', 'ReadOut_0.readout_weights': '0.000'}
[2026-05-20 16:42:52,337][src.modRNN.training.alignment][INFO] -   align eprop @ epoch 1001: cos {'ALIFCell_0.input_weights': '0.282', 'ALIFCell_0.recurrent_weights': '0.626', 'ReadOut_0.readout_weights': '0.000'}
[2026-05-20 16:42:53,016][src.modRNN.training.alignment][INFO] -   align diffusion_aligned @ epoch 1001: cos {'ALIFCell_0.input_weights': '0.419', 'ALIFCell_0.recurrent_weights': '0.780', 'ReadOut_0.readout_weights': '0.000'}
[2026-05-20 16:42:54,180][src.modRNN.training.alignment][INFO] -   align diffusion_per_step @ epoch 1001: cos {'ALIFCell_0.input_weights': '0.363', 'ALIFCell_0.recurrent_weights': '0.741', 'ReadOut_0.readout_weights': '0.000'}
[2026-05-20 16:42:54,849][src.modRNN.training.alignment][INFO] -   align diffusion_fixed @ epoch 1001: cos {'ALIFCell_0.input_weights': '0.434', 'ALIFCell_0.recurrent_weights': '0.902', 'ReadOut_0.readout_weights': '0.000'}
[2026-05-20 16:43:12,308][src.modRNN.training.alignment][INFO] - epoch 1025  train loss=0.1311  (rule: diffusion)
[2026-05-20 16:43:30,521][src.modRNN.training.alignment][INFO] - epoch 1050  train loss=0.0267  (rule: diffusion)
[2026-05-20 16:43:31,996][src.modRNN.training.alignment][INFO] -   align BPTT @ epoch 1051: cos {'ALIFCell_0.input_weights': '0.000', 'ALIFCell_0.recurrent_weights': '0.000', 'ReadOut_0.readout_weights': '0.000'}
[2026-05-20 16:43:32,550][src.modRNN.training.alignment][INFO] -   align eprop @ epoch 1051: cos {'ALIFCell_0.input_weights': '0.351', 'ALIFCell_0.recurrent_weights': '0.447', 'ReadOut_0.readout_weights': '0.000'}
[2026-05-20 16:43:33,232][src.modRNN.training.alignment][INFO] -   align diffusion_aligned @ epoch 1051: cos {'ALIFCell_0.input_weights': '0.519', 'ALIFCell_0.recurrent_weights': '0.536', 'ReadOut_0.readout_weights': '0.000'}
[2026-05-20 16:43:34,396][src.modRNN.training.alignment][INFO] -   align diffusion_per_step @ epoch 1051: cos {'ALIFCell_0.input_weights': '0.485', 'ALIFCell_0.recurrent_weights': '0.559', 'ReadOut_0.readout_weights': '0.000'}
[2026-05-20 16:43:35,064][src.modRNN.training.alignment][INFO] -   align diffusion_fixed @ epoch 1051: cos {'ALIFCell_0.input_weights': '0.506', 'ALIFCell_0.recurrent_weights': '0.631', 'ReadOut_0.readout_weights': '0.000'}
[2026-05-20 16:43:52,481][src.modRNN.training.alignment][INFO] - epoch 1075  train loss=0.0733  (rule: diffusion)
[2026-05-20 16:44:10,725][src.modRNN.training.alignment][INFO] - epoch 1100  train loss=0.0247  (rule: diffusion)
[2026-05-20 16:44:12,196][src.modRNN.training.alignment][INFO] -   align BPTT @ epoch 1101: cos {'ALIFCell_0.input_weights': '0.000', 'ALIFCell_0.recurrent_weights': '0.000', 'ReadOut_0.readout_weights': '0.000'}
[2026-05-20 16:44:12,747][src.modRNN.training.alignment][INFO] -   align eprop @ epoch 1101: cos {'ALIFCell_0.input_weights': '0.597', 'ALIFCell_0.recurrent_weights': '1.212', 'ReadOut_0.readout_weights': '0.000'}
[2026-05-20 16:44:13,428][src.modRNN.training.alignment][INFO] -   align diffusion_aligned @ epoch 1101: cos {'ALIFCell_0.input_weights': '0.837', 'ALIFCell_0.recurrent_weights': '1.226', 'ReadOut_0.readout_weights': '0.000'}
[2026-05-20 16:44:14,594][src.modRNN.training.alignment][INFO] -   align diffusion_per_step @ epoch 1101: cos {'ALIFCell_0.input_weights': '0.906', 'ALIFCell_0.recurrent_weights': '1.279', 'ReadOut_0.readout_weights': '0.000'}
[2026-05-20 16:44:15,263][src.modRNN.training.alignment][INFO] -   align diffusion_fixed @ epoch 1101: cos {'ALIFCell_0.input_weights': '1.026', 'ALIFCell_0.recurrent_weights': '1.256', 'ReadOut_0.readout_weights': '0.000'}
[2026-05-20 16:44:32,709][src.modRNN.training.alignment][INFO] - epoch 1125  train loss=0.0213  (rule: diffusion)
[2026-05-20 16:44:50,837][src.modRNN.training.alignment][INFO] - epoch 1150  train loss=0.0208  (rule: diffusion)
[2026-05-20 16:44:52,308][src.modRNN.training.alignment][INFO] -   align BPTT @ epoch 1151: cos {'ALIFCell_0.input_weights': '0.000', 'ALIFCell_0.recurrent_weights': '0.000', 'ReadOut_0.readout_weights': '0.000'}
[2026-05-20 16:44:52,859][src.modRNN.training.alignment][INFO] -   align eprop @ epoch 1151: cos {'ALIFCell_0.input_weights': '0.269', 'ALIFCell_0.recurrent_weights': '0.530', 'ReadOut_0.readout_weights': '0.000'}
[2026-05-20 16:44:53,539][src.modRNN.training.alignment][INFO] -   align diffusion_aligned @ epoch 1151: cos {'ALIFCell_0.input_weights': '0.398', 'ALIFCell_0.recurrent_weights': '0.530', 'ReadOut_0.readout_weights': '0.000'}
[2026-05-20 16:44:54,702][src.modRNN.training.alignment][INFO] -   align diffusion_per_step @ epoch 1151: cos {'ALIFCell_0.input_weights': '0.367', 'ALIFCell_0.recurrent_weights': '0.569', 'ReadOut_0.readout_weights': '0.000'}
[2026-05-20 16:44:55,370][src.modRNN.training.alignment][INFO] -   align diffusion_fixed @ epoch 1151: cos {'ALIFCell_0.input_weights': '0.414', 'ALIFCell_0.recurrent_weights': '0.640', 'ReadOut_0.readout_weights': '0.000'}
[2026-05-20 16:45:12,837][src.modRNN.training.alignment][INFO] - epoch 1175  train loss=0.0209  (rule: diffusion)
[2026-05-20 16:45:31,064][src.modRNN.training.alignment][INFO] - epoch 1200  train loss=0.0721  (rule: diffusion)
[2026-05-20 16:45:32,537][src.modRNN.training.alignment][INFO] -   align BPTT @ epoch 1201: cos {'ALIFCell_0.input_weights': '0.000', 'ALIFCell_0.recurrent_weights': '0.000', 'ReadOut_0.readout_weights': '0.000'}
[2026-05-20 16:45:33,089][src.modRNN.training.alignment][INFO] -   align eprop @ epoch 1201: cos {'ALIFCell_0.input_weights': '0.354', 'ALIFCell_0.recurrent_weights': '0.628', 'ReadOut_0.readout_weights': '0.000'}
[2026-05-20 16:45:33,772][src.modRNN.training.alignment][INFO] -   align diffusion_aligned @ epoch 1201: cos {'ALIFCell_0.input_weights': '0.525', 'ALIFCell_0.recurrent_weights': '0.689', 'ReadOut_0.readout_weights': '0.000'}
[2026-05-20 16:45:34,935][src.modRNN.training.alignment][INFO] -   align diffusion_per_step @ epoch 1201: cos {'ALIFCell_0.input_weights': '0.499', 'ALIFCell_0.recurrent_weights': '0.743', 'ReadOut_0.readout_weights': '0.000'}
[2026-05-20 16:45:35,605][src.modRNN.training.alignment][INFO] -   align diffusion_fixed @ epoch 1201: cos {'ALIFCell_0.input_weights': '0.553', 'ALIFCell_0.recurrent_weights': '0.951', 'ReadOut_0.readout_weights': '0.000'}
[2026-05-20 16:45:53,182][src.modRNN.training.alignment][INFO] - epoch 1225  train loss=0.0199  (rule: diffusion)
[2026-05-20 16:46:11,505][src.modRNN.training.alignment][INFO] - epoch 1250  train loss=0.0201  (rule: diffusion)
[2026-05-20 16:46:12,981][src.modRNN.training.alignment][INFO] -   align BPTT @ epoch 1251: cos {'ALIFCell_0.input_weights': '0.000', 'ALIFCell_0.recurrent_weights': '0.000', 'ReadOut_0.readout_weights': '0.000'}
[2026-05-20 16:46:13,534][src.modRNN.training.alignment][INFO] -   align eprop @ epoch 1251: cos {'ALIFCell_0.input_weights': '0.267', 'ALIFCell_0.recurrent_weights': '0.464', 'ReadOut_0.readout_weights': '0.000'}
[2026-05-20 16:46:14,215][src.modRNN.training.alignment][INFO] -   align diffusion_aligned @ epoch 1251: cos {'ALIFCell_0.input_weights': '0.414', 'ALIFCell_0.recurrent_weights': '0.598', 'ReadOut_0.readout_weights': '0.000'}
[2026-05-20 16:46:15,379][src.modRNN.training.alignment][INFO] -   align diffusion_per_step @ epoch 1251: cos {'ALIFCell_0.input_weights': '0.346', 'ALIFCell_0.recurrent_weights': '0.578', 'ReadOut_0.readout_weights': '0.000'}
[2026-05-20 16:46:16,048][src.modRNN.training.alignment][INFO] -   align diffusion_fixed @ epoch 1251: cos {'ALIFCell_0.input_weights': '0.381', 'ALIFCell_0.recurrent_weights': '0.617', 'ReadOut_0.readout_weights': '0.000'}
[2026-05-20 16:46:33,508][src.modRNN.training.alignment][INFO] - epoch 1275  train loss=0.0169  (rule: diffusion)
[2026-05-20 16:46:51,641][src.modRNN.training.alignment][INFO] - epoch 1300  train loss=0.0177  (rule: diffusion)
[2026-05-20 16:46:53,112][src.modRNN.training.alignment][INFO] -   align BPTT @ epoch 1301: cos {'ALIFCell_0.input_weights': '0.000', 'ALIFCell_0.recurrent_weights': '0.000', 'ReadOut_0.readout_weights': '0.000'}
[2026-05-20 16:46:53,663][src.modRNN.training.alignment][INFO] -   align eprop @ epoch 1301: cos {'ALIFCell_0.input_weights': '0.327', 'ALIFCell_0.recurrent_weights': '0.547', 'ReadOut_0.readout_weights': '0.000'}
[2026-05-20 16:46:54,344][src.modRNN.training.alignment][INFO] -   align diffusion_aligned @ epoch 1301: cos {'ALIFCell_0.input_weights': '0.498', 'ALIFCell_0.recurrent_weights': '0.618', 'ReadOut_0.readout_weights': '0.000'}
[2026-05-20 16:46:55,505][src.modRNN.training.alignment][INFO] -   align diffusion_per_step @ epoch 1301: cos {'ALIFCell_0.input_weights': '0.405', 'ALIFCell_0.recurrent_weights': '0.647', 'ReadOut_0.readout_weights': '0.000'}
[2026-05-20 16:46:56,174][src.modRNN.training.alignment][INFO] -   align diffusion_fixed @ epoch 1301: cos {'ALIFCell_0.input_weights': '0.475', 'ALIFCell_0.recurrent_weights': '0.699', 'ReadOut_0.readout_weights': '0.000'}
[2026-05-20 16:47:13,651][src.modRNN.training.alignment][INFO] - epoch 1325  train loss=0.0175  (rule: diffusion)
[2026-05-20 16:47:31,855][src.modRNN.training.alignment][INFO] - epoch 1350  train loss=0.0137  (rule: diffusion)
[2026-05-20 16:47:33,327][src.modRNN.training.alignment][INFO] -   align BPTT @ epoch 1351: cos {'ALIFCell_0.input_weights': '0.000', 'ALIFCell_0.recurrent_weights': '0.000', 'ReadOut_0.readout_weights': '0.000'}
[2026-05-20 16:47:33,879][src.modRNN.training.alignment][INFO] -   align eprop @ epoch 1351: cos {'ALIFCell_0.input_weights': '0.302', 'ALIFCell_0.recurrent_weights': '0.463', 'ReadOut_0.readout_weights': '0.000'}
[2026-05-20 16:47:34,560][src.modRNN.training.alignment][INFO] -   align diffusion_aligned @ epoch 1351: cos {'ALIFCell_0.input_weights': '0.457', 'ALIFCell_0.recurrent_weights': '0.778', 'ReadOut_0.readout_weights': '0.000'}
[2026-05-20 16:47:35,725][src.modRNN.training.alignment][INFO] -   align diffusion_per_step @ epoch 1351: cos {'ALIFCell_0.input_weights': '0.347', 'ALIFCell_0.recurrent_weights': '0.701', 'ReadOut_0.readout_weights': '0.000'}
[2026-05-20 16:47:36,395][src.modRNN.training.alignment][INFO] -   align diffusion_fixed @ epoch 1351: cos {'ALIFCell_0.input_weights': '0.419', 'ALIFCell_0.recurrent_weights': '0.744', 'ReadOut_0.readout_weights': '0.000'}
[2026-05-20 16:47:53,849][src.modRNN.training.alignment][INFO] - epoch 1375  train loss=0.0155  (rule: diffusion)
[2026-05-20 16:48:12,032][src.modRNN.training.alignment][INFO] - epoch 1400  train loss=0.0152  (rule: diffusion)
[2026-05-20 16:48:13,503][src.modRNN.training.alignment][INFO] -   align BPTT @ epoch 1401: cos {'ALIFCell_0.input_weights': '0.000', 'ALIFCell_0.recurrent_weights': '0.000', 'ReadOut_0.readout_weights': '0.000'}
[2026-05-20 16:48:14,054][src.modRNN.training.alignment][INFO] -   align eprop @ epoch 1401: cos {'ALIFCell_0.input_weights': '0.254', 'ALIFCell_0.recurrent_weights': '0.532', 'ReadOut_0.readout_weights': '0.000'}
[2026-05-20 16:48:14,736][src.modRNN.training.alignment][INFO] -   align diffusion_aligned @ epoch 1401: cos {'ALIFCell_0.input_weights': '0.405', 'ALIFCell_0.recurrent_weights': '0.663', 'ReadOut_0.readout_weights': '0.000'}
[2026-05-20 16:48:15,901][src.modRNN.training.alignment][INFO] -   align diffusion_per_step @ epoch 1401: cos {'ALIFCell_0.input_weights': '0.307', 'ALIFCell_0.recurrent_weights': '0.622', 'ReadOut_0.readout_weights': '0.000'}
[2026-05-20 16:48:16,571][src.modRNN.training.alignment][INFO] -   align diffusion_fixed @ epoch 1401: cos {'ALIFCell_0.input_weights': '0.381', 'ALIFCell_0.recurrent_weights': '0.800', 'ReadOut_0.readout_weights': '0.000'}
[2026-05-20 16:48:34,025][src.modRNN.training.alignment][INFO] - epoch 1425  train loss=0.0155  (rule: diffusion)
[2026-05-20 16:48:52,156][src.modRNN.training.alignment][INFO] - epoch 1450  train loss=0.0139  (rule: diffusion)
[2026-05-20 16:48:53,625][src.modRNN.training.alignment][INFO] -   align BPTT @ epoch 1451: cos {'ALIFCell_0.input_weights': '0.000', 'ALIFCell_0.recurrent_weights': '0.000', 'ReadOut_0.readout_weights': '0.000'}
[2026-05-20 16:48:54,178][src.modRNN.training.alignment][INFO] -   align eprop @ epoch 1451: cos {'ALIFCell_0.input_weights': '0.317', 'ALIFCell_0.recurrent_weights': '0.858', 'ReadOut_0.readout_weights': '0.000'}
[2026-05-20 16:48:54,859][src.modRNN.training.alignment][INFO] -   align diffusion_aligned @ epoch 1451: cos {'ALIFCell_0.input_weights': '0.436', 'ALIFCell_0.recurrent_weights': '1.141', 'ReadOut_0.readout_weights': '0.000'}
[2026-05-20 16:48:56,025][src.modRNN.training.alignment][INFO] -   align diffusion_per_step @ epoch 1451: cos {'ALIFCell_0.input_weights': '0.407', 'ALIFCell_0.recurrent_weights': '1.208', 'ReadOut_0.readout_weights': '0.000'}
[2026-05-20 16:48:56,694][src.modRNN.training.alignment][INFO] -   align diffusion_fixed @ epoch 1451: cos {'ALIFCell_0.input_weights': '0.468', 'ALIFCell_0.recurrent_weights': '1.409', 'ReadOut_0.readout_weights': '0.000'}
[2026-05-20 16:49:14,161][src.modRNN.training.alignment][INFO] - epoch 1475  train loss=0.0776  (rule: diffusion)
[2026-05-20 16:49:32,381][src.modRNN.training.alignment][INFO] - epoch 1500  train loss=0.0141  (rule: diffusion)
[2026-05-20 16:49:33,854][src.modRNN.training.alignment][INFO] -   align BPTT @ epoch 1501: cos {'ALIFCell_0.input_weights': '0.000', 'ALIFCell_0.recurrent_weights': '0.000', 'ReadOut_0.readout_weights': '0.000'}
[2026-05-20 16:49:34,408][src.modRNN.training.alignment][INFO] -   align eprop @ epoch 1501: cos {'ALIFCell_0.input_weights': '0.304', 'ALIFCell_0.recurrent_weights': '0.662', 'ReadOut_0.readout_weights': '0.000'}
[2026-05-20 16:49:35,091][src.modRNN.training.alignment][INFO] -   align diffusion_aligned @ epoch 1501: cos {'ALIFCell_0.input_weights': '0.429', 'ALIFCell_0.recurrent_weights': '0.772', 'ReadOut_0.readout_weights': '0.000'}
[2026-05-20 16:49:36,255][src.modRNN.training.alignment][INFO] -   align diffusion_per_step @ epoch 1501: cos {'ALIFCell_0.input_weights': '0.414', 'ALIFCell_0.recurrent_weights': '0.795', 'ReadOut_0.readout_weights': '0.000'}
[2026-05-20 16:49:36,922][src.modRNN.training.alignment][INFO] -   align diffusion_fixed @ epoch 1501: cos {'ALIFCell_0.input_weights': '0.476', 'ALIFCell_0.recurrent_weights': '0.860', 'ReadOut_0.readout_weights': '0.000'}
[2026-05-20 16:49:54,371][src.modRNN.training.alignment][INFO] - epoch 1525  train loss=0.0128  (rule: diffusion)
[2026-05-20 16:50:12,600][src.modRNN.training.alignment][INFO] - epoch 1550  train loss=0.0129  (rule: diffusion)
[2026-05-20 16:50:14,072][src.modRNN.training.alignment][INFO] -   align BPTT @ epoch 1551: cos {'ALIFCell_0.input_weights': '0.000', 'ALIFCell_0.recurrent_weights': '0.000', 'ReadOut_0.readout_weights': '0.000'}
[2026-05-20 16:50:14,624][src.modRNN.training.alignment][INFO] -   align eprop @ epoch 1551: cos {'ALIFCell_0.input_weights': '0.343', 'ALIFCell_0.recurrent_weights': '0.411', 'ReadOut_0.readout_weights': '0.000'}
[2026-05-20 16:50:15,308][src.modRNN.training.alignment][INFO] -   align diffusion_aligned @ epoch 1551: cos {'ALIFCell_0.input_weights': '0.466', 'ALIFCell_0.recurrent_weights': '0.553', 'ReadOut_0.readout_weights': '0.000'}
[2026-05-20 16:50:16,473][src.modRNN.training.alignment][INFO] -   align diffusion_per_step @ epoch 1551: cos {'ALIFCell_0.input_weights': '0.386', 'ALIFCell_0.recurrent_weights': '0.515', 'ReadOut_0.readout_weights': '0.000'}
[2026-05-20 16:50:17,141][src.modRNN.training.alignment][INFO] -   align diffusion_fixed @ epoch 1551: cos {'ALIFCell_0.input_weights': '0.421', 'ALIFCell_0.recurrent_weights': '0.501', 'ReadOut_0.readout_weights': '0.000'}
[2026-05-20 16:50:34,596][src.modRNN.training.alignment][INFO] - epoch 1575  train loss=0.0115  (rule: diffusion)
[2026-05-20 16:50:52,742][src.modRNN.training.alignment][INFO] - epoch 1600  train loss=0.0106  (rule: diffusion)
[2026-05-20 16:50:54,212][src.modRNN.training.alignment][INFO] -   align BPTT @ epoch 1601: cos {'ALIFCell_0.input_weights': '0.000', 'ALIFCell_0.recurrent_weights': '0.000', 'ReadOut_0.readout_weights': '0.000'}
[2026-05-20 16:50:54,764][src.modRNN.training.alignment][INFO] -   align eprop @ epoch 1601: cos {'ALIFCell_0.input_weights': '0.425', 'ALIFCell_0.recurrent_weights': '0.490', 'ReadOut_0.readout_weights': '0.000'}
[2026-05-20 16:50:55,444][src.modRNN.training.alignment][INFO] -   align diffusion_aligned @ epoch 1601: cos {'ALIFCell_0.input_weights': '0.636', 'ALIFCell_0.recurrent_weights': '0.600', 'ReadOut_0.readout_weights': '0.000'}
[2026-05-20 16:50:56,611][src.modRNN.training.alignment][INFO] -   align diffusion_per_step @ epoch 1601: cos {'ALIFCell_0.input_weights': '0.558', 'ALIFCell_0.recurrent_weights': '0.573', 'ReadOut_0.readout_weights': '0.000'}
[2026-05-20 16:50:57,281][src.modRNN.training.alignment][INFO] -   align diffusion_fixed @ epoch 1601: cos {'ALIFCell_0.input_weights': '0.588', 'ALIFCell_0.recurrent_weights': '0.588', 'ReadOut_0.readout_weights': '0.000'}
[2026-05-20 16:51:14,769][src.modRNN.training.alignment][INFO] - epoch 1625  train loss=0.0112  (rule: diffusion)
[2026-05-20 16:51:33,007][src.modRNN.training.alignment][INFO] - epoch 1650  train loss=0.0116  (rule: diffusion)
[2026-05-20 16:51:34,480][src.modRNN.training.alignment][INFO] -   align BPTT @ epoch 1651: cos {'ALIFCell_0.input_weights': '0.000', 'ALIFCell_0.recurrent_weights': '0.000', 'ReadOut_0.readout_weights': '0.000'}
[2026-05-20 16:51:35,034][src.modRNN.training.alignment][INFO] -   align eprop @ epoch 1651: cos {'ALIFCell_0.input_weights': '0.336', 'ALIFCell_0.recurrent_weights': '0.501', 'ReadOut_0.readout_weights': '0.000'}
[2026-05-20 16:51:35,714][src.modRNN.training.alignment][INFO] -   align diffusion_aligned @ epoch 1651: cos {'ALIFCell_0.input_weights': '0.459', 'ALIFCell_0.recurrent_weights': '0.752', 'ReadOut_0.readout_weights': '0.000'}
[2026-05-20 16:51:36,878][src.modRNN.training.alignment][INFO] -   align diffusion_per_step @ epoch 1651: cos {'ALIFCell_0.input_weights': '0.408', 'ALIFCell_0.recurrent_weights': '0.676', 'ReadOut_0.readout_weights': '0.000'}
[2026-05-20 16:51:37,544][src.modRNN.training.alignment][INFO] -   align diffusion_fixed @ epoch 1651: cos {'ALIFCell_0.input_weights': '0.405', 'ALIFCell_0.recurrent_weights': '0.806', 'ReadOut_0.readout_weights': '0.000'}
[2026-05-20 16:51:55,012][src.modRNN.training.alignment][INFO] - epoch 1675  train loss=0.0108  (rule: diffusion)
[2026-05-20 16:52:13,238][src.modRNN.training.alignment][INFO] - epoch 1700  train loss=0.0114  (rule: diffusion)
[2026-05-20 16:52:14,712][src.modRNN.training.alignment][INFO] -   align BPTT @ epoch 1701: cos {'ALIFCell_0.input_weights': '0.000', 'ALIFCell_0.recurrent_weights': '0.000', 'ReadOut_0.readout_weights': '0.000'}
[2026-05-20 16:52:15,266][src.modRNN.training.alignment][INFO] -   align eprop @ epoch 1701: cos {'ALIFCell_0.input_weights': '0.387', 'ALIFCell_0.recurrent_weights': '0.536', 'ReadOut_0.readout_weights': '0.000'}
[2026-05-20 16:52:15,949][src.modRNN.training.alignment][INFO] -   align diffusion_aligned @ epoch 1701: cos {'ALIFCell_0.input_weights': '0.469', 'ALIFCell_0.recurrent_weights': '0.583', 'ReadOut_0.readout_weights': '0.000'}
[2026-05-20 16:52:17,111][src.modRNN.training.alignment][INFO] -   align diffusion_per_step @ epoch 1701: cos {'ALIFCell_0.input_weights': '0.478', 'ALIFCell_0.recurrent_weights': '0.654', 'ReadOut_0.readout_weights': '0.000'}
[2026-05-20 16:52:17,781][src.modRNN.training.alignment][INFO] -   align diffusion_fixed @ epoch 1701: cos {'ALIFCell_0.input_weights': '0.507', 'ALIFCell_0.recurrent_weights': '0.668', 'ReadOut_0.readout_weights': '0.000'}
[2026-05-20 16:52:35,239][src.modRNN.training.alignment][INFO] - epoch 1725  train loss=0.0112  (rule: diffusion)
[2026-05-20 16:52:53,405][src.modRNN.training.alignment][INFO] - epoch 1750  train loss=0.0083  (rule: diffusion)
[2026-05-20 16:52:54,878][src.modRNN.training.alignment][INFO] -   align BPTT @ epoch 1751: cos {'ALIFCell_0.input_weights': '0.000', 'ALIFCell_0.recurrent_weights': '0.000', 'ReadOut_0.readout_weights': '0.000'}
[2026-05-20 16:52:55,432][src.modRNN.training.alignment][INFO] -   align eprop @ epoch 1751: cos {'ALIFCell_0.input_weights': '0.423', 'ALIFCell_0.recurrent_weights': '0.546', 'ReadOut_0.readout_weights': '0.000'}
[2026-05-20 16:52:56,115][src.modRNN.training.alignment][INFO] -   align diffusion_aligned @ epoch 1751: cos {'ALIFCell_0.input_weights': '0.468', 'ALIFCell_0.recurrent_weights': '1.043', 'ReadOut_0.readout_weights': '0.000'}
[2026-05-20 16:52:57,278][src.modRNN.training.alignment][INFO] -   align diffusion_per_step @ epoch 1751: cos {'ALIFCell_0.input_weights': '0.502', 'ALIFCell_0.recurrent_weights': '0.948', 'ReadOut_0.readout_weights': '0.000'}
[2026-05-20 16:52:57,946][src.modRNN.training.alignment][INFO] -   align diffusion_fixed @ epoch 1751: cos {'ALIFCell_0.input_weights': '0.584', 'ALIFCell_0.recurrent_weights': '1.114', 'ReadOut_0.readout_weights': '0.000'}
[2026-05-20 16:53:15,427][src.modRNN.training.alignment][INFO] - epoch 1775  train loss=0.0091  (rule: diffusion)
[2026-05-20 16:53:33,643][src.modRNN.training.alignment][INFO] - epoch 1800  train loss=0.0100  (rule: diffusion)
[2026-05-20 16:53:35,115][src.modRNN.training.alignment][INFO] -   align BPTT @ epoch 1801: cos {'ALIFCell_0.input_weights': '0.000', 'ALIFCell_0.recurrent_weights': '0.000', 'ReadOut_0.readout_weights': '0.000'}
[2026-05-20 16:53:35,672][src.modRNN.training.alignment][INFO] -   align eprop @ epoch 1801: cos {'ALIFCell_0.input_weights': '0.348', 'ALIFCell_0.recurrent_weights': '0.560', 'ReadOut_0.readout_weights': '0.000'}
[2026-05-20 16:53:36,355][src.modRNN.training.alignment][INFO] -   align diffusion_aligned @ epoch 1801: cos {'ALIFCell_0.input_weights': '0.545', 'ALIFCell_0.recurrent_weights': '0.912', 'ReadOut_0.readout_weights': '0.000'}
[2026-05-20 16:53:37,518][src.modRNN.training.alignment][INFO] -   align diffusion_per_step @ epoch 1801: cos {'ALIFCell_0.input_weights': '0.414', 'ALIFCell_0.recurrent_weights': '0.719', 'ReadOut_0.readout_weights': '0.000'}
[2026-05-20 16:53:38,189][src.modRNN.training.alignment][INFO] -   align diffusion_fixed @ epoch 1801: cos {'ALIFCell_0.input_weights': '0.497', 'ALIFCell_0.recurrent_weights': '0.757', 'ReadOut_0.readout_weights': '0.000'}
[2026-05-20 16:53:55,626][src.modRNN.training.alignment][INFO] - epoch 1825  train loss=0.0185  (rule: diffusion)
[2026-05-20 16:54:13,855][src.modRNN.training.alignment][INFO] - epoch 1850  train loss=0.0753  (rule: diffusion)
[2026-05-20 16:54:15,327][src.modRNN.training.alignment][INFO] -   align BPTT @ epoch 1851: cos {'ALIFCell_0.input_weights': '0.000', 'ALIFCell_0.recurrent_weights': '0.000', 'ReadOut_0.readout_weights': '0.000'}
[2026-05-20 16:54:15,880][src.modRNN.training.alignment][INFO] -   align eprop @ epoch 1851: cos {'ALIFCell_0.input_weights': '0.446', 'ALIFCell_0.recurrent_weights': '0.690', 'ReadOut_0.readout_weights': '0.000'}
[2026-05-20 16:54:16,560][src.modRNN.training.alignment][INFO] -   align diffusion_aligned @ epoch 1851: cos {'ALIFCell_0.input_weights': '0.666', 'ALIFCell_0.recurrent_weights': '0.709', 'ReadOut_0.readout_weights': '0.000'}
[2026-05-20 16:54:17,722][src.modRNN.training.alignment][INFO] -   align diffusion_per_step @ epoch 1851: cos {'ALIFCell_0.input_weights': '0.529', 'ALIFCell_0.recurrent_weights': '0.539', 'ReadOut_0.readout_weights': '0.000'}
[2026-05-20 16:54:18,391][src.modRNN.training.alignment][INFO] -   align diffusion_fixed @ epoch 1851: cos {'ALIFCell_0.input_weights': '0.621', 'ALIFCell_0.recurrent_weights': '0.846', 'ReadOut_0.readout_weights': '0.000'}
[2026-05-20 16:54:35,921][src.modRNN.training.alignment][INFO] - epoch 1875  train loss=0.0745  (rule: diffusion)
[2026-05-20 16:54:54,136][src.modRNN.training.alignment][INFO] - epoch 1900  train loss=0.0078  (rule: diffusion)
[2026-05-20 16:54:55,608][src.modRNN.training.alignment][INFO] -   align BPTT @ epoch 1901: cos {'ALIFCell_0.input_weights': '0.000', 'ALIFCell_0.recurrent_weights': '0.000', 'ReadOut_0.readout_weights': '0.000'}
[2026-05-20 16:54:56,164][src.modRNN.training.alignment][INFO] -   align eprop @ epoch 1901: cos {'ALIFCell_0.input_weights': '0.349', 'ALIFCell_0.recurrent_weights': '0.518', 'ReadOut_0.readout_weights': '0.000'}
[2026-05-20 16:54:56,844][src.modRNN.training.alignment][INFO] -   align diffusion_aligned @ epoch 1901: cos {'ALIFCell_0.input_weights': '0.528', 'ALIFCell_0.recurrent_weights': '0.817', 'ReadOut_0.readout_weights': '0.000'}
[2026-05-20 16:54:58,007][src.modRNN.training.alignment][INFO] -   align diffusion_per_step @ epoch 1901: cos {'ALIFCell_0.input_weights': '0.493', 'ALIFCell_0.recurrent_weights': '0.729', 'ReadOut_0.readout_weights': '0.000'}
[2026-05-20 16:54:58,675][src.modRNN.training.alignment][INFO] -   align diffusion_fixed @ epoch 1901: cos {'ALIFCell_0.input_weights': '0.517', 'ALIFCell_0.recurrent_weights': '0.774', 'ReadOut_0.readout_weights': '0.000'}
[2026-05-20 16:55:16,150][src.modRNN.training.alignment][INFO] - epoch 1925  train loss=0.0082  (rule: diffusion)
[2026-05-20 16:55:34,366][src.modRNN.training.alignment][INFO] - epoch 1950  train loss=0.0078  (rule: diffusion)
[2026-05-20 16:55:35,837][src.modRNN.training.alignment][INFO] -   align BPTT @ epoch 1951: cos {'ALIFCell_0.input_weights': '0.000', 'ALIFCell_0.recurrent_weights': '0.000', 'ReadOut_0.readout_weights': '0.000'}
[2026-05-20 16:55:36,392][src.modRNN.training.alignment][INFO] -   align eprop @ epoch 1951: cos {'ALIFCell_0.input_weights': '0.331', 'ALIFCell_0.recurrent_weights': '0.500', 'ReadOut_0.readout_weights': '0.000'}
[2026-05-20 16:55:37,076][src.modRNN.training.alignment][INFO] -   align diffusion_aligned @ epoch 1951: cos {'ALIFCell_0.input_weights': '0.468', 'ALIFCell_0.recurrent_weights': '0.542', 'ReadOut_0.readout_weights': '0.000'}
[2026-05-20 16:55:38,238][src.modRNN.training.alignment][INFO] -   align diffusion_per_step @ epoch 1951: cos {'ALIFCell_0.input_weights': '0.436', 'ALIFCell_0.recurrent_weights': '0.580', 'ReadOut_0.readout_weights': '0.000'}
[2026-05-20 16:55:38,910][src.modRNN.training.alignment][INFO] -   align diffusion_fixed @ epoch 1951: cos {'ALIFCell_0.input_weights': '0.460', 'ALIFCell_0.recurrent_weights': '0.594', 'ReadOut_0.readout_weights': '0.000'}
[2026-05-20 16:55:56,389][src.modRNN.training.alignment][INFO] - epoch 1975  train loss=0.0735  (rule: diffusion)
[2026-05-20 16:56:14,587][src.modRNN.training.alignment][INFO] - epoch 2000  train loss=0.0078  (rule: diffusion)
[2026-05-20 16:56:16,060][src.modRNN.training.alignment][INFO] -   align BPTT @ epoch 2001: cos {'ALIFCell_0.input_weights': '0.000', 'ALIFCell_0.recurrent_weights': '0.000', 'ReadOut_0.readout_weights': '0.000'}
[2026-05-20 16:56:16,614][src.modRNN.training.alignment][INFO] -   align eprop @ epoch 2001: cos {'ALIFCell_0.input_weights': '0.295', 'ALIFCell_0.recurrent_weights': '0.469', 'ReadOut_0.readout_weights': '0.000'}
[2026-05-20 16:56:17,300][src.modRNN.training.alignment][INFO] -   align diffusion_aligned @ epoch 2001: cos {'ALIFCell_0.input_weights': '0.378', 'ALIFCell_0.recurrent_weights': '0.822', 'ReadOut_0.readout_weights': '0.000'}
[2026-05-20 16:56:18,465][src.modRNN.training.alignment][INFO] -   align diffusion_per_step @ epoch 2001: cos {'ALIFCell_0.input_weights': '0.325', 'ALIFCell_0.recurrent_weights': '0.734', 'ReadOut_0.readout_weights': '0.000'}
[2026-05-20 16:56:19,135][src.modRNN.training.alignment][INFO] -   align diffusion_fixed @ epoch 2001: cos {'ALIFCell_0.input_weights': '0.364', 'ALIFCell_0.recurrent_weights': '0.771', 'ReadOut_0.readout_weights': '0.000'}
[2026-05-20 16:56:19,166][src.modRNN.training.alignment][INFO] - Alignment experiment finished. Output dir: /mnt/lustre/work/martius/mot736/neuromodRNN/outputs/delayed_match/align_local_connectivity_diffusion/seed_155904
