[2026-06-02 18:05:12,371][jax._src.xla_bridge][INFO] - Unable to initialize backend 'rocm': module 'jaxlib.xla_extension' has no attribute 'GpuAllocatorConfig'
[2026-06-02 18:05:12,372][jax._src.xla_bridge][INFO] - Unable to initialize backend 'tpu': INTERNAL: Failed to open libtpu.so: libtpu.so: cannot open shared object file: No such file or directory
[2026-06-02 18:05:19,846][src.modRNN.training.alignment][INFO] - Starting alignment experiment: training with diffusion, measuring alignment of ['BPTT', 'eprop', 'diffusion_aligned', 'diffusion_per_step', 'diffusion_fixed'] every 50 epochs.
[2026-06-02 18:05:23,278][src.modRNN.training.alignment][INFO] - epoch 1  train loss=0.6931  (rule: diffusion)
[2026-06-02 18:05:25,201][src.modRNN.training.alignment][INFO] -   align BPTT @ epoch 1: cos {'ALIFCell_0.input_weights': '0.000', 'ALIFCell_0.recurrent_weights': '0.000', 'ReadOut_0.readout_weights': '0.000'}
[2026-06-02 18:05:26,546][src.modRNN.training.alignment][INFO] -   align eprop @ epoch 1: cos {'ALIFCell_0.input_weights': '0.350', 'ALIFCell_0.recurrent_weights': '0.217', 'ReadOut_0.readout_weights': '0.000'}
[2026-06-02 18:05:28,259][src.modRNN.training.alignment][INFO] -   align diffusion_aligned @ epoch 1: cos {'ALIFCell_0.input_weights': '0.675', 'ALIFCell_0.recurrent_weights': '0.680', 'ReadOut_0.readout_weights': '0.000'}
[2026-06-02 18:05:31,832][src.modRNN.training.alignment][INFO] -   align diffusion_per_step @ epoch 1: cos {'ALIFCell_0.input_weights': '0.396', 'ALIFCell_0.recurrent_weights': '0.318', 'ReadOut_0.readout_weights': '0.000'}
[2026-06-02 18:05:33,434][src.modRNN.training.alignment][INFO] -   align diffusion_fixed @ epoch 1: cos {'ALIFCell_0.input_weights': '0.545', 'ALIFCell_0.recurrent_weights': '0.607', 'ReadOut_0.readout_weights': '0.000'}
[2026-06-02 18:05:50,612][src.modRNN.training.alignment][INFO] - epoch 25  train loss=0.6931  (rule: diffusion)
[2026-06-02 18:06:08,582][src.modRNN.training.alignment][INFO] - epoch 50  train loss=0.6932  (rule: diffusion)
[2026-06-02 18:06:10,069][src.modRNN.training.alignment][INFO] -   align BPTT @ epoch 51: cos {'ALIFCell_0.input_weights': '0.000', 'ALIFCell_0.recurrent_weights': '0.000', 'ReadOut_0.readout_weights': '0.000'}
[2026-06-02 18:06:10,627][src.modRNN.training.alignment][INFO] -   align eprop @ epoch 51: cos {'ALIFCell_0.input_weights': '0.619', 'ALIFCell_0.recurrent_weights': '0.505', 'ReadOut_0.readout_weights': '0.000'}
[2026-06-02 18:06:11,306][src.modRNN.training.alignment][INFO] -   align diffusion_aligned @ epoch 51: cos {'ALIFCell_0.input_weights': '0.851', 'ALIFCell_0.recurrent_weights': '0.632', 'ReadOut_0.readout_weights': '0.000'}
[2026-06-02 18:06:12,458][src.modRNN.training.alignment][INFO] -   align diffusion_per_step @ epoch 51: cos {'ALIFCell_0.input_weights': '0.621', 'ALIFCell_0.recurrent_weights': '0.508', 'ReadOut_0.readout_weights': '0.000'}
[2026-06-02 18:06:13,123][src.modRNN.training.alignment][INFO] -   align diffusion_fixed @ epoch 51: cos {'ALIFCell_0.input_weights': '0.775', 'ALIFCell_0.recurrent_weights': '0.660', 'ReadOut_0.readout_weights': '0.000'}
[2026-06-02 18:06:30,431][src.modRNN.training.alignment][INFO] - epoch 75  train loss=0.6931  (rule: diffusion)
[2026-06-02 18:06:48,408][src.modRNN.training.alignment][INFO] - epoch 100  train loss=0.6826  (rule: diffusion)
[2026-06-02 18:06:49,889][src.modRNN.training.alignment][INFO] -   align BPTT @ epoch 101: cos {'ALIFCell_0.input_weights': '0.000', 'ALIFCell_0.recurrent_weights': '0.000', 'ReadOut_0.readout_weights': '0.000'}
[2026-06-02 18:06:50,445][src.modRNN.training.alignment][INFO] -   align eprop @ epoch 101: cos {'ALIFCell_0.input_weights': '0.907', 'ALIFCell_0.recurrent_weights': '0.482', 'ReadOut_0.readout_weights': '0.000'}
[2026-06-02 18:06:51,125][src.modRNN.training.alignment][INFO] -   align diffusion_aligned @ epoch 101: cos {'ALIFCell_0.input_weights': '0.751', 'ALIFCell_0.recurrent_weights': '0.445', 'ReadOut_0.readout_weights': '0.000'}
[2026-06-02 18:06:52,277][src.modRNN.training.alignment][INFO] -   align diffusion_per_step @ epoch 101: cos {'ALIFCell_0.input_weights': '0.972', 'ALIFCell_0.recurrent_weights': '0.530', 'ReadOut_0.readout_weights': '0.000'}
[2026-06-02 18:06:52,942][src.modRNN.training.alignment][INFO] -   align diffusion_fixed @ epoch 101: cos {'ALIFCell_0.input_weights': '1.062', 'ALIFCell_0.recurrent_weights': '0.593', 'ReadOut_0.readout_weights': '0.000'}
[2026-06-02 18:07:10,245][src.modRNN.training.alignment][INFO] - epoch 125  train loss=0.6407  (rule: diffusion)
[2026-06-02 18:07:28,245][src.modRNN.training.alignment][INFO] - epoch 150  train loss=0.5546  (rule: diffusion)
[2026-06-02 18:07:29,728][src.modRNN.training.alignment][INFO] -   align BPTT @ epoch 151: cos {'ALIFCell_0.input_weights': '0.000', 'ALIFCell_0.recurrent_weights': '0.000', 'ReadOut_0.readout_weights': '0.000'}
[2026-06-02 18:07:30,282][src.modRNN.training.alignment][INFO] -   align eprop @ epoch 151: cos {'ALIFCell_0.input_weights': '1.139', 'ALIFCell_0.recurrent_weights': '0.754', 'ReadOut_0.readout_weights': '0.000'}
[2026-06-02 18:07:30,965][src.modRNN.training.alignment][INFO] -   align diffusion_aligned @ epoch 151: cos {'ALIFCell_0.input_weights': '0.991', 'ALIFCell_0.recurrent_weights': '0.766', 'ReadOut_0.readout_weights': '0.000'}
[2026-06-02 18:07:32,114][src.modRNN.training.alignment][INFO] -   align diffusion_per_step @ epoch 151: cos {'ALIFCell_0.input_weights': '1.062', 'ALIFCell_0.recurrent_weights': '0.731', 'ReadOut_0.readout_weights': '0.000'}
[2026-06-02 18:07:32,780][src.modRNN.training.alignment][INFO] -   align diffusion_fixed @ epoch 151: cos {'ALIFCell_0.input_weights': '1.165', 'ALIFCell_0.recurrent_weights': '0.871', 'ReadOut_0.readout_weights': '0.000'}
[2026-06-02 18:07:50,056][src.modRNN.training.alignment][INFO] - epoch 175  train loss=0.5346  (rule: diffusion)
[2026-06-02 18:08:08,054][src.modRNN.training.alignment][INFO] - epoch 200  train loss=0.3087  (rule: diffusion)
[2026-06-02 18:08:09,536][src.modRNN.training.alignment][INFO] -   align BPTT @ epoch 201: cos {'ALIFCell_0.input_weights': '0.000', 'ALIFCell_0.recurrent_weights': '0.000', 'ReadOut_0.readout_weights': '0.000'}
[2026-06-02 18:08:10,094][src.modRNN.training.alignment][INFO] -   align eprop @ epoch 201: cos {'ALIFCell_0.input_weights': '0.887', 'ALIFCell_0.recurrent_weights': '1.030', 'ReadOut_0.readout_weights': '0.000'}
[2026-06-02 18:08:10,771][src.modRNN.training.alignment][INFO] -   align diffusion_aligned @ epoch 201: cos {'ALIFCell_0.input_weights': '0.767', 'ALIFCell_0.recurrent_weights': '1.075', 'ReadOut_0.readout_weights': '0.000'}
[2026-06-02 18:08:11,920][src.modRNN.training.alignment][INFO] -   align diffusion_per_step @ epoch 201: cos {'ALIFCell_0.input_weights': '0.898', 'ALIFCell_0.recurrent_weights': '1.055', 'ReadOut_0.readout_weights': '0.000'}
[2026-06-02 18:08:12,584][src.modRNN.training.alignment][INFO] -   align diffusion_fixed @ epoch 201: cos {'ALIFCell_0.input_weights': '0.835', 'ALIFCell_0.recurrent_weights': '0.983', 'ReadOut_0.readout_weights': '0.000'}
[2026-06-02 18:08:29,908][src.modRNN.training.alignment][INFO] - epoch 225  train loss=0.2361  (rule: diffusion)
[2026-06-02 18:08:47,894][src.modRNN.training.alignment][INFO] - epoch 250  train loss=0.1588  (rule: diffusion)
[2026-06-02 18:08:49,375][src.modRNN.training.alignment][INFO] -   align BPTT @ epoch 251: cos {'ALIFCell_0.input_weights': '0.000', 'ALIFCell_0.recurrent_weights': '0.000', 'ReadOut_0.readout_weights': '0.000'}
[2026-06-02 18:08:49,930][src.modRNN.training.alignment][INFO] -   align eprop @ epoch 251: cos {'ALIFCell_0.input_weights': '1.156', 'ALIFCell_0.recurrent_weights': '0.857', 'ReadOut_0.readout_weights': '0.000'}
[2026-06-02 18:08:50,608][src.modRNN.training.alignment][INFO] -   align diffusion_aligned @ epoch 251: cos {'ALIFCell_0.input_weights': '1.034', 'ALIFCell_0.recurrent_weights': '0.883', 'ReadOut_0.readout_weights': '0.000'}
[2026-06-02 18:08:51,758][src.modRNN.training.alignment][INFO] -   align diffusion_per_step @ epoch 251: cos {'ALIFCell_0.input_weights': '1.137', 'ALIFCell_0.recurrent_weights': '0.870', 'ReadOut_0.readout_weights': '0.000'}
[2026-06-02 18:08:52,424][src.modRNN.training.alignment][INFO] -   align diffusion_fixed @ epoch 251: cos {'ALIFCell_0.input_weights': '1.192', 'ALIFCell_0.recurrent_weights': '0.915', 'ReadOut_0.readout_weights': '0.000'}
[2026-06-02 18:09:09,746][src.modRNN.training.alignment][INFO] - epoch 275  train loss=0.1402  (rule: diffusion)
[2026-06-02 18:09:27,850][src.modRNN.training.alignment][INFO] - epoch 300  train loss=0.1126  (rule: diffusion)
[2026-06-02 18:09:29,338][src.modRNN.training.alignment][INFO] -   align BPTT @ epoch 301: cos {'ALIFCell_0.input_weights': '0.000', 'ALIFCell_0.recurrent_weights': '0.000', 'ReadOut_0.readout_weights': '0.000'}
[2026-06-02 18:09:29,896][src.modRNN.training.alignment][INFO] -   align eprop @ epoch 301: cos {'ALIFCell_0.input_weights': '1.269', 'ALIFCell_0.recurrent_weights': '1.245', 'ReadOut_0.readout_weights': '0.000'}
[2026-06-02 18:09:30,581][src.modRNN.training.alignment][INFO] -   align diffusion_aligned @ epoch 301: cos {'ALIFCell_0.input_weights': '1.137', 'ALIFCell_0.recurrent_weights': '1.232', 'ReadOut_0.readout_weights': '0.000'}
[2026-06-02 18:09:31,735][src.modRNN.training.alignment][INFO] -   align diffusion_per_step @ epoch 301: cos {'ALIFCell_0.input_weights': '1.247', 'ALIFCell_0.recurrent_weights': '1.232', 'ReadOut_0.readout_weights': '0.000'}
[2026-06-02 18:09:32,402][src.modRNN.training.alignment][INFO] -   align diffusion_fixed @ epoch 301: cos {'ALIFCell_0.input_weights': '1.322', 'ALIFCell_0.recurrent_weights': '1.283', 'ReadOut_0.readout_weights': '0.000'}
[2026-06-02 18:09:49,766][src.modRNN.training.alignment][INFO] - epoch 325  train loss=0.1140  (rule: diffusion)
[2026-06-02 18:10:07,875][src.modRNN.training.alignment][INFO] - epoch 350  train loss=0.1637  (rule: diffusion)
[2026-06-02 18:10:09,367][src.modRNN.training.alignment][INFO] -   align BPTT @ epoch 351: cos {'ALIFCell_0.input_weights': '0.000', 'ALIFCell_0.recurrent_weights': '0.000', 'ReadOut_0.readout_weights': '0.000'}
[2026-06-02 18:10:09,926][src.modRNN.training.alignment][INFO] -   align eprop @ epoch 351: cos {'ALIFCell_0.input_weights': '1.066', 'ALIFCell_0.recurrent_weights': '1.067', 'ReadOut_0.readout_weights': '0.000'}
[2026-06-02 18:10:10,611][src.modRNN.training.alignment][INFO] -   align diffusion_aligned @ epoch 351: cos {'ALIFCell_0.input_weights': '0.885', 'ALIFCell_0.recurrent_weights': '0.779', 'ReadOut_0.readout_weights': '0.000'}
[2026-06-02 18:10:11,765][src.modRNN.training.alignment][INFO] -   align diffusion_per_step @ epoch 351: cos {'ALIFCell_0.input_weights': '1.112', 'ALIFCell_0.recurrent_weights': '1.139', 'ReadOut_0.readout_weights': '0.000'}
[2026-06-02 18:10:12,435][src.modRNN.training.alignment][INFO] -   align diffusion_fixed @ epoch 351: cos {'ALIFCell_0.input_weights': '1.083', 'ALIFCell_0.recurrent_weights': '1.145', 'ReadOut_0.readout_weights': '0.000'}
[2026-06-02 18:10:29,834][src.modRNN.training.alignment][INFO] - epoch 375  train loss=0.1624  (rule: diffusion)
[2026-06-02 18:10:47,922][src.modRNN.training.alignment][INFO] - epoch 400  train loss=0.5538  (rule: diffusion)
[2026-06-02 18:10:49,410][src.modRNN.training.alignment][INFO] -   align BPTT @ epoch 401: cos {'ALIFCell_0.input_weights': '0.000', 'ALIFCell_0.recurrent_weights': '0.000', 'ReadOut_0.readout_weights': '0.000'}
[2026-06-02 18:10:49,969][src.modRNN.training.alignment][INFO] -   align eprop @ epoch 401: cos {'ALIFCell_0.input_weights': '0.704', 'ALIFCell_0.recurrent_weights': '0.809', 'ReadOut_0.readout_weights': '0.000'}
[2026-06-02 18:10:50,653][src.modRNN.training.alignment][INFO] -   align diffusion_aligned @ epoch 401: cos {'ALIFCell_0.input_weights': '0.701', 'ALIFCell_0.recurrent_weights': '0.722', 'ReadOut_0.readout_weights': '0.000'}
[2026-06-02 18:10:51,808][src.modRNN.training.alignment][INFO] -   align diffusion_per_step @ epoch 401: cos {'ALIFCell_0.input_weights': '0.715', 'ALIFCell_0.recurrent_weights': '0.823', 'ReadOut_0.readout_weights': '0.000'}
[2026-06-02 18:10:52,478][src.modRNN.training.alignment][INFO] -   align diffusion_fixed @ epoch 401: cos {'ALIFCell_0.input_weights': '0.887', 'ALIFCell_0.recurrent_weights': '0.917', 'ReadOut_0.readout_weights': '0.000'}
[2026-06-02 18:11:10,021][src.modRNN.training.alignment][INFO] - epoch 425  train loss=0.1233  (rule: diffusion)
[2026-06-02 18:11:28,292][src.modRNN.training.alignment][INFO] - epoch 450  train loss=0.1107  (rule: diffusion)
[2026-06-02 18:11:29,785][src.modRNN.training.alignment][INFO] -   align BPTT @ epoch 451: cos {'ALIFCell_0.input_weights': '0.000', 'ALIFCell_0.recurrent_weights': '0.000', 'ReadOut_0.readout_weights': '0.000'}
[2026-06-02 18:11:30,348][src.modRNN.training.alignment][INFO] -   align eprop @ epoch 451: cos {'ALIFCell_0.input_weights': '0.884', 'ALIFCell_0.recurrent_weights': '1.302', 'ReadOut_0.readout_weights': '0.000'}
[2026-06-02 18:11:31,034][src.modRNN.training.alignment][INFO] -   align diffusion_aligned @ epoch 451: cos {'ALIFCell_0.input_weights': '0.866', 'ALIFCell_0.recurrent_weights': '1.017', 'ReadOut_0.readout_weights': '0.000'}
[2026-06-02 18:11:32,189][src.modRNN.training.alignment][INFO] -   align diffusion_per_step @ epoch 451: cos {'ALIFCell_0.input_weights': '0.870', 'ALIFCell_0.recurrent_weights': '1.229', 'ReadOut_0.readout_weights': '0.000'}
[2026-06-02 18:11:32,858][src.modRNN.training.alignment][INFO] -   align diffusion_fixed @ epoch 451: cos {'ALIFCell_0.input_weights': '1.141', 'ALIFCell_0.recurrent_weights': '1.508', 'ReadOut_0.readout_weights': '0.000'}
[2026-06-02 18:11:50,193][src.modRNN.training.alignment][INFO] - epoch 475  train loss=0.1433  (rule: diffusion)
[2026-06-02 18:12:08,272][src.modRNN.training.alignment][INFO] - epoch 500  train loss=0.5314  (rule: diffusion)
[2026-06-02 18:12:09,762][src.modRNN.training.alignment][INFO] -   align BPTT @ epoch 501: cos {'ALIFCell_0.input_weights': '0.000', 'ALIFCell_0.recurrent_weights': '0.000', 'ReadOut_0.readout_weights': '0.000'}
[2026-06-02 18:12:10,318][src.modRNN.training.alignment][INFO] -   align eprop @ epoch 501: cos {'ALIFCell_0.input_weights': '0.935', 'ALIFCell_0.recurrent_weights': '0.750', 'ReadOut_0.readout_weights': '0.000'}
[2026-06-02 18:12:11,000][src.modRNN.training.alignment][INFO] -   align diffusion_aligned @ epoch 501: cos {'ALIFCell_0.input_weights': '0.780', 'ALIFCell_0.recurrent_weights': '0.632', 'ReadOut_0.readout_weights': '0.000'}
[2026-06-02 18:12:12,156][src.modRNN.training.alignment][INFO] -   align diffusion_per_step @ epoch 501: cos {'ALIFCell_0.input_weights': '0.957', 'ALIFCell_0.recurrent_weights': '0.762', 'ReadOut_0.readout_weights': '0.000'}
[2026-06-02 18:12:12,824][src.modRNN.training.alignment][INFO] -   align diffusion_fixed @ epoch 501: cos {'ALIFCell_0.input_weights': '1.003', 'ALIFCell_0.recurrent_weights': '0.828', 'ReadOut_0.readout_weights': '0.000'}
[2026-06-02 18:12:30,261][src.modRNN.training.alignment][INFO] - epoch 525  train loss=0.4985  (rule: diffusion)
[2026-06-02 18:12:48,350][src.modRNN.training.alignment][INFO] - epoch 550  train loss=0.5782  (rule: diffusion)
[2026-06-02 18:12:49,837][src.modRNN.training.alignment][INFO] -   align BPTT @ epoch 551: cos {'ALIFCell_0.input_weights': '0.000', 'ALIFCell_0.recurrent_weights': '0.000', 'ReadOut_0.readout_weights': '0.000'}
[2026-06-02 18:12:50,394][src.modRNN.training.alignment][INFO] -   align eprop @ epoch 551: cos {'ALIFCell_0.input_weights': '1.063', 'ALIFCell_0.recurrent_weights': '0.838', 'ReadOut_0.readout_weights': '0.000'}
[2026-06-02 18:12:51,076][src.modRNN.training.alignment][INFO] -   align diffusion_aligned @ epoch 551: cos {'ALIFCell_0.input_weights': '0.957', 'ALIFCell_0.recurrent_weights': '0.800', 'ReadOut_0.readout_weights': '0.000'}
[2026-06-02 18:12:52,231][src.modRNN.training.alignment][INFO] -   align diffusion_per_step @ epoch 551: cos {'ALIFCell_0.input_weights': '1.079', 'ALIFCell_0.recurrent_weights': '0.867', 'ReadOut_0.readout_weights': '0.000'}
[2026-06-02 18:12:52,899][src.modRNN.training.alignment][INFO] -   align diffusion_fixed @ epoch 551: cos {'ALIFCell_0.input_weights': '1.134', 'ALIFCell_0.recurrent_weights': '0.871', 'ReadOut_0.readout_weights': '0.000'}
[2026-06-02 18:13:10,328][src.modRNN.training.alignment][INFO] - epoch 575  train loss=0.4987  (rule: diffusion)
[2026-06-02 18:13:28,428][src.modRNN.training.alignment][INFO] - epoch 600  train loss=0.7170  (rule: diffusion)
[2026-06-02 18:13:29,917][src.modRNN.training.alignment][INFO] -   align BPTT @ epoch 601: cos {'ALIFCell_0.input_weights': '0.000', 'ALIFCell_0.recurrent_weights': '0.000', 'ReadOut_0.readout_weights': '0.000'}
[2026-06-02 18:13:30,475][src.modRNN.training.alignment][INFO] -   align eprop @ epoch 601: cos {'ALIFCell_0.input_weights': '1.113', 'ALIFCell_0.recurrent_weights': '1.266', 'ReadOut_0.readout_weights': '0.000'}
[2026-06-02 18:13:31,158][src.modRNN.training.alignment][INFO] -   align diffusion_aligned @ epoch 601: cos {'ALIFCell_0.input_weights': '1.008', 'ALIFCell_0.recurrent_weights': '0.940', 'ReadOut_0.readout_weights': '0.000'}
[2026-06-02 18:13:32,313][src.modRNN.training.alignment][INFO] -   align diffusion_per_step @ epoch 601: cos {'ALIFCell_0.input_weights': '1.142', 'ALIFCell_0.recurrent_weights': '1.483', 'ReadOut_0.readout_weights': '0.000'}
[2026-06-02 18:13:32,981][src.modRNN.training.alignment][INFO] -   align diffusion_fixed @ epoch 601: cos {'ALIFCell_0.input_weights': '1.144', 'ALIFCell_0.recurrent_weights': '1.235', 'ReadOut_0.readout_weights': '0.000'}
[2026-06-02 18:13:50,348][src.modRNN.training.alignment][INFO] - epoch 625  train loss=0.4805  (rule: diffusion)
[2026-06-02 18:14:08,448][src.modRNN.training.alignment][INFO] - epoch 650  train loss=0.3339  (rule: diffusion)
[2026-06-02 18:14:09,938][src.modRNN.training.alignment][INFO] -   align BPTT @ epoch 651: cos {'ALIFCell_0.input_weights': '0.000', 'ALIFCell_0.recurrent_weights': '0.000', 'ReadOut_0.readout_weights': '0.000'}
[2026-06-02 18:14:10,497][src.modRNN.training.alignment][INFO] -   align eprop @ epoch 651: cos {'ALIFCell_0.input_weights': '1.048', 'ALIFCell_0.recurrent_weights': '1.186', 'ReadOut_0.readout_weights': '0.000'}
[2026-06-02 18:14:11,181][src.modRNN.training.alignment][INFO] -   align diffusion_aligned @ epoch 651: cos {'ALIFCell_0.input_weights': '0.912', 'ALIFCell_0.recurrent_weights': '0.989', 'ReadOut_0.readout_weights': '0.000'}
[2026-06-02 18:14:12,337][src.modRNN.training.alignment][INFO] -   align diffusion_per_step @ epoch 651: cos {'ALIFCell_0.input_weights': '1.081', 'ALIFCell_0.recurrent_weights': '1.199', 'ReadOut_0.readout_weights': '0.000'}
[2026-06-02 18:14:13,005][src.modRNN.training.alignment][INFO] -   align diffusion_fixed @ epoch 651: cos {'ALIFCell_0.input_weights': '1.198', 'ALIFCell_0.recurrent_weights': '1.278', 'ReadOut_0.readout_weights': '0.000'}
[2026-06-02 18:14:30,442][src.modRNN.training.alignment][INFO] - epoch 675  train loss=0.2784  (rule: diffusion)
[2026-06-02 18:14:48,531][src.modRNN.training.alignment][INFO] - epoch 700  train loss=0.2674  (rule: diffusion)
[2026-06-02 18:14:50,022][src.modRNN.training.alignment][INFO] -   align BPTT @ epoch 701: cos {'ALIFCell_0.input_weights': '0.000', 'ALIFCell_0.recurrent_weights': '0.000', 'ReadOut_0.readout_weights': '0.000'}
[2026-06-02 18:14:50,576][src.modRNN.training.alignment][INFO] -   align eprop @ epoch 701: cos {'ALIFCell_0.input_weights': '0.745', 'ALIFCell_0.recurrent_weights': '0.714', 'ReadOut_0.readout_weights': '0.000'}
[2026-06-02 18:14:51,259][src.modRNN.training.alignment][INFO] -   align diffusion_aligned @ epoch 701: cos {'ALIFCell_0.input_weights': '0.563', 'ALIFCell_0.recurrent_weights': '0.567', 'ReadOut_0.readout_weights': '0.000'}
[2026-06-02 18:14:52,414][src.modRNN.training.alignment][INFO] -   align diffusion_per_step @ epoch 701: cos {'ALIFCell_0.input_weights': '0.805', 'ALIFCell_0.recurrent_weights': '0.765', 'ReadOut_0.readout_weights': '0.000'}
[2026-06-02 18:14:53,083][src.modRNN.training.alignment][INFO] -   align diffusion_fixed @ epoch 701: cos {'ALIFCell_0.input_weights': '0.709', 'ALIFCell_0.recurrent_weights': '0.670', 'ReadOut_0.readout_weights': '0.000'}
[2026-06-02 18:15:10,456][src.modRNN.training.alignment][INFO] - epoch 725  train loss=0.7852  (rule: diffusion)
[2026-06-02 18:15:28,547][src.modRNN.training.alignment][INFO] - epoch 750  train loss=0.5805  (rule: diffusion)
[2026-06-02 18:15:30,034][src.modRNN.training.alignment][INFO] -   align BPTT @ epoch 751: cos {'ALIFCell_0.input_weights': '0.000', 'ALIFCell_0.recurrent_weights': '0.000', 'ReadOut_0.readout_weights': '0.000'}
[2026-06-02 18:15:30,591][src.modRNN.training.alignment][INFO] -   align eprop @ epoch 751: cos {'ALIFCell_0.input_weights': '1.114', 'ALIFCell_0.recurrent_weights': '1.118', 'ReadOut_0.readout_weights': '0.000'}
[2026-06-02 18:15:31,275][src.modRNN.training.alignment][INFO] -   align diffusion_aligned @ epoch 751: cos {'ALIFCell_0.input_weights': '1.083', 'ALIFCell_0.recurrent_weights': '1.022', 'ReadOut_0.readout_weights': '0.000'}
[2026-06-02 18:15:32,434][src.modRNN.training.alignment][INFO] -   align diffusion_per_step @ epoch 751: cos {'ALIFCell_0.input_weights': '1.108', 'ALIFCell_0.recurrent_weights': '1.150', 'ReadOut_0.readout_weights': '0.000'}
[2026-06-02 18:15:33,101][src.modRNN.training.alignment][INFO] -   align diffusion_fixed @ epoch 751: cos {'ALIFCell_0.input_weights': '1.148', 'ALIFCell_0.recurrent_weights': '1.117', 'ReadOut_0.readout_weights': '0.000'}
[2026-06-02 18:15:50,446][src.modRNN.training.alignment][INFO] - epoch 775  train loss=0.4339  (rule: diffusion)
[2026-06-02 18:16:08,530][src.modRNN.training.alignment][INFO] - epoch 800  train loss=0.2883  (rule: diffusion)
[2026-06-02 18:16:10,018][src.modRNN.training.alignment][INFO] -   align BPTT @ epoch 801: cos {'ALIFCell_0.input_weights': '0.000', 'ALIFCell_0.recurrent_weights': '0.000', 'ReadOut_0.readout_weights': '0.000'}
[2026-06-02 18:16:10,575][src.modRNN.training.alignment][INFO] -   align eprop @ epoch 801: cos {'ALIFCell_0.input_weights': '1.141', 'ALIFCell_0.recurrent_weights': '1.049', 'ReadOut_0.readout_weights': '0.000'}
[2026-06-02 18:16:11,255][src.modRNN.training.alignment][INFO] -   align diffusion_aligned @ epoch 801: cos {'ALIFCell_0.input_weights': '1.047', 'ALIFCell_0.recurrent_weights': '0.989', 'ReadOut_0.readout_weights': '0.000'}
[2026-06-02 18:16:12,411][src.modRNN.training.alignment][INFO] -   align diffusion_per_step @ epoch 801: cos {'ALIFCell_0.input_weights': '1.139', 'ALIFCell_0.recurrent_weights': '1.076', 'ReadOut_0.readout_weights': '0.000'}
[2026-06-02 18:16:13,078][src.modRNN.training.alignment][INFO] -   align diffusion_fixed @ epoch 801: cos {'ALIFCell_0.input_weights': '1.162', 'ALIFCell_0.recurrent_weights': '1.024', 'ReadOut_0.readout_weights': '0.000'}
[2026-06-02 18:16:30,489][src.modRNN.training.alignment][INFO] - epoch 825  train loss=0.1225  (rule: diffusion)
[2026-06-02 18:16:48,562][src.modRNN.training.alignment][INFO] - epoch 850  train loss=0.1770  (rule: diffusion)
[2026-06-02 18:16:50,052][src.modRNN.training.alignment][INFO] -   align BPTT @ epoch 851: cos {'ALIFCell_0.input_weights': '0.000', 'ALIFCell_0.recurrent_weights': '0.000', 'ReadOut_0.readout_weights': '0.000'}
[2026-06-02 18:16:50,609][src.modRNN.training.alignment][INFO] -   align eprop @ epoch 851: cos {'ALIFCell_0.input_weights': '1.206', 'ALIFCell_0.recurrent_weights': '1.388', 'ReadOut_0.readout_weights': '0.000'}
[2026-06-02 18:16:51,291][src.modRNN.training.alignment][INFO] -   align diffusion_aligned @ epoch 851: cos {'ALIFCell_0.input_weights': '1.162', 'ALIFCell_0.recurrent_weights': '1.320', 'ReadOut_0.readout_weights': '0.000'}
[2026-06-02 18:16:52,445][src.modRNN.training.alignment][INFO] -   align diffusion_per_step @ epoch 851: cos {'ALIFCell_0.input_weights': '1.214', 'ALIFCell_0.recurrent_weights': '1.409', 'ReadOut_0.readout_weights': '0.000'}
[2026-06-02 18:16:53,114][src.modRNN.training.alignment][INFO] -   align diffusion_fixed @ epoch 851: cos {'ALIFCell_0.input_weights': '1.228', 'ALIFCell_0.recurrent_weights': '1.377', 'ReadOut_0.readout_weights': '0.000'}
[2026-06-02 18:17:10,494][src.modRNN.training.alignment][INFO] - epoch 875  train loss=0.0817  (rule: diffusion)
[2026-06-02 18:17:28,603][src.modRNN.training.alignment][INFO] - epoch 900  train loss=0.1428  (rule: diffusion)
[2026-06-02 18:17:30,094][src.modRNN.training.alignment][INFO] -   align BPTT @ epoch 901: cos {'ALIFCell_0.input_weights': '0.000', 'ALIFCell_0.recurrent_weights': '0.000', 'ReadOut_0.readout_weights': '0.000'}
[2026-06-02 18:17:30,651][src.modRNN.training.alignment][INFO] -   align eprop @ epoch 901: cos {'ALIFCell_0.input_weights': '1.266', 'ALIFCell_0.recurrent_weights': '1.273', 'ReadOut_0.readout_weights': '0.000'}
[2026-06-02 18:17:31,335][src.modRNN.training.alignment][INFO] -   align diffusion_aligned @ epoch 901: cos {'ALIFCell_0.input_weights': '1.117', 'ALIFCell_0.recurrent_weights': '1.124', 'ReadOut_0.readout_weights': '0.000'}
[2026-06-02 18:17:32,490][src.modRNN.training.alignment][INFO] -   align diffusion_per_step @ epoch 901: cos {'ALIFCell_0.input_weights': '1.264', 'ALIFCell_0.recurrent_weights': '1.289', 'ReadOut_0.readout_weights': '0.000'}
[2026-06-02 18:17:33,157][src.modRNN.training.alignment][INFO] -   align diffusion_fixed @ epoch 901: cos {'ALIFCell_0.input_weights': '1.268', 'ALIFCell_0.recurrent_weights': '1.300', 'ReadOut_0.readout_weights': '0.000'}
[2026-06-02 18:17:50,525][src.modRNN.training.alignment][INFO] - epoch 925  train loss=0.1380  (rule: diffusion)
[2026-06-02 18:18:08,674][src.modRNN.training.alignment][INFO] - epoch 950  train loss=0.1091  (rule: diffusion)
[2026-06-02 18:18:10,165][src.modRNN.training.alignment][INFO] -   align BPTT @ epoch 951: cos {'ALIFCell_0.input_weights': '0.000', 'ALIFCell_0.recurrent_weights': '0.000', 'ReadOut_0.readout_weights': '0.000'}
[2026-06-02 18:18:10,722][src.modRNN.training.alignment][INFO] -   align eprop @ epoch 951: cos {'ALIFCell_0.input_weights': '1.316', 'ALIFCell_0.recurrent_weights': '1.121', 'ReadOut_0.readout_weights': '0.000'}
[2026-06-02 18:18:11,403][src.modRNN.training.alignment][INFO] -   align diffusion_aligned @ epoch 951: cos {'ALIFCell_0.input_weights': '1.202', 'ALIFCell_0.recurrent_weights': '1.076', 'ReadOut_0.readout_weights': '0.000'}
[2026-06-02 18:18:12,557][src.modRNN.training.alignment][INFO] -   align diffusion_per_step @ epoch 951: cos {'ALIFCell_0.input_weights': '1.309', 'ALIFCell_0.recurrent_weights': '1.125', 'ReadOut_0.readout_weights': '0.000'}
[2026-06-02 18:18:13,228][src.modRNN.training.alignment][INFO] -   align diffusion_fixed @ epoch 951: cos {'ALIFCell_0.input_weights': '1.256', 'ALIFCell_0.recurrent_weights': '1.151', 'ReadOut_0.readout_weights': '0.000'}
[2026-06-02 18:18:30,603][src.modRNN.training.alignment][INFO] - epoch 975  train loss=0.1091  (rule: diffusion)
[2026-06-02 18:18:48,723][src.modRNN.training.alignment][INFO] - epoch 1000  train loss=0.0996  (rule: diffusion)
[2026-06-02 18:18:50,213][src.modRNN.training.alignment][INFO] -   align BPTT @ epoch 1001: cos {'ALIFCell_0.input_weights': '0.000', 'ALIFCell_0.recurrent_weights': '0.000', 'ReadOut_0.readout_weights': '0.000'}
[2026-06-02 18:18:50,770][src.modRNN.training.alignment][INFO] -   align eprop @ epoch 1001: cos {'ALIFCell_0.input_weights': '1.256', 'ALIFCell_0.recurrent_weights': '1.242', 'ReadOut_0.readout_weights': '0.000'}
[2026-06-02 18:18:51,452][src.modRNN.training.alignment][INFO] -   align diffusion_aligned @ epoch 1001: cos {'ALIFCell_0.input_weights': '1.193', 'ALIFCell_0.recurrent_weights': '1.084', 'ReadOut_0.readout_weights': '0.000'}
[2026-06-02 18:18:52,607][src.modRNN.training.alignment][INFO] -   align diffusion_per_step @ epoch 1001: cos {'ALIFCell_0.input_weights': '1.275', 'ALIFCell_0.recurrent_weights': '1.283', 'ReadOut_0.readout_weights': '0.000'}
[2026-06-02 18:18:53,277][src.modRNN.training.alignment][INFO] -   align diffusion_fixed @ epoch 1001: cos {'ALIFCell_0.input_weights': '1.279', 'ALIFCell_0.recurrent_weights': '1.259', 'ReadOut_0.readout_weights': '0.000'}
[2026-06-02 18:19:10,641][src.modRNN.training.alignment][INFO] - epoch 1025  train loss=0.1754  (rule: diffusion)
[2026-06-02 18:19:28,724][src.modRNN.training.alignment][INFO] - epoch 1050  train loss=0.1194  (rule: diffusion)
[2026-06-02 18:19:30,213][src.modRNN.training.alignment][INFO] -   align BPTT @ epoch 1051: cos {'ALIFCell_0.input_weights': '0.000', 'ALIFCell_0.recurrent_weights': '0.000', 'ReadOut_0.readout_weights': '0.000'}
[2026-06-02 18:19:30,771][src.modRNN.training.alignment][INFO] -   align eprop @ epoch 1051: cos {'ALIFCell_0.input_weights': '1.345', 'ALIFCell_0.recurrent_weights': '1.423', 'ReadOut_0.readout_weights': '0.000'}
[2026-06-02 18:19:31,458][src.modRNN.training.alignment][INFO] -   align diffusion_aligned @ epoch 1051: cos {'ALIFCell_0.input_weights': '1.258', 'ALIFCell_0.recurrent_weights': '1.329', 'ReadOut_0.readout_weights': '0.000'}
[2026-06-02 18:19:32,612][src.modRNN.training.alignment][INFO] -   align diffusion_per_step @ epoch 1051: cos {'ALIFCell_0.input_weights': '1.384', 'ALIFCell_0.recurrent_weights': '1.440', 'ReadOut_0.readout_weights': '0.000'}
[2026-06-02 18:19:33,285][src.modRNN.training.alignment][INFO] -   align diffusion_fixed @ epoch 1051: cos {'ALIFCell_0.input_weights': '1.386', 'ALIFCell_0.recurrent_weights': '1.467', 'ReadOut_0.readout_weights': '0.000'}
[2026-06-02 18:19:50,670][src.modRNN.training.alignment][INFO] - epoch 1075  train loss=0.1597  (rule: diffusion)
[2026-06-02 18:20:08,774][src.modRNN.training.alignment][INFO] - epoch 1100  train loss=0.1424  (rule: diffusion)
[2026-06-02 18:20:10,262][src.modRNN.training.alignment][INFO] -   align BPTT @ epoch 1101: cos {'ALIFCell_0.input_weights': '0.000', 'ALIFCell_0.recurrent_weights': '0.000', 'ReadOut_0.readout_weights': '0.000'}
[2026-06-02 18:20:10,822][src.modRNN.training.alignment][INFO] -   align eprop @ epoch 1101: cos {'ALIFCell_0.input_weights': '1.123', 'ALIFCell_0.recurrent_weights': '1.132', 'ReadOut_0.readout_weights': '0.000'}
[2026-06-02 18:20:11,504][src.modRNN.training.alignment][INFO] -   align diffusion_aligned @ epoch 1101: cos {'ALIFCell_0.input_weights': '1.094', 'ALIFCell_0.recurrent_weights': '1.016', 'ReadOut_0.readout_weights': '0.000'}
[2026-06-02 18:20:12,660][src.modRNN.training.alignment][INFO] -   align diffusion_per_step @ epoch 1101: cos {'ALIFCell_0.input_weights': '1.147', 'ALIFCell_0.recurrent_weights': '1.256', 'ReadOut_0.readout_weights': '0.000'}
[2026-06-02 18:20:13,328][src.modRNN.training.alignment][INFO] -   align diffusion_fixed @ epoch 1101: cos {'ALIFCell_0.input_weights': '1.213', 'ALIFCell_0.recurrent_weights': '1.326', 'ReadOut_0.readout_weights': '0.000'}
[2026-06-02 18:20:30,717][src.modRNN.training.alignment][INFO] - epoch 1125  train loss=0.0350  (rule: diffusion)
[2026-06-02 18:20:48,801][src.modRNN.training.alignment][INFO] - epoch 1150  train loss=0.0308  (rule: diffusion)
[2026-06-02 18:20:50,289][src.modRNN.training.alignment][INFO] -   align BPTT @ epoch 1151: cos {'ALIFCell_0.input_weights': '0.000', 'ALIFCell_0.recurrent_weights': '0.000', 'ReadOut_0.readout_weights': '0.000'}
[2026-06-02 18:20:50,850][src.modRNN.training.alignment][INFO] -   align eprop @ epoch 1151: cos {'ALIFCell_0.input_weights': '1.166', 'ALIFCell_0.recurrent_weights': '1.285', 'ReadOut_0.readout_weights': '0.000'}
[2026-06-02 18:20:51,534][src.modRNN.training.alignment][INFO] -   align diffusion_aligned @ epoch 1151: cos {'ALIFCell_0.input_weights': '1.022', 'ALIFCell_0.recurrent_weights': '0.765', 'ReadOut_0.readout_weights': '0.000'}
[2026-06-02 18:20:52,693][src.modRNN.training.alignment][INFO] -   align diffusion_per_step @ epoch 1151: cos {'ALIFCell_0.input_weights': '1.159', 'ALIFCell_0.recurrent_weights': '1.520', 'ReadOut_0.readout_weights': '0.000'}
[2026-06-02 18:20:53,361][src.modRNN.training.alignment][INFO] -   align diffusion_fixed @ epoch 1151: cos {'ALIFCell_0.input_weights': '1.271', 'ALIFCell_0.recurrent_weights': '1.352', 'ReadOut_0.readout_weights': '0.000'}
[2026-06-02 18:21:10,738][src.modRNN.training.alignment][INFO] - epoch 1175  train loss=0.0486  (rule: diffusion)
[2026-06-02 18:21:28,872][src.modRNN.training.alignment][INFO] - epoch 1200  train loss=0.0948  (rule: diffusion)
[2026-06-02 18:21:30,362][src.modRNN.training.alignment][INFO] -   align BPTT @ epoch 1201: cos {'ALIFCell_0.input_weights': '0.000', 'ALIFCell_0.recurrent_weights': '0.000', 'ReadOut_0.readout_weights': '0.000'}
[2026-06-02 18:21:30,922][src.modRNN.training.alignment][INFO] -   align eprop @ epoch 1201: cos {'ALIFCell_0.input_weights': '1.418', 'ALIFCell_0.recurrent_weights': '1.365', 'ReadOut_0.readout_weights': '0.000'}
[2026-06-02 18:21:31,603][src.modRNN.training.alignment][INFO] -   align diffusion_aligned @ epoch 1201: cos {'ALIFCell_0.input_weights': '1.259', 'ALIFCell_0.recurrent_weights': '1.265', 'ReadOut_0.readout_weights': '0.000'}
[2026-06-02 18:21:32,757][src.modRNN.training.alignment][INFO] -   align diffusion_per_step @ epoch 1201: cos {'ALIFCell_0.input_weights': '1.454', 'ALIFCell_0.recurrent_weights': '1.376', 'ReadOut_0.readout_weights': '0.000'}
[2026-06-02 18:21:33,425][src.modRNN.training.alignment][INFO] -   align diffusion_fixed @ epoch 1201: cos {'ALIFCell_0.input_weights': '1.381', 'ALIFCell_0.recurrent_weights': '1.365', 'ReadOut_0.readout_weights': '0.000'}
[2026-06-02 18:21:50,819][src.modRNN.training.alignment][INFO] - epoch 1225  train loss=0.0352  (rule: diffusion)
[2026-06-02 18:22:08,940][src.modRNN.training.alignment][INFO] - epoch 1250  train loss=0.0947  (rule: diffusion)
[2026-06-02 18:22:10,430][src.modRNN.training.alignment][INFO] -   align BPTT @ epoch 1251: cos {'ALIFCell_0.input_weights': '0.000', 'ALIFCell_0.recurrent_weights': '0.000', 'ReadOut_0.readout_weights': '0.000'}
[2026-06-02 18:22:10,988][src.modRNN.training.alignment][INFO] -   align eprop @ epoch 1251: cos {'ALIFCell_0.input_weights': '0.952', 'ALIFCell_0.recurrent_weights': '1.167', 'ReadOut_0.readout_weights': '0.000'}
[2026-06-02 18:22:11,672][src.modRNN.training.alignment][INFO] -   align diffusion_aligned @ epoch 1251: cos {'ALIFCell_0.input_weights': '0.872', 'ALIFCell_0.recurrent_weights': '0.932', 'ReadOut_0.readout_weights': '0.000'}
[2026-06-02 18:22:12,829][src.modRNN.training.alignment][INFO] -   align diffusion_per_step @ epoch 1251: cos {'ALIFCell_0.input_weights': '0.968', 'ALIFCell_0.recurrent_weights': '1.335', 'ReadOut_0.readout_weights': '0.000'}
[2026-06-02 18:22:13,498][src.modRNN.training.alignment][INFO] -   align diffusion_fixed @ epoch 1251: cos {'ALIFCell_0.input_weights': '0.992', 'ALIFCell_0.recurrent_weights': '1.308', 'ReadOut_0.readout_weights': '0.000'}
[2026-06-02 18:22:30,890][src.modRNN.training.alignment][INFO] - epoch 1275  train loss=0.0264  (rule: diffusion)
[2026-06-02 18:22:48,997][src.modRNN.training.alignment][INFO] - epoch 1300  train loss=0.0823  (rule: diffusion)
[2026-06-02 18:22:50,487][src.modRNN.training.alignment][INFO] -   align BPTT @ epoch 1301: cos {'ALIFCell_0.input_weights': '0.000', 'ALIFCell_0.recurrent_weights': '0.000', 'ReadOut_0.readout_weights': '0.000'}
[2026-06-02 18:22:51,046][src.modRNN.training.alignment][INFO] -   align eprop @ epoch 1301: cos {'ALIFCell_0.input_weights': '1.171', 'ALIFCell_0.recurrent_weights': '1.087', 'ReadOut_0.readout_weights': '0.000'}
[2026-06-02 18:22:51,728][src.modRNN.training.alignment][INFO] -   align diffusion_aligned @ epoch 1301: cos {'ALIFCell_0.input_weights': '0.949', 'ALIFCell_0.recurrent_weights': '0.835', 'ReadOut_0.readout_weights': '0.000'}
[2026-06-02 18:22:52,884][src.modRNN.training.alignment][INFO] -   align diffusion_per_step @ epoch 1301: cos {'ALIFCell_0.input_weights': '1.225', 'ALIFCell_0.recurrent_weights': '1.165', 'ReadOut_0.readout_weights': '0.000'}
[2026-06-02 18:22:53,553][src.modRNN.training.alignment][INFO] -   align diffusion_fixed @ epoch 1301: cos {'ALIFCell_0.input_weights': '1.128', 'ALIFCell_0.recurrent_weights': '1.098', 'ReadOut_0.readout_weights': '0.000'}
[2026-06-02 18:23:10,925][src.modRNN.training.alignment][INFO] - epoch 1325  train loss=0.0259  (rule: diffusion)
[2026-06-02 18:23:29,020][src.modRNN.training.alignment][INFO] - epoch 1350  train loss=0.0889  (rule: diffusion)
[2026-06-02 18:23:30,511][src.modRNN.training.alignment][INFO] -   align BPTT @ epoch 1351: cos {'ALIFCell_0.input_weights': '0.000', 'ALIFCell_0.recurrent_weights': '0.000', 'ReadOut_0.readout_weights': '0.000'}
[2026-06-02 18:23:31,067][src.modRNN.training.alignment][INFO] -   align eprop @ epoch 1351: cos {'ALIFCell_0.input_weights': '1.175', 'ALIFCell_0.recurrent_weights': '1.243', 'ReadOut_0.readout_weights': '0.000'}
[2026-06-02 18:23:31,747][src.modRNN.training.alignment][INFO] -   align diffusion_aligned @ epoch 1351: cos {'ALIFCell_0.input_weights': '1.159', 'ALIFCell_0.recurrent_weights': '1.380', 'ReadOut_0.readout_weights': '0.000'}
[2026-06-02 18:23:32,902][src.modRNN.training.alignment][INFO] -   align diffusion_per_step @ epoch 1351: cos {'ALIFCell_0.input_weights': '1.184', 'ALIFCell_0.recurrent_weights': '1.223', 'ReadOut_0.readout_weights': '0.000'}
[2026-06-02 18:23:33,569][src.modRNN.training.alignment][INFO] -   align diffusion_fixed @ epoch 1351: cos {'ALIFCell_0.input_weights': '1.226', 'ALIFCell_0.recurrent_weights': '1.288', 'ReadOut_0.readout_weights': '0.000'}
[2026-06-02 18:23:50,975][src.modRNN.training.alignment][INFO] - epoch 1375  train loss=0.0303  (rule: diffusion)
[2026-06-02 18:24:09,086][src.modRNN.training.alignment][INFO] - epoch 1400  train loss=0.0228  (rule: diffusion)
[2026-06-02 18:24:10,576][src.modRNN.training.alignment][INFO] -   align BPTT @ epoch 1401: cos {'ALIFCell_0.input_weights': '0.000', 'ALIFCell_0.recurrent_weights': '0.000', 'ReadOut_0.readout_weights': '0.000'}
[2026-06-02 18:24:11,133][src.modRNN.training.alignment][INFO] -   align eprop @ epoch 1401: cos {'ALIFCell_0.input_weights': '1.114', 'ALIFCell_0.recurrent_weights': '1.243', 'ReadOut_0.readout_weights': '0.000'}
[2026-06-02 18:24:11,816][src.modRNN.training.alignment][INFO] -   align diffusion_aligned @ epoch 1401: cos {'ALIFCell_0.input_weights': '1.412', 'ALIFCell_0.recurrent_weights': '1.278', 'ReadOut_0.readout_weights': '0.000'}
[2026-06-02 18:24:12,973][src.modRNN.training.alignment][INFO] -   align diffusion_per_step @ epoch 1401: cos {'ALIFCell_0.input_weights': '1.187', 'ALIFCell_0.recurrent_weights': '1.334', 'ReadOut_0.readout_weights': '0.000'}
[2026-06-02 18:24:13,646][src.modRNN.training.alignment][INFO] -   align diffusion_fixed @ epoch 1401: cos {'ALIFCell_0.input_weights': '1.121', 'ALIFCell_0.recurrent_weights': '1.394', 'ReadOut_0.readout_weights': '0.000'}
[2026-06-02 18:24:31,025][src.modRNN.training.alignment][INFO] - epoch 1425  train loss=0.0230  (rule: diffusion)
[2026-06-02 18:24:49,100][src.modRNN.training.alignment][INFO] - epoch 1450  train loss=0.0346  (rule: diffusion)
[2026-06-02 18:24:50,587][src.modRNN.training.alignment][INFO] -   align BPTT @ epoch 1451: cos {'ALIFCell_0.input_weights': '0.000', 'ALIFCell_0.recurrent_weights': '0.000', 'ReadOut_0.readout_weights': '0.000'}
[2026-06-02 18:24:51,147][src.modRNN.training.alignment][INFO] -   align eprop @ epoch 1451: cos {'ALIFCell_0.input_weights': '0.918', 'ALIFCell_0.recurrent_weights': '0.899', 'ReadOut_0.readout_weights': '0.000'}
[2026-06-02 18:24:51,833][src.modRNN.training.alignment][INFO] -   align diffusion_aligned @ epoch 1451: cos {'ALIFCell_0.input_weights': '0.982', 'ALIFCell_0.recurrent_weights': '0.923', 'ReadOut_0.readout_weights': '0.000'}
[2026-06-02 18:24:52,990][src.modRNN.training.alignment][INFO] -   align diffusion_per_step @ epoch 1451: cos {'ALIFCell_0.input_weights': '0.929', 'ALIFCell_0.recurrent_weights': '0.925', 'ReadOut_0.readout_weights': '0.000'}
[2026-06-02 18:24:53,664][src.modRNN.training.alignment][INFO] -   align diffusion_fixed @ epoch 1451: cos {'ALIFCell_0.input_weights': '1.001', 'ALIFCell_0.recurrent_weights': '1.085', 'ReadOut_0.readout_weights': '0.000'}
[2026-06-02 18:25:11,093][src.modRNN.training.alignment][INFO] - epoch 1475  train loss=0.0465  (rule: diffusion)
[2026-06-02 18:25:29,277][src.modRNN.training.alignment][INFO] - epoch 1500  train loss=0.0187  (rule: diffusion)
[2026-06-02 18:25:30,769][src.modRNN.training.alignment][INFO] -   align BPTT @ epoch 1501: cos {'ALIFCell_0.input_weights': '0.000', 'ALIFCell_0.recurrent_weights': '0.000', 'ReadOut_0.readout_weights': '0.000'}
[2026-06-02 18:25:31,328][src.modRNN.training.alignment][INFO] -   align eprop @ epoch 1501: cos {'ALIFCell_0.input_weights': '0.515', 'ALIFCell_0.recurrent_weights': '0.677', 'ReadOut_0.readout_weights': '0.000'}
[2026-06-02 18:25:32,013][src.modRNN.training.alignment][INFO] -   align diffusion_aligned @ epoch 1501: cos {'ALIFCell_0.input_weights': '0.633', 'ALIFCell_0.recurrent_weights': '0.671', 'ReadOut_0.readout_weights': '0.000'}
[2026-06-02 18:25:33,168][src.modRNN.training.alignment][INFO] -   align diffusion_per_step @ epoch 1501: cos {'ALIFCell_0.input_weights': '0.537', 'ALIFCell_0.recurrent_weights': '0.693', 'ReadOut_0.readout_weights': '0.000'}
[2026-06-02 18:25:33,838][src.modRNN.training.alignment][INFO] -   align diffusion_fixed @ epoch 1501: cos {'ALIFCell_0.input_weights': '0.632', 'ALIFCell_0.recurrent_weights': '0.778', 'ReadOut_0.readout_weights': '0.000'}
[2026-06-02 18:25:51,219][src.modRNN.training.alignment][INFO] - epoch 1525  train loss=0.0256  (rule: diffusion)
[2026-06-02 18:26:09,302][src.modRNN.training.alignment][INFO] - epoch 1550  train loss=0.0811  (rule: diffusion)
[2026-06-02 18:26:10,792][src.modRNN.training.alignment][INFO] -   align BPTT @ epoch 1551: cos {'ALIFCell_0.input_weights': '0.000', 'ALIFCell_0.recurrent_weights': '0.000', 'ReadOut_0.readout_weights': '0.000'}
[2026-06-02 18:26:11,352][src.modRNN.training.alignment][INFO] -   align eprop @ epoch 1551: cos {'ALIFCell_0.input_weights': '1.143', 'ALIFCell_0.recurrent_weights': '1.192', 'ReadOut_0.readout_weights': '0.000'}
[2026-06-02 18:26:12,035][src.modRNN.training.alignment][INFO] -   align diffusion_aligned @ epoch 1551: cos {'ALIFCell_0.input_weights': '0.932', 'ALIFCell_0.recurrent_weights': '0.838', 'ReadOut_0.readout_weights': '0.000'}
[2026-06-02 18:26:13,190][src.modRNN.training.alignment][INFO] -   align diffusion_per_step @ epoch 1551: cos {'ALIFCell_0.input_weights': '1.164', 'ALIFCell_0.recurrent_weights': '1.238', 'ReadOut_0.readout_weights': '0.000'}
[2026-06-02 18:26:13,857][src.modRNN.training.alignment][INFO] -   align diffusion_fixed @ epoch 1551: cos {'ALIFCell_0.input_weights': '1.218', 'ALIFCell_0.recurrent_weights': '1.169', 'ReadOut_0.readout_weights': '0.000'}
[2026-06-02 18:26:31,221][src.modRNN.training.alignment][INFO] - epoch 1575  train loss=0.0182  (rule: diffusion)
[2026-06-02 18:26:49,255][src.modRNN.training.alignment][INFO] - epoch 1600  train loss=0.0198  (rule: diffusion)
[2026-06-02 18:26:50,742][src.modRNN.training.alignment][INFO] -   align BPTT @ epoch 1601: cos {'ALIFCell_0.input_weights': '0.000', 'ALIFCell_0.recurrent_weights': '0.000', 'ReadOut_0.readout_weights': '0.000'}
[2026-06-02 18:26:51,300][src.modRNN.training.alignment][INFO] -   align eprop @ epoch 1601: cos {'ALIFCell_0.input_weights': '1.023', 'ALIFCell_0.recurrent_weights': '1.026', 'ReadOut_0.readout_weights': '0.000'}
[2026-06-02 18:26:51,983][src.modRNN.training.alignment][INFO] -   align diffusion_aligned @ epoch 1601: cos {'ALIFCell_0.input_weights': '0.949', 'ALIFCell_0.recurrent_weights': '0.974', 'ReadOut_0.readout_weights': '0.000'}
[2026-06-02 18:26:53,139][src.modRNN.training.alignment][INFO] -   align diffusion_per_step @ epoch 1601: cos {'ALIFCell_0.input_weights': '1.022', 'ALIFCell_0.recurrent_weights': '1.035', 'ReadOut_0.readout_weights': '0.000'}
[2026-06-02 18:26:53,809][src.modRNN.training.alignment][INFO] -   align diffusion_fixed @ epoch 1601: cos {'ALIFCell_0.input_weights': '1.117', 'ALIFCell_0.recurrent_weights': '1.174', 'ReadOut_0.readout_weights': '0.000'}
[2026-06-02 18:27:11,159][src.modRNN.training.alignment][INFO] - epoch 1625  train loss=0.0185  (rule: diffusion)
[2026-06-02 18:27:29,250][src.modRNN.training.alignment][INFO] - epoch 1650  train loss=0.0486  (rule: diffusion)
[2026-06-02 18:27:30,739][src.modRNN.training.alignment][INFO] -   align BPTT @ epoch 1651: cos {'ALIFCell_0.input_weights': '0.000', 'ALIFCell_0.recurrent_weights': '0.000', 'ReadOut_0.readout_weights': '0.000'}
[2026-06-02 18:27:31,296][src.modRNN.training.alignment][INFO] -   align eprop @ epoch 1651: cos {'ALIFCell_0.input_weights': '1.100', 'ALIFCell_0.recurrent_weights': '1.282', 'ReadOut_0.readout_weights': '0.000'}
[2026-06-02 18:27:31,978][src.modRNN.training.alignment][INFO] -   align diffusion_aligned @ epoch 1651: cos {'ALIFCell_0.input_weights': '1.122', 'ALIFCell_0.recurrent_weights': '1.377', 'ReadOut_0.readout_weights': '0.000'}
[2026-06-02 18:27:33,133][src.modRNN.training.alignment][INFO] -   align diffusion_per_step @ epoch 1651: cos {'ALIFCell_0.input_weights': '1.126', 'ALIFCell_0.recurrent_weights': '1.290', 'ReadOut_0.readout_weights': '0.000'}
[2026-06-02 18:27:33,802][src.modRNN.training.alignment][INFO] -   align diffusion_fixed @ epoch 1651: cos {'ALIFCell_0.input_weights': '1.165', 'ALIFCell_0.recurrent_weights': '1.306', 'ReadOut_0.readout_weights': '0.000'}
[2026-06-02 18:27:51,186][src.modRNN.training.alignment][INFO] - epoch 1675  train loss=0.0789  (rule: diffusion)
[2026-06-02 18:28:09,292][src.modRNN.training.alignment][INFO] - epoch 1700  train loss=0.0148  (rule: diffusion)
[2026-06-02 18:28:10,782][src.modRNN.training.alignment][INFO] -   align BPTT @ epoch 1701: cos {'ALIFCell_0.input_weights': '0.000', 'ALIFCell_0.recurrent_weights': '0.000', 'ReadOut_0.readout_weights': '0.000'}
[2026-06-02 18:28:11,338][src.modRNN.training.alignment][INFO] -   align eprop @ epoch 1701: cos {'ALIFCell_0.input_weights': '0.936', 'ALIFCell_0.recurrent_weights': '1.071', 'ReadOut_0.readout_weights': '0.000'}
[2026-06-02 18:28:12,019][src.modRNN.training.alignment][INFO] -   align diffusion_aligned @ epoch 1701: cos {'ALIFCell_0.input_weights': '0.950', 'ALIFCell_0.recurrent_weights': '1.043', 'ReadOut_0.readout_weights': '0.000'}
[2026-06-02 18:28:13,174][src.modRNN.training.alignment][INFO] -   align diffusion_per_step @ epoch 1701: cos {'ALIFCell_0.input_weights': '0.941', 'ALIFCell_0.recurrent_weights': '1.081', 'ReadOut_0.readout_weights': '0.000'}
[2026-06-02 18:28:13,840][src.modRNN.training.alignment][INFO] -   align diffusion_fixed @ epoch 1701: cos {'ALIFCell_0.input_weights': '0.990', 'ALIFCell_0.recurrent_weights': '1.198', 'ReadOut_0.readout_weights': '0.000'}
[2026-06-02 18:28:31,228][src.modRNN.training.alignment][INFO] - epoch 1725  train loss=0.0567  (rule: diffusion)
[2026-06-02 18:28:49,297][src.modRNN.training.alignment][INFO] - epoch 1750  train loss=0.0174  (rule: diffusion)
[2026-06-02 18:28:50,784][src.modRNN.training.alignment][INFO] -   align BPTT @ epoch 1751: cos {'ALIFCell_0.input_weights': '0.000', 'ALIFCell_0.recurrent_weights': '0.000', 'ReadOut_0.readout_weights': '0.000'}
[2026-06-02 18:28:51,341][src.modRNN.training.alignment][INFO] -   align eprop @ epoch 1751: cos {'ALIFCell_0.input_weights': '0.716', 'ALIFCell_0.recurrent_weights': '1.061', 'ReadOut_0.readout_weights': '0.000'}
[2026-06-02 18:28:52,024][src.modRNN.training.alignment][INFO] -   align diffusion_aligned @ epoch 1751: cos {'ALIFCell_0.input_weights': '0.815', 'ALIFCell_0.recurrent_weights': '0.955', 'ReadOut_0.readout_weights': '0.000'}
[2026-06-02 18:28:53,179][src.modRNN.training.alignment][INFO] -   align diffusion_per_step @ epoch 1751: cos {'ALIFCell_0.input_weights': '0.727', 'ALIFCell_0.recurrent_weights': '1.125', 'ReadOut_0.readout_weights': '0.000'}
[2026-06-02 18:28:53,849][src.modRNN.training.alignment][INFO] -   align diffusion_fixed @ epoch 1751: cos {'ALIFCell_0.input_weights': '0.840', 'ALIFCell_0.recurrent_weights': '1.272', 'ReadOut_0.readout_weights': '0.000'}
[2026-06-02 18:29:11,230][src.modRNN.training.alignment][INFO] - epoch 1775  train loss=0.0129  (rule: diffusion)
[2026-06-02 18:29:29,368][src.modRNN.training.alignment][INFO] - epoch 1800  train loss=0.0780  (rule: diffusion)
[2026-06-02 18:29:30,858][src.modRNN.training.alignment][INFO] -   align BPTT @ epoch 1801: cos {'ALIFCell_0.input_weights': '0.000', 'ALIFCell_0.recurrent_weights': '0.000', 'ReadOut_0.readout_weights': '0.000'}
[2026-06-02 18:29:31,414][src.modRNN.training.alignment][INFO] -   align eprop @ epoch 1801: cos {'ALIFCell_0.input_weights': '1.003', 'ALIFCell_0.recurrent_weights': '1.141', 'ReadOut_0.readout_weights': '0.000'}
[2026-06-02 18:29:32,096][src.modRNN.training.alignment][INFO] -   align diffusion_aligned @ epoch 1801: cos {'ALIFCell_0.input_weights': '1.147', 'ALIFCell_0.recurrent_weights': '1.039', 'ReadOut_0.readout_weights': '0.000'}
[2026-06-02 18:29:33,251][src.modRNN.training.alignment][INFO] -   align diffusion_per_step @ epoch 1801: cos {'ALIFCell_0.input_weights': '1.018', 'ALIFCell_0.recurrent_weights': '1.222', 'ReadOut_0.readout_weights': '0.000'}
[2026-06-02 18:29:33,917][src.modRNN.training.alignment][INFO] -   align diffusion_fixed @ epoch 1801: cos {'ALIFCell_0.input_weights': '1.105', 'ALIFCell_0.recurrent_weights': '1.362', 'ReadOut_0.readout_weights': '0.000'}
[2026-06-02 18:29:51,299][src.modRNN.training.alignment][INFO] - epoch 1825  train loss=0.0117  (rule: diffusion)
[2026-06-02 18:30:09,447][src.modRNN.training.alignment][INFO] - epoch 1850  train loss=0.0118  (rule: diffusion)
[2026-06-02 18:30:10,936][src.modRNN.training.alignment][INFO] -   align BPTT @ epoch 1851: cos {'ALIFCell_0.input_weights': '0.000', 'ALIFCell_0.recurrent_weights': '0.000', 'ReadOut_0.readout_weights': '0.000'}
[2026-06-02 18:30:11,493][src.modRNN.training.alignment][INFO] -   align eprop @ epoch 1851: cos {'ALIFCell_0.input_weights': '1.177', 'ALIFCell_0.recurrent_weights': '1.293', 'ReadOut_0.readout_weights': '0.000'}
[2026-06-02 18:30:12,174][src.modRNN.training.alignment][INFO] -   align diffusion_aligned @ epoch 1851: cos {'ALIFCell_0.input_weights': '1.171', 'ALIFCell_0.recurrent_weights': '1.274', 'ReadOut_0.readout_weights': '0.000'}
[2026-06-02 18:30:13,331][src.modRNN.training.alignment][INFO] -   align diffusion_per_step @ epoch 1851: cos {'ALIFCell_0.input_weights': '1.189', 'ALIFCell_0.recurrent_weights': '1.305', 'ReadOut_0.readout_weights': '0.000'}
[2026-06-02 18:30:13,998][src.modRNN.training.alignment][INFO] -   align diffusion_fixed @ epoch 1851: cos {'ALIFCell_0.input_weights': '1.193', 'ALIFCell_0.recurrent_weights': '1.335', 'ReadOut_0.readout_weights': '0.000'}
[2026-06-02 18:30:31,380][src.modRNN.training.alignment][INFO] - epoch 1875  train loss=0.0119  (rule: diffusion)
[2026-06-02 18:30:49,460][src.modRNN.training.alignment][INFO] - epoch 1900  train loss=0.0128  (rule: diffusion)
[2026-06-02 18:30:50,948][src.modRNN.training.alignment][INFO] -   align BPTT @ epoch 1901: cos {'ALIFCell_0.input_weights': '0.000', 'ALIFCell_0.recurrent_weights': '0.000', 'ReadOut_0.readout_weights': '0.000'}
[2026-06-02 18:30:51,507][src.modRNN.training.alignment][INFO] -   align eprop @ epoch 1901: cos {'ALIFCell_0.input_weights': '1.296', 'ALIFCell_0.recurrent_weights': '1.293', 'ReadOut_0.readout_weights': '0.000'}
[2026-06-02 18:30:52,188][src.modRNN.training.alignment][INFO] -   align diffusion_aligned @ epoch 1901: cos {'ALIFCell_0.input_weights': '1.274', 'ALIFCell_0.recurrent_weights': '1.138', 'ReadOut_0.readout_weights': '0.000'}
[2026-06-02 18:30:53,343][src.modRNN.training.alignment][INFO] -   align diffusion_per_step @ epoch 1901: cos {'ALIFCell_0.input_weights': '1.299', 'ALIFCell_0.recurrent_weights': '1.422', 'ReadOut_0.readout_weights': '0.000'}
[2026-06-02 18:30:54,011][src.modRNN.training.alignment][INFO] -   align diffusion_fixed @ epoch 1901: cos {'ALIFCell_0.input_weights': '1.304', 'ALIFCell_0.recurrent_weights': '1.491', 'ReadOut_0.readout_weights': '0.000'}
[2026-06-02 18:31:11,406][src.modRNN.training.alignment][INFO] - epoch 1925  train loss=0.0120  (rule: diffusion)
[2026-06-02 18:31:29,527][src.modRNN.training.alignment][INFO] - epoch 1950  train loss=0.0126  (rule: diffusion)
[2026-06-02 18:31:31,018][src.modRNN.training.alignment][INFO] -   align BPTT @ epoch 1951: cos {'ALIFCell_0.input_weights': '0.000', 'ALIFCell_0.recurrent_weights': '0.000', 'ReadOut_0.readout_weights': '0.000'}
[2026-06-02 18:31:31,576][src.modRNN.training.alignment][INFO] -   align eprop @ epoch 1951: cos {'ALIFCell_0.input_weights': '0.922', 'ALIFCell_0.recurrent_weights': '1.134', 'ReadOut_0.readout_weights': '0.000'}
[2026-06-02 18:31:32,258][src.modRNN.training.alignment][INFO] -   align diffusion_aligned @ epoch 1951: cos {'ALIFCell_0.input_weights': '1.023', 'ALIFCell_0.recurrent_weights': '1.084', 'ReadOut_0.readout_weights': '0.000'}
[2026-06-02 18:31:33,413][src.modRNN.training.alignment][INFO] -   align diffusion_per_step @ epoch 1951: cos {'ALIFCell_0.input_weights': '0.965', 'ALIFCell_0.recurrent_weights': '1.181', 'ReadOut_0.readout_weights': '0.000'}
[2026-06-02 18:31:34,082][src.modRNN.training.alignment][INFO] -   align diffusion_fixed @ epoch 1951: cos {'ALIFCell_0.input_weights': '1.066', 'ALIFCell_0.recurrent_weights': '1.243', 'ReadOut_0.readout_weights': '0.000'}
[2026-06-02 18:31:51,448][src.modRNN.training.alignment][INFO] - epoch 1975  train loss=0.0128  (rule: diffusion)
[2026-06-02 18:32:09,562][src.modRNN.training.alignment][INFO] - epoch 2000  train loss=0.0905  (rule: diffusion)
[2026-06-02 18:32:11,051][src.modRNN.training.alignment][INFO] -   align BPTT @ epoch 2001: cos {'ALIFCell_0.input_weights': '0.000', 'ALIFCell_0.recurrent_weights': '0.000', 'ReadOut_0.readout_weights': '0.000'}
[2026-06-02 18:32:11,607][src.modRNN.training.alignment][INFO] -   align eprop @ epoch 2001: cos {'ALIFCell_0.input_weights': '1.137', 'ALIFCell_0.recurrent_weights': '1.246', 'ReadOut_0.readout_weights': '0.000'}
[2026-06-02 18:32:12,289][src.modRNN.training.alignment][INFO] -   align diffusion_aligned @ epoch 2001: cos {'ALIFCell_0.input_weights': '1.431', 'ALIFCell_0.recurrent_weights': '1.464', 'ReadOut_0.readout_weights': '0.000'}
[2026-06-02 18:32:13,447][src.modRNN.training.alignment][INFO] -   align diffusion_per_step @ epoch 2001: cos {'ALIFCell_0.input_weights': '1.195', 'ALIFCell_0.recurrent_weights': '1.364', 'ReadOut_0.readout_weights': '0.000'}
[2026-06-02 18:32:14,117][src.modRNN.training.alignment][INFO] -   align diffusion_fixed @ epoch 2001: cos {'ALIFCell_0.input_weights': '1.157', 'ALIFCell_0.recurrent_weights': '1.333', 'ReadOut_0.readout_weights': '0.000'}
[2026-06-02 18:32:14,145][src.modRNN.training.alignment][INFO] - Alignment experiment finished. Output dir: /mnt/lustre/work/martius/mot736/neuromodRNN/outputs/delayed_match/delayed_match_align_nn_connectivity_diffusion_aligned/seed_111
