[2026-06-02 21:43:50,434][jax._src.xla_bridge][INFO] - Unable to initialize backend 'rocm': module 'jaxlib.xla_extension' has no attribute 'GpuAllocatorConfig'
[2026-06-02 21:43:50,436][jax._src.xla_bridge][INFO] - Unable to initialize backend 'tpu': INTERNAL: Failed to open libtpu.so: libtpu.so: cannot open shared object file: No such file or directory
[2026-06-02 21:43:59,323][src.modRNN.training.alignment][INFO] - Starting alignment experiment: training with diffusion, measuring alignment of ['BPTT', 'eprop', 'diffusion_aligned', 'diffusion_per_step', 'diffusion_fixed'] every 50 epochs.
[2026-06-02 21:44:04,937][src.modRNN.training.alignment][INFO] - epoch 1  train loss=0.6932  (rule: diffusion)
[2026-06-02 21:44:07,531][src.modRNN.training.alignment][INFO] -   align BPTT @ epoch 1: cos {'ALIFCell_0.input_weights': '0.000', 'ALIFCell_0.recurrent_weights': '0.000', 'ReadOut_0.readout_weights': '0.000'}
[2026-06-02 21:44:09,424][src.modRNN.training.alignment][INFO] -   align eprop @ epoch 1: cos {'ALIFCell_0.input_weights': '0.655', 'ALIFCell_0.recurrent_weights': '0.317', 'ReadOut_0.readout_weights': '0.000'}
[2026-06-02 21:44:11,637][src.modRNN.training.alignment][INFO] -   align diffusion_aligned @ epoch 1: cos {'ALIFCell_0.input_weights': '1.076', 'ALIFCell_0.recurrent_weights': '0.941', 'ReadOut_0.readout_weights': '0.000'}
[2026-06-02 21:44:16,272][src.modRNN.training.alignment][INFO] -   align diffusion_per_step @ epoch 1: cos {'ALIFCell_0.input_weights': '1.085', 'ALIFCell_0.recurrent_weights': '0.723', 'ReadOut_0.readout_weights': '0.000'}
[2026-06-02 21:44:18,612][src.modRNN.training.alignment][INFO] -   align diffusion_fixed @ epoch 1: cos {'ALIFCell_0.input_weights': '1.114', 'ALIFCell_0.recurrent_weights': '0.644', 'ReadOut_0.readout_weights': '0.000'}
[2026-06-02 21:44:50,277][src.modRNN.training.alignment][INFO] - epoch 25  train loss=0.6932  (rule: diffusion)
[2026-06-02 21:45:23,492][src.modRNN.training.alignment][INFO] - epoch 50  train loss=0.6931  (rule: diffusion)
[2026-06-02 21:45:26,267][src.modRNN.training.alignment][INFO] -   align BPTT @ epoch 51: cos {'ALIFCell_0.input_weights': '0.000', 'ALIFCell_0.recurrent_weights': '0.000', 'ReadOut_0.readout_weights': '0.000'}
[2026-06-02 21:45:27,274][src.modRNN.training.alignment][INFO] -   align eprop @ epoch 51: cos {'ALIFCell_0.input_weights': '0.712', 'ALIFCell_0.recurrent_weights': '0.514', 'ReadOut_0.readout_weights': '0.000'}
[2026-06-02 21:45:28,560][src.modRNN.training.alignment][INFO] -   align diffusion_aligned @ epoch 51: cos {'ALIFCell_0.input_weights': '0.888', 'ALIFCell_0.recurrent_weights': '0.814', 'ReadOut_0.readout_weights': '0.000'}
[2026-06-02 21:45:30,741][src.modRNN.training.alignment][INFO] -   align diffusion_per_step @ epoch 51: cos {'ALIFCell_0.input_weights': '0.950', 'ALIFCell_0.recurrent_weights': '0.836', 'ReadOut_0.readout_weights': '0.000'}
[2026-06-02 21:45:32,005][src.modRNN.training.alignment][INFO] -   align diffusion_fixed @ epoch 51: cos {'ALIFCell_0.input_weights': '0.941', 'ALIFCell_0.recurrent_weights': '0.793', 'ReadOut_0.readout_weights': '0.000'}
[2026-06-02 21:46:03,993][src.modRNN.training.alignment][INFO] - epoch 75  train loss=0.6929  (rule: diffusion)
[2026-06-02 21:46:37,421][src.modRNN.training.alignment][INFO] - epoch 100  train loss=0.6921  (rule: diffusion)
[2026-06-02 21:46:40,209][src.modRNN.training.alignment][INFO] -   align BPTT @ epoch 101: cos {'ALIFCell_0.input_weights': '0.000', 'ALIFCell_0.recurrent_weights': '0.000', 'ReadOut_0.readout_weights': '0.000'}
[2026-06-02 21:46:41,222][src.modRNN.training.alignment][INFO] -   align eprop @ epoch 101: cos {'ALIFCell_0.input_weights': '0.667', 'ALIFCell_0.recurrent_weights': '0.761', 'ReadOut_0.readout_weights': '0.000'}
[2026-06-02 21:46:42,514][src.modRNN.training.alignment][INFO] -   align diffusion_aligned @ epoch 101: cos {'ALIFCell_0.input_weights': '0.805', 'ALIFCell_0.recurrent_weights': '0.812', 'ReadOut_0.readout_weights': '0.000'}
[2026-06-02 21:46:44,710][src.modRNN.training.alignment][INFO] -   align diffusion_per_step @ epoch 101: cos {'ALIFCell_0.input_weights': '0.771', 'ALIFCell_0.recurrent_weights': '0.783', 'ReadOut_0.readout_weights': '0.000'}
[2026-06-02 21:46:45,993][src.modRNN.training.alignment][INFO] -   align diffusion_fixed @ epoch 101: cos {'ALIFCell_0.input_weights': '0.705', 'ALIFCell_0.recurrent_weights': '0.776', 'ReadOut_0.readout_weights': '0.000'}
[2026-06-02 21:47:18,167][src.modRNN.training.alignment][INFO] - epoch 125  train loss=0.6909  (rule: diffusion)
[2026-06-02 21:47:51,835][src.modRNN.training.alignment][INFO] - epoch 150  train loss=0.6754  (rule: diffusion)
[2026-06-02 21:47:54,646][src.modRNN.training.alignment][INFO] -   align BPTT @ epoch 151: cos {'ALIFCell_0.input_weights': '0.000', 'ALIFCell_0.recurrent_weights': '0.000', 'ReadOut_0.readout_weights': '0.000'}
[2026-06-02 21:47:55,665][src.modRNN.training.alignment][INFO] -   align eprop @ epoch 151: cos {'ALIFCell_0.input_weights': '0.925', 'ALIFCell_0.recurrent_weights': '0.876', 'ReadOut_0.readout_weights': '0.000'}
[2026-06-02 21:47:56,970][src.modRNN.training.alignment][INFO] -   align diffusion_aligned @ epoch 151: cos {'ALIFCell_0.input_weights': '1.097', 'ALIFCell_0.recurrent_weights': '0.993', 'ReadOut_0.readout_weights': '0.000'}
[2026-06-02 21:47:59,183][src.modRNN.training.alignment][INFO] -   align diffusion_per_step @ epoch 151: cos {'ALIFCell_0.input_weights': '1.083', 'ALIFCell_0.recurrent_weights': '0.973', 'ReadOut_0.readout_weights': '0.000'}
[2026-06-02 21:48:00,466][src.modRNN.training.alignment][INFO] -   align diffusion_fixed @ epoch 151: cos {'ALIFCell_0.input_weights': '1.085', 'ALIFCell_0.recurrent_weights': '1.038', 'ReadOut_0.readout_weights': '0.000'}
[2026-06-02 21:48:32,794][src.modRNN.training.alignment][INFO] - epoch 175  train loss=0.6948  (rule: diffusion)
[2026-06-02 21:49:06,461][src.modRNN.training.alignment][INFO] - epoch 200  train loss=0.6595  (rule: diffusion)
[2026-06-02 21:49:09,268][src.modRNN.training.alignment][INFO] -   align BPTT @ epoch 201: cos {'ALIFCell_0.input_weights': '0.000', 'ALIFCell_0.recurrent_weights': '0.000', 'ReadOut_0.readout_weights': '0.000'}
[2026-06-02 21:49:10,289][src.modRNN.training.alignment][INFO] -   align eprop @ epoch 201: cos {'ALIFCell_0.input_weights': '0.792', 'ALIFCell_0.recurrent_weights': '0.967', 'ReadOut_0.readout_weights': '0.000'}
[2026-06-02 21:49:11,592][src.modRNN.training.alignment][INFO] -   align diffusion_aligned @ epoch 201: cos {'ALIFCell_0.input_weights': '1.005', 'ALIFCell_0.recurrent_weights': '0.913', 'ReadOut_0.readout_weights': '0.000'}
[2026-06-02 21:49:13,805][src.modRNN.training.alignment][INFO] -   align diffusion_per_step @ epoch 201: cos {'ALIFCell_0.input_weights': '1.024', 'ALIFCell_0.recurrent_weights': '0.951', 'ReadOut_0.readout_weights': '0.000'}
[2026-06-02 21:49:15,085][src.modRNN.training.alignment][INFO] -   align diffusion_fixed @ epoch 201: cos {'ALIFCell_0.input_weights': '1.037', 'ALIFCell_0.recurrent_weights': '1.007', 'ReadOut_0.readout_weights': '0.000'}
[2026-06-02 21:49:47,422][src.modRNN.training.alignment][INFO] - epoch 225  train loss=0.6656  (rule: diffusion)
[2026-06-02 21:50:21,155][src.modRNN.training.alignment][INFO] - epoch 250  train loss=0.6799  (rule: diffusion)
[2026-06-02 21:50:23,964][src.modRNN.training.alignment][INFO] -   align BPTT @ epoch 251: cos {'ALIFCell_0.input_weights': '0.000', 'ALIFCell_0.recurrent_weights': '0.000', 'ReadOut_0.readout_weights': '0.000'}
[2026-06-02 21:50:24,984][src.modRNN.training.alignment][INFO] -   align eprop @ epoch 251: cos {'ALIFCell_0.input_weights': '0.936', 'ALIFCell_0.recurrent_weights': '0.975', 'ReadOut_0.readout_weights': '0.000'}
[2026-06-02 21:50:26,290][src.modRNN.training.alignment][INFO] -   align diffusion_aligned @ epoch 251: cos {'ALIFCell_0.input_weights': '0.968', 'ALIFCell_0.recurrent_weights': '0.946', 'ReadOut_0.readout_weights': '0.000'}
[2026-06-02 21:50:28,502][src.modRNN.training.alignment][INFO] -   align diffusion_per_step @ epoch 251: cos {'ALIFCell_0.input_weights': '1.189', 'ALIFCell_0.recurrent_weights': '0.847', 'ReadOut_0.readout_weights': '0.000'}
[2026-06-02 21:50:29,789][src.modRNN.training.alignment][INFO] -   align diffusion_fixed @ epoch 251: cos {'ALIFCell_0.input_weights': '0.923', 'ALIFCell_0.recurrent_weights': '0.924', 'ReadOut_0.readout_weights': '0.000'}
[2026-06-02 21:51:02,116][src.modRNN.training.alignment][INFO] - epoch 275  train loss=0.6513  (rule: diffusion)
[2026-06-02 21:51:35,860][src.modRNN.training.alignment][INFO] - epoch 300  train loss=0.6669  (rule: diffusion)
[2026-06-02 21:51:38,676][src.modRNN.training.alignment][INFO] -   align BPTT @ epoch 301: cos {'ALIFCell_0.input_weights': '0.000', 'ALIFCell_0.recurrent_weights': '0.000', 'ReadOut_0.readout_weights': '0.000'}
[2026-06-02 21:51:39,698][src.modRNN.training.alignment][INFO] -   align eprop @ epoch 301: cos {'ALIFCell_0.input_weights': '1.089', 'ALIFCell_0.recurrent_weights': '1.005', 'ReadOut_0.readout_weights': '0.000'}
[2026-06-02 21:51:41,000][src.modRNN.training.alignment][INFO] -   align diffusion_aligned @ epoch 301: cos {'ALIFCell_0.input_weights': '1.003', 'ALIFCell_0.recurrent_weights': '0.920', 'ReadOut_0.readout_weights': '0.000'}
[2026-06-02 21:51:43,212][src.modRNN.training.alignment][INFO] -   align diffusion_per_step @ epoch 301: cos {'ALIFCell_0.input_weights': '1.101', 'ALIFCell_0.recurrent_weights': '0.910', 'ReadOut_0.readout_weights': '0.000'}
[2026-06-02 21:51:44,492][src.modRNN.training.alignment][INFO] -   align diffusion_fixed @ epoch 301: cos {'ALIFCell_0.input_weights': '1.113', 'ALIFCell_0.recurrent_weights': '0.986', 'ReadOut_0.readout_weights': '0.000'}
[2026-06-02 21:52:16,888][src.modRNN.training.alignment][INFO] - epoch 325  train loss=0.6207  (rule: diffusion)
[2026-06-02 21:52:50,807][src.modRNN.training.alignment][INFO] - epoch 350  train loss=0.6116  (rule: diffusion)
[2026-06-02 21:52:53,635][src.modRNN.training.alignment][INFO] -   align BPTT @ epoch 351: cos {'ALIFCell_0.input_weights': '0.000', 'ALIFCell_0.recurrent_weights': '0.000', 'ReadOut_0.readout_weights': '0.000'}
[2026-06-02 21:52:54,669][src.modRNN.training.alignment][INFO] -   align eprop @ epoch 351: cos {'ALIFCell_0.input_weights': '0.553', 'ALIFCell_0.recurrent_weights': '0.550', 'ReadOut_0.readout_weights': '0.000'}
[2026-06-02 21:52:55,982][src.modRNN.training.alignment][INFO] -   align diffusion_aligned @ epoch 351: cos {'ALIFCell_0.input_weights': '0.549', 'ALIFCell_0.recurrent_weights': '0.515', 'ReadOut_0.readout_weights': '0.000'}
[2026-06-02 21:52:58,209][src.modRNN.training.alignment][INFO] -   align diffusion_per_step @ epoch 351: cos {'ALIFCell_0.input_weights': '0.579', 'ALIFCell_0.recurrent_weights': '0.551', 'ReadOut_0.readout_weights': '0.000'}
[2026-06-02 21:52:59,501][src.modRNN.training.alignment][INFO] -   align diffusion_fixed @ epoch 351: cos {'ALIFCell_0.input_weights': '0.588', 'ALIFCell_0.recurrent_weights': '0.585', 'ReadOut_0.readout_weights': '0.000'}
[2026-06-02 21:53:32,087][src.modRNN.training.alignment][INFO] - epoch 375  train loss=0.6464  (rule: diffusion)
[2026-06-02 21:54:05,961][src.modRNN.training.alignment][INFO] - epoch 400  train loss=0.5999  (rule: diffusion)
[2026-06-02 21:54:08,795][src.modRNN.training.alignment][INFO] -   align BPTT @ epoch 401: cos {'ALIFCell_0.input_weights': '0.000', 'ALIFCell_0.recurrent_weights': '0.000', 'ReadOut_0.readout_weights': '0.000'}
[2026-06-02 21:54:09,823][src.modRNN.training.alignment][INFO] -   align eprop @ epoch 401: cos {'ALIFCell_0.input_weights': '1.056', 'ALIFCell_0.recurrent_weights': '0.866', 'ReadOut_0.readout_weights': '0.000'}
[2026-06-02 21:54:11,133][src.modRNN.training.alignment][INFO] -   align diffusion_aligned @ epoch 401: cos {'ALIFCell_0.input_weights': '1.141', 'ALIFCell_0.recurrent_weights': '0.910', 'ReadOut_0.readout_weights': '0.000'}
[2026-06-02 21:54:13,362][src.modRNN.training.alignment][INFO] -   align diffusion_per_step @ epoch 401: cos {'ALIFCell_0.input_weights': '1.140', 'ALIFCell_0.recurrent_weights': '0.902', 'ReadOut_0.readout_weights': '0.000'}
[2026-06-02 21:54:14,653][src.modRNN.training.alignment][INFO] -   align diffusion_fixed @ epoch 401: cos {'ALIFCell_0.input_weights': '1.109', 'ALIFCell_0.recurrent_weights': '0.881', 'ReadOut_0.readout_weights': '0.000'}
[2026-06-02 21:54:47,329][src.modRNN.training.alignment][INFO] - epoch 425  train loss=0.5747  (rule: diffusion)
[2026-06-02 21:55:21,352][src.modRNN.training.alignment][INFO] - epoch 450  train loss=0.5914  (rule: diffusion)
[2026-06-02 21:55:24,187][src.modRNN.training.alignment][INFO] -   align BPTT @ epoch 451: cos {'ALIFCell_0.input_weights': '0.000', 'ALIFCell_0.recurrent_weights': '0.000', 'ReadOut_0.readout_weights': '0.000'}
[2026-06-02 21:55:25,215][src.modRNN.training.alignment][INFO] -   align eprop @ epoch 451: cos {'ALIFCell_0.input_weights': '1.003', 'ALIFCell_0.recurrent_weights': '0.776', 'ReadOut_0.readout_weights': '0.000'}
[2026-06-02 21:55:26,530][src.modRNN.training.alignment][INFO] -   align diffusion_aligned @ epoch 451: cos {'ALIFCell_0.input_weights': '0.963', 'ALIFCell_0.recurrent_weights': '0.810', 'ReadOut_0.readout_weights': '0.000'}
[2026-06-02 21:55:28,764][src.modRNN.training.alignment][INFO] -   align diffusion_per_step @ epoch 451: cos {'ALIFCell_0.input_weights': '1.006', 'ALIFCell_0.recurrent_weights': '0.819', 'ReadOut_0.readout_weights': '0.000'}
[2026-06-02 21:55:30,056][src.modRNN.training.alignment][INFO] -   align diffusion_fixed @ epoch 451: cos {'ALIFCell_0.input_weights': '0.988', 'ALIFCell_0.recurrent_weights': '0.762', 'ReadOut_0.readout_weights': '0.000'}
[2026-06-02 21:56:02,682][src.modRNN.training.alignment][INFO] - epoch 475  train loss=0.5217  (rule: diffusion)
[2026-06-02 21:56:36,602][src.modRNN.training.alignment][INFO] - epoch 500  train loss=0.5540  (rule: diffusion)
[2026-06-02 21:56:39,431][src.modRNN.training.alignment][INFO] -   align BPTT @ epoch 501: cos {'ALIFCell_0.input_weights': '0.000', 'ALIFCell_0.recurrent_weights': '0.000', 'ReadOut_0.readout_weights': '0.000'}
[2026-06-02 21:56:40,459][src.modRNN.training.alignment][INFO] -   align eprop @ epoch 501: cos {'ALIFCell_0.input_weights': '0.926', 'ALIFCell_0.recurrent_weights': '1.037', 'ReadOut_0.readout_weights': '0.000'}
[2026-06-02 21:56:41,773][src.modRNN.training.alignment][INFO] -   align diffusion_aligned @ epoch 501: cos {'ALIFCell_0.input_weights': '0.869', 'ALIFCell_0.recurrent_weights': '0.984', 'ReadOut_0.readout_weights': '0.000'}
[2026-06-02 21:56:44,001][src.modRNN.training.alignment][INFO] -   align diffusion_per_step @ epoch 501: cos {'ALIFCell_0.input_weights': '0.902', 'ALIFCell_0.recurrent_weights': '1.045', 'ReadOut_0.readout_weights': '0.000'}
[2026-06-02 21:56:45,296][src.modRNN.training.alignment][INFO] -   align diffusion_fixed @ epoch 501: cos {'ALIFCell_0.input_weights': '0.886', 'ALIFCell_0.recurrent_weights': '0.967', 'ReadOut_0.readout_weights': '0.000'}
[2026-06-02 21:57:17,920][src.modRNN.training.alignment][INFO] - epoch 525  train loss=0.4871  (rule: diffusion)
[2026-06-02 21:57:51,840][src.modRNN.training.alignment][INFO] - epoch 550  train loss=0.5187  (rule: diffusion)
[2026-06-02 21:57:54,668][src.modRNN.training.alignment][INFO] -   align BPTT @ epoch 551: cos {'ALIFCell_0.input_weights': '0.000', 'ALIFCell_0.recurrent_weights': '0.000', 'ReadOut_0.readout_weights': '0.000'}
[2026-06-02 21:57:55,695][src.modRNN.training.alignment][INFO] -   align eprop @ epoch 551: cos {'ALIFCell_0.input_weights': '1.007', 'ALIFCell_0.recurrent_weights': '0.789', 'ReadOut_0.readout_weights': '0.000'}
[2026-06-02 21:57:57,008][src.modRNN.training.alignment][INFO] -   align diffusion_aligned @ epoch 551: cos {'ALIFCell_0.input_weights': '0.937', 'ALIFCell_0.recurrent_weights': '0.652', 'ReadOut_0.readout_weights': '0.000'}
[2026-06-02 21:57:59,236][src.modRNN.training.alignment][INFO] -   align diffusion_per_step @ epoch 551: cos {'ALIFCell_0.input_weights': '0.974', 'ALIFCell_0.recurrent_weights': '0.699', 'ReadOut_0.readout_weights': '0.000'}
[2026-06-02 21:58:00,526][src.modRNN.training.alignment][INFO] -   align diffusion_fixed @ epoch 551: cos {'ALIFCell_0.input_weights': '0.991', 'ALIFCell_0.recurrent_weights': '0.746', 'ReadOut_0.readout_weights': '0.000'}
[2026-06-02 21:58:33,160][src.modRNN.training.alignment][INFO] - epoch 575  train loss=0.3651  (rule: diffusion)
[2026-06-02 21:59:07,101][src.modRNN.training.alignment][INFO] - epoch 600  train loss=0.4097  (rule: diffusion)
[2026-06-02 21:59:09,931][src.modRNN.training.alignment][INFO] -   align BPTT @ epoch 601: cos {'ALIFCell_0.input_weights': '0.000', 'ALIFCell_0.recurrent_weights': '0.000', 'ReadOut_0.readout_weights': '0.000'}
[2026-06-02 21:59:10,969][src.modRNN.training.alignment][INFO] -   align eprop @ epoch 601: cos {'ALIFCell_0.input_weights': '1.061', 'ALIFCell_0.recurrent_weights': '0.851', 'ReadOut_0.readout_weights': '0.000'}
[2026-06-02 21:59:12,283][src.modRNN.training.alignment][INFO] -   align diffusion_aligned @ epoch 601: cos {'ALIFCell_0.input_weights': '0.834', 'ALIFCell_0.recurrent_weights': '0.711', 'ReadOut_0.readout_weights': '0.000'}
[2026-06-02 21:59:14,513][src.modRNN.training.alignment][INFO] -   align diffusion_per_step @ epoch 601: cos {'ALIFCell_0.input_weights': '0.912', 'ALIFCell_0.recurrent_weights': '0.724', 'ReadOut_0.readout_weights': '0.000'}
[2026-06-02 21:59:15,806][src.modRNN.training.alignment][INFO] -   align diffusion_fixed @ epoch 601: cos {'ALIFCell_0.input_weights': '0.976', 'ALIFCell_0.recurrent_weights': '0.794', 'ReadOut_0.readout_weights': '0.000'}
[2026-06-02 21:59:48,406][src.modRNN.training.alignment][INFO] - epoch 625  train loss=0.4481  (rule: diffusion)
[2026-06-02 22:00:22,320][src.modRNN.training.alignment][INFO] - epoch 650  train loss=0.3982  (rule: diffusion)
[2026-06-02 22:00:25,149][src.modRNN.training.alignment][INFO] -   align BPTT @ epoch 651: cos {'ALIFCell_0.input_weights': '0.000', 'ALIFCell_0.recurrent_weights': '0.000', 'ReadOut_0.readout_weights': '0.000'}
[2026-06-02 22:00:26,176][src.modRNN.training.alignment][INFO] -   align eprop @ epoch 651: cos {'ALIFCell_0.input_weights': '0.923', 'ALIFCell_0.recurrent_weights': '0.763', 'ReadOut_0.readout_weights': '0.000'}
[2026-06-02 22:00:27,488][src.modRNN.training.alignment][INFO] -   align diffusion_aligned @ epoch 651: cos {'ALIFCell_0.input_weights': '0.782', 'ALIFCell_0.recurrent_weights': '0.694', 'ReadOut_0.readout_weights': '0.000'}
[2026-06-02 22:00:29,720][src.modRNN.training.alignment][INFO] -   align diffusion_per_step @ epoch 651: cos {'ALIFCell_0.input_weights': '0.818', 'ALIFCell_0.recurrent_weights': '0.702', 'ReadOut_0.readout_weights': '0.000'}
[2026-06-02 22:00:31,014][src.modRNN.training.alignment][INFO] -   align diffusion_fixed @ epoch 651: cos {'ALIFCell_0.input_weights': '0.857', 'ALIFCell_0.recurrent_weights': '0.711', 'ReadOut_0.readout_weights': '0.000'}
[2026-06-02 22:01:03,580][src.modRNN.training.alignment][INFO] - epoch 675  train loss=0.3121  (rule: diffusion)
[2026-06-02 22:01:37,513][src.modRNN.training.alignment][INFO] - epoch 700  train loss=0.3250  (rule: diffusion)
[2026-06-02 22:01:40,340][src.modRNN.training.alignment][INFO] -   align BPTT @ epoch 701: cos {'ALIFCell_0.input_weights': '0.000', 'ALIFCell_0.recurrent_weights': '0.000', 'ReadOut_0.readout_weights': '0.000'}
[2026-06-02 22:01:41,366][src.modRNN.training.alignment][INFO] -   align eprop @ epoch 701: cos {'ALIFCell_0.input_weights': '0.950', 'ALIFCell_0.recurrent_weights': '1.006', 'ReadOut_0.readout_weights': '0.000'}
[2026-06-02 22:01:42,676][src.modRNN.training.alignment][INFO] -   align diffusion_aligned @ epoch 701: cos {'ALIFCell_0.input_weights': '0.730', 'ALIFCell_0.recurrent_weights': '0.880', 'ReadOut_0.readout_weights': '0.000'}
[2026-06-02 22:01:44,902][src.modRNN.training.alignment][INFO] -   align diffusion_per_step @ epoch 701: cos {'ALIFCell_0.input_weights': '0.779', 'ALIFCell_0.recurrent_weights': '0.911', 'ReadOut_0.readout_weights': '0.000'}
[2026-06-02 22:01:46,192][src.modRNN.training.alignment][INFO] -   align diffusion_fixed @ epoch 701: cos {'ALIFCell_0.input_weights': '0.846', 'ALIFCell_0.recurrent_weights': '0.958', 'ReadOut_0.readout_weights': '0.000'}
[2026-06-02 22:02:18,768][src.modRNN.training.alignment][INFO] - epoch 725  train loss=0.3706  (rule: diffusion)
[2026-06-02 22:02:52,683][src.modRNN.training.alignment][INFO] - epoch 750  train loss=0.4520  (rule: diffusion)
[2026-06-02 22:02:55,515][src.modRNN.training.alignment][INFO] -   align BPTT @ epoch 751: cos {'ALIFCell_0.input_weights': '0.000', 'ALIFCell_0.recurrent_weights': '0.000', 'ReadOut_0.readout_weights': '0.000'}
[2026-06-02 22:02:56,544][src.modRNN.training.alignment][INFO] -   align eprop @ epoch 751: cos {'ALIFCell_0.input_weights': '1.364', 'ALIFCell_0.recurrent_weights': '1.117', 'ReadOut_0.readout_weights': '0.000'}
[2026-06-02 22:02:57,858][src.modRNN.training.alignment][INFO] -   align diffusion_aligned @ epoch 751: cos {'ALIFCell_0.input_weights': '1.254', 'ALIFCell_0.recurrent_weights': '1.131', 'ReadOut_0.readout_weights': '0.000'}
[2026-06-02 22:03:00,087][src.modRNN.training.alignment][INFO] -   align diffusion_per_step @ epoch 751: cos {'ALIFCell_0.input_weights': '1.315', 'ALIFCell_0.recurrent_weights': '1.124', 'ReadOut_0.readout_weights': '0.000'}
[2026-06-02 22:03:01,383][src.modRNN.training.alignment][INFO] -   align diffusion_fixed @ epoch 751: cos {'ALIFCell_0.input_weights': '1.294', 'ALIFCell_0.recurrent_weights': '1.114', 'ReadOut_0.readout_weights': '0.000'}
[2026-06-02 22:03:33,994][src.modRNN.training.alignment][INFO] - epoch 775  train loss=0.4839  (rule: diffusion)
[2026-06-02 22:04:07,962][src.modRNN.training.alignment][INFO] - epoch 800  train loss=0.4367  (rule: diffusion)
[2026-06-02 22:04:10,795][src.modRNN.training.alignment][INFO] -   align BPTT @ epoch 801: cos {'ALIFCell_0.input_weights': '0.000', 'ALIFCell_0.recurrent_weights': '0.000', 'ReadOut_0.readout_weights': '0.000'}
[2026-06-02 22:04:11,823][src.modRNN.training.alignment][INFO] -   align eprop @ epoch 801: cos {'ALIFCell_0.input_weights': '1.678', 'ALIFCell_0.recurrent_weights': '1.427', 'ReadOut_0.readout_weights': '0.000'}
[2026-06-02 22:04:13,136][src.modRNN.training.alignment][INFO] -   align diffusion_aligned @ epoch 801: cos {'ALIFCell_0.input_weights': '1.676', 'ALIFCell_0.recurrent_weights': '1.404', 'ReadOut_0.readout_weights': '0.000'}
[2026-06-02 22:04:15,368][src.modRNN.training.alignment][INFO] -   align diffusion_per_step @ epoch 801: cos {'ALIFCell_0.input_weights': '1.676', 'ALIFCell_0.recurrent_weights': '1.412', 'ReadOut_0.readout_weights': '0.000'}
[2026-06-02 22:04:16,660][src.modRNN.training.alignment][INFO] -   align diffusion_fixed @ epoch 801: cos {'ALIFCell_0.input_weights': '1.658', 'ALIFCell_0.recurrent_weights': '1.424', 'ReadOut_0.readout_weights': '0.000'}
[2026-06-02 22:04:49,433][src.modRNN.training.alignment][INFO] - epoch 825  train loss=0.3356  (rule: diffusion)
[2026-06-02 22:05:23,501][src.modRNN.training.alignment][INFO] - epoch 850  train loss=0.3282  (rule: diffusion)
[2026-06-02 22:05:26,338][src.modRNN.training.alignment][INFO] -   align BPTT @ epoch 851: cos {'ALIFCell_0.input_weights': '0.000', 'ALIFCell_0.recurrent_weights': '0.000', 'ReadOut_0.readout_weights': '0.000'}
[2026-06-02 22:05:27,368][src.modRNN.training.alignment][INFO] -   align eprop @ epoch 851: cos {'ALIFCell_0.input_weights': '1.580', 'ALIFCell_0.recurrent_weights': '1.283', 'ReadOut_0.readout_weights': '0.000'}
[2026-06-02 22:05:28,689][src.modRNN.training.alignment][INFO] -   align diffusion_aligned @ epoch 851: cos {'ALIFCell_0.input_weights': '1.608', 'ALIFCell_0.recurrent_weights': '1.286', 'ReadOut_0.readout_weights': '0.000'}
[2026-06-02 22:05:30,923][src.modRNN.training.alignment][INFO] -   align diffusion_per_step @ epoch 851: cos {'ALIFCell_0.input_weights': '1.603', 'ALIFCell_0.recurrent_weights': '1.266', 'ReadOut_0.readout_weights': '0.000'}
[2026-06-02 22:05:32,218][src.modRNN.training.alignment][INFO] -   align diffusion_fixed @ epoch 851: cos {'ALIFCell_0.input_weights': '1.593', 'ALIFCell_0.recurrent_weights': '1.296', 'ReadOut_0.readout_weights': '0.000'}
[2026-06-02 22:06:04,838][src.modRNN.training.alignment][INFO] - epoch 875  train loss=0.3668  (rule: diffusion)
[2026-06-02 22:06:38,785][src.modRNN.training.alignment][INFO] - epoch 900  train loss=0.5003  (rule: diffusion)
[2026-06-02 22:06:41,617][src.modRNN.training.alignment][INFO] -   align BPTT @ epoch 901: cos {'ALIFCell_0.input_weights': '0.000', 'ALIFCell_0.recurrent_weights': '0.000', 'ReadOut_0.readout_weights': '0.000'}
[2026-06-02 22:06:42,642][src.modRNN.training.alignment][INFO] -   align eprop @ epoch 901: cos {'ALIFCell_0.input_weights': '1.553', 'ALIFCell_0.recurrent_weights': '1.580', 'ReadOut_0.readout_weights': '0.000'}
[2026-06-02 22:06:43,956][src.modRNN.training.alignment][INFO] -   align diffusion_aligned @ epoch 901: cos {'ALIFCell_0.input_weights': '1.556', 'ALIFCell_0.recurrent_weights': '1.579', 'ReadOut_0.readout_weights': '0.000'}
[2026-06-02 22:06:46,184][src.modRNN.training.alignment][INFO] -   align diffusion_per_step @ epoch 901: cos {'ALIFCell_0.input_weights': '1.555', 'ALIFCell_0.recurrent_weights': '1.581', 'ReadOut_0.readout_weights': '0.000'}
[2026-06-02 22:06:47,477][src.modRNN.training.alignment][INFO] -   align diffusion_fixed @ epoch 901: cos {'ALIFCell_0.input_weights': '1.555', 'ALIFCell_0.recurrent_weights': '1.580', 'ReadOut_0.readout_weights': '0.000'}
[2026-06-02 22:07:20,069][src.modRNN.training.alignment][INFO] - epoch 925  train loss=0.4313  (rule: diffusion)
[2026-06-02 22:07:54,004][src.modRNN.training.alignment][INFO] - epoch 950  train loss=0.4326  (rule: diffusion)
[2026-06-02 22:07:56,834][src.modRNN.training.alignment][INFO] -   align BPTT @ epoch 951: cos {'ALIFCell_0.input_weights': '0.000', 'ALIFCell_0.recurrent_weights': '0.000', 'ReadOut_0.readout_weights': '0.000'}
[2026-06-02 22:07:57,863][src.modRNN.training.alignment][INFO] -   align eprop @ epoch 951: cos {'ALIFCell_0.input_weights': '1.616', 'ALIFCell_0.recurrent_weights': '1.504', 'ReadOut_0.readout_weights': '0.000'}
[2026-06-02 22:07:59,171][src.modRNN.training.alignment][INFO] -   align diffusion_aligned @ epoch 951: cos {'ALIFCell_0.input_weights': '1.613', 'ALIFCell_0.recurrent_weights': '1.512', 'ReadOut_0.readout_weights': '0.000'}
[2026-06-02 22:08:01,396][src.modRNN.training.alignment][INFO] -   align diffusion_per_step @ epoch 951: cos {'ALIFCell_0.input_weights': '1.614', 'ALIFCell_0.recurrent_weights': '1.512', 'ReadOut_0.readout_weights': '0.000'}
[2026-06-02 22:08:02,695][src.modRNN.training.alignment][INFO] -   align diffusion_fixed @ epoch 951: cos {'ALIFCell_0.input_weights': '1.611', 'ALIFCell_0.recurrent_weights': '1.513', 'ReadOut_0.readout_weights': '0.000'}
[2026-06-02 22:08:35,295][src.modRNN.training.alignment][INFO] - epoch 975  train loss=0.2932  (rule: diffusion)
[2026-06-02 22:09:09,238][src.modRNN.training.alignment][INFO] - epoch 1000  train loss=0.3218  (rule: diffusion)
[2026-06-02 22:09:12,070][src.modRNN.training.alignment][INFO] -   align BPTT @ epoch 1001: cos {'ALIFCell_0.input_weights': '0.000', 'ALIFCell_0.recurrent_weights': '0.000', 'ReadOut_0.readout_weights': '0.000'}
[2026-06-02 22:09:13,098][src.modRNN.training.alignment][INFO] -   align eprop @ epoch 1001: cos {'ALIFCell_0.input_weights': '0.855', 'ALIFCell_0.recurrent_weights': '0.761', 'ReadOut_0.readout_weights': '0.000'}
[2026-06-02 22:09:14,409][src.modRNN.training.alignment][INFO] -   align diffusion_aligned @ epoch 1001: cos {'ALIFCell_0.input_weights': '0.793', 'ALIFCell_0.recurrent_weights': '0.767', 'ReadOut_0.readout_weights': '0.000'}
[2026-06-02 22:09:16,635][src.modRNN.training.alignment][INFO] -   align diffusion_per_step @ epoch 1001: cos {'ALIFCell_0.input_weights': '0.829', 'ALIFCell_0.recurrent_weights': '0.852', 'ReadOut_0.readout_weights': '0.000'}
[2026-06-02 22:09:17,929][src.modRNN.training.alignment][INFO] -   align diffusion_fixed @ epoch 1001: cos {'ALIFCell_0.input_weights': '0.816', 'ALIFCell_0.recurrent_weights': '0.784', 'ReadOut_0.readout_weights': '0.000'}
[2026-06-02 22:09:50,527][src.modRNN.training.alignment][INFO] - epoch 1025  train loss=0.2864  (rule: diffusion)
[2026-06-02 22:10:24,477][src.modRNN.training.alignment][INFO] - epoch 1050  train loss=0.4090  (rule: diffusion)
[2026-06-02 22:10:27,306][src.modRNN.training.alignment][INFO] -   align BPTT @ epoch 1051: cos {'ALIFCell_0.input_weights': '0.000', 'ALIFCell_0.recurrent_weights': '0.000', 'ReadOut_0.readout_weights': '0.000'}
[2026-06-02 22:10:28,334][src.modRNN.training.alignment][INFO] -   align eprop @ epoch 1051: cos {'ALIFCell_0.input_weights': '1.685', 'ALIFCell_0.recurrent_weights': '1.435', 'ReadOut_0.readout_weights': '0.000'}
[2026-06-02 22:10:29,646][src.modRNN.training.alignment][INFO] -   align diffusion_aligned @ epoch 1051: cos {'ALIFCell_0.input_weights': '1.712', 'ALIFCell_0.recurrent_weights': '1.409', 'ReadOut_0.readout_weights': '0.000'}
[2026-06-02 22:10:31,874][src.modRNN.training.alignment][INFO] -   align diffusion_per_step @ epoch 1051: cos {'ALIFCell_0.input_weights': '1.701', 'ALIFCell_0.recurrent_weights': '1.418', 'ReadOut_0.readout_weights': '0.000'}
[2026-06-02 22:10:33,167][src.modRNN.training.alignment][INFO] -   align diffusion_fixed @ epoch 1051: cos {'ALIFCell_0.input_weights': '1.680', 'ALIFCell_0.recurrent_weights': '1.418', 'ReadOut_0.readout_weights': '0.000'}
[2026-06-02 22:11:05,722][src.modRNN.training.alignment][INFO] - epoch 1075  train loss=0.3095  (rule: diffusion)
[2026-06-02 22:11:39,671][src.modRNN.training.alignment][INFO] - epoch 1100  train loss=0.3199  (rule: diffusion)
[2026-06-02 22:11:42,504][src.modRNN.training.alignment][INFO] -   align BPTT @ epoch 1101: cos {'ALIFCell_0.input_weights': '0.000', 'ALIFCell_0.recurrent_weights': '0.000', 'ReadOut_0.readout_weights': '0.000'}
[2026-06-02 22:11:43,530][src.modRNN.training.alignment][INFO] -   align eprop @ epoch 1101: cos {'ALIFCell_0.input_weights': '1.513', 'ALIFCell_0.recurrent_weights': '1.326', 'ReadOut_0.readout_weights': '0.000'}
[2026-06-02 22:11:44,842][src.modRNN.training.alignment][INFO] -   align diffusion_aligned @ epoch 1101: cos {'ALIFCell_0.input_weights': '1.512', 'ALIFCell_0.recurrent_weights': '1.363', 'ReadOut_0.readout_weights': '0.000'}
[2026-06-02 22:11:47,070][src.modRNN.training.alignment][INFO] -   align diffusion_per_step @ epoch 1101: cos {'ALIFCell_0.input_weights': '1.509', 'ALIFCell_0.recurrent_weights': '1.347', 'ReadOut_0.readout_weights': '0.000'}
[2026-06-02 22:11:48,362][src.modRNN.training.alignment][INFO] -   align diffusion_fixed @ epoch 1101: cos {'ALIFCell_0.input_weights': '1.524', 'ALIFCell_0.recurrent_weights': '1.407', 'ReadOut_0.readout_weights': '0.000'}
[2026-06-02 22:12:20,973][src.modRNN.training.alignment][INFO] - epoch 1125  train loss=0.3078  (rule: diffusion)
[2026-06-02 22:12:54,900][src.modRNN.training.alignment][INFO] - epoch 1150  train loss=0.4667  (rule: diffusion)
[2026-06-02 22:12:57,731][src.modRNN.training.alignment][INFO] -   align BPTT @ epoch 1151: cos {'ALIFCell_0.input_weights': '0.000', 'ALIFCell_0.recurrent_weights': '0.000', 'ReadOut_0.readout_weights': '0.000'}
[2026-06-02 22:12:58,758][src.modRNN.training.alignment][INFO] -   align eprop @ epoch 1151: cos {'ALIFCell_0.input_weights': '1.571', 'ALIFCell_0.recurrent_weights': '1.447', 'ReadOut_0.readout_weights': '0.000'}
[2026-06-02 22:13:00,070][src.modRNN.training.alignment][INFO] -   align diffusion_aligned @ epoch 1151: cos {'ALIFCell_0.input_weights': '1.530', 'ALIFCell_0.recurrent_weights': '1.385', 'ReadOut_0.readout_weights': '0.000'}
[2026-06-02 22:13:02,307][src.modRNN.training.alignment][INFO] -   align diffusion_per_step @ epoch 1151: cos {'ALIFCell_0.input_weights': '1.545', 'ALIFCell_0.recurrent_weights': '1.401', 'ReadOut_0.readout_weights': '0.000'}
[2026-06-02 22:13:03,606][src.modRNN.training.alignment][INFO] -   align diffusion_fixed @ epoch 1151: cos {'ALIFCell_0.input_weights': '1.549', 'ALIFCell_0.recurrent_weights': '1.408', 'ReadOut_0.readout_weights': '0.000'}
[2026-06-02 22:13:36,133][src.modRNN.training.alignment][INFO] - epoch 1175  train loss=0.3814  (rule: diffusion)
[2026-06-02 22:14:09,859][src.modRNN.training.alignment][INFO] - epoch 1200  train loss=0.1279  (rule: diffusion)
[2026-06-02 22:14:12,666][src.modRNN.training.alignment][INFO] -   align BPTT @ epoch 1201: cos {'ALIFCell_0.input_weights': '0.000', 'ALIFCell_0.recurrent_weights': '0.000', 'ReadOut_0.readout_weights': '0.000'}
[2026-06-02 22:14:13,686][src.modRNN.training.alignment][INFO] -   align eprop @ epoch 1201: cos {'ALIFCell_0.input_weights': '1.575', 'ALIFCell_0.recurrent_weights': '1.520', 'ReadOut_0.readout_weights': '0.000'}
[2026-06-02 22:14:14,990][src.modRNN.training.alignment][INFO] -   align diffusion_aligned @ epoch 1201: cos {'ALIFCell_0.input_weights': '1.528', 'ALIFCell_0.recurrent_weights': '1.517', 'ReadOut_0.readout_weights': '0.000'}
[2026-06-02 22:14:17,200][src.modRNN.training.alignment][INFO] -   align diffusion_per_step @ epoch 1201: cos {'ALIFCell_0.input_weights': '1.539', 'ALIFCell_0.recurrent_weights': '1.522', 'ReadOut_0.readout_weights': '0.000'}
[2026-06-02 22:14:18,491][src.modRNN.training.alignment][INFO] -   align diffusion_fixed @ epoch 1201: cos {'ALIFCell_0.input_weights': '1.551', 'ALIFCell_0.recurrent_weights': '1.519', 'ReadOut_0.readout_weights': '0.000'}
[2026-06-02 22:14:50,815][src.modRNN.training.alignment][INFO] - epoch 1225  train loss=0.2775  (rule: diffusion)
[2026-06-02 22:15:24,546][src.modRNN.training.alignment][INFO] - epoch 1250  train loss=0.2507  (rule: diffusion)
[2026-06-02 22:15:27,354][src.modRNN.training.alignment][INFO] -   align BPTT @ epoch 1251: cos {'ALIFCell_0.input_weights': '0.000', 'ALIFCell_0.recurrent_weights': '0.000', 'ReadOut_0.readout_weights': '0.000'}
[2026-06-02 22:15:28,373][src.modRNN.training.alignment][INFO] -   align eprop @ epoch 1251: cos {'ALIFCell_0.input_weights': '1.602', 'ALIFCell_0.recurrent_weights': '1.533', 'ReadOut_0.readout_weights': '0.000'}
[2026-06-02 22:15:29,675][src.modRNN.training.alignment][INFO] -   align diffusion_aligned @ epoch 1251: cos {'ALIFCell_0.input_weights': '1.617', 'ALIFCell_0.recurrent_weights': '1.541', 'ReadOut_0.readout_weights': '0.000'}
[2026-06-02 22:15:31,887][src.modRNN.training.alignment][INFO] -   align diffusion_per_step @ epoch 1251: cos {'ALIFCell_0.input_weights': '1.611', 'ALIFCell_0.recurrent_weights': '1.542', 'ReadOut_0.readout_weights': '0.000'}
[2026-06-02 22:15:33,168][src.modRNN.training.alignment][INFO] -   align diffusion_fixed @ epoch 1251: cos {'ALIFCell_0.input_weights': '1.609', 'ALIFCell_0.recurrent_weights': '1.540', 'ReadOut_0.readout_weights': '0.000'}
[2026-06-02 22:16:05,499][src.modRNN.training.alignment][INFO] - epoch 1275  train loss=0.3474  (rule: diffusion)
[2026-06-02 22:16:39,201][src.modRNN.training.alignment][INFO] - epoch 1300  train loss=0.3172  (rule: diffusion)
[2026-06-02 22:16:42,011][src.modRNN.training.alignment][INFO] -   align BPTT @ epoch 1301: cos {'ALIFCell_0.input_weights': '0.000', 'ALIFCell_0.recurrent_weights': '0.000', 'ReadOut_0.readout_weights': '0.000'}
[2026-06-02 22:16:43,032][src.modRNN.training.alignment][INFO] -   align eprop @ epoch 1301: cos {'ALIFCell_0.input_weights': '1.536', 'ALIFCell_0.recurrent_weights': '1.417', 'ReadOut_0.readout_weights': '0.000'}
[2026-06-02 22:16:44,334][src.modRNN.training.alignment][INFO] -   align diffusion_aligned @ epoch 1301: cos {'ALIFCell_0.input_weights': '1.519', 'ALIFCell_0.recurrent_weights': '1.393', 'ReadOut_0.readout_weights': '0.000'}
[2026-06-02 22:16:46,545][src.modRNN.training.alignment][INFO] -   align diffusion_per_step @ epoch 1301: cos {'ALIFCell_0.input_weights': '1.512', 'ALIFCell_0.recurrent_weights': '1.390', 'ReadOut_0.readout_weights': '0.000'}
[2026-06-02 22:16:47,828][src.modRNN.training.alignment][INFO] -   align diffusion_fixed @ epoch 1301: cos {'ALIFCell_0.input_weights': '1.530', 'ALIFCell_0.recurrent_weights': '1.416', 'ReadOut_0.readout_weights': '0.000'}
[2026-06-02 22:17:20,185][src.modRNN.training.alignment][INFO] - epoch 1325  train loss=0.3770  (rule: diffusion)
[2026-06-02 22:17:53,861][src.modRNN.training.alignment][INFO] - epoch 1350  train loss=0.3074  (rule: diffusion)
[2026-06-02 22:17:56,672][src.modRNN.training.alignment][INFO] -   align BPTT @ epoch 1351: cos {'ALIFCell_0.input_weights': '0.000', 'ALIFCell_0.recurrent_weights': '0.000', 'ReadOut_0.readout_weights': '0.000'}
[2026-06-02 22:17:57,687][src.modRNN.training.alignment][INFO] -   align eprop @ epoch 1351: cos {'ALIFCell_0.input_weights': '1.595', 'ALIFCell_0.recurrent_weights': '1.600', 'ReadOut_0.readout_weights': '0.000'}
[2026-06-02 22:17:58,989][src.modRNN.training.alignment][INFO] -   align diffusion_aligned @ epoch 1351: cos {'ALIFCell_0.input_weights': '1.605', 'ALIFCell_0.recurrent_weights': '1.601', 'ReadOut_0.readout_weights': '0.000'}
[2026-06-02 22:18:01,199][src.modRNN.training.alignment][INFO] -   align diffusion_per_step @ epoch 1351: cos {'ALIFCell_0.input_weights': '1.602', 'ALIFCell_0.recurrent_weights': '1.604', 'ReadOut_0.readout_weights': '0.000'}
[2026-06-02 22:18:02,491][src.modRNN.training.alignment][INFO] -   align diffusion_fixed @ epoch 1351: cos {'ALIFCell_0.input_weights': '1.602', 'ALIFCell_0.recurrent_weights': '1.604', 'ReadOut_0.readout_weights': '0.000'}
[2026-06-02 22:18:34,813][src.modRNN.training.alignment][INFO] - epoch 1375  train loss=0.2452  (rule: diffusion)
[2026-06-02 22:19:08,457][src.modRNN.training.alignment][INFO] - epoch 1400  train loss=0.2814  (rule: diffusion)
[2026-06-02 22:19:11,266][src.modRNN.training.alignment][INFO] -   align BPTT @ epoch 1401: cos {'ALIFCell_0.input_weights': '0.000', 'ALIFCell_0.recurrent_weights': '0.000', 'ReadOut_0.readout_weights': '0.000'}
[2026-06-02 22:19:12,285][src.modRNN.training.alignment][INFO] -   align eprop @ epoch 1401: cos {'ALIFCell_0.input_weights': '1.612', 'ALIFCell_0.recurrent_weights': '1.287', 'ReadOut_0.readout_weights': '0.000'}
[2026-06-02 22:19:13,587][src.modRNN.training.alignment][INFO] -   align diffusion_aligned @ epoch 1401: cos {'ALIFCell_0.input_weights': '1.613', 'ALIFCell_0.recurrent_weights': '1.265', 'ReadOut_0.readout_weights': '0.000'}
[2026-06-02 22:19:15,798][src.modRNN.training.alignment][INFO] -   align diffusion_per_step @ epoch 1401: cos {'ALIFCell_0.input_weights': '1.614', 'ALIFCell_0.recurrent_weights': '1.258', 'ReadOut_0.readout_weights': '0.000'}
[2026-06-02 22:19:17,082][src.modRNN.training.alignment][INFO] -   align diffusion_fixed @ epoch 1401: cos {'ALIFCell_0.input_weights': '1.615', 'ALIFCell_0.recurrent_weights': '1.257', 'ReadOut_0.readout_weights': '0.000'}
[2026-06-02 22:19:49,384][src.modRNN.training.alignment][INFO] - epoch 1425  train loss=0.2415  (rule: diffusion)
[2026-06-02 22:20:23,063][src.modRNN.training.alignment][INFO] - epoch 1450  train loss=0.2638  (rule: diffusion)
[2026-06-02 22:20:25,868][src.modRNN.training.alignment][INFO] -   align BPTT @ epoch 1451: cos {'ALIFCell_0.input_weights': '0.000', 'ALIFCell_0.recurrent_weights': '0.000', 'ReadOut_0.readout_weights': '0.000'}
[2026-06-02 22:20:26,888][src.modRNN.training.alignment][INFO] -   align eprop @ epoch 1451: cos {'ALIFCell_0.input_weights': '1.564', 'ALIFCell_0.recurrent_weights': '1.444', 'ReadOut_0.readout_weights': '0.000'}
[2026-06-02 22:20:28,191][src.modRNN.training.alignment][INFO] -   align diffusion_aligned @ epoch 1451: cos {'ALIFCell_0.input_weights': '1.572', 'ALIFCell_0.recurrent_weights': '1.382', 'ReadOut_0.readout_weights': '0.000'}
[2026-06-02 22:20:30,400][src.modRNN.training.alignment][INFO] -   align diffusion_per_step @ epoch 1451: cos {'ALIFCell_0.input_weights': '1.570', 'ALIFCell_0.recurrent_weights': '1.396', 'ReadOut_0.readout_weights': '0.000'}
[2026-06-02 22:20:31,683][src.modRNN.training.alignment][INFO] -   align diffusion_fixed @ epoch 1451: cos {'ALIFCell_0.input_weights': '1.568', 'ALIFCell_0.recurrent_weights': '1.387', 'ReadOut_0.readout_weights': '0.000'}
[2026-06-02 22:21:03,989][src.modRNN.training.alignment][INFO] - epoch 1475  train loss=0.1530  (rule: diffusion)
[2026-06-02 22:21:37,658][src.modRNN.training.alignment][INFO] - epoch 1500  train loss=0.1770  (rule: diffusion)
[2026-06-02 22:21:40,466][src.modRNN.training.alignment][INFO] -   align BPTT @ epoch 1501: cos {'ALIFCell_0.input_weights': '0.000', 'ALIFCell_0.recurrent_weights': '0.000', 'ReadOut_0.readout_weights': '0.000'}
[2026-06-02 22:21:41,486][src.modRNN.training.alignment][INFO] -   align eprop @ epoch 1501: cos {'ALIFCell_0.input_weights': '1.581', 'ALIFCell_0.recurrent_weights': '1.512', 'ReadOut_0.readout_weights': '0.000'}
[2026-06-02 22:21:42,786][src.modRNN.training.alignment][INFO] -   align diffusion_aligned @ epoch 1501: cos {'ALIFCell_0.input_weights': '1.556', 'ALIFCell_0.recurrent_weights': '1.478', 'ReadOut_0.readout_weights': '0.000'}
[2026-06-02 22:21:44,998][src.modRNN.training.alignment][INFO] -   align diffusion_per_step @ epoch 1501: cos {'ALIFCell_0.input_weights': '1.562', 'ALIFCell_0.recurrent_weights': '1.483', 'ReadOut_0.readout_weights': '0.000'}
[2026-06-02 22:21:46,281][src.modRNN.training.alignment][INFO] -   align diffusion_fixed @ epoch 1501: cos {'ALIFCell_0.input_weights': '1.569', 'ALIFCell_0.recurrent_weights': '1.494', 'ReadOut_0.readout_weights': '0.000'}
[2026-06-02 22:22:18,597][src.modRNN.training.alignment][INFO] - epoch 1525  train loss=0.1981  (rule: diffusion)
[2026-06-02 22:22:52,317][src.modRNN.training.alignment][INFO] - epoch 1550  train loss=0.2004  (rule: diffusion)
[2026-06-02 22:22:55,126][src.modRNN.training.alignment][INFO] -   align BPTT @ epoch 1551: cos {'ALIFCell_0.input_weights': '0.000', 'ALIFCell_0.recurrent_weights': '0.000', 'ReadOut_0.readout_weights': '0.000'}
[2026-06-02 22:22:56,144][src.modRNN.training.alignment][INFO] -   align eprop @ epoch 1551: cos {'ALIFCell_0.input_weights': '1.466', 'ALIFCell_0.recurrent_weights': '1.551', 'ReadOut_0.readout_weights': '0.000'}
[2026-06-02 22:22:57,445][src.modRNN.training.alignment][INFO] -   align diffusion_aligned @ epoch 1551: cos {'ALIFCell_0.input_weights': '1.460', 'ALIFCell_0.recurrent_weights': '1.556', 'ReadOut_0.readout_weights': '0.000'}
[2026-06-02 22:22:59,657][src.modRNN.training.alignment][INFO] -   align diffusion_per_step @ epoch 1551: cos {'ALIFCell_0.input_weights': '1.462', 'ALIFCell_0.recurrent_weights': '1.558', 'ReadOut_0.readout_weights': '0.000'}
[2026-06-02 22:23:00,941][src.modRNN.training.alignment][INFO] -   align diffusion_fixed @ epoch 1551: cos {'ALIFCell_0.input_weights': '1.472', 'ALIFCell_0.recurrent_weights': '1.558', 'ReadOut_0.readout_weights': '0.000'}
[2026-06-02 22:23:33,314][src.modRNN.training.alignment][INFO] - epoch 1575  train loss=0.2156  (rule: diffusion)
[2026-06-02 22:24:07,053][src.modRNN.training.alignment][INFO] - epoch 1600  train loss=0.2618  (rule: diffusion)
[2026-06-02 22:24:09,865][src.modRNN.training.alignment][INFO] -   align BPTT @ epoch 1601: cos {'ALIFCell_0.input_weights': '0.000', 'ALIFCell_0.recurrent_weights': '0.000', 'ReadOut_0.readout_weights': '0.000'}
[2026-06-02 22:24:10,885][src.modRNN.training.alignment][INFO] -   align eprop @ epoch 1601: cos {'ALIFCell_0.input_weights': '1.629', 'ALIFCell_0.recurrent_weights': '1.619', 'ReadOut_0.readout_weights': '0.000'}
[2026-06-02 22:24:12,187][src.modRNN.training.alignment][INFO] -   align diffusion_aligned @ epoch 1601: cos {'ALIFCell_0.input_weights': '1.649', 'ALIFCell_0.recurrent_weights': '1.643', 'ReadOut_0.readout_weights': '0.000'}
[2026-06-02 22:24:14,396][src.modRNN.training.alignment][INFO] -   align diffusion_per_step @ epoch 1601: cos {'ALIFCell_0.input_weights': '1.644', 'ALIFCell_0.recurrent_weights': '1.640', 'ReadOut_0.readout_weights': '0.000'}
[2026-06-02 22:24:15,680][src.modRNN.training.alignment][INFO] -   align diffusion_fixed @ epoch 1601: cos {'ALIFCell_0.input_weights': '1.642', 'ALIFCell_0.recurrent_weights': '1.633', 'ReadOut_0.readout_weights': '0.000'}
[2026-06-02 22:24:48,053][src.modRNN.training.alignment][INFO] - epoch 1625  train loss=0.2857  (rule: diffusion)
[2026-06-02 22:25:21,737][src.modRNN.training.alignment][INFO] - epoch 1650  train loss=0.3300  (rule: diffusion)
[2026-06-02 22:25:24,552][src.modRNN.training.alignment][INFO] -   align BPTT @ epoch 1651: cos {'ALIFCell_0.input_weights': '0.000', 'ALIFCell_0.recurrent_weights': '0.000', 'ReadOut_0.readout_weights': '0.000'}
[2026-06-02 22:25:25,580][src.modRNN.training.alignment][INFO] -   align eprop @ epoch 1651: cos {'ALIFCell_0.input_weights': '1.568', 'ALIFCell_0.recurrent_weights': '1.532', 'ReadOut_0.readout_weights': '0.001'}
[2026-06-02 22:25:26,883][src.modRNN.training.alignment][INFO] -   align diffusion_aligned @ epoch 1651: cos {'ALIFCell_0.input_weights': '1.561', 'ALIFCell_0.recurrent_weights': '1.531', 'ReadOut_0.readout_weights': '0.001'}
[2026-06-02 22:25:29,096][src.modRNN.training.alignment][INFO] -   align diffusion_per_step @ epoch 1651: cos {'ALIFCell_0.input_weights': '1.562', 'ALIFCell_0.recurrent_weights': '1.526', 'ReadOut_0.readout_weights': '0.001'}
[2026-06-02 22:25:30,381][src.modRNN.training.alignment][INFO] -   align diffusion_fixed @ epoch 1651: cos {'ALIFCell_0.input_weights': '1.564', 'ALIFCell_0.recurrent_weights': '1.530', 'ReadOut_0.readout_weights': '0.001'}
[2026-06-02 22:26:02,704][src.modRNN.training.alignment][INFO] - epoch 1675  train loss=0.1514  (rule: diffusion)
[2026-06-02 22:26:36,431][src.modRNN.training.alignment][INFO] - epoch 1700  train loss=0.2586  (rule: diffusion)
[2026-06-02 22:26:39,256][src.modRNN.training.alignment][INFO] -   align BPTT @ epoch 1701: cos {'ALIFCell_0.input_weights': '0.000', 'ALIFCell_0.recurrent_weights': '0.000', 'ReadOut_0.readout_weights': '0.000'}
[2026-06-02 22:26:40,285][src.modRNN.training.alignment][INFO] -   align eprop @ epoch 1701: cos {'ALIFCell_0.input_weights': '1.580', 'ALIFCell_0.recurrent_weights': '1.509', 'ReadOut_0.readout_weights': '0.000'}
[2026-06-02 22:26:41,597][src.modRNN.training.alignment][INFO] -   align diffusion_aligned @ epoch 1701: cos {'ALIFCell_0.input_weights': '1.582', 'ALIFCell_0.recurrent_weights': '1.484', 'ReadOut_0.readout_weights': '0.000'}
[2026-06-02 22:26:43,823][src.modRNN.training.alignment][INFO] -   align diffusion_per_step @ epoch 1701: cos {'ALIFCell_0.input_weights': '1.580', 'ALIFCell_0.recurrent_weights': '1.492', 'ReadOut_0.readout_weights': '0.000'}
[2026-06-02 22:26:45,115][src.modRNN.training.alignment][INFO] -   align diffusion_fixed @ epoch 1701: cos {'ALIFCell_0.input_weights': '1.580', 'ALIFCell_0.recurrent_weights': '1.492', 'ReadOut_0.readout_weights': '0.000'}
[2026-06-02 22:27:17,710][src.modRNN.training.alignment][INFO] - epoch 1725  train loss=0.1198  (rule: diffusion)
[2026-06-02 22:27:51,638][src.modRNN.training.alignment][INFO] - epoch 1750  train loss=0.2275  (rule: diffusion)
[2026-06-02 22:27:54,466][src.modRNN.training.alignment][INFO] -   align BPTT @ epoch 1751: cos {'ALIFCell_0.input_weights': '0.000', 'ALIFCell_0.recurrent_weights': '0.000', 'ReadOut_0.readout_weights': '0.000'}
[2026-06-02 22:27:55,494][src.modRNN.training.alignment][INFO] -   align eprop @ epoch 1751: cos {'ALIFCell_0.input_weights': '1.588', 'ALIFCell_0.recurrent_weights': '1.652', 'ReadOut_0.readout_weights': '0.000'}
[2026-06-02 22:27:56,809][src.modRNN.training.alignment][INFO] -   align diffusion_aligned @ epoch 1751: cos {'ALIFCell_0.input_weights': '1.588', 'ALIFCell_0.recurrent_weights': '1.696', 'ReadOut_0.readout_weights': '0.000'}
[2026-06-02 22:27:59,048][src.modRNN.training.alignment][INFO] -   align diffusion_per_step @ epoch 1751: cos {'ALIFCell_0.input_weights': '1.587', 'ALIFCell_0.recurrent_weights': '1.688', 'ReadOut_0.readout_weights': '0.000'}
[2026-06-02 22:28:00,341][src.modRNN.training.alignment][INFO] -   align diffusion_fixed @ epoch 1751: cos {'ALIFCell_0.input_weights': '1.588', 'ALIFCell_0.recurrent_weights': '1.687', 'ReadOut_0.readout_weights': '0.000'}
[2026-06-02 22:28:32,898][src.modRNN.training.alignment][INFO] - epoch 1775  train loss=0.2978  (rule: diffusion)
[2026-06-02 22:29:06,866][src.modRNN.training.alignment][INFO] - epoch 1800  train loss=0.2279  (rule: diffusion)
[2026-06-02 22:29:09,698][src.modRNN.training.alignment][INFO] -   align BPTT @ epoch 1801: cos {'ALIFCell_0.input_weights': '0.000', 'ALIFCell_0.recurrent_weights': '0.000', 'ReadOut_0.readout_weights': '0.000'}
[2026-06-02 22:29:10,725][src.modRNN.training.alignment][INFO] -   align eprop @ epoch 1801: cos {'ALIFCell_0.input_weights': '1.330', 'ALIFCell_0.recurrent_weights': '1.286', 'ReadOut_0.readout_weights': '0.000'}
[2026-06-02 22:29:12,039][src.modRNN.training.alignment][INFO] -   align diffusion_aligned @ epoch 1801: cos {'ALIFCell_0.input_weights': '1.257', 'ALIFCell_0.recurrent_weights': '1.246', 'ReadOut_0.readout_weights': '0.000'}
[2026-06-02 22:29:14,267][src.modRNN.training.alignment][INFO] -   align diffusion_per_step @ epoch 1801: cos {'ALIFCell_0.input_weights': '1.293', 'ALIFCell_0.recurrent_weights': '1.267', 'ReadOut_0.readout_weights': '0.000'}
[2026-06-02 22:29:15,561][src.modRNN.training.alignment][INFO] -   align diffusion_fixed @ epoch 1801: cos {'ALIFCell_0.input_weights': '1.288', 'ALIFCell_0.recurrent_weights': '1.284', 'ReadOut_0.readout_weights': '0.000'}
[2026-06-02 22:29:48,110][src.modRNN.training.alignment][INFO] - epoch 1825  train loss=0.1892  (rule: diffusion)
[2026-06-02 22:30:22,035][src.modRNN.training.alignment][INFO] - epoch 1850  train loss=0.1721  (rule: diffusion)
[2026-06-02 22:30:24,868][src.modRNN.training.alignment][INFO] -   align BPTT @ epoch 1851: cos {'ALIFCell_0.input_weights': '0.000', 'ALIFCell_0.recurrent_weights': '0.000', 'ReadOut_0.readout_weights': '0.000'}
[2026-06-02 22:30:25,897][src.modRNN.training.alignment][INFO] -   align eprop @ epoch 1851: cos {'ALIFCell_0.input_weights': '1.566', 'ALIFCell_0.recurrent_weights': '1.653', 'ReadOut_0.readout_weights': '0.000'}
[2026-06-02 22:30:27,209][src.modRNN.training.alignment][INFO] -   align diffusion_aligned @ epoch 1851: cos {'ALIFCell_0.input_weights': '1.568', 'ALIFCell_0.recurrent_weights': '1.689', 'ReadOut_0.readout_weights': '0.000'}
[2026-06-02 22:30:29,437][src.modRNN.training.alignment][INFO] -   align diffusion_per_step @ epoch 1851: cos {'ALIFCell_0.input_weights': '1.569', 'ALIFCell_0.recurrent_weights': '1.682', 'ReadOut_0.readout_weights': '0.000'}
[2026-06-02 22:30:30,729][src.modRNN.training.alignment][INFO] -   align diffusion_fixed @ epoch 1851: cos {'ALIFCell_0.input_weights': '1.568', 'ALIFCell_0.recurrent_weights': '1.680', 'ReadOut_0.readout_weights': '0.000'}
[2026-06-02 22:31:03,344][src.modRNN.training.alignment][INFO] - epoch 1875  train loss=0.1588  (rule: diffusion)
[2026-06-02 22:31:37,294][src.modRNN.training.alignment][INFO] - epoch 1900  train loss=0.2630  (rule: diffusion)
[2026-06-02 22:31:40,124][src.modRNN.training.alignment][INFO] -   align BPTT @ epoch 1901: cos {'ALIFCell_0.input_weights': '0.000', 'ALIFCell_0.recurrent_weights': '0.000', 'ReadOut_0.readout_weights': '0.000'}
[2026-06-02 22:31:41,149][src.modRNN.training.alignment][INFO] -   align eprop @ epoch 1901: cos {'ALIFCell_0.input_weights': '1.387', 'ALIFCell_0.recurrent_weights': '1.339', 'ReadOut_0.readout_weights': '0.000'}
[2026-06-02 22:31:42,463][src.modRNN.training.alignment][INFO] -   align diffusion_aligned @ epoch 1901: cos {'ALIFCell_0.input_weights': '1.381', 'ALIFCell_0.recurrent_weights': '1.311', 'ReadOut_0.readout_weights': '0.000'}
[2026-06-02 22:31:44,690][src.modRNN.training.alignment][INFO] -   align diffusion_per_step @ epoch 1901: cos {'ALIFCell_0.input_weights': '1.376', 'ALIFCell_0.recurrent_weights': '1.309', 'ReadOut_0.readout_weights': '0.000'}
[2026-06-02 22:31:45,980][src.modRNN.training.alignment][INFO] -   align diffusion_fixed @ epoch 1901: cos {'ALIFCell_0.input_weights': '1.387', 'ALIFCell_0.recurrent_weights': '1.321', 'ReadOut_0.readout_weights': '0.000'}
[2026-06-02 22:32:18,373][src.modRNN.training.alignment][INFO] - epoch 1925  train loss=0.2766  (rule: diffusion)
[2026-06-02 22:32:52,057][src.modRNN.training.alignment][INFO] - epoch 1950  train loss=0.1617  (rule: diffusion)
[2026-06-02 22:32:54,866][src.modRNN.training.alignment][INFO] -   align BPTT @ epoch 1951: cos {'ALIFCell_0.input_weights': '0.000', 'ALIFCell_0.recurrent_weights': '0.000', 'ReadOut_0.readout_weights': '0.000'}
[2026-06-02 22:32:55,884][src.modRNN.training.alignment][INFO] -   align eprop @ epoch 1951: cos {'ALIFCell_0.input_weights': '1.568', 'ALIFCell_0.recurrent_weights': '1.576', 'ReadOut_0.readout_weights': '0.000'}
[2026-06-02 22:32:57,189][src.modRNN.training.alignment][INFO] -   align diffusion_aligned @ epoch 1951: cos {'ALIFCell_0.input_weights': '1.569', 'ALIFCell_0.recurrent_weights': '1.561', 'ReadOut_0.readout_weights': '0.000'}
[2026-06-02 22:32:59,398][src.modRNN.training.alignment][INFO] -   align diffusion_per_step @ epoch 1951: cos {'ALIFCell_0.input_weights': '1.570', 'ALIFCell_0.recurrent_weights': '1.581', 'ReadOut_0.readout_weights': '0.000'}
[2026-06-02 22:33:00,678][src.modRNN.training.alignment][INFO] -   align diffusion_fixed @ epoch 1951: cos {'ALIFCell_0.input_weights': '1.569', 'ALIFCell_0.recurrent_weights': '1.571', 'ReadOut_0.readout_weights': '0.000'}
[2026-06-02 22:33:33,088][src.modRNN.training.alignment][INFO] - epoch 1975  train loss=0.2272  (rule: diffusion)
[2026-06-02 22:34:06,791][src.modRNN.training.alignment][INFO] - epoch 2000  train loss=0.1733  (rule: diffusion)
[2026-06-02 22:34:09,598][src.modRNN.training.alignment][INFO] -   align BPTT @ epoch 2001: cos {'ALIFCell_0.input_weights': '0.000', 'ALIFCell_0.recurrent_weights': '0.000', 'ReadOut_0.readout_weights': '0.000'}
[2026-06-02 22:34:10,624][src.modRNN.training.alignment][INFO] -   align eprop @ epoch 2001: cos {'ALIFCell_0.input_weights': '1.370', 'ALIFCell_0.recurrent_weights': '0.810', 'ReadOut_0.readout_weights': '0.000'}
[2026-06-02 22:34:11,927][src.modRNN.training.alignment][INFO] -   align diffusion_aligned @ epoch 2001: cos {'ALIFCell_0.input_weights': '1.343', 'ALIFCell_0.recurrent_weights': '0.891', 'ReadOut_0.readout_weights': '0.000'}
[2026-06-02 22:34:14,139][src.modRNN.training.alignment][INFO] -   align diffusion_per_step @ epoch 2001: cos {'ALIFCell_0.input_weights': '1.351', 'ALIFCell_0.recurrent_weights': '0.866', 'ReadOut_0.readout_weights': '0.000'}
[2026-06-02 22:34:15,420][src.modRNN.training.alignment][INFO] -   align diffusion_fixed @ epoch 2001: cos {'ALIFCell_0.input_weights': '1.391', 'ALIFCell_0.recurrent_weights': '0.929', 'ReadOut_0.readout_weights': '0.000'}
[2026-06-02 22:34:15,483][src.modRNN.training.alignment][INFO] - Alignment experiment finished. Output dir: /mnt/lustre/work/martius/mot736/neuromodRNN/outputs/cue_accumulation/align_nn_connectivity_diffusion_fixed/seed_642757423
