[2026-06-02 19:28:49,543][jax._src.xla_bridge][INFO] - Unable to initialize backend 'rocm': module 'jaxlib.xla_extension' has no attribute 'GpuAllocatorConfig'
[2026-06-02 19:28:49,544][jax._src.xla_bridge][INFO] - Unable to initialize backend 'tpu': INTERNAL: Failed to open libtpu.so: libtpu.so: cannot open shared object file: No such file or directory
[2026-06-02 19:28:58,617][src.modRNN.training.alignment][INFO] - Starting alignment experiment: training with diffusion, measuring alignment of ['BPTT', 'eprop', 'diffusion_aligned', 'diffusion_per_step', 'diffusion_fixed'] every 50 epochs.
[2026-06-02 19:29:04,127][src.modRNN.training.alignment][INFO] - epoch 1  train loss=0.6931  (rule: diffusion)
[2026-06-02 19:29:06,711][src.modRNN.training.alignment][INFO] -   align BPTT @ epoch 1: cos {'ALIFCell_0.input_weights': '0.000', 'ALIFCell_0.recurrent_weights': '0.000', 'ReadOut_0.readout_weights': '0.000'}
[2026-06-02 19:29:08,470][src.modRNN.training.alignment][INFO] -   align eprop @ epoch 1: cos {'ALIFCell_0.input_weights': '0.624', 'ALIFCell_0.recurrent_weights': '0.440', 'ReadOut_0.readout_weights': '0.000'}
[2026-06-02 19:29:10,775][src.modRNN.training.alignment][INFO] -   align diffusion_aligned @ epoch 1: cos {'ALIFCell_0.input_weights': '0.890', 'ALIFCell_0.recurrent_weights': '0.655', 'ReadOut_0.readout_weights': '0.000'}
[2026-06-02 19:29:15,339][src.modRNN.training.alignment][INFO] -   align diffusion_per_step @ epoch 1: cos {'ALIFCell_0.input_weights': '0.955', 'ALIFCell_0.recurrent_weights': '0.772', 'ReadOut_0.readout_weights': '0.000'}
[2026-06-02 19:29:17,655][src.modRNN.training.alignment][INFO] -   align diffusion_fixed @ epoch 1: cos {'ALIFCell_0.input_weights': '0.944', 'ALIFCell_0.recurrent_weights': '0.778', 'ReadOut_0.readout_weights': '0.000'}
[2026-06-02 19:29:49,203][src.modRNN.training.alignment][INFO] - epoch 25  train loss=0.6931  (rule: diffusion)
[2026-06-02 19:30:22,325][src.modRNN.training.alignment][INFO] - epoch 50  train loss=0.6931  (rule: diffusion)
[2026-06-02 19:30:25,078][src.modRNN.training.alignment][INFO] -   align BPTT @ epoch 51: cos {'ALIFCell_0.input_weights': '0.000', 'ALIFCell_0.recurrent_weights': '0.000', 'ReadOut_0.readout_weights': '0.000'}
[2026-06-02 19:30:26,076][src.modRNN.training.alignment][INFO] -   align eprop @ epoch 51: cos {'ALIFCell_0.input_weights': '0.350', 'ALIFCell_0.recurrent_weights': '0.596', 'ReadOut_0.readout_weights': '0.000'}
[2026-06-02 19:30:27,357][src.modRNN.training.alignment][INFO] -   align diffusion_aligned @ epoch 51: cos {'ALIFCell_0.input_weights': '0.828', 'ALIFCell_0.recurrent_weights': '0.869', 'ReadOut_0.readout_weights': '0.000'}
[2026-06-02 19:30:29,501][src.modRNN.training.alignment][INFO] -   align diffusion_per_step @ epoch 51: cos {'ALIFCell_0.input_weights': '0.874', 'ALIFCell_0.recurrent_weights': '0.974', 'ReadOut_0.readout_weights': '0.000'}
[2026-06-02 19:30:30,753][src.modRNN.training.alignment][INFO] -   align diffusion_fixed @ epoch 51: cos {'ALIFCell_0.input_weights': '0.846', 'ALIFCell_0.recurrent_weights': '0.970', 'ReadOut_0.readout_weights': '0.000'}
[2026-06-02 19:31:02,769][src.modRNN.training.alignment][INFO] - epoch 75  train loss=0.6930  (rule: diffusion)
[2026-06-02 19:31:36,205][src.modRNN.training.alignment][INFO] - epoch 100  train loss=0.6918  (rule: diffusion)
[2026-06-02 19:31:38,977][src.modRNN.training.alignment][INFO] -   align BPTT @ epoch 101: cos {'ALIFCell_0.input_weights': '0.000', 'ALIFCell_0.recurrent_weights': '0.000', 'ReadOut_0.readout_weights': '0.000'}
[2026-06-02 19:31:39,979][src.modRNN.training.alignment][INFO] -   align eprop @ epoch 101: cos {'ALIFCell_0.input_weights': '0.536', 'ALIFCell_0.recurrent_weights': '1.158', 'ReadOut_0.readout_weights': '0.000'}
[2026-06-02 19:31:41,266][src.modRNN.training.alignment][INFO] -   align diffusion_aligned @ epoch 101: cos {'ALIFCell_0.input_weights': '0.510', 'ALIFCell_0.recurrent_weights': '0.967', 'ReadOut_0.readout_weights': '0.000'}
[2026-06-02 19:31:43,427][src.modRNN.training.alignment][INFO] -   align diffusion_per_step @ epoch 101: cos {'ALIFCell_0.input_weights': '0.586', 'ALIFCell_0.recurrent_weights': '1.672', 'ReadOut_0.readout_weights': '0.000'}
[2026-06-02 19:31:44,684][src.modRNN.training.alignment][INFO] -   align diffusion_fixed @ epoch 101: cos {'ALIFCell_0.input_weights': '0.600', 'ALIFCell_0.recurrent_weights': '1.840', 'ReadOut_0.readout_weights': '0.000'}
[2026-06-02 19:32:16,790][src.modRNN.training.alignment][INFO] - epoch 125  train loss=0.6874  (rule: diffusion)
[2026-06-02 19:32:50,169][src.modRNN.training.alignment][INFO] - epoch 150  train loss=0.6910  (rule: diffusion)
[2026-06-02 19:32:52,939][src.modRNN.training.alignment][INFO] -   align BPTT @ epoch 151: cos {'ALIFCell_0.input_weights': '0.000', 'ALIFCell_0.recurrent_weights': '0.000', 'ReadOut_0.readout_weights': '0.000'}
[2026-06-02 19:32:53,941][src.modRNN.training.alignment][INFO] -   align eprop @ epoch 151: cos {'ALIFCell_0.input_weights': '0.854', 'ALIFCell_0.recurrent_weights': '0.908', 'ReadOut_0.readout_weights': '0.000'}
[2026-06-02 19:32:55,226][src.modRNN.training.alignment][INFO] -   align diffusion_aligned @ epoch 151: cos {'ALIFCell_0.input_weights': '0.868', 'ALIFCell_0.recurrent_weights': '0.897', 'ReadOut_0.readout_weights': '0.000'}
[2026-06-02 19:32:57,389][src.modRNN.training.alignment][INFO] -   align diffusion_per_step @ epoch 151: cos {'ALIFCell_0.input_weights': '0.910', 'ALIFCell_0.recurrent_weights': '0.907', 'ReadOut_0.readout_weights': '0.000'}
[2026-06-02 19:32:58,643][src.modRNN.training.alignment][INFO] -   align diffusion_fixed @ epoch 151: cos {'ALIFCell_0.input_weights': '0.888', 'ALIFCell_0.recurrent_weights': '0.917', 'ReadOut_0.readout_weights': '0.000'}
[2026-06-02 19:33:30,700][src.modRNN.training.alignment][INFO] - epoch 175  train loss=0.6748  (rule: diffusion)
[2026-06-02 19:34:04,102][src.modRNN.training.alignment][INFO] - epoch 200  train loss=0.6567  (rule: diffusion)
[2026-06-02 19:34:06,870][src.modRNN.training.alignment][INFO] -   align BPTT @ epoch 201: cos {'ALIFCell_0.input_weights': '0.000', 'ALIFCell_0.recurrent_weights': '0.000', 'ReadOut_0.readout_weights': '0.000'}
[2026-06-02 19:34:07,872][src.modRNN.training.alignment][INFO] -   align eprop @ epoch 201: cos {'ALIFCell_0.input_weights': '1.004', 'ALIFCell_0.recurrent_weights': '1.129', 'ReadOut_0.readout_weights': '0.000'}
[2026-06-02 19:34:09,158][src.modRNN.training.alignment][INFO] -   align diffusion_aligned @ epoch 201: cos {'ALIFCell_0.input_weights': '1.072', 'ALIFCell_0.recurrent_weights': '1.100', 'ReadOut_0.readout_weights': '0.000'}
[2026-06-02 19:34:11,316][src.modRNN.training.alignment][INFO] -   align diffusion_per_step @ epoch 201: cos {'ALIFCell_0.input_weights': '1.105', 'ALIFCell_0.recurrent_weights': '1.091', 'ReadOut_0.readout_weights': '0.000'}
[2026-06-02 19:34:12,571][src.modRNN.training.alignment][INFO] -   align diffusion_fixed @ epoch 201: cos {'ALIFCell_0.input_weights': '1.057', 'ALIFCell_0.recurrent_weights': '1.102', 'ReadOut_0.readout_weights': '0.000'}
[2026-06-02 19:34:44,668][src.modRNN.training.alignment][INFO] - epoch 225  train loss=0.6303  (rule: diffusion)
[2026-06-02 19:35:18,090][src.modRNN.training.alignment][INFO] - epoch 250  train loss=0.6774  (rule: diffusion)
[2026-06-02 19:35:20,860][src.modRNN.training.alignment][INFO] -   align BPTT @ epoch 251: cos {'ALIFCell_0.input_weights': '0.000', 'ALIFCell_0.recurrent_weights': '0.000', 'ReadOut_0.readout_weights': '0.000'}
[2026-06-02 19:35:21,862][src.modRNN.training.alignment][INFO] -   align eprop @ epoch 251: cos {'ALIFCell_0.input_weights': '0.809', 'ALIFCell_0.recurrent_weights': '1.073', 'ReadOut_0.readout_weights': '0.000'}
[2026-06-02 19:35:23,150][src.modRNN.training.alignment][INFO] -   align diffusion_aligned @ epoch 251: cos {'ALIFCell_0.input_weights': '0.844', 'ALIFCell_0.recurrent_weights': '0.932', 'ReadOut_0.readout_weights': '0.000'}
[2026-06-02 19:35:25,310][src.modRNN.training.alignment][INFO] -   align diffusion_per_step @ epoch 251: cos {'ALIFCell_0.input_weights': '0.862', 'ALIFCell_0.recurrent_weights': '0.969', 'ReadOut_0.readout_weights': '0.000'}
[2026-06-02 19:35:26,565][src.modRNN.training.alignment][INFO] -   align diffusion_fixed @ epoch 251: cos {'ALIFCell_0.input_weights': '0.845', 'ALIFCell_0.recurrent_weights': '0.997', 'ReadOut_0.readout_weights': '0.000'}
[2026-06-02 19:35:58,629][src.modRNN.training.alignment][INFO] - epoch 275  train loss=0.6563  (rule: diffusion)
[2026-06-02 19:36:32,105][src.modRNN.training.alignment][INFO] - epoch 300  train loss=0.6136  (rule: diffusion)
[2026-06-02 19:36:34,881][src.modRNN.training.alignment][INFO] -   align BPTT @ epoch 301: cos {'ALIFCell_0.input_weights': '0.000', 'ALIFCell_0.recurrent_weights': '0.000', 'ReadOut_0.readout_weights': '0.000'}
[2026-06-02 19:36:35,885][src.modRNN.training.alignment][INFO] -   align eprop @ epoch 301: cos {'ALIFCell_0.input_weights': '1.080', 'ALIFCell_0.recurrent_weights': '1.116', 'ReadOut_0.readout_weights': '0.000'}
[2026-06-02 19:36:37,173][src.modRNN.training.alignment][INFO] -   align diffusion_aligned @ epoch 301: cos {'ALIFCell_0.input_weights': '1.068', 'ALIFCell_0.recurrent_weights': '1.026', 'ReadOut_0.readout_weights': '0.000'}
[2026-06-02 19:36:39,334][src.modRNN.training.alignment][INFO] -   align diffusion_per_step @ epoch 301: cos {'ALIFCell_0.input_weights': '1.100', 'ALIFCell_0.recurrent_weights': '1.001', 'ReadOut_0.readout_weights': '0.000'}
[2026-06-02 19:36:40,590][src.modRNN.training.alignment][INFO] -   align diffusion_fixed @ epoch 301: cos {'ALIFCell_0.input_weights': '1.135', 'ALIFCell_0.recurrent_weights': '1.046', 'ReadOut_0.readout_weights': '0.000'}
[2026-06-02 19:37:12,616][src.modRNN.training.alignment][INFO] - epoch 325  train loss=0.6190  (rule: diffusion)
[2026-06-02 19:37:45,985][src.modRNN.training.alignment][INFO] - epoch 350  train loss=0.6013  (rule: diffusion)
[2026-06-02 19:37:48,755][src.modRNN.training.alignment][INFO] -   align BPTT @ epoch 351: cos {'ALIFCell_0.input_weights': '0.000', 'ALIFCell_0.recurrent_weights': '0.000', 'ReadOut_0.readout_weights': '0.000'}
[2026-06-02 19:37:49,759][src.modRNN.training.alignment][INFO] -   align eprop @ epoch 351: cos {'ALIFCell_0.input_weights': '0.846', 'ALIFCell_0.recurrent_weights': '0.921', 'ReadOut_0.readout_weights': '0.000'}
[2026-06-02 19:37:51,052][src.modRNN.training.alignment][INFO] -   align diffusion_aligned @ epoch 351: cos {'ALIFCell_0.input_weights': '0.838', 'ALIFCell_0.recurrent_weights': '0.887', 'ReadOut_0.readout_weights': '0.000'}
[2026-06-02 19:37:53,229][src.modRNN.training.alignment][INFO] -   align diffusion_per_step @ epoch 351: cos {'ALIFCell_0.input_weights': '0.827', 'ALIFCell_0.recurrent_weights': '0.920', 'ReadOut_0.readout_weights': '0.000'}
[2026-06-02 19:37:54,494][src.modRNN.training.alignment][INFO] -   align diffusion_fixed @ epoch 351: cos {'ALIFCell_0.input_weights': '0.850', 'ALIFCell_0.recurrent_weights': '0.968', 'ReadOut_0.readout_weights': '0.000'}
[2026-06-02 19:38:26,786][src.modRNN.training.alignment][INFO] - epoch 375  train loss=0.5828  (rule: diffusion)
[2026-06-02 19:39:00,397][src.modRNN.training.alignment][INFO] - epoch 400  train loss=0.6502  (rule: diffusion)
[2026-06-02 19:39:03,196][src.modRNN.training.alignment][INFO] -   align BPTT @ epoch 401: cos {'ALIFCell_0.input_weights': '0.000', 'ALIFCell_0.recurrent_weights': '0.000', 'ReadOut_0.readout_weights': '0.000'}
[2026-06-02 19:39:04,211][src.modRNN.training.alignment][INFO] -   align eprop @ epoch 401: cos {'ALIFCell_0.input_weights': '0.824', 'ALIFCell_0.recurrent_weights': '0.760', 'ReadOut_0.readout_weights': '0.000'}
[2026-06-02 19:39:05,510][src.modRNN.training.alignment][INFO] -   align diffusion_aligned @ epoch 401: cos {'ALIFCell_0.input_weights': '0.909', 'ALIFCell_0.recurrent_weights': '0.775', 'ReadOut_0.readout_weights': '0.000'}
[2026-06-02 19:39:07,688][src.modRNN.training.alignment][INFO] -   align diffusion_per_step @ epoch 401: cos {'ALIFCell_0.input_weights': '1.069', 'ALIFCell_0.recurrent_weights': '0.926', 'ReadOut_0.readout_weights': '0.000'}
[2026-06-02 19:39:08,952][src.modRNN.training.alignment][INFO] -   align diffusion_fixed @ epoch 401: cos {'ALIFCell_0.input_weights': '1.149', 'ALIFCell_0.recurrent_weights': '1.006', 'ReadOut_0.readout_weights': '0.000'}
[2026-06-02 19:39:41,286][src.modRNN.training.alignment][INFO] - epoch 425  train loss=0.5935  (rule: diffusion)
[2026-06-02 19:40:14,960][src.modRNN.training.alignment][INFO] - epoch 450  train loss=0.6173  (rule: diffusion)
[2026-06-02 19:40:17,750][src.modRNN.training.alignment][INFO] -   align BPTT @ epoch 451: cos {'ALIFCell_0.input_weights': '0.000', 'ALIFCell_0.recurrent_weights': '0.000', 'ReadOut_0.readout_weights': '0.000'}
[2026-06-02 19:40:18,762][src.modRNN.training.alignment][INFO] -   align eprop @ epoch 451: cos {'ALIFCell_0.input_weights': '1.203', 'ALIFCell_0.recurrent_weights': '0.976', 'ReadOut_0.readout_weights': '0.000'}
[2026-06-02 19:40:20,059][src.modRNN.training.alignment][INFO] -   align diffusion_aligned @ epoch 451: cos {'ALIFCell_0.input_weights': '1.074', 'ALIFCell_0.recurrent_weights': '0.964', 'ReadOut_0.readout_weights': '0.000'}
[2026-06-02 19:40:22,239][src.modRNN.training.alignment][INFO] -   align diffusion_per_step @ epoch 451: cos {'ALIFCell_0.input_weights': '1.109', 'ALIFCell_0.recurrent_weights': '1.083', 'ReadOut_0.readout_weights': '0.000'}
[2026-06-02 19:40:23,503][src.modRNN.training.alignment][INFO] -   align diffusion_fixed @ epoch 451: cos {'ALIFCell_0.input_weights': '1.135', 'ALIFCell_0.recurrent_weights': '1.110', 'ReadOut_0.readout_weights': '0.000'}
[2026-06-02 19:40:55,831][src.modRNN.training.alignment][INFO] - epoch 475  train loss=0.6110  (rule: diffusion)
[2026-06-02 19:41:29,509][src.modRNN.training.alignment][INFO] - epoch 500  train loss=0.4493  (rule: diffusion)
[2026-06-02 19:41:32,304][src.modRNN.training.alignment][INFO] -   align BPTT @ epoch 501: cos {'ALIFCell_0.input_weights': '0.000', 'ALIFCell_0.recurrent_weights': '0.000', 'ReadOut_0.readout_weights': '0.000'}
[2026-06-02 19:41:33,318][src.modRNN.training.alignment][INFO] -   align eprop @ epoch 501: cos {'ALIFCell_0.input_weights': '1.092', 'ALIFCell_0.recurrent_weights': '1.215', 'ReadOut_0.readout_weights': '0.000'}
[2026-06-02 19:41:34,619][src.modRNN.training.alignment][INFO] -   align diffusion_aligned @ epoch 501: cos {'ALIFCell_0.input_weights': '1.137', 'ALIFCell_0.recurrent_weights': '1.257', 'ReadOut_0.readout_weights': '0.000'}
[2026-06-02 19:41:36,799][src.modRNN.training.alignment][INFO] -   align diffusion_per_step @ epoch 501: cos {'ALIFCell_0.input_weights': '1.132', 'ALIFCell_0.recurrent_weights': '1.250', 'ReadOut_0.readout_weights': '0.000'}
[2026-06-02 19:41:38,064][src.modRNN.training.alignment][INFO] -   align diffusion_fixed @ epoch 501: cos {'ALIFCell_0.input_weights': '1.130', 'ALIFCell_0.recurrent_weights': '1.242', 'ReadOut_0.readout_weights': '0.000'}
[2026-06-02 19:42:10,376][src.modRNN.training.alignment][INFO] - epoch 525  train loss=0.4451  (rule: diffusion)
[2026-06-02 19:42:44,051][src.modRNN.training.alignment][INFO] - epoch 550  train loss=0.4462  (rule: diffusion)
[2026-06-02 19:42:46,847][src.modRNN.training.alignment][INFO] -   align BPTT @ epoch 551: cos {'ALIFCell_0.input_weights': '0.000', 'ALIFCell_0.recurrent_weights': '0.000', 'ReadOut_0.readout_weights': '0.000'}
[2026-06-02 19:42:47,856][src.modRNN.training.alignment][INFO] -   align eprop @ epoch 551: cos {'ALIFCell_0.input_weights': '1.112', 'ALIFCell_0.recurrent_weights': '1.247', 'ReadOut_0.readout_weights': '0.000'}
[2026-06-02 19:42:49,151][src.modRNN.training.alignment][INFO] -   align diffusion_aligned @ epoch 551: cos {'ALIFCell_0.input_weights': '1.091', 'ALIFCell_0.recurrent_weights': '1.225', 'ReadOut_0.readout_weights': '0.000'}
[2026-06-02 19:42:51,328][src.modRNN.training.alignment][INFO] -   align diffusion_per_step @ epoch 551: cos {'ALIFCell_0.input_weights': '1.089', 'ALIFCell_0.recurrent_weights': '1.243', 'ReadOut_0.readout_weights': '0.000'}
[2026-06-02 19:42:52,592][src.modRNN.training.alignment][INFO] -   align diffusion_fixed @ epoch 551: cos {'ALIFCell_0.input_weights': '1.102', 'ALIFCell_0.recurrent_weights': '1.276', 'ReadOut_0.readout_weights': '0.000'}
[2026-06-02 19:43:24,865][src.modRNN.training.alignment][INFO] - epoch 575  train loss=0.5049  (rule: diffusion)
[2026-06-02 19:43:58,488][src.modRNN.training.alignment][INFO] - epoch 600  train loss=0.4774  (rule: diffusion)
[2026-06-02 19:44:01,286][src.modRNN.training.alignment][INFO] -   align BPTT @ epoch 601: cos {'ALIFCell_0.input_weights': '0.000', 'ALIFCell_0.recurrent_weights': '0.000', 'ReadOut_0.readout_weights': '0.000'}
[2026-06-02 19:44:02,298][src.modRNN.training.alignment][INFO] -   align eprop @ epoch 601: cos {'ALIFCell_0.input_weights': '1.039', 'ALIFCell_0.recurrent_weights': '1.108', 'ReadOut_0.readout_weights': '0.000'}
[2026-06-02 19:44:03,595][src.modRNN.training.alignment][INFO] -   align diffusion_aligned @ epoch 601: cos {'ALIFCell_0.input_weights': '1.004', 'ALIFCell_0.recurrent_weights': '1.002', 'ReadOut_0.readout_weights': '0.000'}
[2026-06-02 19:44:05,773][src.modRNN.training.alignment][INFO] -   align diffusion_per_step @ epoch 601: cos {'ALIFCell_0.input_weights': '0.972', 'ALIFCell_0.recurrent_weights': '1.047', 'ReadOut_0.readout_weights': '0.000'}
[2026-06-02 19:44:07,036][src.modRNN.training.alignment][INFO] -   align diffusion_fixed @ epoch 601: cos {'ALIFCell_0.input_weights': '0.970', 'ALIFCell_0.recurrent_weights': '1.078', 'ReadOut_0.readout_weights': '0.000'}
[2026-06-02 19:44:39,369][src.modRNN.training.alignment][INFO] - epoch 625  train loss=0.4400  (rule: diffusion)
[2026-06-02 19:45:13,032][src.modRNN.training.alignment][INFO] - epoch 650  train loss=0.4408  (rule: diffusion)
[2026-06-02 19:45:15,829][src.modRNN.training.alignment][INFO] -   align BPTT @ epoch 651: cos {'ALIFCell_0.input_weights': '0.000', 'ALIFCell_0.recurrent_weights': '0.000', 'ReadOut_0.readout_weights': '0.000'}
[2026-06-02 19:45:16,841][src.modRNN.training.alignment][INFO] -   align eprop @ epoch 651: cos {'ALIFCell_0.input_weights': '0.920', 'ALIFCell_0.recurrent_weights': '1.023', 'ReadOut_0.readout_weights': '0.000'}
[2026-06-02 19:45:18,138][src.modRNN.training.alignment][INFO] -   align diffusion_aligned @ epoch 651: cos {'ALIFCell_0.input_weights': '0.941', 'ALIFCell_0.recurrent_weights': '1.029', 'ReadOut_0.readout_weights': '0.000'}
[2026-06-02 19:45:20,316][src.modRNN.training.alignment][INFO] -   align diffusion_per_step @ epoch 651: cos {'ALIFCell_0.input_weights': '0.946', 'ALIFCell_0.recurrent_weights': '1.130', 'ReadOut_0.readout_weights': '0.000'}
[2026-06-02 19:45:21,580][src.modRNN.training.alignment][INFO] -   align diffusion_fixed @ epoch 651: cos {'ALIFCell_0.input_weights': '0.956', 'ALIFCell_0.recurrent_weights': '1.129', 'ReadOut_0.readout_weights': '0.000'}
[2026-06-02 19:45:53,935][src.modRNN.training.alignment][INFO] - epoch 675  train loss=0.4795  (rule: diffusion)
[2026-06-02 19:46:27,683][src.modRNN.training.alignment][INFO] - epoch 700  train loss=0.3267  (rule: diffusion)
[2026-06-02 19:46:30,476][src.modRNN.training.alignment][INFO] -   align BPTT @ epoch 701: cos {'ALIFCell_0.input_weights': '0.000', 'ALIFCell_0.recurrent_weights': '0.000', 'ReadOut_0.readout_weights': '0.000'}
[2026-06-02 19:46:31,489][src.modRNN.training.alignment][INFO] -   align eprop @ epoch 701: cos {'ALIFCell_0.input_weights': '1.341', 'ALIFCell_0.recurrent_weights': '1.299', 'ReadOut_0.readout_weights': '0.000'}
[2026-06-02 19:46:32,787][src.modRNN.training.alignment][INFO] -   align diffusion_aligned @ epoch 701: cos {'ALIFCell_0.input_weights': '1.172', 'ALIFCell_0.recurrent_weights': '1.190', 'ReadOut_0.readout_weights': '0.000'}
[2026-06-02 19:46:34,964][src.modRNN.training.alignment][INFO] -   align diffusion_per_step @ epoch 701: cos {'ALIFCell_0.input_weights': '1.243', 'ALIFCell_0.recurrent_weights': '1.245', 'ReadOut_0.readout_weights': '0.000'}
[2026-06-02 19:46:36,232][src.modRNN.training.alignment][INFO] -   align diffusion_fixed @ epoch 701: cos {'ALIFCell_0.input_weights': '1.202', 'ALIFCell_0.recurrent_weights': '1.263', 'ReadOut_0.readout_weights': '0.000'}
[2026-06-02 19:47:08,561][src.modRNN.training.alignment][INFO] - epoch 725  train loss=0.4407  (rule: diffusion)
[2026-06-02 19:47:42,248][src.modRNN.training.alignment][INFO] - epoch 750  train loss=0.3174  (rule: diffusion)
[2026-06-02 19:47:45,044][src.modRNN.training.alignment][INFO] -   align BPTT @ epoch 751: cos {'ALIFCell_0.input_weights': '0.000', 'ALIFCell_0.recurrent_weights': '0.000', 'ReadOut_0.readout_weights': '0.000'}
[2026-06-02 19:47:46,057][src.modRNN.training.alignment][INFO] -   align eprop @ epoch 751: cos {'ALIFCell_0.input_weights': '0.979', 'ALIFCell_0.recurrent_weights': '0.905', 'ReadOut_0.readout_weights': '0.000'}
[2026-06-02 19:47:47,353][src.modRNN.training.alignment][INFO] -   align diffusion_aligned @ epoch 751: cos {'ALIFCell_0.input_weights': '0.813', 'ALIFCell_0.recurrent_weights': '0.711', 'ReadOut_0.readout_weights': '0.000'}
[2026-06-02 19:47:49,534][src.modRNN.training.alignment][INFO] -   align diffusion_per_step @ epoch 751: cos {'ALIFCell_0.input_weights': '0.940', 'ALIFCell_0.recurrent_weights': '0.822', 'ReadOut_0.readout_weights': '0.000'}
[2026-06-02 19:47:50,800][src.modRNN.training.alignment][INFO] -   align diffusion_fixed @ epoch 751: cos {'ALIFCell_0.input_weights': '0.978', 'ALIFCell_0.recurrent_weights': '0.834', 'ReadOut_0.readout_weights': '0.000'}
[2026-06-02 19:48:23,120][src.modRNN.training.alignment][INFO] - epoch 775  train loss=0.4038  (rule: diffusion)
[2026-06-02 19:48:56,794][src.modRNN.training.alignment][INFO] - epoch 800  train loss=0.2995  (rule: diffusion)
[2026-06-02 19:48:59,588][src.modRNN.training.alignment][INFO] -   align BPTT @ epoch 801: cos {'ALIFCell_0.input_weights': '0.000', 'ALIFCell_0.recurrent_weights': '0.000', 'ReadOut_0.readout_weights': '0.000'}
[2026-06-02 19:49:00,599][src.modRNN.training.alignment][INFO] -   align eprop @ epoch 801: cos {'ALIFCell_0.input_weights': '0.839', 'ALIFCell_0.recurrent_weights': '0.769', 'ReadOut_0.readout_weights': '0.000'}
[2026-06-02 19:49:01,906][src.modRNN.training.alignment][INFO] -   align diffusion_aligned @ epoch 801: cos {'ALIFCell_0.input_weights': '0.983', 'ALIFCell_0.recurrent_weights': '0.830', 'ReadOut_0.readout_weights': '0.000'}
[2026-06-02 19:49:04,086][src.modRNN.training.alignment][INFO] -   align diffusion_per_step @ epoch 801: cos {'ALIFCell_0.input_weights': '1.115', 'ALIFCell_0.recurrent_weights': '0.915', 'ReadOut_0.readout_weights': '0.000'}
[2026-06-02 19:49:05,351][src.modRNN.training.alignment][INFO] -   align diffusion_fixed @ epoch 801: cos {'ALIFCell_0.input_weights': '1.298', 'ALIFCell_0.recurrent_weights': '1.015', 'ReadOut_0.readout_weights': '0.000'}
[2026-06-02 19:49:37,650][src.modRNN.training.alignment][INFO] - epoch 825  train loss=0.3773  (rule: diffusion)
[2026-06-02 19:50:11,355][src.modRNN.training.alignment][INFO] - epoch 850  train loss=0.2518  (rule: diffusion)
[2026-06-02 19:50:14,148][src.modRNN.training.alignment][INFO] -   align BPTT @ epoch 851: cos {'ALIFCell_0.input_weights': '0.000', 'ALIFCell_0.recurrent_weights': '0.000', 'ReadOut_0.readout_weights': '0.000'}
[2026-06-02 19:50:15,158][src.modRNN.training.alignment][INFO] -   align eprop @ epoch 851: cos {'ALIFCell_0.input_weights': '0.766', 'ALIFCell_0.recurrent_weights': '1.001', 'ReadOut_0.readout_weights': '0.000'}
[2026-06-02 19:50:16,455][src.modRNN.training.alignment][INFO] -   align diffusion_aligned @ epoch 851: cos {'ALIFCell_0.input_weights': '0.692', 'ALIFCell_0.recurrent_weights': '1.012', 'ReadOut_0.readout_weights': '0.000'}
[2026-06-02 19:50:18,634][src.modRNN.training.alignment][INFO] -   align diffusion_per_step @ epoch 851: cos {'ALIFCell_0.input_weights': '0.724', 'ALIFCell_0.recurrent_weights': '1.070', 'ReadOut_0.readout_weights': '0.000'}
[2026-06-02 19:50:19,901][src.modRNN.training.alignment][INFO] -   align diffusion_fixed @ epoch 851: cos {'ALIFCell_0.input_weights': '0.751', 'ALIFCell_0.recurrent_weights': '1.061', 'ReadOut_0.readout_weights': '0.000'}
[2026-06-02 19:50:52,254][src.modRNN.training.alignment][INFO] - epoch 875  train loss=0.4493  (rule: diffusion)
[2026-06-02 19:51:25,946][src.modRNN.training.alignment][INFO] - epoch 900  train loss=0.3247  (rule: diffusion)
[2026-06-02 19:51:28,744][src.modRNN.training.alignment][INFO] -   align BPTT @ epoch 901: cos {'ALIFCell_0.input_weights': '0.000', 'ALIFCell_0.recurrent_weights': '0.000', 'ReadOut_0.readout_weights': '0.000'}
[2026-06-02 19:51:29,757][src.modRNN.training.alignment][INFO] -   align eprop @ epoch 901: cos {'ALIFCell_0.input_weights': '1.043', 'ALIFCell_0.recurrent_weights': '0.801', 'ReadOut_0.readout_weights': '0.000'}
[2026-06-02 19:51:31,056][src.modRNN.training.alignment][INFO] -   align diffusion_aligned @ epoch 901: cos {'ALIFCell_0.input_weights': '1.066', 'ALIFCell_0.recurrent_weights': '0.779', 'ReadOut_0.readout_weights': '0.000'}
[2026-06-02 19:51:33,234][src.modRNN.training.alignment][INFO] -   align diffusion_per_step @ epoch 901: cos {'ALIFCell_0.input_weights': '1.165', 'ALIFCell_0.recurrent_weights': '1.040', 'ReadOut_0.readout_weights': '0.000'}
[2026-06-02 19:51:34,501][src.modRNN.training.alignment][INFO] -   align diffusion_fixed @ epoch 901: cos {'ALIFCell_0.input_weights': '1.311', 'ALIFCell_0.recurrent_weights': '1.267', 'ReadOut_0.readout_weights': '0.000'}
[2026-06-02 19:52:06,842][src.modRNN.training.alignment][INFO] - epoch 925  train loss=0.2698  (rule: diffusion)
[2026-06-02 19:52:40,512][src.modRNN.training.alignment][INFO] - epoch 950  train loss=0.2301  (rule: diffusion)
[2026-06-02 19:52:43,300][src.modRNN.training.alignment][INFO] -   align BPTT @ epoch 951: cos {'ALIFCell_0.input_weights': '0.000', 'ALIFCell_0.recurrent_weights': '0.000', 'ReadOut_0.readout_weights': '0.000'}
[2026-06-02 19:52:44,310][src.modRNN.training.alignment][INFO] -   align eprop @ epoch 951: cos {'ALIFCell_0.input_weights': '0.839', 'ALIFCell_0.recurrent_weights': '0.864', 'ReadOut_0.readout_weights': '0.000'}
[2026-06-02 19:52:45,605][src.modRNN.training.alignment][INFO] -   align diffusion_aligned @ epoch 951: cos {'ALIFCell_0.input_weights': '0.811', 'ALIFCell_0.recurrent_weights': '0.906', 'ReadOut_0.readout_weights': '0.000'}
[2026-06-02 19:52:47,782][src.modRNN.training.alignment][INFO] -   align diffusion_per_step @ epoch 951: cos {'ALIFCell_0.input_weights': '0.870', 'ALIFCell_0.recurrent_weights': '0.957', 'ReadOut_0.readout_weights': '0.000'}
[2026-06-02 19:52:49,046][src.modRNN.training.alignment][INFO] -   align diffusion_fixed @ epoch 951: cos {'ALIFCell_0.input_weights': '0.913', 'ALIFCell_0.recurrent_weights': '1.104', 'ReadOut_0.readout_weights': '0.000'}
[2026-06-02 19:53:21,372][src.modRNN.training.alignment][INFO] - epoch 975  train loss=0.2363  (rule: diffusion)
[2026-06-02 19:53:55,010][src.modRNN.training.alignment][INFO] - epoch 1000  train loss=0.3030  (rule: diffusion)
[2026-06-02 19:53:57,804][src.modRNN.training.alignment][INFO] -   align BPTT @ epoch 1001: cos {'ALIFCell_0.input_weights': '0.000', 'ALIFCell_0.recurrent_weights': '0.000', 'ReadOut_0.readout_weights': '0.000'}
[2026-06-02 19:53:58,816][src.modRNN.training.alignment][INFO] -   align eprop @ epoch 1001: cos {'ALIFCell_0.input_weights': '1.115', 'ALIFCell_0.recurrent_weights': '1.194', 'ReadOut_0.readout_weights': '0.000'}
[2026-06-02 19:54:00,114][src.modRNN.training.alignment][INFO] -   align diffusion_aligned @ epoch 1001: cos {'ALIFCell_0.input_weights': '1.036', 'ALIFCell_0.recurrent_weights': '1.097', 'ReadOut_0.readout_weights': '0.000'}
[2026-06-02 19:54:02,300][src.modRNN.training.alignment][INFO] -   align diffusion_per_step @ epoch 1001: cos {'ALIFCell_0.input_weights': '1.068', 'ALIFCell_0.recurrent_weights': '1.154', 'ReadOut_0.readout_weights': '0.000'}
[2026-06-02 19:54:03,566][src.modRNN.training.alignment][INFO] -   align diffusion_fixed @ epoch 1001: cos {'ALIFCell_0.input_weights': '1.136', 'ALIFCell_0.recurrent_weights': '1.187', 'ReadOut_0.readout_weights': '0.000'}
[2026-06-02 19:54:35,911][src.modRNN.training.alignment][INFO] - epoch 1025  train loss=0.3348  (rule: diffusion)
[2026-06-02 19:55:09,570][src.modRNN.training.alignment][INFO] - epoch 1050  train loss=0.3612  (rule: diffusion)
[2026-06-02 19:55:12,366][src.modRNN.training.alignment][INFO] -   align BPTT @ epoch 1051: cos {'ALIFCell_0.input_weights': '0.000', 'ALIFCell_0.recurrent_weights': '0.000', 'ReadOut_0.readout_weights': '0.000'}
[2026-06-02 19:55:13,381][src.modRNN.training.alignment][INFO] -   align eprop @ epoch 1051: cos {'ALIFCell_0.input_weights': '0.877', 'ALIFCell_0.recurrent_weights': '0.889', 'ReadOut_0.readout_weights': '0.000'}
[2026-06-02 19:55:14,677][src.modRNN.training.alignment][INFO] -   align diffusion_aligned @ epoch 1051: cos {'ALIFCell_0.input_weights': '0.936', 'ALIFCell_0.recurrent_weights': '0.900', 'ReadOut_0.readout_weights': '0.000'}
[2026-06-02 19:55:16,856][src.modRNN.training.alignment][INFO] -   align diffusion_per_step @ epoch 1051: cos {'ALIFCell_0.input_weights': '0.995', 'ALIFCell_0.recurrent_weights': '1.012', 'ReadOut_0.readout_weights': '0.000'}
[2026-06-02 19:55:18,122][src.modRNN.training.alignment][INFO] -   align diffusion_fixed @ epoch 1051: cos {'ALIFCell_0.input_weights': '1.021', 'ALIFCell_0.recurrent_weights': '1.042', 'ReadOut_0.readout_weights': '0.000'}
[2026-06-02 19:55:50,399][src.modRNN.training.alignment][INFO] - epoch 1075  train loss=0.3187  (rule: diffusion)
[2026-06-02 19:56:24,071][src.modRNN.training.alignment][INFO] - epoch 1100  train loss=0.3384  (rule: diffusion)
[2026-06-02 19:56:26,868][src.modRNN.training.alignment][INFO] -   align BPTT @ epoch 1101: cos {'ALIFCell_0.input_weights': '0.000', 'ALIFCell_0.recurrent_weights': '0.000', 'ReadOut_0.readout_weights': '0.000'}
[2026-06-02 19:56:27,885][src.modRNN.training.alignment][INFO] -   align eprop @ epoch 1101: cos {'ALIFCell_0.input_weights': '0.785', 'ALIFCell_0.recurrent_weights': '0.851', 'ReadOut_0.readout_weights': '0.000'}
[2026-06-02 19:56:29,183][src.modRNN.training.alignment][INFO] -   align diffusion_aligned @ epoch 1101: cos {'ALIFCell_0.input_weights': '0.672', 'ALIFCell_0.recurrent_weights': '0.770', 'ReadOut_0.readout_weights': '0.000'}
[2026-06-02 19:56:31,361][src.modRNN.training.alignment][INFO] -   align diffusion_per_step @ epoch 1101: cos {'ALIFCell_0.input_weights': '0.709', 'ALIFCell_0.recurrent_weights': '0.832', 'ReadOut_0.readout_weights': '0.000'}
[2026-06-02 19:56:32,631][src.modRNN.training.alignment][INFO] -   align diffusion_fixed @ epoch 1101: cos {'ALIFCell_0.input_weights': '0.720', 'ALIFCell_0.recurrent_weights': '0.888', 'ReadOut_0.readout_weights': '0.000'}
[2026-06-02 19:57:04,965][src.modRNN.training.alignment][INFO] - epoch 1125  train loss=0.2836  (rule: diffusion)
[2026-06-02 19:57:38,634][src.modRNN.training.alignment][INFO] - epoch 1150  train loss=0.3620  (rule: diffusion)
[2026-06-02 19:57:41,428][src.modRNN.training.alignment][INFO] -   align BPTT @ epoch 1151: cos {'ALIFCell_0.input_weights': '0.000', 'ALIFCell_0.recurrent_weights': '0.000', 'ReadOut_0.readout_weights': '0.000'}
[2026-06-02 19:57:42,440][src.modRNN.training.alignment][INFO] -   align eprop @ epoch 1151: cos {'ALIFCell_0.input_weights': '1.166', 'ALIFCell_0.recurrent_weights': '1.148', 'ReadOut_0.readout_weights': '0.000'}
[2026-06-02 19:57:43,738][src.modRNN.training.alignment][INFO] -   align diffusion_aligned @ epoch 1151: cos {'ALIFCell_0.input_weights': '1.078', 'ALIFCell_0.recurrent_weights': '1.082', 'ReadOut_0.readout_weights': '0.000'}
[2026-06-02 19:57:45,917][src.modRNN.training.alignment][INFO] -   align diffusion_per_step @ epoch 1151: cos {'ALIFCell_0.input_weights': '1.156', 'ALIFCell_0.recurrent_weights': '1.277', 'ReadOut_0.readout_weights': '0.000'}
[2026-06-02 19:57:47,182][src.modRNN.training.alignment][INFO] -   align diffusion_fixed @ epoch 1151: cos {'ALIFCell_0.input_weights': '1.230', 'ALIFCell_0.recurrent_weights': '1.395', 'ReadOut_0.readout_weights': '0.000'}
[2026-06-02 19:58:19,493][src.modRNN.training.alignment][INFO] - epoch 1175  train loss=0.3717  (rule: diffusion)
[2026-06-02 19:58:53,132][src.modRNN.training.alignment][INFO] - epoch 1200  train loss=0.1878  (rule: diffusion)
[2026-06-02 19:58:55,923][src.modRNN.training.alignment][INFO] -   align BPTT @ epoch 1201: cos {'ALIFCell_0.input_weights': '0.000', 'ALIFCell_0.recurrent_weights': '0.000', 'ReadOut_0.readout_weights': '0.000'}
[2026-06-02 19:58:56,934][src.modRNN.training.alignment][INFO] -   align eprop @ epoch 1201: cos {'ALIFCell_0.input_weights': '1.126', 'ALIFCell_0.recurrent_weights': '1.210', 'ReadOut_0.readout_weights': '0.000'}
[2026-06-02 19:58:58,231][src.modRNN.training.alignment][INFO] -   align diffusion_aligned @ epoch 1201: cos {'ALIFCell_0.input_weights': '0.914', 'ALIFCell_0.recurrent_weights': '1.058', 'ReadOut_0.readout_weights': '0.000'}
[2026-06-02 19:59:00,406][src.modRNN.training.alignment][INFO] -   align diffusion_per_step @ epoch 1201: cos {'ALIFCell_0.input_weights': '1.042', 'ALIFCell_0.recurrent_weights': '1.279', 'ReadOut_0.readout_weights': '0.000'}
[2026-06-02 19:59:01,691][src.modRNN.training.alignment][INFO] -   align diffusion_fixed @ epoch 1201: cos {'ALIFCell_0.input_weights': '1.009', 'ALIFCell_0.recurrent_weights': '1.373', 'ReadOut_0.readout_weights': '0.000'}
[2026-06-02 19:59:34,052][src.modRNN.training.alignment][INFO] - epoch 1225  train loss=0.3153  (rule: diffusion)
[2026-06-02 20:00:07,735][src.modRNN.training.alignment][INFO] - epoch 1250  train loss=0.3063  (rule: diffusion)
[2026-06-02 20:00:10,531][src.modRNN.training.alignment][INFO] -   align BPTT @ epoch 1251: cos {'ALIFCell_0.input_weights': '0.000', 'ALIFCell_0.recurrent_weights': '0.000', 'ReadOut_0.readout_weights': '0.000'}
[2026-06-02 20:00:11,543][src.modRNN.training.alignment][INFO] -   align eprop @ epoch 1251: cos {'ALIFCell_0.input_weights': '0.747', 'ALIFCell_0.recurrent_weights': '0.970', 'ReadOut_0.readout_weights': '0.000'}
[2026-06-02 20:00:12,841][src.modRNN.training.alignment][INFO] -   align diffusion_aligned @ epoch 1251: cos {'ALIFCell_0.input_weights': '0.878', 'ALIFCell_0.recurrent_weights': '0.934', 'ReadOut_0.readout_weights': '0.000'}
[2026-06-02 20:00:15,023][src.modRNN.training.alignment][INFO] -   align diffusion_per_step @ epoch 1251: cos {'ALIFCell_0.input_weights': '0.817', 'ALIFCell_0.recurrent_weights': '1.040', 'ReadOut_0.readout_weights': '0.000'}
[2026-06-02 20:00:16,288][src.modRNN.training.alignment][INFO] -   align diffusion_fixed @ epoch 1251: cos {'ALIFCell_0.input_weights': '0.874', 'ALIFCell_0.recurrent_weights': '1.099', 'ReadOut_0.readout_weights': '0.000'}
[2026-06-02 20:00:48,609][src.modRNN.training.alignment][INFO] - epoch 1275  train loss=0.3869  (rule: diffusion)
[2026-06-02 20:01:22,272][src.modRNN.training.alignment][INFO] - epoch 1300  train loss=0.1604  (rule: diffusion)
[2026-06-02 20:01:25,071][src.modRNN.training.alignment][INFO] -   align BPTT @ epoch 1301: cos {'ALIFCell_0.input_weights': '0.000', 'ALIFCell_0.recurrent_weights': '0.000', 'ReadOut_0.readout_weights': '0.000'}
[2026-06-02 20:01:26,082][src.modRNN.training.alignment][INFO] -   align eprop @ epoch 1301: cos {'ALIFCell_0.input_weights': '0.927', 'ALIFCell_0.recurrent_weights': '0.853', 'ReadOut_0.readout_weights': '0.000'}
[2026-06-02 20:01:27,376][src.modRNN.training.alignment][INFO] -   align diffusion_aligned @ epoch 1301: cos {'ALIFCell_0.input_weights': '0.972', 'ALIFCell_0.recurrent_weights': '0.761', 'ReadOut_0.readout_weights': '0.000'}
[2026-06-02 20:01:29,553][src.modRNN.training.alignment][INFO] -   align diffusion_per_step @ epoch 1301: cos {'ALIFCell_0.input_weights': '1.015', 'ALIFCell_0.recurrent_weights': '0.878', 'ReadOut_0.readout_weights': '0.000'}
[2026-06-02 20:01:30,816][src.modRNN.training.alignment][INFO] -   align diffusion_fixed @ epoch 1301: cos {'ALIFCell_0.input_weights': '1.048', 'ALIFCell_0.recurrent_weights': '0.957', 'ReadOut_0.readout_weights': '0.000'}
[2026-06-02 20:02:03,100][src.modRNN.training.alignment][INFO] - epoch 1325  train loss=0.3007  (rule: diffusion)
[2026-06-02 20:02:36,767][src.modRNN.training.alignment][INFO] - epoch 1350  train loss=0.2165  (rule: diffusion)
[2026-06-02 20:02:39,559][src.modRNN.training.alignment][INFO] -   align BPTT @ epoch 1351: cos {'ALIFCell_0.input_weights': '0.000', 'ALIFCell_0.recurrent_weights': '0.000', 'ReadOut_0.readout_weights': '0.000'}
[2026-06-02 20:02:40,573][src.modRNN.training.alignment][INFO] -   align eprop @ epoch 1351: cos {'ALIFCell_0.input_weights': '0.902', 'ALIFCell_0.recurrent_weights': '0.838', 'ReadOut_0.readout_weights': '0.000'}
[2026-06-02 20:02:41,870][src.modRNN.training.alignment][INFO] -   align diffusion_aligned @ epoch 1351: cos {'ALIFCell_0.input_weights': '1.088', 'ALIFCell_0.recurrent_weights': '0.842', 'ReadOut_0.readout_weights': '0.000'}
[2026-06-02 20:02:44,047][src.modRNN.training.alignment][INFO] -   align diffusion_per_step @ epoch 1351: cos {'ALIFCell_0.input_weights': '1.128', 'ALIFCell_0.recurrent_weights': '1.028', 'ReadOut_0.readout_weights': '0.000'}
[2026-06-02 20:02:45,314][src.modRNN.training.alignment][INFO] -   align diffusion_fixed @ epoch 1351: cos {'ALIFCell_0.input_weights': '1.225', 'ALIFCell_0.recurrent_weights': '1.174', 'ReadOut_0.readout_weights': '0.000'}
[2026-06-02 20:03:17,637][src.modRNN.training.alignment][INFO] - epoch 1375  train loss=0.4096  (rule: diffusion)
[2026-06-02 20:03:51,283][src.modRNN.training.alignment][INFO] - epoch 1400  train loss=0.4063  (rule: diffusion)
[2026-06-02 20:03:54,080][src.modRNN.training.alignment][INFO] -   align BPTT @ epoch 1401: cos {'ALIFCell_0.input_weights': '0.000', 'ALIFCell_0.recurrent_weights': '0.000', 'ReadOut_0.readout_weights': '0.000'}
[2026-06-02 20:03:55,089][src.modRNN.training.alignment][INFO] -   align eprop @ epoch 1401: cos {'ALIFCell_0.input_weights': '1.426', 'ALIFCell_0.recurrent_weights': '1.226', 'ReadOut_0.readout_weights': '0.000'}
[2026-06-02 20:03:56,385][src.modRNN.training.alignment][INFO] -   align diffusion_aligned @ epoch 1401: cos {'ALIFCell_0.input_weights': '1.437', 'ALIFCell_0.recurrent_weights': '1.264', 'ReadOut_0.readout_weights': '0.000'}
[2026-06-02 20:03:58,561][src.modRNN.training.alignment][INFO] -   align diffusion_per_step @ epoch 1401: cos {'ALIFCell_0.input_weights': '1.456', 'ALIFCell_0.recurrent_weights': '1.253', 'ReadOut_0.readout_weights': '0.000'}
[2026-06-02 20:03:59,825][src.modRNN.training.alignment][INFO] -   align diffusion_fixed @ epoch 1401: cos {'ALIFCell_0.input_weights': '1.474', 'ALIFCell_0.recurrent_weights': '1.305', 'ReadOut_0.readout_weights': '0.000'}
[2026-06-02 20:04:32,135][src.modRNN.training.alignment][INFO] - epoch 1425  train loss=0.3217  (rule: diffusion)
[2026-06-02 20:05:05,826][src.modRNN.training.alignment][INFO] - epoch 1450  train loss=0.2841  (rule: diffusion)
[2026-06-02 20:05:08,619][src.modRNN.training.alignment][INFO] -   align BPTT @ epoch 1451: cos {'ALIFCell_0.input_weights': '0.000', 'ALIFCell_0.recurrent_weights': '0.000', 'ReadOut_0.readout_weights': '0.000'}
[2026-06-02 20:05:09,633][src.modRNN.training.alignment][INFO] -   align eprop @ epoch 1451: cos {'ALIFCell_0.input_weights': '0.824', 'ALIFCell_0.recurrent_weights': '1.091', 'ReadOut_0.readout_weights': '0.000'}
[2026-06-02 20:05:10,929][src.modRNN.training.alignment][INFO] -   align diffusion_aligned @ epoch 1451: cos {'ALIFCell_0.input_weights': '0.797', 'ALIFCell_0.recurrent_weights': '1.048', 'ReadOut_0.readout_weights': '0.000'}
[2026-06-02 20:05:13,110][src.modRNN.training.alignment][INFO] -   align diffusion_per_step @ epoch 1451: cos {'ALIFCell_0.input_weights': '0.826', 'ALIFCell_0.recurrent_weights': '1.074', 'ReadOut_0.readout_weights': '0.000'}
[2026-06-02 20:05:14,374][src.modRNN.training.alignment][INFO] -   align diffusion_fixed @ epoch 1451: cos {'ALIFCell_0.input_weights': '0.941', 'ALIFCell_0.recurrent_weights': '1.156', 'ReadOut_0.readout_weights': '0.000'}
[2026-06-02 20:05:46,654][src.modRNN.training.alignment][INFO] - epoch 1475  train loss=0.3381  (rule: diffusion)
[2026-06-02 20:06:20,322][src.modRNN.training.alignment][INFO] - epoch 1500  train loss=0.3249  (rule: diffusion)
[2026-06-02 20:06:23,120][src.modRNN.training.alignment][INFO] -   align BPTT @ epoch 1501: cos {'ALIFCell_0.input_weights': '0.000', 'ALIFCell_0.recurrent_weights': '0.000', 'ReadOut_0.readout_weights': '0.000'}
[2026-06-02 20:06:24,132][src.modRNN.training.alignment][INFO] -   align eprop @ epoch 1501: cos {'ALIFCell_0.input_weights': '1.572', 'ALIFCell_0.recurrent_weights': '1.696', 'ReadOut_0.readout_weights': '0.000'}
[2026-06-02 20:06:25,430][src.modRNN.training.alignment][INFO] -   align diffusion_aligned @ epoch 1501: cos {'ALIFCell_0.input_weights': '1.619', 'ALIFCell_0.recurrent_weights': '1.737', 'ReadOut_0.readout_weights': '0.000'}
[2026-06-02 20:06:27,609][src.modRNN.training.alignment][INFO] -   align diffusion_per_step @ epoch 1501: cos {'ALIFCell_0.input_weights': '1.621', 'ALIFCell_0.recurrent_weights': '1.745', 'ReadOut_0.readout_weights': '0.000'}
[2026-06-02 20:06:28,874][src.modRNN.training.alignment][INFO] -   align diffusion_fixed @ epoch 1501: cos {'ALIFCell_0.input_weights': '1.557', 'ALIFCell_0.recurrent_weights': '1.712', 'ReadOut_0.readout_weights': '0.000'}
[2026-06-02 20:07:01,171][src.modRNN.training.alignment][INFO] - epoch 1525  train loss=0.3485  (rule: diffusion)
[2026-06-02 20:07:34,828][src.modRNN.training.alignment][INFO] - epoch 1550  train loss=0.3126  (rule: diffusion)
[2026-06-02 20:07:37,622][src.modRNN.training.alignment][INFO] -   align BPTT @ epoch 1551: cos {'ALIFCell_0.input_weights': '0.000', 'ALIFCell_0.recurrent_weights': '0.000', 'ReadOut_0.readout_weights': '0.000'}
[2026-06-02 20:07:38,636][src.modRNN.training.alignment][INFO] -   align eprop @ epoch 1551: cos {'ALIFCell_0.input_weights': '1.573', 'ALIFCell_0.recurrent_weights': '1.421', 'ReadOut_0.readout_weights': '0.000'}
[2026-06-02 20:07:39,933][src.modRNN.training.alignment][INFO] -   align diffusion_aligned @ epoch 1551: cos {'ALIFCell_0.input_weights': '1.568', 'ALIFCell_0.recurrent_weights': '1.403', 'ReadOut_0.readout_weights': '0.000'}
[2026-06-02 20:07:42,109][src.modRNN.training.alignment][INFO] -   align diffusion_per_step @ epoch 1551: cos {'ALIFCell_0.input_weights': '1.569', 'ALIFCell_0.recurrent_weights': '1.399', 'ReadOut_0.readout_weights': '0.000'}
[2026-06-02 20:07:43,374][src.modRNN.training.alignment][INFO] -   align diffusion_fixed @ epoch 1551: cos {'ALIFCell_0.input_weights': '1.571', 'ALIFCell_0.recurrent_weights': '1.445', 'ReadOut_0.readout_weights': '0.000'}
[2026-06-02 20:08:15,687][src.modRNN.training.alignment][INFO] - epoch 1575  train loss=0.3900  (rule: diffusion)
[2026-06-02 20:08:49,313][src.modRNN.training.alignment][INFO] - epoch 1600  train loss=0.2831  (rule: diffusion)
[2026-06-02 20:08:52,107][src.modRNN.training.alignment][INFO] -   align BPTT @ epoch 1601: cos {'ALIFCell_0.input_weights': '0.000', 'ALIFCell_0.recurrent_weights': '0.000', 'ReadOut_0.readout_weights': '0.000'}
[2026-06-02 20:08:53,118][src.modRNN.training.alignment][INFO] -   align eprop @ epoch 1601: cos {'ALIFCell_0.input_weights': '1.521', 'ALIFCell_0.recurrent_weights': '1.623', 'ReadOut_0.readout_weights': '0.000'}
[2026-06-02 20:08:54,414][src.modRNN.training.alignment][INFO] -   align diffusion_aligned @ epoch 1601: cos {'ALIFCell_0.input_weights': '1.501', 'ALIFCell_0.recurrent_weights': '1.622', 'ReadOut_0.readout_weights': '0.000'}
[2026-06-02 20:08:56,592][src.modRNN.training.alignment][INFO] -   align diffusion_per_step @ epoch 1601: cos {'ALIFCell_0.input_weights': '1.514', 'ALIFCell_0.recurrent_weights': '1.638', 'ReadOut_0.readout_weights': '0.000'}
[2026-06-02 20:08:57,858][src.modRNN.training.alignment][INFO] -   align diffusion_fixed @ epoch 1601: cos {'ALIFCell_0.input_weights': '1.513', 'ALIFCell_0.recurrent_weights': '1.651', 'ReadOut_0.readout_weights': '0.000'}
[2026-06-02 20:09:30,246][src.modRNN.training.alignment][INFO] - epoch 1625  train loss=0.2863  (rule: diffusion)
[2026-06-02 20:10:03,901][src.modRNN.training.alignment][INFO] - epoch 1650  train loss=0.3785  (rule: diffusion)
[2026-06-02 20:10:06,696][src.modRNN.training.alignment][INFO] -   align BPTT @ epoch 1651: cos {'ALIFCell_0.input_weights': '0.000', 'ALIFCell_0.recurrent_weights': '0.000', 'ReadOut_0.readout_weights': '0.000'}
[2026-06-02 20:10:07,709][src.modRNN.training.alignment][INFO] -   align eprop @ epoch 1651: cos {'ALIFCell_0.input_weights': '1.280', 'ALIFCell_0.recurrent_weights': '1.219', 'ReadOut_0.readout_weights': '0.000'}
[2026-06-02 20:10:09,007][src.modRNN.training.alignment][INFO] -   align diffusion_aligned @ epoch 1651: cos {'ALIFCell_0.input_weights': '1.260', 'ALIFCell_0.recurrent_weights': '1.234', 'ReadOut_0.readout_weights': '0.000'}
[2026-06-02 20:10:11,189][src.modRNN.training.alignment][INFO] -   align diffusion_per_step @ epoch 1651: cos {'ALIFCell_0.input_weights': '1.356', 'ALIFCell_0.recurrent_weights': '1.235', 'ReadOut_0.readout_weights': '0.000'}
[2026-06-02 20:10:12,457][src.modRNN.training.alignment][INFO] -   align diffusion_fixed @ epoch 1651: cos {'ALIFCell_0.input_weights': '1.363', 'ALIFCell_0.recurrent_weights': '1.275', 'ReadOut_0.readout_weights': '0.000'}
[2026-06-02 20:10:44,767][src.modRNN.training.alignment][INFO] - epoch 1675  train loss=0.3309  (rule: diffusion)
[2026-06-02 20:11:18,442][src.modRNN.training.alignment][INFO] - epoch 1700  train loss=0.3036  (rule: diffusion)
[2026-06-02 20:11:21,235][src.modRNN.training.alignment][INFO] -   align BPTT @ epoch 1701: cos {'ALIFCell_0.input_weights': '0.000', 'ALIFCell_0.recurrent_weights': '0.000', 'ReadOut_0.readout_weights': '0.000'}
[2026-06-02 20:11:22,247][src.modRNN.training.alignment][INFO] -   align eprop @ epoch 1701: cos {'ALIFCell_0.input_weights': '1.497', 'ALIFCell_0.recurrent_weights': '1.443', 'ReadOut_0.readout_weights': '0.000'}
[2026-06-02 20:11:23,545][src.modRNN.training.alignment][INFO] -   align diffusion_aligned @ epoch 1701: cos {'ALIFCell_0.input_weights': '1.446', 'ALIFCell_0.recurrent_weights': '1.385', 'ReadOut_0.readout_weights': '0.000'}
[2026-06-02 20:11:25,726][src.modRNN.training.alignment][INFO] -   align diffusion_per_step @ epoch 1701: cos {'ALIFCell_0.input_weights': '1.453', 'ALIFCell_0.recurrent_weights': '1.402', 'ReadOut_0.readout_weights': '0.000'}
[2026-06-02 20:11:26,993][src.modRNN.training.alignment][INFO] -   align diffusion_fixed @ epoch 1701: cos {'ALIFCell_0.input_weights': '1.462', 'ALIFCell_0.recurrent_weights': '1.444', 'ReadOut_0.readout_weights': '0.000'}
[2026-06-02 20:11:59,334][src.modRNN.training.alignment][INFO] - epoch 1725  train loss=0.3872  (rule: diffusion)
[2026-06-02 20:12:33,021][src.modRNN.training.alignment][INFO] - epoch 1750  train loss=0.3101  (rule: diffusion)
[2026-06-02 20:12:35,816][src.modRNN.training.alignment][INFO] -   align BPTT @ epoch 1751: cos {'ALIFCell_0.input_weights': '0.000', 'ALIFCell_0.recurrent_weights': '0.000', 'ReadOut_0.readout_weights': '0.000'}
[2026-06-02 20:12:36,829][src.modRNN.training.alignment][INFO] -   align eprop @ epoch 1751: cos {'ALIFCell_0.input_weights': '1.498', 'ALIFCell_0.recurrent_weights': '1.486', 'ReadOut_0.readout_weights': '0.000'}
[2026-06-02 20:12:38,128][src.modRNN.training.alignment][INFO] -   align diffusion_aligned @ epoch 1751: cos {'ALIFCell_0.input_weights': '1.448', 'ALIFCell_0.recurrent_weights': '1.429', 'ReadOut_0.readout_weights': '0.000'}
[2026-06-02 20:12:40,307][src.modRNN.training.alignment][INFO] -   align diffusion_per_step @ epoch 1751: cos {'ALIFCell_0.input_weights': '1.470', 'ALIFCell_0.recurrent_weights': '1.467', 'ReadOut_0.readout_weights': '0.000'}
[2026-06-02 20:12:41,574][src.modRNN.training.alignment][INFO] -   align diffusion_fixed @ epoch 1751: cos {'ALIFCell_0.input_weights': '1.482', 'ALIFCell_0.recurrent_weights': '1.483', 'ReadOut_0.readout_weights': '0.000'}
[2026-06-02 20:13:13,884][src.modRNN.training.alignment][INFO] - epoch 1775  train loss=0.3789  (rule: diffusion)
[2026-06-02 20:13:47,555][src.modRNN.training.alignment][INFO] - epoch 1800  train loss=0.3306  (rule: diffusion)
[2026-06-02 20:13:50,349][src.modRNN.training.alignment][INFO] -   align BPTT @ epoch 1801: cos {'ALIFCell_0.input_weights': '0.000', 'ALIFCell_0.recurrent_weights': '0.000', 'ReadOut_0.readout_weights': '0.000'}
[2026-06-02 20:13:51,359][src.modRNN.training.alignment][INFO] -   align eprop @ epoch 1801: cos {'ALIFCell_0.input_weights': '0.796', 'ALIFCell_0.recurrent_weights': '1.266', 'ReadOut_0.readout_weights': '0.000'}
[2026-06-02 20:13:52,659][src.modRNN.training.alignment][INFO] -   align diffusion_aligned @ epoch 1801: cos {'ALIFCell_0.input_weights': '0.778', 'ALIFCell_0.recurrent_weights': '1.232', 'ReadOut_0.readout_weights': '0.000'}
[2026-06-02 20:13:54,835][src.modRNN.training.alignment][INFO] -   align diffusion_per_step @ epoch 1801: cos {'ALIFCell_0.input_weights': '0.765', 'ALIFCell_0.recurrent_weights': '1.222', 'ReadOut_0.readout_weights': '0.000'}
[2026-06-02 20:13:56,099][src.modRNN.training.alignment][INFO] -   align diffusion_fixed @ epoch 1801: cos {'ALIFCell_0.input_weights': '0.808', 'ALIFCell_0.recurrent_weights': '1.227', 'ReadOut_0.readout_weights': '0.000'}
[2026-06-02 20:14:28,397][src.modRNN.training.alignment][INFO] - epoch 1825  train loss=0.2137  (rule: diffusion)
[2026-06-02 20:15:02,054][src.modRNN.training.alignment][INFO] - epoch 1850  train loss=0.2991  (rule: diffusion)
[2026-06-02 20:15:04,853][src.modRNN.training.alignment][INFO] -   align BPTT @ epoch 1851: cos {'ALIFCell_0.input_weights': '0.000', 'ALIFCell_0.recurrent_weights': '0.000', 'ReadOut_0.readout_weights': '0.000'}
[2026-06-02 20:15:05,874][src.modRNN.training.alignment][INFO] -   align eprop @ epoch 1851: cos {'ALIFCell_0.input_weights': '0.894', 'ALIFCell_0.recurrent_weights': '1.083', 'ReadOut_0.readout_weights': '0.000'}
[2026-06-02 20:15:07,173][src.modRNN.training.alignment][INFO] -   align diffusion_aligned @ epoch 1851: cos {'ALIFCell_0.input_weights': '0.911', 'ALIFCell_0.recurrent_weights': '1.060', 'ReadOut_0.readout_weights': '0.000'}
[2026-06-02 20:15:09,351][src.modRNN.training.alignment][INFO] -   align diffusion_per_step @ epoch 1851: cos {'ALIFCell_0.input_weights': '0.856', 'ALIFCell_0.recurrent_weights': '1.060', 'ReadOut_0.readout_weights': '0.000'}
[2026-06-02 20:15:10,621][src.modRNN.training.alignment][INFO] -   align diffusion_fixed @ epoch 1851: cos {'ALIFCell_0.input_weights': '0.913', 'ALIFCell_0.recurrent_weights': '1.117', 'ReadOut_0.readout_weights': '0.000'}
[2026-06-02 20:15:42,953][src.modRNN.training.alignment][INFO] - epoch 1875  train loss=0.2433  (rule: diffusion)
[2026-06-02 20:16:16,607][src.modRNN.training.alignment][INFO] - epoch 1900  train loss=0.2723  (rule: diffusion)
[2026-06-02 20:16:19,403][src.modRNN.training.alignment][INFO] -   align BPTT @ epoch 1901: cos {'ALIFCell_0.input_weights': '0.000', 'ALIFCell_0.recurrent_weights': '0.000', 'ReadOut_0.readout_weights': '0.000'}
[2026-06-02 20:16:20,418][src.modRNN.training.alignment][INFO] -   align eprop @ epoch 1901: cos {'ALIFCell_0.input_weights': '1.566', 'ALIFCell_0.recurrent_weights': '1.896', 'ReadOut_0.readout_weights': '0.000'}
[2026-06-02 20:16:21,716][src.modRNN.training.alignment][INFO] -   align diffusion_aligned @ epoch 1901: cos {'ALIFCell_0.input_weights': '1.550', 'ALIFCell_0.recurrent_weights': '1.827', 'ReadOut_0.readout_weights': '0.000'}
[2026-06-02 20:16:23,898][src.modRNN.training.alignment][INFO] -   align diffusion_per_step @ epoch 1901: cos {'ALIFCell_0.input_weights': '1.546', 'ALIFCell_0.recurrent_weights': '1.862', 'ReadOut_0.readout_weights': '0.000'}
[2026-06-02 20:16:25,164][src.modRNN.training.alignment][INFO] -   align diffusion_fixed @ epoch 1901: cos {'ALIFCell_0.input_weights': '1.551', 'ALIFCell_0.recurrent_weights': '1.858', 'ReadOut_0.readout_weights': '0.000'}
[2026-06-02 20:16:57,469][src.modRNN.training.alignment][INFO] - epoch 1925  train loss=0.2352  (rule: diffusion)
[2026-06-02 20:17:31,129][src.modRNN.training.alignment][INFO] - epoch 1950  train loss=0.2845  (rule: diffusion)
[2026-06-02 20:17:33,918][src.modRNN.training.alignment][INFO] -   align BPTT @ epoch 1951: cos {'ALIFCell_0.input_weights': '0.000', 'ALIFCell_0.recurrent_weights': '0.000', 'ReadOut_0.readout_weights': '0.000'}
[2026-06-02 20:17:34,929][src.modRNN.training.alignment][INFO] -   align eprop @ epoch 1951: cos {'ALIFCell_0.input_weights': '1.011', 'ALIFCell_0.recurrent_weights': '1.414', 'ReadOut_0.readout_weights': '0.000'}
[2026-06-02 20:17:36,228][src.modRNN.training.alignment][INFO] -   align diffusion_aligned @ epoch 1951: cos {'ALIFCell_0.input_weights': '0.980', 'ALIFCell_0.recurrent_weights': '1.395', 'ReadOut_0.readout_weights': '0.000'}
[2026-06-02 20:17:38,408][src.modRNN.training.alignment][INFO] -   align diffusion_per_step @ epoch 1951: cos {'ALIFCell_0.input_weights': '0.971', 'ALIFCell_0.recurrent_weights': '1.389', 'ReadOut_0.readout_weights': '0.000'}
[2026-06-02 20:17:39,676][src.modRNN.training.alignment][INFO] -   align diffusion_fixed @ epoch 1951: cos {'ALIFCell_0.input_weights': '0.964', 'ALIFCell_0.recurrent_weights': '1.395', 'ReadOut_0.readout_weights': '0.000'}
[2026-06-02 20:18:12,013][src.modRNN.training.alignment][INFO] - epoch 1975  train loss=0.3120  (rule: diffusion)
[2026-06-02 20:18:45,658][src.modRNN.training.alignment][INFO] - epoch 2000  train loss=0.3264  (rule: diffusion)
[2026-06-02 20:18:48,454][src.modRNN.training.alignment][INFO] -   align BPTT @ epoch 2001: cos {'ALIFCell_0.input_weights': '0.000', 'ALIFCell_0.recurrent_weights': '0.000', 'ReadOut_0.readout_weights': '0.000'}
[2026-06-02 20:18:49,465][src.modRNN.training.alignment][INFO] -   align eprop @ epoch 2001: cos {'ALIFCell_0.input_weights': '1.571', 'ALIFCell_0.recurrent_weights': '1.741', 'ReadOut_0.readout_weights': '0.000'}
[2026-06-02 20:18:50,760][src.modRNN.training.alignment][INFO] -   align diffusion_aligned @ epoch 2001: cos {'ALIFCell_0.input_weights': '1.562', 'ALIFCell_0.recurrent_weights': '1.761', 'ReadOut_0.readout_weights': '0.000'}
[2026-06-02 20:18:52,940][src.modRNN.training.alignment][INFO] -   align diffusion_per_step @ epoch 2001: cos {'ALIFCell_0.input_weights': '1.554', 'ALIFCell_0.recurrent_weights': '1.766', 'ReadOut_0.readout_weights': '0.000'}
[2026-06-02 20:18:54,203][src.modRNN.training.alignment][INFO] -   align diffusion_fixed @ epoch 2001: cos {'ALIFCell_0.input_weights': '1.560', 'ALIFCell_0.recurrent_weights': '1.758', 'ReadOut_0.readout_weights': '0.000'}
[2026-06-02 20:18:54,259][src.modRNN.training.alignment][INFO] - Alignment experiment finished. Output dir: /mnt/lustre/work/martius/mot736/neuromodRNN/outputs/cue_accumulation/align_nn_connectivity_diffusion_aligned/seed_424242
