[2026-06-02 21:43:38,104][jax._src.xla_bridge][INFO] - Unable to initialize backend 'rocm': module 'jaxlib.xla_extension' has no attribute 'GpuAllocatorConfig'
[2026-06-02 21:43:38,106][jax._src.xla_bridge][INFO] - Unable to initialize backend 'tpu': INTERNAL: Failed to open libtpu.so: libtpu.so: cannot open shared object file: No such file or directory
[2026-06-02 21:43:44,970][src.modRNN.training.alignment][INFO] - Starting alignment experiment: training with diffusion, measuring alignment of ['BPTT', 'eprop', 'diffusion_aligned', 'diffusion_per_step', 'diffusion_fixed'] every 50 epochs.
[2026-06-02 21:43:46,959][src.modRNN.training.alignment][INFO] - epoch 1  train loss=0.1413  (rule: diffusion)
[2026-06-02 21:43:48,194][src.modRNN.training.alignment][INFO] -   align BPTT @ epoch 1: cos {'ALIFCell_0.input_weights': '0.000', 'ALIFCell_0.recurrent_weights': '0.000', 'ReadOut_0.readout_weights': '0.000'}
[2026-06-02 21:43:49,220][src.modRNN.training.alignment][INFO] -   align eprop @ epoch 1: cos {'ALIFCell_0.input_weights': '0.663', 'ALIFCell_0.recurrent_weights': '0.516', 'ReadOut_0.readout_weights': '0.000'}
[2026-06-02 21:43:50,508][src.modRNN.training.alignment][INFO] -   align diffusion_aligned @ epoch 1: cos {'ALIFCell_0.input_weights': '0.768', 'ALIFCell_0.recurrent_weights': '0.708', 'ReadOut_0.readout_weights': '0.000'}
[2026-06-02 21:43:53,443][src.modRNN.training.alignment][INFO] -   align diffusion_per_step @ epoch 1: cos {'ALIFCell_0.input_weights': '0.664', 'ALIFCell_0.recurrent_weights': '0.527', 'ReadOut_0.readout_weights': '0.000'}
[2026-06-02 21:43:54,747][src.modRNN.training.alignment][INFO] -   align diffusion_fixed @ epoch 1: cos {'ALIFCell_0.input_weights': '0.773', 'ALIFCell_0.recurrent_weights': '0.782', 'ReadOut_0.readout_weights': '0.000'}
[2026-06-02 21:44:02,267][src.modRNN.training.alignment][INFO] - epoch 25  train loss=0.1032  (rule: diffusion)
[2026-06-02 21:44:10,160][src.modRNN.training.alignment][INFO] - epoch 50  train loss=0.0729  (rule: diffusion)
[2026-06-02 21:44:10,685][src.modRNN.training.alignment][INFO] -   align BPTT @ epoch 51: cos {'ALIFCell_0.input_weights': '0.000', 'ALIFCell_0.recurrent_weights': '0.000', 'ReadOut_0.readout_weights': '0.000'}
[2026-06-02 21:44:10,954][src.modRNN.training.alignment][INFO] -   align eprop @ epoch 51: cos {'ALIFCell_0.input_weights': '0.990', 'ALIFCell_0.recurrent_weights': '1.084', 'ReadOut_0.readout_weights': '0.000'}
[2026-06-02 21:44:11,266][src.modRNN.training.alignment][INFO] -   align diffusion_aligned @ epoch 51: cos {'ALIFCell_0.input_weights': '1.008', 'ALIFCell_0.recurrent_weights': '1.093', 'ReadOut_0.readout_weights': '0.000'}
[2026-06-02 21:44:11,725][src.modRNN.training.alignment][INFO] -   align diffusion_per_step @ epoch 51: cos {'ALIFCell_0.input_weights': '0.988', 'ALIFCell_0.recurrent_weights': '1.082', 'ReadOut_0.readout_weights': '0.000'}
[2026-06-02 21:44:12,037][src.modRNN.training.alignment][INFO] -   align diffusion_fixed @ epoch 51: cos {'ALIFCell_0.input_weights': '0.934', 'ALIFCell_0.recurrent_weights': '0.993', 'ReadOut_0.readout_weights': '0.000'}
[2026-06-02 21:44:19,627][src.modRNN.training.alignment][INFO] - epoch 75  train loss=0.0579  (rule: diffusion)
[2026-06-02 21:44:27,535][src.modRNN.training.alignment][INFO] - epoch 100  train loss=0.0467  (rule: diffusion)
[2026-06-02 21:44:28,057][src.modRNN.training.alignment][INFO] -   align BPTT @ epoch 101: cos {'ALIFCell_0.input_weights': '0.000', 'ALIFCell_0.recurrent_weights': '0.000', 'ReadOut_0.readout_weights': '0.000'}
[2026-06-02 21:44:28,325][src.modRNN.training.alignment][INFO] -   align eprop @ epoch 101: cos {'ALIFCell_0.input_weights': '1.077', 'ALIFCell_0.recurrent_weights': '1.133', 'ReadOut_0.readout_weights': '0.000'}
[2026-06-02 21:44:28,635][src.modRNN.training.alignment][INFO] -   align diffusion_aligned @ epoch 101: cos {'ALIFCell_0.input_weights': '1.068', 'ALIFCell_0.recurrent_weights': '1.105', 'ReadOut_0.readout_weights': '0.000'}
[2026-06-02 21:44:29,093][src.modRNN.training.alignment][INFO] -   align diffusion_per_step @ epoch 101: cos {'ALIFCell_0.input_weights': '1.073', 'ALIFCell_0.recurrent_weights': '1.135', 'ReadOut_0.readout_weights': '0.000'}
[2026-06-02 21:44:29,403][src.modRNN.training.alignment][INFO] -   align diffusion_fixed @ epoch 101: cos {'ALIFCell_0.input_weights': '0.998', 'ALIFCell_0.recurrent_weights': '1.047', 'ReadOut_0.readout_weights': '0.000'}
[2026-06-02 21:44:36,938][src.modRNN.training.alignment][INFO] - epoch 125  train loss=0.0429  (rule: diffusion)
[2026-06-02 21:44:44,779][src.modRNN.training.alignment][INFO] - epoch 150  train loss=0.0350  (rule: diffusion)
[2026-06-02 21:44:45,293][src.modRNN.training.alignment][INFO] -   align BPTT @ epoch 151: cos {'ALIFCell_0.input_weights': '0.000', 'ALIFCell_0.recurrent_weights': '0.000', 'ReadOut_0.readout_weights': '0.000'}
[2026-06-02 21:44:45,559][src.modRNN.training.alignment][INFO] -   align eprop @ epoch 151: cos {'ALIFCell_0.input_weights': '0.870', 'ALIFCell_0.recurrent_weights': '0.877', 'ReadOut_0.readout_weights': '0.000'}
[2026-06-02 21:44:45,868][src.modRNN.training.alignment][INFO] -   align diffusion_aligned @ epoch 151: cos {'ALIFCell_0.input_weights': '0.891', 'ALIFCell_0.recurrent_weights': '0.864', 'ReadOut_0.readout_weights': '0.000'}
[2026-06-02 21:44:46,324][src.modRNN.training.alignment][INFO] -   align diffusion_per_step @ epoch 151: cos {'ALIFCell_0.input_weights': '0.865', 'ALIFCell_0.recurrent_weights': '0.869', 'ReadOut_0.readout_weights': '0.000'}
[2026-06-02 21:44:46,633][src.modRNN.training.alignment][INFO] -   align diffusion_fixed @ epoch 151: cos {'ALIFCell_0.input_weights': '0.783', 'ALIFCell_0.recurrent_weights': '0.810', 'ReadOut_0.readout_weights': '0.000'}
[2026-06-02 21:44:54,171][src.modRNN.training.alignment][INFO] - epoch 175  train loss=0.0351  (rule: diffusion)
[2026-06-02 21:45:02,029][src.modRNN.training.alignment][INFO] - epoch 200  train loss=0.0314  (rule: diffusion)
[2026-06-02 21:45:02,559][src.modRNN.training.alignment][INFO] -   align BPTT @ epoch 201: cos {'ALIFCell_0.input_weights': '0.000', 'ALIFCell_0.recurrent_weights': '0.000', 'ReadOut_0.readout_weights': '0.000'}
[2026-06-02 21:45:02,828][src.modRNN.training.alignment][INFO] -   align eprop @ epoch 201: cos {'ALIFCell_0.input_weights': '0.912', 'ALIFCell_0.recurrent_weights': '0.887', 'ReadOut_0.readout_weights': '0.000'}
[2026-06-02 21:45:03,139][src.modRNN.training.alignment][INFO] -   align diffusion_aligned @ epoch 201: cos {'ALIFCell_0.input_weights': '0.924', 'ALIFCell_0.recurrent_weights': '0.880', 'ReadOut_0.readout_weights': '0.000'}
[2026-06-02 21:45:03,599][src.modRNN.training.alignment][INFO] -   align diffusion_per_step @ epoch 201: cos {'ALIFCell_0.input_weights': '0.907', 'ALIFCell_0.recurrent_weights': '0.880', 'ReadOut_0.readout_weights': '0.000'}
[2026-06-02 21:45:03,910][src.modRNN.training.alignment][INFO] -   align diffusion_fixed @ epoch 201: cos {'ALIFCell_0.input_weights': '0.828', 'ALIFCell_0.recurrent_weights': '0.822', 'ReadOut_0.readout_weights': '0.000'}
[2026-06-02 21:45:11,516][src.modRNN.training.alignment][INFO] - epoch 225  train loss=0.0274  (rule: diffusion)
[2026-06-02 21:45:19,443][src.modRNN.training.alignment][INFO] - epoch 250  train loss=0.0257  (rule: diffusion)
[2026-06-02 21:45:19,965][src.modRNN.training.alignment][INFO] -   align BPTT @ epoch 251: cos {'ALIFCell_0.input_weights': '0.000', 'ALIFCell_0.recurrent_weights': '0.000', 'ReadOut_0.readout_weights': '0.000'}
[2026-06-02 21:45:20,233][src.modRNN.training.alignment][INFO] -   align eprop @ epoch 251: cos {'ALIFCell_0.input_weights': '0.904', 'ALIFCell_0.recurrent_weights': '0.860', 'ReadOut_0.readout_weights': '0.000'}
[2026-06-02 21:45:20,544][src.modRNN.training.alignment][INFO] -   align diffusion_aligned @ epoch 251: cos {'ALIFCell_0.input_weights': '0.924', 'ALIFCell_0.recurrent_weights': '0.863', 'ReadOut_0.readout_weights': '0.000'}
[2026-06-02 21:45:21,003][src.modRNN.training.alignment][INFO] -   align diffusion_per_step @ epoch 251: cos {'ALIFCell_0.input_weights': '0.900', 'ALIFCell_0.recurrent_weights': '0.853', 'ReadOut_0.readout_weights': '0.000'}
[2026-06-02 21:45:21,313][src.modRNN.training.alignment][INFO] -   align diffusion_fixed @ epoch 251: cos {'ALIFCell_0.input_weights': '0.824', 'ALIFCell_0.recurrent_weights': '0.800', 'ReadOut_0.readout_weights': '0.000'}
[2026-06-02 21:45:28,914][src.modRNN.training.alignment][INFO] - epoch 275  train loss=0.0316  (rule: diffusion)
[2026-06-02 21:45:36,811][src.modRNN.training.alignment][INFO] - epoch 300  train loss=0.0230  (rule: diffusion)
[2026-06-02 21:45:37,327][src.modRNN.training.alignment][INFO] -   align BPTT @ epoch 301: cos {'ALIFCell_0.input_weights': '0.000', 'ALIFCell_0.recurrent_weights': '0.000', 'ReadOut_0.readout_weights': '0.000'}
[2026-06-02 21:45:37,594][src.modRNN.training.alignment][INFO] -   align eprop @ epoch 301: cos {'ALIFCell_0.input_weights': '0.994', 'ALIFCell_0.recurrent_weights': '1.000', 'ReadOut_0.readout_weights': '0.000'}
[2026-06-02 21:45:37,903][src.modRNN.training.alignment][INFO] -   align diffusion_aligned @ epoch 301: cos {'ALIFCell_0.input_weights': '1.033', 'ALIFCell_0.recurrent_weights': '1.011', 'ReadOut_0.readout_weights': '0.000'}
[2026-06-02 21:45:38,362][src.modRNN.training.alignment][INFO] -   align diffusion_per_step @ epoch 301: cos {'ALIFCell_0.input_weights': '0.988', 'ALIFCell_0.recurrent_weights': '0.998', 'ReadOut_0.readout_weights': '0.000'}
[2026-06-02 21:45:38,672][src.modRNN.training.alignment][INFO] -   align diffusion_fixed @ epoch 301: cos {'ALIFCell_0.input_weights': '0.933', 'ALIFCell_0.recurrent_weights': '0.962', 'ReadOut_0.readout_weights': '0.000'}
[2026-06-02 21:45:46,230][src.modRNN.training.alignment][INFO] - epoch 325  train loss=0.0274  (rule: diffusion)
[2026-06-02 21:45:54,101][src.modRNN.training.alignment][INFO] - epoch 350  train loss=0.0192  (rule: diffusion)
[2026-06-02 21:45:54,616][src.modRNN.training.alignment][INFO] -   align BPTT @ epoch 351: cos {'ALIFCell_0.input_weights': '0.000', 'ALIFCell_0.recurrent_weights': '0.000', 'ReadOut_0.readout_weights': '0.000'}
[2026-06-02 21:45:54,883][src.modRNN.training.alignment][INFO] -   align eprop @ epoch 351: cos {'ALIFCell_0.input_weights': '0.949', 'ALIFCell_0.recurrent_weights': '0.922', 'ReadOut_0.readout_weights': '0.000'}
[2026-06-02 21:45:55,192][src.modRNN.training.alignment][INFO] -   align diffusion_aligned @ epoch 351: cos {'ALIFCell_0.input_weights': '0.980', 'ALIFCell_0.recurrent_weights': '0.935', 'ReadOut_0.readout_weights': '0.000'}
[2026-06-02 21:45:55,651][src.modRNN.training.alignment][INFO] -   align diffusion_per_step @ epoch 351: cos {'ALIFCell_0.input_weights': '0.946', 'ALIFCell_0.recurrent_weights': '0.918', 'ReadOut_0.readout_weights': '0.000'}
[2026-06-02 21:45:55,960][src.modRNN.training.alignment][INFO] -   align diffusion_fixed @ epoch 351: cos {'ALIFCell_0.input_weights': '0.867', 'ALIFCell_0.recurrent_weights': '0.864', 'ReadOut_0.readout_weights': '0.000'}
[2026-06-02 21:46:03,557][src.modRNN.training.alignment][INFO] - epoch 375  train loss=0.0316  (rule: diffusion)
[2026-06-02 21:46:11,502][src.modRNN.training.alignment][INFO] - epoch 400  train loss=0.0173  (rule: diffusion)
[2026-06-02 21:46:12,027][src.modRNN.training.alignment][INFO] -   align BPTT @ epoch 401: cos {'ALIFCell_0.input_weights': '0.000', 'ALIFCell_0.recurrent_weights': '0.000', 'ReadOut_0.readout_weights': '0.000'}
[2026-06-02 21:46:12,296][src.modRNN.training.alignment][INFO] -   align eprop @ epoch 401: cos {'ALIFCell_0.input_weights': '0.973', 'ALIFCell_0.recurrent_weights': '0.948', 'ReadOut_0.readout_weights': '0.000'}
[2026-06-02 21:46:12,608][src.modRNN.training.alignment][INFO] -   align diffusion_aligned @ epoch 401: cos {'ALIFCell_0.input_weights': '1.019', 'ALIFCell_0.recurrent_weights': '0.984', 'ReadOut_0.readout_weights': '0.000'}
[2026-06-02 21:46:13,070][src.modRNN.training.alignment][INFO] -   align diffusion_per_step @ epoch 401: cos {'ALIFCell_0.input_weights': '0.970', 'ALIFCell_0.recurrent_weights': '0.944', 'ReadOut_0.readout_weights': '0.000'}
[2026-06-02 21:46:13,382][src.modRNN.training.alignment][INFO] -   align diffusion_fixed @ epoch 401: cos {'ALIFCell_0.input_weights': '0.887', 'ALIFCell_0.recurrent_weights': '0.881', 'ReadOut_0.readout_weights': '0.000'}
[2026-06-02 21:46:21,011][src.modRNN.training.alignment][INFO] - epoch 425  train loss=0.0221  (rule: diffusion)
[2026-06-02 21:46:28,963][src.modRNN.training.alignment][INFO] - epoch 450  train loss=0.0175  (rule: diffusion)
[2026-06-02 21:46:29,488][src.modRNN.training.alignment][INFO] -   align BPTT @ epoch 451: cos {'ALIFCell_0.input_weights': '0.000', 'ALIFCell_0.recurrent_weights': '0.000', 'ReadOut_0.readout_weights': '0.000'}
[2026-06-02 21:46:29,757][src.modRNN.training.alignment][INFO] -   align eprop @ epoch 451: cos {'ALIFCell_0.input_weights': '0.954', 'ALIFCell_0.recurrent_weights': '0.923', 'ReadOut_0.readout_weights': '0.000'}
[2026-06-02 21:46:30,068][src.modRNN.training.alignment][INFO] -   align diffusion_aligned @ epoch 451: cos {'ALIFCell_0.input_weights': '0.979', 'ALIFCell_0.recurrent_weights': '0.946', 'ReadOut_0.readout_weights': '0.000'}
[2026-06-02 21:46:30,529][src.modRNN.training.alignment][INFO] -   align diffusion_per_step @ epoch 451: cos {'ALIFCell_0.input_weights': '0.950', 'ALIFCell_0.recurrent_weights': '0.919', 'ReadOut_0.readout_weights': '0.000'}
[2026-06-02 21:46:30,841][src.modRNN.training.alignment][INFO] -   align diffusion_fixed @ epoch 451: cos {'ALIFCell_0.input_weights': '0.870', 'ALIFCell_0.recurrent_weights': '0.858', 'ReadOut_0.readout_weights': '0.000'}
[2026-06-02 21:46:38,417][src.modRNN.training.alignment][INFO] - epoch 475  train loss=0.0228  (rule: diffusion)
[2026-06-02 21:46:46,294][src.modRNN.training.alignment][INFO] - epoch 500  train loss=0.0261  (rule: diffusion)
[2026-06-02 21:46:46,811][src.modRNN.training.alignment][INFO] -   align BPTT @ epoch 501: cos {'ALIFCell_0.input_weights': '0.000', 'ALIFCell_0.recurrent_weights': '0.000', 'ReadOut_0.readout_weights': '0.000'}
[2026-06-02 21:46:47,077][src.modRNN.training.alignment][INFO] -   align eprop @ epoch 501: cos {'ALIFCell_0.input_weights': '0.946', 'ALIFCell_0.recurrent_weights': '0.915', 'ReadOut_0.readout_weights': '0.000'}
[2026-06-02 21:46:47,386][src.modRNN.training.alignment][INFO] -   align diffusion_aligned @ epoch 501: cos {'ALIFCell_0.input_weights': '0.981', 'ALIFCell_0.recurrent_weights': '0.960', 'ReadOut_0.readout_weights': '0.000'}
[2026-06-02 21:46:47,845][src.modRNN.training.alignment][INFO] -   align diffusion_per_step @ epoch 501: cos {'ALIFCell_0.input_weights': '0.941', 'ALIFCell_0.recurrent_weights': '0.910', 'ReadOut_0.readout_weights': '0.000'}
[2026-06-02 21:46:48,154][src.modRNN.training.alignment][INFO] -   align diffusion_fixed @ epoch 501: cos {'ALIFCell_0.input_weights': '0.866', 'ALIFCell_0.recurrent_weights': '0.856', 'ReadOut_0.readout_weights': '0.000'}
[2026-06-02 21:46:55,719][src.modRNN.training.alignment][INFO] - epoch 525  train loss=0.0133  (rule: diffusion)
[2026-06-02 21:47:03,636][src.modRNN.training.alignment][INFO] - epoch 550  train loss=0.0161  (rule: diffusion)
[2026-06-02 21:47:04,161][src.modRNN.training.alignment][INFO] -   align BPTT @ epoch 551: cos {'ALIFCell_0.input_weights': '0.000', 'ALIFCell_0.recurrent_weights': '0.000', 'ReadOut_0.readout_weights': '0.000'}
[2026-06-02 21:47:04,431][src.modRNN.training.alignment][INFO] -   align eprop @ epoch 551: cos {'ALIFCell_0.input_weights': '0.999', 'ALIFCell_0.recurrent_weights': '0.925', 'ReadOut_0.readout_weights': '0.000'}
[2026-06-02 21:47:04,743][src.modRNN.training.alignment][INFO] -   align diffusion_aligned @ epoch 551: cos {'ALIFCell_0.input_weights': '1.043', 'ALIFCell_0.recurrent_weights': '0.963', 'ReadOut_0.readout_weights': '0.000'}
[2026-06-02 21:47:05,205][src.modRNN.training.alignment][INFO] -   align diffusion_per_step @ epoch 551: cos {'ALIFCell_0.input_weights': '0.995', 'ALIFCell_0.recurrent_weights': '0.920', 'ReadOut_0.readout_weights': '0.000'}
[2026-06-02 21:47:05,517][src.modRNN.training.alignment][INFO] -   align diffusion_fixed @ epoch 551: cos {'ALIFCell_0.input_weights': '0.919', 'ALIFCell_0.recurrent_weights': '0.862', 'ReadOut_0.readout_weights': '0.000'}
[2026-06-02 21:47:13,151][src.modRNN.training.alignment][INFO] - epoch 575  train loss=0.0197  (rule: diffusion)
[2026-06-02 21:47:21,104][src.modRNN.training.alignment][INFO] - epoch 600  train loss=0.0181  (rule: diffusion)
[2026-06-02 21:47:21,630][src.modRNN.training.alignment][INFO] -   align BPTT @ epoch 601: cos {'ALIFCell_0.input_weights': '0.000', 'ALIFCell_0.recurrent_weights': '0.000', 'ReadOut_0.readout_weights': '0.000'}
[2026-06-02 21:47:21,899][src.modRNN.training.alignment][INFO] -   align eprop @ epoch 601: cos {'ALIFCell_0.input_weights': '0.965', 'ALIFCell_0.recurrent_weights': '0.933', 'ReadOut_0.readout_weights': '0.000'}
[2026-06-02 21:47:22,210][src.modRNN.training.alignment][INFO] -   align diffusion_aligned @ epoch 601: cos {'ALIFCell_0.input_weights': '0.997', 'ALIFCell_0.recurrent_weights': '0.958', 'ReadOut_0.readout_weights': '0.000'}
[2026-06-02 21:47:22,671][src.modRNN.training.alignment][INFO] -   align diffusion_per_step @ epoch 601: cos {'ALIFCell_0.input_weights': '0.962', 'ALIFCell_0.recurrent_weights': '0.930', 'ReadOut_0.readout_weights': '0.000'}
[2026-06-02 21:47:22,983][src.modRNN.training.alignment][INFO] -   align diffusion_fixed @ epoch 601: cos {'ALIFCell_0.input_weights': '0.899', 'ALIFCell_0.recurrent_weights': '0.884', 'ReadOut_0.readout_weights': '0.000'}
[2026-06-02 21:47:30,605][src.modRNN.training.alignment][INFO] - epoch 625  train loss=0.0447  (rule: diffusion)
[2026-06-02 21:47:38,480][src.modRNN.training.alignment][INFO] - epoch 650  train loss=0.0158  (rule: diffusion)
[2026-06-02 21:47:38,994][src.modRNN.training.alignment][INFO] -   align BPTT @ epoch 651: cos {'ALIFCell_0.input_weights': '0.000', 'ALIFCell_0.recurrent_weights': '0.000', 'ReadOut_0.readout_weights': '0.000'}
[2026-06-02 21:47:39,261][src.modRNN.training.alignment][INFO] -   align eprop @ epoch 651: cos {'ALIFCell_0.input_weights': '0.957', 'ALIFCell_0.recurrent_weights': '0.936', 'ReadOut_0.readout_weights': '0.000'}
[2026-06-02 21:47:39,571][src.modRNN.training.alignment][INFO] -   align diffusion_aligned @ epoch 651: cos {'ALIFCell_0.input_weights': '0.983', 'ALIFCell_0.recurrent_weights': '0.965', 'ReadOut_0.readout_weights': '0.000'}
[2026-06-02 21:47:40,030][src.modRNN.training.alignment][INFO] -   align diffusion_per_step @ epoch 651: cos {'ALIFCell_0.input_weights': '0.955', 'ALIFCell_0.recurrent_weights': '0.934', 'ReadOut_0.readout_weights': '0.000'}
[2026-06-02 21:47:40,339][src.modRNN.training.alignment][INFO] -   align diffusion_fixed @ epoch 651: cos {'ALIFCell_0.input_weights': '0.893', 'ALIFCell_0.recurrent_weights': '0.886', 'ReadOut_0.readout_weights': '0.000'}
[2026-06-02 21:47:47,890][src.modRNN.training.alignment][INFO] - epoch 675  train loss=0.0201  (rule: diffusion)
[2026-06-02 21:47:55,761][src.modRNN.training.alignment][INFO] - epoch 700  train loss=0.0132  (rule: diffusion)
[2026-06-02 21:47:56,277][src.modRNN.training.alignment][INFO] -   align BPTT @ epoch 701: cos {'ALIFCell_0.input_weights': '0.000', 'ALIFCell_0.recurrent_weights': '0.000', 'ReadOut_0.readout_weights': '0.000'}
[2026-06-02 21:47:56,543][src.modRNN.training.alignment][INFO] -   align eprop @ epoch 701: cos {'ALIFCell_0.input_weights': '0.949', 'ALIFCell_0.recurrent_weights': '0.927', 'ReadOut_0.readout_weights': '0.000'}
[2026-06-02 21:47:56,853][src.modRNN.training.alignment][INFO] -   align diffusion_aligned @ epoch 701: cos {'ALIFCell_0.input_weights': '0.954', 'ALIFCell_0.recurrent_weights': '0.940', 'ReadOut_0.readout_weights': '0.000'}
[2026-06-02 21:47:57,312][src.modRNN.training.alignment][INFO] -   align diffusion_per_step @ epoch 701: cos {'ALIFCell_0.input_weights': '0.946', 'ALIFCell_0.recurrent_weights': '0.923', 'ReadOut_0.readout_weights': '0.000'}
[2026-06-02 21:47:57,622][src.modRNN.training.alignment][INFO] -   align diffusion_fixed @ epoch 701: cos {'ALIFCell_0.input_weights': '0.894', 'ALIFCell_0.recurrent_weights': '0.887', 'ReadOut_0.readout_weights': '0.000'}
[2026-06-02 21:48:05,236][src.modRNN.training.alignment][INFO] - epoch 725  train loss=0.0143  (rule: diffusion)
[2026-06-02 21:48:13,194][src.modRNN.training.alignment][INFO] - epoch 750  train loss=0.0214  (rule: diffusion)
[2026-06-02 21:48:13,720][src.modRNN.training.alignment][INFO] -   align BPTT @ epoch 751: cos {'ALIFCell_0.input_weights': '0.000', 'ALIFCell_0.recurrent_weights': '0.000', 'ReadOut_0.readout_weights': '0.000'}
[2026-06-02 21:48:13,990][src.modRNN.training.alignment][INFO] -   align eprop @ epoch 751: cos {'ALIFCell_0.input_weights': '0.955', 'ALIFCell_0.recurrent_weights': '0.939', 'ReadOut_0.readout_weights': '0.000'}
[2026-06-02 21:48:14,302][src.modRNN.training.alignment][INFO] -   align diffusion_aligned @ epoch 751: cos {'ALIFCell_0.input_weights': '0.983', 'ALIFCell_0.recurrent_weights': '0.967', 'ReadOut_0.readout_weights': '0.000'}
[2026-06-02 21:48:14,763][src.modRNN.training.alignment][INFO] -   align diffusion_per_step @ epoch 751: cos {'ALIFCell_0.input_weights': '0.953', 'ALIFCell_0.recurrent_weights': '0.936', 'ReadOut_0.readout_weights': '0.000'}
[2026-06-02 21:48:15,075][src.modRNN.training.alignment][INFO] -   align diffusion_fixed @ epoch 751: cos {'ALIFCell_0.input_weights': '0.894', 'ALIFCell_0.recurrent_weights': '0.888', 'ReadOut_0.readout_weights': '0.000'}
[2026-06-02 21:48:22,728][src.modRNN.training.alignment][INFO] - epoch 775  train loss=0.0101  (rule: diffusion)
[2026-06-02 21:48:30,696][src.modRNN.training.alignment][INFO] - epoch 800  train loss=0.0133  (rule: diffusion)
[2026-06-02 21:48:31,218][src.modRNN.training.alignment][INFO] -   align BPTT @ epoch 801: cos {'ALIFCell_0.input_weights': '0.000', 'ALIFCell_0.recurrent_weights': '0.000', 'ReadOut_0.readout_weights': '0.000'}
[2026-06-02 21:48:31,485][src.modRNN.training.alignment][INFO] -   align eprop @ epoch 801: cos {'ALIFCell_0.input_weights': '0.948', 'ALIFCell_0.recurrent_weights': '0.912', 'ReadOut_0.readout_weights': '0.000'}
[2026-06-02 21:48:31,796][src.modRNN.training.alignment][INFO] -   align diffusion_aligned @ epoch 801: cos {'ALIFCell_0.input_weights': '0.971', 'ALIFCell_0.recurrent_weights': '0.938', 'ReadOut_0.readout_weights': '0.000'}
[2026-06-02 21:48:32,255][src.modRNN.training.alignment][INFO] -   align diffusion_per_step @ epoch 801: cos {'ALIFCell_0.input_weights': '0.944', 'ALIFCell_0.recurrent_weights': '0.907', 'ReadOut_0.readout_weights': '0.000'}
[2026-06-02 21:48:32,565][src.modRNN.training.alignment][INFO] -   align diffusion_fixed @ epoch 801: cos {'ALIFCell_0.input_weights': '0.886', 'ALIFCell_0.recurrent_weights': '0.868', 'ReadOut_0.readout_weights': '0.000'}
[2026-06-02 21:48:40,119][src.modRNN.training.alignment][INFO] - epoch 825  train loss=0.0118  (rule: diffusion)
[2026-06-02 21:48:47,992][src.modRNN.training.alignment][INFO] - epoch 850  train loss=0.0105  (rule: diffusion)
[2026-06-02 21:48:48,509][src.modRNN.training.alignment][INFO] -   align BPTT @ epoch 851: cos {'ALIFCell_0.input_weights': '0.000', 'ALIFCell_0.recurrent_weights': '0.000', 'ReadOut_0.readout_weights': '0.000'}
[2026-06-02 21:48:48,776][src.modRNN.training.alignment][INFO] -   align eprop @ epoch 851: cos {'ALIFCell_0.input_weights': '0.953', 'ALIFCell_0.recurrent_weights': '0.938', 'ReadOut_0.readout_weights': '0.000'}
[2026-06-02 21:48:49,085][src.modRNN.training.alignment][INFO] -   align diffusion_aligned @ epoch 851: cos {'ALIFCell_0.input_weights': '0.978', 'ALIFCell_0.recurrent_weights': '0.970', 'ReadOut_0.readout_weights': '0.000'}
[2026-06-02 21:48:49,544][src.modRNN.training.alignment][INFO] -   align diffusion_per_step @ epoch 851: cos {'ALIFCell_0.input_weights': '0.950', 'ALIFCell_0.recurrent_weights': '0.934', 'ReadOut_0.readout_weights': '0.000'}
[2026-06-02 21:48:49,854][src.modRNN.training.alignment][INFO] -   align diffusion_fixed @ epoch 851: cos {'ALIFCell_0.input_weights': '0.891', 'ALIFCell_0.recurrent_weights': '0.887', 'ReadOut_0.readout_weights': '0.000'}
[2026-06-02 21:48:57,409][src.modRNN.training.alignment][INFO] - epoch 875  train loss=0.0155  (rule: diffusion)
[2026-06-02 21:49:05,307][src.modRNN.training.alignment][INFO] - epoch 900  train loss=0.0110  (rule: diffusion)
[2026-06-02 21:49:05,832][src.modRNN.training.alignment][INFO] -   align BPTT @ epoch 901: cos {'ALIFCell_0.input_weights': '0.000', 'ALIFCell_0.recurrent_weights': '0.000', 'ReadOut_0.readout_weights': '0.000'}
[2026-06-02 21:49:06,100][src.modRNN.training.alignment][INFO] -   align eprop @ epoch 901: cos {'ALIFCell_0.input_weights': '0.959', 'ALIFCell_0.recurrent_weights': '0.951', 'ReadOut_0.readout_weights': '0.000'}
[2026-06-02 21:49:06,413][src.modRNN.training.alignment][INFO] -   align diffusion_aligned @ epoch 901: cos {'ALIFCell_0.input_weights': '0.972', 'ALIFCell_0.recurrent_weights': '0.963', 'ReadOut_0.readout_weights': '0.000'}
[2026-06-02 21:49:06,875][src.modRNN.training.alignment][INFO] -   align diffusion_per_step @ epoch 901: cos {'ALIFCell_0.input_weights': '0.955', 'ALIFCell_0.recurrent_weights': '0.947', 'ReadOut_0.readout_weights': '0.000'}
[2026-06-02 21:49:07,186][src.modRNN.training.alignment][INFO] -   align diffusion_fixed @ epoch 901: cos {'ALIFCell_0.input_weights': '0.907', 'ALIFCell_0.recurrent_weights': '0.908', 'ReadOut_0.readout_weights': '0.000'}
[2026-06-02 21:49:14,824][src.modRNN.training.alignment][INFO] - epoch 925  train loss=0.0111  (rule: diffusion)
[2026-06-02 21:49:22,782][src.modRNN.training.alignment][INFO] - epoch 950  train loss=0.0132  (rule: diffusion)
[2026-06-02 21:49:23,307][src.modRNN.training.alignment][INFO] -   align BPTT @ epoch 951: cos {'ALIFCell_0.input_weights': '0.000', 'ALIFCell_0.recurrent_weights': '0.000', 'ReadOut_0.readout_weights': '0.000'}
[2026-06-02 21:49:23,576][src.modRNN.training.alignment][INFO] -   align eprop @ epoch 951: cos {'ALIFCell_0.input_weights': '0.961', 'ALIFCell_0.recurrent_weights': '0.961', 'ReadOut_0.readout_weights': '0.000'}
[2026-06-02 21:49:23,888][src.modRNN.training.alignment][INFO] -   align diffusion_aligned @ epoch 951: cos {'ALIFCell_0.input_weights': '0.979', 'ALIFCell_0.recurrent_weights': '0.979', 'ReadOut_0.readout_weights': '0.000'}
[2026-06-02 21:49:24,349][src.modRNN.training.alignment][INFO] -   align diffusion_per_step @ epoch 951: cos {'ALIFCell_0.input_weights': '0.958', 'ALIFCell_0.recurrent_weights': '0.957', 'ReadOut_0.readout_weights': '0.000'}
[2026-06-02 21:49:24,661][src.modRNN.training.alignment][INFO] -   align diffusion_fixed @ epoch 951: cos {'ALIFCell_0.input_weights': '0.899', 'ALIFCell_0.recurrent_weights': '0.906', 'ReadOut_0.readout_weights': '0.000'}
[2026-06-02 21:49:32,291][src.modRNN.training.alignment][INFO] - epoch 975  train loss=0.0186  (rule: diffusion)
[2026-06-02 21:49:40,181][src.modRNN.training.alignment][INFO] - epoch 1000  train loss=0.0107  (rule: diffusion)
[2026-06-02 21:49:40,698][src.modRNN.training.alignment][INFO] -   align BPTT @ epoch 1001: cos {'ALIFCell_0.input_weights': '0.000', 'ALIFCell_0.recurrent_weights': '0.000', 'ReadOut_0.readout_weights': '0.000'}
[2026-06-02 21:49:40,966][src.modRNN.training.alignment][INFO] -   align eprop @ epoch 1001: cos {'ALIFCell_0.input_weights': '0.980', 'ALIFCell_0.recurrent_weights': '0.960', 'ReadOut_0.readout_weights': '0.000'}
[2026-06-02 21:49:41,276][src.modRNN.training.alignment][INFO] -   align diffusion_aligned @ epoch 1001: cos {'ALIFCell_0.input_weights': '0.995', 'ALIFCell_0.recurrent_weights': '0.986', 'ReadOut_0.readout_weights': '0.000'}
[2026-06-02 21:49:41,737][src.modRNN.training.alignment][INFO] -   align diffusion_per_step @ epoch 1001: cos {'ALIFCell_0.input_weights': '0.978', 'ALIFCell_0.recurrent_weights': '0.958', 'ReadOut_0.readout_weights': '0.000'}
[2026-06-02 21:49:42,046][src.modRNN.training.alignment][INFO] -   align diffusion_fixed @ epoch 1001: cos {'ALIFCell_0.input_weights': '0.920', 'ALIFCell_0.recurrent_weights': '0.910', 'ReadOut_0.readout_weights': '0.000'}
[2026-06-02 21:49:49,616][src.modRNN.training.alignment][INFO] - epoch 1025  train loss=0.0193  (rule: diffusion)
[2026-06-02 21:49:57,502][src.modRNN.training.alignment][INFO] - epoch 1050  train loss=0.0156  (rule: diffusion)
[2026-06-02 21:49:58,020][src.modRNN.training.alignment][INFO] -   align BPTT @ epoch 1051: cos {'ALIFCell_0.input_weights': '0.000', 'ALIFCell_0.recurrent_weights': '0.000', 'ReadOut_0.readout_weights': '0.000'}
[2026-06-02 21:49:58,288][src.modRNN.training.alignment][INFO] -   align eprop @ epoch 1051: cos {'ALIFCell_0.input_weights': '1.222', 'ALIFCell_0.recurrent_weights': '1.125', 'ReadOut_0.readout_weights': '0.000'}
[2026-06-02 21:49:58,599][src.modRNN.training.alignment][INFO] -   align diffusion_aligned @ epoch 1051: cos {'ALIFCell_0.input_weights': '1.229', 'ALIFCell_0.recurrent_weights': '1.158', 'ReadOut_0.readout_weights': '0.000'}
[2026-06-02 21:49:59,058][src.modRNN.training.alignment][INFO] -   align diffusion_per_step @ epoch 1051: cos {'ALIFCell_0.input_weights': '1.225', 'ALIFCell_0.recurrent_weights': '1.129', 'ReadOut_0.readout_weights': '0.000'}
[2026-06-02 21:49:59,368][src.modRNN.training.alignment][INFO] -   align diffusion_fixed @ epoch 1051: cos {'ALIFCell_0.input_weights': '1.204', 'ALIFCell_0.recurrent_weights': '1.095', 'ReadOut_0.readout_weights': '0.000'}
[2026-06-02 21:50:07,058][src.modRNN.training.alignment][INFO] - epoch 1075  train loss=0.0095  (rule: diffusion)
[2026-06-02 21:50:14,999][src.modRNN.training.alignment][INFO] - epoch 1100  train loss=0.0108  (rule: diffusion)
[2026-06-02 21:50:15,523][src.modRNN.training.alignment][INFO] -   align BPTT @ epoch 1101: cos {'ALIFCell_0.input_weights': '0.000', 'ALIFCell_0.recurrent_weights': '0.000', 'ReadOut_0.readout_weights': '0.000'}
[2026-06-02 21:50:15,793][src.modRNN.training.alignment][INFO] -   align eprop @ epoch 1101: cos {'ALIFCell_0.input_weights': '0.981', 'ALIFCell_0.recurrent_weights': '0.977', 'ReadOut_0.readout_weights': '0.000'}
[2026-06-02 21:50:16,104][src.modRNN.training.alignment][INFO] -   align diffusion_aligned @ epoch 1101: cos {'ALIFCell_0.input_weights': '0.987', 'ALIFCell_0.recurrent_weights': '0.984', 'ReadOut_0.readout_weights': '0.000'}
[2026-06-02 21:50:16,566][src.modRNN.training.alignment][INFO] -   align diffusion_per_step @ epoch 1101: cos {'ALIFCell_0.input_weights': '0.979', 'ALIFCell_0.recurrent_weights': '0.974', 'ReadOut_0.readout_weights': '0.000'}
[2026-06-02 21:50:16,878][src.modRNN.training.alignment][INFO] -   align diffusion_fixed @ epoch 1101: cos {'ALIFCell_0.input_weights': '0.940', 'ALIFCell_0.recurrent_weights': '0.950', 'ReadOut_0.readout_weights': '0.000'}
[2026-06-02 21:50:24,501][src.modRNN.training.alignment][INFO] - epoch 1125  train loss=0.0100  (rule: diffusion)
[2026-06-02 21:50:32,445][src.modRNN.training.alignment][INFO] - epoch 1150  train loss=0.0115  (rule: diffusion)
[2026-06-02 21:50:32,965][src.modRNN.training.alignment][INFO] -   align BPTT @ epoch 1151: cos {'ALIFCell_0.input_weights': '0.000', 'ALIFCell_0.recurrent_weights': '0.000', 'ReadOut_0.readout_weights': '0.000'}
[2026-06-02 21:50:33,232][src.modRNN.training.alignment][INFO] -   align eprop @ epoch 1151: cos {'ALIFCell_0.input_weights': '0.983', 'ALIFCell_0.recurrent_weights': '0.966', 'ReadOut_0.readout_weights': '0.000'}
[2026-06-02 21:50:33,544][src.modRNN.training.alignment][INFO] -   align diffusion_aligned @ epoch 1151: cos {'ALIFCell_0.input_weights': '0.995', 'ALIFCell_0.recurrent_weights': '0.983', 'ReadOut_0.readout_weights': '0.000'}
[2026-06-02 21:50:34,006][src.modRNN.training.alignment][INFO] -   align diffusion_per_step @ epoch 1151: cos {'ALIFCell_0.input_weights': '0.980', 'ALIFCell_0.recurrent_weights': '0.963', 'ReadOut_0.readout_weights': '0.000'}
[2026-06-02 21:50:34,317][src.modRNN.training.alignment][INFO] -   align diffusion_fixed @ epoch 1151: cos {'ALIFCell_0.input_weights': '0.931', 'ALIFCell_0.recurrent_weights': '0.930', 'ReadOut_0.readout_weights': '0.000'}
[2026-06-02 21:50:41,896][src.modRNN.training.alignment][INFO] - epoch 1175  train loss=0.0140  (rule: diffusion)
[2026-06-02 21:50:49,797][src.modRNN.training.alignment][INFO] - epoch 1200  train loss=0.0114  (rule: diffusion)
[2026-06-02 21:50:50,317][src.modRNN.training.alignment][INFO] -   align BPTT @ epoch 1201: cos {'ALIFCell_0.input_weights': '0.000', 'ALIFCell_0.recurrent_weights': '0.000', 'ReadOut_0.readout_weights': '0.000'}
[2026-06-02 21:50:50,585][src.modRNN.training.alignment][INFO] -   align eprop @ epoch 1201: cos {'ALIFCell_0.input_weights': '0.978', 'ALIFCell_0.recurrent_weights': '0.944', 'ReadOut_0.readout_weights': '0.000'}
[2026-06-02 21:50:50,896][src.modRNN.training.alignment][INFO] -   align diffusion_aligned @ epoch 1201: cos {'ALIFCell_0.input_weights': '0.991', 'ALIFCell_0.recurrent_weights': '0.961', 'ReadOut_0.readout_weights': '0.000'}
[2026-06-02 21:50:51,357][src.modRNN.training.alignment][INFO] -   align diffusion_per_step @ epoch 1201: cos {'ALIFCell_0.input_weights': '0.975', 'ALIFCell_0.recurrent_weights': '0.940', 'ReadOut_0.readout_weights': '0.000'}
[2026-06-02 21:50:51,669][src.modRNN.training.alignment][INFO] -   align diffusion_fixed @ epoch 1201: cos {'ALIFCell_0.input_weights': '0.926', 'ALIFCell_0.recurrent_weights': '0.912', 'ReadOut_0.readout_weights': '0.000'}
[2026-06-02 21:50:59,260][src.modRNN.training.alignment][INFO] - epoch 1225  train loss=0.0100  (rule: diffusion)
[2026-06-02 21:51:07,208][src.modRNN.training.alignment][INFO] - epoch 1250  train loss=0.0165  (rule: diffusion)
[2026-06-02 21:51:07,734][src.modRNN.training.alignment][INFO] -   align BPTT @ epoch 1251: cos {'ALIFCell_0.input_weights': '0.000', 'ALIFCell_0.recurrent_weights': '0.000', 'ReadOut_0.readout_weights': '0.000'}
[2026-06-02 21:51:08,004][src.modRNN.training.alignment][INFO] -   align eprop @ epoch 1251: cos {'ALIFCell_0.input_weights': '0.977', 'ALIFCell_0.recurrent_weights': '0.921', 'ReadOut_0.readout_weights': '0.000'}
[2026-06-02 21:51:08,319][src.modRNN.training.alignment][INFO] -   align diffusion_aligned @ epoch 1251: cos {'ALIFCell_0.input_weights': '1.003', 'ALIFCell_0.recurrent_weights': '0.955', 'ReadOut_0.readout_weights': '0.000'}
[2026-06-02 21:51:08,783][src.modRNN.training.alignment][INFO] -   align diffusion_per_step @ epoch 1251: cos {'ALIFCell_0.input_weights': '0.972', 'ALIFCell_0.recurrent_weights': '0.916', 'ReadOut_0.readout_weights': '0.000'}
[2026-06-02 21:51:09,096][src.modRNN.training.alignment][INFO] -   align diffusion_fixed @ epoch 1251: cos {'ALIFCell_0.input_weights': '0.922', 'ALIFCell_0.recurrent_weights': '0.889', 'ReadOut_0.readout_weights': '0.000'}
[2026-06-02 21:51:16,767][src.modRNN.training.alignment][INFO] - epoch 1275  train loss=0.0107  (rule: diffusion)
[2026-06-02 21:51:24,755][src.modRNN.training.alignment][INFO] - epoch 1300  train loss=0.0108  (rule: diffusion)
[2026-06-02 21:51:25,281][src.modRNN.training.alignment][INFO] -   align BPTT @ epoch 1301: cos {'ALIFCell_0.input_weights': '0.000', 'ALIFCell_0.recurrent_weights': '0.000', 'ReadOut_0.readout_weights': '0.000'}
[2026-06-02 21:51:25,551][src.modRNN.training.alignment][INFO] -   align eprop @ epoch 1301: cos {'ALIFCell_0.input_weights': '0.991', 'ALIFCell_0.recurrent_weights': '0.970', 'ReadOut_0.readout_weights': '0.000'}
[2026-06-02 21:51:25,864][src.modRNN.training.alignment][INFO] -   align diffusion_aligned @ epoch 1301: cos {'ALIFCell_0.input_weights': '1.015', 'ALIFCell_0.recurrent_weights': '0.989', 'ReadOut_0.readout_weights': '0.000'}
[2026-06-02 21:51:26,328][src.modRNN.training.alignment][INFO] -   align diffusion_per_step @ epoch 1301: cos {'ALIFCell_0.input_weights': '0.990', 'ALIFCell_0.recurrent_weights': '0.969', 'ReadOut_0.readout_weights': '0.000'}
[2026-06-02 21:51:26,640][src.modRNN.training.alignment][INFO] -   align diffusion_fixed @ epoch 1301: cos {'ALIFCell_0.input_weights': '0.938', 'ALIFCell_0.recurrent_weights': '0.937', 'ReadOut_0.readout_weights': '0.000'}
[2026-06-02 21:51:34,265][src.modRNN.training.alignment][INFO] - epoch 1325  train loss=0.0088  (rule: diffusion)
[2026-06-02 21:51:42,165][src.modRNN.training.alignment][INFO] - epoch 1350  train loss=0.0144  (rule: diffusion)
[2026-06-02 21:51:42,683][src.modRNN.training.alignment][INFO] -   align BPTT @ epoch 1351: cos {'ALIFCell_0.input_weights': '0.000', 'ALIFCell_0.recurrent_weights': '0.000', 'ReadOut_0.readout_weights': '0.000'}
[2026-06-02 21:51:42,951][src.modRNN.training.alignment][INFO] -   align eprop @ epoch 1351: cos {'ALIFCell_0.input_weights': '0.995', 'ALIFCell_0.recurrent_weights': '0.959', 'ReadOut_0.readout_weights': '0.000'}
[2026-06-02 21:51:43,262][src.modRNN.training.alignment][INFO] -   align diffusion_aligned @ epoch 1351: cos {'ALIFCell_0.input_weights': '1.014', 'ALIFCell_0.recurrent_weights': '0.980', 'ReadOut_0.readout_weights': '0.000'}
[2026-06-02 21:51:43,724][src.modRNN.training.alignment][INFO] -   align diffusion_per_step @ epoch 1351: cos {'ALIFCell_0.input_weights': '0.992', 'ALIFCell_0.recurrent_weights': '0.957', 'ReadOut_0.readout_weights': '0.000'}
[2026-06-02 21:51:44,035][src.modRNN.training.alignment][INFO] -   align diffusion_fixed @ epoch 1351: cos {'ALIFCell_0.input_weights': '0.930', 'ALIFCell_0.recurrent_weights': '0.915', 'ReadOut_0.readout_weights': '0.000'}
[2026-06-02 21:51:51,623][src.modRNN.training.alignment][INFO] - epoch 1375  train loss=0.0179  (rule: diffusion)
[2026-06-02 21:51:59,531][src.modRNN.training.alignment][INFO] - epoch 1400  train loss=0.0124  (rule: diffusion)
[2026-06-02 21:52:00,049][src.modRNN.training.alignment][INFO] -   align BPTT @ epoch 1401: cos {'ALIFCell_0.input_weights': '0.000', 'ALIFCell_0.recurrent_weights': '0.000', 'ReadOut_0.readout_weights': '0.000'}
[2026-06-02 21:52:00,317][src.modRNN.training.alignment][INFO] -   align eprop @ epoch 1401: cos {'ALIFCell_0.input_weights': '1.174', 'ALIFCell_0.recurrent_weights': '1.183', 'ReadOut_0.readout_weights': '0.000'}
[2026-06-02 21:52:00,628][src.modRNN.training.alignment][INFO] -   align diffusion_aligned @ epoch 1401: cos {'ALIFCell_0.input_weights': '1.202', 'ALIFCell_0.recurrent_weights': '1.253', 'ReadOut_0.readout_weights': '0.000'}
[2026-06-02 21:52:01,090][src.modRNN.training.alignment][INFO] -   align diffusion_per_step @ epoch 1401: cos {'ALIFCell_0.input_weights': '1.175', 'ALIFCell_0.recurrent_weights': '1.179', 'ReadOut_0.readout_weights': '0.000'}
[2026-06-02 21:52:01,402][src.modRNN.training.alignment][INFO] -   align diffusion_fixed @ epoch 1401: cos {'ALIFCell_0.input_weights': '1.105', 'ALIFCell_0.recurrent_weights': '1.097', 'ReadOut_0.readout_weights': '0.000'}
[2026-06-02 21:52:09,053][src.modRNN.training.alignment][INFO] - epoch 1425  train loss=0.0142  (rule: diffusion)
[2026-06-02 21:52:17,029][src.modRNN.training.alignment][INFO] - epoch 1450  train loss=0.0103  (rule: diffusion)
[2026-06-02 21:52:17,556][src.modRNN.training.alignment][INFO] -   align BPTT @ epoch 1451: cos {'ALIFCell_0.input_weights': '0.000', 'ALIFCell_0.recurrent_weights': '0.000', 'ReadOut_0.readout_weights': '0.000'}
[2026-06-02 21:52:17,826][src.modRNN.training.alignment][INFO] -   align eprop @ epoch 1451: cos {'ALIFCell_0.input_weights': '0.987', 'ALIFCell_0.recurrent_weights': '0.955', 'ReadOut_0.readout_weights': '0.000'}
[2026-06-02 21:52:18,138][src.modRNN.training.alignment][INFO] -   align diffusion_aligned @ epoch 1451: cos {'ALIFCell_0.input_weights': '1.008', 'ALIFCell_0.recurrent_weights': '0.970', 'ReadOut_0.readout_weights': '0.000'}
[2026-06-02 21:52:18,602][src.modRNN.training.alignment][INFO] -   align diffusion_per_step @ epoch 1451: cos {'ALIFCell_0.input_weights': '0.984', 'ALIFCell_0.recurrent_weights': '0.952', 'ReadOut_0.readout_weights': '0.000'}
[2026-06-02 21:52:18,915][src.modRNN.training.alignment][INFO] -   align diffusion_fixed @ epoch 1451: cos {'ALIFCell_0.input_weights': '0.927', 'ALIFCell_0.recurrent_weights': '0.914', 'ReadOut_0.readout_weights': '0.000'}
[2026-06-02 21:52:26,576][src.modRNN.training.alignment][INFO] - epoch 1475  train loss=0.0108  (rule: diffusion)
[2026-06-02 21:52:34,527][src.modRNN.training.alignment][INFO] - epoch 1500  train loss=0.0112  (rule: diffusion)
[2026-06-02 21:52:35,046][src.modRNN.training.alignment][INFO] -   align BPTT @ epoch 1501: cos {'ALIFCell_0.input_weights': '0.000', 'ALIFCell_0.recurrent_weights': '0.000', 'ReadOut_0.readout_weights': '0.000'}
[2026-06-02 21:52:35,314][src.modRNN.training.alignment][INFO] -   align eprop @ epoch 1501: cos {'ALIFCell_0.input_weights': '0.999', 'ALIFCell_0.recurrent_weights': '0.955', 'ReadOut_0.readout_weights': '0.000'}
[2026-06-02 21:52:35,626][src.modRNN.training.alignment][INFO] -   align diffusion_aligned @ epoch 1501: cos {'ALIFCell_0.input_weights': '1.020', 'ALIFCell_0.recurrent_weights': '0.973', 'ReadOut_0.readout_weights': '0.000'}
[2026-06-02 21:52:36,089][src.modRNN.training.alignment][INFO] -   align diffusion_per_step @ epoch 1501: cos {'ALIFCell_0.input_weights': '0.997', 'ALIFCell_0.recurrent_weights': '0.952', 'ReadOut_0.readout_weights': '0.000'}
[2026-06-02 21:52:36,400][src.modRNN.training.alignment][INFO] -   align diffusion_fixed @ epoch 1501: cos {'ALIFCell_0.input_weights': '0.937', 'ALIFCell_0.recurrent_weights': '0.916', 'ReadOut_0.readout_weights': '0.000'}
[2026-06-02 21:52:43,984][src.modRNN.training.alignment][INFO] - epoch 1525  train loss=0.0194  (rule: diffusion)
[2026-06-02 21:52:51,889][src.modRNN.training.alignment][INFO] - epoch 1550  train loss=0.0148  (rule: diffusion)
[2026-06-02 21:52:52,407][src.modRNN.training.alignment][INFO] -   align BPTT @ epoch 1551: cos {'ALIFCell_0.input_weights': '0.000', 'ALIFCell_0.recurrent_weights': '0.000', 'ReadOut_0.readout_weights': '0.000'}
[2026-06-02 21:52:52,675][src.modRNN.training.alignment][INFO] -   align eprop @ epoch 1551: cos {'ALIFCell_0.input_weights': '0.988', 'ALIFCell_0.recurrent_weights': '0.953', 'ReadOut_0.readout_weights': '0.000'}
[2026-06-02 21:52:52,986][src.modRNN.training.alignment][INFO] -   align diffusion_aligned @ epoch 1551: cos {'ALIFCell_0.input_weights': '1.019', 'ALIFCell_0.recurrent_weights': '0.975', 'ReadOut_0.readout_weights': '0.000'}
[2026-06-02 21:52:53,447][src.modRNN.training.alignment][INFO] -   align diffusion_per_step @ epoch 1551: cos {'ALIFCell_0.input_weights': '0.985', 'ALIFCell_0.recurrent_weights': '0.950', 'ReadOut_0.readout_weights': '0.000'}
[2026-06-02 21:52:53,758][src.modRNN.training.alignment][INFO] -   align diffusion_fixed @ epoch 1551: cos {'ALIFCell_0.input_weights': '0.928', 'ALIFCell_0.recurrent_weights': '0.914', 'ReadOut_0.readout_weights': '0.000'}
[2026-06-02 21:53:01,344][src.modRNN.training.alignment][INFO] - epoch 1575  train loss=0.0095  (rule: diffusion)
[2026-06-02 21:53:09,369][src.modRNN.training.alignment][INFO] - epoch 1600  train loss=0.0100  (rule: diffusion)
[2026-06-02 21:53:09,895][src.modRNN.training.alignment][INFO] -   align BPTT @ epoch 1601: cos {'ALIFCell_0.input_weights': '0.000', 'ALIFCell_0.recurrent_weights': '0.000', 'ReadOut_0.readout_weights': '0.000'}
[2026-06-02 21:53:10,165][src.modRNN.training.alignment][INFO] -   align eprop @ epoch 1601: cos {'ALIFCell_0.input_weights': '1.000', 'ALIFCell_0.recurrent_weights': '0.958', 'ReadOut_0.readout_weights': '0.000'}
[2026-06-02 21:53:10,477][src.modRNN.training.alignment][INFO] -   align diffusion_aligned @ epoch 1601: cos {'ALIFCell_0.input_weights': '1.024', 'ALIFCell_0.recurrent_weights': '0.978', 'ReadOut_0.readout_weights': '0.000'}
[2026-06-02 21:53:10,941][src.modRNN.training.alignment][INFO] -   align diffusion_per_step @ epoch 1601: cos {'ALIFCell_0.input_weights': '0.997', 'ALIFCell_0.recurrent_weights': '0.955', 'ReadOut_0.readout_weights': '0.000'}
[2026-06-02 21:53:11,254][src.modRNN.training.alignment][INFO] -   align diffusion_fixed @ epoch 1601: cos {'ALIFCell_0.input_weights': '0.941', 'ALIFCell_0.recurrent_weights': '0.919', 'ReadOut_0.readout_weights': '0.000'}
[2026-06-02 21:53:18,922][src.modRNN.training.alignment][INFO] - epoch 1625  train loss=0.0121  (rule: diffusion)
[2026-06-02 21:53:26,906][src.modRNN.training.alignment][INFO] - epoch 1650  train loss=0.0152  (rule: diffusion)
[2026-06-02 21:53:27,436][src.modRNN.training.alignment][INFO] -   align BPTT @ epoch 1651: cos {'ALIFCell_0.input_weights': '0.000', 'ALIFCell_0.recurrent_weights': '0.000', 'ReadOut_0.readout_weights': '0.000'}
[2026-06-02 21:53:27,707][src.modRNN.training.alignment][INFO] -   align eprop @ epoch 1651: cos {'ALIFCell_0.input_weights': '1.205', 'ALIFCell_0.recurrent_weights': '1.133', 'ReadOut_0.readout_weights': '0.000'}
[2026-06-02 21:53:28,021][src.modRNN.training.alignment][INFO] -   align diffusion_aligned @ epoch 1651: cos {'ALIFCell_0.input_weights': '1.234', 'ALIFCell_0.recurrent_weights': '1.184', 'ReadOut_0.readout_weights': '0.000'}
[2026-06-02 21:53:28,485][src.modRNN.training.alignment][INFO] -   align diffusion_per_step @ epoch 1651: cos {'ALIFCell_0.input_weights': '1.201', 'ALIFCell_0.recurrent_weights': '1.127', 'ReadOut_0.readout_weights': '0.000'}
[2026-06-02 21:53:28,798][src.modRNN.training.alignment][INFO] -   align diffusion_fixed @ epoch 1651: cos {'ALIFCell_0.input_weights': '1.127', 'ALIFCell_0.recurrent_weights': '1.079', 'ReadOut_0.readout_weights': '0.000'}
[2026-06-02 21:53:36,415][src.modRNN.training.alignment][INFO] - epoch 1675  train loss=0.0109  (rule: diffusion)
[2026-06-02 21:53:44,331][src.modRNN.training.alignment][INFO] - epoch 1700  train loss=0.0139  (rule: diffusion)
[2026-06-02 21:53:44,852][src.modRNN.training.alignment][INFO] -   align BPTT @ epoch 1701: cos {'ALIFCell_0.input_weights': '0.000', 'ALIFCell_0.recurrent_weights': '0.000', 'ReadOut_0.readout_weights': '0.000'}
[2026-06-02 21:53:45,120][src.modRNN.training.alignment][INFO] -   align eprop @ epoch 1701: cos {'ALIFCell_0.input_weights': '0.962', 'ALIFCell_0.recurrent_weights': '0.940', 'ReadOut_0.readout_weights': '0.000'}
[2026-06-02 21:53:45,431][src.modRNN.training.alignment][INFO] -   align diffusion_aligned @ epoch 1701: cos {'ALIFCell_0.input_weights': '0.991', 'ALIFCell_0.recurrent_weights': '0.969', 'ReadOut_0.readout_weights': '0.000'}
[2026-06-02 21:53:45,893][src.modRNN.training.alignment][INFO] -   align diffusion_per_step @ epoch 1701: cos {'ALIFCell_0.input_weights': '0.960', 'ALIFCell_0.recurrent_weights': '0.938', 'ReadOut_0.readout_weights': '0.000'}
[2026-06-02 21:53:46,204][src.modRNN.training.alignment][INFO] -   align diffusion_fixed @ epoch 1701: cos {'ALIFCell_0.input_weights': '0.905', 'ALIFCell_0.recurrent_weights': '0.904', 'ReadOut_0.readout_weights': '0.000'}
[2026-06-02 21:53:53,789][src.modRNN.training.alignment][INFO] - epoch 1725  train loss=0.0079  (rule: diffusion)
[2026-06-02 21:54:01,703][src.modRNN.training.alignment][INFO] - epoch 1750  train loss=0.0140  (rule: diffusion)
[2026-06-02 21:54:02,230][src.modRNN.training.alignment][INFO] -   align BPTT @ epoch 1751: cos {'ALIFCell_0.input_weights': '0.000', 'ALIFCell_0.recurrent_weights': '0.000', 'ReadOut_0.readout_weights': '0.000'}
[2026-06-02 21:54:02,500][src.modRNN.training.alignment][INFO] -   align eprop @ epoch 1751: cos {'ALIFCell_0.input_weights': '1.097', 'ALIFCell_0.recurrent_weights': '1.096', 'ReadOut_0.readout_weights': '0.000'}
[2026-06-02 21:54:02,813][src.modRNN.training.alignment][INFO] -   align diffusion_aligned @ epoch 1751: cos {'ALIFCell_0.input_weights': '1.114', 'ALIFCell_0.recurrent_weights': '1.132', 'ReadOut_0.readout_weights': '0.000'}
[2026-06-02 21:54:03,277][src.modRNN.training.alignment][INFO] -   align diffusion_per_step @ epoch 1751: cos {'ALIFCell_0.input_weights': '1.098', 'ALIFCell_0.recurrent_weights': '1.097', 'ReadOut_0.readout_weights': '0.000'}
[2026-06-02 21:54:03,591][src.modRNN.training.alignment][INFO] -   align diffusion_fixed @ epoch 1751: cos {'ALIFCell_0.input_weights': '1.032', 'ALIFCell_0.recurrent_weights': '1.034', 'ReadOut_0.readout_weights': '0.000'}
[2026-06-02 21:54:11,245][src.modRNN.training.alignment][INFO] - epoch 1775  train loss=0.0075  (rule: diffusion)
[2026-06-02 21:54:19,220][src.modRNN.training.alignment][INFO] - epoch 1800  train loss=0.0099  (rule: diffusion)
[2026-06-02 21:54:19,746][src.modRNN.training.alignment][INFO] -   align BPTT @ epoch 1801: cos {'ALIFCell_0.input_weights': '0.000', 'ALIFCell_0.recurrent_weights': '0.000', 'ReadOut_0.readout_weights': '0.000'}
[2026-06-02 21:54:20,017][src.modRNN.training.alignment][INFO] -   align eprop @ epoch 1801: cos {'ALIFCell_0.input_weights': '1.022', 'ALIFCell_0.recurrent_weights': '1.019', 'ReadOut_0.readout_weights': '0.000'}
[2026-06-02 21:54:20,330][src.modRNN.training.alignment][INFO] -   align diffusion_aligned @ epoch 1801: cos {'ALIFCell_0.input_weights': '1.010', 'ALIFCell_0.recurrent_weights': '0.997', 'ReadOut_0.readout_weights': '0.000'}
[2026-06-02 21:54:20,794][src.modRNN.training.alignment][INFO] -   align diffusion_per_step @ epoch 1801: cos {'ALIFCell_0.input_weights': '1.022', 'ALIFCell_0.recurrent_weights': '1.019', 'ReadOut_0.readout_weights': '0.000'}
[2026-06-02 21:54:21,107][src.modRNN.training.alignment][INFO] -   align diffusion_fixed @ epoch 1801: cos {'ALIFCell_0.input_weights': '0.961', 'ALIFCell_0.recurrent_weights': '0.971', 'ReadOut_0.readout_weights': '0.000'}
[2026-06-02 21:54:28,757][src.modRNN.training.alignment][INFO] - epoch 1825  train loss=0.0083  (rule: diffusion)
[2026-06-02 21:54:36,682][src.modRNN.training.alignment][INFO] - epoch 1850  train loss=0.0099  (rule: diffusion)
[2026-06-02 21:54:37,201][src.modRNN.training.alignment][INFO] -   align BPTT @ epoch 1851: cos {'ALIFCell_0.input_weights': '0.000', 'ALIFCell_0.recurrent_weights': '0.000', 'ReadOut_0.readout_weights': '0.000'}
[2026-06-02 21:54:37,468][src.modRNN.training.alignment][INFO] -   align eprop @ epoch 1851: cos {'ALIFCell_0.input_weights': '0.972', 'ALIFCell_0.recurrent_weights': '0.961', 'ReadOut_0.readout_weights': '0.000'}
[2026-06-02 21:54:37,779][src.modRNN.training.alignment][INFO] -   align diffusion_aligned @ epoch 1851: cos {'ALIFCell_0.input_weights': '0.986', 'ALIFCell_0.recurrent_weights': '0.971', 'ReadOut_0.readout_weights': '0.000'}
[2026-06-02 21:54:38,240][src.modRNN.training.alignment][INFO] -   align diffusion_per_step @ epoch 1851: cos {'ALIFCell_0.input_weights': '0.969', 'ALIFCell_0.recurrent_weights': '0.959', 'ReadOut_0.readout_weights': '0.000'}
[2026-06-02 21:54:38,552][src.modRNN.training.alignment][INFO] -   align diffusion_fixed @ epoch 1851: cos {'ALIFCell_0.input_weights': '0.914', 'ALIFCell_0.recurrent_weights': '0.921', 'ReadOut_0.readout_weights': '0.000'}
[2026-06-02 21:54:46,137][src.modRNN.training.alignment][INFO] - epoch 1875  train loss=0.0080  (rule: diffusion)
[2026-06-02 21:54:54,039][src.modRNN.training.alignment][INFO] - epoch 1900  train loss=0.0123  (rule: diffusion)
[2026-06-02 21:54:54,559][src.modRNN.training.alignment][INFO] -   align BPTT @ epoch 1901: cos {'ALIFCell_0.input_weights': '0.000', 'ALIFCell_0.recurrent_weights': '0.000', 'ReadOut_0.readout_weights': '0.000'}
[2026-06-02 21:54:54,826][src.modRNN.training.alignment][INFO] -   align eprop @ epoch 1901: cos {'ALIFCell_0.input_weights': '0.988', 'ALIFCell_0.recurrent_weights': '0.999', 'ReadOut_0.readout_weights': '0.000'}
[2026-06-02 21:54:55,136][src.modRNN.training.alignment][INFO] -   align diffusion_aligned @ epoch 1901: cos {'ALIFCell_0.input_weights': '1.003', 'ALIFCell_0.recurrent_weights': '1.013', 'ReadOut_0.readout_weights': '0.000'}
[2026-06-02 21:54:55,598][src.modRNN.training.alignment][INFO] -   align diffusion_per_step @ epoch 1901: cos {'ALIFCell_0.input_weights': '0.987', 'ALIFCell_0.recurrent_weights': '0.998', 'ReadOut_0.readout_weights': '0.000'}
[2026-06-02 21:54:55,910][src.modRNN.training.alignment][INFO] -   align diffusion_fixed @ epoch 1901: cos {'ALIFCell_0.input_weights': '0.925', 'ALIFCell_0.recurrent_weights': '0.952', 'ReadOut_0.readout_weights': '0.000'}
[2026-06-02 21:55:03,544][src.modRNN.training.alignment][INFO] - epoch 1925  train loss=0.0074  (rule: diffusion)
[2026-06-02 21:55:11,531][src.modRNN.training.alignment][INFO] - epoch 1950  train loss=0.0069  (rule: diffusion)
[2026-06-02 21:55:12,057][src.modRNN.training.alignment][INFO] -   align BPTT @ epoch 1951: cos {'ALIFCell_0.input_weights': '0.000', 'ALIFCell_0.recurrent_weights': '0.000', 'ReadOut_0.readout_weights': '0.000'}
[2026-06-02 21:55:12,328][src.modRNN.training.alignment][INFO] -   align eprop @ epoch 1951: cos {'ALIFCell_0.input_weights': '1.002', 'ALIFCell_0.recurrent_weights': '1.000', 'ReadOut_0.readout_weights': '0.000'}
[2026-06-02 21:55:12,642][src.modRNN.training.alignment][INFO] -   align diffusion_aligned @ epoch 1951: cos {'ALIFCell_0.input_weights': '1.004', 'ALIFCell_0.recurrent_weights': '0.999', 'ReadOut_0.readout_weights': '0.000'}
[2026-06-02 21:55:13,105][src.modRNN.training.alignment][INFO] -   align diffusion_per_step @ epoch 1951: cos {'ALIFCell_0.input_weights': '0.998', 'ALIFCell_0.recurrent_weights': '0.998', 'ReadOut_0.readout_weights': '0.000'}
[2026-06-02 21:55:13,418][src.modRNN.training.alignment][INFO] -   align diffusion_fixed @ epoch 1951: cos {'ALIFCell_0.input_weights': '0.944', 'ALIFCell_0.recurrent_weights': '0.963', 'ReadOut_0.readout_weights': '0.000'}
[2026-06-02 21:55:21,076][src.modRNN.training.alignment][INFO] - epoch 1975  train loss=0.0066  (rule: diffusion)
[2026-06-02 21:55:29,045][src.modRNN.training.alignment][INFO] - epoch 2000  train loss=0.0091  (rule: diffusion)
[2026-06-02 21:55:29,571][src.modRNN.training.alignment][INFO] -   align BPTT @ epoch 2001: cos {'ALIFCell_0.input_weights': '0.000', 'ALIFCell_0.recurrent_weights': '0.000', 'ReadOut_0.readout_weights': '0.000'}
[2026-06-02 21:55:29,842][src.modRNN.training.alignment][INFO] -   align eprop @ epoch 2001: cos {'ALIFCell_0.input_weights': '1.000', 'ALIFCell_0.recurrent_weights': '0.984', 'ReadOut_0.readout_weights': '0.000'}
[2026-06-02 21:55:30,154][src.modRNN.training.alignment][INFO] -   align diffusion_aligned @ epoch 2001: cos {'ALIFCell_0.input_weights': '0.998', 'ALIFCell_0.recurrent_weights': '0.997', 'ReadOut_0.readout_weights': '0.000'}
[2026-06-02 21:55:30,618][src.modRNN.training.alignment][INFO] -   align diffusion_per_step @ epoch 2001: cos {'ALIFCell_0.input_weights': '0.999', 'ALIFCell_0.recurrent_weights': '0.983', 'ReadOut_0.readout_weights': '0.000'}
[2026-06-02 21:55:30,931][src.modRNN.training.alignment][INFO] -   align diffusion_fixed @ epoch 2001: cos {'ALIFCell_0.input_weights': '0.933', 'ALIFCell_0.recurrent_weights': '0.931', 'ReadOut_0.readout_weights': '0.000'}
[2026-06-02 21:55:30,960][src.modRNN.training.alignment][INFO] - Alignment experiment finished. Output dir: /mnt/lustre/work/martius/mot736/neuromodRNN/outputs/pattern_generation/align_nn_connectivity_diffusion_fixed/seed_86134
