[2026-05-20 16:29:08,889][jax._src.xla_bridge][INFO] - Unable to initialize backend 'rocm': module 'jaxlib.xla_extension' has no attribute 'GpuAllocatorConfig'
[2026-05-20 16:29:08,897][jax._src.xla_bridge][INFO] - Unable to initialize backend 'tpu': INTERNAL: Failed to open libtpu.so: libtpu.so: cannot open shared object file: No such file or directory
[2026-05-20 16:29:19,054][src.modRNN.training.alignment][INFO] - Starting alignment experiment: training with diffusion, measuring alignment of ['BPTT', 'eprop', 'diffusion_aligned', 'diffusion_per_step', 'diffusion_fixed'] every 50 epochs.
[2026-05-20 16:29:23,745][src.modRNN.training.alignment][INFO] - epoch 1  train loss=0.6931  (rule: diffusion)
[2026-05-20 16:29:25,781][src.modRNN.training.alignment][INFO] -   align BPTT @ epoch 1: cos {'ALIFCell_0.input_weights': '0.000', 'ALIFCell_0.recurrent_weights': '0.000', 'ReadOut_0.readout_weights': '0.000'}
[2026-05-20 16:29:27,138][src.modRNN.training.alignment][INFO] -   align eprop @ epoch 1: cos {'ALIFCell_0.input_weights': '0.196', 'ALIFCell_0.recurrent_weights': '0.387', 'ReadOut_0.readout_weights': '0.000'}
[2026-05-20 16:29:28,743][src.modRNN.training.alignment][INFO] -   align diffusion_aligned @ epoch 1: cos {'ALIFCell_0.input_weights': '0.389', 'ALIFCell_0.recurrent_weights': '0.583', 'ReadOut_0.readout_weights': '0.000'}
[2026-05-20 16:29:32,334][src.modRNN.training.alignment][INFO] -   align diffusion_per_step @ epoch 1: cos {'ALIFCell_0.input_weights': '0.259', 'ALIFCell_0.recurrent_weights': '0.421', 'ReadOut_0.readout_weights': '0.000'}
[2026-05-20 16:29:33,963][src.modRNN.training.alignment][INFO] -   align diffusion_fixed @ epoch 1: cos {'ALIFCell_0.input_weights': '0.411', 'ALIFCell_0.recurrent_weights': '0.620', 'ReadOut_0.readout_weights': '0.000'}
[2026-05-20 16:29:51,460][src.modRNN.training.alignment][INFO] - epoch 25  train loss=0.6932  (rule: diffusion)
[2026-05-20 16:30:09,738][src.modRNN.training.alignment][INFO] - epoch 50  train loss=0.6932  (rule: diffusion)
[2026-05-20 16:30:11,221][src.modRNN.training.alignment][INFO] -   align BPTT @ epoch 51: cos {'ALIFCell_0.input_weights': '0.000', 'ALIFCell_0.recurrent_weights': '0.000', 'ReadOut_0.readout_weights': '0.000'}
[2026-05-20 16:30:11,771][src.modRNN.training.alignment][INFO] -   align eprop @ epoch 51: cos {'ALIFCell_0.input_weights': '0.425', 'ALIFCell_0.recurrent_weights': '0.565', 'ReadOut_0.readout_weights': '0.000'}
[2026-05-20 16:30:12,458][src.modRNN.training.alignment][INFO] -   align diffusion_aligned @ epoch 51: cos {'ALIFCell_0.input_weights': '0.474', 'ALIFCell_0.recurrent_weights': '0.593', 'ReadOut_0.readout_weights': '0.000'}
[2026-05-20 16:30:13,607][src.modRNN.training.alignment][INFO] -   align diffusion_per_step @ epoch 51: cos {'ALIFCell_0.input_weights': '0.494', 'ALIFCell_0.recurrent_weights': '0.622', 'ReadOut_0.readout_weights': '0.000'}
[2026-05-20 16:30:14,280][src.modRNN.training.alignment][INFO] -   align diffusion_fixed @ epoch 51: cos {'ALIFCell_0.input_weights': '0.562', 'ALIFCell_0.recurrent_weights': '0.672', 'ReadOut_0.readout_weights': '0.000'}
[2026-05-20 16:30:31,846][src.modRNN.training.alignment][INFO] - epoch 75  train loss=0.6931  (rule: diffusion)
[2026-05-20 16:30:50,243][src.modRNN.training.alignment][INFO] - epoch 100  train loss=0.6931  (rule: diffusion)
[2026-05-20 16:30:51,738][src.modRNN.training.alignment][INFO] -   align BPTT @ epoch 101: cos {'ALIFCell_0.input_weights': '0.000', 'ALIFCell_0.recurrent_weights': '0.000', 'ReadOut_0.readout_weights': '0.000'}
[2026-05-20 16:30:52,290][src.modRNN.training.alignment][INFO] -   align eprop @ epoch 101: cos {'ALIFCell_0.input_weights': '1.115', 'ALIFCell_0.recurrent_weights': '0.732', 'ReadOut_0.readout_weights': '0.000'}
[2026-05-20 16:30:52,978][src.modRNN.training.alignment][INFO] -   align diffusion_aligned @ epoch 101: cos {'ALIFCell_0.input_weights': '1.077', 'ALIFCell_0.recurrent_weights': '0.892', 'ReadOut_0.readout_weights': '0.000'}
[2026-05-20 16:30:54,132][src.modRNN.training.alignment][INFO] -   align diffusion_per_step @ epoch 101: cos {'ALIFCell_0.input_weights': '1.136', 'ALIFCell_0.recurrent_weights': '0.846', 'ReadOut_0.readout_weights': '0.000'}
[2026-05-20 16:30:54,806][src.modRNN.training.alignment][INFO] -   align diffusion_fixed @ epoch 101: cos {'ALIFCell_0.input_weights': '1.164', 'ALIFCell_0.recurrent_weights': '0.952', 'ReadOut_0.readout_weights': '0.000'}
[2026-05-20 16:31:12,475][src.modRNN.training.alignment][INFO] - epoch 125  train loss=0.6931  (rule: diffusion)
[2026-05-20 16:31:30,939][src.modRNN.training.alignment][INFO] - epoch 150  train loss=0.6931  (rule: diffusion)
[2026-05-20 16:31:32,427][src.modRNN.training.alignment][INFO] -   align BPTT @ epoch 151: cos {'ALIFCell_0.input_weights': '0.000', 'ALIFCell_0.recurrent_weights': '0.000', 'ReadOut_0.readout_weights': '0.000'}
[2026-05-20 16:31:32,980][src.modRNN.training.alignment][INFO] -   align eprop @ epoch 151: cos {'ALIFCell_0.input_weights': '1.211', 'ALIFCell_0.recurrent_weights': '1.304', 'ReadOut_0.readout_weights': '0.000'}
[2026-05-20 16:31:33,669][src.modRNN.training.alignment][INFO] -   align diffusion_aligned @ epoch 151: cos {'ALIFCell_0.input_weights': '1.157', 'ALIFCell_0.recurrent_weights': '1.215', 'ReadOut_0.readout_weights': '0.000'}
[2026-05-20 16:31:34,823][src.modRNN.training.alignment][INFO] -   align diffusion_per_step @ epoch 151: cos {'ALIFCell_0.input_weights': '1.273', 'ALIFCell_0.recurrent_weights': '1.406', 'ReadOut_0.readout_weights': '0.000'}
[2026-05-20 16:31:35,497][src.modRNN.training.alignment][INFO] -   align diffusion_fixed @ epoch 151: cos {'ALIFCell_0.input_weights': '1.263', 'ALIFCell_0.recurrent_weights': '1.400', 'ReadOut_0.readout_weights': '0.000'}
[2026-05-20 16:31:53,104][src.modRNN.training.alignment][INFO] - epoch 175  train loss=0.6804  (rule: diffusion)
[2026-05-20 16:32:11,545][src.modRNN.training.alignment][INFO] - epoch 200  train loss=0.6092  (rule: diffusion)
[2026-05-20 16:32:13,034][src.modRNN.training.alignment][INFO] -   align BPTT @ epoch 201: cos {'ALIFCell_0.input_weights': '0.000', 'ALIFCell_0.recurrent_weights': '0.000', 'ReadOut_0.readout_weights': '0.000'}
[2026-05-20 16:32:13,585][src.modRNN.training.alignment][INFO] -   align eprop @ epoch 201: cos {'ALIFCell_0.input_weights': '1.322', 'ALIFCell_0.recurrent_weights': '0.973', 'ReadOut_0.readout_weights': '0.000'}
[2026-05-20 16:32:14,273][src.modRNN.training.alignment][INFO] -   align diffusion_aligned @ epoch 201: cos {'ALIFCell_0.input_weights': '1.241', 'ALIFCell_0.recurrent_weights': '0.921', 'ReadOut_0.readout_weights': '0.000'}
[2026-05-20 16:32:15,427][src.modRNN.training.alignment][INFO] -   align diffusion_per_step @ epoch 201: cos {'ALIFCell_0.input_weights': '1.292', 'ALIFCell_0.recurrent_weights': '0.932', 'ReadOut_0.readout_weights': '0.000'}
[2026-05-20 16:32:16,107][src.modRNN.training.alignment][INFO] -   align diffusion_fixed @ epoch 201: cos {'ALIFCell_0.input_weights': '1.299', 'ALIFCell_0.recurrent_weights': '0.937', 'ReadOut_0.readout_weights': '0.000'}
[2026-05-20 16:32:33,784][src.modRNN.training.alignment][INFO] - epoch 225  train loss=0.5287  (rule: diffusion)
[2026-05-20 16:32:52,179][src.modRNN.training.alignment][INFO] - epoch 250  train loss=0.4481  (rule: diffusion)
[2026-05-20 16:32:53,666][src.modRNN.training.alignment][INFO] -   align BPTT @ epoch 251: cos {'ALIFCell_0.input_weights': '0.000', 'ALIFCell_0.recurrent_weights': '0.000', 'ReadOut_0.readout_weights': '0.000'}
[2026-05-20 16:32:54,219][src.modRNN.training.alignment][INFO] -   align eprop @ epoch 251: cos {'ALIFCell_0.input_weights': '1.184', 'ALIFCell_0.recurrent_weights': '1.134', 'ReadOut_0.readout_weights': '0.000'}
[2026-05-20 16:32:54,908][src.modRNN.training.alignment][INFO] -   align diffusion_aligned @ epoch 251: cos {'ALIFCell_0.input_weights': '1.110', 'ALIFCell_0.recurrent_weights': '1.055', 'ReadOut_0.readout_weights': '0.000'}
[2026-05-20 16:32:56,063][src.modRNN.training.alignment][INFO] -   align diffusion_per_step @ epoch 251: cos {'ALIFCell_0.input_weights': '1.163', 'ALIFCell_0.recurrent_weights': '1.252', 'ReadOut_0.readout_weights': '0.000'}
[2026-05-20 16:32:56,738][src.modRNN.training.alignment][INFO] -   align diffusion_fixed @ epoch 251: cos {'ALIFCell_0.input_weights': '1.176', 'ALIFCell_0.recurrent_weights': '1.226', 'ReadOut_0.readout_weights': '0.000'}
[2026-05-20 16:33:14,362][src.modRNN.training.alignment][INFO] - epoch 275  train loss=0.4702  (rule: diffusion)
[2026-05-20 16:33:32,734][src.modRNN.training.alignment][INFO] - epoch 300  train loss=0.4808  (rule: diffusion)
[2026-05-20 16:33:34,218][src.modRNN.training.alignment][INFO] -   align BPTT @ epoch 301: cos {'ALIFCell_0.input_weights': '0.000', 'ALIFCell_0.recurrent_weights': '0.000', 'ReadOut_0.readout_weights': '0.000'}
[2026-05-20 16:33:34,770][src.modRNN.training.alignment][INFO] -   align eprop @ epoch 301: cos {'ALIFCell_0.input_weights': '1.148', 'ALIFCell_0.recurrent_weights': '0.922', 'ReadOut_0.readout_weights': '0.000'}
[2026-05-20 16:33:35,459][src.modRNN.training.alignment][INFO] -   align diffusion_aligned @ epoch 301: cos {'ALIFCell_0.input_weights': '1.013', 'ALIFCell_0.recurrent_weights': '0.913', 'ReadOut_0.readout_weights': '0.000'}
[2026-05-20 16:33:36,617][src.modRNN.training.alignment][INFO] -   align diffusion_per_step @ epoch 301: cos {'ALIFCell_0.input_weights': '1.071', 'ALIFCell_0.recurrent_weights': '0.904', 'ReadOut_0.readout_weights': '0.000'}
[2026-05-20 16:33:37,293][src.modRNN.training.alignment][INFO] -   align diffusion_fixed @ epoch 301: cos {'ALIFCell_0.input_weights': '1.089', 'ALIFCell_0.recurrent_weights': '0.936', 'ReadOut_0.readout_weights': '0.000'}
[2026-05-20 16:33:54,884][src.modRNN.training.alignment][INFO] - epoch 325  train loss=0.4029  (rule: diffusion)
[2026-05-20 16:34:13,277][src.modRNN.training.alignment][INFO] - epoch 350  train loss=0.3361  (rule: diffusion)
[2026-05-20 16:34:14,774][src.modRNN.training.alignment][INFO] -   align BPTT @ epoch 351: cos {'ALIFCell_0.input_weights': '0.000', 'ALIFCell_0.recurrent_weights': '0.000', 'ReadOut_0.readout_weights': '0.000'}
[2026-05-20 16:34:15,330][src.modRNN.training.alignment][INFO] -   align eprop @ epoch 351: cos {'ALIFCell_0.input_weights': '1.132', 'ALIFCell_0.recurrent_weights': '1.285', 'ReadOut_0.readout_weights': '0.000'}
[2026-05-20 16:34:16,022][src.modRNN.training.alignment][INFO] -   align diffusion_aligned @ epoch 351: cos {'ALIFCell_0.input_weights': '1.089', 'ALIFCell_0.recurrent_weights': '1.237', 'ReadOut_0.readout_weights': '0.000'}
[2026-05-20 16:34:17,187][src.modRNN.training.alignment][INFO] -   align diffusion_per_step @ epoch 351: cos {'ALIFCell_0.input_weights': '1.136', 'ALIFCell_0.recurrent_weights': '1.336', 'ReadOut_0.readout_weights': '0.000'}
[2026-05-20 16:34:17,864][src.modRNN.training.alignment][INFO] -   align diffusion_fixed @ epoch 351: cos {'ALIFCell_0.input_weights': '1.184', 'ALIFCell_0.recurrent_weights': '1.317', 'ReadOut_0.readout_weights': '0.000'}
[2026-05-20 16:34:35,619][src.modRNN.training.alignment][INFO] - epoch 375  train loss=0.6742  (rule: diffusion)
[2026-05-20 16:34:54,061][src.modRNN.training.alignment][INFO] - epoch 400  train loss=0.5663  (rule: diffusion)
[2026-05-20 16:34:55,557][src.modRNN.training.alignment][INFO] -   align BPTT @ epoch 401: cos {'ALIFCell_0.input_weights': '0.000', 'ALIFCell_0.recurrent_weights': '0.000', 'ReadOut_0.readout_weights': '0.000'}
[2026-05-20 16:34:56,113][src.modRNN.training.alignment][INFO] -   align eprop @ epoch 401: cos {'ALIFCell_0.input_weights': '1.158', 'ALIFCell_0.recurrent_weights': '1.046', 'ReadOut_0.readout_weights': '0.000'}
[2026-05-20 16:34:56,808][src.modRNN.training.alignment][INFO] -   align diffusion_aligned @ epoch 401: cos {'ALIFCell_0.input_weights': '1.070', 'ALIFCell_0.recurrent_weights': '0.891', 'ReadOut_0.readout_weights': '0.000'}
[2026-05-20 16:34:57,971][src.modRNN.training.alignment][INFO] -   align diffusion_per_step @ epoch 401: cos {'ALIFCell_0.input_weights': '1.204', 'ALIFCell_0.recurrent_weights': '1.148', 'ReadOut_0.readout_weights': '0.000'}
[2026-05-20 16:34:58,651][src.modRNN.training.alignment][INFO] -   align diffusion_fixed @ epoch 401: cos {'ALIFCell_0.input_weights': '1.227', 'ALIFCell_0.recurrent_weights': '1.144', 'ReadOut_0.readout_weights': '0.000'}
[2026-05-20 16:35:16,401][src.modRNN.training.alignment][INFO] - epoch 425  train loss=0.3123  (rule: diffusion)
[2026-05-20 16:35:34,888][src.modRNN.training.alignment][INFO] - epoch 450  train loss=0.5354  (rule: diffusion)
[2026-05-20 16:35:36,382][src.modRNN.training.alignment][INFO] -   align BPTT @ epoch 451: cos {'ALIFCell_0.input_weights': '0.000', 'ALIFCell_0.recurrent_weights': '0.000', 'ReadOut_0.readout_weights': '0.000'}
[2026-05-20 16:35:36,937][src.modRNN.training.alignment][INFO] -   align eprop @ epoch 451: cos {'ALIFCell_0.input_weights': '1.078', 'ALIFCell_0.recurrent_weights': '1.239', 'ReadOut_0.readout_weights': '0.000'}
[2026-05-20 16:35:37,630][src.modRNN.training.alignment][INFO] -   align diffusion_aligned @ epoch 451: cos {'ALIFCell_0.input_weights': '1.000', 'ALIFCell_0.recurrent_weights': '1.207', 'ReadOut_0.readout_weights': '0.000'}
[2026-05-20 16:35:38,793][src.modRNN.training.alignment][INFO] -   align diffusion_per_step @ epoch 451: cos {'ALIFCell_0.input_weights': '1.054', 'ALIFCell_0.recurrent_weights': '1.295', 'ReadOut_0.readout_weights': '0.000'}
[2026-05-20 16:35:39,475][src.modRNN.training.alignment][INFO] -   align diffusion_fixed @ epoch 451: cos {'ALIFCell_0.input_weights': '1.107', 'ALIFCell_0.recurrent_weights': '1.300', 'ReadOut_0.readout_weights': '0.000'}
[2026-05-20 16:35:57,210][src.modRNN.training.alignment][INFO] - epoch 475  train loss=0.1463  (rule: diffusion)
[2026-05-20 16:36:15,764][src.modRNN.training.alignment][INFO] - epoch 500  train loss=0.1633  (rule: diffusion)
[2026-05-20 16:36:17,264][src.modRNN.training.alignment][INFO] -   align BPTT @ epoch 501: cos {'ALIFCell_0.input_weights': '0.000', 'ALIFCell_0.recurrent_weights': '0.000', 'ReadOut_0.readout_weights': '0.000'}
[2026-05-20 16:36:17,819][src.modRNN.training.alignment][INFO] -   align eprop @ epoch 501: cos {'ALIFCell_0.input_weights': '1.058', 'ALIFCell_0.recurrent_weights': '1.175', 'ReadOut_0.readout_weights': '0.000'}
[2026-05-20 16:36:18,515][src.modRNN.training.alignment][INFO] -   align diffusion_aligned @ epoch 501: cos {'ALIFCell_0.input_weights': '1.069', 'ALIFCell_0.recurrent_weights': '1.058', 'ReadOut_0.readout_weights': '0.000'}
[2026-05-20 16:36:19,678][src.modRNN.training.alignment][INFO] -   align diffusion_per_step @ epoch 501: cos {'ALIFCell_0.input_weights': '1.092', 'ALIFCell_0.recurrent_weights': '1.180', 'ReadOut_0.readout_weights': '0.000'}
[2026-05-20 16:36:20,358][src.modRNN.training.alignment][INFO] -   align diffusion_fixed @ epoch 501: cos {'ALIFCell_0.input_weights': '1.137', 'ALIFCell_0.recurrent_weights': '1.229', 'ReadOut_0.readout_weights': '0.000'}
[2026-05-20 16:36:38,107][src.modRNN.training.alignment][INFO] - epoch 525  train loss=0.2309  (rule: diffusion)
[2026-05-20 16:36:56,559][src.modRNN.training.alignment][INFO] - epoch 550  train loss=0.2918  (rule: diffusion)
[2026-05-20 16:36:58,055][src.modRNN.training.alignment][INFO] -   align BPTT @ epoch 551: cos {'ALIFCell_0.input_weights': '0.000', 'ALIFCell_0.recurrent_weights': '0.000', 'ReadOut_0.readout_weights': '0.000'}
[2026-05-20 16:36:58,611][src.modRNN.training.alignment][INFO] -   align eprop @ epoch 551: cos {'ALIFCell_0.input_weights': '0.677', 'ALIFCell_0.recurrent_weights': '0.694', 'ReadOut_0.readout_weights': '0.000'}
[2026-05-20 16:36:59,305][src.modRNN.training.alignment][INFO] -   align diffusion_aligned @ epoch 551: cos {'ALIFCell_0.input_weights': '0.800', 'ALIFCell_0.recurrent_weights': '0.752', 'ReadOut_0.readout_weights': '0.000'}
[2026-05-20 16:37:00,468][src.modRNN.training.alignment][INFO] -   align diffusion_per_step @ epoch 551: cos {'ALIFCell_0.input_weights': '0.746', 'ALIFCell_0.recurrent_weights': '0.832', 'ReadOut_0.readout_weights': '0.000'}
[2026-05-20 16:37:01,148][src.modRNN.training.alignment][INFO] -   align diffusion_fixed @ epoch 551: cos {'ALIFCell_0.input_weights': '0.884', 'ALIFCell_0.recurrent_weights': '1.025', 'ReadOut_0.readout_weights': '0.000'}
[2026-05-20 16:37:18,927][src.modRNN.training.alignment][INFO] - epoch 575  train loss=0.3481  (rule: diffusion)
[2026-05-20 16:37:37,427][src.modRNN.training.alignment][INFO] - epoch 600  train loss=0.1538  (rule: diffusion)
[2026-05-20 16:37:38,925][src.modRNN.training.alignment][INFO] -   align BPTT @ epoch 601: cos {'ALIFCell_0.input_weights': '0.000', 'ALIFCell_0.recurrent_weights': '0.000', 'ReadOut_0.readout_weights': '0.000'}
[2026-05-20 16:37:39,483][src.modRNN.training.alignment][INFO] -   align eprop @ epoch 601: cos {'ALIFCell_0.input_weights': '0.937', 'ALIFCell_0.recurrent_weights': '1.146', 'ReadOut_0.readout_weights': '0.000'}
[2026-05-20 16:37:40,178][src.modRNN.training.alignment][INFO] -   align diffusion_aligned @ epoch 601: cos {'ALIFCell_0.input_weights': '0.856', 'ALIFCell_0.recurrent_weights': '1.035', 'ReadOut_0.readout_weights': '0.000'}
[2026-05-20 16:37:41,342][src.modRNN.training.alignment][INFO] -   align diffusion_per_step @ epoch 601: cos {'ALIFCell_0.input_weights': '0.965', 'ALIFCell_0.recurrent_weights': '1.179', 'ReadOut_0.readout_weights': '0.000'}
[2026-05-20 16:37:42,023][src.modRNN.training.alignment][INFO] -   align diffusion_fixed @ epoch 601: cos {'ALIFCell_0.input_weights': '0.968', 'ALIFCell_0.recurrent_weights': '1.277', 'ReadOut_0.readout_weights': '0.000'}
[2026-05-20 16:37:59,751][src.modRNN.training.alignment][INFO] - epoch 625  train loss=0.2987  (rule: diffusion)
[2026-05-20 16:38:18,265][src.modRNN.training.alignment][INFO] - epoch 650  train loss=0.0568  (rule: diffusion)
[2026-05-20 16:38:19,765][src.modRNN.training.alignment][INFO] -   align BPTT @ epoch 651: cos {'ALIFCell_0.input_weights': '0.000', 'ALIFCell_0.recurrent_weights': '0.000', 'ReadOut_0.readout_weights': '0.000'}
[2026-05-20 16:38:20,321][src.modRNN.training.alignment][INFO] -   align eprop @ epoch 651: cos {'ALIFCell_0.input_weights': '0.663', 'ALIFCell_0.recurrent_weights': '0.805', 'ReadOut_0.readout_weights': '0.000'}
[2026-05-20 16:38:21,016][src.modRNN.training.alignment][INFO] -   align diffusion_aligned @ epoch 651: cos {'ALIFCell_0.input_weights': '0.734', 'ALIFCell_0.recurrent_weights': '0.991', 'ReadOut_0.readout_weights': '0.000'}
[2026-05-20 16:38:22,179][src.modRNN.training.alignment][INFO] -   align diffusion_per_step @ epoch 651: cos {'ALIFCell_0.input_weights': '0.687', 'ALIFCell_0.recurrent_weights': '0.940', 'ReadOut_0.readout_weights': '0.000'}
[2026-05-20 16:38:22,860][src.modRNN.training.alignment][INFO] -   align diffusion_fixed @ epoch 651: cos {'ALIFCell_0.input_weights': '0.649', 'ALIFCell_0.recurrent_weights': '1.086', 'ReadOut_0.readout_weights': '0.000'}
[2026-05-20 16:38:40,602][src.modRNN.training.alignment][INFO] - epoch 675  train loss=0.1670  (rule: diffusion)
[2026-05-20 16:38:59,049][src.modRNN.training.alignment][INFO] - epoch 700  train loss=0.2708  (rule: diffusion)
[2026-05-20 16:39:00,545][src.modRNN.training.alignment][INFO] -   align BPTT @ epoch 701: cos {'ALIFCell_0.input_weights': '0.000', 'ALIFCell_0.recurrent_weights': '0.000', 'ReadOut_0.readout_weights': '0.000'}
[2026-05-20 16:39:01,101][src.modRNN.training.alignment][INFO] -   align eprop @ epoch 701: cos {'ALIFCell_0.input_weights': '0.623', 'ALIFCell_0.recurrent_weights': '0.930', 'ReadOut_0.readout_weights': '0.000'}
[2026-05-20 16:39:01,798][src.modRNN.training.alignment][INFO] -   align diffusion_aligned @ epoch 701: cos {'ALIFCell_0.input_weights': '0.769', 'ALIFCell_0.recurrent_weights': '0.880', 'ReadOut_0.readout_weights': '0.000'}
[2026-05-20 16:39:02,962][src.modRNN.training.alignment][INFO] -   align diffusion_per_step @ epoch 701: cos {'ALIFCell_0.input_weights': '0.731', 'ALIFCell_0.recurrent_weights': '1.093', 'ReadOut_0.readout_weights': '0.000'}
[2026-05-20 16:39:03,643][src.modRNN.training.alignment][INFO] -   align diffusion_fixed @ epoch 701: cos {'ALIFCell_0.input_weights': '0.777', 'ALIFCell_0.recurrent_weights': '1.019', 'ReadOut_0.readout_weights': '0.000'}
[2026-05-20 16:39:21,416][src.modRNN.training.alignment][INFO] - epoch 725  train loss=1.4050  (rule: diffusion)
[2026-05-20 16:39:39,955][src.modRNN.training.alignment][INFO] - epoch 750  train loss=0.6876  (rule: diffusion)
[2026-05-20 16:39:41,453][src.modRNN.training.alignment][INFO] -   align BPTT @ epoch 751: cos {'ALIFCell_0.input_weights': '0.000', 'ALIFCell_0.recurrent_weights': '0.000', 'ReadOut_0.readout_weights': '0.000'}
[2026-05-20 16:39:42,010][src.modRNN.training.alignment][INFO] -   align eprop @ epoch 751: cos {'ALIFCell_0.input_weights': '0.693', 'ALIFCell_0.recurrent_weights': '0.928', 'ReadOut_0.readout_weights': '0.000'}
[2026-05-20 16:39:42,705][src.modRNN.training.alignment][INFO] -   align diffusion_aligned @ epoch 751: cos {'ALIFCell_0.input_weights': '0.820', 'ALIFCell_0.recurrent_weights': '1.003', 'ReadOut_0.readout_weights': '0.000'}
[2026-05-20 16:39:43,871][src.modRNN.training.alignment][INFO] -   align diffusion_per_step @ epoch 751: cos {'ALIFCell_0.input_weights': '0.750', 'ALIFCell_0.recurrent_weights': '0.979', 'ReadOut_0.readout_weights': '0.000'}
[2026-05-20 16:39:44,550][src.modRNN.training.alignment][INFO] -   align diffusion_fixed @ epoch 751: cos {'ALIFCell_0.input_weights': '0.808', 'ALIFCell_0.recurrent_weights': '1.006', 'ReadOut_0.readout_weights': '0.000'}
[2026-05-20 16:40:02,283][src.modRNN.training.alignment][INFO] - epoch 775  train loss=0.6925  (rule: diffusion)
[2026-05-20 16:40:20,798][src.modRNN.training.alignment][INFO] - epoch 800  train loss=0.6919  (rule: diffusion)
[2026-05-20 16:40:22,296][src.modRNN.training.alignment][INFO] -   align BPTT @ epoch 801: cos {'ALIFCell_0.input_weights': '0.000', 'ALIFCell_0.recurrent_weights': '0.000', 'ReadOut_0.readout_weights': '0.000'}
[2026-05-20 16:40:22,851][src.modRNN.training.alignment][INFO] -   align eprop @ epoch 801: cos {'ALIFCell_0.input_weights': '0.855', 'ALIFCell_0.recurrent_weights': '0.905', 'ReadOut_0.readout_weights': '0.000'}
[2026-05-20 16:40:23,546][src.modRNN.training.alignment][INFO] -   align diffusion_aligned @ epoch 801: cos {'ALIFCell_0.input_weights': '0.944', 'ALIFCell_0.recurrent_weights': '1.045', 'ReadOut_0.readout_weights': '0.000'}
[2026-05-20 16:40:24,709][src.modRNN.training.alignment][INFO] -   align diffusion_per_step @ epoch 801: cos {'ALIFCell_0.input_weights': '0.925', 'ALIFCell_0.recurrent_weights': '0.958', 'ReadOut_0.readout_weights': '0.000'}
[2026-05-20 16:40:25,390][src.modRNN.training.alignment][INFO] -   align diffusion_fixed @ epoch 801: cos {'ALIFCell_0.input_weights': '0.972', 'ALIFCell_0.recurrent_weights': '0.993', 'ReadOut_0.readout_weights': '0.000'}
[2026-05-20 16:40:43,109][src.modRNN.training.alignment][INFO] - epoch 825  train loss=0.6911  (rule: diffusion)
[2026-05-20 16:41:01,551][src.modRNN.training.alignment][INFO] - epoch 850  train loss=0.6869  (rule: diffusion)
[2026-05-20 16:41:03,051][src.modRNN.training.alignment][INFO] -   align BPTT @ epoch 851: cos {'ALIFCell_0.input_weights': '0.000', 'ALIFCell_0.recurrent_weights': '0.000', 'ReadOut_0.readout_weights': '0.000'}
[2026-05-20 16:41:03,604][src.modRNN.training.alignment][INFO] -   align eprop @ epoch 851: cos {'ALIFCell_0.input_weights': '0.957', 'ALIFCell_0.recurrent_weights': '0.937', 'ReadOut_0.readout_weights': '0.000'}
[2026-05-20 16:41:04,297][src.modRNN.training.alignment][INFO] -   align diffusion_aligned @ epoch 851: cos {'ALIFCell_0.input_weights': '0.926', 'ALIFCell_0.recurrent_weights': '0.942', 'ReadOut_0.readout_weights': '0.000'}
[2026-05-20 16:41:05,461][src.modRNN.training.alignment][INFO] -   align diffusion_per_step @ epoch 851: cos {'ALIFCell_0.input_weights': '1.007', 'ALIFCell_0.recurrent_weights': '1.015', 'ReadOut_0.readout_weights': '0.000'}
[2026-05-20 16:41:06,139][src.modRNN.training.alignment][INFO] -   align diffusion_fixed @ epoch 851: cos {'ALIFCell_0.input_weights': '0.990', 'ALIFCell_0.recurrent_weights': '0.957', 'ReadOut_0.readout_weights': '0.000'}
[2026-05-20 16:41:23,894][src.modRNN.training.alignment][INFO] - epoch 875  train loss=0.6582  (rule: diffusion)
[2026-05-20 16:41:42,347][src.modRNN.training.alignment][INFO] - epoch 900  train loss=0.6382  (rule: diffusion)
[2026-05-20 16:41:43,844][src.modRNN.training.alignment][INFO] -   align BPTT @ epoch 901: cos {'ALIFCell_0.input_weights': '0.000', 'ALIFCell_0.recurrent_weights': '0.000', 'ReadOut_0.readout_weights': '0.000'}
[2026-05-20 16:41:44,398][src.modRNN.training.alignment][INFO] -   align eprop @ epoch 901: cos {'ALIFCell_0.input_weights': '0.878', 'ALIFCell_0.recurrent_weights': '0.941', 'ReadOut_0.readout_weights': '0.000'}
[2026-05-20 16:41:45,092][src.modRNN.training.alignment][INFO] -   align diffusion_aligned @ epoch 901: cos {'ALIFCell_0.input_weights': '0.876', 'ALIFCell_0.recurrent_weights': '0.916', 'ReadOut_0.readout_weights': '0.000'}
[2026-05-20 16:41:46,255][src.modRNN.training.alignment][INFO] -   align diffusion_per_step @ epoch 901: cos {'ALIFCell_0.input_weights': '0.926', 'ALIFCell_0.recurrent_weights': '0.974', 'ReadOut_0.readout_weights': '0.000'}
[2026-05-20 16:41:46,933][src.modRNN.training.alignment][INFO] -   align diffusion_fixed @ epoch 901: cos {'ALIFCell_0.input_weights': '0.940', 'ALIFCell_0.recurrent_weights': '0.976', 'ReadOut_0.readout_weights': '0.000'}
[2026-05-20 16:42:04,719][src.modRNN.training.alignment][INFO] - epoch 925  train loss=0.6459  (rule: diffusion)
[2026-05-20 16:42:23,230][src.modRNN.training.alignment][INFO] - epoch 950  train loss=0.6856  (rule: diffusion)
[2026-05-20 16:42:24,730][src.modRNN.training.alignment][INFO] -   align BPTT @ epoch 951: cos {'ALIFCell_0.input_weights': '0.000', 'ALIFCell_0.recurrent_weights': '0.000', 'ReadOut_0.readout_weights': '0.000'}
[2026-05-20 16:42:25,284][src.modRNN.training.alignment][INFO] -   align eprop @ epoch 951: cos {'ALIFCell_0.input_weights': '0.946', 'ALIFCell_0.recurrent_weights': '1.090', 'ReadOut_0.readout_weights': '0.000'}
[2026-05-20 16:42:25,979][src.modRNN.training.alignment][INFO] -   align diffusion_aligned @ epoch 951: cos {'ALIFCell_0.input_weights': '0.878', 'ALIFCell_0.recurrent_weights': '0.970', 'ReadOut_0.readout_weights': '0.000'}
[2026-05-20 16:42:27,142][src.modRNN.training.alignment][INFO] -   align diffusion_per_step @ epoch 951: cos {'ALIFCell_0.input_weights': '0.964', 'ALIFCell_0.recurrent_weights': '1.075', 'ReadOut_0.readout_weights': '0.000'}
[2026-05-20 16:42:27,823][src.modRNN.training.alignment][INFO] -   align diffusion_fixed @ epoch 951: cos {'ALIFCell_0.input_weights': '0.974', 'ALIFCell_0.recurrent_weights': '1.043', 'ReadOut_0.readout_weights': '0.000'}
[2026-05-20 16:42:45,548][src.modRNN.training.alignment][INFO] - epoch 975  train loss=0.5889  (rule: diffusion)
[2026-05-20 16:43:03,982][src.modRNN.training.alignment][INFO] - epoch 1000  train loss=0.6021  (rule: diffusion)
[2026-05-20 16:43:05,479][src.modRNN.training.alignment][INFO] -   align BPTT @ epoch 1001: cos {'ALIFCell_0.input_weights': '0.000', 'ALIFCell_0.recurrent_weights': '0.000', 'ReadOut_0.readout_weights': '0.000'}
[2026-05-20 16:43:06,035][src.modRNN.training.alignment][INFO] -   align eprop @ epoch 1001: cos {'ALIFCell_0.input_weights': '1.018', 'ALIFCell_0.recurrent_weights': '1.030', 'ReadOut_0.readout_weights': '0.000'}
[2026-05-20 16:43:06,729][src.modRNN.training.alignment][INFO] -   align diffusion_aligned @ epoch 1001: cos {'ALIFCell_0.input_weights': '0.922', 'ALIFCell_0.recurrent_weights': '0.966', 'ReadOut_0.readout_weights': '0.000'}
[2026-05-20 16:43:07,894][src.modRNN.training.alignment][INFO] -   align diffusion_per_step @ epoch 1001: cos {'ALIFCell_0.input_weights': '1.089', 'ALIFCell_0.recurrent_weights': '1.014', 'ReadOut_0.readout_weights': '0.000'}
[2026-05-20 16:43:08,573][src.modRNN.training.alignment][INFO] -   align diffusion_fixed @ epoch 1001: cos {'ALIFCell_0.input_weights': '1.059', 'ALIFCell_0.recurrent_weights': '1.000', 'ReadOut_0.readout_weights': '0.000'}
[2026-05-20 16:43:26,341][src.modRNN.training.alignment][INFO] - epoch 1025  train loss=0.6530  (rule: diffusion)
[2026-05-20 16:43:44,825][src.modRNN.training.alignment][INFO] - epoch 1050  train loss=0.6872  (rule: diffusion)
[2026-05-20 16:43:46,323][src.modRNN.training.alignment][INFO] -   align BPTT @ epoch 1051: cos {'ALIFCell_0.input_weights': '0.000', 'ALIFCell_0.recurrent_weights': '0.000', 'ReadOut_0.readout_weights': '0.000'}
[2026-05-20 16:43:46,877][src.modRNN.training.alignment][INFO] -   align eprop @ epoch 1051: cos {'ALIFCell_0.input_weights': '0.950', 'ALIFCell_0.recurrent_weights': '1.170', 'ReadOut_0.readout_weights': '0.000'}
[2026-05-20 16:43:47,571][src.modRNN.training.alignment][INFO] -   align diffusion_aligned @ epoch 1051: cos {'ALIFCell_0.input_weights': '0.845', 'ALIFCell_0.recurrent_weights': '0.922', 'ReadOut_0.readout_weights': '0.000'}
[2026-05-20 16:43:48,738][src.modRNN.training.alignment][INFO] -   align diffusion_per_step @ epoch 1051: cos {'ALIFCell_0.input_weights': '0.895', 'ALIFCell_0.recurrent_weights': '1.098', 'ReadOut_0.readout_weights': '0.000'}
[2026-05-20 16:43:49,417][src.modRNN.training.alignment][INFO] -   align diffusion_fixed @ epoch 1051: cos {'ALIFCell_0.input_weights': '0.869', 'ALIFCell_0.recurrent_weights': '1.078', 'ReadOut_0.readout_weights': '0.000'}
[2026-05-20 16:44:07,156][src.modRNN.training.alignment][INFO] - epoch 1075  train loss=0.5546  (rule: diffusion)
[2026-05-20 16:44:25,662][src.modRNN.training.alignment][INFO] - epoch 1100  train loss=0.5557  (rule: diffusion)
[2026-05-20 16:44:27,162][src.modRNN.training.alignment][INFO] -   align BPTT @ epoch 1101: cos {'ALIFCell_0.input_weights': '0.000', 'ALIFCell_0.recurrent_weights': '0.000', 'ReadOut_0.readout_weights': '0.000'}
[2026-05-20 16:44:27,717][src.modRNN.training.alignment][INFO] -   align eprop @ epoch 1101: cos {'ALIFCell_0.input_weights': '0.976', 'ALIFCell_0.recurrent_weights': '1.054', 'ReadOut_0.readout_weights': '0.000'}
[2026-05-20 16:44:28,411][src.modRNN.training.alignment][INFO] -   align diffusion_aligned @ epoch 1101: cos {'ALIFCell_0.input_weights': '0.955', 'ALIFCell_0.recurrent_weights': '0.989', 'ReadOut_0.readout_weights': '0.000'}
[2026-05-20 16:44:29,573][src.modRNN.training.alignment][INFO] -   align diffusion_per_step @ epoch 1101: cos {'ALIFCell_0.input_weights': '1.005', 'ALIFCell_0.recurrent_weights': '1.028', 'ReadOut_0.readout_weights': '0.000'}
[2026-05-20 16:44:30,253][src.modRNN.training.alignment][INFO] -   align diffusion_fixed @ epoch 1101: cos {'ALIFCell_0.input_weights': '0.995', 'ALIFCell_0.recurrent_weights': '1.022', 'ReadOut_0.readout_weights': '0.000'}
[2026-05-20 16:44:47,967][src.modRNN.training.alignment][INFO] - epoch 1125  train loss=0.6914  (rule: diffusion)
[2026-05-20 16:45:06,457][src.modRNN.training.alignment][INFO] - epoch 1150  train loss=0.7182  (rule: diffusion)
[2026-05-20 16:45:07,959][src.modRNN.training.alignment][INFO] -   align BPTT @ epoch 1151: cos {'ALIFCell_0.input_weights': '0.000', 'ALIFCell_0.recurrent_weights': '0.000', 'ReadOut_0.readout_weights': '0.000'}
[2026-05-20 16:45:08,514][src.modRNN.training.alignment][INFO] -   align eprop @ epoch 1151: cos {'ALIFCell_0.input_weights': '1.043', 'ALIFCell_0.recurrent_weights': '1.047', 'ReadOut_0.readout_weights': '0.000'}
[2026-05-20 16:45:09,208][src.modRNN.training.alignment][INFO] -   align diffusion_aligned @ epoch 1151: cos {'ALIFCell_0.input_weights': '1.022', 'ALIFCell_0.recurrent_weights': '1.065', 'ReadOut_0.readout_weights': '0.000'}
[2026-05-20 16:45:10,373][src.modRNN.training.alignment][INFO] -   align diffusion_per_step @ epoch 1151: cos {'ALIFCell_0.input_weights': '1.077', 'ALIFCell_0.recurrent_weights': '1.092', 'ReadOut_0.readout_weights': '0.000'}
[2026-05-20 16:45:11,053][src.modRNN.training.alignment][INFO] -   align diffusion_fixed @ epoch 1151: cos {'ALIFCell_0.input_weights': '1.095', 'ALIFCell_0.recurrent_weights': '1.079', 'ReadOut_0.readout_weights': '0.000'}
[2026-05-20 16:45:28,844][src.modRNN.training.alignment][INFO] - epoch 1175  train loss=0.6391  (rule: diffusion)
[2026-05-20 16:45:47,358][src.modRNN.training.alignment][INFO] - epoch 1200  train loss=0.5875  (rule: diffusion)
[2026-05-20 16:45:48,856][src.modRNN.training.alignment][INFO] -   align BPTT @ epoch 1201: cos {'ALIFCell_0.input_weights': '0.000', 'ALIFCell_0.recurrent_weights': '0.000', 'ReadOut_0.readout_weights': '0.000'}
[2026-05-20 16:45:49,412][src.modRNN.training.alignment][INFO] -   align eprop @ epoch 1201: cos {'ALIFCell_0.input_weights': '0.870', 'ALIFCell_0.recurrent_weights': '0.696', 'ReadOut_0.readout_weights': '0.000'}
[2026-05-20 16:45:50,107][src.modRNN.training.alignment][INFO] -   align diffusion_aligned @ epoch 1201: cos {'ALIFCell_0.input_weights': '0.842', 'ALIFCell_0.recurrent_weights': '0.674', 'ReadOut_0.readout_weights': '0.000'}
[2026-05-20 16:45:51,270][src.modRNN.training.alignment][INFO] -   align diffusion_per_step @ epoch 1201: cos {'ALIFCell_0.input_weights': '0.880', 'ALIFCell_0.recurrent_weights': '0.688', 'ReadOut_0.readout_weights': '0.000'}
[2026-05-20 16:45:51,952][src.modRNN.training.alignment][INFO] -   align diffusion_fixed @ epoch 1201: cos {'ALIFCell_0.input_weights': '0.946', 'ALIFCell_0.recurrent_weights': '0.718', 'ReadOut_0.readout_weights': '0.000'}
[2026-05-20 16:46:09,745][src.modRNN.training.alignment][INFO] - epoch 1225  train loss=0.6353  (rule: diffusion)
[2026-05-20 16:46:28,331][src.modRNN.training.alignment][INFO] - epoch 1250  train loss=0.5923  (rule: diffusion)
[2026-05-20 16:46:29,832][src.modRNN.training.alignment][INFO] -   align BPTT @ epoch 1251: cos {'ALIFCell_0.input_weights': '0.000', 'ALIFCell_0.recurrent_weights': '0.000', 'ReadOut_0.readout_weights': '0.000'}
[2026-05-20 16:46:30,391][src.modRNN.training.alignment][INFO] -   align eprop @ epoch 1251: cos {'ALIFCell_0.input_weights': '0.645', 'ALIFCell_0.recurrent_weights': '0.862', 'ReadOut_0.readout_weights': '0.000'}
[2026-05-20 16:46:31,088][src.modRNN.training.alignment][INFO] -   align diffusion_aligned @ epoch 1251: cos {'ALIFCell_0.input_weights': '0.658', 'ALIFCell_0.recurrent_weights': '0.821', 'ReadOut_0.readout_weights': '0.000'}
[2026-05-20 16:46:32,254][src.modRNN.training.alignment][INFO] -   align diffusion_per_step @ epoch 1251: cos {'ALIFCell_0.input_weights': '0.695', 'ALIFCell_0.recurrent_weights': '0.921', 'ReadOut_0.readout_weights': '0.000'}
[2026-05-20 16:46:32,941][src.modRNN.training.alignment][INFO] -   align diffusion_fixed @ epoch 1251: cos {'ALIFCell_0.input_weights': '0.795', 'ALIFCell_0.recurrent_weights': '0.914', 'ReadOut_0.readout_weights': '0.000'}
[2026-05-20 16:46:50,692][src.modRNN.training.alignment][INFO] - epoch 1275  train loss=0.6573  (rule: diffusion)
[2026-05-20 16:47:09,173][src.modRNN.training.alignment][INFO] - epoch 1300  train loss=0.5599  (rule: diffusion)
[2026-05-20 16:47:10,670][src.modRNN.training.alignment][INFO] -   align BPTT @ epoch 1301: cos {'ALIFCell_0.input_weights': '0.000', 'ALIFCell_0.recurrent_weights': '0.000', 'ReadOut_0.readout_weights': '0.000'}
[2026-05-20 16:47:11,227][src.modRNN.training.alignment][INFO] -   align eprop @ epoch 1301: cos {'ALIFCell_0.input_weights': '0.964', 'ALIFCell_0.recurrent_weights': '1.156', 'ReadOut_0.readout_weights': '0.000'}
[2026-05-20 16:47:11,919][src.modRNN.training.alignment][INFO] -   align diffusion_aligned @ epoch 1301: cos {'ALIFCell_0.input_weights': '0.931', 'ALIFCell_0.recurrent_weights': '1.032', 'ReadOut_0.readout_weights': '0.000'}
[2026-05-20 16:47:13,081][src.modRNN.training.alignment][INFO] -   align diffusion_per_step @ epoch 1301: cos {'ALIFCell_0.input_weights': '0.992', 'ALIFCell_0.recurrent_weights': '1.179', 'ReadOut_0.readout_weights': '0.000'}
[2026-05-20 16:47:13,760][src.modRNN.training.alignment][INFO] -   align diffusion_fixed @ epoch 1301: cos {'ALIFCell_0.input_weights': '1.029', 'ALIFCell_0.recurrent_weights': '1.110', 'ReadOut_0.readout_weights': '0.000'}
[2026-05-20 16:47:31,532][src.modRNN.training.alignment][INFO] - epoch 1325  train loss=0.7076  (rule: diffusion)
[2026-05-20 16:47:49,977][src.modRNN.training.alignment][INFO] - epoch 1350  train loss=0.5659  (rule: diffusion)
[2026-05-20 16:47:51,473][src.modRNN.training.alignment][INFO] -   align BPTT @ epoch 1351: cos {'ALIFCell_0.input_weights': '0.000', 'ALIFCell_0.recurrent_weights': '0.000', 'ReadOut_0.readout_weights': '0.000'}
[2026-05-20 16:47:52,028][src.modRNN.training.alignment][INFO] -   align eprop @ epoch 1351: cos {'ALIFCell_0.input_weights': '0.968', 'ALIFCell_0.recurrent_weights': '0.964', 'ReadOut_0.readout_weights': '0.000'}
[2026-05-20 16:47:52,721][src.modRNN.training.alignment][INFO] -   align diffusion_aligned @ epoch 1351: cos {'ALIFCell_0.input_weights': '0.921', 'ALIFCell_0.recurrent_weights': '0.924', 'ReadOut_0.readout_weights': '0.000'}
[2026-05-20 16:47:53,884][src.modRNN.training.alignment][INFO] -   align diffusion_per_step @ epoch 1351: cos {'ALIFCell_0.input_weights': '0.977', 'ALIFCell_0.recurrent_weights': '0.984', 'ReadOut_0.readout_weights': '0.000'}
[2026-05-20 16:47:54,565][src.modRNN.training.alignment][INFO] -   align diffusion_fixed @ epoch 1351: cos {'ALIFCell_0.input_weights': '1.017', 'ALIFCell_0.recurrent_weights': '0.990', 'ReadOut_0.readout_weights': '0.000'}
[2026-05-20 16:48:12,332][src.modRNN.training.alignment][INFO] - epoch 1375  train loss=0.6028  (rule: diffusion)
[2026-05-20 16:48:30,847][src.modRNN.training.alignment][INFO] - epoch 1400  train loss=0.6510  (rule: diffusion)
[2026-05-20 16:48:32,346][src.modRNN.training.alignment][INFO] -   align BPTT @ epoch 1401: cos {'ALIFCell_0.input_weights': '0.000', 'ALIFCell_0.recurrent_weights': '0.000', 'ReadOut_0.readout_weights': '0.000'}
[2026-05-20 16:48:32,901][src.modRNN.training.alignment][INFO] -   align eprop @ epoch 1401: cos {'ALIFCell_0.input_weights': '0.685', 'ALIFCell_0.recurrent_weights': '0.747', 'ReadOut_0.readout_weights': '0.000'}
[2026-05-20 16:48:33,595][src.modRNN.training.alignment][INFO] -   align diffusion_aligned @ epoch 1401: cos {'ALIFCell_0.input_weights': '0.683', 'ALIFCell_0.recurrent_weights': '0.723', 'ReadOut_0.readout_weights': '0.000'}
[2026-05-20 16:48:34,759][src.modRNN.training.alignment][INFO] -   align diffusion_per_step @ epoch 1401: cos {'ALIFCell_0.input_weights': '0.713', 'ALIFCell_0.recurrent_weights': '0.733', 'ReadOut_0.readout_weights': '0.000'}
[2026-05-20 16:48:35,441][src.modRNN.training.alignment][INFO] -   align diffusion_fixed @ epoch 1401: cos {'ALIFCell_0.input_weights': '0.792', 'ALIFCell_0.recurrent_weights': '0.767', 'ReadOut_0.readout_weights': '0.000'}
[2026-05-20 16:48:53,155][src.modRNN.training.alignment][INFO] - epoch 1425  train loss=0.5687  (rule: diffusion)
[2026-05-20 16:49:11,644][src.modRNN.training.alignment][INFO] - epoch 1450  train loss=0.5788  (rule: diffusion)
[2026-05-20 16:49:13,142][src.modRNN.training.alignment][INFO] -   align BPTT @ epoch 1451: cos {'ALIFCell_0.input_weights': '0.000', 'ALIFCell_0.recurrent_weights': '0.000', 'ReadOut_0.readout_weights': '0.000'}
[2026-05-20 16:49:13,699][src.modRNN.training.alignment][INFO] -   align eprop @ epoch 1451: cos {'ALIFCell_0.input_weights': '0.965', 'ALIFCell_0.recurrent_weights': '0.910', 'ReadOut_0.readout_weights': '0.000'}
[2026-05-20 16:49:14,396][src.modRNN.training.alignment][INFO] -   align diffusion_aligned @ epoch 1451: cos {'ALIFCell_0.input_weights': '0.889', 'ALIFCell_0.recurrent_weights': '0.844', 'ReadOut_0.readout_weights': '0.000'}
[2026-05-20 16:49:15,559][src.modRNN.training.alignment][INFO] -   align diffusion_per_step @ epoch 1451: cos {'ALIFCell_0.input_weights': '1.023', 'ALIFCell_0.recurrent_weights': '0.885', 'ReadOut_0.readout_weights': '0.000'}
[2026-05-20 16:49:16,239][src.modRNN.training.alignment][INFO] -   align diffusion_fixed @ epoch 1451: cos {'ALIFCell_0.input_weights': '1.039', 'ALIFCell_0.recurrent_weights': '0.937', 'ReadOut_0.readout_weights': '0.000'}
[2026-05-20 16:49:34,013][src.modRNN.training.alignment][INFO] - epoch 1475  train loss=0.6059  (rule: diffusion)
[2026-05-20 16:49:52,471][src.modRNN.training.alignment][INFO] - epoch 1500  train loss=0.5971  (rule: diffusion)
[2026-05-20 16:49:53,968][src.modRNN.training.alignment][INFO] -   align BPTT @ epoch 1501: cos {'ALIFCell_0.input_weights': '0.000', 'ALIFCell_0.recurrent_weights': '0.000', 'ReadOut_0.readout_weights': '0.000'}
[2026-05-20 16:49:54,521][src.modRNN.training.alignment][INFO] -   align eprop @ epoch 1501: cos {'ALIFCell_0.input_weights': '0.830', 'ALIFCell_0.recurrent_weights': '0.829', 'ReadOut_0.readout_weights': '0.000'}
[2026-05-20 16:49:55,215][src.modRNN.training.alignment][INFO] -   align diffusion_aligned @ epoch 1501: cos {'ALIFCell_0.input_weights': '0.798', 'ALIFCell_0.recurrent_weights': '0.801', 'ReadOut_0.readout_weights': '0.000'}
[2026-05-20 16:49:56,380][src.modRNN.training.alignment][INFO] -   align diffusion_per_step @ epoch 1501: cos {'ALIFCell_0.input_weights': '0.874', 'ALIFCell_0.recurrent_weights': '0.822', 'ReadOut_0.readout_weights': '0.000'}
[2026-05-20 16:49:57,059][src.modRNN.training.alignment][INFO] -   align diffusion_fixed @ epoch 1501: cos {'ALIFCell_0.input_weights': '0.978', 'ALIFCell_0.recurrent_weights': '0.884', 'ReadOut_0.readout_weights': '0.000'}
[2026-05-20 16:50:14,836][src.modRNN.training.alignment][INFO] - epoch 1525  train loss=0.5707  (rule: diffusion)
[2026-05-20 16:50:33,350][src.modRNN.training.alignment][INFO] - epoch 1550  train loss=0.6133  (rule: diffusion)
[2026-05-20 16:50:34,847][src.modRNN.training.alignment][INFO] -   align BPTT @ epoch 1551: cos {'ALIFCell_0.input_weights': '0.000', 'ALIFCell_0.recurrent_weights': '0.000', 'ReadOut_0.readout_weights': '0.000'}
[2026-05-20 16:50:35,403][src.modRNN.training.alignment][INFO] -   align eprop @ epoch 1551: cos {'ALIFCell_0.input_weights': '0.828', 'ALIFCell_0.recurrent_weights': '0.815', 'ReadOut_0.readout_weights': '0.000'}
[2026-05-20 16:50:36,096][src.modRNN.training.alignment][INFO] -   align diffusion_aligned @ epoch 1551: cos {'ALIFCell_0.input_weights': '0.846', 'ALIFCell_0.recurrent_weights': '0.830', 'ReadOut_0.readout_weights': '0.000'}
[2026-05-20 16:50:37,260][src.modRNN.training.alignment][INFO] -   align diffusion_per_step @ epoch 1551: cos {'ALIFCell_0.input_weights': '0.865', 'ALIFCell_0.recurrent_weights': '0.801', 'ReadOut_0.readout_weights': '0.000'}
[2026-05-20 16:50:37,939][src.modRNN.training.alignment][INFO] -   align diffusion_fixed @ epoch 1551: cos {'ALIFCell_0.input_weights': '0.959', 'ALIFCell_0.recurrent_weights': '0.923', 'ReadOut_0.readout_weights': '0.000'}
[2026-05-20 16:50:55,660][src.modRNN.training.alignment][INFO] - epoch 1575  train loss=0.6789  (rule: diffusion)
[2026-05-20 16:51:14,147][src.modRNN.training.alignment][INFO] - epoch 1600  train loss=0.6017  (rule: diffusion)
[2026-05-20 16:51:15,646][src.modRNN.training.alignment][INFO] -   align BPTT @ epoch 1601: cos {'ALIFCell_0.input_weights': '0.000', 'ALIFCell_0.recurrent_weights': '0.000', 'ReadOut_0.readout_weights': '0.000'}
[2026-05-20 16:51:16,202][src.modRNN.training.alignment][INFO] -   align eprop @ epoch 1601: cos {'ALIFCell_0.input_weights': '0.767', 'ALIFCell_0.recurrent_weights': '0.827', 'ReadOut_0.readout_weights': '0.000'}
[2026-05-20 16:51:16,894][src.modRNN.training.alignment][INFO] -   align diffusion_aligned @ epoch 1601: cos {'ALIFCell_0.input_weights': '0.792', 'ALIFCell_0.recurrent_weights': '0.841', 'ReadOut_0.readout_weights': '0.000'}
[2026-05-20 16:51:18,057][src.modRNN.training.alignment][INFO] -   align diffusion_per_step @ epoch 1601: cos {'ALIFCell_0.input_weights': '0.764', 'ALIFCell_0.recurrent_weights': '0.807', 'ReadOut_0.readout_weights': '0.000'}
[2026-05-20 16:51:18,735][src.modRNN.training.alignment][INFO] -   align diffusion_fixed @ epoch 1601: cos {'ALIFCell_0.input_weights': '0.889', 'ALIFCell_0.recurrent_weights': '0.909', 'ReadOut_0.readout_weights': '0.000'}
[2026-05-20 16:51:36,477][src.modRNN.training.alignment][INFO] - epoch 1625  train loss=0.5846  (rule: diffusion)
[2026-05-20 16:51:54,922][src.modRNN.training.alignment][INFO] - epoch 1650  train loss=0.5176  (rule: diffusion)
[2026-05-20 16:51:56,419][src.modRNN.training.alignment][INFO] -   align BPTT @ epoch 1651: cos {'ALIFCell_0.input_weights': '0.000', 'ALIFCell_0.recurrent_weights': '0.000', 'ReadOut_0.readout_weights': '0.000'}
[2026-05-20 16:51:56,977][src.modRNN.training.alignment][INFO] -   align eprop @ epoch 1651: cos {'ALIFCell_0.input_weights': '1.064', 'ALIFCell_0.recurrent_weights': '1.026', 'ReadOut_0.readout_weights': '0.000'}
[2026-05-20 16:51:57,671][src.modRNN.training.alignment][INFO] -   align diffusion_aligned @ epoch 1651: cos {'ALIFCell_0.input_weights': '1.042', 'ALIFCell_0.recurrent_weights': '1.026', 'ReadOut_0.readout_weights': '0.000'}
[2026-05-20 16:51:58,837][src.modRNN.training.alignment][INFO] -   align diffusion_per_step @ epoch 1651: cos {'ALIFCell_0.input_weights': '1.079', 'ALIFCell_0.recurrent_weights': '1.037', 'ReadOut_0.readout_weights': '0.000'}
[2026-05-20 16:51:59,514][src.modRNN.training.alignment][INFO] -   align diffusion_fixed @ epoch 1651: cos {'ALIFCell_0.input_weights': '1.094', 'ALIFCell_0.recurrent_weights': '1.069', 'ReadOut_0.readout_weights': '0.000'}
[2026-05-20 16:52:17,314][src.modRNN.training.alignment][INFO] - epoch 1675  train loss=0.6298  (rule: diffusion)
[2026-05-20 16:52:35,858][src.modRNN.training.alignment][INFO] - epoch 1700  train loss=0.6657  (rule: diffusion)
[2026-05-20 16:52:37,356][src.modRNN.training.alignment][INFO] -   align BPTT @ epoch 1701: cos {'ALIFCell_0.input_weights': '0.000', 'ALIFCell_0.recurrent_weights': '0.000', 'ReadOut_0.readout_weights': '0.000'}
[2026-05-20 16:52:37,909][src.modRNN.training.alignment][INFO] -   align eprop @ epoch 1701: cos {'ALIFCell_0.input_weights': '0.787', 'ALIFCell_0.recurrent_weights': '0.854', 'ReadOut_0.readout_weights': '0.000'}
[2026-05-20 16:52:38,603][src.modRNN.training.alignment][INFO] -   align diffusion_aligned @ epoch 1701: cos {'ALIFCell_0.input_weights': '0.727', 'ALIFCell_0.recurrent_weights': '0.791', 'ReadOut_0.readout_weights': '0.000'}
[2026-05-20 16:52:39,768][src.modRNN.training.alignment][INFO] -   align diffusion_per_step @ epoch 1701: cos {'ALIFCell_0.input_weights': '0.772', 'ALIFCell_0.recurrent_weights': '0.821', 'ReadOut_0.readout_weights': '0.000'}
[2026-05-20 16:52:40,448][src.modRNN.training.alignment][INFO] -   align diffusion_fixed @ epoch 1701: cos {'ALIFCell_0.input_weights': '0.868', 'ALIFCell_0.recurrent_weights': '0.900', 'ReadOut_0.readout_weights': '0.000'}
[2026-05-20 16:52:58,157][src.modRNN.training.alignment][INFO] - epoch 1725  train loss=0.5847  (rule: diffusion)
[2026-05-20 16:53:16,660][src.modRNN.training.alignment][INFO] - epoch 1750  train loss=0.6131  (rule: diffusion)
[2026-05-20 16:53:18,160][src.modRNN.training.alignment][INFO] -   align BPTT @ epoch 1751: cos {'ALIFCell_0.input_weights': '0.000', 'ALIFCell_0.recurrent_weights': '0.000', 'ReadOut_0.readout_weights': '0.000'}
[2026-05-20 16:53:18,716][src.modRNN.training.alignment][INFO] -   align eprop @ epoch 1751: cos {'ALIFCell_0.input_weights': '0.631', 'ALIFCell_0.recurrent_weights': '0.756', 'ReadOut_0.readout_weights': '0.000'}
[2026-05-20 16:53:19,409][src.modRNN.training.alignment][INFO] -   align diffusion_aligned @ epoch 1751: cos {'ALIFCell_0.input_weights': '0.627', 'ALIFCell_0.recurrent_weights': '0.780', 'ReadOut_0.readout_weights': '0.000'}
[2026-05-20 16:53:20,577][src.modRNN.training.alignment][INFO] -   align diffusion_per_step @ epoch 1751: cos {'ALIFCell_0.input_weights': '0.638', 'ALIFCell_0.recurrent_weights': '0.779', 'ReadOut_0.readout_weights': '0.000'}
[2026-05-20 16:53:21,256][src.modRNN.training.alignment][INFO] -   align diffusion_fixed @ epoch 1751: cos {'ALIFCell_0.input_weights': '0.767', 'ALIFCell_0.recurrent_weights': '0.835', 'ReadOut_0.readout_weights': '0.000'}
[2026-05-20 16:53:39,000][src.modRNN.training.alignment][INFO] - epoch 1775  train loss=0.5379  (rule: diffusion)
[2026-05-20 16:53:57,450][src.modRNN.training.alignment][INFO] - epoch 1800  train loss=0.5890  (rule: diffusion)
[2026-05-20 16:53:58,944][src.modRNN.training.alignment][INFO] -   align BPTT @ epoch 1801: cos {'ALIFCell_0.input_weights': '0.000', 'ALIFCell_0.recurrent_weights': '0.000', 'ReadOut_0.readout_weights': '0.000'}
[2026-05-20 16:53:59,500][src.modRNN.training.alignment][INFO] -   align eprop @ epoch 1801: cos {'ALIFCell_0.input_weights': '0.665', 'ALIFCell_0.recurrent_weights': '0.956', 'ReadOut_0.readout_weights': '0.000'}
[2026-05-20 16:54:00,197][src.modRNN.training.alignment][INFO] -   align diffusion_aligned @ epoch 1801: cos {'ALIFCell_0.input_weights': '0.652', 'ALIFCell_0.recurrent_weights': '0.949', 'ReadOut_0.readout_weights': '0.000'}
[2026-05-20 16:54:01,361][src.modRNN.training.alignment][INFO] -   align diffusion_per_step @ epoch 1801: cos {'ALIFCell_0.input_weights': '0.661', 'ALIFCell_0.recurrent_weights': '0.930', 'ReadOut_0.readout_weights': '0.000'}
[2026-05-20 16:54:02,052][src.modRNN.training.alignment][INFO] -   align diffusion_fixed @ epoch 1801: cos {'ALIFCell_0.input_weights': '0.750', 'ALIFCell_0.recurrent_weights': '1.006', 'ReadOut_0.readout_weights': '0.000'}
[2026-05-20 16:54:19,832][src.modRNN.training.alignment][INFO] - epoch 1825  train loss=0.6529  (rule: diffusion)
[2026-05-20 16:54:38,320][src.modRNN.training.alignment][INFO] - epoch 1850  train loss=0.5887  (rule: diffusion)
[2026-05-20 16:54:39,815][src.modRNN.training.alignment][INFO] -   align BPTT @ epoch 1851: cos {'ALIFCell_0.input_weights': '0.000', 'ALIFCell_0.recurrent_weights': '0.000', 'ReadOut_0.readout_weights': '0.000'}
[2026-05-20 16:54:40,369][src.modRNN.training.alignment][INFO] -   align eprop @ epoch 1851: cos {'ALIFCell_0.input_weights': '0.983', 'ALIFCell_0.recurrent_weights': '1.022', 'ReadOut_0.readout_weights': '0.000'}
[2026-05-20 16:54:41,062][src.modRNN.training.alignment][INFO] -   align diffusion_aligned @ epoch 1851: cos {'ALIFCell_0.input_weights': '0.964', 'ALIFCell_0.recurrent_weights': '0.941', 'ReadOut_0.readout_weights': '0.000'}
[2026-05-20 16:54:42,225][src.modRNN.training.alignment][INFO] -   align diffusion_per_step @ epoch 1851: cos {'ALIFCell_0.input_weights': '0.974', 'ALIFCell_0.recurrent_weights': '1.012', 'ReadOut_0.readout_weights': '0.000'}
[2026-05-20 16:54:42,904][src.modRNN.training.alignment][INFO] -   align diffusion_fixed @ epoch 1851: cos {'ALIFCell_0.input_weights': '1.058', 'ALIFCell_0.recurrent_weights': '0.997', 'ReadOut_0.readout_weights': '0.000'}
[2026-05-20 16:55:00,641][src.modRNN.training.alignment][INFO] - epoch 1875  train loss=0.5848  (rule: diffusion)
[2026-05-20 16:55:19,182][src.modRNN.training.alignment][INFO] - epoch 1900  train loss=0.6097  (rule: diffusion)
[2026-05-20 16:55:20,680][src.modRNN.training.alignment][INFO] -   align BPTT @ epoch 1901: cos {'ALIFCell_0.input_weights': '0.000', 'ALIFCell_0.recurrent_weights': '0.000', 'ReadOut_0.readout_weights': '0.000'}
[2026-05-20 16:55:21,236][src.modRNN.training.alignment][INFO] -   align eprop @ epoch 1901: cos {'ALIFCell_0.input_weights': '0.923', 'ALIFCell_0.recurrent_weights': '1.005', 'ReadOut_0.readout_weights': '0.000'}
[2026-05-20 16:55:21,931][src.modRNN.training.alignment][INFO] -   align diffusion_aligned @ epoch 1901: cos {'ALIFCell_0.input_weights': '0.878', 'ALIFCell_0.recurrent_weights': '0.948', 'ReadOut_0.readout_weights': '0.000'}
[2026-05-20 16:55:23,096][src.modRNN.training.alignment][INFO] -   align diffusion_per_step @ epoch 1901: cos {'ALIFCell_0.input_weights': '0.965', 'ALIFCell_0.recurrent_weights': '1.040', 'ReadOut_0.readout_weights': '0.000'}
[2026-05-20 16:55:23,776][src.modRNN.training.alignment][INFO] -   align diffusion_fixed @ epoch 1901: cos {'ALIFCell_0.input_weights': '0.999', 'ALIFCell_0.recurrent_weights': '1.092', 'ReadOut_0.readout_weights': '0.000'}
[2026-05-20 16:55:41,575][src.modRNN.training.alignment][INFO] - epoch 1925  train loss=0.5480  (rule: diffusion)
[2026-05-20 16:56:00,049][src.modRNN.training.alignment][INFO] - epoch 1950  train loss=0.5989  (rule: diffusion)
[2026-05-20 16:56:01,547][src.modRNN.training.alignment][INFO] -   align BPTT @ epoch 1951: cos {'ALIFCell_0.input_weights': '0.000', 'ALIFCell_0.recurrent_weights': '0.000', 'ReadOut_0.readout_weights': '0.000'}
[2026-05-20 16:56:02,101][src.modRNN.training.alignment][INFO] -   align eprop @ epoch 1951: cos {'ALIFCell_0.input_weights': '0.495', 'ALIFCell_0.recurrent_weights': '0.844', 'ReadOut_0.readout_weights': '0.000'}
[2026-05-20 16:56:02,797][src.modRNN.training.alignment][INFO] -   align diffusion_aligned @ epoch 1951: cos {'ALIFCell_0.input_weights': '0.626', 'ALIFCell_0.recurrent_weights': '0.901', 'ReadOut_0.readout_weights': '0.000'}
[2026-05-20 16:56:03,961][src.modRNN.training.alignment][INFO] -   align diffusion_per_step @ epoch 1951: cos {'ALIFCell_0.input_weights': '0.561', 'ALIFCell_0.recurrent_weights': '0.874', 'ReadOut_0.readout_weights': '0.000'}
[2026-05-20 16:56:04,643][src.modRNN.training.alignment][INFO] -   align diffusion_fixed @ epoch 1951: cos {'ALIFCell_0.input_weights': '0.690', 'ALIFCell_0.recurrent_weights': '0.900', 'ReadOut_0.readout_weights': '0.000'}
[2026-05-20 16:56:22,429][src.modRNN.training.alignment][INFO] - epoch 1975  train loss=0.6411  (rule: diffusion)
[2026-05-20 16:56:40,917][src.modRNN.training.alignment][INFO] - epoch 2000  train loss=0.5115  (rule: diffusion)
[2026-05-20 16:56:42,413][src.modRNN.training.alignment][INFO] -   align BPTT @ epoch 2001: cos {'ALIFCell_0.input_weights': '0.000', 'ALIFCell_0.recurrent_weights': '0.000', 'ReadOut_0.readout_weights': '0.000'}
[2026-05-20 16:56:42,967][src.modRNN.training.alignment][INFO] -   align eprop @ epoch 2001: cos {'ALIFCell_0.input_weights': '0.762', 'ALIFCell_0.recurrent_weights': '0.896', 'ReadOut_0.readout_weights': '0.000'}
[2026-05-20 16:56:43,666][src.modRNN.training.alignment][INFO] -   align diffusion_aligned @ epoch 2001: cos {'ALIFCell_0.input_weights': '0.861', 'ALIFCell_0.recurrent_weights': '0.997', 'ReadOut_0.readout_weights': '0.000'}
[2026-05-20 16:56:44,830][src.modRNN.training.alignment][INFO] -   align diffusion_per_step @ epoch 2001: cos {'ALIFCell_0.input_weights': '0.801', 'ALIFCell_0.recurrent_weights': '0.914', 'ReadOut_0.readout_weights': '0.000'}
[2026-05-20 16:56:45,514][src.modRNN.training.alignment][INFO] -   align diffusion_fixed @ epoch 2001: cos {'ALIFCell_0.input_weights': '0.887', 'ALIFCell_0.recurrent_weights': '0.998', 'ReadOut_0.readout_weights': '0.000'}
[2026-05-20 16:56:45,548][src.modRNN.training.alignment][INFO] - Alignment experiment finished. Output dir: /mnt/lustre/work/martius/mot736/neuromodRNN/outputs/delayed_match/align_local_connectivity_diffusion/seed_86134
