[2026-05-19 23:43:11,658][jax._src.xla_bridge][INFO] - Unable to initialize backend 'rocm': module 'jaxlib.xla_extension' has no attribute 'GpuAllocatorConfig'
[2026-05-19 23:43:11,660][jax._src.xla_bridge][INFO] - Unable to initialize backend 'tpu': INTERNAL: Failed to open libtpu.so: libtpu.so: cannot open shared object file: No such file or directory
[2026-05-19 23:43:23,065][src.modRNN.training.alignment][INFO] - Starting alignment experiment: training with diffusion, measuring alignment of ['BPTT', 'eprop', 'diffusion_aligned', 'diffusion_per_step', 'diffusion_fixed'] every 50 epochs.
[2026-05-19 23:43:28,489][src.modRNN.training.alignment][INFO] - epoch 1  train loss=0.1326  (rule: diffusion)
[2026-05-19 23:43:29,791][src.modRNN.training.alignment][INFO] -   align BPTT @ epoch 1: cos {'ALIFCell_0.input_weights': '0.000', 'ALIFCell_0.recurrent_weights': '0.000', 'ReadOut_0.readout_weights': '0.000'}
[2026-05-19 23:43:30,871][src.modRNN.training.alignment][INFO] -   align eprop @ epoch 1: cos {'ALIFCell_0.input_weights': '0.795', 'ALIFCell_0.recurrent_weights': '0.760', 'ReadOut_0.readout_weights': '0.000'}
[2026-05-19 23:43:32,212][src.modRNN.training.alignment][INFO] -   align diffusion_aligned @ epoch 1: cos {'ALIFCell_0.input_weights': '0.883', 'ALIFCell_0.recurrent_weights': '0.829', 'ReadOut_0.readout_weights': '0.000'}
[2026-05-19 23:43:35,252][src.modRNN.training.alignment][INFO] -   align diffusion_per_step @ epoch 1: cos {'ALIFCell_0.input_weights': '0.803', 'ALIFCell_0.recurrent_weights': '0.769', 'ReadOut_0.readout_weights': '0.000'}
[2026-05-19 23:43:36,641][src.modRNN.training.alignment][INFO] -   align diffusion_fixed @ epoch 1: cos {'ALIFCell_0.input_weights': '0.894', 'ALIFCell_0.recurrent_weights': '0.819', 'ReadOut_0.readout_weights': '0.000'}
[2026-05-19 23:43:44,715][src.modRNN.training.alignment][INFO] - epoch 25  train loss=0.1657  (rule: diffusion)
[2026-05-19 23:43:53,133][src.modRNN.training.alignment][INFO] - epoch 50  train loss=0.1057  (rule: diffusion)
[2026-05-19 23:43:53,703][src.modRNN.training.alignment][INFO] -   align BPTT @ epoch 51: cos {'ALIFCell_0.input_weights': '0.000', 'ALIFCell_0.recurrent_weights': '0.000', 'ReadOut_0.readout_weights': '0.000'}
[2026-05-19 23:43:53,995][src.modRNN.training.alignment][INFO] -   align eprop @ epoch 51: cos {'ALIFCell_0.input_weights': '1.056', 'ALIFCell_0.recurrent_weights': '1.164', 'ReadOut_0.readout_weights': '0.000'}
[2026-05-19 23:43:54,323][src.modRNN.training.alignment][INFO] -   align diffusion_aligned @ epoch 51: cos {'ALIFCell_0.input_weights': '1.138', 'ALIFCell_0.recurrent_weights': '1.219', 'ReadOut_0.readout_weights': '0.000'}
[2026-05-19 23:43:54,811][src.modRNN.training.alignment][INFO] -   align diffusion_per_step @ epoch 51: cos {'ALIFCell_0.input_weights': '1.034', 'ALIFCell_0.recurrent_weights': '1.145', 'ReadOut_0.readout_weights': '0.000'}
[2026-05-19 23:43:55,138][src.modRNN.training.alignment][INFO] -   align diffusion_fixed @ epoch 51: cos {'ALIFCell_0.input_weights': '0.979', 'ALIFCell_0.recurrent_weights': '1.133', 'ReadOut_0.readout_weights': '0.000'}
[2026-05-19 23:44:03,222][src.modRNN.training.alignment][INFO] - epoch 75  train loss=0.1112  (rule: diffusion)
[2026-05-19 23:44:11,643][src.modRNN.training.alignment][INFO] - epoch 100  train loss=0.0838  (rule: diffusion)
[2026-05-19 23:44:12,210][src.modRNN.training.alignment][INFO] -   align BPTT @ epoch 101: cos {'ALIFCell_0.input_weights': '0.000', 'ALIFCell_0.recurrent_weights': '0.000', 'ReadOut_0.readout_weights': '0.000'}
[2026-05-19 23:44:12,501][src.modRNN.training.alignment][INFO] -   align eprop @ epoch 101: cos {'ALIFCell_0.input_weights': '1.277', 'ALIFCell_0.recurrent_weights': '1.296', 'ReadOut_0.readout_weights': '0.000'}
[2026-05-19 23:44:12,826][src.modRNN.training.alignment][INFO] -   align diffusion_aligned @ epoch 101: cos {'ALIFCell_0.input_weights': '1.333', 'ALIFCell_0.recurrent_weights': '1.339', 'ReadOut_0.readout_weights': '0.000'}
[2026-05-19 23:44:13,313][src.modRNN.training.alignment][INFO] -   align diffusion_per_step @ epoch 101: cos {'ALIFCell_0.input_weights': '1.256', 'ALIFCell_0.recurrent_weights': '1.271', 'ReadOut_0.readout_weights': '0.000'}
[2026-05-19 23:44:13,638][src.modRNN.training.alignment][INFO] -   align diffusion_fixed @ epoch 101: cos {'ALIFCell_0.input_weights': '1.170', 'ALIFCell_0.recurrent_weights': '1.215', 'ReadOut_0.readout_weights': '0.000'}
[2026-05-19 23:44:21,742][src.modRNN.training.alignment][INFO] - epoch 125  train loss=0.0709  (rule: diffusion)
[2026-05-19 23:44:30,195][src.modRNN.training.alignment][INFO] - epoch 150  train loss=0.0696  (rule: diffusion)
[2026-05-19 23:44:30,764][src.modRNN.training.alignment][INFO] -   align BPTT @ epoch 151: cos {'ALIFCell_0.input_weights': '0.000', 'ALIFCell_0.recurrent_weights': '0.000', 'ReadOut_0.readout_weights': '0.000'}
[2026-05-19 23:44:31,052][src.modRNN.training.alignment][INFO] -   align eprop @ epoch 151: cos {'ALIFCell_0.input_weights': '1.260', 'ALIFCell_0.recurrent_weights': '1.357', 'ReadOut_0.readout_weights': '0.000'}
[2026-05-19 23:44:31,378][src.modRNN.training.alignment][INFO] -   align diffusion_aligned @ epoch 151: cos {'ALIFCell_0.input_weights': '1.318', 'ALIFCell_0.recurrent_weights': '1.401', 'ReadOut_0.readout_weights': '0.000'}
[2026-05-19 23:44:31,866][src.modRNN.training.alignment][INFO] -   align diffusion_per_step @ epoch 151: cos {'ALIFCell_0.input_weights': '1.251', 'ALIFCell_0.recurrent_weights': '1.347', 'ReadOut_0.readout_weights': '0.000'}
[2026-05-19 23:44:32,192][src.modRNN.training.alignment][INFO] -   align diffusion_fixed @ epoch 151: cos {'ALIFCell_0.input_weights': '1.213', 'ALIFCell_0.recurrent_weights': '1.320', 'ReadOut_0.readout_weights': '0.000'}
[2026-05-19 23:44:40,311][src.modRNN.training.alignment][INFO] - epoch 175  train loss=0.0516  (rule: diffusion)
[2026-05-19 23:44:48,751][src.modRNN.training.alignment][INFO] - epoch 200  train loss=0.0589  (rule: diffusion)
[2026-05-19 23:44:49,321][src.modRNN.training.alignment][INFO] -   align BPTT @ epoch 201: cos {'ALIFCell_0.input_weights': '0.000', 'ALIFCell_0.recurrent_weights': '0.000', 'ReadOut_0.readout_weights': '0.000'}
[2026-05-19 23:44:49,612][src.modRNN.training.alignment][INFO] -   align eprop @ epoch 201: cos {'ALIFCell_0.input_weights': '1.095', 'ALIFCell_0.recurrent_weights': '1.149', 'ReadOut_0.readout_weights': '0.000'}
[2026-05-19 23:44:49,938][src.modRNN.training.alignment][INFO] -   align diffusion_aligned @ epoch 201: cos {'ALIFCell_0.input_weights': '1.174', 'ALIFCell_0.recurrent_weights': '1.224', 'ReadOut_0.readout_weights': '0.000'}
[2026-05-19 23:44:50,426][src.modRNN.training.alignment][INFO] -   align diffusion_per_step @ epoch 201: cos {'ALIFCell_0.input_weights': '1.106', 'ALIFCell_0.recurrent_weights': '1.150', 'ReadOut_0.readout_weights': '0.000'}
[2026-05-19 23:44:50,752][src.modRNN.training.alignment][INFO] -   align diffusion_fixed @ epoch 201: cos {'ALIFCell_0.input_weights': '1.016', 'ALIFCell_0.recurrent_weights': '1.052', 'ReadOut_0.readout_weights': '0.000'}
[2026-05-19 23:44:58,879][src.modRNN.training.alignment][INFO] - epoch 225  train loss=0.0450  (rule: diffusion)
[2026-05-19 23:45:07,348][src.modRNN.training.alignment][INFO] - epoch 250  train loss=0.0453  (rule: diffusion)
[2026-05-19 23:45:07,918][src.modRNN.training.alignment][INFO] -   align BPTT @ epoch 251: cos {'ALIFCell_0.input_weights': '0.000', 'ALIFCell_0.recurrent_weights': '0.000', 'ReadOut_0.readout_weights': '0.000'}
[2026-05-19 23:45:08,209][src.modRNN.training.alignment][INFO] -   align eprop @ epoch 251: cos {'ALIFCell_0.input_weights': '1.299', 'ALIFCell_0.recurrent_weights': '1.283', 'ReadOut_0.readout_weights': '0.000'}
[2026-05-19 23:45:08,536][src.modRNN.training.alignment][INFO] -   align diffusion_aligned @ epoch 251: cos {'ALIFCell_0.input_weights': '1.365', 'ALIFCell_0.recurrent_weights': '1.372', 'ReadOut_0.readout_weights': '0.000'}
[2026-05-19 23:45:09,025][src.modRNN.training.alignment][INFO] -   align diffusion_per_step @ epoch 251: cos {'ALIFCell_0.input_weights': '1.284', 'ALIFCell_0.recurrent_weights': '1.267', 'ReadOut_0.readout_weights': '0.000'}
[2026-05-19 23:45:09,357][src.modRNN.training.alignment][INFO] -   align diffusion_fixed @ epoch 251: cos {'ALIFCell_0.input_weights': '1.245', 'ALIFCell_0.recurrent_weights': '1.210', 'ReadOut_0.readout_weights': '0.000'}
[2026-05-19 23:45:17,476][src.modRNN.training.alignment][INFO] - epoch 275  train loss=0.0536  (rule: diffusion)
[2026-05-19 23:45:25,928][src.modRNN.training.alignment][INFO] - epoch 300  train loss=0.0798  (rule: diffusion)
[2026-05-19 23:45:26,495][src.modRNN.training.alignment][INFO] -   align BPTT @ epoch 301: cos {'ALIFCell_0.input_weights': '0.000', 'ALIFCell_0.recurrent_weights': '0.000', 'ReadOut_0.readout_weights': '0.000'}
[2026-05-19 23:45:26,783][src.modRNN.training.alignment][INFO] -   align eprop @ epoch 301: cos {'ALIFCell_0.input_weights': '0.986', 'ALIFCell_0.recurrent_weights': '1.037', 'ReadOut_0.readout_weights': '0.000'}
[2026-05-19 23:45:27,110][src.modRNN.training.alignment][INFO] -   align diffusion_aligned @ epoch 301: cos {'ALIFCell_0.input_weights': '1.064', 'ALIFCell_0.recurrent_weights': '1.095', 'ReadOut_0.readout_weights': '0.000'}
[2026-05-19 23:45:27,598][src.modRNN.training.alignment][INFO] -   align diffusion_per_step @ epoch 301: cos {'ALIFCell_0.input_weights': '0.991', 'ALIFCell_0.recurrent_weights': '1.044', 'ReadOut_0.readout_weights': '0.000'}
[2026-05-19 23:45:27,925][src.modRNN.training.alignment][INFO] -   align diffusion_fixed @ epoch 301: cos {'ALIFCell_0.input_weights': '0.864', 'ALIFCell_0.recurrent_weights': '0.910', 'ReadOut_0.readout_weights': '0.000'}
[2026-05-19 23:45:35,978][src.modRNN.training.alignment][INFO] - epoch 325  train loss=0.0699  (rule: diffusion)
[2026-05-19 23:45:44,357][src.modRNN.training.alignment][INFO] - epoch 350  train loss=0.0307  (rule: diffusion)
[2026-05-19 23:45:44,925][src.modRNN.training.alignment][INFO] -   align BPTT @ epoch 351: cos {'ALIFCell_0.input_weights': '0.000', 'ALIFCell_0.recurrent_weights': '0.000', 'ReadOut_0.readout_weights': '0.000'}
[2026-05-19 23:45:45,216][src.modRNN.training.alignment][INFO] -   align eprop @ epoch 351: cos {'ALIFCell_0.input_weights': '1.107', 'ALIFCell_0.recurrent_weights': '1.137', 'ReadOut_0.readout_weights': '0.000'}
[2026-05-19 23:45:45,543][src.modRNN.training.alignment][INFO] -   align diffusion_aligned @ epoch 351: cos {'ALIFCell_0.input_weights': '1.175', 'ALIFCell_0.recurrent_weights': '1.188', 'ReadOut_0.readout_weights': '0.000'}
[2026-05-19 23:45:46,031][src.modRNN.training.alignment][INFO] -   align diffusion_per_step @ epoch 351: cos {'ALIFCell_0.input_weights': '1.108', 'ALIFCell_0.recurrent_weights': '1.138', 'ReadOut_0.readout_weights': '0.000'}
[2026-05-19 23:45:46,358][src.modRNN.training.alignment][INFO] -   align diffusion_fixed @ epoch 351: cos {'ALIFCell_0.input_weights': '0.983', 'ALIFCell_0.recurrent_weights': '1.017', 'ReadOut_0.readout_weights': '0.000'}
[2026-05-19 23:45:54,424][src.modRNN.training.alignment][INFO] - epoch 375  train loss=0.0248  (rule: diffusion)
[2026-05-19 23:46:02,832][src.modRNN.training.alignment][INFO] - epoch 400  train loss=0.0376  (rule: diffusion)
[2026-05-19 23:46:03,402][src.modRNN.training.alignment][INFO] -   align BPTT @ epoch 401: cos {'ALIFCell_0.input_weights': '0.000', 'ALIFCell_0.recurrent_weights': '0.000', 'ReadOut_0.readout_weights': '0.000'}
[2026-05-19 23:46:03,692][src.modRNN.training.alignment][INFO] -   align eprop @ epoch 401: cos {'ALIFCell_0.input_weights': '1.243', 'ALIFCell_0.recurrent_weights': '1.248', 'ReadOut_0.readout_weights': '0.000'}
[2026-05-19 23:46:04,020][src.modRNN.training.alignment][INFO] -   align diffusion_aligned @ epoch 401: cos {'ALIFCell_0.input_weights': '1.315', 'ALIFCell_0.recurrent_weights': '1.296', 'ReadOut_0.readout_weights': '0.000'}
[2026-05-19 23:46:04,509][src.modRNN.training.alignment][INFO] -   align diffusion_per_step @ epoch 401: cos {'ALIFCell_0.input_weights': '1.235', 'ALIFCell_0.recurrent_weights': '1.241', 'ReadOut_0.readout_weights': '0.000'}
[2026-05-19 23:46:04,836][src.modRNN.training.alignment][INFO] -   align diffusion_fixed @ epoch 401: cos {'ALIFCell_0.input_weights': '1.067', 'ALIFCell_0.recurrent_weights': '1.092', 'ReadOut_0.readout_weights': '0.000'}
[2026-05-19 23:46:12,934][src.modRNN.training.alignment][INFO] - epoch 425  train loss=0.0247  (rule: diffusion)
[2026-05-19 23:46:21,397][src.modRNN.training.alignment][INFO] - epoch 450  train loss=0.0196  (rule: diffusion)
[2026-05-19 23:46:21,967][src.modRNN.training.alignment][INFO] -   align BPTT @ epoch 451: cos {'ALIFCell_0.input_weights': '0.000', 'ALIFCell_0.recurrent_weights': '0.000', 'ReadOut_0.readout_weights': '0.000'}
[2026-05-19 23:46:22,255][src.modRNN.training.alignment][INFO] -   align eprop @ epoch 451: cos {'ALIFCell_0.input_weights': '1.196', 'ALIFCell_0.recurrent_weights': '1.212', 'ReadOut_0.readout_weights': '0.000'}
[2026-05-19 23:46:22,582][src.modRNN.training.alignment][INFO] -   align diffusion_aligned @ epoch 451: cos {'ALIFCell_0.input_weights': '1.231', 'ALIFCell_0.recurrent_weights': '1.241', 'ReadOut_0.readout_weights': '0.000'}
[2026-05-19 23:46:23,070][src.modRNN.training.alignment][INFO] -   align diffusion_per_step @ epoch 451: cos {'ALIFCell_0.input_weights': '1.192', 'ALIFCell_0.recurrent_weights': '1.210', 'ReadOut_0.readout_weights': '0.000'}
[2026-05-19 23:46:23,397][src.modRNN.training.alignment][INFO] -   align diffusion_fixed @ epoch 451: cos {'ALIFCell_0.input_weights': '1.154', 'ALIFCell_0.recurrent_weights': '1.162', 'ReadOut_0.readout_weights': '0.000'}
[2026-05-19 23:46:31,495][src.modRNN.training.alignment][INFO] - epoch 475  train loss=0.0199  (rule: diffusion)
[2026-05-19 23:46:39,927][src.modRNN.training.alignment][INFO] - epoch 500  train loss=0.0344  (rule: diffusion)
[2026-05-19 23:46:40,493][src.modRNN.training.alignment][INFO] -   align BPTT @ epoch 501: cos {'ALIFCell_0.input_weights': '0.000', 'ALIFCell_0.recurrent_weights': '0.000', 'ReadOut_0.readout_weights': '0.000'}
[2026-05-19 23:46:40,783][src.modRNN.training.alignment][INFO] -   align eprop @ epoch 501: cos {'ALIFCell_0.input_weights': '1.258', 'ALIFCell_0.recurrent_weights': '1.271', 'ReadOut_0.readout_weights': '0.000'}
[2026-05-19 23:46:41,110][src.modRNN.training.alignment][INFO] -   align diffusion_aligned @ epoch 501: cos {'ALIFCell_0.input_weights': '1.337', 'ALIFCell_0.recurrent_weights': '1.348', 'ReadOut_0.readout_weights': '0.000'}
[2026-05-19 23:46:41,599][src.modRNN.training.alignment][INFO] -   align diffusion_per_step @ epoch 501: cos {'ALIFCell_0.input_weights': '1.259', 'ALIFCell_0.recurrent_weights': '1.272', 'ReadOut_0.readout_weights': '0.000'}
[2026-05-19 23:46:41,925][src.modRNN.training.alignment][INFO] -   align diffusion_fixed @ epoch 501: cos {'ALIFCell_0.input_weights': '1.126', 'ALIFCell_0.recurrent_weights': '1.177', 'ReadOut_0.readout_weights': '0.000'}
[2026-05-19 23:46:49,996][src.modRNN.training.alignment][INFO] - epoch 525  train loss=0.0612  (rule: diffusion)
[2026-05-19 23:46:58,384][src.modRNN.training.alignment][INFO] - epoch 550  train loss=0.0559  (rule: diffusion)
[2026-05-19 23:46:58,953][src.modRNN.training.alignment][INFO] -   align BPTT @ epoch 551: cos {'ALIFCell_0.input_weights': '0.000', 'ALIFCell_0.recurrent_weights': '0.000', 'ReadOut_0.readout_weights': '0.000'}
[2026-05-19 23:46:59,242][src.modRNN.training.alignment][INFO] -   align eprop @ epoch 551: cos {'ALIFCell_0.input_weights': '0.977', 'ALIFCell_0.recurrent_weights': '0.999', 'ReadOut_0.readout_weights': '0.000'}
[2026-05-19 23:46:59,569][src.modRNN.training.alignment][INFO] -   align diffusion_aligned @ epoch 551: cos {'ALIFCell_0.input_weights': '1.050', 'ALIFCell_0.recurrent_weights': '1.066', 'ReadOut_0.readout_weights': '0.000'}
[2026-05-19 23:47:00,057][src.modRNN.training.alignment][INFO] -   align diffusion_per_step @ epoch 551: cos {'ALIFCell_0.input_weights': '0.983', 'ALIFCell_0.recurrent_weights': '1.008', 'ReadOut_0.readout_weights': '0.000'}
[2026-05-19 23:47:00,383][src.modRNN.training.alignment][INFO] -   align diffusion_fixed @ epoch 551: cos {'ALIFCell_0.input_weights': '0.879', 'ALIFCell_0.recurrent_weights': '0.903', 'ReadOut_0.readout_weights': '0.000'}
[2026-05-19 23:47:08,510][src.modRNN.training.alignment][INFO] - epoch 575  train loss=0.0358  (rule: diffusion)
[2026-05-19 23:47:16,976][src.modRNN.training.alignment][INFO] - epoch 600  train loss=0.0272  (rule: diffusion)
[2026-05-19 23:47:17,546][src.modRNN.training.alignment][INFO] -   align BPTT @ epoch 601: cos {'ALIFCell_0.input_weights': '0.000', 'ALIFCell_0.recurrent_weights': '0.000', 'ReadOut_0.readout_weights': '0.000'}
[2026-05-19 23:47:17,834][src.modRNN.training.alignment][INFO] -   align eprop @ epoch 601: cos {'ALIFCell_0.input_weights': '1.283', 'ALIFCell_0.recurrent_weights': '1.253', 'ReadOut_0.readout_weights': '0.000'}
[2026-05-19 23:47:18,161][src.modRNN.training.alignment][INFO] -   align diffusion_aligned @ epoch 601: cos {'ALIFCell_0.input_weights': '1.383', 'ALIFCell_0.recurrent_weights': '1.345', 'ReadOut_0.readout_weights': '0.000'}
[2026-05-19 23:47:18,649][src.modRNN.training.alignment][INFO] -   align diffusion_per_step @ epoch 601: cos {'ALIFCell_0.input_weights': '1.292', 'ALIFCell_0.recurrent_weights': '1.257', 'ReadOut_0.readout_weights': '0.000'}
[2026-05-19 23:47:18,976][src.modRNN.training.alignment][INFO] -   align diffusion_fixed @ epoch 601: cos {'ALIFCell_0.input_weights': '1.208', 'ALIFCell_0.recurrent_weights': '1.180', 'ReadOut_0.readout_weights': '0.000'}
[2026-05-19 23:47:27,038][src.modRNN.training.alignment][INFO] - epoch 625  train loss=0.0183  (rule: diffusion)
[2026-05-19 23:47:35,436][src.modRNN.training.alignment][INFO] - epoch 650  train loss=0.0195  (rule: diffusion)
[2026-05-19 23:47:36,007][src.modRNN.training.alignment][INFO] -   align BPTT @ epoch 651: cos {'ALIFCell_0.input_weights': '0.000', 'ALIFCell_0.recurrent_weights': '0.000', 'ReadOut_0.readout_weights': '0.000'}
[2026-05-19 23:47:36,295][src.modRNN.training.alignment][INFO] -   align eprop @ epoch 651: cos {'ALIFCell_0.input_weights': '1.165', 'ALIFCell_0.recurrent_weights': '1.165', 'ReadOut_0.readout_weights': '0.000'}
[2026-05-19 23:47:36,622][src.modRNN.training.alignment][INFO] -   align diffusion_aligned @ epoch 651: cos {'ALIFCell_0.input_weights': '1.249', 'ALIFCell_0.recurrent_weights': '1.226', 'ReadOut_0.readout_weights': '0.000'}
[2026-05-19 23:47:37,111][src.modRNN.training.alignment][INFO] -   align diffusion_per_step @ epoch 651: cos {'ALIFCell_0.input_weights': '1.168', 'ALIFCell_0.recurrent_weights': '1.168', 'ReadOut_0.readout_weights': '0.000'}
[2026-05-19 23:47:37,444][src.modRNN.training.alignment][INFO] -   align diffusion_fixed @ epoch 651: cos {'ALIFCell_0.input_weights': '1.020', 'ALIFCell_0.recurrent_weights': '1.052', 'ReadOut_0.readout_weights': '0.000'}
[2026-05-19 23:47:45,547][src.modRNN.training.alignment][INFO] - epoch 675  train loss=0.0541  (rule: diffusion)
[2026-05-19 23:47:53,985][src.modRNN.training.alignment][INFO] - epoch 700  train loss=0.0731  (rule: diffusion)
[2026-05-19 23:47:54,554][src.modRNN.training.alignment][INFO] -   align BPTT @ epoch 701: cos {'ALIFCell_0.input_weights': '0.000', 'ALIFCell_0.recurrent_weights': '0.000', 'ReadOut_0.readout_weights': '0.000'}
[2026-05-19 23:47:54,845][src.modRNN.training.alignment][INFO] -   align eprop @ epoch 701: cos {'ALIFCell_0.input_weights': '1.135', 'ALIFCell_0.recurrent_weights': '1.122', 'ReadOut_0.readout_weights': '0.000'}
[2026-05-19 23:47:55,172][src.modRNN.training.alignment][INFO] -   align diffusion_aligned @ epoch 701: cos {'ALIFCell_0.input_weights': '1.264', 'ALIFCell_0.recurrent_weights': '1.240', 'ReadOut_0.readout_weights': '0.000'}
[2026-05-19 23:47:55,660][src.modRNN.training.alignment][INFO] -   align diffusion_per_step @ epoch 701: cos {'ALIFCell_0.input_weights': '1.148', 'ALIFCell_0.recurrent_weights': '1.138', 'ReadOut_0.readout_weights': '0.000'}
[2026-05-19 23:47:55,992][src.modRNN.training.alignment][INFO] -   align diffusion_fixed @ epoch 701: cos {'ALIFCell_0.input_weights': '1.028', 'ALIFCell_0.recurrent_weights': '1.031', 'ReadOut_0.readout_weights': '0.000'}
[2026-05-19 23:48:04,027][src.modRNN.training.alignment][INFO] - epoch 725  train loss=0.0520  (rule: diffusion)
[2026-05-19 23:48:12,385][src.modRNN.training.alignment][INFO] - epoch 750  train loss=0.0394  (rule: diffusion)
[2026-05-19 23:48:12,954][src.modRNN.training.alignment][INFO] -   align BPTT @ epoch 751: cos {'ALIFCell_0.input_weights': '0.000', 'ALIFCell_0.recurrent_weights': '0.000', 'ReadOut_0.readout_weights': '0.000'}
[2026-05-19 23:48:13,245][src.modRNN.training.alignment][INFO] -   align eprop @ epoch 751: cos {'ALIFCell_0.input_weights': '1.036', 'ALIFCell_0.recurrent_weights': '0.986', 'ReadOut_0.readout_weights': '0.000'}
[2026-05-19 23:48:13,572][src.modRNN.training.alignment][INFO] -   align diffusion_aligned @ epoch 751: cos {'ALIFCell_0.input_weights': '1.133', 'ALIFCell_0.recurrent_weights': '1.074', 'ReadOut_0.readout_weights': '0.000'}
[2026-05-19 23:48:14,061][src.modRNN.training.alignment][INFO] -   align diffusion_per_step @ epoch 751: cos {'ALIFCell_0.input_weights': '1.038', 'ALIFCell_0.recurrent_weights': '0.982', 'ReadOut_0.readout_weights': '0.000'}
[2026-05-19 23:48:14,387][src.modRNN.training.alignment][INFO] -   align diffusion_fixed @ epoch 751: cos {'ALIFCell_0.input_weights': '1.009', 'ALIFCell_0.recurrent_weights': '1.020', 'ReadOut_0.readout_weights': '0.000'}
[2026-05-19 23:48:22,489][src.modRNN.training.alignment][INFO] - epoch 775  train loss=0.0305  (rule: diffusion)
[2026-05-19 23:48:30,937][src.modRNN.training.alignment][INFO] - epoch 800  train loss=0.0260  (rule: diffusion)
[2026-05-19 23:48:31,505][src.modRNN.training.alignment][INFO] -   align BPTT @ epoch 801: cos {'ALIFCell_0.input_weights': '0.000', 'ALIFCell_0.recurrent_weights': '0.000', 'ReadOut_0.readout_weights': '0.000'}
[2026-05-19 23:48:31,793][src.modRNN.training.alignment][INFO] -   align eprop @ epoch 801: cos {'ALIFCell_0.input_weights': '1.210', 'ALIFCell_0.recurrent_weights': '1.223', 'ReadOut_0.readout_weights': '0.000'}
[2026-05-19 23:48:32,120][src.modRNN.training.alignment][INFO] -   align diffusion_aligned @ epoch 801: cos {'ALIFCell_0.input_weights': '1.329', 'ALIFCell_0.recurrent_weights': '1.304', 'ReadOut_0.readout_weights': '0.000'}
[2026-05-19 23:48:32,607][src.modRNN.training.alignment][INFO] -   align diffusion_per_step @ epoch 801: cos {'ALIFCell_0.input_weights': '1.214', 'ALIFCell_0.recurrent_weights': '1.226', 'ReadOut_0.readout_weights': '0.000'}
[2026-05-19 23:48:32,933][src.modRNN.training.alignment][INFO] -   align diffusion_fixed @ epoch 801: cos {'ALIFCell_0.input_weights': '1.031', 'ALIFCell_0.recurrent_weights': '1.086', 'ReadOut_0.readout_weights': '0.000'}
[2026-05-19 23:48:41,026][src.modRNN.training.alignment][INFO] - epoch 825  train loss=0.0207  (rule: diffusion)
[2026-05-19 23:48:49,482][src.modRNN.training.alignment][INFO] - epoch 850  train loss=0.0335  (rule: diffusion)
[2026-05-19 23:48:50,051][src.modRNN.training.alignment][INFO] -   align BPTT @ epoch 851: cos {'ALIFCell_0.input_weights': '0.000', 'ALIFCell_0.recurrent_weights': '0.000', 'ReadOut_0.readout_weights': '0.000'}
[2026-05-19 23:48:50,341][src.modRNN.training.alignment][INFO] -   align eprop @ epoch 851: cos {'ALIFCell_0.input_weights': '1.097', 'ALIFCell_0.recurrent_weights': '1.088', 'ReadOut_0.readout_weights': '0.000'}
[2026-05-19 23:48:50,668][src.modRNN.training.alignment][INFO] -   align diffusion_aligned @ epoch 851: cos {'ALIFCell_0.input_weights': '1.229', 'ALIFCell_0.recurrent_weights': '1.189', 'ReadOut_0.readout_weights': '0.000'}
[2026-05-19 23:48:51,157][src.modRNN.training.alignment][INFO] -   align diffusion_per_step @ epoch 851: cos {'ALIFCell_0.input_weights': '1.099', 'ALIFCell_0.recurrent_weights': '1.090', 'ReadOut_0.readout_weights': '0.000'}
[2026-05-19 23:48:51,484][src.modRNN.training.alignment][INFO] -   align diffusion_fixed @ epoch 851: cos {'ALIFCell_0.input_weights': '0.974', 'ALIFCell_0.recurrent_weights': '1.006', 'ReadOut_0.readout_weights': '0.000'}
[2026-05-19 23:48:59,605][src.modRNN.training.alignment][INFO] - epoch 875  train loss=0.0179  (rule: diffusion)
[2026-05-19 23:49:08,067][src.modRNN.training.alignment][INFO] - epoch 900  train loss=0.1310  (rule: diffusion)
[2026-05-19 23:49:08,636][src.modRNN.training.alignment][INFO] -   align BPTT @ epoch 901: cos {'ALIFCell_0.input_weights': '0.000', 'ALIFCell_0.recurrent_weights': '0.000', 'ReadOut_0.readout_weights': '0.000'}
[2026-05-19 23:49:08,926][src.modRNN.training.alignment][INFO] -   align eprop @ epoch 901: cos {'ALIFCell_0.input_weights': '0.818', 'ALIFCell_0.recurrent_weights': '0.994', 'ReadOut_0.readout_weights': '0.000'}
[2026-05-19 23:49:09,253][src.modRNN.training.alignment][INFO] -   align diffusion_aligned @ epoch 901: cos {'ALIFCell_0.input_weights': '1.274', 'ALIFCell_0.recurrent_weights': '1.296', 'ReadOut_0.readout_weights': '0.000'}
[2026-05-19 23:49:09,741][src.modRNN.training.alignment][INFO] -   align diffusion_per_step @ epoch 901: cos {'ALIFCell_0.input_weights': '0.866', 'ALIFCell_0.recurrent_weights': '1.017', 'ReadOut_0.readout_weights': '0.000'}
[2026-05-19 23:49:10,067][src.modRNN.training.alignment][INFO] -   align diffusion_fixed @ epoch 901: cos {'ALIFCell_0.input_weights': '1.159', 'ALIFCell_0.recurrent_weights': '1.219', 'ReadOut_0.readout_weights': '0.000'}
[2026-05-19 23:49:18,187][src.modRNN.training.alignment][INFO] - epoch 925  train loss=0.1249  (rule: diffusion)
[2026-05-19 23:49:26,647][src.modRNN.training.alignment][INFO] - epoch 950  train loss=0.1006  (rule: diffusion)
[2026-05-19 23:49:27,216][src.modRNN.training.alignment][INFO] -   align BPTT @ epoch 951: cos {'ALIFCell_0.input_weights': '0.000', 'ALIFCell_0.recurrent_weights': '0.000', 'ReadOut_0.readout_weights': '0.000'}
[2026-05-19 23:49:27,507][src.modRNN.training.alignment][INFO] -   align eprop @ epoch 951: cos {'ALIFCell_0.input_weights': '1.244', 'ALIFCell_0.recurrent_weights': '1.313', 'ReadOut_0.readout_weights': '0.000'}
[2026-05-19 23:49:27,833][src.modRNN.training.alignment][INFO] -   align diffusion_aligned @ epoch 951: cos {'ALIFCell_0.input_weights': '1.420', 'ALIFCell_0.recurrent_weights': '1.487', 'ReadOut_0.readout_weights': '0.000'}
[2026-05-19 23:49:28,321][src.modRNN.training.alignment][INFO] -   align diffusion_per_step @ epoch 951: cos {'ALIFCell_0.input_weights': '1.264', 'ALIFCell_0.recurrent_weights': '1.310', 'ReadOut_0.readout_weights': '0.000'}
[2026-05-19 23:49:28,647][src.modRNN.training.alignment][INFO] -   align diffusion_fixed @ epoch 951: cos {'ALIFCell_0.input_weights': '1.036', 'ALIFCell_0.recurrent_weights': '1.064', 'ReadOut_0.readout_weights': '0.000'}
[2026-05-19 23:49:36,763][src.modRNN.training.alignment][INFO] - epoch 975  train loss=0.0758  (rule: diffusion)
[2026-05-19 23:49:45,216][src.modRNN.training.alignment][INFO] - epoch 1000  train loss=0.0652  (rule: diffusion)
[2026-05-19 23:49:45,786][src.modRNN.training.alignment][INFO] -   align BPTT @ epoch 1001: cos {'ALIFCell_0.input_weights': '0.000', 'ALIFCell_0.recurrent_weights': '0.000', 'ReadOut_0.readout_weights': '0.000'}
[2026-05-19 23:49:46,076][src.modRNN.training.alignment][INFO] -   align eprop @ epoch 1001: cos {'ALIFCell_0.input_weights': '0.935', 'ALIFCell_0.recurrent_weights': '1.010', 'ReadOut_0.readout_weights': '0.000'}
[2026-05-19 23:49:46,403][src.modRNN.training.alignment][INFO] -   align diffusion_aligned @ epoch 1001: cos {'ALIFCell_0.input_weights': '1.226', 'ALIFCell_0.recurrent_weights': '1.270', 'ReadOut_0.readout_weights': '0.000'}
[2026-05-19 23:49:46,892][src.modRNN.training.alignment][INFO] -   align diffusion_per_step @ epoch 1001: cos {'ALIFCell_0.input_weights': '0.946', 'ALIFCell_0.recurrent_weights': '1.007', 'ReadOut_0.readout_weights': '0.000'}
[2026-05-19 23:49:47,218][src.modRNN.training.alignment][INFO] -   align diffusion_fixed @ epoch 1001: cos {'ALIFCell_0.input_weights': '0.929', 'ALIFCell_0.recurrent_weights': '0.938', 'ReadOut_0.readout_weights': '0.000'}
[2026-05-19 23:49:55,347][src.modRNN.training.alignment][INFO] - epoch 1025  train loss=0.0591  (rule: diffusion)
[2026-05-19 23:50:03,814][src.modRNN.training.alignment][INFO] - epoch 1050  train loss=0.1041  (rule: diffusion)
[2026-05-19 23:50:04,382][src.modRNN.training.alignment][INFO] -   align BPTT @ epoch 1051: cos {'ALIFCell_0.input_weights': '0.000', 'ALIFCell_0.recurrent_weights': '0.000', 'ReadOut_0.readout_weights': '0.000'}
[2026-05-19 23:50:04,673][src.modRNN.training.alignment][INFO] -   align eprop @ epoch 1051: cos {'ALIFCell_0.input_weights': '1.203', 'ALIFCell_0.recurrent_weights': '1.204', 'ReadOut_0.readout_weights': '0.000'}
[2026-05-19 23:50:04,999][src.modRNN.training.alignment][INFO] -   align diffusion_aligned @ epoch 1051: cos {'ALIFCell_0.input_weights': '1.294', 'ALIFCell_0.recurrent_weights': '1.298', 'ReadOut_0.readout_weights': '0.000'}
[2026-05-19 23:50:05,489][src.modRNN.training.alignment][INFO] -   align diffusion_per_step @ epoch 1051: cos {'ALIFCell_0.input_weights': '1.217', 'ALIFCell_0.recurrent_weights': '1.207', 'ReadOut_0.readout_weights': '0.000'}
[2026-05-19 23:50:05,816][src.modRNN.training.alignment][INFO] -   align diffusion_fixed @ epoch 1051: cos {'ALIFCell_0.input_weights': '1.008', 'ALIFCell_0.recurrent_weights': '1.020', 'ReadOut_0.readout_weights': '0.000'}
[2026-05-19 23:50:13,932][src.modRNN.training.alignment][INFO] - epoch 1075  train loss=0.0735  (rule: diffusion)
[2026-05-19 23:50:22,381][src.modRNN.training.alignment][INFO] - epoch 1100  train loss=0.1061  (rule: diffusion)
[2026-05-19 23:50:22,949][src.modRNN.training.alignment][INFO] -   align BPTT @ epoch 1101: cos {'ALIFCell_0.input_weights': '0.000', 'ALIFCell_0.recurrent_weights': '0.000', 'ReadOut_0.readout_weights': '0.000'}
[2026-05-19 23:50:23,240][src.modRNN.training.alignment][INFO] -   align eprop @ epoch 1101: cos {'ALIFCell_0.input_weights': '1.668', 'ALIFCell_0.recurrent_weights': '1.548', 'ReadOut_0.readout_weights': '0.000'}
[2026-05-19 23:50:23,568][src.modRNN.training.alignment][INFO] -   align diffusion_aligned @ epoch 1101: cos {'ALIFCell_0.input_weights': '2.009', 'ALIFCell_0.recurrent_weights': '1.956', 'ReadOut_0.readout_weights': '0.000'}
[2026-05-19 23:50:24,056][src.modRNN.training.alignment][INFO] -   align diffusion_per_step @ epoch 1101: cos {'ALIFCell_0.input_weights': '1.466', 'ALIFCell_0.recurrent_weights': '1.379', 'ReadOut_0.readout_weights': '0.000'}
[2026-05-19 23:50:24,383][src.modRNN.training.alignment][INFO] -   align diffusion_fixed @ epoch 1101: cos {'ALIFCell_0.input_weights': '1.310', 'ALIFCell_0.recurrent_weights': '1.257', 'ReadOut_0.readout_weights': '0.000'}
[2026-05-19 23:50:32,488][src.modRNN.training.alignment][INFO] - epoch 1125  train loss=0.0951  (rule: diffusion)
[2026-05-19 23:50:40,937][src.modRNN.training.alignment][INFO] - epoch 1150  train loss=0.0855  (rule: diffusion)
[2026-05-19 23:50:41,506][src.modRNN.training.alignment][INFO] -   align BPTT @ epoch 1151: cos {'ALIFCell_0.input_weights': '0.000', 'ALIFCell_0.recurrent_weights': '0.000', 'ReadOut_0.readout_weights': '0.000'}
[2026-05-19 23:50:41,797][src.modRNN.training.alignment][INFO] -   align eprop @ epoch 1151: cos {'ALIFCell_0.input_weights': '0.964', 'ALIFCell_0.recurrent_weights': '1.064', 'ReadOut_0.readout_weights': '0.000'}
[2026-05-19 23:50:42,123][src.modRNN.training.alignment][INFO] -   align diffusion_aligned @ epoch 1151: cos {'ALIFCell_0.input_weights': '1.270', 'ALIFCell_0.recurrent_weights': '1.350', 'ReadOut_0.readout_weights': '0.000'}
[2026-05-19 23:50:42,612][src.modRNN.training.alignment][INFO] -   align diffusion_per_step @ epoch 1151: cos {'ALIFCell_0.input_weights': '0.997', 'ALIFCell_0.recurrent_weights': '1.067', 'ReadOut_0.readout_weights': '0.000'}
[2026-05-19 23:50:42,938][src.modRNN.training.alignment][INFO] -   align diffusion_fixed @ epoch 1151: cos {'ALIFCell_0.input_weights': '0.840', 'ALIFCell_0.recurrent_weights': '0.903', 'ReadOut_0.readout_weights': '0.000'}
[2026-05-19 23:50:51,053][src.modRNN.training.alignment][INFO] - epoch 1175  train loss=0.0720  (rule: diffusion)
[2026-05-19 23:50:59,508][src.modRNN.training.alignment][INFO] - epoch 1200  train loss=0.0584  (rule: diffusion)
[2026-05-19 23:51:00,079][src.modRNN.training.alignment][INFO] -   align BPTT @ epoch 1201: cos {'ALIFCell_0.input_weights': '0.000', 'ALIFCell_0.recurrent_weights': '0.000', 'ReadOut_0.readout_weights': '0.000'}
[2026-05-19 23:51:00,369][src.modRNN.training.alignment][INFO] -   align eprop @ epoch 1201: cos {'ALIFCell_0.input_weights': '1.079', 'ALIFCell_0.recurrent_weights': '1.137', 'ReadOut_0.readout_weights': '0.000'}
[2026-05-19 23:51:00,696][src.modRNN.training.alignment][INFO] -   align diffusion_aligned @ epoch 1201: cos {'ALIFCell_0.input_weights': '1.313', 'ALIFCell_0.recurrent_weights': '1.457', 'ReadOut_0.readout_weights': '0.000'}
[2026-05-19 23:51:01,184][src.modRNN.training.alignment][INFO] -   align diffusion_per_step @ epoch 1201: cos {'ALIFCell_0.input_weights': '1.073', 'ALIFCell_0.recurrent_weights': '1.126', 'ReadOut_0.readout_weights': '0.000'}
[2026-05-19 23:51:01,512][src.modRNN.training.alignment][INFO] -   align diffusion_fixed @ epoch 1201: cos {'ALIFCell_0.input_weights': '0.904', 'ALIFCell_0.recurrent_weights': '0.963', 'ReadOut_0.readout_weights': '0.000'}
[2026-05-19 23:51:09,634][src.modRNN.training.alignment][INFO] - epoch 1225  train loss=0.0545  (rule: diffusion)
[2026-05-19 23:51:18,094][src.modRNN.training.alignment][INFO] - epoch 1250  train loss=0.0528  (rule: diffusion)
[2026-05-19 23:51:18,663][src.modRNN.training.alignment][INFO] -   align BPTT @ epoch 1251: cos {'ALIFCell_0.input_weights': '0.000', 'ALIFCell_0.recurrent_weights': '0.000', 'ReadOut_0.readout_weights': '0.000'}
[2026-05-19 23:51:18,954][src.modRNN.training.alignment][INFO] -   align eprop @ epoch 1251: cos {'ALIFCell_0.input_weights': '1.051', 'ALIFCell_0.recurrent_weights': '1.143', 'ReadOut_0.readout_weights': '0.000'}
[2026-05-19 23:51:19,281][src.modRNN.training.alignment][INFO] -   align diffusion_aligned @ epoch 1251: cos {'ALIFCell_0.input_weights': '1.301', 'ALIFCell_0.recurrent_weights': '1.427', 'ReadOut_0.readout_weights': '0.000'}
[2026-05-19 23:51:19,769][src.modRNN.training.alignment][INFO] -   align diffusion_per_step @ epoch 1251: cos {'ALIFCell_0.input_weights': '1.039', 'ALIFCell_0.recurrent_weights': '1.109', 'ReadOut_0.readout_weights': '0.000'}
[2026-05-19 23:51:20,095][src.modRNN.training.alignment][INFO] -   align diffusion_fixed @ epoch 1251: cos {'ALIFCell_0.input_weights': '0.905', 'ALIFCell_0.recurrent_weights': '0.995', 'ReadOut_0.readout_weights': '0.000'}
[2026-05-19 23:51:28,214][src.modRNN.training.alignment][INFO] - epoch 1275  train loss=0.0510  (rule: diffusion)
[2026-05-19 23:51:36,674][src.modRNN.training.alignment][INFO] - epoch 1300  train loss=0.0492  (rule: diffusion)
[2026-05-19 23:51:37,243][src.modRNN.training.alignment][INFO] -   align BPTT @ epoch 1301: cos {'ALIFCell_0.input_weights': '0.000', 'ALIFCell_0.recurrent_weights': '0.000', 'ReadOut_0.readout_weights': '0.000'}
[2026-05-19 23:51:37,534][src.modRNN.training.alignment][INFO] -   align eprop @ epoch 1301: cos {'ALIFCell_0.input_weights': '0.950', 'ALIFCell_0.recurrent_weights': '1.115', 'ReadOut_0.readout_weights': '0.000'}
[2026-05-19 23:51:37,862][src.modRNN.training.alignment][INFO] -   align diffusion_aligned @ epoch 1301: cos {'ALIFCell_0.input_weights': '1.293', 'ALIFCell_0.recurrent_weights': '1.393', 'ReadOut_0.readout_weights': '0.000'}
[2026-05-19 23:51:38,350][src.modRNN.training.alignment][INFO] -   align diffusion_per_step @ epoch 1301: cos {'ALIFCell_0.input_weights': '0.982', 'ALIFCell_0.recurrent_weights': '1.122', 'ReadOut_0.readout_weights': '0.000'}
[2026-05-19 23:51:38,677][src.modRNN.training.alignment][INFO] -   align diffusion_fixed @ epoch 1301: cos {'ALIFCell_0.input_weights': '0.914', 'ALIFCell_0.recurrent_weights': '0.998', 'ReadOut_0.readout_weights': '0.000'}
[2026-05-19 23:51:46,803][src.modRNN.training.alignment][INFO] - epoch 1325  train loss=0.0449  (rule: diffusion)
[2026-05-19 23:51:55,274][src.modRNN.training.alignment][INFO] - epoch 1350  train loss=0.0407  (rule: diffusion)
[2026-05-19 23:51:55,844][src.modRNN.training.alignment][INFO] -   align BPTT @ epoch 1351: cos {'ALIFCell_0.input_weights': '0.000', 'ALIFCell_0.recurrent_weights': '0.000', 'ReadOut_0.readout_weights': '0.000'}
[2026-05-19 23:51:56,136][src.modRNN.training.alignment][INFO] -   align eprop @ epoch 1351: cos {'ALIFCell_0.input_weights': '0.902', 'ALIFCell_0.recurrent_weights': '1.016', 'ReadOut_0.readout_weights': '0.000'}
[2026-05-19 23:51:56,462][src.modRNN.training.alignment][INFO] -   align diffusion_aligned @ epoch 1351: cos {'ALIFCell_0.input_weights': '1.248', 'ALIFCell_0.recurrent_weights': '1.325', 'ReadOut_0.readout_weights': '0.000'}
[2026-05-19 23:51:56,950][src.modRNN.training.alignment][INFO] -   align diffusion_per_step @ epoch 1351: cos {'ALIFCell_0.input_weights': '0.901', 'ALIFCell_0.recurrent_weights': '0.996', 'ReadOut_0.readout_weights': '0.000'}
[2026-05-19 23:51:57,276][src.modRNN.training.alignment][INFO] -   align diffusion_fixed @ epoch 1351: cos {'ALIFCell_0.input_weights': '0.873', 'ALIFCell_0.recurrent_weights': '0.945', 'ReadOut_0.readout_weights': '0.000'}
[2026-05-19 23:52:05,348][src.modRNN.training.alignment][INFO] - epoch 1375  train loss=0.0395  (rule: diffusion)
[2026-05-19 23:52:13,751][src.modRNN.training.alignment][INFO] - epoch 1400  train loss=0.0356  (rule: diffusion)
[2026-05-19 23:52:14,315][src.modRNN.training.alignment][INFO] -   align BPTT @ epoch 1401: cos {'ALIFCell_0.input_weights': '0.000', 'ALIFCell_0.recurrent_weights': '0.000', 'ReadOut_0.readout_weights': '0.000'}
[2026-05-19 23:52:14,605][src.modRNN.training.alignment][INFO] -   align eprop @ epoch 1401: cos {'ALIFCell_0.input_weights': '1.097', 'ALIFCell_0.recurrent_weights': '1.193', 'ReadOut_0.readout_weights': '0.000'}
[2026-05-19 23:52:14,932][src.modRNN.training.alignment][INFO] -   align diffusion_aligned @ epoch 1401: cos {'ALIFCell_0.input_weights': '1.259', 'ALIFCell_0.recurrent_weights': '1.354', 'ReadOut_0.readout_weights': '0.000'}
[2026-05-19 23:52:15,420][src.modRNN.training.alignment][INFO] -   align diffusion_per_step @ epoch 1401: cos {'ALIFCell_0.input_weights': '1.075', 'ALIFCell_0.recurrent_weights': '1.163', 'ReadOut_0.readout_weights': '0.000'}
[2026-05-19 23:52:15,746][src.modRNN.training.alignment][INFO] -   align diffusion_fixed @ epoch 1401: cos {'ALIFCell_0.input_weights': '0.951', 'ALIFCell_0.recurrent_weights': '1.007', 'ReadOut_0.readout_weights': '0.000'}
[2026-05-19 23:52:23,809][src.modRNN.training.alignment][INFO] - epoch 1425  train loss=0.0318  (rule: diffusion)
[2026-05-19 23:52:32,201][src.modRNN.training.alignment][INFO] - epoch 1450  train loss=0.0368  (rule: diffusion)
[2026-05-19 23:52:32,764][src.modRNN.training.alignment][INFO] -   align BPTT @ epoch 1451: cos {'ALIFCell_0.input_weights': '0.000', 'ALIFCell_0.recurrent_weights': '0.000', 'ReadOut_0.readout_weights': '0.000'}
[2026-05-19 23:52:33,056][src.modRNN.training.alignment][INFO] -   align eprop @ epoch 1451: cos {'ALIFCell_0.input_weights': '1.262', 'ALIFCell_0.recurrent_weights': '1.259', 'ReadOut_0.readout_weights': '0.000'}
[2026-05-19 23:52:33,383][src.modRNN.training.alignment][INFO] -   align diffusion_aligned @ epoch 1451: cos {'ALIFCell_0.input_weights': '1.391', 'ALIFCell_0.recurrent_weights': '1.391', 'ReadOut_0.readout_weights': '0.000'}
[2026-05-19 23:52:33,872][src.modRNN.training.alignment][INFO] -   align diffusion_per_step @ epoch 1451: cos {'ALIFCell_0.input_weights': '1.290', 'ALIFCell_0.recurrent_weights': '1.281', 'ReadOut_0.readout_weights': '0.000'}
[2026-05-19 23:52:34,198][src.modRNN.training.alignment][INFO] -   align diffusion_fixed @ epoch 1451: cos {'ALIFCell_0.input_weights': '1.169', 'ALIFCell_0.recurrent_weights': '1.185', 'ReadOut_0.readout_weights': '0.000'}
[2026-05-19 23:52:42,265][src.modRNN.training.alignment][INFO] - epoch 1475  train loss=0.0420  (rule: diffusion)
[2026-05-19 23:52:50,683][src.modRNN.training.alignment][INFO] - epoch 1500  train loss=0.0309  (rule: diffusion)
[2026-05-19 23:52:51,248][src.modRNN.training.alignment][INFO] -   align BPTT @ epoch 1501: cos {'ALIFCell_0.input_weights': '0.000', 'ALIFCell_0.recurrent_weights': '0.000', 'ReadOut_0.readout_weights': '0.000'}
[2026-05-19 23:52:51,539][src.modRNN.training.alignment][INFO] -   align eprop @ epoch 1501: cos {'ALIFCell_0.input_weights': '1.155', 'ALIFCell_0.recurrent_weights': '1.201', 'ReadOut_0.readout_weights': '0.000'}
[2026-05-19 23:52:51,865][src.modRNN.training.alignment][INFO] -   align diffusion_aligned @ epoch 1501: cos {'ALIFCell_0.input_weights': '1.346', 'ALIFCell_0.recurrent_weights': '1.355', 'ReadOut_0.readout_weights': '0.000'}
[2026-05-19 23:52:52,353][src.modRNN.training.alignment][INFO] -   align diffusion_per_step @ epoch 1501: cos {'ALIFCell_0.input_weights': '1.132', 'ALIFCell_0.recurrent_weights': '1.156', 'ReadOut_0.readout_weights': '0.000'}
[2026-05-19 23:52:52,678][src.modRNN.training.alignment][INFO] -   align diffusion_fixed @ epoch 1501: cos {'ALIFCell_0.input_weights': '1.012', 'ALIFCell_0.recurrent_weights': '1.044', 'ReadOut_0.readout_weights': '0.000'}
[2026-05-19 23:53:00,761][src.modRNN.training.alignment][INFO] - epoch 1525  train loss=0.0366  (rule: diffusion)
[2026-05-19 23:53:09,182][src.modRNN.training.alignment][INFO] - epoch 1550  train loss=0.0844  (rule: diffusion)
[2026-05-19 23:53:09,750][src.modRNN.training.alignment][INFO] -   align BPTT @ epoch 1551: cos {'ALIFCell_0.input_weights': '0.000', 'ALIFCell_0.recurrent_weights': '0.000', 'ReadOut_0.readout_weights': '0.000'}
[2026-05-19 23:53:10,039][src.modRNN.training.alignment][INFO] -   align eprop @ epoch 1551: cos {'ALIFCell_0.input_weights': '1.212', 'ALIFCell_0.recurrent_weights': '1.259', 'ReadOut_0.readout_weights': '0.000'}
[2026-05-19 23:53:10,365][src.modRNN.training.alignment][INFO] -   align diffusion_aligned @ epoch 1551: cos {'ALIFCell_0.input_weights': '1.292', 'ALIFCell_0.recurrent_weights': '1.388', 'ReadOut_0.readout_weights': '0.000'}
[2026-05-19 23:53:10,852][src.modRNN.training.alignment][INFO] -   align diffusion_per_step @ epoch 1551: cos {'ALIFCell_0.input_weights': '1.203', 'ALIFCell_0.recurrent_weights': '1.245', 'ReadOut_0.readout_weights': '0.000'}
[2026-05-19 23:53:11,179][src.modRNN.training.alignment][INFO] -   align diffusion_fixed @ epoch 1551: cos {'ALIFCell_0.input_weights': '1.167', 'ALIFCell_0.recurrent_weights': '1.202', 'ReadOut_0.readout_weights': '0.000'}
[2026-05-19 23:53:19,222][src.modRNN.training.alignment][INFO] - epoch 1575  train loss=0.0591  (rule: diffusion)
[2026-05-19 23:53:27,621][src.modRNN.training.alignment][INFO] - epoch 1600  train loss=0.0502  (rule: diffusion)
[2026-05-19 23:53:28,189][src.modRNN.training.alignment][INFO] -   align BPTT @ epoch 1601: cos {'ALIFCell_0.input_weights': '0.000', 'ALIFCell_0.recurrent_weights': '0.000', 'ReadOut_0.readout_weights': '0.000'}
[2026-05-19 23:53:28,477][src.modRNN.training.alignment][INFO] -   align eprop @ epoch 1601: cos {'ALIFCell_0.input_weights': '1.331', 'ALIFCell_0.recurrent_weights': '1.339', 'ReadOut_0.readout_weights': '0.000'}
[2026-05-19 23:53:28,804][src.modRNN.training.alignment][INFO] -   align diffusion_aligned @ epoch 1601: cos {'ALIFCell_0.input_weights': '1.403', 'ALIFCell_0.recurrent_weights': '1.448', 'ReadOut_0.readout_weights': '0.000'}
[2026-05-19 23:53:29,293][src.modRNN.training.alignment][INFO] -   align diffusion_per_step @ epoch 1601: cos {'ALIFCell_0.input_weights': '1.347', 'ALIFCell_0.recurrent_weights': '1.357', 'ReadOut_0.readout_weights': '0.000'}
[2026-05-19 23:53:29,619][src.modRNN.training.alignment][INFO] -   align diffusion_fixed @ epoch 1601: cos {'ALIFCell_0.input_weights': '1.156', 'ALIFCell_0.recurrent_weights': '1.131', 'ReadOut_0.readout_weights': '0.000'}
[2026-05-19 23:53:37,672][src.modRNN.training.alignment][INFO] - epoch 1625  train loss=0.0332  (rule: diffusion)
[2026-05-19 23:53:46,051][src.modRNN.training.alignment][INFO] - epoch 1650  train loss=0.0435  (rule: diffusion)
[2026-05-19 23:53:46,619][src.modRNN.training.alignment][INFO] -   align BPTT @ epoch 1651: cos {'ALIFCell_0.input_weights': '0.000', 'ALIFCell_0.recurrent_weights': '0.000', 'ReadOut_0.readout_weights': '0.000'}
[2026-05-19 23:53:46,911][src.modRNN.training.alignment][INFO] -   align eprop @ epoch 1651: cos {'ALIFCell_0.input_weights': '1.112', 'ALIFCell_0.recurrent_weights': '1.232', 'ReadOut_0.readout_weights': '0.000'}
[2026-05-19 23:53:47,238][src.modRNN.training.alignment][INFO] -   align diffusion_aligned @ epoch 1651: cos {'ALIFCell_0.input_weights': '1.311', 'ALIFCell_0.recurrent_weights': '1.448', 'ReadOut_0.readout_weights': '0.000'}
[2026-05-19 23:53:47,727][src.modRNN.training.alignment][INFO] -   align diffusion_per_step @ epoch 1651: cos {'ALIFCell_0.input_weights': '1.094', 'ALIFCell_0.recurrent_weights': '1.197', 'ReadOut_0.readout_weights': '0.000'}
[2026-05-19 23:53:48,060][src.modRNN.training.alignment][INFO] -   align diffusion_fixed @ epoch 1651: cos {'ALIFCell_0.input_weights': '1.064', 'ALIFCell_0.recurrent_weights': '1.132', 'ReadOut_0.readout_weights': '0.000'}
[2026-05-19 23:53:56,148][src.modRNN.training.alignment][INFO] - epoch 1675  train loss=0.0273  (rule: diffusion)
[2026-05-19 23:54:04,588][src.modRNN.training.alignment][INFO] - epoch 1700  train loss=0.0250  (rule: diffusion)
[2026-05-19 23:54:05,155][src.modRNN.training.alignment][INFO] -   align BPTT @ epoch 1701: cos {'ALIFCell_0.input_weights': '0.000', 'ALIFCell_0.recurrent_weights': '0.000', 'ReadOut_0.readout_weights': '0.000'}
[2026-05-19 23:54:05,446][src.modRNN.training.alignment][INFO] -   align eprop @ epoch 1701: cos {'ALIFCell_0.input_weights': '1.107', 'ALIFCell_0.recurrent_weights': '1.196', 'ReadOut_0.readout_weights': '0.000'}
[2026-05-19 23:54:05,773][src.modRNN.training.alignment][INFO] -   align diffusion_aligned @ epoch 1701: cos {'ALIFCell_0.input_weights': '1.275', 'ALIFCell_0.recurrent_weights': '1.375', 'ReadOut_0.readout_weights': '0.000'}
[2026-05-19 23:54:06,264][src.modRNN.training.alignment][INFO] -   align diffusion_per_step @ epoch 1701: cos {'ALIFCell_0.input_weights': '1.099', 'ALIFCell_0.recurrent_weights': '1.170', 'ReadOut_0.readout_weights': '0.000'}
[2026-05-19 23:54:06,589][src.modRNN.training.alignment][INFO] -   align diffusion_fixed @ epoch 1701: cos {'ALIFCell_0.input_weights': '1.063', 'ALIFCell_0.recurrent_weights': '1.120', 'ReadOut_0.readout_weights': '0.000'}
[2026-05-19 23:54:14,709][src.modRNN.training.alignment][INFO] - epoch 1725  train loss=0.0233  (rule: diffusion)
[2026-05-19 23:54:23,161][src.modRNN.training.alignment][INFO] - epoch 1750  train loss=0.0224  (rule: diffusion)
[2026-05-19 23:54:23,729][src.modRNN.training.alignment][INFO] -   align BPTT @ epoch 1751: cos {'ALIFCell_0.input_weights': '0.000', 'ALIFCell_0.recurrent_weights': '0.000', 'ReadOut_0.readout_weights': '0.000'}
[2026-05-19 23:54:24,020][src.modRNN.training.alignment][INFO] -   align eprop @ epoch 1751: cos {'ALIFCell_0.input_weights': '1.164', 'ALIFCell_0.recurrent_weights': '1.276', 'ReadOut_0.readout_weights': '0.000'}
[2026-05-19 23:54:24,347][src.modRNN.training.alignment][INFO] -   align diffusion_aligned @ epoch 1751: cos {'ALIFCell_0.input_weights': '1.416', 'ALIFCell_0.recurrent_weights': '1.493', 'ReadOut_0.readout_weights': '0.000'}
[2026-05-19 23:54:24,836][src.modRNN.training.alignment][INFO] -   align diffusion_per_step @ epoch 1751: cos {'ALIFCell_0.input_weights': '1.161', 'ALIFCell_0.recurrent_weights': '1.250', 'ReadOut_0.readout_weights': '0.000'}
[2026-05-19 23:54:25,162][src.modRNN.training.alignment][INFO] -   align diffusion_fixed @ epoch 1751: cos {'ALIFCell_0.input_weights': '1.103', 'ALIFCell_0.recurrent_weights': '1.166', 'ReadOut_0.readout_weights': '0.000'}
[2026-05-19 23:54:33,278][src.modRNN.training.alignment][INFO] - epoch 1775  train loss=0.0215  (rule: diffusion)
[2026-05-19 23:54:41,730][src.modRNN.training.alignment][INFO] - epoch 1800  train loss=0.0245  (rule: diffusion)
[2026-05-19 23:54:42,298][src.modRNN.training.alignment][INFO] -   align BPTT @ epoch 1801: cos {'ALIFCell_0.input_weights': '0.000', 'ALIFCell_0.recurrent_weights': '0.000', 'ReadOut_0.readout_weights': '0.000'}
[2026-05-19 23:54:42,589][src.modRNN.training.alignment][INFO] -   align eprop @ epoch 1801: cos {'ALIFCell_0.input_weights': '1.248', 'ALIFCell_0.recurrent_weights': '1.340', 'ReadOut_0.readout_weights': '0.000'}
[2026-05-19 23:54:42,917][src.modRNN.training.alignment][INFO] -   align diffusion_aligned @ epoch 1801: cos {'ALIFCell_0.input_weights': '1.480', 'ALIFCell_0.recurrent_weights': '1.563', 'ReadOut_0.readout_weights': '0.000'}
[2026-05-19 23:54:43,405][src.modRNN.training.alignment][INFO] -   align diffusion_per_step @ epoch 1801: cos {'ALIFCell_0.input_weights': '1.240', 'ALIFCell_0.recurrent_weights': '1.301', 'ReadOut_0.readout_weights': '0.000'}
[2026-05-19 23:54:43,732][src.modRNN.training.alignment][INFO] -   align diffusion_fixed @ epoch 1801: cos {'ALIFCell_0.input_weights': '1.191', 'ALIFCell_0.recurrent_weights': '1.238', 'ReadOut_0.readout_weights': '0.000'}
[2026-05-19 23:54:51,846][src.modRNN.training.alignment][INFO] - epoch 1825  train loss=0.0199  (rule: diffusion)
[2026-05-19 23:55:00,298][src.modRNN.training.alignment][INFO] - epoch 1850  train loss=0.0216  (rule: diffusion)
[2026-05-19 23:55:00,867][src.modRNN.training.alignment][INFO] -   align BPTT @ epoch 1851: cos {'ALIFCell_0.input_weights': '0.000', 'ALIFCell_0.recurrent_weights': '0.000', 'ReadOut_0.readout_weights': '0.000'}
[2026-05-19 23:55:01,155][src.modRNN.training.alignment][INFO] -   align eprop @ epoch 1851: cos {'ALIFCell_0.input_weights': '1.298', 'ALIFCell_0.recurrent_weights': '1.378', 'ReadOut_0.readout_weights': '0.000'}
[2026-05-19 23:55:01,482][src.modRNN.training.alignment][INFO] -   align diffusion_aligned @ epoch 1851: cos {'ALIFCell_0.input_weights': '1.484', 'ALIFCell_0.recurrent_weights': '1.540', 'ReadOut_0.readout_weights': '0.000'}
[2026-05-19 23:55:01,970][src.modRNN.training.alignment][INFO] -   align diffusion_per_step @ epoch 1851: cos {'ALIFCell_0.input_weights': '1.312', 'ALIFCell_0.recurrent_weights': '1.360', 'ReadOut_0.readout_weights': '0.000'}
[2026-05-19 23:55:02,296][src.modRNN.training.alignment][INFO] -   align diffusion_fixed @ epoch 1851: cos {'ALIFCell_0.input_weights': '1.181', 'ALIFCell_0.recurrent_weights': '1.219', 'ReadOut_0.readout_weights': '0.000'}
[2026-05-19 23:55:10,407][src.modRNN.training.alignment][INFO] - epoch 1875  train loss=0.0195  (rule: diffusion)
[2026-05-19 23:55:18,878][src.modRNN.training.alignment][INFO] - epoch 1900  train loss=0.0209  (rule: diffusion)
[2026-05-19 23:55:19,446][src.modRNN.training.alignment][INFO] -   align BPTT @ epoch 1901: cos {'ALIFCell_0.input_weights': '0.000', 'ALIFCell_0.recurrent_weights': '0.000', 'ReadOut_0.readout_weights': '0.000'}
[2026-05-19 23:55:19,737][src.modRNN.training.alignment][INFO] -   align eprop @ epoch 1901: cos {'ALIFCell_0.input_weights': '1.205', 'ALIFCell_0.recurrent_weights': '1.335', 'ReadOut_0.readout_weights': '0.000'}
[2026-05-19 23:55:20,063][src.modRNN.training.alignment][INFO] -   align diffusion_aligned @ epoch 1901: cos {'ALIFCell_0.input_weights': '1.457', 'ALIFCell_0.recurrent_weights': '1.527', 'ReadOut_0.readout_weights': '0.000'}
[2026-05-19 23:55:20,551][src.modRNN.training.alignment][INFO] -   align diffusion_per_step @ epoch 1901: cos {'ALIFCell_0.input_weights': '1.190', 'ALIFCell_0.recurrent_weights': '1.297', 'ReadOut_0.readout_weights': '0.000'}
[2026-05-19 23:55:20,876][src.modRNN.training.alignment][INFO] -   align diffusion_fixed @ epoch 1901: cos {'ALIFCell_0.input_weights': '1.205', 'ALIFCell_0.recurrent_weights': '1.267', 'ReadOut_0.readout_weights': '0.000'}
[2026-05-19 23:55:29,004][src.modRNN.training.alignment][INFO] - epoch 1925  train loss=0.0240  (rule: diffusion)
[2026-05-19 23:55:37,465][src.modRNN.training.alignment][INFO] - epoch 1950  train loss=0.0298  (rule: diffusion)
[2026-05-19 23:55:38,033][src.modRNN.training.alignment][INFO] -   align BPTT @ epoch 1951: cos {'ALIFCell_0.input_weights': '0.000', 'ALIFCell_0.recurrent_weights': '0.000', 'ReadOut_0.readout_weights': '0.000'}
[2026-05-19 23:55:38,325][src.modRNN.training.alignment][INFO] -   align eprop @ epoch 1951: cos {'ALIFCell_0.input_weights': '1.272', 'ALIFCell_0.recurrent_weights': '1.307', 'ReadOut_0.readout_weights': '0.000'}
[2026-05-19 23:55:38,652][src.modRNN.training.alignment][INFO] -   align diffusion_aligned @ epoch 1951: cos {'ALIFCell_0.input_weights': '1.395', 'ALIFCell_0.recurrent_weights': '1.394', 'ReadOut_0.readout_weights': '0.000'}
[2026-05-19 23:55:39,140][src.modRNN.training.alignment][INFO] -   align diffusion_per_step @ epoch 1951: cos {'ALIFCell_0.input_weights': '1.286', 'ALIFCell_0.recurrent_weights': '1.315', 'ReadOut_0.readout_weights': '0.000'}
[2026-05-19 23:55:39,466][src.modRNN.training.alignment][INFO] -   align diffusion_fixed @ epoch 1951: cos {'ALIFCell_0.input_weights': '1.100', 'ALIFCell_0.recurrent_weights': '1.096', 'ReadOut_0.readout_weights': '0.000'}
[2026-05-19 23:55:47,583][src.modRNN.training.alignment][INFO] - epoch 1975  train loss=0.0279  (rule: diffusion)
[2026-05-19 23:55:56,047][src.modRNN.training.alignment][INFO] - epoch 2000  train loss=0.0267  (rule: diffusion)
[2026-05-19 23:55:56,616][src.modRNN.training.alignment][INFO] -   align BPTT @ epoch 2001: cos {'ALIFCell_0.input_weights': '0.000', 'ALIFCell_0.recurrent_weights': '0.000', 'ReadOut_0.readout_weights': '0.000'}
[2026-05-19 23:55:56,908][src.modRNN.training.alignment][INFO] -   align eprop @ epoch 2001: cos {'ALIFCell_0.input_weights': '1.019', 'ALIFCell_0.recurrent_weights': '1.148', 'ReadOut_0.readout_weights': '0.000'}
[2026-05-19 23:55:57,235][src.modRNN.training.alignment][INFO] -   align diffusion_aligned @ epoch 2001: cos {'ALIFCell_0.input_weights': '1.349', 'ALIFCell_0.recurrent_weights': '1.447', 'ReadOut_0.readout_weights': '0.000'}
[2026-05-19 23:55:57,725][src.modRNN.training.alignment][INFO] -   align diffusion_per_step @ epoch 2001: cos {'ALIFCell_0.input_weights': '1.013', 'ALIFCell_0.recurrent_weights': '1.125', 'ReadOut_0.readout_weights': '0.000'}
[2026-05-19 23:55:58,052][src.modRNN.training.alignment][INFO] -   align diffusion_fixed @ epoch 2001: cos {'ALIFCell_0.input_weights': '0.987', 'ALIFCell_0.recurrent_weights': '1.046', 'ReadOut_0.readout_weights': '0.000'}
[2026-05-19 23:55:58,290][src.modRNN.training.alignment][INFO] - Alignment experiment finished. Output dir: /mnt/lustre/work/martius/mot736/neuromodRNN/outputs/pattern_generation/align_local_connectivity_diffusion_shuffle_fix/seed_333
