[2026-06-02 16:42:24,771][jax._src.xla_bridge][INFO] - Unable to initialize backend 'rocm': module 'jaxlib.xla_extension' has no attribute 'GpuAllocatorConfig'
[2026-06-02 16:42:24,772][jax._src.xla_bridge][INFO] - Unable to initialize backend 'tpu': INTERNAL: Failed to open libtpu.so: libtpu.so: cannot open shared object file: No such file or directory
[2026-06-02 16:42:33,262][src.modRNN.training.alignment][INFO] - Starting alignment experiment: training with diffusion, measuring alignment of ['BPTT', 'eprop', 'diffusion_aligned', 'diffusion_per_step', 'diffusion_fixed'] every 50 epochs.
[2026-06-02 16:42:38,805][src.modRNN.training.alignment][INFO] - epoch 1  train loss=0.6930  (rule: diffusion)
[2026-06-02 16:42:41,296][src.modRNN.training.alignment][INFO] -   align BPTT @ epoch 1: cos {'ALIFCell_0.input_weights': '0.000', 'ALIFCell_0.recurrent_weights': '0.000', 'ReadOut_0.readout_weights': '0.000'}
[2026-06-02 16:42:43,131][src.modRNN.training.alignment][INFO] -   align eprop @ epoch 1: cos {'ALIFCell_0.input_weights': '0.292', 'ALIFCell_0.recurrent_weights': '0.384', 'ReadOut_0.readout_weights': '0.000'}
[2026-06-02 16:42:45,249][src.modRNN.training.alignment][INFO] -   align diffusion_aligned @ epoch 1: cos {'ALIFCell_0.input_weights': '0.805', 'ALIFCell_0.recurrent_weights': '1.001', 'ReadOut_0.readout_weights': '0.000'}
[2026-06-02 16:42:49,663][src.modRNN.training.alignment][INFO] -   align diffusion_per_step @ epoch 1: cos {'ALIFCell_0.input_weights': '0.442', 'ALIFCell_0.recurrent_weights': '0.574', 'ReadOut_0.readout_weights': '0.000'}
[2026-06-02 16:42:51,882][src.modRNN.training.alignment][INFO] -   align diffusion_fixed @ epoch 1: cos {'ALIFCell_0.input_weights': '0.740', 'ALIFCell_0.recurrent_weights': '0.937', 'ReadOut_0.readout_weights': '0.000'}
[2026-06-02 16:43:23,528][src.modRNN.training.alignment][INFO] - epoch 25  train loss=0.6928  (rule: diffusion)
[2026-06-02 16:43:56,457][src.modRNN.training.alignment][INFO] - epoch 50  train loss=0.6934  (rule: diffusion)
[2026-06-02 16:43:59,202][src.modRNN.training.alignment][INFO] -   align BPTT @ epoch 51: cos {'ALIFCell_0.input_weights': '0.000', 'ALIFCell_0.recurrent_weights': '0.000', 'ReadOut_0.readout_weights': '0.000'}
[2026-06-02 16:44:00,200][src.modRNN.training.alignment][INFO] -   align eprop @ epoch 51: cos {'ALIFCell_0.input_weights': '0.360', 'ALIFCell_0.recurrent_weights': '0.389', 'ReadOut_0.readout_weights': '0.000'}
[2026-06-02 16:44:01,471][src.modRNN.training.alignment][INFO] -   align diffusion_aligned @ epoch 51: cos {'ALIFCell_0.input_weights': '0.652', 'ALIFCell_0.recurrent_weights': '0.742', 'ReadOut_0.readout_weights': '0.000'}
[2026-06-02 16:44:03,625][src.modRNN.training.alignment][INFO] -   align diffusion_per_step @ epoch 51: cos {'ALIFCell_0.input_weights': '0.499', 'ALIFCell_0.recurrent_weights': '0.522', 'ReadOut_0.readout_weights': '0.000'}
[2026-06-02 16:44:04,884][src.modRNN.training.alignment][INFO] -   align diffusion_fixed @ epoch 51: cos {'ALIFCell_0.input_weights': '0.753', 'ALIFCell_0.recurrent_weights': '0.790', 'ReadOut_0.readout_weights': '0.000'}
[2026-06-02 16:44:36,688][src.modRNN.training.alignment][INFO] - epoch 75  train loss=0.6930  (rule: diffusion)
[2026-06-02 16:45:09,829][src.modRNN.training.alignment][INFO] - epoch 100  train loss=0.6928  (rule: diffusion)
[2026-06-02 16:45:12,622][src.modRNN.training.alignment][INFO] -   align BPTT @ epoch 101: cos {'ALIFCell_0.input_weights': '0.000', 'ALIFCell_0.recurrent_weights': '0.000', 'ReadOut_0.readout_weights': '0.000'}
[2026-06-02 16:45:13,638][src.modRNN.training.alignment][INFO] -   align eprop @ epoch 101: cos {'ALIFCell_0.input_weights': '0.603', 'ALIFCell_0.recurrent_weights': '0.823', 'ReadOut_0.readout_weights': '0.000'}
[2026-06-02 16:45:14,930][src.modRNN.training.alignment][INFO] -   align diffusion_aligned @ epoch 101: cos {'ALIFCell_0.input_weights': '0.518', 'ALIFCell_0.recurrent_weights': '0.741', 'ReadOut_0.readout_weights': '0.000'}
[2026-06-02 16:45:17,114][src.modRNN.training.alignment][INFO] -   align diffusion_per_step @ epoch 101: cos {'ALIFCell_0.input_weights': '0.689', 'ALIFCell_0.recurrent_weights': '0.941', 'ReadOut_0.readout_weights': '0.000'}
[2026-06-02 16:45:18,388][src.modRNN.training.alignment][INFO] -   align diffusion_fixed @ epoch 101: cos {'ALIFCell_0.input_weights': '0.634', 'ALIFCell_0.recurrent_weights': '0.881', 'ReadOut_0.readout_weights': '0.000'}
[2026-06-02 16:45:50,476][src.modRNN.training.alignment][INFO] - epoch 125  train loss=0.6869  (rule: diffusion)
[2026-06-02 16:46:23,949][src.modRNN.training.alignment][INFO] - epoch 150  train loss=0.6636  (rule: diffusion)
[2026-06-02 16:46:26,747][src.modRNN.training.alignment][INFO] -   align BPTT @ epoch 151: cos {'ALIFCell_0.input_weights': '0.000', 'ALIFCell_0.recurrent_weights': '0.000', 'ReadOut_0.readout_weights': '0.000'}
[2026-06-02 16:46:27,763][src.modRNN.training.alignment][INFO] -   align eprop @ epoch 151: cos {'ALIFCell_0.input_weights': '1.148', 'ALIFCell_0.recurrent_weights': '0.767', 'ReadOut_0.readout_weights': '0.000'}
[2026-06-02 16:46:29,057][src.modRNN.training.alignment][INFO] -   align diffusion_aligned @ epoch 151: cos {'ALIFCell_0.input_weights': '1.062', 'ALIFCell_0.recurrent_weights': '0.772', 'ReadOut_0.readout_weights': '0.000'}
[2026-06-02 16:46:31,248][src.modRNN.training.alignment][INFO] -   align diffusion_per_step @ epoch 151: cos {'ALIFCell_0.input_weights': '1.150', 'ALIFCell_0.recurrent_weights': '0.780', 'ReadOut_0.readout_weights': '0.000'}
[2026-06-02 16:46:32,520][src.modRNN.training.alignment][INFO] -   align diffusion_fixed @ epoch 151: cos {'ALIFCell_0.input_weights': '1.144', 'ALIFCell_0.recurrent_weights': '0.788', 'ReadOut_0.readout_weights': '0.000'}
[2026-06-02 16:47:04,527][src.modRNN.training.alignment][INFO] - epoch 175  train loss=0.6248  (rule: diffusion)
[2026-06-02 16:47:38,028][src.modRNN.training.alignment][INFO] - epoch 200  train loss=0.5894  (rule: diffusion)
[2026-06-02 16:47:40,812][src.modRNN.training.alignment][INFO] -   align BPTT @ epoch 201: cos {'ALIFCell_0.input_weights': '0.000', 'ALIFCell_0.recurrent_weights': '0.000', 'ReadOut_0.readout_weights': '0.000'}
[2026-06-02 16:47:41,822][src.modRNN.training.alignment][INFO] -   align eprop @ epoch 201: cos {'ALIFCell_0.input_weights': '1.317', 'ALIFCell_0.recurrent_weights': '1.151', 'ReadOut_0.readout_weights': '0.000'}
[2026-06-02 16:47:43,109][src.modRNN.training.alignment][INFO] -   align diffusion_aligned @ epoch 201: cos {'ALIFCell_0.input_weights': '1.170', 'ALIFCell_0.recurrent_weights': '1.173', 'ReadOut_0.readout_weights': '0.000'}
[2026-06-02 16:47:45,292][src.modRNN.training.alignment][INFO] -   align diffusion_per_step @ epoch 201: cos {'ALIFCell_0.input_weights': '1.220', 'ALIFCell_0.recurrent_weights': '1.127', 'ReadOut_0.readout_weights': '0.000'}
[2026-06-02 16:47:46,562][src.modRNN.training.alignment][INFO] -   align diffusion_fixed @ epoch 201: cos {'ALIFCell_0.input_weights': '1.448', 'ALIFCell_0.recurrent_weights': '1.314', 'ReadOut_0.readout_weights': '0.000'}
[2026-06-02 16:48:18,663][src.modRNN.training.alignment][INFO] - epoch 225  train loss=0.5945  (rule: diffusion)
[2026-06-02 16:48:52,077][src.modRNN.training.alignment][INFO] - epoch 250  train loss=0.5857  (rule: diffusion)
[2026-06-02 16:48:54,864][src.modRNN.training.alignment][INFO] -   align BPTT @ epoch 251: cos {'ALIFCell_0.input_weights': '0.000', 'ALIFCell_0.recurrent_weights': '0.000', 'ReadOut_0.readout_weights': '0.000'}
[2026-06-02 16:48:55,876][src.modRNN.training.alignment][INFO] -   align eprop @ epoch 251: cos {'ALIFCell_0.input_weights': '1.071', 'ALIFCell_0.recurrent_weights': '1.015', 'ReadOut_0.readout_weights': '0.000'}
[2026-06-02 16:48:57,162][src.modRNN.training.alignment][INFO] -   align diffusion_aligned @ epoch 251: cos {'ALIFCell_0.input_weights': '1.006', 'ALIFCell_0.recurrent_weights': '0.970', 'ReadOut_0.readout_weights': '0.000'}
[2026-06-02 16:48:59,340][src.modRNN.training.alignment][INFO] -   align diffusion_per_step @ epoch 251: cos {'ALIFCell_0.input_weights': '1.021', 'ALIFCell_0.recurrent_weights': '0.956', 'ReadOut_0.readout_weights': '0.000'}
[2026-06-02 16:49:00,610][src.modRNN.training.alignment][INFO] -   align diffusion_fixed @ epoch 251: cos {'ALIFCell_0.input_weights': '1.026', 'ALIFCell_0.recurrent_weights': '1.034', 'ReadOut_0.readout_weights': '0.000'}
[2026-06-02 16:49:32,760][src.modRNN.training.alignment][INFO] - epoch 275  train loss=0.5791  (rule: diffusion)
[2026-06-02 16:50:06,120][src.modRNN.training.alignment][INFO] - epoch 300  train loss=0.5889  (rule: diffusion)
[2026-06-02 16:50:08,912][src.modRNN.training.alignment][INFO] -   align BPTT @ epoch 301: cos {'ALIFCell_0.input_weights': '0.000', 'ALIFCell_0.recurrent_weights': '0.000', 'ReadOut_0.readout_weights': '0.000'}
[2026-06-02 16:50:09,926][src.modRNN.training.alignment][INFO] -   align eprop @ epoch 301: cos {'ALIFCell_0.input_weights': '1.199', 'ALIFCell_0.recurrent_weights': '1.055', 'ReadOut_0.readout_weights': '0.000'}
[2026-06-02 16:50:11,215][src.modRNN.training.alignment][INFO] -   align diffusion_aligned @ epoch 301: cos {'ALIFCell_0.input_weights': '0.997', 'ALIFCell_0.recurrent_weights': '1.074', 'ReadOut_0.readout_weights': '0.000'}
[2026-06-02 16:50:13,398][src.modRNN.training.alignment][INFO] -   align diffusion_per_step @ epoch 301: cos {'ALIFCell_0.input_weights': '1.069', 'ALIFCell_0.recurrent_weights': '1.129', 'ReadOut_0.readout_weights': '0.000'}
[2026-06-02 16:50:14,671][src.modRNN.training.alignment][INFO] -   align diffusion_fixed @ epoch 301: cos {'ALIFCell_0.input_weights': '0.981', 'ALIFCell_0.recurrent_weights': '1.047', 'ReadOut_0.readout_weights': '0.000'}
[2026-06-02 16:50:46,715][src.modRNN.training.alignment][INFO] - epoch 325  train loss=0.5456  (rule: diffusion)
[2026-06-02 16:51:20,133][src.modRNN.training.alignment][INFO] - epoch 350  train loss=0.5312  (rule: diffusion)
[2026-06-02 16:51:22,929][src.modRNN.training.alignment][INFO] -   align BPTT @ epoch 351: cos {'ALIFCell_0.input_weights': '0.000', 'ALIFCell_0.recurrent_weights': '0.000', 'ReadOut_0.readout_weights': '0.000'}
[2026-06-02 16:51:23,945][src.modRNN.training.alignment][INFO] -   align eprop @ epoch 351: cos {'ALIFCell_0.input_weights': '1.100', 'ALIFCell_0.recurrent_weights': '1.036', 'ReadOut_0.readout_weights': '0.000'}
[2026-06-02 16:51:25,236][src.modRNN.training.alignment][INFO] -   align diffusion_aligned @ epoch 351: cos {'ALIFCell_0.input_weights': '0.998', 'ALIFCell_0.recurrent_weights': '0.869', 'ReadOut_0.readout_weights': '0.000'}
[2026-06-02 16:51:27,425][src.modRNN.training.alignment][INFO] -   align diffusion_per_step @ epoch 351: cos {'ALIFCell_0.input_weights': '1.158', 'ALIFCell_0.recurrent_weights': '1.105', 'ReadOut_0.readout_weights': '0.000'}
[2026-06-02 16:51:28,699][src.modRNN.training.alignment][INFO] -   align diffusion_fixed @ epoch 351: cos {'ALIFCell_0.input_weights': '1.056', 'ALIFCell_0.recurrent_weights': '1.021', 'ReadOut_0.readout_weights': '0.000'}
[2026-06-02 16:52:00,707][src.modRNN.training.alignment][INFO] - epoch 375  train loss=0.5371  (rule: diffusion)
[2026-06-02 16:52:34,195][src.modRNN.training.alignment][INFO] - epoch 400  train loss=0.5877  (rule: diffusion)
[2026-06-02 16:52:36,984][src.modRNN.training.alignment][INFO] -   align BPTT @ epoch 401: cos {'ALIFCell_0.input_weights': '0.000', 'ALIFCell_0.recurrent_weights': '0.000', 'ReadOut_0.readout_weights': '0.000'}
[2026-06-02 16:52:37,994][src.modRNN.training.alignment][INFO] -   align eprop @ epoch 401: cos {'ALIFCell_0.input_weights': '1.159', 'ALIFCell_0.recurrent_weights': '1.091', 'ReadOut_0.readout_weights': '0.000'}
[2026-06-02 16:52:39,280][src.modRNN.training.alignment][INFO] -   align diffusion_aligned @ epoch 401: cos {'ALIFCell_0.input_weights': '1.131', 'ALIFCell_0.recurrent_weights': '0.992', 'ReadOut_0.readout_weights': '0.000'}
[2026-06-02 16:52:41,463][src.modRNN.training.alignment][INFO] -   align diffusion_per_step @ epoch 401: cos {'ALIFCell_0.input_weights': '1.193', 'ALIFCell_0.recurrent_weights': '1.131', 'ReadOut_0.readout_weights': '0.000'}
[2026-06-02 16:52:42,731][src.modRNN.training.alignment][INFO] -   align diffusion_fixed @ epoch 401: cos {'ALIFCell_0.input_weights': '1.103', 'ALIFCell_0.recurrent_weights': '1.059', 'ReadOut_0.readout_weights': '0.000'}
[2026-06-02 16:53:14,807][src.modRNN.training.alignment][INFO] - epoch 425  train loss=0.6059  (rule: diffusion)
[2026-06-02 16:53:48,223][src.modRNN.training.alignment][INFO] - epoch 450  train loss=0.5028  (rule: diffusion)
[2026-06-02 16:53:51,008][src.modRNN.training.alignment][INFO] -   align BPTT @ epoch 451: cos {'ALIFCell_0.input_weights': '0.000', 'ALIFCell_0.recurrent_weights': '0.000', 'ReadOut_0.readout_weights': '0.000'}
[2026-06-02 16:53:52,021][src.modRNN.training.alignment][INFO] -   align eprop @ epoch 451: cos {'ALIFCell_0.input_weights': '1.262', 'ALIFCell_0.recurrent_weights': '1.197', 'ReadOut_0.readout_weights': '0.000'}
[2026-06-02 16:53:53,306][src.modRNN.training.alignment][INFO] -   align diffusion_aligned @ epoch 451: cos {'ALIFCell_0.input_weights': '1.101', 'ALIFCell_0.recurrent_weights': '0.959', 'ReadOut_0.readout_weights': '0.000'}
[2026-06-02 16:53:55,487][src.modRNN.training.alignment][INFO] -   align diffusion_per_step @ epoch 451: cos {'ALIFCell_0.input_weights': '1.289', 'ALIFCell_0.recurrent_weights': '1.235', 'ReadOut_0.readout_weights': '0.000'}
[2026-06-02 16:53:56,757][src.modRNN.training.alignment][INFO] -   align diffusion_fixed @ epoch 451: cos {'ALIFCell_0.input_weights': '1.199', 'ALIFCell_0.recurrent_weights': '1.188', 'ReadOut_0.readout_weights': '0.000'}
[2026-06-02 16:54:28,969][src.modRNN.training.alignment][INFO] - epoch 475  train loss=0.4857  (rule: diffusion)
[2026-06-02 16:55:02,349][src.modRNN.training.alignment][INFO] - epoch 500  train loss=0.5505  (rule: diffusion)
[2026-06-02 16:55:05,167][src.modRNN.training.alignment][INFO] -   align BPTT @ epoch 501: cos {'ALIFCell_0.input_weights': '0.000', 'ALIFCell_0.recurrent_weights': '0.000', 'ReadOut_0.readout_weights': '0.000'}
[2026-06-02 16:55:06,192][src.modRNN.training.alignment][INFO] -   align eprop @ epoch 501: cos {'ALIFCell_0.input_weights': '1.114', 'ALIFCell_0.recurrent_weights': '1.045', 'ReadOut_0.readout_weights': '0.000'}
[2026-06-02 16:55:07,496][src.modRNN.training.alignment][INFO] -   align diffusion_aligned @ epoch 501: cos {'ALIFCell_0.input_weights': '1.092', 'ALIFCell_0.recurrent_weights': '1.059', 'ReadOut_0.readout_weights': '0.000'}
[2026-06-02 16:55:09,702][src.modRNN.training.alignment][INFO] -   align diffusion_per_step @ epoch 501: cos {'ALIFCell_0.input_weights': '1.099', 'ALIFCell_0.recurrent_weights': '1.056', 'ReadOut_0.readout_weights': '0.000'}
[2026-06-02 16:55:10,988][src.modRNN.training.alignment][INFO] -   align diffusion_fixed @ epoch 501: cos {'ALIFCell_0.input_weights': '1.080', 'ALIFCell_0.recurrent_weights': '1.029', 'ReadOut_0.readout_weights': '0.000'}
[2026-06-02 16:55:43,344][src.modRNN.training.alignment][INFO] - epoch 525  train loss=0.4844  (rule: diffusion)
[2026-06-02 16:56:17,031][src.modRNN.training.alignment][INFO] - epoch 550  train loss=0.4993  (rule: diffusion)
[2026-06-02 16:56:19,848][src.modRNN.training.alignment][INFO] -   align BPTT @ epoch 551: cos {'ALIFCell_0.input_weights': '0.000', 'ALIFCell_0.recurrent_weights': '0.000', 'ReadOut_0.readout_weights': '0.000'}
[2026-06-02 16:56:20,873][src.modRNN.training.alignment][INFO] -   align eprop @ epoch 551: cos {'ALIFCell_0.input_weights': '1.119', 'ALIFCell_0.recurrent_weights': '0.847', 'ReadOut_0.readout_weights': '0.000'}
[2026-06-02 16:56:22,174][src.modRNN.training.alignment][INFO] -   align diffusion_aligned @ epoch 551: cos {'ALIFCell_0.input_weights': '1.140', 'ALIFCell_0.recurrent_weights': '0.936', 'ReadOut_0.readout_weights': '0.000'}
[2026-06-02 16:56:24,379][src.modRNN.training.alignment][INFO] -   align diffusion_per_step @ epoch 551: cos {'ALIFCell_0.input_weights': '1.082', 'ALIFCell_0.recurrent_weights': '0.864', 'ReadOut_0.readout_weights': '0.000'}
[2026-06-02 16:56:25,664][src.modRNN.training.alignment][INFO] -   align diffusion_fixed @ epoch 551: cos {'ALIFCell_0.input_weights': '0.977', 'ALIFCell_0.recurrent_weights': '0.825', 'ReadOut_0.readout_weights': '0.000'}
[2026-06-02 16:56:57,918][src.modRNN.training.alignment][INFO] - epoch 575  train loss=0.4604  (rule: diffusion)
[2026-06-02 16:57:31,656][src.modRNN.training.alignment][INFO] - epoch 600  train loss=0.4894  (rule: diffusion)
[2026-06-02 16:57:34,464][src.modRNN.training.alignment][INFO] -   align BPTT @ epoch 601: cos {'ALIFCell_0.input_weights': '0.000', 'ALIFCell_0.recurrent_weights': '0.000', 'ReadOut_0.readout_weights': '0.000'}
[2026-06-02 16:57:35,481][src.modRNN.training.alignment][INFO] -   align eprop @ epoch 601: cos {'ALIFCell_0.input_weights': '1.155', 'ALIFCell_0.recurrent_weights': '1.176', 'ReadOut_0.readout_weights': '0.000'}
[2026-06-02 16:57:36,776][src.modRNN.training.alignment][INFO] -   align diffusion_aligned @ epoch 601: cos {'ALIFCell_0.input_weights': '1.146', 'ALIFCell_0.recurrent_weights': '1.216', 'ReadOut_0.readout_weights': '0.000'}
[2026-06-02 16:57:38,975][src.modRNN.training.alignment][INFO] -   align diffusion_per_step @ epoch 601: cos {'ALIFCell_0.input_weights': '1.147', 'ALIFCell_0.recurrent_weights': '1.185', 'ReadOut_0.readout_weights': '0.000'}
[2026-06-02 16:57:40,253][src.modRNN.training.alignment][INFO] -   align diffusion_fixed @ epoch 601: cos {'ALIFCell_0.input_weights': '1.052', 'ALIFCell_0.recurrent_weights': '1.153', 'ReadOut_0.readout_weights': '0.000'}
[2026-06-02 16:58:12,558][src.modRNN.training.alignment][INFO] - epoch 625  train loss=0.4012  (rule: diffusion)
[2026-06-02 16:58:46,210][src.modRNN.training.alignment][INFO] - epoch 650  train loss=0.4246  (rule: diffusion)
[2026-06-02 16:58:49,019][src.modRNN.training.alignment][INFO] -   align BPTT @ epoch 651: cos {'ALIFCell_0.input_weights': '0.000', 'ALIFCell_0.recurrent_weights': '0.000', 'ReadOut_0.readout_weights': '0.000'}
[2026-06-02 16:58:50,035][src.modRNN.training.alignment][INFO] -   align eprop @ epoch 651: cos {'ALIFCell_0.input_weights': '0.985', 'ALIFCell_0.recurrent_weights': '1.299', 'ReadOut_0.readout_weights': '0.000'}
[2026-06-02 16:58:51,329][src.modRNN.training.alignment][INFO] -   align diffusion_aligned @ epoch 651: cos {'ALIFCell_0.input_weights': '1.017', 'ALIFCell_0.recurrent_weights': '1.319', 'ReadOut_0.readout_weights': '0.000'}
[2026-06-02 16:58:53,530][src.modRNN.training.alignment][INFO] -   align diffusion_per_step @ epoch 651: cos {'ALIFCell_0.input_weights': '1.045', 'ALIFCell_0.recurrent_weights': '1.313', 'ReadOut_0.readout_weights': '0.000'}
[2026-06-02 16:58:54,808][src.modRNN.training.alignment][INFO] -   align diffusion_fixed @ epoch 651: cos {'ALIFCell_0.input_weights': '0.964', 'ALIFCell_0.recurrent_weights': '1.381', 'ReadOut_0.readout_weights': '0.000'}
[2026-06-02 16:59:27,159][src.modRNN.training.alignment][INFO] - epoch 675  train loss=0.4117  (rule: diffusion)
[2026-06-02 17:00:00,494][src.modRNN.training.alignment][INFO] - epoch 700  train loss=0.4061  (rule: diffusion)
[2026-06-02 17:00:03,278][src.modRNN.training.alignment][INFO] -   align BPTT @ epoch 701: cos {'ALIFCell_0.input_weights': '0.000', 'ALIFCell_0.recurrent_weights': '0.000', 'ReadOut_0.readout_weights': '0.000'}
[2026-06-02 17:00:04,294][src.modRNN.training.alignment][INFO] -   align eprop @ epoch 701: cos {'ALIFCell_0.input_weights': '1.122', 'ALIFCell_0.recurrent_weights': '1.108', 'ReadOut_0.readout_weights': '0.000'}
[2026-06-02 17:00:05,585][src.modRNN.training.alignment][INFO] -   align diffusion_aligned @ epoch 701: cos {'ALIFCell_0.input_weights': '1.083', 'ALIFCell_0.recurrent_weights': '1.203', 'ReadOut_0.readout_weights': '0.000'}
[2026-06-02 17:00:07,773][src.modRNN.training.alignment][INFO] -   align diffusion_per_step @ epoch 701: cos {'ALIFCell_0.input_weights': '1.196', 'ALIFCell_0.recurrent_weights': '1.094', 'ReadOut_0.readout_weights': '0.000'}
[2026-06-02 17:00:09,049][src.modRNN.training.alignment][INFO] -   align diffusion_fixed @ epoch 701: cos {'ALIFCell_0.input_weights': '1.149', 'ALIFCell_0.recurrent_weights': '1.123', 'ReadOut_0.readout_weights': '0.000'}
[2026-06-02 17:00:41,200][src.modRNN.training.alignment][INFO] - epoch 725  train loss=0.4066  (rule: diffusion)
[2026-06-02 17:01:14,668][src.modRNN.training.alignment][INFO] - epoch 750  train loss=0.3164  (rule: diffusion)
[2026-06-02 17:01:17,463][src.modRNN.training.alignment][INFO] -   align BPTT @ epoch 751: cos {'ALIFCell_0.input_weights': '0.000', 'ALIFCell_0.recurrent_weights': '0.000', 'ReadOut_0.readout_weights': '0.000'}
[2026-06-02 17:01:18,477][src.modRNN.training.alignment][INFO] -   align eprop @ epoch 751: cos {'ALIFCell_0.input_weights': '0.971', 'ALIFCell_0.recurrent_weights': '1.172', 'ReadOut_0.readout_weights': '0.000'}
[2026-06-02 17:01:19,767][src.modRNN.training.alignment][INFO] -   align diffusion_aligned @ epoch 751: cos {'ALIFCell_0.input_weights': '0.665', 'ALIFCell_0.recurrent_weights': '0.893', 'ReadOut_0.readout_weights': '0.000'}
[2026-06-02 17:01:21,950][src.modRNN.training.alignment][INFO] -   align diffusion_per_step @ epoch 751: cos {'ALIFCell_0.input_weights': '1.103', 'ALIFCell_0.recurrent_weights': '1.099', 'ReadOut_0.readout_weights': '0.000'}
[2026-06-02 17:01:23,221][src.modRNN.training.alignment][INFO] -   align diffusion_fixed @ epoch 751: cos {'ALIFCell_0.input_weights': '1.021', 'ALIFCell_0.recurrent_weights': '1.149', 'ReadOut_0.readout_weights': '0.000'}
[2026-06-02 17:01:55,242][src.modRNN.training.alignment][INFO] - epoch 775  train loss=0.2790  (rule: diffusion)
[2026-06-02 17:02:28,715][src.modRNN.training.alignment][INFO] - epoch 800  train loss=0.3344  (rule: diffusion)
[2026-06-02 17:02:31,511][src.modRNN.training.alignment][INFO] -   align BPTT @ epoch 801: cos {'ALIFCell_0.input_weights': '0.000', 'ALIFCell_0.recurrent_weights': '0.000', 'ReadOut_0.readout_weights': '0.000'}
[2026-06-02 17:02:32,523][src.modRNN.training.alignment][INFO] -   align eprop @ epoch 801: cos {'ALIFCell_0.input_weights': '1.112', 'ALIFCell_0.recurrent_weights': '0.964', 'ReadOut_0.readout_weights': '0.000'}
[2026-06-02 17:02:33,809][src.modRNN.training.alignment][INFO] -   align diffusion_aligned @ epoch 801: cos {'ALIFCell_0.input_weights': '1.014', 'ALIFCell_0.recurrent_weights': '1.009', 'ReadOut_0.readout_weights': '0.000'}
[2026-06-02 17:02:35,992][src.modRNN.training.alignment][INFO] -   align diffusion_per_step @ epoch 801: cos {'ALIFCell_0.input_weights': '1.127', 'ALIFCell_0.recurrent_weights': '1.021', 'ReadOut_0.readout_weights': '0.000'}
[2026-06-02 17:02:37,259][src.modRNN.training.alignment][INFO] -   align diffusion_fixed @ epoch 801: cos {'ALIFCell_0.input_weights': '1.098', 'ALIFCell_0.recurrent_weights': '1.103', 'ReadOut_0.readout_weights': '0.000'}
[2026-06-02 17:03:09,281][src.modRNN.training.alignment][INFO] - epoch 825  train loss=0.2789  (rule: diffusion)
[2026-06-02 17:03:42,706][src.modRNN.training.alignment][INFO] - epoch 850  train loss=0.3621  (rule: diffusion)
[2026-06-02 17:03:45,489][src.modRNN.training.alignment][INFO] -   align BPTT @ epoch 851: cos {'ALIFCell_0.input_weights': '0.000', 'ALIFCell_0.recurrent_weights': '0.000', 'ReadOut_0.readout_weights': '0.000'}
[2026-06-02 17:03:46,499][src.modRNN.training.alignment][INFO] -   align eprop @ epoch 851: cos {'ALIFCell_0.input_weights': '1.228', 'ALIFCell_0.recurrent_weights': '1.215', 'ReadOut_0.readout_weights': '0.000'}
[2026-06-02 17:03:47,785][src.modRNN.training.alignment][INFO] -   align diffusion_aligned @ epoch 851: cos {'ALIFCell_0.input_weights': '1.207', 'ALIFCell_0.recurrent_weights': '1.284', 'ReadOut_0.readout_weights': '0.000'}
[2026-06-02 17:03:49,968][src.modRNN.training.alignment][INFO] -   align diffusion_per_step @ epoch 851: cos {'ALIFCell_0.input_weights': '1.270', 'ALIFCell_0.recurrent_weights': '1.246', 'ReadOut_0.readout_weights': '0.000'}
[2026-06-02 17:03:51,237][src.modRNN.training.alignment][INFO] -   align diffusion_fixed @ epoch 851: cos {'ALIFCell_0.input_weights': '1.158', 'ALIFCell_0.recurrent_weights': '1.172', 'ReadOut_0.readout_weights': '0.000'}
[2026-06-02 17:04:23,360][src.modRNN.training.alignment][INFO] - epoch 875  train loss=0.3473  (rule: diffusion)
[2026-06-02 17:04:56,714][src.modRNN.training.alignment][INFO] - epoch 900  train loss=0.2956  (rule: diffusion)
[2026-06-02 17:04:59,500][src.modRNN.training.alignment][INFO] -   align BPTT @ epoch 901: cos {'ALIFCell_0.input_weights': '0.000', 'ALIFCell_0.recurrent_weights': '0.000', 'ReadOut_0.readout_weights': '0.000'}
[2026-06-02 17:05:00,508][src.modRNN.training.alignment][INFO] -   align eprop @ epoch 901: cos {'ALIFCell_0.input_weights': '1.331', 'ALIFCell_0.recurrent_weights': '1.020', 'ReadOut_0.readout_weights': '0.000'}
[2026-06-02 17:05:01,794][src.modRNN.training.alignment][INFO] -   align diffusion_aligned @ epoch 901: cos {'ALIFCell_0.input_weights': '1.090', 'ALIFCell_0.recurrent_weights': '0.998', 'ReadOut_0.readout_weights': '0.000'}
[2026-06-02 17:05:03,987][src.modRNN.training.alignment][INFO] -   align diffusion_per_step @ epoch 901: cos {'ALIFCell_0.input_weights': '1.406', 'ALIFCell_0.recurrent_weights': '1.026', 'ReadOut_0.readout_weights': '0.000'}
[2026-06-02 17:05:05,260][src.modRNN.training.alignment][INFO] -   align diffusion_fixed @ epoch 901: cos {'ALIFCell_0.input_weights': '1.321', 'ALIFCell_0.recurrent_weights': '0.996', 'ReadOut_0.readout_weights': '0.000'}
[2026-06-02 17:05:37,383][src.modRNN.training.alignment][INFO] - epoch 925  train loss=0.3064  (rule: diffusion)
[2026-06-02 17:06:10,755][src.modRNN.training.alignment][INFO] - epoch 950  train loss=0.3097  (rule: diffusion)
[2026-06-02 17:06:13,544][src.modRNN.training.alignment][INFO] -   align BPTT @ epoch 951: cos {'ALIFCell_0.input_weights': '0.000', 'ALIFCell_0.recurrent_weights': '0.000', 'ReadOut_0.readout_weights': '0.000'}
[2026-06-02 17:06:14,560][src.modRNN.training.alignment][INFO] -   align eprop @ epoch 951: cos {'ALIFCell_0.input_weights': '1.335', 'ALIFCell_0.recurrent_weights': '1.137', 'ReadOut_0.readout_weights': '0.000'}
[2026-06-02 17:06:15,851][src.modRNN.training.alignment][INFO] -   align diffusion_aligned @ epoch 951: cos {'ALIFCell_0.input_weights': '0.932', 'ALIFCell_0.recurrent_weights': '1.119', 'ReadOut_0.readout_weights': '0.000'}
[2026-06-02 17:06:18,036][src.modRNN.training.alignment][INFO] -   align diffusion_per_step @ epoch 951: cos {'ALIFCell_0.input_weights': '1.235', 'ALIFCell_0.recurrent_weights': '1.133', 'ReadOut_0.readout_weights': '0.000'}
[2026-06-02 17:06:19,310][src.modRNN.training.alignment][INFO] -   align diffusion_fixed @ epoch 951: cos {'ALIFCell_0.input_weights': '1.053', 'ALIFCell_0.recurrent_weights': '1.022', 'ReadOut_0.readout_weights': '0.000'}
[2026-06-02 17:06:51,379][src.modRNN.training.alignment][INFO] - epoch 975  train loss=0.2826  (rule: diffusion)
[2026-06-02 17:07:24,843][src.modRNN.training.alignment][INFO] - epoch 1000  train loss=0.3700  (rule: diffusion)
[2026-06-02 17:07:27,634][src.modRNN.training.alignment][INFO] -   align BPTT @ epoch 1001: cos {'ALIFCell_0.input_weights': '0.000', 'ALIFCell_0.recurrent_weights': '0.000', 'ReadOut_0.readout_weights': '0.000'}
[2026-06-02 17:07:28,649][src.modRNN.training.alignment][INFO] -   align eprop @ epoch 1001: cos {'ALIFCell_0.input_weights': '0.986', 'ALIFCell_0.recurrent_weights': '1.001', 'ReadOut_0.readout_weights': '0.000'}
[2026-06-02 17:07:29,941][src.modRNN.training.alignment][INFO] -   align diffusion_aligned @ epoch 1001: cos {'ALIFCell_0.input_weights': '1.017', 'ALIFCell_0.recurrent_weights': '1.050', 'ReadOut_0.readout_weights': '0.000'}
[2026-06-02 17:07:32,124][src.modRNN.training.alignment][INFO] -   align diffusion_per_step @ epoch 1001: cos {'ALIFCell_0.input_weights': '1.090', 'ALIFCell_0.recurrent_weights': '1.044', 'ReadOut_0.readout_weights': '0.000'}
[2026-06-02 17:07:33,393][src.modRNN.training.alignment][INFO] -   align diffusion_fixed @ epoch 1001: cos {'ALIFCell_0.input_weights': '0.930', 'ALIFCell_0.recurrent_weights': '0.968', 'ReadOut_0.readout_weights': '0.000'}
[2026-06-02 17:08:05,374][src.modRNN.training.alignment][INFO] - epoch 1025  train loss=0.4100  (rule: diffusion)
[2026-06-02 17:08:38,861][src.modRNN.training.alignment][INFO] - epoch 1050  train loss=0.3214  (rule: diffusion)
[2026-06-02 17:08:41,649][src.modRNN.training.alignment][INFO] -   align BPTT @ epoch 1051: cos {'ALIFCell_0.input_weights': '0.000', 'ALIFCell_0.recurrent_weights': '0.000', 'ReadOut_0.readout_weights': '0.000'}
[2026-06-02 17:08:42,658][src.modRNN.training.alignment][INFO] -   align eprop @ epoch 1051: cos {'ALIFCell_0.input_weights': '0.914', 'ALIFCell_0.recurrent_weights': '0.854', 'ReadOut_0.readout_weights': '0.000'}
[2026-06-02 17:08:43,945][src.modRNN.training.alignment][INFO] -   align diffusion_aligned @ epoch 1051: cos {'ALIFCell_0.input_weights': '1.123', 'ALIFCell_0.recurrent_weights': '1.050', 'ReadOut_0.readout_weights': '0.000'}
[2026-06-02 17:08:46,125][src.modRNN.training.alignment][INFO] -   align diffusion_per_step @ epoch 1051: cos {'ALIFCell_0.input_weights': '1.005', 'ALIFCell_0.recurrent_weights': '0.909', 'ReadOut_0.readout_weights': '0.000'}
[2026-06-02 17:08:47,397][src.modRNN.training.alignment][INFO] -   align diffusion_fixed @ epoch 1051: cos {'ALIFCell_0.input_weights': '0.923', 'ALIFCell_0.recurrent_weights': '0.959', 'ReadOut_0.readout_weights': '0.000'}
[2026-06-02 17:09:19,525][src.modRNN.training.alignment][INFO] - epoch 1075  train loss=0.4176  (rule: diffusion)
[2026-06-02 17:09:52,910][src.modRNN.training.alignment][INFO] - epoch 1100  train loss=0.3976  (rule: diffusion)
[2026-06-02 17:09:55,691][src.modRNN.training.alignment][INFO] -   align BPTT @ epoch 1101: cos {'ALIFCell_0.input_weights': '0.000', 'ALIFCell_0.recurrent_weights': '0.000', 'ReadOut_0.readout_weights': '0.000'}
[2026-06-02 17:09:56,702][src.modRNN.training.alignment][INFO] -   align eprop @ epoch 1101: cos {'ALIFCell_0.input_weights': '0.837', 'ALIFCell_0.recurrent_weights': '0.743', 'ReadOut_0.readout_weights': '0.000'}
[2026-06-02 17:09:57,992][src.modRNN.training.alignment][INFO] -   align diffusion_aligned @ epoch 1101: cos {'ALIFCell_0.input_weights': '0.711', 'ALIFCell_0.recurrent_weights': '0.685', 'ReadOut_0.readout_weights': '0.000'}
[2026-06-02 17:10:00,174][src.modRNN.training.alignment][INFO] -   align diffusion_per_step @ epoch 1101: cos {'ALIFCell_0.input_weights': '0.845', 'ALIFCell_0.recurrent_weights': '0.758', 'ReadOut_0.readout_weights': '0.000'}
[2026-06-02 17:10:01,459][src.modRNN.training.alignment][INFO] -   align diffusion_fixed @ epoch 1101: cos {'ALIFCell_0.input_weights': '0.753', 'ALIFCell_0.recurrent_weights': '0.722', 'ReadOut_0.readout_weights': '0.000'}
[2026-06-02 17:10:33,639][src.modRNN.training.alignment][INFO] - epoch 1125  train loss=0.5933  (rule: diffusion)
[2026-06-02 17:11:06,978][src.modRNN.training.alignment][INFO] - epoch 1150  train loss=0.3839  (rule: diffusion)
[2026-06-02 17:11:09,771][src.modRNN.training.alignment][INFO] -   align BPTT @ epoch 1151: cos {'ALIFCell_0.input_weights': '0.000', 'ALIFCell_0.recurrent_weights': '0.000', 'ReadOut_0.readout_weights': '0.000'}
[2026-06-02 17:11:10,786][src.modRNN.training.alignment][INFO] -   align eprop @ epoch 1151: cos {'ALIFCell_0.input_weights': '1.173', 'ALIFCell_0.recurrent_weights': '1.510', 'ReadOut_0.readout_weights': '0.000'}
[2026-06-02 17:11:12,076][src.modRNN.training.alignment][INFO] -   align diffusion_aligned @ epoch 1151: cos {'ALIFCell_0.input_weights': '1.158', 'ALIFCell_0.recurrent_weights': '1.519', 'ReadOut_0.readout_weights': '0.000'}
[2026-06-02 17:11:14,261][src.modRNN.training.alignment][INFO] -   align diffusion_per_step @ epoch 1151: cos {'ALIFCell_0.input_weights': '1.178', 'ALIFCell_0.recurrent_weights': '1.522', 'ReadOut_0.readout_weights': '0.000'}
[2026-06-02 17:11:15,532][src.modRNN.training.alignment][INFO] -   align diffusion_fixed @ epoch 1151: cos {'ALIFCell_0.input_weights': '1.142', 'ALIFCell_0.recurrent_weights': '1.519', 'ReadOut_0.readout_weights': '0.000'}
[2026-06-02 17:11:47,575][src.modRNN.training.alignment][INFO] - epoch 1175  train loss=0.3430  (rule: diffusion)
[2026-06-02 17:12:20,998][src.modRNN.training.alignment][INFO] - epoch 1200  train loss=0.4060  (rule: diffusion)
[2026-06-02 17:12:23,807][src.modRNN.training.alignment][INFO] -   align BPTT @ epoch 1201: cos {'ALIFCell_0.input_weights': '0.000', 'ALIFCell_0.recurrent_weights': '0.000', 'ReadOut_0.readout_weights': '0.000'}
[2026-06-02 17:12:24,828][src.modRNN.training.alignment][INFO] -   align eprop @ epoch 1201: cos {'ALIFCell_0.input_weights': '1.161', 'ALIFCell_0.recurrent_weights': '0.972', 'ReadOut_0.readout_weights': '0.000'}
[2026-06-02 17:12:26,132][src.modRNN.training.alignment][INFO] -   align diffusion_aligned @ epoch 1201: cos {'ALIFCell_0.input_weights': '1.100', 'ALIFCell_0.recurrent_weights': '0.963', 'ReadOut_0.readout_weights': '0.000'}
[2026-06-02 17:12:28,339][src.modRNN.training.alignment][INFO] -   align diffusion_per_step @ epoch 1201: cos {'ALIFCell_0.input_weights': '1.175', 'ALIFCell_0.recurrent_weights': '0.971', 'ReadOut_0.readout_weights': '0.000'}
[2026-06-02 17:12:29,624][src.modRNN.training.alignment][INFO] -   align diffusion_fixed @ epoch 1201: cos {'ALIFCell_0.input_weights': '1.024', 'ALIFCell_0.recurrent_weights': '0.937', 'ReadOut_0.readout_weights': '0.000'}
[2026-06-02 17:13:01,851][src.modRNN.training.alignment][INFO] - epoch 1225  train loss=0.3829  (rule: diffusion)
[2026-06-02 17:13:35,584][src.modRNN.training.alignment][INFO] - epoch 1250  train loss=0.5677  (rule: diffusion)
[2026-06-02 17:13:38,392][src.modRNN.training.alignment][INFO] -   align BPTT @ epoch 1251: cos {'ALIFCell_0.input_weights': '0.000', 'ALIFCell_0.recurrent_weights': '0.000', 'ReadOut_0.readout_weights': '0.000'}
[2026-06-02 17:13:39,410][src.modRNN.training.alignment][INFO] -   align eprop @ epoch 1251: cos {'ALIFCell_0.input_weights': '1.298', 'ALIFCell_0.recurrent_weights': '1.186', 'ReadOut_0.readout_weights': '0.000'}
[2026-06-02 17:13:40,707][src.modRNN.training.alignment][INFO] -   align diffusion_aligned @ epoch 1251: cos {'ALIFCell_0.input_weights': '1.130', 'ALIFCell_0.recurrent_weights': '1.266', 'ReadOut_0.readout_weights': '0.000'}
[2026-06-02 17:13:42,903][src.modRNN.training.alignment][INFO] -   align diffusion_per_step @ epoch 1251: cos {'ALIFCell_0.input_weights': '1.228', 'ALIFCell_0.recurrent_weights': '1.177', 'ReadOut_0.readout_weights': '0.000'}
[2026-06-02 17:13:44,182][src.modRNN.training.alignment][INFO] -   align diffusion_fixed @ epoch 1251: cos {'ALIFCell_0.input_weights': '1.102', 'ALIFCell_0.recurrent_weights': '1.208', 'ReadOut_0.readout_weights': '0.000'}
[2026-06-02 17:14:16,508][src.modRNN.training.alignment][INFO] - epoch 1275  train loss=0.5245  (rule: diffusion)
[2026-06-02 17:14:50,153][src.modRNN.training.alignment][INFO] - epoch 1300  train loss=0.5324  (rule: diffusion)
[2026-06-02 17:14:52,962][src.modRNN.training.alignment][INFO] -   align BPTT @ epoch 1301: cos {'ALIFCell_0.input_weights': '0.000', 'ALIFCell_0.recurrent_weights': 'nan', 'ReadOut_0.readout_weights': '0.000'}
[2026-06-02 17:14:53,980][src.modRNN.training.alignment][INFO] -   align eprop @ epoch 1301: cos {'ALIFCell_0.input_weights': '1.569', 'ALIFCell_0.recurrent_weights': '1.571', 'ReadOut_0.readout_weights': '0.000'}
[2026-06-02 17:14:55,279][src.modRNN.training.alignment][INFO] -   align diffusion_aligned @ epoch 1301: cos {'ALIFCell_0.input_weights': '1.570', 'ALIFCell_0.recurrent_weights': '1.571', 'ReadOut_0.readout_weights': '0.000'}
[2026-06-02 17:14:57,478][src.modRNN.training.alignment][INFO] -   align diffusion_per_step @ epoch 1301: cos {'ALIFCell_0.input_weights': '1.569', 'ALIFCell_0.recurrent_weights': '1.571', 'ReadOut_0.readout_weights': '0.000'}
[2026-06-02 17:14:58,758][src.modRNN.training.alignment][INFO] -   align diffusion_fixed @ epoch 1301: cos {'ALIFCell_0.input_weights': '1.584', 'ALIFCell_0.recurrent_weights': '1.571', 'ReadOut_0.readout_weights': '0.000'}
[2026-06-02 17:15:31,153][src.modRNN.training.alignment][INFO] - epoch 1325  train loss=0.4076  (rule: diffusion)
[2026-06-02 17:16:04,730][src.modRNN.training.alignment][INFO] - epoch 1350  train loss=0.4979  (rule: diffusion)
[2026-06-02 17:16:07,545][src.modRNN.training.alignment][INFO] -   align BPTT @ epoch 1351: cos {'ALIFCell_0.input_weights': '0.000', 'ALIFCell_0.recurrent_weights': '0.000', 'ReadOut_0.readout_weights': '0.000'}
[2026-06-02 17:16:08,570][src.modRNN.training.alignment][INFO] -   align eprop @ epoch 1351: cos {'ALIFCell_0.input_weights': '1.414', 'ALIFCell_0.recurrent_weights': '1.522', 'ReadOut_0.readout_weights': '0.000'}
[2026-06-02 17:16:09,873][src.modRNN.training.alignment][INFO] -   align diffusion_aligned @ epoch 1351: cos {'ALIFCell_0.input_weights': '1.400', 'ALIFCell_0.recurrent_weights': '1.505', 'ReadOut_0.readout_weights': '0.000'}
[2026-06-02 17:16:12,078][src.modRNN.training.alignment][INFO] -   align diffusion_per_step @ epoch 1351: cos {'ALIFCell_0.input_weights': '1.404', 'ALIFCell_0.recurrent_weights': '1.508', 'ReadOut_0.readout_weights': '0.000'}
[2026-06-02 17:16:13,363][src.modRNN.training.alignment][INFO] -   align diffusion_fixed @ epoch 1351: cos {'ALIFCell_0.input_weights': '1.419', 'ALIFCell_0.recurrent_weights': '1.527', 'ReadOut_0.readout_weights': '0.000'}
[2026-06-02 17:16:45,704][src.modRNN.training.alignment][INFO] - epoch 1375  train loss=0.5219  (rule: diffusion)
[2026-06-02 17:17:19,382][src.modRNN.training.alignment][INFO] - epoch 1400  train loss=0.4674  (rule: diffusion)
[2026-06-02 17:17:22,198][src.modRNN.training.alignment][INFO] -   align BPTT @ epoch 1401: cos {'ALIFCell_0.input_weights': '0.000', 'ALIFCell_0.recurrent_weights': '0.000', 'ReadOut_0.readout_weights': '0.000'}
[2026-06-02 17:17:23,222][src.modRNN.training.alignment][INFO] -   align eprop @ epoch 1401: cos {'ALIFCell_0.input_weights': '0.946', 'ALIFCell_0.recurrent_weights': '0.814', 'ReadOut_0.readout_weights': '0.000'}
[2026-06-02 17:17:24,525][src.modRNN.training.alignment][INFO] -   align diffusion_aligned @ epoch 1401: cos {'ALIFCell_0.input_weights': '0.915', 'ALIFCell_0.recurrent_weights': '0.895', 'ReadOut_0.readout_weights': '0.000'}
[2026-06-02 17:17:26,728][src.modRNN.training.alignment][INFO] -   align diffusion_per_step @ epoch 1401: cos {'ALIFCell_0.input_weights': '0.972', 'ALIFCell_0.recurrent_weights': '0.867', 'ReadOut_0.readout_weights': '0.000'}
[2026-06-02 17:17:28,011][src.modRNN.training.alignment][INFO] -   align diffusion_fixed @ epoch 1401: cos {'ALIFCell_0.input_weights': '0.917', 'ALIFCell_0.recurrent_weights': '0.819', 'ReadOut_0.readout_weights': '0.000'}
[2026-06-02 17:18:00,226][src.modRNN.training.alignment][INFO] - epoch 1425  train loss=0.4511  (rule: diffusion)
[2026-06-02 17:18:33,955][src.modRNN.training.alignment][INFO] - epoch 1450  train loss=0.5336  (rule: diffusion)
[2026-06-02 17:18:36,763][src.modRNN.training.alignment][INFO] -   align BPTT @ epoch 1451: cos {'ALIFCell_0.input_weights': '0.000', 'ALIFCell_0.recurrent_weights': '0.000', 'ReadOut_0.readout_weights': '0.000'}
[2026-06-02 17:18:37,782][src.modRNN.training.alignment][INFO] -   align eprop @ epoch 1451: cos {'ALIFCell_0.input_weights': '1.224', 'ALIFCell_0.recurrent_weights': '1.013', 'ReadOut_0.readout_weights': '0.000'}
[2026-06-02 17:18:39,082][src.modRNN.training.alignment][INFO] -   align diffusion_aligned @ epoch 1451: cos {'ALIFCell_0.input_weights': '1.237', 'ALIFCell_0.recurrent_weights': '1.120', 'ReadOut_0.readout_weights': '0.000'}
[2026-06-02 17:18:41,281][src.modRNN.training.alignment][INFO] -   align diffusion_per_step @ epoch 1451: cos {'ALIFCell_0.input_weights': '1.229', 'ALIFCell_0.recurrent_weights': '1.032', 'ReadOut_0.readout_weights': '0.000'}
[2026-06-02 17:18:42,562][src.modRNN.training.alignment][INFO] -   align diffusion_fixed @ epoch 1451: cos {'ALIFCell_0.input_weights': '1.218', 'ALIFCell_0.recurrent_weights': '0.987', 'ReadOut_0.readout_weights': '0.000'}
[2026-06-02 17:19:14,864][src.modRNN.training.alignment][INFO] - epoch 1475  train loss=0.4418  (rule: diffusion)
[2026-06-02 17:19:48,501][src.modRNN.training.alignment][INFO] - epoch 1500  train loss=0.6364  (rule: diffusion)
[2026-06-02 17:19:51,310][src.modRNN.training.alignment][INFO] -   align BPTT @ epoch 1501: cos {'ALIFCell_0.input_weights': '0.000', 'ALIFCell_0.recurrent_weights': '0.000', 'ReadOut_0.readout_weights': '0.000'}
[2026-06-02 17:19:52,327][src.modRNN.training.alignment][INFO] -   align eprop @ epoch 1501: cos {'ALIFCell_0.input_weights': '1.227', 'ALIFCell_0.recurrent_weights': '1.277', 'ReadOut_0.readout_weights': '0.000'}
[2026-06-02 17:19:53,625][src.modRNN.training.alignment][INFO] -   align diffusion_aligned @ epoch 1501: cos {'ALIFCell_0.input_weights': '1.225', 'ALIFCell_0.recurrent_weights': '1.306', 'ReadOut_0.readout_weights': '0.000'}
[2026-06-02 17:19:55,825][src.modRNN.training.alignment][INFO] -   align diffusion_per_step @ epoch 1501: cos {'ALIFCell_0.input_weights': '1.278', 'ALIFCell_0.recurrent_weights': '1.300', 'ReadOut_0.readout_weights': '0.000'}
[2026-06-02 17:19:57,107][src.modRNN.training.alignment][INFO] -   align diffusion_fixed @ epoch 1501: cos {'ALIFCell_0.input_weights': '1.150', 'ALIFCell_0.recurrent_weights': '1.263', 'ReadOut_0.readout_weights': '0.000'}
[2026-06-02 17:20:29,529][src.modRNN.training.alignment][INFO] - epoch 1525  train loss=0.3537  (rule: diffusion)
[2026-06-02 17:21:03,180][src.modRNN.training.alignment][INFO] - epoch 1550  train loss=0.4291  (rule: diffusion)
[2026-06-02 17:21:05,995][src.modRNN.training.alignment][INFO] -   align BPTT @ epoch 1551: cos {'ALIFCell_0.input_weights': '0.000', 'ALIFCell_0.recurrent_weights': '0.000', 'ReadOut_0.readout_weights': '0.000'}
[2026-06-02 17:21:07,015][src.modRNN.training.alignment][INFO] -   align eprop @ epoch 1551: cos {'ALIFCell_0.input_weights': '1.116', 'ALIFCell_0.recurrent_weights': '1.005', 'ReadOut_0.readout_weights': '0.000'}
[2026-06-02 17:21:08,316][src.modRNN.training.alignment][INFO] -   align diffusion_aligned @ epoch 1551: cos {'ALIFCell_0.input_weights': '1.158', 'ALIFCell_0.recurrent_weights': '1.070', 'ReadOut_0.readout_weights': '0.000'}
[2026-06-02 17:21:10,517][src.modRNN.training.alignment][INFO] -   align diffusion_per_step @ epoch 1551: cos {'ALIFCell_0.input_weights': '1.209', 'ALIFCell_0.recurrent_weights': '1.039', 'ReadOut_0.readout_weights': '0.000'}
[2026-06-02 17:21:11,800][src.modRNN.training.alignment][INFO] -   align diffusion_fixed @ epoch 1551: cos {'ALIFCell_0.input_weights': '1.093', 'ALIFCell_0.recurrent_weights': '0.974', 'ReadOut_0.readout_weights': '0.000'}
[2026-06-02 17:21:44,132][src.modRNN.training.alignment][INFO] - epoch 1575  train loss=0.3543  (rule: diffusion)
[2026-06-02 17:22:17,853][src.modRNN.training.alignment][INFO] - epoch 1600  train loss=0.3434  (rule: diffusion)
[2026-06-02 17:22:20,666][src.modRNN.training.alignment][INFO] -   align BPTT @ epoch 1601: cos {'ALIFCell_0.input_weights': '0.000', 'ALIFCell_0.recurrent_weights': '0.000', 'ReadOut_0.readout_weights': '0.000'}
[2026-06-02 17:22:21,690][src.modRNN.training.alignment][INFO] -   align eprop @ epoch 1601: cos {'ALIFCell_0.input_weights': '1.103', 'ALIFCell_0.recurrent_weights': '1.050', 'ReadOut_0.readout_weights': '0.000'}
[2026-06-02 17:22:22,992][src.modRNN.training.alignment][INFO] -   align diffusion_aligned @ epoch 1601: cos {'ALIFCell_0.input_weights': '1.100', 'ALIFCell_0.recurrent_weights': '1.130', 'ReadOut_0.readout_weights': '0.000'}
[2026-06-02 17:22:25,197][src.modRNN.training.alignment][INFO] -   align diffusion_per_step @ epoch 1601: cos {'ALIFCell_0.input_weights': '1.140', 'ALIFCell_0.recurrent_weights': '1.093', 'ReadOut_0.readout_weights': '0.000'}
[2026-06-02 17:22:26,479][src.modRNN.training.alignment][INFO] -   align diffusion_fixed @ epoch 1601: cos {'ALIFCell_0.input_weights': '1.071', 'ALIFCell_0.recurrent_weights': '1.054', 'ReadOut_0.readout_weights': '0.000'}
[2026-06-02 17:22:58,786][src.modRNN.training.alignment][INFO] - epoch 1625  train loss=0.3597  (rule: diffusion)
[2026-06-02 17:23:32,530][src.modRNN.training.alignment][INFO] - epoch 1650  train loss=0.3584  (rule: diffusion)
[2026-06-02 17:23:35,338][src.modRNN.training.alignment][INFO] -   align BPTT @ epoch 1651: cos {'ALIFCell_0.input_weights': '0.000', 'ALIFCell_0.recurrent_weights': '0.000', 'ReadOut_0.readout_weights': '0.000'}
[2026-06-02 17:23:36,367][src.modRNN.training.alignment][INFO] -   align eprop @ epoch 1651: cos {'ALIFCell_0.input_weights': '1.571', 'ALIFCell_0.recurrent_weights': '1.567', 'ReadOut_0.readout_weights': '0.000'}
[2026-06-02 17:23:37,664][src.modRNN.training.alignment][INFO] -   align diffusion_aligned @ epoch 1651: cos {'ALIFCell_0.input_weights': '1.577', 'ALIFCell_0.recurrent_weights': '1.577', 'ReadOut_0.readout_weights': '0.000'}
[2026-06-02 17:23:39,868][src.modRNN.training.alignment][INFO] -   align diffusion_per_step @ epoch 1651: cos {'ALIFCell_0.input_weights': '1.569', 'ALIFCell_0.recurrent_weights': '1.557', 'ReadOut_0.readout_weights': '0.000'}
[2026-06-02 17:23:41,148][src.modRNN.training.alignment][INFO] -   align diffusion_fixed @ epoch 1651: cos {'ALIFCell_0.input_weights': '1.566', 'ALIFCell_0.recurrent_weights': '1.496', 'ReadOut_0.readout_weights': '0.000'}
[2026-06-02 17:24:13,427][src.modRNN.training.alignment][INFO] - epoch 1675  train loss=0.3374  (rule: diffusion)
[2026-06-02 17:24:47,106][src.modRNN.training.alignment][INFO] - epoch 1700  train loss=0.4363  (rule: diffusion)
[2026-06-02 17:24:49,909][src.modRNN.training.alignment][INFO] -   align BPTT @ epoch 1701: cos {'ALIFCell_0.input_weights': '0.000', 'ALIFCell_0.recurrent_weights': '0.000', 'ReadOut_0.readout_weights': '0.000'}
[2026-06-02 17:24:50,938][src.modRNN.training.alignment][INFO] -   align eprop @ epoch 1701: cos {'ALIFCell_0.input_weights': '1.565', 'ALIFCell_0.recurrent_weights': '1.567', 'ReadOut_0.readout_weights': '0.000'}
[2026-06-02 17:24:52,235][src.modRNN.training.alignment][INFO] -   align diffusion_aligned @ epoch 1701: cos {'ALIFCell_0.input_weights': '1.566', 'ALIFCell_0.recurrent_weights': '1.577', 'ReadOut_0.readout_weights': '0.000'}
[2026-06-02 17:24:54,436][src.modRNN.training.alignment][INFO] -   align diffusion_per_step @ epoch 1701: cos {'ALIFCell_0.input_weights': '1.557', 'ALIFCell_0.recurrent_weights': '1.555', 'ReadOut_0.readout_weights': '0.000'}
[2026-06-02 17:24:55,715][src.modRNN.training.alignment][INFO] -   align diffusion_fixed @ epoch 1701: cos {'ALIFCell_0.input_weights': '1.561', 'ALIFCell_0.recurrent_weights': '1.494', 'ReadOut_0.readout_weights': '0.000'}
[2026-06-02 17:25:28,089][src.modRNN.training.alignment][INFO] - epoch 1725  train loss=0.3656  (rule: diffusion)
[2026-06-02 17:26:01,683][src.modRNN.training.alignment][INFO] - epoch 1750  train loss=0.3735  (rule: diffusion)
[2026-06-02 17:26:04,499][src.modRNN.training.alignment][INFO] -   align BPTT @ epoch 1751: cos {'ALIFCell_0.input_weights': '0.000', 'ALIFCell_0.recurrent_weights': '0.000', 'ReadOut_0.readout_weights': '0.000'}
[2026-06-02 17:26:05,524][src.modRNN.training.alignment][INFO] -   align eprop @ epoch 1751: cos {'ALIFCell_0.input_weights': '1.637', 'ALIFCell_0.recurrent_weights': '1.703', 'ReadOut_0.readout_weights': '0.000'}
[2026-06-02 17:26:06,825][src.modRNN.training.alignment][INFO] -   align diffusion_aligned @ epoch 1751: cos {'ALIFCell_0.input_weights': '1.384', 'ALIFCell_0.recurrent_weights': '1.702', 'ReadOut_0.readout_weights': '0.000'}
[2026-06-02 17:26:09,027][src.modRNN.training.alignment][INFO] -   align diffusion_per_step @ epoch 1751: cos {'ALIFCell_0.input_weights': '1.528', 'ALIFCell_0.recurrent_weights': '1.673', 'ReadOut_0.readout_weights': '0.000'}
[2026-06-02 17:26:10,311][src.modRNN.training.alignment][INFO] -   align diffusion_fixed @ epoch 1751: cos {'ALIFCell_0.input_weights': '1.639', 'ALIFCell_0.recurrent_weights': '1.612', 'ReadOut_0.readout_weights': '0.000'}
[2026-06-02 17:26:42,652][src.modRNN.training.alignment][INFO] - epoch 1775  train loss=0.3521  (rule: diffusion)
[2026-06-02 17:27:16,318][src.modRNN.training.alignment][INFO] - epoch 1800  train loss=0.2975  (rule: diffusion)
[2026-06-02 17:27:19,135][src.modRNN.training.alignment][INFO] -   align BPTT @ epoch 1801: cos {'ALIFCell_0.input_weights': '0.000', 'ALIFCell_0.recurrent_weights': '0.000', 'ReadOut_0.readout_weights': '0.000'}
[2026-06-02 17:27:20,156][src.modRNN.training.alignment][INFO] -   align eprop @ epoch 1801: cos {'ALIFCell_0.input_weights': '1.618', 'ALIFCell_0.recurrent_weights': '1.426', 'ReadOut_0.readout_weights': '0.000'}
[2026-06-02 17:27:21,459][src.modRNN.training.alignment][INFO] -   align diffusion_aligned @ epoch 1801: cos {'ALIFCell_0.input_weights': '1.502', 'ALIFCell_0.recurrent_weights': '1.421', 'ReadOut_0.readout_weights': '0.000'}
[2026-06-02 17:27:23,660][src.modRNN.training.alignment][INFO] -   align diffusion_per_step @ epoch 1801: cos {'ALIFCell_0.input_weights': '1.597', 'ALIFCell_0.recurrent_weights': '1.432', 'ReadOut_0.readout_weights': '0.000'}
[2026-06-02 17:27:24,943][src.modRNN.training.alignment][INFO] -   align diffusion_fixed @ epoch 1801: cos {'ALIFCell_0.input_weights': '1.563', 'ALIFCell_0.recurrent_weights': '1.422', 'ReadOut_0.readout_weights': '0.000'}
[2026-06-02 17:27:57,154][src.modRNN.training.alignment][INFO] - epoch 1825  train loss=0.2274  (rule: diffusion)
[2026-06-02 17:28:30,864][src.modRNN.training.alignment][INFO] - epoch 1850  train loss=0.3527  (rule: diffusion)
[2026-06-02 17:28:33,675][src.modRNN.training.alignment][INFO] -   align BPTT @ epoch 1851: cos {'ALIFCell_0.input_weights': '0.000', 'ALIFCell_0.recurrent_weights': '0.000', 'ReadOut_0.readout_weights': '0.000'}
[2026-06-02 17:28:34,703][src.modRNN.training.alignment][INFO] -   align eprop @ epoch 1851: cos {'ALIFCell_0.input_weights': '0.991', 'ALIFCell_0.recurrent_weights': '1.025', 'ReadOut_0.readout_weights': '0.000'}
[2026-06-02 17:28:36,002][src.modRNN.training.alignment][INFO] -   align diffusion_aligned @ epoch 1851: cos {'ALIFCell_0.input_weights': '1.033', 'ALIFCell_0.recurrent_weights': '1.073', 'ReadOut_0.readout_weights': '0.000'}
[2026-06-02 17:28:38,202][src.modRNN.training.alignment][INFO] -   align diffusion_per_step @ epoch 1851: cos {'ALIFCell_0.input_weights': '1.012', 'ALIFCell_0.recurrent_weights': '1.038', 'ReadOut_0.readout_weights': '0.000'}
[2026-06-02 17:28:39,483][src.modRNN.training.alignment][INFO] -   align diffusion_fixed @ epoch 1851: cos {'ALIFCell_0.input_weights': '0.897', 'ALIFCell_0.recurrent_weights': '1.088', 'ReadOut_0.readout_weights': '0.000'}
[2026-06-02 17:29:11,773][src.modRNN.training.alignment][INFO] - epoch 1875  train loss=0.4193  (rule: diffusion)
[2026-06-02 17:29:45,444][src.modRNN.training.alignment][INFO] - epoch 1900  train loss=0.4285  (rule: diffusion)
[2026-06-02 17:29:48,253][src.modRNN.training.alignment][INFO] -   align BPTT @ epoch 1901: cos {'ALIFCell_0.input_weights': '0.000', 'ALIFCell_0.recurrent_weights': '0.000', 'ReadOut_0.readout_weights': '0.000'}
[2026-06-02 17:29:49,272][src.modRNN.training.alignment][INFO] -   align eprop @ epoch 1901: cos {'ALIFCell_0.input_weights': '1.571', 'ALIFCell_0.recurrent_weights': '1.509', 'ReadOut_0.readout_weights': '0.000'}
[2026-06-02 17:29:50,569][src.modRNN.training.alignment][INFO] -   align diffusion_aligned @ epoch 1901: cos {'ALIFCell_0.input_weights': '1.666', 'ALIFCell_0.recurrent_weights': '1.526', 'ReadOut_0.readout_weights': '0.000'}
[2026-06-02 17:29:52,768][src.modRNN.training.alignment][INFO] -   align diffusion_per_step @ epoch 1901: cos {'ALIFCell_0.input_weights': '1.594', 'ALIFCell_0.recurrent_weights': '1.513', 'ReadOut_0.readout_weights': '0.000'}
[2026-06-02 17:29:54,047][src.modRNN.training.alignment][INFO] -   align diffusion_fixed @ epoch 1901: cos {'ALIFCell_0.input_weights': '1.559', 'ALIFCell_0.recurrent_weights': '1.521', 'ReadOut_0.readout_weights': '0.000'}
[2026-06-02 17:30:26,417][src.modRNN.training.alignment][INFO] - epoch 1925  train loss=0.3626  (rule: diffusion)
[2026-06-02 17:31:00,027][src.modRNN.training.alignment][INFO] - epoch 1950  train loss=0.2035  (rule: diffusion)
[2026-06-02 17:31:02,832][src.modRNN.training.alignment][INFO] -   align BPTT @ epoch 1951: cos {'ALIFCell_0.input_weights': '0.000', 'ALIFCell_0.recurrent_weights': '0.000', 'ReadOut_0.readout_weights': '0.000'}
[2026-06-02 17:31:03,855][src.modRNN.training.alignment][INFO] -   align eprop @ epoch 1951: cos {'ALIFCell_0.input_weights': '1.064', 'ALIFCell_0.recurrent_weights': '0.947', 'ReadOut_0.readout_weights': '0.000'}
[2026-06-02 17:31:05,157][src.modRNN.training.alignment][INFO] -   align diffusion_aligned @ epoch 1951: cos {'ALIFCell_0.input_weights': '1.100', 'ALIFCell_0.recurrent_weights': '0.999', 'ReadOut_0.readout_weights': '0.000'}
[2026-06-02 17:31:07,362][src.modRNN.training.alignment][INFO] -   align diffusion_per_step @ epoch 1951: cos {'ALIFCell_0.input_weights': '1.093', 'ALIFCell_0.recurrent_weights': '0.978', 'ReadOut_0.readout_weights': '0.000'}
[2026-06-02 17:31:08,647][src.modRNN.training.alignment][INFO] -   align diffusion_fixed @ epoch 1951: cos {'ALIFCell_0.input_weights': '1.018', 'ALIFCell_0.recurrent_weights': '0.897', 'ReadOut_0.readout_weights': '0.000'}
[2026-06-02 17:31:40,990][src.modRNN.training.alignment][INFO] - epoch 1975  train loss=0.2233  (rule: diffusion)
[2026-06-02 17:32:14,563][src.modRNN.training.alignment][INFO] - epoch 2000  train loss=0.4373  (rule: diffusion)
[2026-06-02 17:32:17,357][src.modRNN.training.alignment][INFO] -   align BPTT @ epoch 2001: cos {'ALIFCell_0.input_weights': '0.000', 'ALIFCell_0.recurrent_weights': '0.000', 'ReadOut_0.readout_weights': '0.000'}
[2026-06-02 17:32:18,374][src.modRNN.training.alignment][INFO] -   align eprop @ epoch 2001: cos {'ALIFCell_0.input_weights': '1.573', 'ALIFCell_0.recurrent_weights': '1.365', 'ReadOut_0.readout_weights': '0.000'}
[2026-06-02 17:32:19,665][src.modRNN.training.alignment][INFO] -   align diffusion_aligned @ epoch 2001: cos {'ALIFCell_0.input_weights': '1.599', 'ALIFCell_0.recurrent_weights': '1.342', 'ReadOut_0.readout_weights': '0.000'}
[2026-06-02 17:32:21,851][src.modRNN.training.alignment][INFO] -   align diffusion_per_step @ epoch 2001: cos {'ALIFCell_0.input_weights': '1.560', 'ALIFCell_0.recurrent_weights': '1.335', 'ReadOut_0.readout_weights': '0.000'}
[2026-06-02 17:32:23,125][src.modRNN.training.alignment][INFO] -   align diffusion_fixed @ epoch 2001: cos {'ALIFCell_0.input_weights': '1.565', 'ALIFCell_0.recurrent_weights': '1.334', 'ReadOut_0.readout_weights': '0.000'}
[2026-06-02 17:32:23,156][src.modRNN.training.alignment][INFO] - Alignment experiment finished. Output dir: /mnt/lustre/work/martius/mot736/neuromodRNN/outputs/cue_accumulation/cue_accumulation_align_nn_connectivity_diffusion_fixed/seed_42
