[2026-05-19 20:06:43,042][jax._src.xla_bridge][INFO] - Unable to initialize backend 'rocm': module 'jaxlib.xla_extension' has no attribute 'GpuAllocatorConfig'
[2026-05-19 20:06:43,043][jax._src.xla_bridge][INFO] - Unable to initialize backend 'tpu': INTERNAL: Failed to open libtpu.so: libtpu.so: cannot open shared object file: No such file or directory
[2026-05-19 20:06:52,032][src.modRNN.training.alignment][INFO] - Starting alignment experiment: training with diffusion, measuring alignment of ['BPTT', 'eprop', 'diffusion_aligned', 'diffusion_per_step', 'diffusion_fixed'] every 50 epochs.
[2026-05-19 20:06:55,497][src.modRNN.training.alignment][INFO] - epoch 1  train loss=0.6931  (rule: diffusion)
[2026-05-19 20:06:57,435][src.modRNN.training.alignment][INFO] -   align BPTT @ epoch 1: cos {'ALIFCell_0.input_weights': '0.000', 'ALIFCell_0.recurrent_weights': '0.000', 'ReadOut_0.readout_weights': '0.000'}
[2026-05-19 20:06:58,724][src.modRNN.training.alignment][INFO] -   align eprop @ epoch 1: cos {'ALIFCell_0.input_weights': '0.411', 'ALIFCell_0.recurrent_weights': '0.532', 'ReadOut_0.readout_weights': '0.000'}
[2026-05-19 20:07:00,251][src.modRNN.training.alignment][INFO] -   align diffusion_aligned @ epoch 1: cos {'ALIFCell_0.input_weights': '0.731', 'ALIFCell_0.recurrent_weights': '0.713', 'ReadOut_0.readout_weights': '0.000'}
[2026-05-19 20:07:03,804][src.modRNN.training.alignment][INFO] -   align diffusion_per_step @ epoch 1: cos {'ALIFCell_0.input_weights': '0.538', 'ALIFCell_0.recurrent_weights': '0.591', 'ReadOut_0.readout_weights': '0.000'}
[2026-05-19 20:07:05,523][src.modRNN.training.alignment][INFO] -   align diffusion_fixed @ epoch 1: cos {'ALIFCell_0.input_weights': '0.598', 'ALIFCell_0.recurrent_weights': '0.593', 'ReadOut_0.readout_weights': '0.000'}
[2026-05-19 20:07:23,499][src.modRNN.training.alignment][INFO] - epoch 25  train loss=0.6932  (rule: diffusion)
[2026-05-19 20:07:42,186][src.modRNN.training.alignment][INFO] - epoch 50  train loss=0.6932  (rule: diffusion)
[2026-05-19 20:07:43,694][src.modRNN.training.alignment][INFO] -   align BPTT @ epoch 51: cos {'ALIFCell_0.input_weights': '0.000', 'ALIFCell_0.recurrent_weights': '0.000', 'ReadOut_0.readout_weights': '0.000'}
[2026-05-19 20:07:44,255][src.modRNN.training.alignment][INFO] -   align eprop @ epoch 51: cos {'ALIFCell_0.input_weights': '0.668', 'ALIFCell_0.recurrent_weights': '0.356', 'ReadOut_0.readout_weights': '0.000'}
[2026-05-19 20:07:44,943][src.modRNN.training.alignment][INFO] -   align diffusion_aligned @ epoch 51: cos {'ALIFCell_0.input_weights': '0.983', 'ALIFCell_0.recurrent_weights': '0.727', 'ReadOut_0.readout_weights': '0.000'}
[2026-05-19 20:07:46,114][src.modRNN.training.alignment][INFO] -   align diffusion_per_step @ epoch 51: cos {'ALIFCell_0.input_weights': '0.802', 'ALIFCell_0.recurrent_weights': '0.578', 'ReadOut_0.readout_weights': '0.000'}
[2026-05-19 20:07:46,793][src.modRNN.training.alignment][INFO] -   align diffusion_fixed @ epoch 51: cos {'ALIFCell_0.input_weights': '0.751', 'ALIFCell_0.recurrent_weights': '0.644', 'ReadOut_0.readout_weights': '0.000'}
[2026-05-19 20:08:04,848][src.modRNN.training.alignment][INFO] - epoch 75  train loss=0.6931  (rule: diffusion)
[2026-05-19 20:08:23,632][src.modRNN.training.alignment][INFO] - epoch 100  train loss=0.6931  (rule: diffusion)
[2026-05-19 20:08:25,145][src.modRNN.training.alignment][INFO] -   align BPTT @ epoch 101: cos {'ALIFCell_0.input_weights': '0.000', 'ALIFCell_0.recurrent_weights': '0.000', 'ReadOut_0.readout_weights': '0.000'}
[2026-05-19 20:08:25,707][src.modRNN.training.alignment][INFO] -   align eprop @ epoch 101: cos {'ALIFCell_0.input_weights': '1.193', 'ALIFCell_0.recurrent_weights': '0.881', 'ReadOut_0.readout_weights': '0.000'}
[2026-05-19 20:08:26,390][src.modRNN.training.alignment][INFO] -   align diffusion_aligned @ epoch 101: cos {'ALIFCell_0.input_weights': '1.278', 'ALIFCell_0.recurrent_weights': '0.942', 'ReadOut_0.readout_weights': '0.000'}
[2026-05-19 20:08:27,559][src.modRNN.training.alignment][INFO] -   align diffusion_per_step @ epoch 101: cos {'ALIFCell_0.input_weights': '1.301', 'ALIFCell_0.recurrent_weights': '0.874', 'ReadOut_0.readout_weights': '0.000'}
[2026-05-19 20:08:28,233][src.modRNN.training.alignment][INFO] -   align diffusion_fixed @ epoch 101: cos {'ALIFCell_0.input_weights': '1.199', 'ALIFCell_0.recurrent_weights': '0.848', 'ReadOut_0.readout_weights': '0.000'}
[2026-05-19 20:08:46,244][src.modRNN.training.alignment][INFO] - epoch 125  train loss=0.6892  (rule: diffusion)
[2026-05-19 20:09:04,999][src.modRNN.training.alignment][INFO] - epoch 150  train loss=0.6686  (rule: diffusion)
[2026-05-19 20:09:06,511][src.modRNN.training.alignment][INFO] -   align BPTT @ epoch 151: cos {'ALIFCell_0.input_weights': '0.000', 'ALIFCell_0.recurrent_weights': '0.000', 'ReadOut_0.readout_weights': '0.000'}
[2026-05-19 20:09:07,075][src.modRNN.training.alignment][INFO] -   align eprop @ epoch 151: cos {'ALIFCell_0.input_weights': '1.142', 'ALIFCell_0.recurrent_weights': '0.950', 'ReadOut_0.readout_weights': '0.000'}
[2026-05-19 20:09:07,762][src.modRNN.training.alignment][INFO] -   align diffusion_aligned @ epoch 151: cos {'ALIFCell_0.input_weights': '1.144', 'ALIFCell_0.recurrent_weights': '1.009', 'ReadOut_0.readout_weights': '0.000'}
[2026-05-19 20:09:08,931][src.modRNN.training.alignment][INFO] -   align diffusion_per_step @ epoch 151: cos {'ALIFCell_0.input_weights': '1.072', 'ALIFCell_0.recurrent_weights': '0.937', 'ReadOut_0.readout_weights': '0.000'}
[2026-05-19 20:09:09,608][src.modRNN.training.alignment][INFO] -   align diffusion_fixed @ epoch 151: cos {'ALIFCell_0.input_weights': '1.084', 'ALIFCell_0.recurrent_weights': '0.896', 'ReadOut_0.readout_weights': '0.000'}
[2026-05-19 20:09:27,668][src.modRNN.training.alignment][INFO] - epoch 175  train loss=0.6552  (rule: diffusion)
[2026-05-19 20:09:46,450][src.modRNN.training.alignment][INFO] - epoch 200  train loss=0.6363  (rule: diffusion)
[2026-05-19 20:09:47,965][src.modRNN.training.alignment][INFO] -   align BPTT @ epoch 201: cos {'ALIFCell_0.input_weights': '0.000', 'ALIFCell_0.recurrent_weights': '0.000', 'ReadOut_0.readout_weights': '0.000'}
[2026-05-19 20:09:48,527][src.modRNN.training.alignment][INFO] -   align eprop @ epoch 201: cos {'ALIFCell_0.input_weights': '0.949', 'ALIFCell_0.recurrent_weights': '1.163', 'ReadOut_0.readout_weights': '0.000'}
[2026-05-19 20:09:49,213][src.modRNN.training.alignment][INFO] -   align diffusion_aligned @ epoch 201: cos {'ALIFCell_0.input_weights': '1.162', 'ALIFCell_0.recurrent_weights': '1.131', 'ReadOut_0.readout_weights': '0.000'}
[2026-05-19 20:09:50,384][src.modRNN.training.alignment][INFO] -   align diffusion_per_step @ epoch 201: cos {'ALIFCell_0.input_weights': '1.016', 'ALIFCell_0.recurrent_weights': '1.073', 'ReadOut_0.readout_weights': '0.000'}
[2026-05-19 20:09:51,059][src.modRNN.training.alignment][INFO] -   align diffusion_fixed @ epoch 201: cos {'ALIFCell_0.input_weights': '0.967', 'ALIFCell_0.recurrent_weights': '1.048', 'ReadOut_0.readout_weights': '0.000'}
[2026-05-19 20:10:09,046][src.modRNN.training.alignment][INFO] - epoch 225  train loss=0.6211  (rule: diffusion)
[2026-05-19 20:10:27,879][src.modRNN.training.alignment][INFO] - epoch 250  train loss=0.5878  (rule: diffusion)
[2026-05-19 20:10:29,392][src.modRNN.training.alignment][INFO] -   align BPTT @ epoch 251: cos {'ALIFCell_0.input_weights': '0.000', 'ALIFCell_0.recurrent_weights': '0.000', 'ReadOut_0.readout_weights': '0.000'}
[2026-05-19 20:10:29,954][src.modRNN.training.alignment][INFO] -   align eprop @ epoch 251: cos {'ALIFCell_0.input_weights': '0.993', 'ALIFCell_0.recurrent_weights': '0.832', 'ReadOut_0.readout_weights': '0.000'}
[2026-05-19 20:10:30,640][src.modRNN.training.alignment][INFO] -   align diffusion_aligned @ epoch 251: cos {'ALIFCell_0.input_weights': '1.209', 'ALIFCell_0.recurrent_weights': '0.895', 'ReadOut_0.readout_weights': '0.000'}
[2026-05-19 20:10:31,810][src.modRNN.training.alignment][INFO] -   align diffusion_per_step @ epoch 251: cos {'ALIFCell_0.input_weights': '1.036', 'ALIFCell_0.recurrent_weights': '0.866', 'ReadOut_0.readout_weights': '0.000'}
[2026-05-19 20:10:32,483][src.modRNN.training.alignment][INFO] -   align diffusion_fixed @ epoch 251: cos {'ALIFCell_0.input_weights': '1.002', 'ALIFCell_0.recurrent_weights': '0.797', 'ReadOut_0.readout_weights': '0.000'}
[2026-05-19 20:10:50,497][src.modRNN.training.alignment][INFO] - epoch 275  train loss=0.7402  (rule: diffusion)
[2026-05-19 20:11:09,253][src.modRNN.training.alignment][INFO] - epoch 300  train loss=0.6421  (rule: diffusion)
[2026-05-19 20:11:10,765][src.modRNN.training.alignment][INFO] -   align BPTT @ epoch 301: cos {'ALIFCell_0.input_weights': '0.000', 'ALIFCell_0.recurrent_weights': '0.000', 'ReadOut_0.readout_weights': '0.000'}
[2026-05-19 20:11:11,327][src.modRNN.training.alignment][INFO] -   align eprop @ epoch 301: cos {'ALIFCell_0.input_weights': '1.006', 'ALIFCell_0.recurrent_weights': '1.210', 'ReadOut_0.readout_weights': '0.000'}
[2026-05-19 20:11:12,012][src.modRNN.training.alignment][INFO] -   align diffusion_aligned @ epoch 301: cos {'ALIFCell_0.input_weights': '1.085', 'ALIFCell_0.recurrent_weights': '1.103', 'ReadOut_0.readout_weights': '0.000'}
[2026-05-19 20:11:13,179][src.modRNN.training.alignment][INFO] -   align diffusion_per_step @ epoch 301: cos {'ALIFCell_0.input_weights': '1.019', 'ALIFCell_0.recurrent_weights': '1.135', 'ReadOut_0.readout_weights': '0.000'}
[2026-05-19 20:11:13,853][src.modRNN.training.alignment][INFO] -   align diffusion_fixed @ epoch 301: cos {'ALIFCell_0.input_weights': '0.968', 'ALIFCell_0.recurrent_weights': '1.128', 'ReadOut_0.readout_weights': '0.000'}
[2026-05-19 20:11:31,881][src.modRNN.training.alignment][INFO] - epoch 325  train loss=0.6744  (rule: diffusion)
[2026-05-19 20:11:50,616][src.modRNN.training.alignment][INFO] - epoch 350  train loss=0.6027  (rule: diffusion)
[2026-05-19 20:11:52,126][src.modRNN.training.alignment][INFO] -   align BPTT @ epoch 351: cos {'ALIFCell_0.input_weights': '0.000', 'ALIFCell_0.recurrent_weights': '0.000', 'ReadOut_0.readout_weights': '0.000'}
[2026-05-19 20:11:52,688][src.modRNN.training.alignment][INFO] -   align eprop @ epoch 351: cos {'ALIFCell_0.input_weights': '1.043', 'ALIFCell_0.recurrent_weights': '0.851', 'ReadOut_0.readout_weights': '0.000'}
[2026-05-19 20:11:53,373][src.modRNN.training.alignment][INFO] -   align diffusion_aligned @ epoch 351: cos {'ALIFCell_0.input_weights': '1.262', 'ALIFCell_0.recurrent_weights': '1.003', 'ReadOut_0.readout_weights': '0.000'}
[2026-05-19 20:11:54,543][src.modRNN.training.alignment][INFO] -   align diffusion_per_step @ epoch 351: cos {'ALIFCell_0.input_weights': '1.086', 'ALIFCell_0.recurrent_weights': '0.851', 'ReadOut_0.readout_weights': '0.000'}
[2026-05-19 20:11:55,221][src.modRNN.training.alignment][INFO] -   align diffusion_fixed @ epoch 351: cos {'ALIFCell_0.input_weights': '1.083', 'ALIFCell_0.recurrent_weights': '0.889', 'ReadOut_0.readout_weights': '0.000'}
[2026-05-19 20:12:13,261][src.modRNN.training.alignment][INFO] - epoch 375  train loss=0.5048  (rule: diffusion)
[2026-05-19 20:12:32,060][src.modRNN.training.alignment][INFO] - epoch 400  train loss=0.5417  (rule: diffusion)
[2026-05-19 20:12:33,570][src.modRNN.training.alignment][INFO] -   align BPTT @ epoch 401: cos {'ALIFCell_0.input_weights': '0.000', 'ALIFCell_0.recurrent_weights': '0.000', 'ReadOut_0.readout_weights': '0.000'}
[2026-05-19 20:12:34,135][src.modRNN.training.alignment][INFO] -   align eprop @ epoch 401: cos {'ALIFCell_0.input_weights': '0.948', 'ALIFCell_0.recurrent_weights': '0.524', 'ReadOut_0.readout_weights': '0.000'}
[2026-05-19 20:12:34,823][src.modRNN.training.alignment][INFO] -   align diffusion_aligned @ epoch 401: cos {'ALIFCell_0.input_weights': '1.117', 'ALIFCell_0.recurrent_weights': '0.665', 'ReadOut_0.readout_weights': '0.000'}
[2026-05-19 20:12:35,998][src.modRNN.training.alignment][INFO] -   align diffusion_per_step @ epoch 401: cos {'ALIFCell_0.input_weights': '1.006', 'ALIFCell_0.recurrent_weights': '0.584', 'ReadOut_0.readout_weights': '0.000'}
[2026-05-19 20:12:36,674][src.modRNN.training.alignment][INFO] -   align diffusion_fixed @ epoch 401: cos {'ALIFCell_0.input_weights': '1.015', 'ALIFCell_0.recurrent_weights': '0.550', 'ReadOut_0.readout_weights': '0.000'}
[2026-05-19 20:12:54,764][src.modRNN.training.alignment][INFO] - epoch 425  train loss=0.5358  (rule: diffusion)
[2026-05-19 20:13:13,613][src.modRNN.training.alignment][INFO] - epoch 450  train loss=0.5347  (rule: diffusion)
[2026-05-19 20:13:15,124][src.modRNN.training.alignment][INFO] -   align BPTT @ epoch 451: cos {'ALIFCell_0.input_weights': '0.000', 'ALIFCell_0.recurrent_weights': '0.000', 'ReadOut_0.readout_weights': '0.000'}
[2026-05-19 20:13:15,686][src.modRNN.training.alignment][INFO] -   align eprop @ epoch 451: cos {'ALIFCell_0.input_weights': '1.195', 'ALIFCell_0.recurrent_weights': '0.845', 'ReadOut_0.readout_weights': '0.000'}
[2026-05-19 20:13:16,371][src.modRNN.training.alignment][INFO] -   align diffusion_aligned @ epoch 451: cos {'ALIFCell_0.input_weights': '1.242', 'ALIFCell_0.recurrent_weights': '0.951', 'ReadOut_0.readout_weights': '0.000'}
[2026-05-19 20:13:17,540][src.modRNN.training.alignment][INFO] -   align diffusion_per_step @ epoch 451: cos {'ALIFCell_0.input_weights': '1.223', 'ALIFCell_0.recurrent_weights': '0.862', 'ReadOut_0.readout_weights': '0.000'}
[2026-05-19 20:13:18,215][src.modRNN.training.alignment][INFO] -   align diffusion_fixed @ epoch 451: cos {'ALIFCell_0.input_weights': '1.181', 'ALIFCell_0.recurrent_weights': '0.819', 'ReadOut_0.readout_weights': '0.000'}
[2026-05-19 20:13:36,243][src.modRNN.training.alignment][INFO] - epoch 475  train loss=0.5118  (rule: diffusion)
[2026-05-19 20:13:54,993][src.modRNN.training.alignment][INFO] - epoch 500  train loss=0.5355  (rule: diffusion)
[2026-05-19 20:13:56,506][src.modRNN.training.alignment][INFO] -   align BPTT @ epoch 501: cos {'ALIFCell_0.input_weights': '0.000', 'ALIFCell_0.recurrent_weights': '0.000', 'ReadOut_0.readout_weights': '0.000'}
[2026-05-19 20:13:57,067][src.modRNN.training.alignment][INFO] -   align eprop @ epoch 501: cos {'ALIFCell_0.input_weights': '1.569', 'ALIFCell_0.recurrent_weights': '1.566', 'ReadOut_0.readout_weights': '0.000'}
[2026-05-19 20:13:57,752][src.modRNN.training.alignment][INFO] -   align diffusion_aligned @ epoch 501: cos {'ALIFCell_0.input_weights': '1.571', 'ALIFCell_0.recurrent_weights': '1.566', 'ReadOut_0.readout_weights': '0.000'}
[2026-05-19 20:13:58,921][src.modRNN.training.alignment][INFO] -   align diffusion_per_step @ epoch 501: cos {'ALIFCell_0.input_weights': '1.564', 'ALIFCell_0.recurrent_weights': '1.564', 'ReadOut_0.readout_weights': '0.000'}
[2026-05-19 20:13:59,597][src.modRNN.training.alignment][INFO] -   align diffusion_fixed @ epoch 501: cos {'ALIFCell_0.input_weights': '1.561', 'ALIFCell_0.recurrent_weights': '1.565', 'ReadOut_0.readout_weights': '0.000'}
[2026-05-19 20:14:17,629][src.modRNN.training.alignment][INFO] - epoch 525  train loss=0.5148  (rule: diffusion)
[2026-05-19 20:14:36,407][src.modRNN.training.alignment][INFO] - epoch 550  train loss=0.5472  (rule: diffusion)
[2026-05-19 20:14:37,917][src.modRNN.training.alignment][INFO] -   align BPTT @ epoch 551: cos {'ALIFCell_0.input_weights': '0.000', 'ALIFCell_0.recurrent_weights': '0.000', 'ReadOut_0.readout_weights': '0.000'}
[2026-05-19 20:14:38,478][src.modRNN.training.alignment][INFO] -   align eprop @ epoch 551: cos {'ALIFCell_0.input_weights': '0.899', 'ALIFCell_0.recurrent_weights': '0.972', 'ReadOut_0.readout_weights': '0.000'}
[2026-05-19 20:14:39,166][src.modRNN.training.alignment][INFO] -   align diffusion_aligned @ epoch 551: cos {'ALIFCell_0.input_weights': '1.154', 'ALIFCell_0.recurrent_weights': '1.134', 'ReadOut_0.readout_weights': '0.000'}
[2026-05-19 20:14:40,337][src.modRNN.training.alignment][INFO] -   align diffusion_per_step @ epoch 551: cos {'ALIFCell_0.input_weights': '0.971', 'ALIFCell_0.recurrent_weights': '1.026', 'ReadOut_0.readout_weights': '0.000'}
[2026-05-19 20:14:41,012][src.modRNN.training.alignment][INFO] -   align diffusion_fixed @ epoch 551: cos {'ALIFCell_0.input_weights': '0.996', 'ALIFCell_0.recurrent_weights': '0.984', 'ReadOut_0.readout_weights': '0.000'}
[2026-05-19 20:14:59,005][src.modRNN.training.alignment][INFO] - epoch 575  train loss=0.5177  (rule: diffusion)
[2026-05-19 20:15:17,793][src.modRNN.training.alignment][INFO] - epoch 600  train loss=0.4137  (rule: diffusion)
[2026-05-19 20:15:19,309][src.modRNN.training.alignment][INFO] -   align BPTT @ epoch 601: cos {'ALIFCell_0.input_weights': '0.000', 'ALIFCell_0.recurrent_weights': '0.000', 'ReadOut_0.readout_weights': '0.000'}
[2026-05-19 20:15:19,870][src.modRNN.training.alignment][INFO] -   align eprop @ epoch 601: cos {'ALIFCell_0.input_weights': '1.363', 'ALIFCell_0.recurrent_weights': '1.505', 'ReadOut_0.readout_weights': '0.000'}
[2026-05-19 20:15:20,559][src.modRNN.training.alignment][INFO] -   align diffusion_aligned @ epoch 601: cos {'ALIFCell_0.input_weights': '1.392', 'ALIFCell_0.recurrent_weights': '1.524', 'ReadOut_0.readout_weights': '0.000'}
[2026-05-19 20:15:21,730][src.modRNN.training.alignment][INFO] -   align diffusion_per_step @ epoch 601: cos {'ALIFCell_0.input_weights': '1.355', 'ALIFCell_0.recurrent_weights': '1.509', 'ReadOut_0.readout_weights': '0.000'}
[2026-05-19 20:15:22,405][src.modRNN.training.alignment][INFO] -   align diffusion_fixed @ epoch 601: cos {'ALIFCell_0.input_weights': '1.355', 'ALIFCell_0.recurrent_weights': '1.507', 'ReadOut_0.readout_weights': '0.000'}
[2026-05-19 20:15:40,443][src.modRNN.training.alignment][INFO] - epoch 625  train loss=0.5544  (rule: diffusion)
[2026-05-19 20:15:59,208][src.modRNN.training.alignment][INFO] - epoch 650  train loss=0.4784  (rule: diffusion)
[2026-05-19 20:16:00,721][src.modRNN.training.alignment][INFO] -   align BPTT @ epoch 651: cos {'ALIFCell_0.input_weights': '0.000', 'ALIFCell_0.recurrent_weights': '0.000', 'ReadOut_0.readout_weights': '0.000'}
[2026-05-19 20:16:01,284][src.modRNN.training.alignment][INFO] -   align eprop @ epoch 651: cos {'ALIFCell_0.input_weights': '0.928', 'ALIFCell_0.recurrent_weights': '1.008', 'ReadOut_0.readout_weights': '0.000'}
[2026-05-19 20:16:01,971][src.modRNN.training.alignment][INFO] -   align diffusion_aligned @ epoch 651: cos {'ALIFCell_0.input_weights': '1.095', 'ALIFCell_0.recurrent_weights': '1.143', 'ReadOut_0.readout_weights': '0.000'}
[2026-05-19 20:16:03,142][src.modRNN.training.alignment][INFO] -   align diffusion_per_step @ epoch 651: cos {'ALIFCell_0.input_weights': '0.968', 'ALIFCell_0.recurrent_weights': '1.016', 'ReadOut_0.readout_weights': '0.000'}
[2026-05-19 20:16:03,817][src.modRNN.training.alignment][INFO] -   align diffusion_fixed @ epoch 651: cos {'ALIFCell_0.input_weights': '0.946', 'ALIFCell_0.recurrent_weights': '0.999', 'ReadOut_0.readout_weights': '0.000'}
[2026-05-19 20:16:21,815][src.modRNN.training.alignment][INFO] - epoch 675  train loss=0.5570  (rule: diffusion)
[2026-05-19 20:16:40,529][src.modRNN.training.alignment][INFO] - epoch 700  train loss=0.4226  (rule: diffusion)
[2026-05-19 20:16:42,040][src.modRNN.training.alignment][INFO] -   align BPTT @ epoch 701: cos {'ALIFCell_0.input_weights': '0.000', 'ALIFCell_0.recurrent_weights': '0.000', 'ReadOut_0.readout_weights': '0.000'}
[2026-05-19 20:16:42,601][src.modRNN.training.alignment][INFO] -   align eprop @ epoch 701: cos {'ALIFCell_0.input_weights': '0.976', 'ALIFCell_0.recurrent_weights': '0.966', 'ReadOut_0.readout_weights': '0.000'}
[2026-05-19 20:16:43,288][src.modRNN.training.alignment][INFO] -   align diffusion_aligned @ epoch 701: cos {'ALIFCell_0.input_weights': '1.019', 'ALIFCell_0.recurrent_weights': '1.214', 'ReadOut_0.readout_weights': '0.000'}
[2026-05-19 20:16:44,458][src.modRNN.training.alignment][INFO] -   align diffusion_per_step @ epoch 701: cos {'ALIFCell_0.input_weights': '1.001', 'ALIFCell_0.recurrent_weights': '1.062', 'ReadOut_0.readout_weights': '0.000'}
[2026-05-19 20:16:45,133][src.modRNN.training.alignment][INFO] -   align diffusion_fixed @ epoch 701: cos {'ALIFCell_0.input_weights': '1.011', 'ALIFCell_0.recurrent_weights': '1.063', 'ReadOut_0.readout_weights': '0.000'}
[2026-05-19 20:17:03,147][src.modRNN.training.alignment][INFO] - epoch 725  train loss=0.4057  (rule: diffusion)
[2026-05-19 20:17:21,967][src.modRNN.training.alignment][INFO] - epoch 750  train loss=0.4343  (rule: diffusion)
[2026-05-19 20:17:23,479][src.modRNN.training.alignment][INFO] -   align BPTT @ epoch 751: cos {'ALIFCell_0.input_weights': '0.000', 'ALIFCell_0.recurrent_weights': '0.000', 'ReadOut_0.readout_weights': '0.000'}
[2026-05-19 20:17:24,041][src.modRNN.training.alignment][INFO] -   align eprop @ epoch 751: cos {'ALIFCell_0.input_weights': '0.927', 'ALIFCell_0.recurrent_weights': '1.033', 'ReadOut_0.readout_weights': '0.000'}
[2026-05-19 20:17:24,727][src.modRNN.training.alignment][INFO] -   align diffusion_aligned @ epoch 751: cos {'ALIFCell_0.input_weights': '0.964', 'ALIFCell_0.recurrent_weights': '1.126', 'ReadOut_0.readout_weights': '0.000'}
[2026-05-19 20:17:25,895][src.modRNN.training.alignment][INFO] -   align diffusion_per_step @ epoch 751: cos {'ALIFCell_0.input_weights': '0.939', 'ALIFCell_0.recurrent_weights': '1.062', 'ReadOut_0.readout_weights': '0.000'}
[2026-05-19 20:17:26,570][src.modRNN.training.alignment][INFO] -   align diffusion_fixed @ epoch 751: cos {'ALIFCell_0.input_weights': '0.926', 'ALIFCell_0.recurrent_weights': '1.031', 'ReadOut_0.readout_weights': '0.000'}
[2026-05-19 20:17:44,597][src.modRNN.training.alignment][INFO] - epoch 775  train loss=0.5087  (rule: diffusion)
[2026-05-19 20:18:03,338][src.modRNN.training.alignment][INFO] - epoch 800  train loss=0.4695  (rule: diffusion)
[2026-05-19 20:18:04,854][src.modRNN.training.alignment][INFO] -   align BPTT @ epoch 801: cos {'ALIFCell_0.input_weights': '0.000', 'ALIFCell_0.recurrent_weights': '0.000', 'ReadOut_0.readout_weights': '0.000'}
[2026-05-19 20:18:05,416][src.modRNN.training.alignment][INFO] -   align eprop @ epoch 801: cos {'ALIFCell_0.input_weights': '1.301', 'ALIFCell_0.recurrent_weights': '1.451', 'ReadOut_0.readout_weights': '0.000'}
[2026-05-19 20:18:06,103][src.modRNN.training.alignment][INFO] -   align diffusion_aligned @ epoch 801: cos {'ALIFCell_0.input_weights': '1.392', 'ALIFCell_0.recurrent_weights': '1.458', 'ReadOut_0.readout_weights': '0.000'}
[2026-05-19 20:18:07,274][src.modRNN.training.alignment][INFO] -   align diffusion_per_step @ epoch 801: cos {'ALIFCell_0.input_weights': '1.327', 'ALIFCell_0.recurrent_weights': '1.449', 'ReadOut_0.readout_weights': '0.000'}
[2026-05-19 20:18:07,953][src.modRNN.training.alignment][INFO] -   align diffusion_fixed @ epoch 801: cos {'ALIFCell_0.input_weights': '1.329', 'ALIFCell_0.recurrent_weights': '1.449', 'ReadOut_0.readout_weights': '0.000'}
[2026-05-19 20:18:25,988][src.modRNN.training.alignment][INFO] - epoch 825  train loss=0.4929  (rule: diffusion)
[2026-05-19 20:18:44,754][src.modRNN.training.alignment][INFO] - epoch 850  train loss=0.4677  (rule: diffusion)
[2026-05-19 20:18:46,268][src.modRNN.training.alignment][INFO] -   align BPTT @ epoch 851: cos {'ALIFCell_0.input_weights': '0.000', 'ALIFCell_0.recurrent_weights': '0.000', 'ReadOut_0.readout_weights': '0.000'}
[2026-05-19 20:18:46,832][src.modRNN.training.alignment][INFO] -   align eprop @ epoch 851: cos {'ALIFCell_0.input_weights': '0.961', 'ALIFCell_0.recurrent_weights': '1.161', 'ReadOut_0.readout_weights': '0.000'}
[2026-05-19 20:18:47,520][src.modRNN.training.alignment][INFO] -   align diffusion_aligned @ epoch 851: cos {'ALIFCell_0.input_weights': '1.084', 'ALIFCell_0.recurrent_weights': '1.236', 'ReadOut_0.readout_weights': '0.000'}
[2026-05-19 20:18:48,692][src.modRNN.training.alignment][INFO] -   align diffusion_per_step @ epoch 851: cos {'ALIFCell_0.input_weights': '0.938', 'ALIFCell_0.recurrent_weights': '1.138', 'ReadOut_0.readout_weights': '0.000'}
[2026-05-19 20:18:49,366][src.modRNN.training.alignment][INFO] -   align diffusion_fixed @ epoch 851: cos {'ALIFCell_0.input_weights': '0.945', 'ALIFCell_0.recurrent_weights': '1.107', 'ReadOut_0.readout_weights': '0.000'}
[2026-05-19 20:19:07,481][src.modRNN.training.alignment][INFO] - epoch 875  train loss=0.5436  (rule: diffusion)
[2026-05-19 20:19:26,337][src.modRNN.training.alignment][INFO] - epoch 900  train loss=0.6939  (rule: diffusion)
[2026-05-19 20:19:27,850][src.modRNN.training.alignment][INFO] -   align BPTT @ epoch 901: cos {'ALIFCell_0.input_weights': '0.000', 'ALIFCell_0.recurrent_weights': '0.000', 'ReadOut_0.readout_weights': '0.000'}
[2026-05-19 20:19:28,413][src.modRNN.training.alignment][INFO] -   align eprop @ epoch 901: cos {'ALIFCell_0.input_weights': '1.141', 'ALIFCell_0.recurrent_weights': '1.026', 'ReadOut_0.readout_weights': '0.000'}
[2026-05-19 20:19:29,097][src.modRNN.training.alignment][INFO] -   align diffusion_aligned @ epoch 901: cos {'ALIFCell_0.input_weights': '1.266', 'ALIFCell_0.recurrent_weights': '1.224', 'ReadOut_0.readout_weights': '0.000'}
[2026-05-19 20:19:30,269][src.modRNN.training.alignment][INFO] -   align diffusion_per_step @ epoch 901: cos {'ALIFCell_0.input_weights': '1.151', 'ALIFCell_0.recurrent_weights': '1.082', 'ReadOut_0.readout_weights': '0.000'}
[2026-05-19 20:19:30,945][src.modRNN.training.alignment][INFO] -   align diffusion_fixed @ epoch 901: cos {'ALIFCell_0.input_weights': '1.172', 'ALIFCell_0.recurrent_weights': '1.050', 'ReadOut_0.readout_weights': '0.000'}
[2026-05-19 20:19:48,942][src.modRNN.training.alignment][INFO] - epoch 925  train loss=0.6776  (rule: diffusion)
[2026-05-19 20:20:07,679][src.modRNN.training.alignment][INFO] - epoch 950  train loss=0.5989  (rule: diffusion)
[2026-05-19 20:20:09,193][src.modRNN.training.alignment][INFO] -   align BPTT @ epoch 951: cos {'ALIFCell_0.input_weights': '0.000', 'ALIFCell_0.recurrent_weights': '0.000', 'ReadOut_0.readout_weights': '0.000'}
[2026-05-19 20:20:09,757][src.modRNN.training.alignment][INFO] -   align eprop @ epoch 951: cos {'ALIFCell_0.input_weights': '0.826', 'ALIFCell_0.recurrent_weights': '1.219', 'ReadOut_0.readout_weights': '0.001'}
[2026-05-19 20:20:10,445][src.modRNN.training.alignment][INFO] -   align diffusion_aligned @ epoch 951: cos {'ALIFCell_0.input_weights': '0.872', 'ALIFCell_0.recurrent_weights': '1.197', 'ReadOut_0.readout_weights': '0.001'}
[2026-05-19 20:20:11,614][src.modRNN.training.alignment][INFO] -   align diffusion_per_step @ epoch 951: cos {'ALIFCell_0.input_weights': '0.802', 'ALIFCell_0.recurrent_weights': '1.143', 'ReadOut_0.readout_weights': '0.001'}
[2026-05-19 20:20:12,289][src.modRNN.training.alignment][INFO] -   align diffusion_fixed @ epoch 951: cos {'ALIFCell_0.input_weights': '0.766', 'ALIFCell_0.recurrent_weights': '1.149', 'ReadOut_0.readout_weights': '0.001'}
[2026-05-19 20:20:30,341][src.modRNN.training.alignment][INFO] - epoch 975  train loss=0.6244  (rule: diffusion)
[2026-05-19 20:20:49,079][src.modRNN.training.alignment][INFO] - epoch 1000  train loss=0.6102  (rule: diffusion)
[2026-05-19 20:20:50,589][src.modRNN.training.alignment][INFO] -   align BPTT @ epoch 1001: cos {'ALIFCell_0.input_weights': '0.000', 'ALIFCell_0.recurrent_weights': '0.000', 'ReadOut_0.readout_weights': '0.000'}
[2026-05-19 20:20:51,151][src.modRNN.training.alignment][INFO] -   align eprop @ epoch 1001: cos {'ALIFCell_0.input_weights': '0.856', 'ALIFCell_0.recurrent_weights': '1.028', 'ReadOut_0.readout_weights': '0.000'}
[2026-05-19 20:20:51,837][src.modRNN.training.alignment][INFO] -   align diffusion_aligned @ epoch 1001: cos {'ALIFCell_0.input_weights': '1.002', 'ALIFCell_0.recurrent_weights': '1.265', 'ReadOut_0.readout_weights': '0.000'}
[2026-05-19 20:20:53,009][src.modRNN.training.alignment][INFO] -   align diffusion_per_step @ epoch 1001: cos {'ALIFCell_0.input_weights': '0.901', 'ALIFCell_0.recurrent_weights': '1.104', 'ReadOut_0.readout_weights': '0.000'}
[2026-05-19 20:20:53,684][src.modRNN.training.alignment][INFO] -   align diffusion_fixed @ epoch 1001: cos {'ALIFCell_0.input_weights': '0.887', 'ALIFCell_0.recurrent_weights': '1.069', 'ReadOut_0.readout_weights': '0.000'}
[2026-05-19 20:21:11,700][src.modRNN.training.alignment][INFO] - epoch 1025  train loss=0.6452  (rule: diffusion)
[2026-05-19 20:21:30,475][src.modRNN.training.alignment][INFO] - epoch 1050  train loss=0.6185  (rule: diffusion)
[2026-05-19 20:21:31,988][src.modRNN.training.alignment][INFO] -   align BPTT @ epoch 1051: cos {'ALIFCell_0.input_weights': '0.000', 'ALIFCell_0.recurrent_weights': '0.000', 'ReadOut_0.readout_weights': '0.000'}
[2026-05-19 20:21:32,550][src.modRNN.training.alignment][INFO] -   align eprop @ epoch 1051: cos {'ALIFCell_0.input_weights': '0.900', 'ALIFCell_0.recurrent_weights': '1.043', 'ReadOut_0.readout_weights': '0.000'}
[2026-05-19 20:21:33,235][src.modRNN.training.alignment][INFO] -   align diffusion_aligned @ epoch 1051: cos {'ALIFCell_0.input_weights': '0.960', 'ALIFCell_0.recurrent_weights': '1.128', 'ReadOut_0.readout_weights': '0.000'}
[2026-05-19 20:21:34,407][src.modRNN.training.alignment][INFO] -   align diffusion_per_step @ epoch 1051: cos {'ALIFCell_0.input_weights': '0.920', 'ALIFCell_0.recurrent_weights': '0.978', 'ReadOut_0.readout_weights': '0.000'}
[2026-05-19 20:21:35,083][src.modRNN.training.alignment][INFO] -   align diffusion_fixed @ epoch 1051: cos {'ALIFCell_0.input_weights': '0.927', 'ALIFCell_0.recurrent_weights': '1.014', 'ReadOut_0.readout_weights': '0.000'}
[2026-05-19 20:21:53,094][src.modRNN.training.alignment][INFO] - epoch 1075  train loss=0.6265  (rule: diffusion)
[2026-05-19 20:22:11,859][src.modRNN.training.alignment][INFO] - epoch 1100  train loss=0.6527  (rule: diffusion)
[2026-05-19 20:22:13,370][src.modRNN.training.alignment][INFO] -   align BPTT @ epoch 1101: cos {'ALIFCell_0.input_weights': '0.000', 'ALIFCell_0.recurrent_weights': '0.000', 'ReadOut_0.readout_weights': '0.000'}
[2026-05-19 20:22:13,934][src.modRNN.training.alignment][INFO] -   align eprop @ epoch 1101: cos {'ALIFCell_0.input_weights': '0.793', 'ALIFCell_0.recurrent_weights': '0.992', 'ReadOut_0.readout_weights': '0.000'}
[2026-05-19 20:22:14,620][src.modRNN.training.alignment][INFO] -   align diffusion_aligned @ epoch 1101: cos {'ALIFCell_0.input_weights': '0.921', 'ALIFCell_0.recurrent_weights': '1.083', 'ReadOut_0.readout_weights': '0.000'}
[2026-05-19 20:22:15,788][src.modRNN.training.alignment][INFO] -   align diffusion_per_step @ epoch 1101: cos {'ALIFCell_0.input_weights': '0.802', 'ALIFCell_0.recurrent_weights': '0.987', 'ReadOut_0.readout_weights': '0.000'}
[2026-05-19 20:22:16,463][src.modRNN.training.alignment][INFO] -   align diffusion_fixed @ epoch 1101: cos {'ALIFCell_0.input_weights': '0.791', 'ALIFCell_0.recurrent_weights': '0.934', 'ReadOut_0.readout_weights': '0.000'}
[2026-05-19 20:22:34,486][src.modRNN.training.alignment][INFO] - epoch 1125  train loss=0.6390  (rule: diffusion)
[2026-05-19 20:22:53,203][src.modRNN.training.alignment][INFO] - epoch 1150  train loss=0.4967  (rule: diffusion)
[2026-05-19 20:22:54,713][src.modRNN.training.alignment][INFO] -   align BPTT @ epoch 1151: cos {'ALIFCell_0.input_weights': '0.000', 'ALIFCell_0.recurrent_weights': '0.000', 'ReadOut_0.readout_weights': '0.000'}
[2026-05-19 20:22:55,278][src.modRNN.training.alignment][INFO] -   align eprop @ epoch 1151: cos {'ALIFCell_0.input_weights': '1.064', 'ALIFCell_0.recurrent_weights': '1.117', 'ReadOut_0.readout_weights': '0.000'}
[2026-05-19 20:22:55,966][src.modRNN.training.alignment][INFO] -   align diffusion_aligned @ epoch 1151: cos {'ALIFCell_0.input_weights': '1.072', 'ALIFCell_0.recurrent_weights': '1.138', 'ReadOut_0.readout_weights': '0.000'}
[2026-05-19 20:22:57,141][src.modRNN.training.alignment][INFO] -   align diffusion_per_step @ epoch 1151: cos {'ALIFCell_0.input_weights': '1.050', 'ALIFCell_0.recurrent_weights': '1.107', 'ReadOut_0.readout_weights': '0.000'}
[2026-05-19 20:22:57,822][src.modRNN.training.alignment][INFO] -   align diffusion_fixed @ epoch 1151: cos {'ALIFCell_0.input_weights': '1.067', 'ALIFCell_0.recurrent_weights': '1.116', 'ReadOut_0.readout_weights': '0.000'}
[2026-05-19 20:23:15,914][src.modRNN.training.alignment][INFO] - epoch 1175  train loss=0.5860  (rule: diffusion)
[2026-05-19 20:23:34,695][src.modRNN.training.alignment][INFO] - epoch 1200  train loss=0.5750  (rule: diffusion)
[2026-05-19 20:23:36,207][src.modRNN.training.alignment][INFO] -   align BPTT @ epoch 1201: cos {'ALIFCell_0.input_weights': '0.000', 'ALIFCell_0.recurrent_weights': '0.000', 'ReadOut_0.readout_weights': '0.000'}
[2026-05-19 20:23:36,767][src.modRNN.training.alignment][INFO] -   align eprop @ epoch 1201: cos {'ALIFCell_0.input_weights': '1.117', 'ALIFCell_0.recurrent_weights': '1.128', 'ReadOut_0.readout_weights': '0.000'}
[2026-05-19 20:23:37,453][src.modRNN.training.alignment][INFO] -   align diffusion_aligned @ epoch 1201: cos {'ALIFCell_0.input_weights': '1.119', 'ALIFCell_0.recurrent_weights': '1.122', 'ReadOut_0.readout_weights': '0.000'}
[2026-05-19 20:23:38,621][src.modRNN.training.alignment][INFO] -   align diffusion_per_step @ epoch 1201: cos {'ALIFCell_0.input_weights': '1.112', 'ALIFCell_0.recurrent_weights': '1.090', 'ReadOut_0.readout_weights': '0.000'}
[2026-05-19 20:23:39,296][src.modRNN.training.alignment][INFO] -   align diffusion_fixed @ epoch 1201: cos {'ALIFCell_0.input_weights': '1.114', 'ALIFCell_0.recurrent_weights': '1.126', 'ReadOut_0.readout_weights': '0.000'}
[2026-05-19 20:23:57,313][src.modRNN.training.alignment][INFO] - epoch 1225  train loss=0.5655  (rule: diffusion)
[2026-05-19 20:24:16,101][src.modRNN.training.alignment][INFO] - epoch 1250  train loss=0.4514  (rule: diffusion)
[2026-05-19 20:24:17,610][src.modRNN.training.alignment][INFO] -   align BPTT @ epoch 1251: cos {'ALIFCell_0.input_weights': '0.000', 'ALIFCell_0.recurrent_weights': '0.000', 'ReadOut_0.readout_weights': '0.000'}
[2026-05-19 20:24:18,172][src.modRNN.training.alignment][INFO] -   align eprop @ epoch 1251: cos {'ALIFCell_0.input_weights': '1.018', 'ALIFCell_0.recurrent_weights': '0.864', 'ReadOut_0.readout_weights': '0.000'}
[2026-05-19 20:24:18,859][src.modRNN.training.alignment][INFO] -   align diffusion_aligned @ epoch 1251: cos {'ALIFCell_0.input_weights': '1.075', 'ALIFCell_0.recurrent_weights': '0.897', 'ReadOut_0.readout_weights': '0.000'}
[2026-05-19 20:24:20,029][src.modRNN.training.alignment][INFO] -   align diffusion_per_step @ epoch 1251: cos {'ALIFCell_0.input_weights': '1.013', 'ALIFCell_0.recurrent_weights': '0.850', 'ReadOut_0.readout_weights': '0.000'}
[2026-05-19 20:24:20,705][src.modRNN.training.alignment][INFO] -   align diffusion_fixed @ epoch 1251: cos {'ALIFCell_0.input_weights': '1.039', 'ALIFCell_0.recurrent_weights': '0.881', 'ReadOut_0.readout_weights': '0.000'}
[2026-05-19 20:24:38,756][src.modRNN.training.alignment][INFO] - epoch 1275  train loss=0.4529  (rule: diffusion)
[2026-05-19 20:24:57,519][src.modRNN.training.alignment][INFO] - epoch 1300  train loss=0.4957  (rule: diffusion)
[2026-05-19 20:24:59,033][src.modRNN.training.alignment][INFO] -   align BPTT @ epoch 1301: cos {'ALIFCell_0.input_weights': '0.000', 'ALIFCell_0.recurrent_weights': '0.000', 'ReadOut_0.readout_weights': '0.000'}
[2026-05-19 20:24:59,597][src.modRNN.training.alignment][INFO] -   align eprop @ epoch 1301: cos {'ALIFCell_0.input_weights': '1.114', 'ALIFCell_0.recurrent_weights': '1.322', 'ReadOut_0.readout_weights': '0.000'}
[2026-05-19 20:25:00,287][src.modRNN.training.alignment][INFO] -   align diffusion_aligned @ epoch 1301: cos {'ALIFCell_0.input_weights': '1.016', 'ALIFCell_0.recurrent_weights': '1.181', 'ReadOut_0.readout_weights': '0.000'}
[2026-05-19 20:25:01,459][src.modRNN.training.alignment][INFO] -   align diffusion_per_step @ epoch 1301: cos {'ALIFCell_0.input_weights': '1.006', 'ALIFCell_0.recurrent_weights': '1.197', 'ReadOut_0.readout_weights': '0.000'}
[2026-05-19 20:25:02,195][src.modRNN.training.alignment][INFO] -   align diffusion_fixed @ epoch 1301: cos {'ALIFCell_0.input_weights': '1.085', 'ALIFCell_0.recurrent_weights': '1.293', 'ReadOut_0.readout_weights': '0.000'}
[2026-05-19 20:25:20,235][src.modRNN.training.alignment][INFO] - epoch 1325  train loss=0.4333  (rule: diffusion)
[2026-05-19 20:25:39,009][src.modRNN.training.alignment][INFO] - epoch 1350  train loss=0.4840  (rule: diffusion)
[2026-05-19 20:25:40,524][src.modRNN.training.alignment][INFO] -   align BPTT @ epoch 1351: cos {'ALIFCell_0.input_weights': '0.000', 'ALIFCell_0.recurrent_weights': '0.000', 'ReadOut_0.readout_weights': '0.000'}
[2026-05-19 20:25:41,088][src.modRNN.training.alignment][INFO] -   align eprop @ epoch 1351: cos {'ALIFCell_0.input_weights': '1.008', 'ALIFCell_0.recurrent_weights': '1.249', 'ReadOut_0.readout_weights': '0.001'}
[2026-05-19 20:25:41,774][src.modRNN.training.alignment][INFO] -   align diffusion_aligned @ epoch 1351: cos {'ALIFCell_0.input_weights': '1.031', 'ALIFCell_0.recurrent_weights': '1.181', 'ReadOut_0.readout_weights': '0.001'}
[2026-05-19 20:25:42,945][src.modRNN.training.alignment][INFO] -   align diffusion_per_step @ epoch 1351: cos {'ALIFCell_0.input_weights': '0.987', 'ALIFCell_0.recurrent_weights': '1.197', 'ReadOut_0.readout_weights': '0.001'}
[2026-05-19 20:25:43,620][src.modRNN.training.alignment][INFO] -   align diffusion_fixed @ epoch 1351: cos {'ALIFCell_0.input_weights': '1.009', 'ALIFCell_0.recurrent_weights': '1.203', 'ReadOut_0.readout_weights': '0.001'}
[2026-05-19 20:26:01,616][src.modRNN.training.alignment][INFO] - epoch 1375  train loss=0.3912  (rule: diffusion)
[2026-05-19 20:26:20,393][src.modRNN.training.alignment][INFO] - epoch 1400  train loss=0.3254  (rule: diffusion)
[2026-05-19 20:26:21,906][src.modRNN.training.alignment][INFO] -   align BPTT @ epoch 1401: cos {'ALIFCell_0.input_weights': '0.000', 'ALIFCell_0.recurrent_weights': '0.000', 'ReadOut_0.readout_weights': '0.000'}
[2026-05-19 20:26:22,469][src.modRNN.training.alignment][INFO] -   align eprop @ epoch 1401: cos {'ALIFCell_0.input_weights': '1.103', 'ALIFCell_0.recurrent_weights': '1.097', 'ReadOut_0.readout_weights': '0.000'}
[2026-05-19 20:26:23,156][src.modRNN.training.alignment][INFO] -   align diffusion_aligned @ epoch 1401: cos {'ALIFCell_0.input_weights': '1.146', 'ALIFCell_0.recurrent_weights': '1.167', 'ReadOut_0.readout_weights': '0.000'}
[2026-05-19 20:26:24,325][src.modRNN.training.alignment][INFO] -   align diffusion_per_step @ epoch 1401: cos {'ALIFCell_0.input_weights': '1.087', 'ALIFCell_0.recurrent_weights': '1.106', 'ReadOut_0.readout_weights': '0.000'}
[2026-05-19 20:26:25,001][src.modRNN.training.alignment][INFO] -   align diffusion_fixed @ epoch 1401: cos {'ALIFCell_0.input_weights': '1.045', 'ALIFCell_0.recurrent_weights': '1.093', 'ReadOut_0.readout_weights': '0.000'}
[2026-05-19 20:26:42,970][src.modRNN.training.alignment][INFO] - epoch 1425  train loss=0.3787  (rule: diffusion)
[2026-05-19 20:27:01,695][src.modRNN.training.alignment][INFO] - epoch 1450  train loss=0.3734  (rule: diffusion)
[2026-05-19 20:27:03,229][src.modRNN.training.alignment][INFO] -   align BPTT @ epoch 1451: cos {'ALIFCell_0.input_weights': '0.000', 'ALIFCell_0.recurrent_weights': '0.000', 'ReadOut_0.readout_weights': '0.000'}
[2026-05-19 20:27:03,791][src.modRNN.training.alignment][INFO] -   align eprop @ epoch 1451: cos {'ALIFCell_0.input_weights': '0.984', 'ALIFCell_0.recurrent_weights': '1.046', 'ReadOut_0.readout_weights': '0.000'}
[2026-05-19 20:27:04,476][src.modRNN.training.alignment][INFO] -   align diffusion_aligned @ epoch 1451: cos {'ALIFCell_0.input_weights': '0.996', 'ALIFCell_0.recurrent_weights': '1.053', 'ReadOut_0.readout_weights': '0.000'}
[2026-05-19 20:27:05,644][src.modRNN.training.alignment][INFO] -   align diffusion_per_step @ epoch 1451: cos {'ALIFCell_0.input_weights': '0.979', 'ALIFCell_0.recurrent_weights': '1.046', 'ReadOut_0.readout_weights': '0.000'}
[2026-05-19 20:27:06,320][src.modRNN.training.alignment][INFO] -   align diffusion_fixed @ epoch 1451: cos {'ALIFCell_0.input_weights': '0.989', 'ALIFCell_0.recurrent_weights': '1.051', 'ReadOut_0.readout_weights': '0.000'}
[2026-05-19 20:27:24,347][src.modRNN.training.alignment][INFO] - epoch 1475  train loss=0.4546  (rule: diffusion)
[2026-05-19 20:27:43,103][src.modRNN.training.alignment][INFO] - epoch 1500  train loss=0.3172  (rule: diffusion)
[2026-05-19 20:27:44,612][src.modRNN.training.alignment][INFO] -   align BPTT @ epoch 1501: cos {'ALIFCell_0.input_weights': '0.000', 'ALIFCell_0.recurrent_weights': '0.000', 'ReadOut_0.readout_weights': '0.000'}
[2026-05-19 20:27:45,174][src.modRNN.training.alignment][INFO] -   align eprop @ epoch 1501: cos {'ALIFCell_0.input_weights': '0.944', 'ALIFCell_0.recurrent_weights': '1.014', 'ReadOut_0.readout_weights': '0.000'}
[2026-05-19 20:27:45,863][src.modRNN.training.alignment][INFO] -   align diffusion_aligned @ epoch 1501: cos {'ALIFCell_0.input_weights': '0.910', 'ALIFCell_0.recurrent_weights': '1.067', 'ReadOut_0.readout_weights': '0.000'}
[2026-05-19 20:27:47,036][src.modRNN.training.alignment][INFO] -   align diffusion_per_step @ epoch 1501: cos {'ALIFCell_0.input_weights': '0.904', 'ALIFCell_0.recurrent_weights': '1.018', 'ReadOut_0.readout_weights': '0.000'}
[2026-05-19 20:27:47,713][src.modRNN.training.alignment][INFO] -   align diffusion_fixed @ epoch 1501: cos {'ALIFCell_0.input_weights': '0.898', 'ALIFCell_0.recurrent_weights': '1.006', 'ReadOut_0.readout_weights': '0.000'}
[2026-05-19 20:28:05,670][src.modRNN.training.alignment][INFO] - epoch 1525  train loss=0.4973  (rule: diffusion)
[2026-05-19 20:28:24,427][src.modRNN.training.alignment][INFO] - epoch 1550  train loss=0.4975  (rule: diffusion)
[2026-05-19 20:28:25,940][src.modRNN.training.alignment][INFO] -   align BPTT @ epoch 1551: cos {'ALIFCell_0.input_weights': '0.000', 'ALIFCell_0.recurrent_weights': '0.000', 'ReadOut_0.readout_weights': '0.000'}
[2026-05-19 20:28:26,500][src.modRNN.training.alignment][INFO] -   align eprop @ epoch 1551: cos {'ALIFCell_0.input_weights': '1.252', 'ALIFCell_0.recurrent_weights': '1.385', 'ReadOut_0.readout_weights': '0.000'}
[2026-05-19 20:28:27,186][src.modRNN.training.alignment][INFO] -   align diffusion_aligned @ epoch 1551: cos {'ALIFCell_0.input_weights': '1.271', 'ALIFCell_0.recurrent_weights': '1.262', 'ReadOut_0.readout_weights': '0.000'}
[2026-05-19 20:28:28,355][src.modRNN.training.alignment][INFO] -   align diffusion_per_step @ epoch 1551: cos {'ALIFCell_0.input_weights': '1.247', 'ALIFCell_0.recurrent_weights': '1.318', 'ReadOut_0.readout_weights': '0.000'}
[2026-05-19 20:28:29,029][src.modRNN.training.alignment][INFO] -   align diffusion_fixed @ epoch 1551: cos {'ALIFCell_0.input_weights': '1.257', 'ALIFCell_0.recurrent_weights': '1.316', 'ReadOut_0.readout_weights': '0.000'}
[2026-05-19 20:28:47,108][src.modRNN.training.alignment][INFO] - epoch 1575  train loss=0.3465  (rule: diffusion)
[2026-05-19 20:29:05,935][src.modRNN.training.alignment][INFO] - epoch 1600  train loss=0.4629  (rule: diffusion)
[2026-05-19 20:29:07,450][src.modRNN.training.alignment][INFO] -   align BPTT @ epoch 1601: cos {'ALIFCell_0.input_weights': '0.000', 'ALIFCell_0.recurrent_weights': '0.000', 'ReadOut_0.readout_weights': '0.000'}
[2026-05-19 20:29:08,012][src.modRNN.training.alignment][INFO] -   align eprop @ epoch 1601: cos {'ALIFCell_0.input_weights': '1.210', 'ALIFCell_0.recurrent_weights': '1.102', 'ReadOut_0.readout_weights': '0.000'}
[2026-05-19 20:29:08,702][src.modRNN.training.alignment][INFO] -   align diffusion_aligned @ epoch 1601: cos {'ALIFCell_0.input_weights': '1.260', 'ALIFCell_0.recurrent_weights': '1.152', 'ReadOut_0.readout_weights': '0.000'}
[2026-05-19 20:29:09,872][src.modRNN.training.alignment][INFO] -   align diffusion_per_step @ epoch 1601: cos {'ALIFCell_0.input_weights': '1.198', 'ALIFCell_0.recurrent_weights': '1.099', 'ReadOut_0.readout_weights': '0.000'}
[2026-05-19 20:29:10,548][src.modRNN.training.alignment][INFO] -   align diffusion_fixed @ epoch 1601: cos {'ALIFCell_0.input_weights': '1.189', 'ALIFCell_0.recurrent_weights': '1.097', 'ReadOut_0.readout_weights': '0.000'}
[2026-05-19 20:29:28,558][src.modRNN.training.alignment][INFO] - epoch 1625  train loss=0.4083  (rule: diffusion)
[2026-05-19 20:29:47,334][src.modRNN.training.alignment][INFO] - epoch 1650  train loss=0.3204  (rule: diffusion)
[2026-05-19 20:29:48,842][src.modRNN.training.alignment][INFO] -   align BPTT @ epoch 1651: cos {'ALIFCell_0.input_weights': '0.000', 'ALIFCell_0.recurrent_weights': '0.000', 'ReadOut_0.readout_weights': '0.000'}
[2026-05-19 20:29:49,406][src.modRNN.training.alignment][INFO] -   align eprop @ epoch 1651: cos {'ALIFCell_0.input_weights': '1.085', 'ALIFCell_0.recurrent_weights': '0.899', 'ReadOut_0.readout_weights': '0.000'}
[2026-05-19 20:29:50,093][src.modRNN.training.alignment][INFO] -   align diffusion_aligned @ epoch 1651: cos {'ALIFCell_0.input_weights': '1.160', 'ALIFCell_0.recurrent_weights': '0.953', 'ReadOut_0.readout_weights': '0.000'}
[2026-05-19 20:29:51,261][src.modRNN.training.alignment][INFO] -   align diffusion_per_step @ epoch 1651: cos {'ALIFCell_0.input_weights': '1.069', 'ALIFCell_0.recurrent_weights': '0.902', 'ReadOut_0.readout_weights': '0.000'}
[2026-05-19 20:29:51,937][src.modRNN.training.alignment][INFO] -   align diffusion_fixed @ epoch 1651: cos {'ALIFCell_0.input_weights': '1.075', 'ALIFCell_0.recurrent_weights': '0.905', 'ReadOut_0.readout_weights': '0.000'}
[2026-05-19 20:30:09,995][src.modRNN.training.alignment][INFO] - epoch 1675  train loss=0.4242  (rule: diffusion)
[2026-05-19 20:30:28,809][src.modRNN.training.alignment][INFO] - epoch 1700  train loss=0.3225  (rule: diffusion)
[2026-05-19 20:30:30,323][src.modRNN.training.alignment][INFO] -   align BPTT @ epoch 1701: cos {'ALIFCell_0.input_weights': '0.000', 'ALIFCell_0.recurrent_weights': '0.000', 'ReadOut_0.readout_weights': '0.000'}
[2026-05-19 20:30:30,886][src.modRNN.training.alignment][INFO] -   align eprop @ epoch 1701: cos {'ALIFCell_0.input_weights': '1.321', 'ALIFCell_0.recurrent_weights': '1.237', 'ReadOut_0.readout_weights': '0.000'}
[2026-05-19 20:30:31,572][src.modRNN.training.alignment][INFO] -   align diffusion_aligned @ epoch 1701: cos {'ALIFCell_0.input_weights': '1.409', 'ALIFCell_0.recurrent_weights': '1.280', 'ReadOut_0.readout_weights': '0.000'}
[2026-05-19 20:30:32,740][src.modRNN.training.alignment][INFO] -   align diffusion_per_step @ epoch 1701: cos {'ALIFCell_0.input_weights': '1.342', 'ALIFCell_0.recurrent_weights': '1.249', 'ReadOut_0.readout_weights': '0.000'}
[2026-05-19 20:30:33,416][src.modRNN.training.alignment][INFO] -   align diffusion_fixed @ epoch 1701: cos {'ALIFCell_0.input_weights': '1.340', 'ALIFCell_0.recurrent_weights': '1.248', 'ReadOut_0.readout_weights': '0.000'}
[2026-05-19 20:30:51,419][src.modRNN.training.alignment][INFO] - epoch 1725  train loss=0.2618  (rule: diffusion)
[2026-05-19 20:31:10,152][src.modRNN.training.alignment][INFO] - epoch 1750  train loss=0.2719  (rule: diffusion)
[2026-05-19 20:31:11,662][src.modRNN.training.alignment][INFO] -   align BPTT @ epoch 1751: cos {'ALIFCell_0.input_weights': '0.000', 'ALIFCell_0.recurrent_weights': '0.000', 'ReadOut_0.readout_weights': '0.000'}
[2026-05-19 20:31:12,224][src.modRNN.training.alignment][INFO] -   align eprop @ epoch 1751: cos {'ALIFCell_0.input_weights': '1.501', 'ALIFCell_0.recurrent_weights': '1.501', 'ReadOut_0.readout_weights': '0.000'}
[2026-05-19 20:31:12,908][src.modRNN.training.alignment][INFO] -   align diffusion_aligned @ epoch 1751: cos {'ALIFCell_0.input_weights': '1.492', 'ALIFCell_0.recurrent_weights': '1.528', 'ReadOut_0.readout_weights': '0.000'}
[2026-05-19 20:31:14,081][src.modRNN.training.alignment][INFO] -   align diffusion_per_step @ epoch 1751: cos {'ALIFCell_0.input_weights': '1.491', 'ALIFCell_0.recurrent_weights': '1.510', 'ReadOut_0.readout_weights': '0.000'}
[2026-05-19 20:31:14,755][src.modRNN.training.alignment][INFO] -   align diffusion_fixed @ epoch 1751: cos {'ALIFCell_0.input_weights': '1.489', 'ALIFCell_0.recurrent_weights': '1.476', 'ReadOut_0.readout_weights': '0.000'}
[2026-05-19 20:31:32,791][src.modRNN.training.alignment][INFO] - epoch 1775  train loss=0.2611  (rule: diffusion)
[2026-05-19 20:31:51,509][src.modRNN.training.alignment][INFO] - epoch 1800  train loss=0.2621  (rule: diffusion)
[2026-05-19 20:31:53,020][src.modRNN.training.alignment][INFO] -   align BPTT @ epoch 1801: cos {'ALIFCell_0.input_weights': '0.000', 'ALIFCell_0.recurrent_weights': '0.000', 'ReadOut_0.readout_weights': '0.000'}
[2026-05-19 20:31:53,584][src.modRNN.training.alignment][INFO] -   align eprop @ epoch 1801: cos {'ALIFCell_0.input_weights': '1.229', 'ALIFCell_0.recurrent_weights': '1.104', 'ReadOut_0.readout_weights': '0.000'}
[2026-05-19 20:31:54,272][src.modRNN.training.alignment][INFO] -   align diffusion_aligned @ epoch 1801: cos {'ALIFCell_0.input_weights': '1.269', 'ALIFCell_0.recurrent_weights': '1.051', 'ReadOut_0.readout_weights': '0.000'}
[2026-05-19 20:31:55,443][src.modRNN.training.alignment][INFO] -   align diffusion_per_step @ epoch 1801: cos {'ALIFCell_0.input_weights': '1.219', 'ALIFCell_0.recurrent_weights': '1.059', 'ReadOut_0.readout_weights': '0.000'}
[2026-05-19 20:31:56,120][src.modRNN.training.alignment][INFO] -   align diffusion_fixed @ epoch 1801: cos {'ALIFCell_0.input_weights': '1.229', 'ALIFCell_0.recurrent_weights': '1.088', 'ReadOut_0.readout_weights': '0.000'}
[2026-05-19 20:32:14,117][src.modRNN.training.alignment][INFO] - epoch 1825  train loss=0.4295  (rule: diffusion)
[2026-05-19 20:32:32,928][src.modRNN.training.alignment][INFO] - epoch 1850  train loss=0.3621  (rule: diffusion)
[2026-05-19 20:32:34,438][src.modRNN.training.alignment][INFO] -   align BPTT @ epoch 1851: cos {'ALIFCell_0.input_weights': '0.000', 'ALIFCell_0.recurrent_weights': '0.000', 'ReadOut_0.readout_weights': '0.000'}
[2026-05-19 20:32:34,999][src.modRNN.training.alignment][INFO] -   align eprop @ epoch 1851: cos {'ALIFCell_0.input_weights': '1.598', 'ALIFCell_0.recurrent_weights': '1.362', 'ReadOut_0.readout_weights': '0.000'}
[2026-05-19 20:32:35,685][src.modRNN.training.alignment][INFO] -   align diffusion_aligned @ epoch 1851: cos {'ALIFCell_0.input_weights': '1.564', 'ALIFCell_0.recurrent_weights': '1.286', 'ReadOut_0.readout_weights': '0.000'}
[2026-05-19 20:32:36,854][src.modRNN.training.alignment][INFO] -   align diffusion_per_step @ epoch 1851: cos {'ALIFCell_0.input_weights': '1.563', 'ALIFCell_0.recurrent_weights': '1.339', 'ReadOut_0.readout_weights': '0.000'}
[2026-05-19 20:32:37,528][src.modRNN.training.alignment][INFO] -   align diffusion_fixed @ epoch 1851: cos {'ALIFCell_0.input_weights': '1.583', 'ALIFCell_0.recurrent_weights': '1.289', 'ReadOut_0.readout_weights': '0.000'}
[2026-05-19 20:32:55,505][src.modRNN.training.alignment][INFO] - epoch 1875  train loss=0.4191  (rule: diffusion)
[2026-05-19 20:33:14,247][src.modRNN.training.alignment][INFO] - epoch 1900  train loss=0.4583  (rule: diffusion)
[2026-05-19 20:33:15,759][src.modRNN.training.alignment][INFO] -   align BPTT @ epoch 1901: cos {'ALIFCell_0.input_weights': '0.000', 'ALIFCell_0.recurrent_weights': '0.000', 'ReadOut_0.readout_weights': '0.000'}
[2026-05-19 20:33:16,320][src.modRNN.training.alignment][INFO] -   align eprop @ epoch 1901: cos {'ALIFCell_0.input_weights': '1.289', 'ALIFCell_0.recurrent_weights': '1.235', 'ReadOut_0.readout_weights': '0.000'}
[2026-05-19 20:33:17,007][src.modRNN.training.alignment][INFO] -   align diffusion_aligned @ epoch 1901: cos {'ALIFCell_0.input_weights': '1.269', 'ALIFCell_0.recurrent_weights': '1.248', 'ReadOut_0.readout_weights': '0.000'}
[2026-05-19 20:33:18,178][src.modRNN.training.alignment][INFO] -   align diffusion_per_step @ epoch 1901: cos {'ALIFCell_0.input_weights': '1.236', 'ALIFCell_0.recurrent_weights': '1.230', 'ReadOut_0.readout_weights': '0.000'}
[2026-05-19 20:33:18,856][src.modRNN.training.alignment][INFO] -   align diffusion_fixed @ epoch 1901: cos {'ALIFCell_0.input_weights': '1.276', 'ALIFCell_0.recurrent_weights': '1.241', 'ReadOut_0.readout_weights': '0.000'}
[2026-05-19 20:33:36,873][src.modRNN.training.alignment][INFO] - epoch 1925  train loss=0.3942  (rule: diffusion)
[2026-05-19 20:33:55,682][src.modRNN.training.alignment][INFO] - epoch 1950  train loss=0.3985  (rule: diffusion)
[2026-05-19 20:33:57,198][src.modRNN.training.alignment][INFO] -   align BPTT @ epoch 1951: cos {'ALIFCell_0.input_weights': '0.000', 'ALIFCell_0.recurrent_weights': '0.000', 'ReadOut_0.readout_weights': '0.000'}
[2026-05-19 20:33:57,764][src.modRNN.training.alignment][INFO] -   align eprop @ epoch 1951: cos {'ALIFCell_0.input_weights': '0.995', 'ALIFCell_0.recurrent_weights': '0.910', 'ReadOut_0.readout_weights': '0.000'}
[2026-05-19 20:33:58,448][src.modRNN.training.alignment][INFO] -   align diffusion_aligned @ epoch 1951: cos {'ALIFCell_0.input_weights': '1.000', 'ALIFCell_0.recurrent_weights': '1.011', 'ReadOut_0.readout_weights': '0.000'}
[2026-05-19 20:33:59,617][src.modRNN.training.alignment][INFO] -   align diffusion_per_step @ epoch 1951: cos {'ALIFCell_0.input_weights': '0.954', 'ALIFCell_0.recurrent_weights': '0.896', 'ReadOut_0.readout_weights': '0.000'}
[2026-05-19 20:34:00,291][src.modRNN.training.alignment][INFO] -   align diffusion_fixed @ epoch 1951: cos {'ALIFCell_0.input_weights': '0.990', 'ALIFCell_0.recurrent_weights': '0.885', 'ReadOut_0.readout_weights': '0.000'}
[2026-05-19 20:34:18,108][src.modRNN.training.alignment][INFO] - epoch 1975  train loss=0.4879  (rule: diffusion)
[2026-05-19 20:34:36,422][src.modRNN.training.alignment][INFO] - epoch 2000  train loss=0.4422  (rule: diffusion)
[2026-05-19 20:34:37,911][src.modRNN.training.alignment][INFO] -   align BPTT @ epoch 2001: cos {'ALIFCell_0.input_weights': '0.000', 'ALIFCell_0.recurrent_weights': '0.000', 'ReadOut_0.readout_weights': '0.000'}
[2026-05-19 20:34:38,477][src.modRNN.training.alignment][INFO] -   align eprop @ epoch 2001: cos {'ALIFCell_0.input_weights': '1.111', 'ALIFCell_0.recurrent_weights': '1.088', 'ReadOut_0.readout_weights': '0.000'}
[2026-05-19 20:34:39,165][src.modRNN.training.alignment][INFO] -   align diffusion_aligned @ epoch 2001: cos {'ALIFCell_0.input_weights': '1.207', 'ALIFCell_0.recurrent_weights': '1.074', 'ReadOut_0.readout_weights': '0.000'}
[2026-05-19 20:34:40,334][src.modRNN.training.alignment][INFO] -   align diffusion_per_step @ epoch 2001: cos {'ALIFCell_0.input_weights': '1.126', 'ALIFCell_0.recurrent_weights': '1.068', 'ReadOut_0.readout_weights': '0.000'}
[2026-05-19 20:34:41,008][src.modRNN.training.alignment][INFO] -   align diffusion_fixed @ epoch 2001: cos {'ALIFCell_0.input_weights': '1.170', 'ALIFCell_0.recurrent_weights': '1.086', 'ReadOut_0.readout_weights': '0.000'}
[2026-05-19 20:34:41,046][src.modRNN.training.alignment][INFO] - Alignment experiment finished. Output dir: /mnt/lustre/work/martius/mot736/neuromodRNN/outputs/delayed_match/align_local_connectivity_diffusion_shuffle_fix/seed_987654
