[2026-06-02 18:05:17,445][jax._src.xla_bridge][INFO] - Unable to initialize backend 'rocm': module 'jaxlib.xla_extension' has no attribute 'GpuAllocatorConfig'
[2026-06-02 18:05:17,448][jax._src.xla_bridge][INFO] - Unable to initialize backend 'tpu': INTERNAL: Failed to open libtpu.so: libtpu.so: cannot open shared object file: No such file or directory
[2026-06-02 18:05:25,393][src.modRNN.training.alignment][INFO] - Starting alignment experiment: training with diffusion, measuring alignment of ['BPTT', 'eprop', 'diffusion_aligned', 'diffusion_per_step', 'diffusion_fixed'] every 50 epochs.
[2026-06-02 18:05:29,028][src.modRNN.training.alignment][INFO] - epoch 1  train loss=0.6932  (rule: diffusion)
[2026-06-02 18:05:30,979][src.modRNN.training.alignment][INFO] -   align BPTT @ epoch 1: cos {'ALIFCell_0.input_weights': '0.000', 'ALIFCell_0.recurrent_weights': '0.000', 'ReadOut_0.readout_weights': '0.000'}
[2026-06-02 18:05:32,443][src.modRNN.training.alignment][INFO] -   align eprop @ epoch 1: cos {'ALIFCell_0.input_weights': '0.332', 'ALIFCell_0.recurrent_weights': '0.269', 'ReadOut_0.readout_weights': '0.000'}
[2026-06-02 18:05:34,046][src.modRNN.training.alignment][INFO] -   align diffusion_aligned @ epoch 1: cos {'ALIFCell_0.input_weights': '0.507', 'ALIFCell_0.recurrent_weights': '0.422', 'ReadOut_0.readout_weights': '0.000'}
[2026-06-02 18:05:37,710][src.modRNN.training.alignment][INFO] -   align diffusion_per_step @ epoch 1: cos {'ALIFCell_0.input_weights': '0.472', 'ALIFCell_0.recurrent_weights': '0.333', 'ReadOut_0.readout_weights': '0.000'}
[2026-06-02 18:05:39,417][src.modRNN.training.alignment][INFO] -   align diffusion_fixed @ epoch 1: cos {'ALIFCell_0.input_weights': '0.514', 'ALIFCell_0.recurrent_weights': '0.293', 'ReadOut_0.readout_weights': '0.000'}
[2026-06-02 18:05:56,697][src.modRNN.training.alignment][INFO] - epoch 25  train loss=0.6932  (rule: diffusion)
[2026-06-02 18:06:14,757][src.modRNN.training.alignment][INFO] - epoch 50  train loss=0.6931  (rule: diffusion)
[2026-06-02 18:06:16,228][src.modRNN.training.alignment][INFO] -   align BPTT @ epoch 51: cos {'ALIFCell_0.input_weights': '0.000', 'ALIFCell_0.recurrent_weights': '0.000', 'ReadOut_0.readout_weights': '0.000'}
[2026-06-02 18:06:16,777][src.modRNN.training.alignment][INFO] -   align eprop @ epoch 51: cos {'ALIFCell_0.input_weights': '0.520', 'ALIFCell_0.recurrent_weights': '0.858', 'ReadOut_0.readout_weights': '0.000'}
[2026-06-02 18:06:17,462][src.modRNN.training.alignment][INFO] -   align diffusion_aligned @ epoch 51: cos {'ALIFCell_0.input_weights': '0.737', 'ALIFCell_0.recurrent_weights': '0.711', 'ReadOut_0.readout_weights': '0.000'}
[2026-06-02 18:06:18,625][src.modRNN.training.alignment][INFO] -   align diffusion_per_step @ epoch 51: cos {'ALIFCell_0.input_weights': '0.600', 'ALIFCell_0.recurrent_weights': '0.842', 'ReadOut_0.readout_weights': '0.000'}
[2026-06-02 18:06:19,294][src.modRNN.training.alignment][INFO] -   align diffusion_fixed @ epoch 51: cos {'ALIFCell_0.input_weights': '0.691', 'ALIFCell_0.recurrent_weights': '0.937', 'ReadOut_0.readout_weights': '0.000'}
[2026-06-02 18:06:36,640][src.modRNN.training.alignment][INFO] - epoch 75  train loss=0.6931  (rule: diffusion)
[2026-06-02 18:06:54,724][src.modRNN.training.alignment][INFO] - epoch 100  train loss=0.6931  (rule: diffusion)
[2026-06-02 18:06:56,204][src.modRNN.training.alignment][INFO] -   align BPTT @ epoch 101: cos {'ALIFCell_0.input_weights': '0.000', 'ALIFCell_0.recurrent_weights': '0.000', 'ReadOut_0.readout_weights': '0.000'}
[2026-06-02 18:06:56,757][src.modRNN.training.alignment][INFO] -   align eprop @ epoch 101: cos {'ALIFCell_0.input_weights': '0.852', 'ALIFCell_0.recurrent_weights': '0.902', 'ReadOut_0.readout_weights': '0.000'}
[2026-06-02 18:06:57,441][src.modRNN.training.alignment][INFO] -   align diffusion_aligned @ epoch 101: cos {'ALIFCell_0.input_weights': '0.929', 'ALIFCell_0.recurrent_weights': '0.904', 'ReadOut_0.readout_weights': '0.000'}
[2026-06-02 18:06:58,611][src.modRNN.training.alignment][INFO] -   align diffusion_per_step @ epoch 101: cos {'ALIFCell_0.input_weights': '0.951', 'ALIFCell_0.recurrent_weights': '1.023', 'ReadOut_0.readout_weights': '0.000'}
[2026-06-02 18:06:59,282][src.modRNN.training.alignment][INFO] -   align diffusion_fixed @ epoch 101: cos {'ALIFCell_0.input_weights': '1.016', 'ALIFCell_0.recurrent_weights': '1.076', 'ReadOut_0.readout_weights': '0.000'}
[2026-06-02 18:07:16,761][src.modRNN.training.alignment][INFO] - epoch 125  train loss=0.6918  (rule: diffusion)
[2026-06-02 18:07:34,988][src.modRNN.training.alignment][INFO] - epoch 150  train loss=0.6787  (rule: diffusion)
[2026-06-02 18:07:36,468][src.modRNN.training.alignment][INFO] -   align BPTT @ epoch 151: cos {'ALIFCell_0.input_weights': '0.000', 'ALIFCell_0.recurrent_weights': '0.000', 'ReadOut_0.readout_weights': '0.000'}
[2026-06-02 18:07:37,019][src.modRNN.training.alignment][INFO] -   align eprop @ epoch 151: cos {'ALIFCell_0.input_weights': '1.190', 'ALIFCell_0.recurrent_weights': '1.131', 'ReadOut_0.readout_weights': '0.000'}
[2026-06-02 18:07:37,705][src.modRNN.training.alignment][INFO] -   align diffusion_aligned @ epoch 151: cos {'ALIFCell_0.input_weights': '1.126', 'ALIFCell_0.recurrent_weights': '1.072', 'ReadOut_0.readout_weights': '0.000'}
[2026-06-02 18:07:38,873][src.modRNN.training.alignment][INFO] -   align diffusion_per_step @ epoch 151: cos {'ALIFCell_0.input_weights': '1.102', 'ALIFCell_0.recurrent_weights': '1.024', 'ReadOut_0.readout_weights': '0.000'}
[2026-06-02 18:07:39,544][src.modRNN.training.alignment][INFO] -   align diffusion_fixed @ epoch 151: cos {'ALIFCell_0.input_weights': '1.033', 'ALIFCell_0.recurrent_weights': '0.985', 'ReadOut_0.readout_weights': '0.000'}
[2026-06-02 18:07:57,025][src.modRNN.training.alignment][INFO] - epoch 175  train loss=0.6528  (rule: diffusion)
[2026-06-02 18:08:15,269][src.modRNN.training.alignment][INFO] - epoch 200  train loss=0.5961  (rule: diffusion)
[2026-06-02 18:08:16,747][src.modRNN.training.alignment][INFO] -   align BPTT @ epoch 201: cos {'ALIFCell_0.input_weights': '0.000', 'ALIFCell_0.recurrent_weights': '0.000', 'ReadOut_0.readout_weights': '0.000'}
[2026-06-02 18:08:17,302][src.modRNN.training.alignment][INFO] -   align eprop @ epoch 201: cos {'ALIFCell_0.input_weights': '0.778', 'ALIFCell_0.recurrent_weights': '1.068', 'ReadOut_0.readout_weights': '0.000'}
[2026-06-02 18:08:17,986][src.modRNN.training.alignment][INFO] -   align diffusion_aligned @ epoch 201: cos {'ALIFCell_0.input_weights': '0.895', 'ALIFCell_0.recurrent_weights': '0.923', 'ReadOut_0.readout_weights': '0.000'}
[2026-06-02 18:08:19,156][src.modRNN.training.alignment][INFO] -   align diffusion_per_step @ epoch 201: cos {'ALIFCell_0.input_weights': '0.710', 'ALIFCell_0.recurrent_weights': '0.893', 'ReadOut_0.readout_weights': '0.000'}
[2026-06-02 18:08:19,830][src.modRNN.training.alignment][INFO] -   align diffusion_fixed @ epoch 201: cos {'ALIFCell_0.input_weights': '0.681', 'ALIFCell_0.recurrent_weights': '0.903', 'ReadOut_0.readout_weights': '0.000'}
[2026-06-02 18:08:37,311][src.modRNN.training.alignment][INFO] - epoch 225  train loss=0.5749  (rule: diffusion)
[2026-06-02 18:08:55,516][src.modRNN.training.alignment][INFO] - epoch 250  train loss=0.5011  (rule: diffusion)
[2026-06-02 18:08:56,997][src.modRNN.training.alignment][INFO] -   align BPTT @ epoch 251: cos {'ALIFCell_0.input_weights': '0.000', 'ALIFCell_0.recurrent_weights': '0.000', 'ReadOut_0.readout_weights': '0.000'}
[2026-06-02 18:08:57,549][src.modRNN.training.alignment][INFO] -   align eprop @ epoch 251: cos {'ALIFCell_0.input_weights': '1.214', 'ALIFCell_0.recurrent_weights': '1.390', 'ReadOut_0.readout_weights': '0.000'}
[2026-06-02 18:08:58,232][src.modRNN.training.alignment][INFO] -   align diffusion_aligned @ epoch 251: cos {'ALIFCell_0.input_weights': '1.297', 'ALIFCell_0.recurrent_weights': '1.377', 'ReadOut_0.readout_weights': '0.000'}
[2026-06-02 18:08:59,402][src.modRNN.training.alignment][INFO] -   align diffusion_per_step @ epoch 251: cos {'ALIFCell_0.input_weights': '1.202', 'ALIFCell_0.recurrent_weights': '1.377', 'ReadOut_0.readout_weights': '0.000'}
[2026-06-02 18:09:00,074][src.modRNN.training.alignment][INFO] -   align diffusion_fixed @ epoch 251: cos {'ALIFCell_0.input_weights': '1.193', 'ALIFCell_0.recurrent_weights': '1.350', 'ReadOut_0.readout_weights': '0.000'}
[2026-06-02 18:09:17,572][src.modRNN.training.alignment][INFO] - epoch 275  train loss=0.5433  (rule: diffusion)
[2026-06-02 18:09:35,801][src.modRNN.training.alignment][INFO] - epoch 300  train loss=0.5475  (rule: diffusion)
[2026-06-02 18:09:37,277][src.modRNN.training.alignment][INFO] -   align BPTT @ epoch 301: cos {'ALIFCell_0.input_weights': '0.000', 'ALIFCell_0.recurrent_weights': '0.000', 'ReadOut_0.readout_weights': '0.000'}
[2026-06-02 18:09:37,829][src.modRNN.training.alignment][INFO] -   align eprop @ epoch 301: cos {'ALIFCell_0.input_weights': '1.173', 'ALIFCell_0.recurrent_weights': '1.092', 'ReadOut_0.readout_weights': '0.000'}
[2026-06-02 18:09:38,513][src.modRNN.training.alignment][INFO] -   align diffusion_aligned @ epoch 301: cos {'ALIFCell_0.input_weights': '1.164', 'ALIFCell_0.recurrent_weights': '1.078', 'ReadOut_0.readout_weights': '0.000'}
[2026-06-02 18:09:39,682][src.modRNN.training.alignment][INFO] -   align diffusion_per_step @ epoch 301: cos {'ALIFCell_0.input_weights': '1.141', 'ALIFCell_0.recurrent_weights': '1.000', 'ReadOut_0.readout_weights': '0.000'}
[2026-06-02 18:09:40,351][src.modRNN.training.alignment][INFO] -   align diffusion_fixed @ epoch 301: cos {'ALIFCell_0.input_weights': '1.143', 'ALIFCell_0.recurrent_weights': '1.026', 'ReadOut_0.readout_weights': '0.000'}
[2026-06-02 18:09:57,820][src.modRNN.training.alignment][INFO] - epoch 325  train loss=0.5039  (rule: diffusion)
[2026-06-02 18:10:16,029][src.modRNN.training.alignment][INFO] - epoch 350  train loss=0.3417  (rule: diffusion)
[2026-06-02 18:10:17,508][src.modRNN.training.alignment][INFO] -   align BPTT @ epoch 351: cos {'ALIFCell_0.input_weights': '0.000', 'ALIFCell_0.recurrent_weights': '0.000', 'ReadOut_0.readout_weights': '0.000'}
[2026-06-02 18:10:18,061][src.modRNN.training.alignment][INFO] -   align eprop @ epoch 351: cos {'ALIFCell_0.input_weights': '1.244', 'ALIFCell_0.recurrent_weights': '0.991', 'ReadOut_0.readout_weights': '0.000'}
[2026-06-02 18:10:18,745][src.modRNN.training.alignment][INFO] -   align diffusion_aligned @ epoch 351: cos {'ALIFCell_0.input_weights': '1.245', 'ALIFCell_0.recurrent_weights': '1.006', 'ReadOut_0.readout_weights': '0.000'}
[2026-06-02 18:10:19,911][src.modRNN.training.alignment][INFO] -   align diffusion_per_step @ epoch 351: cos {'ALIFCell_0.input_weights': '1.228', 'ALIFCell_0.recurrent_weights': '0.949', 'ReadOut_0.readout_weights': '0.000'}
[2026-06-02 18:10:20,582][src.modRNN.training.alignment][INFO] -   align diffusion_fixed @ epoch 351: cos {'ALIFCell_0.input_weights': '1.214', 'ALIFCell_0.recurrent_weights': '0.936', 'ReadOut_0.readout_weights': '0.000'}
[2026-06-02 18:10:38,049][src.modRNN.training.alignment][INFO] - epoch 375  train loss=0.3384  (rule: diffusion)
[2026-06-02 18:10:56,223][src.modRNN.training.alignment][INFO] - epoch 400  train loss=0.2347  (rule: diffusion)
[2026-06-02 18:10:57,700][src.modRNN.training.alignment][INFO] -   align BPTT @ epoch 401: cos {'ALIFCell_0.input_weights': '0.000', 'ALIFCell_0.recurrent_weights': '0.000', 'ReadOut_0.readout_weights': '0.000'}
[2026-06-02 18:10:58,251][src.modRNN.training.alignment][INFO] -   align eprop @ epoch 401: cos {'ALIFCell_0.input_weights': '1.065', 'ALIFCell_0.recurrent_weights': '1.311', 'ReadOut_0.readout_weights': '0.000'}
[2026-06-02 18:10:58,935][src.modRNN.training.alignment][INFO] -   align diffusion_aligned @ epoch 401: cos {'ALIFCell_0.input_weights': '1.137', 'ALIFCell_0.recurrent_weights': '1.349', 'ReadOut_0.readout_weights': '0.000'}
[2026-06-02 18:11:00,102][src.modRNN.training.alignment][INFO] -   align diffusion_per_step @ epoch 401: cos {'ALIFCell_0.input_weights': '1.181', 'ALIFCell_0.recurrent_weights': '1.480', 'ReadOut_0.readout_weights': '0.000'}
[2026-06-02 18:11:00,774][src.modRNN.training.alignment][INFO] -   align diffusion_fixed @ epoch 401: cos {'ALIFCell_0.input_weights': '1.080', 'ALIFCell_0.recurrent_weights': '1.324', 'ReadOut_0.readout_weights': '0.000'}
[2026-06-02 18:11:18,335][src.modRNN.training.alignment][INFO] - epoch 425  train loss=0.2981  (rule: diffusion)
[2026-06-02 18:11:36,616][src.modRNN.training.alignment][INFO] - epoch 450  train loss=0.2850  (rule: diffusion)
[2026-06-02 18:11:38,098][src.modRNN.training.alignment][INFO] -   align BPTT @ epoch 451: cos {'ALIFCell_0.input_weights': '0.000', 'ALIFCell_0.recurrent_weights': '0.000', 'ReadOut_0.readout_weights': '0.000'}
[2026-06-02 18:11:38,649][src.modRNN.training.alignment][INFO] -   align eprop @ epoch 451: cos {'ALIFCell_0.input_weights': '0.976', 'ALIFCell_0.recurrent_weights': '1.186', 'ReadOut_0.readout_weights': '0.000'}
[2026-06-02 18:11:39,335][src.modRNN.training.alignment][INFO] -   align diffusion_aligned @ epoch 451: cos {'ALIFCell_0.input_weights': '1.055', 'ALIFCell_0.recurrent_weights': '1.228', 'ReadOut_0.readout_weights': '0.000'}
[2026-06-02 18:11:40,504][src.modRNN.training.alignment][INFO] -   align diffusion_per_step @ epoch 451: cos {'ALIFCell_0.input_weights': '0.993', 'ALIFCell_0.recurrent_weights': '1.246', 'ReadOut_0.readout_weights': '0.000'}
[2026-06-02 18:11:41,176][src.modRNN.training.alignment][INFO] -   align diffusion_fixed @ epoch 451: cos {'ALIFCell_0.input_weights': '0.983', 'ALIFCell_0.recurrent_weights': '1.211', 'ReadOut_0.readout_weights': '0.000'}
[2026-06-02 18:11:58,643][src.modRNN.training.alignment][INFO] - epoch 475  train loss=0.2146  (rule: diffusion)
[2026-06-02 18:12:16,857][src.modRNN.training.alignment][INFO] - epoch 500  train loss=0.2641  (rule: diffusion)
[2026-06-02 18:12:18,335][src.modRNN.training.alignment][INFO] -   align BPTT @ epoch 501: cos {'ALIFCell_0.input_weights': '0.000', 'ALIFCell_0.recurrent_weights': '0.000', 'ReadOut_0.readout_weights': '0.000'}
[2026-06-02 18:12:18,888][src.modRNN.training.alignment][INFO] -   align eprop @ epoch 501: cos {'ALIFCell_0.input_weights': '1.181', 'ALIFCell_0.recurrent_weights': '1.271', 'ReadOut_0.readout_weights': '0.000'}
[2026-06-02 18:12:19,574][src.modRNN.training.alignment][INFO] -   align diffusion_aligned @ epoch 501: cos {'ALIFCell_0.input_weights': '1.259', 'ALIFCell_0.recurrent_weights': '1.274', 'ReadOut_0.readout_weights': '0.000'}
[2026-06-02 18:12:20,744][src.modRNN.training.alignment][INFO] -   align diffusion_per_step @ epoch 501: cos {'ALIFCell_0.input_weights': '1.162', 'ALIFCell_0.recurrent_weights': '1.108', 'ReadOut_0.readout_weights': '0.000'}
[2026-06-02 18:12:21,415][src.modRNN.training.alignment][INFO] -   align diffusion_fixed @ epoch 501: cos {'ALIFCell_0.input_weights': '1.160', 'ALIFCell_0.recurrent_weights': '1.164', 'ReadOut_0.readout_weights': '0.000'}
[2026-06-02 18:12:38,931][src.modRNN.training.alignment][INFO] - epoch 525  train loss=0.3605  (rule: diffusion)
[2026-06-02 18:12:57,210][src.modRNN.training.alignment][INFO] - epoch 550  train loss=0.4648  (rule: diffusion)
[2026-06-02 18:12:58,701][src.modRNN.training.alignment][INFO] -   align BPTT @ epoch 551: cos {'ALIFCell_0.input_weights': '0.000', 'ALIFCell_0.recurrent_weights': '0.000', 'ReadOut_0.readout_weights': '0.000'}
[2026-06-02 18:12:59,258][src.modRNN.training.alignment][INFO] -   align eprop @ epoch 551: cos {'ALIFCell_0.input_weights': '0.881', 'ALIFCell_0.recurrent_weights': '1.099', 'ReadOut_0.readout_weights': '0.000'}
[2026-06-02 18:12:59,949][src.modRNN.training.alignment][INFO] -   align diffusion_aligned @ epoch 551: cos {'ALIFCell_0.input_weights': '0.925', 'ALIFCell_0.recurrent_weights': '1.169', 'ReadOut_0.readout_weights': '0.000'}
[2026-06-02 18:13:01,128][src.modRNN.training.alignment][INFO] -   align diffusion_per_step @ epoch 551: cos {'ALIFCell_0.input_weights': '0.772', 'ALIFCell_0.recurrent_weights': '0.971', 'ReadOut_0.readout_weights': '0.000'}
[2026-06-02 18:13:01,807][src.modRNN.training.alignment][INFO] -   align diffusion_fixed @ epoch 551: cos {'ALIFCell_0.input_weights': '0.719', 'ALIFCell_0.recurrent_weights': '0.939', 'ReadOut_0.readout_weights': '0.000'}
[2026-06-02 18:13:19,438][src.modRNN.training.alignment][INFO] - epoch 575  train loss=0.4467  (rule: diffusion)
[2026-06-02 18:13:37,799][src.modRNN.training.alignment][INFO] - epoch 600  train loss=0.3571  (rule: diffusion)
[2026-06-02 18:13:39,288][src.modRNN.training.alignment][INFO] -   align BPTT @ epoch 601: cos {'ALIFCell_0.input_weights': '0.000', 'ALIFCell_0.recurrent_weights': '0.000', 'ReadOut_0.readout_weights': '0.000'}
[2026-06-02 18:13:39,846][src.modRNN.training.alignment][INFO] -   align eprop @ epoch 601: cos {'ALIFCell_0.input_weights': '1.167', 'ALIFCell_0.recurrent_weights': '1.050', 'ReadOut_0.readout_weights': '0.000'}
[2026-06-02 18:13:40,537][src.modRNN.training.alignment][INFO] -   align diffusion_aligned @ epoch 601: cos {'ALIFCell_0.input_weights': '1.161', 'ALIFCell_0.recurrent_weights': '1.089', 'ReadOut_0.readout_weights': '0.000'}
[2026-06-02 18:13:41,715][src.modRNN.training.alignment][INFO] -   align diffusion_per_step @ epoch 601: cos {'ALIFCell_0.input_weights': '1.010', 'ALIFCell_0.recurrent_weights': '1.019', 'ReadOut_0.readout_weights': '0.000'}
[2026-06-02 18:13:42,393][src.modRNN.training.alignment][INFO] -   align diffusion_fixed @ epoch 601: cos {'ALIFCell_0.input_weights': '1.040', 'ALIFCell_0.recurrent_weights': '1.034', 'ReadOut_0.readout_weights': '0.000'}
[2026-06-02 18:13:59,985][src.modRNN.training.alignment][INFO] - epoch 625  train loss=0.4311  (rule: diffusion)
[2026-06-02 18:14:18,329][src.modRNN.training.alignment][INFO] - epoch 650  train loss=0.6978  (rule: diffusion)
[2026-06-02 18:14:19,817][src.modRNN.training.alignment][INFO] -   align BPTT @ epoch 651: cos {'ALIFCell_0.input_weights': '0.000', 'ALIFCell_0.recurrent_weights': '0.000', 'ReadOut_0.readout_weights': '0.000'}
[2026-06-02 18:14:20,374][src.modRNN.training.alignment][INFO] -   align eprop @ epoch 651: cos {'ALIFCell_0.input_weights': '1.036', 'ALIFCell_0.recurrent_weights': '0.993', 'ReadOut_0.readout_weights': '0.000'}
[2026-06-02 18:14:21,063][src.modRNN.training.alignment][INFO] -   align diffusion_aligned @ epoch 651: cos {'ALIFCell_0.input_weights': '1.253', 'ALIFCell_0.recurrent_weights': '1.164', 'ReadOut_0.readout_weights': '0.000'}
[2026-06-02 18:14:22,239][src.modRNN.training.alignment][INFO] -   align diffusion_per_step @ epoch 651: cos {'ALIFCell_0.input_weights': '1.093', 'ALIFCell_0.recurrent_weights': '1.045', 'ReadOut_0.readout_weights': '0.000'}
[2026-06-02 18:14:22,917][src.modRNN.training.alignment][INFO] -   align diffusion_fixed @ epoch 651: cos {'ALIFCell_0.input_weights': '1.045', 'ALIFCell_0.recurrent_weights': '0.947', 'ReadOut_0.readout_weights': '0.000'}
[2026-06-02 18:14:40,534][src.modRNN.training.alignment][INFO] - epoch 675  train loss=0.4310  (rule: diffusion)
[2026-06-02 18:14:58,893][src.modRNN.training.alignment][INFO] - epoch 700  train loss=0.7268  (rule: diffusion)
[2026-06-02 18:15:00,382][src.modRNN.training.alignment][INFO] -   align BPTT @ epoch 701: cos {'ALIFCell_0.input_weights': '0.000', 'ALIFCell_0.recurrent_weights': '0.000', 'ReadOut_0.readout_weights': '0.000'}
[2026-06-02 18:15:00,940][src.modRNN.training.alignment][INFO] -   align eprop @ epoch 701: cos {'ALIFCell_0.input_weights': '1.292', 'ALIFCell_0.recurrent_weights': '1.375', 'ReadOut_0.readout_weights': '0.000'}
[2026-06-02 18:15:01,631][src.modRNN.training.alignment][INFO] -   align diffusion_aligned @ epoch 701: cos {'ALIFCell_0.input_weights': '1.524', 'ALIFCell_0.recurrent_weights': '1.478', 'ReadOut_0.readout_weights': '0.000'}
[2026-06-02 18:15:02,810][src.modRNN.training.alignment][INFO] -   align diffusion_per_step @ epoch 701: cos {'ALIFCell_0.input_weights': '1.240', 'ALIFCell_0.recurrent_weights': '1.276', 'ReadOut_0.readout_weights': '0.000'}
[2026-06-02 18:15:03,489][src.modRNN.training.alignment][INFO] -   align diffusion_fixed @ epoch 701: cos {'ALIFCell_0.input_weights': '1.032', 'ALIFCell_0.recurrent_weights': '0.998', 'ReadOut_0.readout_weights': '0.000'}
[2026-06-02 18:15:21,086][src.modRNN.training.alignment][INFO] - epoch 725  train loss=0.6724  (rule: diffusion)
[2026-06-02 18:15:39,438][src.modRNN.training.alignment][INFO] - epoch 750  train loss=0.5478  (rule: diffusion)
[2026-06-02 18:15:40,928][src.modRNN.training.alignment][INFO] -   align BPTT @ epoch 751: cos {'ALIFCell_0.input_weights': '0.000', 'ALIFCell_0.recurrent_weights': '0.000', 'ReadOut_0.readout_weights': '0.000'}
[2026-06-02 18:15:41,484][src.modRNN.training.alignment][INFO] -   align eprop @ epoch 751: cos {'ALIFCell_0.input_weights': '0.940', 'ALIFCell_0.recurrent_weights': '1.051', 'ReadOut_0.readout_weights': '0.000'}
[2026-06-02 18:15:42,178][src.modRNN.training.alignment][INFO] -   align diffusion_aligned @ epoch 751: cos {'ALIFCell_0.input_weights': '1.546', 'ALIFCell_0.recurrent_weights': '1.355', 'ReadOut_0.readout_weights': '0.000'}
[2026-06-02 18:15:43,356][src.modRNN.training.alignment][INFO] -   align diffusion_per_step @ epoch 751: cos {'ALIFCell_0.input_weights': '1.270', 'ALIFCell_0.recurrent_weights': '1.262', 'ReadOut_0.readout_weights': '0.000'}
[2026-06-02 18:15:44,036][src.modRNN.training.alignment][INFO] -   align diffusion_fixed @ epoch 751: cos {'ALIFCell_0.input_weights': '1.262', 'ALIFCell_0.recurrent_weights': '1.180', 'ReadOut_0.readout_weights': '0.000'}
[2026-06-02 18:16:01,642][src.modRNN.training.alignment][INFO] - epoch 775  train loss=0.4818  (rule: diffusion)
[2026-06-02 18:16:19,946][src.modRNN.training.alignment][INFO] - epoch 800  train loss=0.5798  (rule: diffusion)
[2026-06-02 18:16:21,436][src.modRNN.training.alignment][INFO] -   align BPTT @ epoch 801: cos {'ALIFCell_0.input_weights': '0.000', 'ALIFCell_0.recurrent_weights': '0.000', 'ReadOut_0.readout_weights': '0.000'}
[2026-06-02 18:16:21,992][src.modRNN.training.alignment][INFO] -   align eprop @ epoch 801: cos {'ALIFCell_0.input_weights': '0.920', 'ALIFCell_0.recurrent_weights': '0.648', 'ReadOut_0.readout_weights': '0.000'}
[2026-06-02 18:16:22,682][src.modRNN.training.alignment][INFO] -   align diffusion_aligned @ epoch 801: cos {'ALIFCell_0.input_weights': '1.139', 'ALIFCell_0.recurrent_weights': '0.903', 'ReadOut_0.readout_weights': '0.000'}
[2026-06-02 18:16:23,857][src.modRNN.training.alignment][INFO] -   align diffusion_per_step @ epoch 801: cos {'ALIFCell_0.input_weights': '1.066', 'ALIFCell_0.recurrent_weights': '0.921', 'ReadOut_0.readout_weights': '0.000'}
[2026-06-02 18:16:24,535][src.modRNN.training.alignment][INFO] -   align diffusion_fixed @ epoch 801: cos {'ALIFCell_0.input_weights': '0.950', 'ALIFCell_0.recurrent_weights': '1.054', 'ReadOut_0.readout_weights': '0.000'}
[2026-06-02 18:16:42,117][src.modRNN.training.alignment][INFO] - epoch 825  train loss=0.4963  (rule: diffusion)
[2026-06-02 18:17:00,452][src.modRNN.training.alignment][INFO] - epoch 850  train loss=0.3755  (rule: diffusion)
[2026-06-02 18:17:01,938][src.modRNN.training.alignment][INFO] -   align BPTT @ epoch 851: cos {'ALIFCell_0.input_weights': '0.000', 'ALIFCell_0.recurrent_weights': '0.000', 'ReadOut_0.readout_weights': '0.000'}
[2026-06-02 18:17:02,493][src.modRNN.training.alignment][INFO] -   align eprop @ epoch 851: cos {'ALIFCell_0.input_weights': '0.917', 'ALIFCell_0.recurrent_weights': '0.955', 'ReadOut_0.readout_weights': '0.000'}
[2026-06-02 18:17:03,185][src.modRNN.training.alignment][INFO] -   align diffusion_aligned @ epoch 851: cos {'ALIFCell_0.input_weights': '1.247', 'ALIFCell_0.recurrent_weights': '1.113', 'ReadOut_0.readout_weights': '0.000'}
[2026-06-02 18:17:04,363][src.modRNN.training.alignment][INFO] -   align diffusion_per_step @ epoch 851: cos {'ALIFCell_0.input_weights': '1.086', 'ALIFCell_0.recurrent_weights': '1.107', 'ReadOut_0.readout_weights': '0.000'}
[2026-06-02 18:17:05,040][src.modRNN.training.alignment][INFO] -   align diffusion_fixed @ epoch 851: cos {'ALIFCell_0.input_weights': '1.047', 'ALIFCell_0.recurrent_weights': '1.080', 'ReadOut_0.readout_weights': '0.000'}
[2026-06-02 18:17:22,645][src.modRNN.training.alignment][INFO] - epoch 875  train loss=0.2379  (rule: diffusion)
[2026-06-02 18:17:40,999][src.modRNN.training.alignment][INFO] - epoch 900  train loss=0.4845  (rule: diffusion)
[2026-06-02 18:17:42,487][src.modRNN.training.alignment][INFO] -   align BPTT @ epoch 901: cos {'ALIFCell_0.input_weights': '0.000', 'ALIFCell_0.recurrent_weights': '0.000', 'ReadOut_0.readout_weights': '0.000'}
[2026-06-02 18:17:43,043][src.modRNN.training.alignment][INFO] -   align eprop @ epoch 901: cos {'ALIFCell_0.input_weights': '1.136', 'ALIFCell_0.recurrent_weights': '0.943', 'ReadOut_0.readout_weights': '0.000'}
[2026-06-02 18:17:43,733][src.modRNN.training.alignment][INFO] -   align diffusion_aligned @ epoch 901: cos {'ALIFCell_0.input_weights': '1.317', 'ALIFCell_0.recurrent_weights': '1.127', 'ReadOut_0.readout_weights': '0.000'}
[2026-06-02 18:17:44,911][src.modRNN.training.alignment][INFO] -   align diffusion_per_step @ epoch 901: cos {'ALIFCell_0.input_weights': '1.327', 'ALIFCell_0.recurrent_weights': '1.100', 'ReadOut_0.readout_weights': '0.000'}
[2026-06-02 18:17:45,587][src.modRNN.training.alignment][INFO] -   align diffusion_fixed @ epoch 901: cos {'ALIFCell_0.input_weights': '1.219', 'ALIFCell_0.recurrent_weights': '1.163', 'ReadOut_0.readout_weights': '0.000'}
[2026-06-02 18:18:03,197][src.modRNN.training.alignment][INFO] - epoch 925  train loss=0.3541  (rule: diffusion)
[2026-06-02 18:18:21,524][src.modRNN.training.alignment][INFO] - epoch 950  train loss=0.4499  (rule: diffusion)
[2026-06-02 18:18:23,012][src.modRNN.training.alignment][INFO] -   align BPTT @ epoch 951: cos {'ALIFCell_0.input_weights': '0.000', 'ALIFCell_0.recurrent_weights': '0.000', 'ReadOut_0.readout_weights': '0.000'}
[2026-06-02 18:18:23,570][src.modRNN.training.alignment][INFO] -   align eprop @ epoch 951: cos {'ALIFCell_0.input_weights': '1.233', 'ALIFCell_0.recurrent_weights': '1.597', 'ReadOut_0.readout_weights': '0.000'}
[2026-06-02 18:18:24,263][src.modRNN.training.alignment][INFO] -   align diffusion_aligned @ epoch 951: cos {'ALIFCell_0.input_weights': '1.217', 'ALIFCell_0.recurrent_weights': '1.552', 'ReadOut_0.readout_weights': '0.000'}
[2026-06-02 18:18:25,442][src.modRNN.training.alignment][INFO] -   align diffusion_per_step @ epoch 951: cos {'ALIFCell_0.input_weights': '1.198', 'ALIFCell_0.recurrent_weights': '1.565', 'ReadOut_0.readout_weights': '0.000'}
[2026-06-02 18:18:26,122][src.modRNN.training.alignment][INFO] -   align diffusion_fixed @ epoch 951: cos {'ALIFCell_0.input_weights': '1.226', 'ALIFCell_0.recurrent_weights': '1.541', 'ReadOut_0.readout_weights': '0.000'}
[2026-06-02 18:18:43,728][src.modRNN.training.alignment][INFO] - epoch 975  train loss=0.3903  (rule: diffusion)
[2026-06-02 18:19:02,047][src.modRNN.training.alignment][INFO] - epoch 1000  train loss=0.4641  (rule: diffusion)
[2026-06-02 18:19:03,557][src.modRNN.training.alignment][INFO] -   align BPTT @ epoch 1001: cos {'ALIFCell_0.input_weights': '0.000', 'ALIFCell_0.recurrent_weights': '0.000', 'ReadOut_0.readout_weights': '0.000'}
[2026-06-02 18:19:04,114][src.modRNN.training.alignment][INFO] -   align eprop @ epoch 1001: cos {'ALIFCell_0.input_weights': '0.965', 'ALIFCell_0.recurrent_weights': '0.771', 'ReadOut_0.readout_weights': '0.000'}
[2026-06-02 18:19:04,802][src.modRNN.training.alignment][INFO] -   align diffusion_aligned @ epoch 1001: cos {'ALIFCell_0.input_weights': '0.912', 'ALIFCell_0.recurrent_weights': '0.728', 'ReadOut_0.readout_weights': '0.000'}
[2026-06-02 18:19:05,980][src.modRNN.training.alignment][INFO] -   align diffusion_per_step @ epoch 1001: cos {'ALIFCell_0.input_weights': '0.925', 'ALIFCell_0.recurrent_weights': '0.737', 'ReadOut_0.readout_weights': '0.000'}
[2026-06-02 18:19:06,657][src.modRNN.training.alignment][INFO] -   align diffusion_fixed @ epoch 1001: cos {'ALIFCell_0.input_weights': '0.928', 'ALIFCell_0.recurrent_weights': '0.778', 'ReadOut_0.readout_weights': '0.000'}
[2026-06-02 18:19:24,307][src.modRNN.training.alignment][INFO] - epoch 1025  train loss=1.0511  (rule: diffusion)
[2026-06-02 18:19:42,681][src.modRNN.training.alignment][INFO] - epoch 1050  train loss=0.7349  (rule: diffusion)
[2026-06-02 18:19:44,174][src.modRNN.training.alignment][INFO] -   align BPTT @ epoch 1051: cos {'ALIFCell_0.input_weights': '0.000', 'ALIFCell_0.recurrent_weights': '0.000', 'ReadOut_0.readout_weights': '0.000'}
[2026-06-02 18:19:44,732][src.modRNN.training.alignment][INFO] -   align eprop @ epoch 1051: cos {'ALIFCell_0.input_weights': '1.571', 'ALIFCell_0.recurrent_weights': '1.571', 'ReadOut_0.readout_weights': '0.000'}
[2026-06-02 18:19:45,422][src.modRNN.training.alignment][INFO] -   align diffusion_aligned @ epoch 1051: cos {'ALIFCell_0.input_weights': '1.575', 'ALIFCell_0.recurrent_weights': '1.579', 'ReadOut_0.readout_weights': '0.000'}
[2026-06-02 18:19:46,599][src.modRNN.training.alignment][INFO] -   align diffusion_per_step @ epoch 1051: cos {'ALIFCell_0.input_weights': '1.575', 'ALIFCell_0.recurrent_weights': '1.584', 'ReadOut_0.readout_weights': '0.000'}
[2026-06-02 18:19:47,278][src.modRNN.training.alignment][INFO] -   align diffusion_fixed @ epoch 1051: cos {'ALIFCell_0.input_weights': '1.570', 'ALIFCell_0.recurrent_weights': '1.603', 'ReadOut_0.readout_weights': '0.000'}
[2026-06-02 18:20:04,907][src.modRNN.training.alignment][INFO] - epoch 1075  train loss=0.6680  (rule: diffusion)
[2026-06-02 18:20:23,331][src.modRNN.training.alignment][INFO] - epoch 1100  train loss=0.6132  (rule: diffusion)
[2026-06-02 18:20:24,823][src.modRNN.training.alignment][INFO] -   align BPTT @ epoch 1101: cos {'ALIFCell_0.input_weights': '0.000', 'ALIFCell_0.recurrent_weights': '0.000', 'ReadOut_0.readout_weights': '0.000'}
[2026-06-02 18:20:25,379][src.modRNN.training.alignment][INFO] -   align eprop @ epoch 1101: cos {'ALIFCell_0.input_weights': '1.571', 'ALIFCell_0.recurrent_weights': '1.577', 'ReadOut_0.readout_weights': '0.000'}
[2026-06-02 18:20:26,069][src.modRNN.training.alignment][INFO] -   align diffusion_aligned @ epoch 1101: cos {'ALIFCell_0.input_weights': '1.568', 'ALIFCell_0.recurrent_weights': '1.561', 'ReadOut_0.readout_weights': '0.000'}
[2026-06-02 18:20:27,246][src.modRNN.training.alignment][INFO] -   align diffusion_per_step @ epoch 1101: cos {'ALIFCell_0.input_weights': '1.568', 'ALIFCell_0.recurrent_weights': '1.555', 'ReadOut_0.readout_weights': '0.000'}
[2026-06-02 18:20:27,928][src.modRNN.training.alignment][INFO] -   align diffusion_fixed @ epoch 1101: cos {'ALIFCell_0.input_weights': '1.565', 'ALIFCell_0.recurrent_weights': '1.529', 'ReadOut_0.readout_weights': '0.000'}
[2026-06-02 18:20:45,546][src.modRNN.training.alignment][INFO] - epoch 1125  train loss=0.5723  (rule: diffusion)
[2026-06-02 18:21:03,896][src.modRNN.training.alignment][INFO] - epoch 1150  train loss=0.5311  (rule: diffusion)
[2026-06-02 18:21:05,385][src.modRNN.training.alignment][INFO] -   align BPTT @ epoch 1151: cos {'ALIFCell_0.input_weights': '0.000', 'ALIFCell_0.recurrent_weights': '0.000', 'ReadOut_0.readout_weights': '0.000'}
[2026-06-02 18:21:05,943][src.modRNN.training.alignment][INFO] -   align eprop @ epoch 1151: cos {'ALIFCell_0.input_weights': '1.359', 'ALIFCell_0.recurrent_weights': '1.241', 'ReadOut_0.readout_weights': '0.000'}
[2026-06-02 18:21:06,633][src.modRNN.training.alignment][INFO] -   align diffusion_aligned @ epoch 1151: cos {'ALIFCell_0.input_weights': '1.379', 'ALIFCell_0.recurrent_weights': '1.278', 'ReadOut_0.readout_weights': '0.000'}
[2026-06-02 18:21:07,808][src.modRNN.training.alignment][INFO] -   align diffusion_per_step @ epoch 1151: cos {'ALIFCell_0.input_weights': '1.340', 'ALIFCell_0.recurrent_weights': '1.170', 'ReadOut_0.readout_weights': '0.000'}
[2026-06-02 18:21:08,489][src.modRNN.training.alignment][INFO] -   align diffusion_fixed @ epoch 1151: cos {'ALIFCell_0.input_weights': '1.307', 'ALIFCell_0.recurrent_weights': '1.150', 'ReadOut_0.readout_weights': '0.000'}
[2026-06-02 18:21:26,093][src.modRNN.training.alignment][INFO] - epoch 1175  train loss=0.4767  (rule: diffusion)
[2026-06-02 18:21:44,436][src.modRNN.training.alignment][INFO] - epoch 1200  train loss=0.4565  (rule: diffusion)
[2026-06-02 18:21:45,926][src.modRNN.training.alignment][INFO] -   align BPTT @ epoch 1201: cos {'ALIFCell_0.input_weights': '0.000', 'ALIFCell_0.recurrent_weights': '0.000', 'ReadOut_0.readout_weights': '0.000'}
[2026-06-02 18:21:46,483][src.modRNN.training.alignment][INFO] -   align eprop @ epoch 1201: cos {'ALIFCell_0.input_weights': '1.341', 'ALIFCell_0.recurrent_weights': '1.228', 'ReadOut_0.readout_weights': '0.000'}
[2026-06-02 18:21:47,173][src.modRNN.training.alignment][INFO] -   align diffusion_aligned @ epoch 1201: cos {'ALIFCell_0.input_weights': '1.378', 'ALIFCell_0.recurrent_weights': '1.188', 'ReadOut_0.readout_weights': '0.000'}
[2026-06-02 18:21:48,354][src.modRNN.training.alignment][INFO] -   align diffusion_per_step @ epoch 1201: cos {'ALIFCell_0.input_weights': '1.336', 'ALIFCell_0.recurrent_weights': '1.166', 'ReadOut_0.readout_weights': '0.000'}
[2026-06-02 18:21:49,029][src.modRNN.training.alignment][INFO] -   align diffusion_fixed @ epoch 1201: cos {'ALIFCell_0.input_weights': '1.330', 'ALIFCell_0.recurrent_weights': '1.194', 'ReadOut_0.readout_weights': '0.000'}
[2026-06-02 18:22:06,661][src.modRNN.training.alignment][INFO] - epoch 1225  train loss=0.4702  (rule: diffusion)
[2026-06-02 18:22:25,000][src.modRNN.training.alignment][INFO] - epoch 1250  train loss=0.5652  (rule: diffusion)
[2026-06-02 18:22:26,489][src.modRNN.training.alignment][INFO] -   align BPTT @ epoch 1251: cos {'ALIFCell_0.input_weights': '0.000', 'ALIFCell_0.recurrent_weights': '0.000', 'ReadOut_0.readout_weights': '0.000'}
[2026-06-02 18:22:27,046][src.modRNN.training.alignment][INFO] -   align eprop @ epoch 1251: cos {'ALIFCell_0.input_weights': '1.224', 'ALIFCell_0.recurrent_weights': '1.207', 'ReadOut_0.readout_weights': '0.000'}
[2026-06-02 18:22:27,738][src.modRNN.training.alignment][INFO] -   align diffusion_aligned @ epoch 1251: cos {'ALIFCell_0.input_weights': '1.331', 'ALIFCell_0.recurrent_weights': '1.256', 'ReadOut_0.readout_weights': '0.000'}
[2026-06-02 18:22:28,914][src.modRNN.training.alignment][INFO] -   align diffusion_per_step @ epoch 1251: cos {'ALIFCell_0.input_weights': '1.253', 'ALIFCell_0.recurrent_weights': '1.179', 'ReadOut_0.readout_weights': '0.000'}
[2026-06-02 18:22:29,593][src.modRNN.training.alignment][INFO] -   align diffusion_fixed @ epoch 1251: cos {'ALIFCell_0.input_weights': '1.182', 'ALIFCell_0.recurrent_weights': '1.172', 'ReadOut_0.readout_weights': '0.000'}
[2026-06-02 18:22:47,194][src.modRNN.training.alignment][INFO] - epoch 1275  train loss=0.3154  (rule: diffusion)
[2026-06-02 18:23:05,634][src.modRNN.training.alignment][INFO] - epoch 1300  train loss=0.5225  (rule: diffusion)
[2026-06-02 18:23:07,123][src.modRNN.training.alignment][INFO] -   align BPTT @ epoch 1301: cos {'ALIFCell_0.input_weights': '0.000', 'ALIFCell_0.recurrent_weights': '0.000', 'ReadOut_0.readout_weights': '0.000'}
[2026-06-02 18:23:07,680][src.modRNN.training.alignment][INFO] -   align eprop @ epoch 1301: cos {'ALIFCell_0.input_weights': '1.167', 'ALIFCell_0.recurrent_weights': '1.061', 'ReadOut_0.readout_weights': '0.000'}
[2026-06-02 18:23:08,369][src.modRNN.training.alignment][INFO] -   align diffusion_aligned @ epoch 1301: cos {'ALIFCell_0.input_weights': '1.176', 'ALIFCell_0.recurrent_weights': '1.027', 'ReadOut_0.readout_weights': '0.000'}
[2026-06-02 18:23:09,546][src.modRNN.training.alignment][INFO] -   align diffusion_per_step @ epoch 1301: cos {'ALIFCell_0.input_weights': '1.171', 'ALIFCell_0.recurrent_weights': '1.036', 'ReadOut_0.readout_weights': '0.000'}
[2026-06-02 18:23:10,223][src.modRNN.training.alignment][INFO] -   align diffusion_fixed @ epoch 1301: cos {'ALIFCell_0.input_weights': '1.145', 'ALIFCell_0.recurrent_weights': '1.061', 'ReadOut_0.readout_weights': '0.000'}
[2026-06-02 18:23:27,827][src.modRNN.training.alignment][INFO] - epoch 1325  train loss=0.5167  (rule: diffusion)
[2026-06-02 18:23:46,181][src.modRNN.training.alignment][INFO] - epoch 1350  train loss=0.5100  (rule: diffusion)
[2026-06-02 18:23:47,670][src.modRNN.training.alignment][INFO] -   align BPTT @ epoch 1351: cos {'ALIFCell_0.input_weights': '0.000', 'ALIFCell_0.recurrent_weights': '0.000', 'ReadOut_0.readout_weights': '0.000'}
[2026-06-02 18:23:48,228][src.modRNN.training.alignment][INFO] -   align eprop @ epoch 1351: cos {'ALIFCell_0.input_weights': '1.034', 'ALIFCell_0.recurrent_weights': '0.962', 'ReadOut_0.readout_weights': '0.000'}
[2026-06-02 18:23:48,922][src.modRNN.training.alignment][INFO] -   align diffusion_aligned @ epoch 1351: cos {'ALIFCell_0.input_weights': '1.064', 'ALIFCell_0.recurrent_weights': '1.269', 'ReadOut_0.readout_weights': '0.000'}
[2026-06-02 18:23:50,102][src.modRNN.training.alignment][INFO] -   align diffusion_per_step @ epoch 1351: cos {'ALIFCell_0.input_weights': '1.033', 'ALIFCell_0.recurrent_weights': '1.192', 'ReadOut_0.readout_weights': '0.000'}
[2026-06-02 18:23:50,787][src.modRNN.training.alignment][INFO] -   align diffusion_fixed @ epoch 1351: cos {'ALIFCell_0.input_weights': '0.999', 'ALIFCell_0.recurrent_weights': '1.228', 'ReadOut_0.readout_weights': '0.000'}
[2026-06-02 18:24:08,413][src.modRNN.training.alignment][INFO] - epoch 1375  train loss=0.5604  (rule: diffusion)
[2026-06-02 18:24:26,763][src.modRNN.training.alignment][INFO] - epoch 1400  train loss=0.6103  (rule: diffusion)
[2026-06-02 18:24:28,253][src.modRNN.training.alignment][INFO] -   align BPTT @ epoch 1401: cos {'ALIFCell_0.input_weights': '0.000', 'ALIFCell_0.recurrent_weights': '0.000', 'ReadOut_0.readout_weights': '0.000'}
[2026-06-02 18:24:28,814][src.modRNN.training.alignment][INFO] -   align eprop @ epoch 1401: cos {'ALIFCell_0.input_weights': '1.223', 'ALIFCell_0.recurrent_weights': '1.222', 'ReadOut_0.readout_weights': '0.000'}
[2026-06-02 18:24:29,504][src.modRNN.training.alignment][INFO] -   align diffusion_aligned @ epoch 1401: cos {'ALIFCell_0.input_weights': '1.343', 'ALIFCell_0.recurrent_weights': '1.388', 'ReadOut_0.readout_weights': '0.000'}
[2026-06-02 18:24:30,681][src.modRNN.training.alignment][INFO] -   align diffusion_per_step @ epoch 1401: cos {'ALIFCell_0.input_weights': '1.209', 'ALIFCell_0.recurrent_weights': '1.181', 'ReadOut_0.readout_weights': '0.000'}
[2026-06-02 18:24:31,357][src.modRNN.training.alignment][INFO] -   align diffusion_fixed @ epoch 1401: cos {'ALIFCell_0.input_weights': '1.209', 'ALIFCell_0.recurrent_weights': '1.164', 'ReadOut_0.readout_weights': '0.000'}
[2026-06-02 18:24:48,980][src.modRNN.training.alignment][INFO] - epoch 1425  train loss=0.5189  (rule: diffusion)
[2026-06-02 18:25:07,339][src.modRNN.training.alignment][INFO] - epoch 1450  train loss=0.6625  (rule: diffusion)
[2026-06-02 18:25:08,834][src.modRNN.training.alignment][INFO] -   align BPTT @ epoch 1451: cos {'ALIFCell_0.input_weights': '0.000', 'ALIFCell_0.recurrent_weights': '0.000', 'ReadOut_0.readout_weights': '0.000'}
[2026-06-02 18:25:09,393][src.modRNN.training.alignment][INFO] -   align eprop @ epoch 1451: cos {'ALIFCell_0.input_weights': '1.570', 'ALIFCell_0.recurrent_weights': '1.571', 'ReadOut_0.readout_weights': '0.000'}
[2026-06-02 18:25:10,085][src.modRNN.training.alignment][INFO] -   align diffusion_aligned @ epoch 1451: cos {'ALIFCell_0.input_weights': '1.571', 'ALIFCell_0.recurrent_weights': '1.574', 'ReadOut_0.readout_weights': '0.000'}
[2026-06-02 18:25:11,265][src.modRNN.training.alignment][INFO] -   align diffusion_per_step @ epoch 1451: cos {'ALIFCell_0.input_weights': '1.572', 'ALIFCell_0.recurrent_weights': '1.576', 'ReadOut_0.readout_weights': '0.000'}
[2026-06-02 18:25:11,944][src.modRNN.training.alignment][INFO] -   align diffusion_fixed @ epoch 1451: cos {'ALIFCell_0.input_weights': '1.573', 'ALIFCell_0.recurrent_weights': '1.576', 'ReadOut_0.readout_weights': '0.000'}
[2026-06-02 18:25:29,588][src.modRNN.training.alignment][INFO] - epoch 1475  train loss=0.4809  (rule: diffusion)
[2026-06-02 18:25:47,968][src.modRNN.training.alignment][INFO] - epoch 1500  train loss=0.4617  (rule: diffusion)
[2026-06-02 18:25:49,464][src.modRNN.training.alignment][INFO] -   align BPTT @ epoch 1501: cos {'ALIFCell_0.input_weights': '0.000', 'ALIFCell_0.recurrent_weights': '0.000', 'ReadOut_0.readout_weights': '0.000'}
[2026-06-02 18:25:50,027][src.modRNN.training.alignment][INFO] -   align eprop @ epoch 1501: cos {'ALIFCell_0.input_weights': '1.332', 'ALIFCell_0.recurrent_weights': '1.284', 'ReadOut_0.readout_weights': '0.000'}
[2026-06-02 18:25:50,717][src.modRNN.training.alignment][INFO] -   align diffusion_aligned @ epoch 1501: cos {'ALIFCell_0.input_weights': '1.376', 'ALIFCell_0.recurrent_weights': '1.294', 'ReadOut_0.readout_weights': '0.000'}
[2026-06-02 18:25:51,899][src.modRNN.training.alignment][INFO] -   align diffusion_per_step @ epoch 1501: cos {'ALIFCell_0.input_weights': '1.343', 'ALIFCell_0.recurrent_weights': '1.256', 'ReadOut_0.readout_weights': '0.000'}
[2026-06-02 18:25:52,576][src.modRNN.training.alignment][INFO] -   align diffusion_fixed @ epoch 1501: cos {'ALIFCell_0.input_weights': '1.285', 'ALIFCell_0.recurrent_weights': '1.209', 'ReadOut_0.readout_weights': '0.000'}
[2026-06-02 18:26:10,224][src.modRNN.training.alignment][INFO] - epoch 1525  train loss=0.4311  (rule: diffusion)
[2026-06-02 18:26:28,588][src.modRNN.training.alignment][INFO] - epoch 1550  train loss=0.6394  (rule: diffusion)
[2026-06-02 18:26:30,080][src.modRNN.training.alignment][INFO] -   align BPTT @ epoch 1551: cos {'ALIFCell_0.input_weights': '0.000', 'ALIFCell_0.recurrent_weights': '0.000', 'ReadOut_0.readout_weights': '0.000'}
[2026-06-02 18:26:30,636][src.modRNN.training.alignment][INFO] -   align eprop @ epoch 1551: cos {'ALIFCell_0.input_weights': '1.137', 'ALIFCell_0.recurrent_weights': '1.178', 'ReadOut_0.readout_weights': '0.000'}
[2026-06-02 18:26:31,326][src.modRNN.training.alignment][INFO] -   align diffusion_aligned @ epoch 1551: cos {'ALIFCell_0.input_weights': '1.206', 'ALIFCell_0.recurrent_weights': '1.361', 'ReadOut_0.readout_weights': '0.000'}
[2026-06-02 18:26:32,505][src.modRNN.training.alignment][INFO] -   align diffusion_per_step @ epoch 1551: cos {'ALIFCell_0.input_weights': '1.177', 'ALIFCell_0.recurrent_weights': '1.295', 'ReadOut_0.readout_weights': '0.000'}
[2026-06-02 18:26:33,185][src.modRNN.training.alignment][INFO] -   align diffusion_fixed @ epoch 1551: cos {'ALIFCell_0.input_weights': '1.125', 'ALIFCell_0.recurrent_weights': '1.221', 'ReadOut_0.readout_weights': '0.000'}
[2026-06-02 18:26:50,846][src.modRNN.training.alignment][INFO] - epoch 1575  train loss=0.4978  (rule: diffusion)
[2026-06-02 18:27:09,230][src.modRNN.training.alignment][INFO] - epoch 1600  train loss=0.3696  (rule: diffusion)
[2026-06-02 18:27:10,729][src.modRNN.training.alignment][INFO] -   align BPTT @ epoch 1601: cos {'ALIFCell_0.input_weights': '0.000', 'ALIFCell_0.recurrent_weights': '0.000', 'ReadOut_0.readout_weights': '0.000'}
[2026-06-02 18:27:11,290][src.modRNN.training.alignment][INFO] -   align eprop @ epoch 1601: cos {'ALIFCell_0.input_weights': '1.332', 'ALIFCell_0.recurrent_weights': '1.211', 'ReadOut_0.readout_weights': '0.000'}
[2026-06-02 18:27:11,980][src.modRNN.training.alignment][INFO] -   align diffusion_aligned @ epoch 1601: cos {'ALIFCell_0.input_weights': '1.439', 'ALIFCell_0.recurrent_weights': '1.427', 'ReadOut_0.readout_weights': '0.000'}
[2026-06-02 18:27:13,159][src.modRNN.training.alignment][INFO] -   align diffusion_per_step @ epoch 1601: cos {'ALIFCell_0.input_weights': '1.424', 'ALIFCell_0.recurrent_weights': '1.449', 'ReadOut_0.readout_weights': '0.000'}
[2026-06-02 18:27:13,840][src.modRNN.training.alignment][INFO] -   align diffusion_fixed @ epoch 1601: cos {'ALIFCell_0.input_weights': '1.330', 'ALIFCell_0.recurrent_weights': '1.228', 'ReadOut_0.readout_weights': '0.000'}
[2026-06-02 18:27:31,493][src.modRNN.training.alignment][INFO] - epoch 1625  train loss=0.4027  (rule: diffusion)
[2026-06-02 18:27:49,866][src.modRNN.training.alignment][INFO] - epoch 1650  train loss=0.4302  (rule: diffusion)
[2026-06-02 18:27:51,358][src.modRNN.training.alignment][INFO] -   align BPTT @ epoch 1651: cos {'ALIFCell_0.input_weights': '0.000', 'ALIFCell_0.recurrent_weights': '0.000', 'ReadOut_0.readout_weights': '0.000'}
[2026-06-02 18:27:51,917][src.modRNN.training.alignment][INFO] -   align eprop @ epoch 1651: cos {'ALIFCell_0.input_weights': '1.177', 'ALIFCell_0.recurrent_weights': '1.173', 'ReadOut_0.readout_weights': '0.000'}
[2026-06-02 18:27:52,608][src.modRNN.training.alignment][INFO] -   align diffusion_aligned @ epoch 1651: cos {'ALIFCell_0.input_weights': '1.212', 'ALIFCell_0.recurrent_weights': '1.271', 'ReadOut_0.readout_weights': '0.000'}
[2026-06-02 18:27:53,788][src.modRNN.training.alignment][INFO] -   align diffusion_per_step @ epoch 1651: cos {'ALIFCell_0.input_weights': '1.188', 'ALIFCell_0.recurrent_weights': '1.127', 'ReadOut_0.readout_weights': '0.000'}
[2026-06-02 18:27:54,470][src.modRNN.training.alignment][INFO] -   align diffusion_fixed @ epoch 1651: cos {'ALIFCell_0.input_weights': '1.161', 'ALIFCell_0.recurrent_weights': '1.171', 'ReadOut_0.readout_weights': '0.000'}
[2026-06-02 18:28:12,160][src.modRNN.training.alignment][INFO] - epoch 1675  train loss=0.5183  (rule: diffusion)
[2026-06-02 18:28:30,582][src.modRNN.training.alignment][INFO] - epoch 1700  train loss=0.4680  (rule: diffusion)
[2026-06-02 18:28:32,079][src.modRNN.training.alignment][INFO] -   align BPTT @ epoch 1701: cos {'ALIFCell_0.input_weights': '0.000', 'ALIFCell_0.recurrent_weights': '0.000', 'ReadOut_0.readout_weights': '0.000'}
[2026-06-02 18:28:32,637][src.modRNN.training.alignment][INFO] -   align eprop @ epoch 1701: cos {'ALIFCell_0.input_weights': '1.091', 'ALIFCell_0.recurrent_weights': '1.126', 'ReadOut_0.readout_weights': '0.000'}
[2026-06-02 18:28:33,328][src.modRNN.training.alignment][INFO] -   align diffusion_aligned @ epoch 1701: cos {'ALIFCell_0.input_weights': '1.140', 'ALIFCell_0.recurrent_weights': '1.200', 'ReadOut_0.readout_weights': '0.000'}
[2026-06-02 18:28:34,509][src.modRNN.training.alignment][INFO] -   align diffusion_per_step @ epoch 1701: cos {'ALIFCell_0.input_weights': '1.096', 'ALIFCell_0.recurrent_weights': '1.113', 'ReadOut_0.readout_weights': '0.000'}
[2026-06-02 18:28:35,189][src.modRNN.training.alignment][INFO] -   align diffusion_fixed @ epoch 1701: cos {'ALIFCell_0.input_weights': '1.051', 'ALIFCell_0.recurrent_weights': '1.137', 'ReadOut_0.readout_weights': '0.000'}
[2026-06-02 18:28:52,825][src.modRNN.training.alignment][INFO] - epoch 1725  train loss=0.5772  (rule: diffusion)
[2026-06-02 18:29:11,188][src.modRNN.training.alignment][INFO] - epoch 1750  train loss=0.5443  (rule: diffusion)
[2026-06-02 18:29:12,681][src.modRNN.training.alignment][INFO] -   align BPTT @ epoch 1751: cos {'ALIFCell_0.input_weights': '0.000', 'ALIFCell_0.recurrent_weights': '0.000', 'ReadOut_0.readout_weights': '0.000'}
[2026-06-02 18:29:13,239][src.modRNN.training.alignment][INFO] -   align eprop @ epoch 1751: cos {'ALIFCell_0.input_weights': '1.460', 'ALIFCell_0.recurrent_weights': '1.320', 'ReadOut_0.readout_weights': '0.000'}
[2026-06-02 18:29:13,933][src.modRNN.training.alignment][INFO] -   align diffusion_aligned @ epoch 1751: cos {'ALIFCell_0.input_weights': '1.512', 'ALIFCell_0.recurrent_weights': '1.410', 'ReadOut_0.readout_weights': '0.000'}
[2026-06-02 18:29:15,112][src.modRNN.training.alignment][INFO] -   align diffusion_per_step @ epoch 1751: cos {'ALIFCell_0.input_weights': '1.499', 'ALIFCell_0.recurrent_weights': '1.395', 'ReadOut_0.readout_weights': '0.000'}
[2026-06-02 18:29:15,792][src.modRNN.training.alignment][INFO] -   align diffusion_fixed @ epoch 1751: cos {'ALIFCell_0.input_weights': '1.475', 'ALIFCell_0.recurrent_weights': '1.395', 'ReadOut_0.readout_weights': '0.000'}
[2026-06-02 18:29:33,436][src.modRNN.training.alignment][INFO] - epoch 1775  train loss=0.4340  (rule: diffusion)
[2026-06-02 18:29:51,815][src.modRNN.training.alignment][INFO] - epoch 1800  train loss=0.4688  (rule: diffusion)
[2026-06-02 18:29:53,311][src.modRNN.training.alignment][INFO] -   align BPTT @ epoch 1801: cos {'ALIFCell_0.input_weights': '0.000', 'ALIFCell_0.recurrent_weights': '0.000', 'ReadOut_0.readout_weights': '0.000'}
[2026-06-02 18:29:53,869][src.modRNN.training.alignment][INFO] -   align eprop @ epoch 1801: cos {'ALIFCell_0.input_weights': '1.559', 'ALIFCell_0.recurrent_weights': '1.562', 'ReadOut_0.readout_weights': '0.000'}
[2026-06-02 18:29:54,564][src.modRNN.training.alignment][INFO] -   align diffusion_aligned @ epoch 1801: cos {'ALIFCell_0.input_weights': '1.559', 'ALIFCell_0.recurrent_weights': '1.558', 'ReadOut_0.readout_weights': '0.000'}
[2026-06-02 18:29:55,744][src.modRNN.training.alignment][INFO] -   align diffusion_per_step @ epoch 1801: cos {'ALIFCell_0.input_weights': '1.557', 'ALIFCell_0.recurrent_weights': '1.556', 'ReadOut_0.readout_weights': '0.000'}
[2026-06-02 18:29:56,424][src.modRNN.training.alignment][INFO] -   align diffusion_fixed @ epoch 1801: cos {'ALIFCell_0.input_weights': '1.556', 'ALIFCell_0.recurrent_weights': '1.555', 'ReadOut_0.readout_weights': '0.000'}
[2026-06-02 18:30:14,069][src.modRNN.training.alignment][INFO] - epoch 1825  train loss=0.3857  (rule: diffusion)
[2026-06-02 18:30:32,463][src.modRNN.training.alignment][INFO] - epoch 1850  train loss=0.4252  (rule: diffusion)
[2026-06-02 18:30:33,957][src.modRNN.training.alignment][INFO] -   align BPTT @ epoch 1851: cos {'ALIFCell_0.input_weights': '0.000', 'ALIFCell_0.recurrent_weights': '0.000', 'ReadOut_0.readout_weights': '0.000'}
[2026-06-02 18:30:34,516][src.modRNN.training.alignment][INFO] -   align eprop @ epoch 1851: cos {'ALIFCell_0.input_weights': '1.056', 'ALIFCell_0.recurrent_weights': '1.076', 'ReadOut_0.readout_weights': '0.000'}
[2026-06-02 18:30:35,207][src.modRNN.training.alignment][INFO] -   align diffusion_aligned @ epoch 1851: cos {'ALIFCell_0.input_weights': '1.094', 'ALIFCell_0.recurrent_weights': '1.137', 'ReadOut_0.readout_weights': '0.000'}
[2026-06-02 18:30:36,388][src.modRNN.training.alignment][INFO] -   align diffusion_per_step @ epoch 1851: cos {'ALIFCell_0.input_weights': '1.086', 'ALIFCell_0.recurrent_weights': '1.065', 'ReadOut_0.readout_weights': '0.000'}
[2026-06-02 18:30:37,070][src.modRNN.training.alignment][INFO] -   align diffusion_fixed @ epoch 1851: cos {'ALIFCell_0.input_weights': '1.043', 'ALIFCell_0.recurrent_weights': '1.079', 'ReadOut_0.readout_weights': '0.000'}
[2026-06-02 18:30:54,725][src.modRNN.training.alignment][INFO] - epoch 1875  train loss=0.4251  (rule: diffusion)
[2026-06-02 18:31:13,099][src.modRNN.training.alignment][INFO] - epoch 1900  train loss=0.3876  (rule: diffusion)
[2026-06-02 18:31:14,591][src.modRNN.training.alignment][INFO] -   align BPTT @ epoch 1901: cos {'ALIFCell_0.input_weights': '0.000', 'ALIFCell_0.recurrent_weights': '0.000', 'ReadOut_0.readout_weights': '0.000'}
[2026-06-02 18:31:15,149][src.modRNN.training.alignment][INFO] -   align eprop @ epoch 1901: cos {'ALIFCell_0.input_weights': '0.931', 'ALIFCell_0.recurrent_weights': '1.248', 'ReadOut_0.readout_weights': '0.000'}
[2026-06-02 18:31:15,839][src.modRNN.training.alignment][INFO] -   align diffusion_aligned @ epoch 1901: cos {'ALIFCell_0.input_weights': '1.588', 'ALIFCell_0.recurrent_weights': '1.292', 'ReadOut_0.readout_weights': '0.000'}
[2026-06-02 18:31:17,019][src.modRNN.training.alignment][INFO] -   align diffusion_per_step @ epoch 1901: cos {'ALIFCell_0.input_weights': '1.101', 'ALIFCell_0.recurrent_weights': '1.252', 'ReadOut_0.readout_weights': '0.000'}
[2026-06-02 18:31:17,696][src.modRNN.training.alignment][INFO] -   align diffusion_fixed @ epoch 1901: cos {'ALIFCell_0.input_weights': '1.240', 'ALIFCell_0.recurrent_weights': '1.168', 'ReadOut_0.readout_weights': '0.000'}
[2026-06-02 18:31:35,344][src.modRNN.training.alignment][INFO] - epoch 1925  train loss=0.4368  (rule: diffusion)
[2026-06-02 18:31:53,712][src.modRNN.training.alignment][INFO] - epoch 1950  train loss=0.3878  (rule: diffusion)
[2026-06-02 18:31:55,219][src.modRNN.training.alignment][INFO] -   align BPTT @ epoch 1951: cos {'ALIFCell_0.input_weights': 'nan', 'ALIFCell_0.recurrent_weights': 'nan', 'ReadOut_0.readout_weights': '0.000'}
[2026-06-02 18:31:55,777][src.modRNN.training.alignment][INFO] -   align eprop @ epoch 1951: cos {'ALIFCell_0.input_weights': '1.571', 'ALIFCell_0.recurrent_weights': '1.571', 'ReadOut_0.readout_weights': '0.000'}
[2026-06-02 18:31:56,468][src.modRNN.training.alignment][INFO] -   align diffusion_aligned @ epoch 1951: cos {'ALIFCell_0.input_weights': '1.571', 'ALIFCell_0.recurrent_weights': '1.571', 'ReadOut_0.readout_weights': '0.000'}
[2026-06-02 18:31:57,651][src.modRNN.training.alignment][INFO] -   align diffusion_per_step @ epoch 1951: cos {'ALIFCell_0.input_weights': '1.571', 'ALIFCell_0.recurrent_weights': '1.571', 'ReadOut_0.readout_weights': '0.000'}
[2026-06-02 18:31:58,331][src.modRNN.training.alignment][INFO] -   align diffusion_fixed @ epoch 1951: cos {'ALIFCell_0.input_weights': '1.571', 'ALIFCell_0.recurrent_weights': '1.571', 'ReadOut_0.readout_weights': '0.000'}
[2026-06-02 18:32:15,969][src.modRNN.training.alignment][INFO] - epoch 1975  train loss=0.3605  (rule: diffusion)
[2026-06-02 18:32:34,361][src.modRNN.training.alignment][INFO] - epoch 2000  train loss=0.4488  (rule: diffusion)
[2026-06-02 18:32:35,853][src.modRNN.training.alignment][INFO] -   align BPTT @ epoch 2001: cos {'ALIFCell_0.input_weights': '0.000', 'ALIFCell_0.recurrent_weights': '0.000', 'ReadOut_0.readout_weights': '0.000'}
[2026-06-02 18:32:36,411][src.modRNN.training.alignment][INFO] -   align eprop @ epoch 2001: cos {'ALIFCell_0.input_weights': '1.571', 'ALIFCell_0.recurrent_weights': '1.571', 'ReadOut_0.readout_weights': '0.000'}
[2026-06-02 18:32:37,103][src.modRNN.training.alignment][INFO] -   align diffusion_aligned @ epoch 2001: cos {'ALIFCell_0.input_weights': '1.570', 'ALIFCell_0.recurrent_weights': '1.569', 'ReadOut_0.readout_weights': '0.000'}
[2026-06-02 18:32:38,286][src.modRNN.training.alignment][INFO] -   align diffusion_per_step @ epoch 2001: cos {'ALIFCell_0.input_weights': '1.570', 'ALIFCell_0.recurrent_weights': '1.569', 'ReadOut_0.readout_weights': '0.000'}
[2026-06-02 18:32:38,964][src.modRNN.training.alignment][INFO] -   align diffusion_fixed @ epoch 2001: cos {'ALIFCell_0.input_weights': '1.567', 'ALIFCell_0.recurrent_weights': '1.570', 'ReadOut_0.readout_weights': '0.000'}
[2026-06-02 18:32:39,029][src.modRNN.training.alignment][INFO] - Alignment experiment finished. Output dir: /mnt/lustre/work/martius/mot736/neuromodRNN/outputs/delayed_match/delayed_match_align_nn_connectivity_diffusion_fixed/seed_13
