[2026-06-02 21:43:50,388][jax._src.xla_bridge][INFO] - Unable to initialize backend 'rocm': module 'jaxlib.xla_extension' has no attribute 'GpuAllocatorConfig'
[2026-06-02 21:43:50,395][jax._src.xla_bridge][INFO] - Unable to initialize backend 'tpu': INTERNAL: Failed to open libtpu.so: libtpu.so: cannot open shared object file: No such file or directory
[2026-06-02 21:43:59,323][src.modRNN.training.alignment][INFO] - Starting alignment experiment: training with diffusion, measuring alignment of ['BPTT', 'eprop', 'diffusion_aligned', 'diffusion_per_step', 'diffusion_fixed'] every 50 epochs.
[2026-06-02 21:44:04,937][src.modRNN.training.alignment][INFO] - epoch 1  train loss=0.6931  (rule: diffusion)
[2026-06-02 21:44:07,471][src.modRNN.training.alignment][INFO] -   align BPTT @ epoch 1: cos {'ALIFCell_0.input_weights': '0.000', 'ALIFCell_0.recurrent_weights': '0.000', 'ReadOut_0.readout_weights': '0.000'}
[2026-06-02 21:44:09,331][src.modRNN.training.alignment][INFO] -   align eprop @ epoch 1: cos {'ALIFCell_0.input_weights': '0.218', 'ALIFCell_0.recurrent_weights': '0.295', 'ReadOut_0.readout_weights': '0.000'}
[2026-06-02 21:44:11,503][src.modRNN.training.alignment][INFO] -   align diffusion_aligned @ epoch 1: cos {'ALIFCell_0.input_weights': '0.355', 'ALIFCell_0.recurrent_weights': '0.446', 'ReadOut_0.readout_weights': '0.000'}
[2026-06-02 21:44:16,081][src.modRNN.training.alignment][INFO] -   align diffusion_per_step @ epoch 1: cos {'ALIFCell_0.input_weights': '0.359', 'ALIFCell_0.recurrent_weights': '0.622', 'ReadOut_0.readout_weights': '0.000'}
[2026-06-02 21:44:18,383][src.modRNN.training.alignment][INFO] -   align diffusion_fixed @ epoch 1: cos {'ALIFCell_0.input_weights': '0.445', 'ALIFCell_0.recurrent_weights': '0.630', 'ReadOut_0.readout_weights': '0.000'}
[2026-06-02 21:44:49,090][src.modRNN.training.alignment][INFO] - epoch 25  train loss=0.6932  (rule: diffusion)
[2026-06-02 21:45:21,234][src.modRNN.training.alignment][INFO] - epoch 50  train loss=0.6933  (rule: diffusion)
[2026-06-02 21:45:23,899][src.modRNN.training.alignment][INFO] -   align BPTT @ epoch 51: cos {'ALIFCell_0.input_weights': '0.000', 'ALIFCell_0.recurrent_weights': '0.000', 'ReadOut_0.readout_weights': '0.000'}
[2026-06-02 21:45:24,876][src.modRNN.training.alignment][INFO] -   align eprop @ epoch 51: cos {'ALIFCell_0.input_weights': '0.408', 'ALIFCell_0.recurrent_weights': '0.637', 'ReadOut_0.readout_weights': '0.000'}
[2026-06-02 21:45:26,120][src.modRNN.training.alignment][INFO] -   align diffusion_aligned @ epoch 51: cos {'ALIFCell_0.input_weights': '0.522', 'ALIFCell_0.recurrent_weights': '0.724', 'ReadOut_0.readout_weights': '0.000'}
[2026-06-02 21:45:28,234][src.modRNN.training.alignment][INFO] -   align diffusion_per_step @ epoch 51: cos {'ALIFCell_0.input_weights': '0.478', 'ALIFCell_0.recurrent_weights': '0.691', 'ReadOut_0.readout_weights': '0.000'}
[2026-06-02 21:45:29,461][src.modRNN.training.alignment][INFO] -   align diffusion_fixed @ epoch 51: cos {'ALIFCell_0.input_weights': '0.573', 'ALIFCell_0.recurrent_weights': '0.877', 'ReadOut_0.readout_weights': '0.000'}
[2026-06-02 21:46:00,517][src.modRNN.training.alignment][INFO] - epoch 75  train loss=0.6923  (rule: diffusion)
[2026-06-02 21:46:33,031][src.modRNN.training.alignment][INFO] - epoch 100  train loss=0.6922  (rule: diffusion)
[2026-06-02 21:46:35,716][src.modRNN.training.alignment][INFO] -   align BPTT @ epoch 101: cos {'ALIFCell_0.input_weights': '0.000', 'ALIFCell_0.recurrent_weights': '0.000', 'ReadOut_0.readout_weights': '0.000'}
[2026-06-02 21:46:36,697][src.modRNN.training.alignment][INFO] -   align eprop @ epoch 101: cos {'ALIFCell_0.input_weights': '0.466', 'ALIFCell_0.recurrent_weights': '1.010', 'ReadOut_0.readout_weights': '0.000'}
[2026-06-02 21:46:37,949][src.modRNN.training.alignment][INFO] -   align diffusion_aligned @ epoch 101: cos {'ALIFCell_0.input_weights': '0.827', 'ALIFCell_0.recurrent_weights': '1.095', 'ReadOut_0.readout_weights': '0.000'}
[2026-06-02 21:46:40,076][src.modRNN.training.alignment][INFO] -   align diffusion_per_step @ epoch 101: cos {'ALIFCell_0.input_weights': '0.741', 'ALIFCell_0.recurrent_weights': '1.076', 'ReadOut_0.readout_weights': '0.000'}
[2026-06-02 21:46:41,313][src.modRNN.training.alignment][INFO] -   align diffusion_fixed @ epoch 101: cos {'ALIFCell_0.input_weights': '0.870', 'ALIFCell_0.recurrent_weights': '1.128', 'ReadOut_0.readout_weights': '0.000'}
[2026-06-02 21:47:12,620][src.modRNN.training.alignment][INFO] - epoch 125  train loss=0.6790  (rule: diffusion)
[2026-06-02 21:47:45,223][src.modRNN.training.alignment][INFO] - epoch 150  train loss=0.6724  (rule: diffusion)
[2026-06-02 21:47:47,923][src.modRNN.training.alignment][INFO] -   align BPTT @ epoch 151: cos {'ALIFCell_0.input_weights': '0.000', 'ALIFCell_0.recurrent_weights': '0.000', 'ReadOut_0.readout_weights': '0.000'}
[2026-06-02 21:47:48,910][src.modRNN.training.alignment][INFO] -   align eprop @ epoch 151: cos {'ALIFCell_0.input_weights': '0.570', 'ALIFCell_0.recurrent_weights': '0.738', 'ReadOut_0.readout_weights': '0.000'}
[2026-06-02 21:47:50,174][src.modRNN.training.alignment][INFO] -   align diffusion_aligned @ epoch 151: cos {'ALIFCell_0.input_weights': '0.706', 'ALIFCell_0.recurrent_weights': '0.766', 'ReadOut_0.readout_weights': '0.000'}
[2026-06-02 21:47:52,319][src.modRNN.training.alignment][INFO] -   align diffusion_per_step @ epoch 151: cos {'ALIFCell_0.input_weights': '0.694', 'ALIFCell_0.recurrent_weights': '0.777', 'ReadOut_0.readout_weights': '0.000'}
[2026-06-02 21:47:53,565][src.modRNN.training.alignment][INFO] -   align diffusion_fixed @ epoch 151: cos {'ALIFCell_0.input_weights': '0.852', 'ALIFCell_0.recurrent_weights': '0.744', 'ReadOut_0.readout_weights': '0.000'}
[2026-06-02 21:48:24,877][src.modRNN.training.alignment][INFO] - epoch 175  train loss=0.6590  (rule: diffusion)
[2026-06-02 21:48:57,576][src.modRNN.training.alignment][INFO] - epoch 200  train loss=0.6520  (rule: diffusion)
[2026-06-02 21:49:00,275][src.modRNN.training.alignment][INFO] -   align BPTT @ epoch 201: cos {'ALIFCell_0.input_weights': '0.000', 'ALIFCell_0.recurrent_weights': '0.000', 'ReadOut_0.readout_weights': '0.000'}
[2026-06-02 21:49:01,265][src.modRNN.training.alignment][INFO] -   align eprop @ epoch 201: cos {'ALIFCell_0.input_weights': '0.518', 'ALIFCell_0.recurrent_weights': '0.624', 'ReadOut_0.readout_weights': '0.000'}
[2026-06-02 21:49:02,542][src.modRNN.training.alignment][INFO] -   align diffusion_aligned @ epoch 201: cos {'ALIFCell_0.input_weights': '0.909', 'ALIFCell_0.recurrent_weights': '0.873', 'ReadOut_0.readout_weights': '0.000'}
[2026-06-02 21:49:04,685][src.modRNN.training.alignment][INFO] -   align diffusion_per_step @ epoch 201: cos {'ALIFCell_0.input_weights': '1.009', 'ALIFCell_0.recurrent_weights': '0.780', 'ReadOut_0.readout_weights': '0.000'}
[2026-06-02 21:49:05,937][src.modRNN.training.alignment][INFO] -   align diffusion_fixed @ epoch 201: cos {'ALIFCell_0.input_weights': '0.917', 'ALIFCell_0.recurrent_weights': '0.828', 'ReadOut_0.readout_weights': '0.000'}
[2026-06-02 21:49:37,345][src.modRNN.training.alignment][INFO] - epoch 225  train loss=0.6772  (rule: diffusion)
[2026-06-02 21:50:10,042][src.modRNN.training.alignment][INFO] - epoch 250  train loss=0.6590  (rule: diffusion)
[2026-06-02 21:50:12,749][src.modRNN.training.alignment][INFO] -   align BPTT @ epoch 251: cos {'ALIFCell_0.input_weights': '0.000', 'ALIFCell_0.recurrent_weights': '0.000', 'ReadOut_0.readout_weights': '0.000'}
[2026-06-02 21:50:13,745][src.modRNN.training.alignment][INFO] -   align eprop @ epoch 251: cos {'ALIFCell_0.input_weights': '0.823', 'ALIFCell_0.recurrent_weights': '0.797', 'ReadOut_0.readout_weights': '0.000'}
[2026-06-02 21:50:15,014][src.modRNN.training.alignment][INFO] -   align diffusion_aligned @ epoch 251: cos {'ALIFCell_0.input_weights': '0.958', 'ALIFCell_0.recurrent_weights': '0.902', 'ReadOut_0.readout_weights': '0.000'}
[2026-06-02 21:50:17,164][src.modRNN.training.alignment][INFO] -   align diffusion_per_step @ epoch 251: cos {'ALIFCell_0.input_weights': '0.890', 'ALIFCell_0.recurrent_weights': '0.865', 'ReadOut_0.readout_weights': '0.000'}
[2026-06-02 21:50:18,417][src.modRNN.training.alignment][INFO] -   align diffusion_fixed @ epoch 251: cos {'ALIFCell_0.input_weights': '1.001', 'ALIFCell_0.recurrent_weights': '0.881', 'ReadOut_0.readout_weights': '0.000'}
[2026-06-02 21:50:49,863][src.modRNN.training.alignment][INFO] - epoch 275  train loss=0.7028  (rule: diffusion)
[2026-06-02 21:51:22,666][src.modRNN.training.alignment][INFO] - epoch 300  train loss=0.6376  (rule: diffusion)
[2026-06-02 21:51:25,381][src.modRNN.training.alignment][INFO] -   align BPTT @ epoch 301: cos {'ALIFCell_0.input_weights': '0.000', 'ALIFCell_0.recurrent_weights': '0.000', 'ReadOut_0.readout_weights': '0.000'}
[2026-06-02 21:51:26,382][src.modRNN.training.alignment][INFO] -   align eprop @ epoch 301: cos {'ALIFCell_0.input_weights': '0.595', 'ALIFCell_0.recurrent_weights': '0.863', 'ReadOut_0.readout_weights': '0.001'}
[2026-06-02 21:51:27,655][src.modRNN.training.alignment][INFO] -   align diffusion_aligned @ epoch 301: cos {'ALIFCell_0.input_weights': '0.660', 'ALIFCell_0.recurrent_weights': '1.071', 'ReadOut_0.readout_weights': '0.001'}
[2026-06-02 21:51:29,808][src.modRNN.training.alignment][INFO] -   align diffusion_per_step @ epoch 301: cos {'ALIFCell_0.input_weights': '0.623', 'ALIFCell_0.recurrent_weights': '1.054', 'ReadOut_0.readout_weights': '0.001'}
[2026-06-02 21:51:31,072][src.modRNN.training.alignment][INFO] -   align diffusion_fixed @ epoch 301: cos {'ALIFCell_0.input_weights': '0.605', 'ALIFCell_0.recurrent_weights': '0.994', 'ReadOut_0.readout_weights': '0.001'}
[2026-06-02 21:52:02,637][src.modRNN.training.alignment][INFO] - epoch 325  train loss=0.5920  (rule: diffusion)
[2026-06-02 21:52:35,483][src.modRNN.training.alignment][INFO] - epoch 350  train loss=0.6308  (rule: diffusion)
[2026-06-02 21:52:38,201][src.modRNN.training.alignment][INFO] -   align BPTT @ epoch 351: cos {'ALIFCell_0.input_weights': '0.000', 'ALIFCell_0.recurrent_weights': '0.000', 'ReadOut_0.readout_weights': '0.000'}
[2026-06-02 21:52:39,202][src.modRNN.training.alignment][INFO] -   align eprop @ epoch 351: cos {'ALIFCell_0.input_weights': '0.441', 'ALIFCell_0.recurrent_weights': '0.717', 'ReadOut_0.readout_weights': '0.000'}
[2026-06-02 21:52:40,478][src.modRNN.training.alignment][INFO] -   align diffusion_aligned @ epoch 351: cos {'ALIFCell_0.input_weights': '0.520', 'ALIFCell_0.recurrent_weights': '0.750', 'ReadOut_0.readout_weights': '0.000'}
[2026-06-02 21:52:42,644][src.modRNN.training.alignment][INFO] -   align diffusion_per_step @ epoch 351: cos {'ALIFCell_0.input_weights': '0.556', 'ALIFCell_0.recurrent_weights': '0.759', 'ReadOut_0.readout_weights': '0.000'}
[2026-06-02 21:52:43,901][src.modRNN.training.alignment][INFO] -   align diffusion_fixed @ epoch 351: cos {'ALIFCell_0.input_weights': '0.568', 'ALIFCell_0.recurrent_weights': '0.763', 'ReadOut_0.readout_weights': '0.000'}
[2026-06-02 21:53:15,724][src.modRNN.training.alignment][INFO] - epoch 375  train loss=0.5542  (rule: diffusion)
[2026-06-02 21:53:48,829][src.modRNN.training.alignment][INFO] - epoch 400  train loss=0.6186  (rule: diffusion)
[2026-06-02 21:53:51,565][src.modRNN.training.alignment][INFO] -   align BPTT @ epoch 401: cos {'ALIFCell_0.input_weights': '0.000', 'ALIFCell_0.recurrent_weights': '0.000', 'ReadOut_0.readout_weights': '0.000'}
[2026-06-02 21:53:52,569][src.modRNN.training.alignment][INFO] -   align eprop @ epoch 401: cos {'ALIFCell_0.input_weights': '0.750', 'ALIFCell_0.recurrent_weights': '0.765', 'ReadOut_0.readout_weights': '0.000'}
[2026-06-02 21:53:53,857][src.modRNN.training.alignment][INFO] -   align diffusion_aligned @ epoch 401: cos {'ALIFCell_0.input_weights': '0.723', 'ALIFCell_0.recurrent_weights': '0.835', 'ReadOut_0.readout_weights': '0.000'}
[2026-06-02 21:53:56,030][src.modRNN.training.alignment][INFO] -   align diffusion_per_step @ epoch 401: cos {'ALIFCell_0.input_weights': '0.758', 'ALIFCell_0.recurrent_weights': '0.837', 'ReadOut_0.readout_weights': '0.000'}
[2026-06-02 21:53:57,296][src.modRNN.training.alignment][INFO] -   align diffusion_fixed @ epoch 401: cos {'ALIFCell_0.input_weights': '0.801', 'ALIFCell_0.recurrent_weights': '0.846', 'ReadOut_0.readout_weights': '0.000'}
[2026-06-02 21:54:29,070][src.modRNN.training.alignment][INFO] - epoch 425  train loss=0.5048  (rule: diffusion)
[2026-06-02 21:55:02,186][src.modRNN.training.alignment][INFO] - epoch 450  train loss=0.5276  (rule: diffusion)
[2026-06-02 21:55:04,914][src.modRNN.training.alignment][INFO] -   align BPTT @ epoch 451: cos {'ALIFCell_0.input_weights': '0.000', 'ALIFCell_0.recurrent_weights': '0.000', 'ReadOut_0.readout_weights': '0.000'}
[2026-06-02 21:55:05,916][src.modRNN.training.alignment][INFO] -   align eprop @ epoch 451: cos {'ALIFCell_0.input_weights': '0.465', 'ALIFCell_0.recurrent_weights': '0.817', 'ReadOut_0.readout_weights': '0.000'}
[2026-06-02 21:55:07,201][src.modRNN.training.alignment][INFO] -   align diffusion_aligned @ epoch 451: cos {'ALIFCell_0.input_weights': '0.530', 'ALIFCell_0.recurrent_weights': '0.759', 'ReadOut_0.readout_weights': '0.000'}
[2026-06-02 21:55:09,373][src.modRNN.training.alignment][INFO] -   align diffusion_per_step @ epoch 451: cos {'ALIFCell_0.input_weights': '0.469', 'ALIFCell_0.recurrent_weights': '0.681', 'ReadOut_0.readout_weights': '0.000'}
[2026-06-02 21:55:10,634][src.modRNN.training.alignment][INFO] -   align diffusion_fixed @ epoch 451: cos {'ALIFCell_0.input_weights': '0.564', 'ALIFCell_0.recurrent_weights': '0.779', 'ReadOut_0.readout_weights': '0.000'}
[2026-06-02 21:55:42,434][src.modRNN.training.alignment][INFO] - epoch 475  train loss=0.5660  (rule: diffusion)
[2026-06-02 21:56:15,544][src.modRNN.training.alignment][INFO] - epoch 500  train loss=0.5552  (rule: diffusion)
[2026-06-02 21:56:18,283][src.modRNN.training.alignment][INFO] -   align BPTT @ epoch 501: cos {'ALIFCell_0.input_weights': '0.000', 'ALIFCell_0.recurrent_weights': '0.000', 'ReadOut_0.readout_weights': '0.000'}
[2026-06-02 21:56:19,286][src.modRNN.training.alignment][INFO] -   align eprop @ epoch 501: cos {'ALIFCell_0.input_weights': '0.711', 'ALIFCell_0.recurrent_weights': '0.892', 'ReadOut_0.readout_weights': '0.000'}
[2026-06-02 21:56:20,572][src.modRNN.training.alignment][INFO] -   align diffusion_aligned @ epoch 501: cos {'ALIFCell_0.input_weights': '0.788', 'ALIFCell_0.recurrent_weights': '0.778', 'ReadOut_0.readout_weights': '0.000'}
[2026-06-02 21:56:22,745][src.modRNN.training.alignment][INFO] -   align diffusion_per_step @ epoch 501: cos {'ALIFCell_0.input_weights': '0.784', 'ALIFCell_0.recurrent_weights': '0.749', 'ReadOut_0.readout_weights': '0.000'}
[2026-06-02 21:56:24,008][src.modRNN.training.alignment][INFO] -   align diffusion_fixed @ epoch 501: cos {'ALIFCell_0.input_weights': '0.760', 'ALIFCell_0.recurrent_weights': '0.739', 'ReadOut_0.readout_weights': '0.000'}
[2026-06-02 21:56:55,829][src.modRNN.training.alignment][INFO] - epoch 525  train loss=0.5660  (rule: diffusion)
[2026-06-02 21:57:28,975][src.modRNN.training.alignment][INFO] - epoch 550  train loss=0.5368  (rule: diffusion)
[2026-06-02 21:57:31,709][src.modRNN.training.alignment][INFO] -   align BPTT @ epoch 551: cos {'ALIFCell_0.input_weights': '0.000', 'ALIFCell_0.recurrent_weights': '0.000', 'ReadOut_0.readout_weights': '0.000'}
[2026-06-02 21:57:32,713][src.modRNN.training.alignment][INFO] -   align eprop @ epoch 551: cos {'ALIFCell_0.input_weights': '0.723', 'ALIFCell_0.recurrent_weights': '0.909', 'ReadOut_0.readout_weights': '0.000'}
[2026-06-02 21:57:34,015][src.modRNN.training.alignment][INFO] -   align diffusion_aligned @ epoch 551: cos {'ALIFCell_0.input_weights': '0.690', 'ALIFCell_0.recurrent_weights': '0.883', 'ReadOut_0.readout_weights': '0.000'}
[2026-06-02 21:57:36,186][src.modRNN.training.alignment][INFO] -   align diffusion_per_step @ epoch 551: cos {'ALIFCell_0.input_weights': '0.701', 'ALIFCell_0.recurrent_weights': '0.883', 'ReadOut_0.readout_weights': '0.000'}
[2026-06-02 21:57:37,456][src.modRNN.training.alignment][INFO] -   align diffusion_fixed @ epoch 551: cos {'ALIFCell_0.input_weights': '0.764', 'ALIFCell_0.recurrent_weights': '0.913', 'ReadOut_0.readout_weights': '0.000'}
[2026-06-02 21:58:09,231][src.modRNN.training.alignment][INFO] - epoch 575  train loss=0.5284  (rule: diffusion)
[2026-06-02 21:58:42,319][src.modRNN.training.alignment][INFO] - epoch 600  train loss=0.5005  (rule: diffusion)
[2026-06-02 21:58:45,044][src.modRNN.training.alignment][INFO] -   align BPTT @ epoch 601: cos {'ALIFCell_0.input_weights': '0.000', 'ALIFCell_0.recurrent_weights': '0.000', 'ReadOut_0.readout_weights': '0.000'}
[2026-06-02 21:58:46,051][src.modRNN.training.alignment][INFO] -   align eprop @ epoch 601: cos {'ALIFCell_0.input_weights': '0.763', 'ALIFCell_0.recurrent_weights': '0.794', 'ReadOut_0.readout_weights': '0.000'}
[2026-06-02 21:58:47,334][src.modRNN.training.alignment][INFO] -   align diffusion_aligned @ epoch 601: cos {'ALIFCell_0.input_weights': '0.866', 'ALIFCell_0.recurrent_weights': '0.904', 'ReadOut_0.readout_weights': '0.000'}
[2026-06-02 21:58:49,502][src.modRNN.training.alignment][INFO] -   align diffusion_per_step @ epoch 601: cos {'ALIFCell_0.input_weights': '0.783', 'ALIFCell_0.recurrent_weights': '0.856', 'ReadOut_0.readout_weights': '0.000'}
[2026-06-02 21:58:50,765][src.modRNN.training.alignment][INFO] -   align diffusion_fixed @ epoch 601: cos {'ALIFCell_0.input_weights': '0.822', 'ALIFCell_0.recurrent_weights': '0.882', 'ReadOut_0.readout_weights': '0.000'}
[2026-06-02 21:59:22,441][src.modRNN.training.alignment][INFO] - epoch 625  train loss=0.5491  (rule: diffusion)
[2026-06-02 21:59:55,413][src.modRNN.training.alignment][INFO] - epoch 650  train loss=0.4610  (rule: diffusion)
[2026-06-02 21:59:58,139][src.modRNN.training.alignment][INFO] -   align BPTT @ epoch 651: cos {'ALIFCell_0.input_weights': '0.000', 'ALIFCell_0.recurrent_weights': '0.000', 'ReadOut_0.readout_weights': '0.000'}
[2026-06-02 21:59:59,142][src.modRNN.training.alignment][INFO] -   align eprop @ epoch 651: cos {'ALIFCell_0.input_weights': '0.761', 'ALIFCell_0.recurrent_weights': '0.918', 'ReadOut_0.readout_weights': '0.000'}
[2026-06-02 22:00:00,421][src.modRNN.training.alignment][INFO] -   align diffusion_aligned @ epoch 651: cos {'ALIFCell_0.input_weights': '0.805', 'ALIFCell_0.recurrent_weights': '0.931', 'ReadOut_0.readout_weights': '0.000'}
[2026-06-02 22:00:02,590][src.modRNN.training.alignment][INFO] -   align diffusion_per_step @ epoch 651: cos {'ALIFCell_0.input_weights': '0.781', 'ALIFCell_0.recurrent_weights': '0.929', 'ReadOut_0.readout_weights': '0.000'}
[2026-06-02 22:00:03,852][src.modRNN.training.alignment][INFO] -   align diffusion_fixed @ epoch 651: cos {'ALIFCell_0.input_weights': '0.810', 'ALIFCell_0.recurrent_weights': '0.958', 'ReadOut_0.readout_weights': '0.000'}
[2026-06-02 22:00:35,495][src.modRNN.training.alignment][INFO] - epoch 675  train loss=0.5280  (rule: diffusion)
[2026-06-02 22:01:08,404][src.modRNN.training.alignment][INFO] - epoch 700  train loss=0.4709  (rule: diffusion)
[2026-06-02 22:01:11,128][src.modRNN.training.alignment][INFO] -   align BPTT @ epoch 701: cos {'ALIFCell_0.input_weights': '0.000', 'ALIFCell_0.recurrent_weights': '0.000', 'ReadOut_0.readout_weights': '0.000'}
[2026-06-02 22:01:12,131][src.modRNN.training.alignment][INFO] -   align eprop @ epoch 701: cos {'ALIFCell_0.input_weights': '0.787', 'ALIFCell_0.recurrent_weights': '0.844', 'ReadOut_0.readout_weights': '0.000'}
[2026-06-02 22:01:13,407][src.modRNN.training.alignment][INFO] -   align diffusion_aligned @ epoch 701: cos {'ALIFCell_0.input_weights': '0.909', 'ALIFCell_0.recurrent_weights': '0.845', 'ReadOut_0.readout_weights': '0.000'}
[2026-06-02 22:01:15,569][src.modRNN.training.alignment][INFO] -   align diffusion_per_step @ epoch 701: cos {'ALIFCell_0.input_weights': '0.842', 'ALIFCell_0.recurrent_weights': '0.804', 'ReadOut_0.readout_weights': '0.000'}
[2026-06-02 22:01:16,830][src.modRNN.training.alignment][INFO] -   align diffusion_fixed @ epoch 701: cos {'ALIFCell_0.input_weights': '0.832', 'ALIFCell_0.recurrent_weights': '0.848', 'ReadOut_0.readout_weights': '0.000'}
[2026-06-02 22:01:48,420][src.modRNN.training.alignment][INFO] - epoch 725  train loss=0.4539  (rule: diffusion)
[2026-06-02 22:02:21,327][src.modRNN.training.alignment][INFO] - epoch 750  train loss=0.5516  (rule: diffusion)
[2026-06-02 22:02:24,049][src.modRNN.training.alignment][INFO] -   align BPTT @ epoch 751: cos {'ALIFCell_0.input_weights': '0.000', 'ALIFCell_0.recurrent_weights': '0.000', 'ReadOut_0.readout_weights': '0.000'}
[2026-06-02 22:02:25,052][src.modRNN.training.alignment][INFO] -   align eprop @ epoch 751: cos {'ALIFCell_0.input_weights': '0.503', 'ALIFCell_0.recurrent_weights': '1.048', 'ReadOut_0.readout_weights': '0.000'}
[2026-06-02 22:02:26,330][src.modRNN.training.alignment][INFO] -   align diffusion_aligned @ epoch 751: cos {'ALIFCell_0.input_weights': '0.756', 'ALIFCell_0.recurrent_weights': '1.146', 'ReadOut_0.readout_weights': '0.000'}
[2026-06-02 22:02:28,496][src.modRNN.training.alignment][INFO] -   align diffusion_per_step @ epoch 751: cos {'ALIFCell_0.input_weights': '0.689', 'ALIFCell_0.recurrent_weights': '1.076', 'ReadOut_0.readout_weights': '0.000'}
[2026-06-02 22:02:29,758][src.modRNN.training.alignment][INFO] -   align diffusion_fixed @ epoch 751: cos {'ALIFCell_0.input_weights': '0.809', 'ALIFCell_0.recurrent_weights': '1.102', 'ReadOut_0.readout_weights': '0.000'}
[2026-06-02 22:03:01,407][src.modRNN.training.alignment][INFO] - epoch 775  train loss=0.4888  (rule: diffusion)
[2026-06-02 22:03:34,527][src.modRNN.training.alignment][INFO] - epoch 800  train loss=0.4954  (rule: diffusion)
[2026-06-02 22:03:37,252][src.modRNN.training.alignment][INFO] -   align BPTT @ epoch 801: cos {'ALIFCell_0.input_weights': '0.000', 'ALIFCell_0.recurrent_weights': '0.000', 'ReadOut_0.readout_weights': '0.000'}
[2026-06-02 22:03:38,252][src.modRNN.training.alignment][INFO] -   align eprop @ epoch 801: cos {'ALIFCell_0.input_weights': '0.783', 'ALIFCell_0.recurrent_weights': '0.771', 'ReadOut_0.readout_weights': '0.000'}
[2026-06-02 22:03:39,529][src.modRNN.training.alignment][INFO] -   align diffusion_aligned @ epoch 801: cos {'ALIFCell_0.input_weights': '0.827', 'ALIFCell_0.recurrent_weights': '0.765', 'ReadOut_0.readout_weights': '0.000'}
[2026-06-02 22:03:41,696][src.modRNN.training.alignment][INFO] -   align diffusion_per_step @ epoch 801: cos {'ALIFCell_0.input_weights': '0.811', 'ALIFCell_0.recurrent_weights': '0.748', 'ReadOut_0.readout_weights': '0.000'}
[2026-06-02 22:03:42,958][src.modRNN.training.alignment][INFO] -   align diffusion_fixed @ epoch 801: cos {'ALIFCell_0.input_weights': '0.877', 'ALIFCell_0.recurrent_weights': '0.748', 'ReadOut_0.readout_weights': '0.000'}
[2026-06-02 22:04:14,569][src.modRNN.training.alignment][INFO] - epoch 825  train loss=0.5049  (rule: diffusion)
[2026-06-02 22:04:47,510][src.modRNN.training.alignment][INFO] - epoch 850  train loss=0.4476  (rule: diffusion)
[2026-06-02 22:04:50,238][src.modRNN.training.alignment][INFO] -   align BPTT @ epoch 851: cos {'ALIFCell_0.input_weights': '0.000', 'ALIFCell_0.recurrent_weights': '0.000', 'ReadOut_0.readout_weights': '0.000'}
[2026-06-02 22:04:51,238][src.modRNN.training.alignment][INFO] -   align eprop @ epoch 851: cos {'ALIFCell_0.input_weights': '0.828', 'ALIFCell_0.recurrent_weights': '0.704', 'ReadOut_0.readout_weights': '0.000'}
[2026-06-02 22:04:52,518][src.modRNN.training.alignment][INFO] -   align diffusion_aligned @ epoch 851: cos {'ALIFCell_0.input_weights': '1.045', 'ALIFCell_0.recurrent_weights': '1.117', 'ReadOut_0.readout_weights': '0.000'}
[2026-06-02 22:04:54,681][src.modRNN.training.alignment][INFO] -   align diffusion_per_step @ epoch 851: cos {'ALIFCell_0.input_weights': '0.883', 'ALIFCell_0.recurrent_weights': '0.958', 'ReadOut_0.readout_weights': '0.000'}
[2026-06-02 22:04:55,943][src.modRNN.training.alignment][INFO] -   align diffusion_fixed @ epoch 851: cos {'ALIFCell_0.input_weights': '1.103', 'ALIFCell_0.recurrent_weights': '1.190', 'ReadOut_0.readout_weights': '0.000'}
[2026-06-02 22:05:27,560][src.modRNN.training.alignment][INFO] - epoch 875  train loss=0.5541  (rule: diffusion)
[2026-06-02 22:06:00,483][src.modRNN.training.alignment][INFO] - epoch 900  train loss=0.4079  (rule: diffusion)
[2026-06-02 22:06:03,275][src.modRNN.training.alignment][INFO] -   align BPTT @ epoch 901: cos {'ALIFCell_0.input_weights': '0.000', 'ALIFCell_0.recurrent_weights': '0.000', 'ReadOut_0.readout_weights': '0.000'}
[2026-06-02 22:06:04,279][src.modRNN.training.alignment][INFO] -   align eprop @ epoch 901: cos {'ALIFCell_0.input_weights': '0.544', 'ALIFCell_0.recurrent_weights': '0.734', 'ReadOut_0.readout_weights': '0.000'}
[2026-06-02 22:06:05,554][src.modRNN.training.alignment][INFO] -   align diffusion_aligned @ epoch 901: cos {'ALIFCell_0.input_weights': '0.639', 'ALIFCell_0.recurrent_weights': '0.821', 'ReadOut_0.readout_weights': '0.000'}
[2026-06-02 22:06:07,714][src.modRNN.training.alignment][INFO] -   align diffusion_per_step @ epoch 901: cos {'ALIFCell_0.input_weights': '0.632', 'ALIFCell_0.recurrent_weights': '0.827', 'ReadOut_0.readout_weights': '0.000'}
[2026-06-02 22:06:08,972][src.modRNN.training.alignment][INFO] -   align diffusion_fixed @ epoch 901: cos {'ALIFCell_0.input_weights': '0.643', 'ALIFCell_0.recurrent_weights': '0.856', 'ReadOut_0.readout_weights': '0.000'}
[2026-06-02 22:06:40,621][src.modRNN.training.alignment][INFO] - epoch 925  train loss=0.4505  (rule: diffusion)
[2026-06-02 22:07:13,722][src.modRNN.training.alignment][INFO] - epoch 950  train loss=0.2930  (rule: diffusion)
[2026-06-02 22:07:16,445][src.modRNN.training.alignment][INFO] -   align BPTT @ epoch 951: cos {'ALIFCell_0.input_weights': '0.000', 'ALIFCell_0.recurrent_weights': '0.000', 'ReadOut_0.readout_weights': '0.000'}
[2026-06-02 22:07:17,447][src.modRNN.training.alignment][INFO] -   align eprop @ epoch 951: cos {'ALIFCell_0.input_weights': '0.898', 'ALIFCell_0.recurrent_weights': '0.915', 'ReadOut_0.readout_weights': '0.000'}
[2026-06-02 22:07:18,726][src.modRNN.training.alignment][INFO] -   align diffusion_aligned @ epoch 951: cos {'ALIFCell_0.input_weights': '0.784', 'ALIFCell_0.recurrent_weights': '1.063', 'ReadOut_0.readout_weights': '0.000'}
[2026-06-02 22:07:20,887][src.modRNN.training.alignment][INFO] -   align diffusion_per_step @ epoch 951: cos {'ALIFCell_0.input_weights': '0.777', 'ALIFCell_0.recurrent_weights': '1.045', 'ReadOut_0.readout_weights': '0.000'}
[2026-06-02 22:07:22,148][src.modRNN.training.alignment][INFO] -   align diffusion_fixed @ epoch 951: cos {'ALIFCell_0.input_weights': '0.824', 'ALIFCell_0.recurrent_weights': '1.020', 'ReadOut_0.readout_weights': '0.000'}
[2026-06-02 22:07:53,796][src.modRNN.training.alignment][INFO] - epoch 975  train loss=0.4196  (rule: diffusion)
[2026-06-02 22:08:26,815][src.modRNN.training.alignment][INFO] - epoch 1000  train loss=0.3420  (rule: diffusion)
[2026-06-02 22:08:29,548][src.modRNN.training.alignment][INFO] -   align BPTT @ epoch 1001: cos {'ALIFCell_0.input_weights': '0.000', 'ALIFCell_0.recurrent_weights': '0.000', 'ReadOut_0.readout_weights': '0.000'}
[2026-06-02 22:08:30,547][src.modRNN.training.alignment][INFO] -   align eprop @ epoch 1001: cos {'ALIFCell_0.input_weights': '0.610', 'ALIFCell_0.recurrent_weights': '0.799', 'ReadOut_0.readout_weights': '0.000'}
[2026-06-02 22:08:31,829][src.modRNN.training.alignment][INFO] -   align diffusion_aligned @ epoch 1001: cos {'ALIFCell_0.input_weights': '0.751', 'ALIFCell_0.recurrent_weights': '0.956', 'ReadOut_0.readout_weights': '0.000'}
[2026-06-02 22:08:33,996][src.modRNN.training.alignment][INFO] -   align diffusion_per_step @ epoch 1001: cos {'ALIFCell_0.input_weights': '0.682', 'ALIFCell_0.recurrent_weights': '0.847', 'ReadOut_0.readout_weights': '0.000'}
[2026-06-02 22:08:35,257][src.modRNN.training.alignment][INFO] -   align diffusion_fixed @ epoch 1001: cos {'ALIFCell_0.input_weights': '0.687', 'ALIFCell_0.recurrent_weights': '0.823', 'ReadOut_0.readout_weights': '0.000'}
[2026-06-02 22:09:06,952][src.modRNN.training.alignment][INFO] - epoch 1025  train loss=0.3642  (rule: diffusion)
[2026-06-02 22:09:40,010][src.modRNN.training.alignment][INFO] - epoch 1050  train loss=0.4283  (rule: diffusion)
[2026-06-02 22:09:42,750][src.modRNN.training.alignment][INFO] -   align BPTT @ epoch 1051: cos {'ALIFCell_0.input_weights': '0.000', 'ALIFCell_0.recurrent_weights': '0.000', 'ReadOut_0.readout_weights': '0.000'}
[2026-06-02 22:09:43,758][src.modRNN.training.alignment][INFO] -   align eprop @ epoch 1051: cos {'ALIFCell_0.input_weights': '0.784', 'ALIFCell_0.recurrent_weights': '0.888', 'ReadOut_0.readout_weights': '0.000'}
[2026-06-02 22:09:45,041][src.modRNN.training.alignment][INFO] -   align diffusion_aligned @ epoch 1051: cos {'ALIFCell_0.input_weights': '0.943', 'ALIFCell_0.recurrent_weights': '0.960', 'ReadOut_0.readout_weights': '0.000'}
[2026-06-02 22:09:47,215][src.modRNN.training.alignment][INFO] -   align diffusion_per_step @ epoch 1051: cos {'ALIFCell_0.input_weights': '0.831', 'ALIFCell_0.recurrent_weights': '0.909', 'ReadOut_0.readout_weights': '0.000'}
[2026-06-02 22:09:48,479][src.modRNN.training.alignment][INFO] -   align diffusion_fixed @ epoch 1051: cos {'ALIFCell_0.input_weights': '0.824', 'ALIFCell_0.recurrent_weights': '0.920', 'ReadOut_0.readout_weights': '0.000'}
[2026-06-02 22:10:20,197][src.modRNN.training.alignment][INFO] - epoch 1075  train loss=0.3615  (rule: diffusion)
[2026-06-02 22:10:53,244][src.modRNN.training.alignment][INFO] - epoch 1100  train loss=0.3254  (rule: diffusion)
[2026-06-02 22:10:55,976][src.modRNN.training.alignment][INFO] -   align BPTT @ epoch 1101: cos {'ALIFCell_0.input_weights': '0.000', 'ALIFCell_0.recurrent_weights': '0.000', 'ReadOut_0.readout_weights': '0.000'}
[2026-06-02 22:10:56,984][src.modRNN.training.alignment][INFO] -   align eprop @ epoch 1101: cos {'ALIFCell_0.input_weights': '0.931', 'ALIFCell_0.recurrent_weights': '0.682', 'ReadOut_0.readout_weights': '0.000'}
[2026-06-02 22:10:58,266][src.modRNN.training.alignment][INFO] -   align diffusion_aligned @ epoch 1101: cos {'ALIFCell_0.input_weights': '1.036', 'ALIFCell_0.recurrent_weights': '0.974', 'ReadOut_0.readout_weights': '0.000'}
[2026-06-02 22:11:00,440][src.modRNN.training.alignment][INFO] -   align diffusion_per_step @ epoch 1101: cos {'ALIFCell_0.input_weights': '1.051', 'ALIFCell_0.recurrent_weights': '0.947', 'ReadOut_0.readout_weights': '0.000'}
[2026-06-02 22:11:01,702][src.modRNN.training.alignment][INFO] -   align diffusion_fixed @ epoch 1101: cos {'ALIFCell_0.input_weights': '1.066', 'ALIFCell_0.recurrent_weights': '0.841', 'ReadOut_0.readout_weights': '0.000'}
[2026-06-02 22:11:33,490][src.modRNN.training.alignment][INFO] - epoch 1125  train loss=0.3462  (rule: diffusion)
[2026-06-02 22:12:06,525][src.modRNN.training.alignment][INFO] - epoch 1150  train loss=0.4941  (rule: diffusion)
[2026-06-02 22:12:09,252][src.modRNN.training.alignment][INFO] -   align BPTT @ epoch 1151: cos {'ALIFCell_0.input_weights': '0.000', 'ALIFCell_0.recurrent_weights': '0.000', 'ReadOut_0.readout_weights': '0.000'}
[2026-06-02 22:12:10,253][src.modRNN.training.alignment][INFO] -   align eprop @ epoch 1151: cos {'ALIFCell_0.input_weights': '0.608', 'ALIFCell_0.recurrent_weights': '0.705', 'ReadOut_0.readout_weights': '0.000'}
[2026-06-02 22:12:11,532][src.modRNN.training.alignment][INFO] -   align diffusion_aligned @ epoch 1151: cos {'ALIFCell_0.input_weights': '0.693', 'ALIFCell_0.recurrent_weights': '0.944', 'ReadOut_0.readout_weights': '0.000'}
[2026-06-02 22:12:13,707][src.modRNN.training.alignment][INFO] -   align diffusion_per_step @ epoch 1151: cos {'ALIFCell_0.input_weights': '0.692', 'ALIFCell_0.recurrent_weights': '0.871', 'ReadOut_0.readout_weights': '0.000'}
[2026-06-02 22:12:14,969][src.modRNN.training.alignment][INFO] -   align diffusion_fixed @ epoch 1151: cos {'ALIFCell_0.input_weights': '0.702', 'ALIFCell_0.recurrent_weights': '0.854', 'ReadOut_0.readout_weights': '0.000'}
[2026-06-02 22:12:46,625][src.modRNN.training.alignment][INFO] - epoch 1175  train loss=0.3607  (rule: diffusion)
[2026-06-02 22:13:19,571][src.modRNN.training.alignment][INFO] - epoch 1200  train loss=0.4019  (rule: diffusion)
[2026-06-02 22:13:22,295][src.modRNN.training.alignment][INFO] -   align BPTT @ epoch 1201: cos {'ALIFCell_0.input_weights': '0.000', 'ALIFCell_0.recurrent_weights': '0.000', 'ReadOut_0.readout_weights': '0.000'}
[2026-06-02 22:13:23,307][src.modRNN.training.alignment][INFO] -   align eprop @ epoch 1201: cos {'ALIFCell_0.input_weights': '0.947', 'ALIFCell_0.recurrent_weights': '0.910', 'ReadOut_0.readout_weights': '0.000'}
[2026-06-02 22:13:24,590][src.modRNN.training.alignment][INFO] -   align diffusion_aligned @ epoch 1201: cos {'ALIFCell_0.input_weights': '0.958', 'ALIFCell_0.recurrent_weights': '0.872', 'ReadOut_0.readout_weights': '0.000'}
[2026-06-02 22:13:26,758][src.modRNN.training.alignment][INFO] -   align diffusion_per_step @ epoch 1201: cos {'ALIFCell_0.input_weights': '0.931', 'ALIFCell_0.recurrent_weights': '0.894', 'ReadOut_0.readout_weights': '0.000'}
[2026-06-02 22:13:28,019][src.modRNN.training.alignment][INFO] -   align diffusion_fixed @ epoch 1201: cos {'ALIFCell_0.input_weights': '0.959', 'ALIFCell_0.recurrent_weights': '0.900', 'ReadOut_0.readout_weights': '0.000'}
[2026-06-02 22:13:59,673][src.modRNN.training.alignment][INFO] - epoch 1225  train loss=0.3637  (rule: diffusion)
[2026-06-02 22:14:32,618][src.modRNN.training.alignment][INFO] - epoch 1250  train loss=0.3295  (rule: diffusion)
[2026-06-02 22:14:35,346][src.modRNN.training.alignment][INFO] -   align BPTT @ epoch 1251: cos {'ALIFCell_0.input_weights': '0.000', 'ALIFCell_0.recurrent_weights': '0.000', 'ReadOut_0.readout_weights': '0.000'}
[2026-06-02 22:14:36,353][src.modRNN.training.alignment][INFO] -   align eprop @ epoch 1251: cos {'ALIFCell_0.input_weights': '0.770', 'ALIFCell_0.recurrent_weights': '0.749', 'ReadOut_0.readout_weights': '0.000'}
[2026-06-02 22:14:37,633][src.modRNN.training.alignment][INFO] -   align diffusion_aligned @ epoch 1251: cos {'ALIFCell_0.input_weights': '0.944', 'ALIFCell_0.recurrent_weights': '0.801', 'ReadOut_0.readout_weights': '0.000'}
[2026-06-02 22:14:39,805][src.modRNN.training.alignment][INFO] -   align diffusion_per_step @ epoch 1251: cos {'ALIFCell_0.input_weights': '0.805', 'ALIFCell_0.recurrent_weights': '0.771', 'ReadOut_0.readout_weights': '0.000'}
[2026-06-02 22:14:41,068][src.modRNN.training.alignment][INFO] -   align diffusion_fixed @ epoch 1251: cos {'ALIFCell_0.input_weights': '0.796', 'ALIFCell_0.recurrent_weights': '0.783', 'ReadOut_0.readout_weights': '0.000'}
[2026-06-02 22:15:12,747][src.modRNN.training.alignment][INFO] - epoch 1275  train loss=0.3877  (rule: diffusion)
[2026-06-02 22:15:45,729][src.modRNN.training.alignment][INFO] - epoch 1300  train loss=0.3948  (rule: diffusion)
[2026-06-02 22:15:48,454][src.modRNN.training.alignment][INFO] -   align BPTT @ epoch 1301: cos {'ALIFCell_0.input_weights': '0.000', 'ALIFCell_0.recurrent_weights': '0.000', 'ReadOut_0.readout_weights': '0.000'}
[2026-06-02 22:15:49,455][src.modRNN.training.alignment][INFO] -   align eprop @ epoch 1301: cos {'ALIFCell_0.input_weights': '0.906', 'ALIFCell_0.recurrent_weights': '0.576', 'ReadOut_0.readout_weights': '0.000'}
[2026-06-02 22:15:50,737][src.modRNN.training.alignment][INFO] -   align diffusion_aligned @ epoch 1301: cos {'ALIFCell_0.input_weights': '0.832', 'ALIFCell_0.recurrent_weights': '0.763', 'ReadOut_0.readout_weights': '0.000'}
[2026-06-02 22:15:52,905][src.modRNN.training.alignment][INFO] -   align diffusion_per_step @ epoch 1301: cos {'ALIFCell_0.input_weights': '0.848', 'ALIFCell_0.recurrent_weights': '0.830', 'ReadOut_0.readout_weights': '0.000'}
[2026-06-02 22:15:54,163][src.modRNN.training.alignment][INFO] -   align diffusion_fixed @ epoch 1301: cos {'ALIFCell_0.input_weights': '0.842', 'ALIFCell_0.recurrent_weights': '0.780', 'ReadOut_0.readout_weights': '0.000'}
[2026-06-02 22:16:25,813][src.modRNN.training.alignment][INFO] - epoch 1325  train loss=0.2327  (rule: diffusion)
[2026-06-02 22:16:58,776][src.modRNN.training.alignment][INFO] - epoch 1350  train loss=0.4147  (rule: diffusion)
[2026-06-02 22:17:01,502][src.modRNN.training.alignment][INFO] -   align BPTT @ epoch 1351: cos {'ALIFCell_0.input_weights': '0.000', 'ALIFCell_0.recurrent_weights': '0.000', 'ReadOut_0.readout_weights': '0.000'}
[2026-06-02 22:17:02,507][src.modRNN.training.alignment][INFO] -   align eprop @ epoch 1351: cos {'ALIFCell_0.input_weights': '0.937', 'ALIFCell_0.recurrent_weights': '0.982', 'ReadOut_0.readout_weights': '0.000'}
[2026-06-02 22:17:03,786][src.modRNN.training.alignment][INFO] -   align diffusion_aligned @ epoch 1351: cos {'ALIFCell_0.input_weights': '0.902', 'ALIFCell_0.recurrent_weights': '1.069', 'ReadOut_0.readout_weights': '0.000'}
[2026-06-02 22:17:05,950][src.modRNN.training.alignment][INFO] -   align diffusion_per_step @ epoch 1351: cos {'ALIFCell_0.input_weights': '0.874', 'ALIFCell_0.recurrent_weights': '0.968', 'ReadOut_0.readout_weights': '0.000'}
[2026-06-02 22:17:07,209][src.modRNN.training.alignment][INFO] -   align diffusion_fixed @ epoch 1351: cos {'ALIFCell_0.input_weights': '0.865', 'ALIFCell_0.recurrent_weights': '0.954', 'ReadOut_0.readout_weights': '0.000'}
[2026-06-02 22:17:38,932][src.modRNN.training.alignment][INFO] - epoch 1375  train loss=0.3666  (rule: diffusion)
[2026-06-02 22:18:11,935][src.modRNN.training.alignment][INFO] - epoch 1400  train loss=0.2976  (rule: diffusion)
[2026-06-02 22:18:14,666][src.modRNN.training.alignment][INFO] -   align BPTT @ epoch 1401: cos {'ALIFCell_0.input_weights': '0.000', 'ALIFCell_0.recurrent_weights': '0.000', 'ReadOut_0.readout_weights': '0.000'}
[2026-06-02 22:18:15,664][src.modRNN.training.alignment][INFO] -   align eprop @ epoch 1401: cos {'ALIFCell_0.input_weights': '0.894', 'ALIFCell_0.recurrent_weights': '1.009', 'ReadOut_0.readout_weights': '0.000'}
[2026-06-02 22:18:16,955][src.modRNN.training.alignment][INFO] -   align diffusion_aligned @ epoch 1401: cos {'ALIFCell_0.input_weights': '0.881', 'ALIFCell_0.recurrent_weights': '1.224', 'ReadOut_0.readout_weights': '0.000'}
[2026-06-02 22:18:19,123][src.modRNN.training.alignment][INFO] -   align diffusion_per_step @ epoch 1401: cos {'ALIFCell_0.input_weights': '0.701', 'ALIFCell_0.recurrent_weights': '0.998', 'ReadOut_0.readout_weights': '0.000'}
[2026-06-02 22:18:20,384][src.modRNN.training.alignment][INFO] -   align diffusion_fixed @ epoch 1401: cos {'ALIFCell_0.input_weights': '0.783', 'ALIFCell_0.recurrent_weights': '1.004', 'ReadOut_0.readout_weights': '0.000'}
[2026-06-02 22:18:52,167][src.modRNN.training.alignment][INFO] - epoch 1425  train loss=0.2691  (rule: diffusion)
[2026-06-02 22:19:25,278][src.modRNN.training.alignment][INFO] - epoch 1450  train loss=0.3149  (rule: diffusion)
[2026-06-02 22:19:28,007][src.modRNN.training.alignment][INFO] -   align BPTT @ epoch 1451: cos {'ALIFCell_0.input_weights': '0.000', 'ALIFCell_0.recurrent_weights': '0.000', 'ReadOut_0.readout_weights': '0.000'}
[2026-06-02 22:19:29,008][src.modRNN.training.alignment][INFO] -   align eprop @ epoch 1451: cos {'ALIFCell_0.input_weights': '1.088', 'ALIFCell_0.recurrent_weights': '0.896', 'ReadOut_0.readout_weights': '0.000'}
[2026-06-02 22:19:30,289][src.modRNN.training.alignment][INFO] -   align diffusion_aligned @ epoch 1451: cos {'ALIFCell_0.input_weights': '1.086', 'ALIFCell_0.recurrent_weights': '0.979', 'ReadOut_0.readout_weights': '0.000'}
[2026-06-02 22:19:32,453][src.modRNN.training.alignment][INFO] -   align diffusion_per_step @ epoch 1451: cos {'ALIFCell_0.input_weights': '1.002', 'ALIFCell_0.recurrent_weights': '0.995', 'ReadOut_0.readout_weights': '0.000'}
[2026-06-02 22:19:33,716][src.modRNN.training.alignment][INFO] -   align diffusion_fixed @ epoch 1451: cos {'ALIFCell_0.input_weights': '1.031', 'ALIFCell_0.recurrent_weights': '0.988', 'ReadOut_0.readout_weights': '0.000'}
[2026-06-02 22:20:05,408][src.modRNN.training.alignment][INFO] - epoch 1475  train loss=0.4366  (rule: diffusion)
[2026-06-02 22:20:38,492][src.modRNN.training.alignment][INFO] - epoch 1500  train loss=0.4345  (rule: diffusion)
[2026-06-02 22:20:41,223][src.modRNN.training.alignment][INFO] -   align BPTT @ epoch 1501: cos {'ALIFCell_0.input_weights': '0.000', 'ALIFCell_0.recurrent_weights': '0.000', 'ReadOut_0.readout_weights': '0.000'}
[2026-06-02 22:20:42,226][src.modRNN.training.alignment][INFO] -   align eprop @ epoch 1501: cos {'ALIFCell_0.input_weights': '0.503', 'ALIFCell_0.recurrent_weights': '0.825', 'ReadOut_0.readout_weights': '0.000'}
[2026-06-02 22:20:43,503][src.modRNN.training.alignment][INFO] -   align diffusion_aligned @ epoch 1501: cos {'ALIFCell_0.input_weights': '0.453', 'ALIFCell_0.recurrent_weights': '1.089', 'ReadOut_0.readout_weights': '0.000'}
[2026-06-02 22:20:45,672][src.modRNN.training.alignment][INFO] -   align diffusion_per_step @ epoch 1501: cos {'ALIFCell_0.input_weights': '0.420', 'ALIFCell_0.recurrent_weights': '0.944', 'ReadOut_0.readout_weights': '0.000'}
[2026-06-02 22:20:46,934][src.modRNN.training.alignment][INFO] -   align diffusion_fixed @ epoch 1501: cos {'ALIFCell_0.input_weights': '0.472', 'ALIFCell_0.recurrent_weights': '1.047', 'ReadOut_0.readout_weights': '0.000'}
[2026-06-02 22:21:18,593][src.modRNN.training.alignment][INFO] - epoch 1525  train loss=0.4010  (rule: diffusion)
[2026-06-02 22:21:51,522][src.modRNN.training.alignment][INFO] - epoch 1550  train loss=0.7261  (rule: diffusion)
[2026-06-02 22:21:54,251][src.modRNN.training.alignment][INFO] -   align BPTT @ epoch 1551: cos {'ALIFCell_0.input_weights': '0.000', 'ALIFCell_0.recurrent_weights': '0.000', 'ReadOut_0.readout_weights': '0.000'}
[2026-06-02 22:21:55,255][src.modRNN.training.alignment][INFO] -   align eprop @ epoch 1551: cos {'ALIFCell_0.input_weights': '0.633', 'ALIFCell_0.recurrent_weights': '1.020', 'ReadOut_0.readout_weights': '0.000'}
[2026-06-02 22:21:56,537][src.modRNN.training.alignment][INFO] -   align diffusion_aligned @ epoch 1551: cos {'ALIFCell_0.input_weights': '0.645', 'ALIFCell_0.recurrent_weights': '1.151', 'ReadOut_0.readout_weights': '0.000'}
[2026-06-02 22:21:58,705][src.modRNN.training.alignment][INFO] -   align diffusion_per_step @ epoch 1551: cos {'ALIFCell_0.input_weights': '0.636', 'ALIFCell_0.recurrent_weights': '1.006', 'ReadOut_0.readout_weights': '0.000'}
[2026-06-02 22:21:59,968][src.modRNN.training.alignment][INFO] -   align diffusion_fixed @ epoch 1551: cos {'ALIFCell_0.input_weights': '0.698', 'ALIFCell_0.recurrent_weights': '1.001', 'ReadOut_0.readout_weights': '0.000'}
[2026-06-02 22:22:31,614][src.modRNN.training.alignment][INFO] - epoch 1575  train loss=0.5123  (rule: diffusion)
[2026-06-02 22:23:04,584][src.modRNN.training.alignment][INFO] - epoch 1600  train loss=0.5224  (rule: diffusion)
[2026-06-02 22:23:07,311][src.modRNN.training.alignment][INFO] -   align BPTT @ epoch 1601: cos {'ALIFCell_0.input_weights': '0.000', 'ALIFCell_0.recurrent_weights': '0.000', 'ReadOut_0.readout_weights': '0.000'}
[2026-06-02 22:23:08,314][src.modRNN.training.alignment][INFO] -   align eprop @ epoch 1601: cos {'ALIFCell_0.input_weights': '0.828', 'ALIFCell_0.recurrent_weights': '0.866', 'ReadOut_0.readout_weights': '0.000'}
[2026-06-02 22:23:09,594][src.modRNN.training.alignment][INFO] -   align diffusion_aligned @ epoch 1601: cos {'ALIFCell_0.input_weights': '0.742', 'ALIFCell_0.recurrent_weights': '0.935', 'ReadOut_0.readout_weights': '0.000'}
[2026-06-02 22:23:11,756][src.modRNN.training.alignment][INFO] -   align diffusion_per_step @ epoch 1601: cos {'ALIFCell_0.input_weights': '0.708', 'ALIFCell_0.recurrent_weights': '0.898', 'ReadOut_0.readout_weights': '0.000'}
[2026-06-02 22:23:13,020][src.modRNN.training.alignment][INFO] -   align diffusion_fixed @ epoch 1601: cos {'ALIFCell_0.input_weights': '0.755', 'ALIFCell_0.recurrent_weights': '0.896', 'ReadOut_0.readout_weights': '0.000'}
[2026-06-02 22:23:44,639][src.modRNN.training.alignment][INFO] - epoch 1625  train loss=0.3274  (rule: diffusion)
[2026-06-02 22:24:17,626][src.modRNN.training.alignment][INFO] - epoch 1650  train loss=0.4106  (rule: diffusion)
[2026-06-02 22:24:20,353][src.modRNN.training.alignment][INFO] -   align BPTT @ epoch 1651: cos {'ALIFCell_0.input_weights': '0.000', 'ALIFCell_0.recurrent_weights': '0.000', 'ReadOut_0.readout_weights': '0.000'}
[2026-06-02 22:24:21,358][src.modRNN.training.alignment][INFO] -   align eprop @ epoch 1651: cos {'ALIFCell_0.input_weights': '0.668', 'ALIFCell_0.recurrent_weights': '0.799', 'ReadOut_0.readout_weights': '0.000'}
[2026-06-02 22:24:22,640][src.modRNN.training.alignment][INFO] -   align diffusion_aligned @ epoch 1651: cos {'ALIFCell_0.input_weights': '0.704', 'ALIFCell_0.recurrent_weights': '0.840', 'ReadOut_0.readout_weights': '0.000'}
[2026-06-02 22:24:24,807][src.modRNN.training.alignment][INFO] -   align diffusion_per_step @ epoch 1651: cos {'ALIFCell_0.input_weights': '0.676', 'ALIFCell_0.recurrent_weights': '0.914', 'ReadOut_0.readout_weights': '0.000'}
[2026-06-02 22:24:26,067][src.modRNN.training.alignment][INFO] -   align diffusion_fixed @ epoch 1651: cos {'ALIFCell_0.input_weights': '0.640', 'ALIFCell_0.recurrent_weights': '0.831', 'ReadOut_0.readout_weights': '0.000'}
[2026-06-02 22:24:57,757][src.modRNN.training.alignment][INFO] - epoch 1675  train loss=0.4692  (rule: diffusion)
[2026-06-02 22:25:30,813][src.modRNN.training.alignment][INFO] - epoch 1700  train loss=0.4253  (rule: diffusion)
[2026-06-02 22:25:33,539][src.modRNN.training.alignment][INFO] -   align BPTT @ epoch 1701: cos {'ALIFCell_0.input_weights': '0.000', 'ALIFCell_0.recurrent_weights': '0.000', 'ReadOut_0.readout_weights': '0.000'}
[2026-06-02 22:25:34,548][src.modRNN.training.alignment][INFO] -   align eprop @ epoch 1701: cos {'ALIFCell_0.input_weights': '0.705', 'ALIFCell_0.recurrent_weights': '0.987', 'ReadOut_0.readout_weights': '0.000'}
[2026-06-02 22:25:35,830][src.modRNN.training.alignment][INFO] -   align diffusion_aligned @ epoch 1701: cos {'ALIFCell_0.input_weights': '0.597', 'ALIFCell_0.recurrent_weights': '1.034', 'ReadOut_0.readout_weights': '0.000'}
[2026-06-02 22:25:37,999][src.modRNN.training.alignment][INFO] -   align diffusion_per_step @ epoch 1701: cos {'ALIFCell_0.input_weights': '0.764', 'ALIFCell_0.recurrent_weights': '1.066', 'ReadOut_0.readout_weights': '0.000'}
[2026-06-02 22:25:39,263][src.modRNN.training.alignment][INFO] -   align diffusion_fixed @ epoch 1701: cos {'ALIFCell_0.input_weights': '0.754', 'ALIFCell_0.recurrent_weights': '1.018', 'ReadOut_0.readout_weights': '0.000'}
[2026-06-02 22:26:10,993][src.modRNN.training.alignment][INFO] - epoch 1725  train loss=0.3586  (rule: diffusion)
[2026-06-02 22:26:44,052][src.modRNN.training.alignment][INFO] - epoch 1750  train loss=0.3803  (rule: diffusion)
[2026-06-02 22:26:46,788][src.modRNN.training.alignment][INFO] -   align BPTT @ epoch 1751: cos {'ALIFCell_0.input_weights': '0.000', 'ALIFCell_0.recurrent_weights': '0.000', 'ReadOut_0.readout_weights': '0.000'}
[2026-06-02 22:26:47,799][src.modRNN.training.alignment][INFO] -   align eprop @ epoch 1751: cos {'ALIFCell_0.input_weights': '0.712', 'ALIFCell_0.recurrent_weights': '0.877', 'ReadOut_0.readout_weights': '0.000'}
[2026-06-02 22:26:49,087][src.modRNN.training.alignment][INFO] -   align diffusion_aligned @ epoch 1751: cos {'ALIFCell_0.input_weights': '0.619', 'ALIFCell_0.recurrent_weights': '0.877', 'ReadOut_0.readout_weights': '0.000'}
[2026-06-02 22:26:51,269][src.modRNN.training.alignment][INFO] -   align diffusion_per_step @ epoch 1751: cos {'ALIFCell_0.input_weights': '0.645', 'ALIFCell_0.recurrent_weights': '0.912', 'ReadOut_0.readout_weights': '0.000'}
[2026-06-02 22:26:52,543][src.modRNN.training.alignment][INFO] -   align diffusion_fixed @ epoch 1751: cos {'ALIFCell_0.input_weights': '0.672', 'ALIFCell_0.recurrent_weights': '0.932', 'ReadOut_0.readout_weights': '0.000'}
[2026-06-02 22:27:24,310][src.modRNN.training.alignment][INFO] - epoch 1775  train loss=0.3334  (rule: diffusion)
[2026-06-02 22:27:57,356][src.modRNN.training.alignment][INFO] - epoch 1800  train loss=0.3683  (rule: diffusion)
[2026-06-02 22:28:00,095][src.modRNN.training.alignment][INFO] -   align BPTT @ epoch 1801: cos {'ALIFCell_0.input_weights': '0.000', 'ALIFCell_0.recurrent_weights': '0.000', 'ReadOut_0.readout_weights': '0.000'}
[2026-06-02 22:28:01,104][src.modRNN.training.alignment][INFO] -   align eprop @ epoch 1801: cos {'ALIFCell_0.input_weights': '0.740', 'ALIFCell_0.recurrent_weights': '1.037', 'ReadOut_0.readout_weights': '0.000'}
[2026-06-02 22:28:02,391][src.modRNN.training.alignment][INFO] -   align diffusion_aligned @ epoch 1801: cos {'ALIFCell_0.input_weights': '0.793', 'ALIFCell_0.recurrent_weights': '1.038', 'ReadOut_0.readout_weights': '0.000'}
[2026-06-02 22:28:04,565][src.modRNN.training.alignment][INFO] -   align diffusion_per_step @ epoch 1801: cos {'ALIFCell_0.input_weights': '0.676', 'ALIFCell_0.recurrent_weights': '0.975', 'ReadOut_0.readout_weights': '0.000'}
[2026-06-02 22:28:05,835][src.modRNN.training.alignment][INFO] -   align diffusion_fixed @ epoch 1801: cos {'ALIFCell_0.input_weights': '0.757', 'ALIFCell_0.recurrent_weights': '0.991', 'ReadOut_0.readout_weights': '0.000'}
[2026-06-02 22:28:37,661][src.modRNN.training.alignment][INFO] - epoch 1825  train loss=0.3111  (rule: diffusion)
[2026-06-02 22:29:10,799][src.modRNN.training.alignment][INFO] - epoch 1850  train loss=0.3402  (rule: diffusion)
[2026-06-02 22:29:13,535][src.modRNN.training.alignment][INFO] -   align BPTT @ epoch 1851: cos {'ALIFCell_0.input_weights': '0.000', 'ALIFCell_0.recurrent_weights': '0.000', 'ReadOut_0.readout_weights': '0.000'}
[2026-06-02 22:29:14,548][src.modRNN.training.alignment][INFO] -   align eprop @ epoch 1851: cos {'ALIFCell_0.input_weights': '0.634', 'ALIFCell_0.recurrent_weights': '0.804', 'ReadOut_0.readout_weights': '0.000'}
[2026-06-02 22:29:15,833][src.modRNN.training.alignment][INFO] -   align diffusion_aligned @ epoch 1851: cos {'ALIFCell_0.input_weights': '0.578', 'ALIFCell_0.recurrent_weights': '1.004', 'ReadOut_0.readout_weights': '0.000'}
[2026-06-02 22:29:18,005][src.modRNN.training.alignment][INFO] -   align diffusion_per_step @ epoch 1851: cos {'ALIFCell_0.input_weights': '0.630', 'ALIFCell_0.recurrent_weights': '0.917', 'ReadOut_0.readout_weights': '0.000'}
[2026-06-02 22:29:19,272][src.modRNN.training.alignment][INFO] -   align diffusion_fixed @ epoch 1851: cos {'ALIFCell_0.input_weights': '0.634', 'ALIFCell_0.recurrent_weights': '0.837', 'ReadOut_0.readout_weights': '0.000'}
[2026-06-02 22:29:51,059][src.modRNN.training.alignment][INFO] - epoch 1875  train loss=0.2830  (rule: diffusion)
[2026-06-02 22:30:24,109][src.modRNN.training.alignment][INFO] - epoch 1900  train loss=0.5062  (rule: diffusion)
[2026-06-02 22:30:26,835][src.modRNN.training.alignment][INFO] -   align BPTT @ epoch 1901: cos {'ALIFCell_0.input_weights': '0.000', 'ALIFCell_0.recurrent_weights': '0.000', 'ReadOut_0.readout_weights': '0.000'}
[2026-06-02 22:30:27,836][src.modRNN.training.alignment][INFO] -   align eprop @ epoch 1901: cos {'ALIFCell_0.input_weights': '0.616', 'ALIFCell_0.recurrent_weights': '0.829', 'ReadOut_0.readout_weights': '0.000'}
[2026-06-02 22:30:29,118][src.modRNN.training.alignment][INFO] -   align diffusion_aligned @ epoch 1901: cos {'ALIFCell_0.input_weights': '0.568', 'ALIFCell_0.recurrent_weights': '0.952', 'ReadOut_0.readout_weights': '0.000'}
[2026-06-02 22:30:31,287][src.modRNN.training.alignment][INFO] -   align diffusion_per_step @ epoch 1901: cos {'ALIFCell_0.input_weights': '0.568', 'ALIFCell_0.recurrent_weights': '0.924', 'ReadOut_0.readout_weights': '0.000'}
[2026-06-02 22:30:32,548][src.modRNN.training.alignment][INFO] -   align diffusion_fixed @ epoch 1901: cos {'ALIFCell_0.input_weights': '0.579', 'ALIFCell_0.recurrent_weights': '0.851', 'ReadOut_0.readout_weights': '0.000'}
[2026-06-02 22:31:04,244][src.modRNN.training.alignment][INFO] - epoch 1925  train loss=0.3915  (rule: diffusion)
[2026-06-02 22:31:37,244][src.modRNN.training.alignment][INFO] - epoch 1950  train loss=0.3650  (rule: diffusion)
[2026-06-02 22:31:39,968][src.modRNN.training.alignment][INFO] -   align BPTT @ epoch 1951: cos {'ALIFCell_0.input_weights': '0.000', 'ALIFCell_0.recurrent_weights': '0.000', 'ReadOut_0.readout_weights': '0.000'}
[2026-06-02 22:31:40,976][src.modRNN.training.alignment][INFO] -   align eprop @ epoch 1951: cos {'ALIFCell_0.input_weights': '0.650', 'ALIFCell_0.recurrent_weights': '0.890', 'ReadOut_0.readout_weights': '0.000'}
[2026-06-02 22:31:42,256][src.modRNN.training.alignment][INFO] -   align diffusion_aligned @ epoch 1951: cos {'ALIFCell_0.input_weights': '0.542', 'ALIFCell_0.recurrent_weights': '0.904', 'ReadOut_0.readout_weights': '0.000'}
[2026-06-02 22:31:44,422][src.modRNN.training.alignment][INFO] -   align diffusion_per_step @ epoch 1951: cos {'ALIFCell_0.input_weights': '0.577', 'ALIFCell_0.recurrent_weights': '0.880', 'ReadOut_0.readout_weights': '0.000'}
[2026-06-02 22:31:45,686][src.modRNN.training.alignment][INFO] -   align diffusion_fixed @ epoch 1951: cos {'ALIFCell_0.input_weights': '0.573', 'ALIFCell_0.recurrent_weights': '0.814', 'ReadOut_0.readout_weights': '0.000'}
[2026-06-02 22:32:17,383][src.modRNN.training.alignment][INFO] - epoch 1975  train loss=0.3374  (rule: diffusion)
[2026-06-02 22:32:50,369][src.modRNN.training.alignment][INFO] - epoch 2000  train loss=0.2395  (rule: diffusion)
[2026-06-02 22:32:53,097][src.modRNN.training.alignment][INFO] -   align BPTT @ epoch 2001: cos {'ALIFCell_0.input_weights': '0.000', 'ALIFCell_0.recurrent_weights': '0.000', 'ReadOut_0.readout_weights': '0.000'}
[2026-06-02 22:32:54,108][src.modRNN.training.alignment][INFO] -   align eprop @ epoch 2001: cos {'ALIFCell_0.input_weights': '0.654', 'ALIFCell_0.recurrent_weights': '0.911', 'ReadOut_0.readout_weights': '0.000'}
[2026-06-02 22:32:55,391][src.modRNN.training.alignment][INFO] -   align diffusion_aligned @ epoch 2001: cos {'ALIFCell_0.input_weights': '0.527', 'ALIFCell_0.recurrent_weights': '0.832', 'ReadOut_0.readout_weights': '0.000'}
[2026-06-02 22:32:57,556][src.modRNN.training.alignment][INFO] -   align diffusion_per_step @ epoch 2001: cos {'ALIFCell_0.input_weights': '0.547', 'ALIFCell_0.recurrent_weights': '0.850', 'ReadOut_0.readout_weights': '0.000'}
[2026-06-02 22:32:58,818][src.modRNN.training.alignment][INFO] -   align diffusion_fixed @ epoch 2001: cos {'ALIFCell_0.input_weights': '0.555', 'ALIFCell_0.recurrent_weights': '0.897', 'ReadOut_0.readout_weights': '0.000'}
[2026-06-02 22:32:58,874][src.modRNN.training.alignment][INFO] - Alignment experiment finished. Output dir: /mnt/lustre/work/martius/mot736/neuromodRNN/outputs/cue_accumulation/align_nn_connectivity_diffusion_fixed/seed_956
